Attaching 15 probes...
=== Attaching XNNPACK operator-level detailed logging ===
[===============================================]
Result of node_idx 0 in node_object 0: Static Reshape (NC)

-- Elapsed Time Analysis --
 Wall-clock Time                      : 200 us
 - Non I/O Handling Time (Estimated)  : 199 us
 - I/O Handling Time                  : 1 us
        - Read Syscall                : 0 us
        - Write Syscall               : 0 us
        - Page Fault                  : 1 us
        - io_uring                    : 0 us

-- I/O Counts --
 Read Syscall Count                   : 151
 Write Syscall Count                  : 16
 Block I/O Count                      : 0
 io_uring Completion Count            : 0

-- Total I/O Time (block device) --
 Total Block I/O Time           : 0

-- Page Faults & Bytes --
 Page Fault Count               : 1
 Read Bytes                     : 0
 Write Bytes                    : 0
 Block Read Bytes               : 0
 Block Write Bytes              : 0
[===============================================]

[===============================================]
Result of node_idx 1 in node_object 0: Multiply (ND)

-- Elapsed Time Analysis --
 Wall-clock Time                      : 759 us
 - Non I/O Handling Time (Estimated)  : 53 us
 - I/O Handling Time                  : 706 us
        - Read Syscall                : 0 us
        - Write Syscall               : 0 us
        - Page Fault                  : 706 us
        - io_uring                    : 0 us

-- I/O Counts --
 Read Syscall Count                   : 0
 Write Syscall Count                  : 0
 Block I/O Count                      : 2
 io_uring Completion Count            : 0

-- Total I/O Time (block device) --
 Total Block I/O Time           : 1805

-- Page Faults & Bytes --
 Page Fault Count               : 2
 Read Bytes                     : 0
 Write Bytes                    : 0
 Block Read Bytes               : 163840
 Block Write Bytes              : 0
[===============================================]

[===============================================]
Result of node_idx 2 in node_object 0: Cosine (NC)

-- Elapsed Time Analysis --
 Wall-clock Time                      : 654 us
 - Non I/O Handling Time (Estimated)  : 10 us
 - I/O Handling Time                  : 644 us
        - Read Syscall                : 0 us
        - Write Syscall               : 0 us
        - Page Fault                  : 644 us
        - io_uring                    : 0 us

-- I/O Counts --
 Read Syscall Count                   : 0
 Write Syscall Count                  : 0
 Block I/O Count                      : 1
 io_uring Completion Count            : 0

-- Total I/O Time (block device) --
 Total Block I/O Time           : 611

-- Page Faults & Bytes --
 Page Fault Count               : 2
 Read Bytes                     : 0
 Write Bytes                    : 0
 Block Read Bytes               : 73728
 Block Write Bytes              : 0
[===============================================]

[===============================================]
Result of node_idx 3 in node_object 0: Sine (NC)

-- Elapsed Time Analysis --
 Wall-clock Time                      : 5 us
 - Non I/O Handling Time (Estimated)  : 5 us
 - I/O Handling Time                  : 0 us
        - Read Syscall                : 0 us
        - Write Syscall               : 0 us
        - Page Fault                  : 0 us
        - io_uring                    : 0 us

-- I/O Counts --
 Read Syscall Count                   : 0
 Write Syscall Count                  : 0
 Block I/O Count                      : 0
 io_uring Completion Count            : 0

-- Total I/O Time (block device) --
 Total Block I/O Time           : 0

-- Page Faults & Bytes --
 Page Fault Count               : 0
 Read Bytes                     : 0
 Write Bytes                    : 0
 Block Read Bytes               : 0
 Block Write Bytes              : 0
[===============================================]

[===============================================]
Result of node_idx 4 in node_object 0: Static Reshape (NC)

-- Elapsed Time Analysis --
 Wall-clock Time                      : 135 us
 - Non I/O Handling Time (Estimated)  : 133 us
 - I/O Handling Time                  : 2 us
        - Read Syscall                : 0 us
        - Write Syscall               : 0 us
        - Page Fault                  : 2 us
        - io_uring                    : 0 us

-- I/O Counts --
 Read Syscall Count                   : 0
 Write Syscall Count                  : 0
 Block I/O Count                      : 0
 io_uring Completion Count            : 0

-- Total I/O Time (block device) --
 Total Block I/O Time           : 0

-- Page Faults & Bytes --
 Page Fault Count               : 1
 Read Bytes                     : 0
 Write Bytes                    : 0
 Block Read Bytes               : 0
 Block Write Bytes              : 0
[===============================================]

[===============================================]
Result of node_idx 0 in node_object 0: Multiply (ND)

-- Elapsed Time Analysis --
 Wall-clock Time                      : 96 us
 - Non I/O Handling Time (Estimated)  : 96 us
 - I/O Handling Time                  : 0 us
        - Read Syscall                : 0 us
        - Write Syscall               : 0 us
        - Page Fault                  : 0 us
        - io_uring                    : 0 us

-- I/O Counts --
 Read Syscall Count                   : 0
 Write Syscall Count                  : 0
 Block I/O Count                      : 0
 io_uring Completion Count            : 0

-- Total I/O Time (block device) --
 Total Block I/O Time           : 0

-- Page Faults & Bytes --
 Page Fault Count               : 0
 Read Bytes                     : 0
 Write Bytes                    : 0
 Block Read Bytes               : 0
 Block Write Bytes              : 0
[===============================================]

[===============================================]
Result of node_idx 1 in node_object 0: Sum (ND)

-- Elapsed Time Analysis --
 Wall-clock Time                      : 100 us
 - Non I/O Handling Time (Estimated)  : 100 us
 - I/O Handling Time                  : 0 us
        - Read Syscall                : 0 us
        - Write Syscall               : 0 us
        - Page Fault                  : 0 us
        - io_uring                    : 0 us

-- I/O Counts --
 Read Syscall Count                   : 0
 Write Syscall Count                  : 0
 Block I/O Count                      : 0
 io_uring Completion Count            : 0

-- Total I/O Time (block device) --
 Total Block I/O Time           : 0

-- Page Faults & Bytes --
 Page Fault Count               : 0
 Read Bytes                     : 0
 Write Bytes                    : 0
 Block Read Bytes               : 0
 Block Write Bytes              : 0
[===============================================]

[===============================================]
Result of node_idx 2 in node_object 0: Multiply (ND)

-- Elapsed Time Analysis --
 Wall-clock Time                      : 4 us
 - Non I/O Handling Time (Estimated)  : 4 us
 - I/O Handling Time                  : 0 us
        - Read Syscall                : 0 us
        - Write Syscall               : 0 us
        - Page Fault                  : 0 us
        - io_uring                    : 0 us

-- I/O Counts --
 Read Syscall Count                   : 0
 Write Syscall Count                  : 0
 Block I/O Count                      : 0
 io_uring Completion Count            : 0

-- Total I/O Time (block device) --
 Total Block I/O Time           : 0

-- Page Faults & Bytes --
 Page Fault Count               : 0
 Read Bytes                     : 0
 Write Bytes                    : 0
 Block Read Bytes               : 0
 Block Write Bytes              : 0
[===============================================]

[===============================================]
Result of node_idx 3 in node_object 0: Add (ND)

-- Elapsed Time Analysis --
 Wall-clock Time                      : 3 us
 - Non I/O Handling Time (Estimated)  : 3 us
 - I/O Handling Time                  : 0 us
        - Read Syscall                : 0 us
        - Write Syscall               : 0 us
        - Page Fault                  : 0 us
        - io_uring                    : 0 us

-- I/O Counts --
 Read Syscall Count                   : 0
 Write Syscall Count                  : 0
 Block I/O Count                      : 0
 io_uring Completion Count            : 0

-- Total I/O Time (block device) --
 Total Block I/O Time           : 0

-- Page Faults & Bytes --
 Page Fault Count               : 0
 Read Bytes                     : 0
 Write Bytes                    : 0
 Block Read Bytes               : 0
 Block Write Bytes              : 0
[===============================================]

[===============================================]
Result of node_idx 4 in node_object 0: Static Reshape (NC)

-- Elapsed Time Analysis --
 Wall-clock Time                      : 2 us
 - Non I/O Handling Time (Estimated)  : 2 us
 - I/O Handling Time                  : 0 us
        - Read Syscall                : 0 us
        - Write Syscall               : 0 us
        - Page Fault                  : 0 us
        - io_uring                    : 0 us

-- I/O Counts --
 Read Syscall Count                   : 0
 Write Syscall Count                  : 0
 Block I/O Count                      : 0
 io_uring Completion Count            : 0

-- Total I/O Time (block device) --
 Total Block I/O Time           : 0

-- Page Faults & Bytes --
 Page Fault Count               : 0
 Read Bytes                     : 0
 Write Bytes                    : 0
 Block Read Bytes               : 0
 Block Write Bytes              : 0
[===============================================]

[===============================================]
Result of node_idx 5 in node_object 0: Reciprocal Square Root (NC)

-- Elapsed Time Analysis --
 Wall-clock Time                      : 3 us
 - Non I/O Handling Time (Estimated)  : 3 us
 - I/O Handling Time                  : 0 us
        - Read Syscall                : 0 us
        - Write Syscall               : 0 us
        - Page Fault                  : 0 us
        - io_uring                    : 0 us

-- I/O Counts --
 Read Syscall Count                   : 0
 Write Syscall Count                  : 0
 Block I/O Count                      : 0
 io_uring Completion Count            : 0

-- Total I/O Time (block device) --
 Total Block I/O Time           : 0

-- Page Faults & Bytes --
 Page Fault Count               : 0
 Read Bytes                     : 0
 Write Bytes                    : 0
 Block Read Bytes               : 0
 Block Write Bytes              : 0
[===============================================]

[===============================================]
Result of node_idx 6 in node_object 0: Multiply (ND)

-- Elapsed Time Analysis --
 Wall-clock Time                      : 109 us
 - Non I/O Handling Time (Estimated)  : 109 us
 - I/O Handling Time                  : 0 us
        - Read Syscall                : 0 us
        - Write Syscall               : 0 us
        - Page Fault                  : 0 us
        - io_uring                    : 0 us

-- I/O Counts --
 Read Syscall Count                   : 0
 Write Syscall Count                  : 0
 Block I/O Count                      : 0
 io_uring Completion Count            : 0

-- Total I/O Time (block device) --
 Total Block I/O Time           : 0

-- Page Faults & Bytes --
 Page Fault Count               : 0
 Read Bytes                     : 0
 Write Bytes                    : 0
 Block Read Bytes               : 0
 Block Write Bytes              : 0
[===============================================]

[===============================================]
Result of node_idx 7 in node_object 0: Multiply (ND)

-- Elapsed Time Analysis --
 Wall-clock Time                      : 15 us
 - Non I/O Handling Time (Estimated)  : 15 us
 - I/O Handling Time                  : 0 us
        - Read Syscall                : 0 us
        - Write Syscall               : 0 us
        - Page Fault                  : 0 us
        - io_uring                    : 0 us

-- I/O Counts --
 Read Syscall Count                   : 0
 Write Syscall Count                  : 0
 Block I/O Count                      : 0
 io_uring Completion Count            : 0

-- Total I/O Time (block device) --
 Total Block I/O Time           : 0

-- Page Faults & Bytes --
 Page Fault Count               : 0
 Read Bytes                     : 0
 Write Bytes                    : 0
 Block Read Bytes               : 0
 Block Write Bytes              : 0
[===============================================]

[===============================================]
Result of node_idx 0 in node_object 0: Fully Connected (NC, QDU8, F32, QC8W)

-- Elapsed Time Analysis --
 Wall-clock Time                      : 2012 us
 - Non I/O Handling Time (Estimated)  : 966 us
 - I/O Handling Time                  : 1046 us
        - Read Syscall                : 0 us
        - Write Syscall               : 0 us
        - Page Fault                  : 1046 us
        - io_uring                    : 0 us

-- I/O Counts --
 Read Syscall Count                   : 0
 Write Syscall Count                  : 0
 Block I/O Count                      : 2
 io_uring Completion Count            : 0

-- Total I/O Time (block device) --
 Total Block I/O Time           : 1397

-- Page Faults & Bytes --
 Page Fault Count               : 4
 Read Bytes                     : 0
 Write Bytes                    : 0
 Block Read Bytes               : 61440
 Block Write Bytes              : 0
[===============================================]

[===============================================]
Result of node_idx 1 in node_object 0: Static Reshape (NC)

-- Elapsed Time Analysis --
 Wall-clock Time                      : 96 us
 - Non I/O Handling Time (Estimated)  : 96 us
 - I/O Handling Time                  : 0 us
        - Read Syscall                : 0 us
        - Write Syscall               : 0 us
        - Page Fault                  : 0 us
        - io_uring                    : 0 us

-- I/O Counts --
 Read Syscall Count                   : 0
 Write Syscall Count                  : 0
 Block I/O Count                      : 0
 io_uring Completion Count            : 0

-- Total I/O Time (block device) --
 Total Block I/O Time           : 0

-- Page Faults & Bytes --
 Page Fault Count               : 0
 Read Bytes                     : 0
 Write Bytes                    : 0
 Block Read Bytes               : 0
 Block Write Bytes              : 0
[===============================================]

[===============================================]
Result of node_idx 2 in node_object 0: Slice (ND, X32)

-- Elapsed Time Analysis --
 Wall-clock Time                      : 104 us
 - Non I/O Handling Time (Estimated)  : 104 us
 - I/O Handling Time                  : 0 us
        - Read Syscall                : 0 us
        - Write Syscall               : 0 us
        - Page Fault                  : 0 us
        - io_uring                    : 0 us

-- I/O Counts --
 Read Syscall Count                   : 0
 Write Syscall Count                  : 0
 Block I/O Count                      : 0
 io_uring Completion Count            : 0

-- Total I/O Time (block device) --
 Total Block I/O Time           : 0

-- Page Faults & Bytes --
 Page Fault Count               : 0
 Read Bytes                     : 0
 Write Bytes                    : 0
 Block Read Bytes               : 0
 Block Write Bytes              : 0
[===============================================]

[===============================================]
Result of node_idx 3 in node_object 0: Slice (ND, X32)

-- Elapsed Time Analysis --
 Wall-clock Time                      : 110 us
 - Non I/O Handling Time (Estimated)  : 110 us
 - I/O Handling Time                  : 0 us
        - Read Syscall                : 0 us
        - Write Syscall               : 0 us
        - Page Fault                  : 0 us
        - io_uring                    : 0 us

-- I/O Counts --
 Read Syscall Count                   : 0
 Write Syscall Count                  : 0
 Block I/O Count                      : 0
 io_uring Completion Count            : 0

-- Total I/O Time (block device) --
 Total Block I/O Time           : 0

-- Page Faults & Bytes --
 Page Fault Count               : 0
 Read Bytes                     : 0
 Write Bytes                    : 0
 Block Read Bytes               : 0
 Block Write Bytes              : 0
[===============================================]

[===============================================]
Result of node_idx 4 in node_object 0: Slice (ND, X32)

-- Elapsed Time Analysis --
 Wall-clock Time                      : 112 us
 - Non I/O Handling Time (Estimated)  : 112 us
 - I/O Handling Time                  : 0 us
        - Read Syscall                : 0 us
        - Write Syscall               : 0 us
        - Page Fault                  : 0 us
        - io_uring                    : 0 us

-- I/O Counts --
 Read Syscall Count                   : 0
 Write Syscall Count                  : 0
 Block I/O Count                      : 0
 io_uring Completion Count            : 0

-- Total I/O Time (block device) --
 Total Block I/O Time           : 0

-- Page Faults & Bytes --
 Page Fault Count               : 0
 Read Bytes                     : 0
 Write Bytes                    : 0
 Block Read Bytes               : 0
 Block Write Bytes              : 0
[===============================================]

[===============================================]
Result of node_idx 5 in node_object 0: Static Reshape (NC)

-- Elapsed Time Analysis --
 Wall-clock Time                      : 8 us
 - Non I/O Handling Time (Estimated)  : 8 us
 - I/O Handling Time                  : 0 us
        - Read Syscall                : 0 us
        - Write Syscall               : 0 us
        - Page Fault                  : 0 us
        - io_uring                    : 0 us

-- I/O Counts --
 Read Syscall Count                   : 0
 Write Syscall Count                  : 0
 Block I/O Count                      : 0
 io_uring Completion Count            : 0

-- Total I/O Time (block device) --
 Total Block I/O Time           : 0

-- Page Faults & Bytes --
 Page Fault Count               : 0
 Read Bytes                     : 0
 Write Bytes                    : 0
 Block Read Bytes               : 0
 Block Write Bytes              : 0
[===============================================]

[===============================================]
Result of node_idx 6 in node_object 0: Transpose (ND, X32)

-- Elapsed Time Analysis --
 Wall-clock Time                      : 8 us
 - Non I/O Handling Time (Estimated)  : 8 us
 - I/O Handling Time                  : 0 us
        - Read Syscall                : 0 us
        - Write Syscall               : 0 us
        - Page Fault                  : 0 us
        - io_uring                    : 0 us

-- I/O Counts --
 Read Syscall Count                   : 0
 Write Syscall Count                  : 0
 Block I/O Count                      : 0
 io_uring Completion Count            : 0

-- Total I/O Time (block device) --
 Total Block I/O Time           : 0

-- Page Faults & Bytes --
 Page Fault Count               : 0
 Read Bytes                     : 0
 Write Bytes                    : 0
 Block Read Bytes               : 0
 Block Write Bytes              : 0
[===============================================]

[===============================================]
Result of node_idx 7 in node_object 0: Slice (ND, X32)

-- Elapsed Time Analysis --
 Wall-clock Time                      : 98 us
 - Non I/O Handling Time (Estimated)  : 98 us
 - I/O Handling Time                  : 0 us
        - Read Syscall                : 0 us
        - Write Syscall               : 0 us
        - Page Fault                  : 0 us
        - io_uring                    : 0 us

-- I/O Counts --
 Read Syscall Count                   : 0
 Write Syscall Count                  : 0
 Block I/O Count                      : 0
 io_uring Completion Count            : 0

-- Total I/O Time (block device) --
 Total Block I/O Time           : 0

-- Page Faults & Bytes --
 Page Fault Count               : 0
 Read Bytes                     : 0
 Write Bytes                    : 0
 Block Read Bytes               : 0
 Block Write Bytes              : 0
[===============================================]

[===============================================]
Result of node_idx 8 in node_object 0: Slice (ND, X32)

-- Elapsed Time Analysis --
 Wall-clock Time                      : 105 us
 - Non I/O Handling Time (Estimated)  : 105 us
 - I/O Handling Time                  : 0 us
        - Read Syscall                : 0 us
        - Write Syscall               : 0 us
        - Page Fault                  : 0 us
        - io_uring                    : 0 us

-- I/O Counts --
 Read Syscall Count                   : 0
 Write Syscall Count                  : 0
 Block I/O Count                      : 0
 io_uring Completion Count            : 0

-- Total I/O Time (block device) --
 Total Block I/O Time           : 0

-- Page Faults & Bytes --
 Page Fault Count               : 0
 Read Bytes                     : 0
 Write Bytes                    : 0
 Block Read Bytes               : 0
 Block Write Bytes              : 0
[===============================================]

[===============================================]
Result of node_idx 9 in node_object 0: Multiply (ND)

-- Elapsed Time Analysis --
 Wall-clock Time                      : 100 us
 - Non I/O Handling Time (Estimated)  : 100 us
 - I/O Handling Time                  : 0 us
        - Read Syscall                : 0 us
        - Write Syscall               : 0 us
        - Page Fault                  : 0 us
        - io_uring                    : 0 us

-- I/O Counts --
 Read Syscall Count                   : 0
 Write Syscall Count                  : 0
 Block I/O Count                      : 0
 io_uring Completion Count            : 0

-- Total I/O Time (block device) --
 Total Block I/O Time           : 0

-- Page Faults & Bytes --
 Page Fault Count               : 0
 Read Bytes                     : 0
 Write Bytes                    : 0
 Block Read Bytes               : 0
 Block Write Bytes              : 0
[===============================================]

[===============================================]
Result of node_idx 10 in node_object 0: Multiply (ND)

-- Elapsed Time Analysis --
 Wall-clock Time                      : 97 us
 - Non I/O Handling Time (Estimated)  : 97 us
 - I/O Handling Time                  : 0 us
        - Read Syscall                : 0 us
        - Write Syscall               : 0 us
        - Page Fault                  : 0 us
        - io_uring                    : 0 us

-- I/O Counts --
 Read Syscall Count                   : 0
 Write Syscall Count                  : 0
 Block I/O Count                      : 0
 io_uring Completion Count            : 0

-- Total I/O Time (block device) --
 Total Block I/O Time           : 0

-- Page Faults & Bytes --
 Page Fault Count               : 0
 Read Bytes                     : 0
 Write Bytes                    : 0
 Block Read Bytes               : 0
 Block Write Bytes              : 0
[===============================================]

[===============================================]
Result of node_idx 11 in node_object 0: Subtract (ND)

-- Elapsed Time Analysis --
 Wall-clock Time                      : 103 us
 - Non I/O Handling Time (Estimated)  : 103 us
 - I/O Handling Time                  : 0 us
        - Read Syscall                : 0 us
        - Write Syscall               : 0 us
        - Page Fault                  : 0 us
        - io_uring                    : 0 us

-- I/O Counts --
 Read Syscall Count                   : 0
 Write Syscall Count                  : 0
 Block I/O Count                      : 0
 io_uring Completion Count            : 0

-- Total I/O Time (block device) --
 Total Block I/O Time           : 0

-- Page Faults & Bytes --
 Page Fault Count               : 0
 Read Bytes                     : 0
 Write Bytes                    : 0
 Block Read Bytes               : 0
 Block Write Bytes              : 0
[===============================================]

[===============================================]
Result of node_idx 12 in node_object 0: Multiply (ND)

-- Elapsed Time Analysis --
 Wall-clock Time                      : 94 us
 - Non I/O Handling Time (Estimated)  : 94 us
 - I/O Handling Time                  : 0 us
        - Read Syscall                : 0 us
        - Write Syscall               : 0 us
        - Page Fault                  : 0 us
        - io_uring                    : 0 us

-- I/O Counts --
 Read Syscall Count                   : 0
 Write Syscall Count                  : 0
 Block I/O Count                      : 0
 io_uring Completion Count            : 0

-- Total I/O Time (block device) --
 Total Block I/O Time           : 0

-- Page Faults & Bytes --
 Page Fault Count               : 0
 Read Bytes                     : 0
 Write Bytes                    : 0
 Block Read Bytes               : 0
 Block Write Bytes              : 0
[===============================================]

[===============================================]
Result of node_idx 13 in node_object 0: Multiply (ND)

-- Elapsed Time Analysis --
 Wall-clock Time                      : 98 us
 - Non I/O Handling Time (Estimated)  : 98 us
 - I/O Handling Time                  : 0 us
        - Read Syscall                : 0 us
        - Write Syscall               : 0 us
        - Page Fault                  : 0 us
        - io_uring                    : 0 us

-- I/O Counts --
 Read Syscall Count                   : 0
 Write Syscall Count                  : 0
 Block I/O Count                      : 0
 io_uring Completion Count            : 0

-- Total I/O Time (block device) --
 Total Block I/O Time           : 0

-- Page Faults & Bytes --
 Page Fault Count               : 0
 Read Bytes                     : 0
 Write Bytes                    : 0
 Block Read Bytes               : 0
 Block Write Bytes              : 0
[===============================================]

[===============================================]
Result of node_idx 14 in node_object 0: Add (ND)

-- Elapsed Time Analysis --
 Wall-clock Time                      : 101 us
 - Non I/O Handling Time (Estimated)  : 101 us
 - I/O Handling Time                  : 0 us
        - Read Syscall                : 0 us
        - Write Syscall               : 0 us
        - Page Fault                  : 0 us
        - io_uring                    : 0 us

-- I/O Counts --
 Read Syscall Count                   : 0
 Write Syscall Count                  : 0
 Block I/O Count                      : 0
 io_uring Completion Count            : 0

-- Total I/O Time (block device) --
 Total Block I/O Time           : 0

-- Page Faults & Bytes --
 Page Fault Count               : 0
 Read Bytes                     : 0
 Write Bytes                    : 0
 Block Read Bytes               : 0
 Block Write Bytes              : 0
[===============================================]

[===============================================]
Result of node_idx 15 in node_object 0: Copy (NC, X32)

-- Elapsed Time Analysis --
 Wall-clock Time                      : 97 us
 - Non I/O Handling Time (Estimated)  : 97 us
 - I/O Handling Time                  : 0 us
        - Read Syscall                : 0 us
        - Write Syscall               : 0 us
        - Page Fault                  : 0 us
        - io_uring                    : 0 us

-- I/O Counts --
 Read Syscall Count                   : 0
 Write Syscall Count                  : 0
 Block I/O Count                      : 0
 io_uring Completion Count            : 0

-- Total I/O Time (block device) --
 Total Block I/O Time           : 0

-- Page Faults & Bytes --
 Page Fault Count               : 0
 Read Bytes                     : 0
 Write Bytes                    : 0
 Block Read Bytes               : 0
 Block Write Bytes              : 0
[===============================================]

[===============================================]
Result of node_idx 15 in node_object 1: Copy (NC, X32)

-- Elapsed Time Analysis --
 Wall-clock Time                      : 117 us
 - Non I/O Handling Time (Estimated)  : 117 us
 - I/O Handling Time                  : 0 us
        - Read Syscall                : 0 us
        - Write Syscall               : 0 us
        - Page Fault                  : 0 us
        - io_uring                    : 0 us

-- I/O Counts --
 Read Syscall Count                   : 0
 Write Syscall Count                  : 0
 Block I/O Count                      : 0
 io_uring Completion Count            : 0

-- Total I/O Time (block device) --
 Total Block I/O Time           : 0

-- Page Faults & Bytes --
 Page Fault Count               : 0
 Read Bytes                     : 0
 Write Bytes                    : 0
 Block Read Bytes               : 0
 Block Write Bytes              : 0
[===============================================]

[===============================================]
Result of node_idx 16 in node_object 0: Transpose (ND, X32)

-- Elapsed Time Analysis --
 Wall-clock Time                      : 5 us
 - Non I/O Handling Time (Estimated)  : 5 us
 - I/O Handling Time                  : 0 us
        - Read Syscall                : 0 us
        - Write Syscall               : 0 us
        - Page Fault                  : 0 us
        - io_uring                    : 0 us

-- I/O Counts --
 Read Syscall Count                   : 0
 Write Syscall Count                  : 0
 Block I/O Count                      : 0
 io_uring Completion Count            : 0

-- Total I/O Time (block device) --
 Total Block I/O Time           : 0

-- Page Faults & Bytes --
 Page Fault Count               : 0
 Read Bytes                     : 0
 Write Bytes                    : 0
 Block Read Bytes               : 0
 Block Write Bytes              : 0
[===============================================]

[===============================================]
Result of node_idx 17 in node_object 0: Transpose (ND, X32)

-- Elapsed Time Analysis --
 Wall-clock Time                      : 4 us
 - Non I/O Handling Time (Estimated)  : 4 us
 - I/O Handling Time                  : 0 us
        - Read Syscall                : 0 us
        - Write Syscall               : 0 us
        - Page Fault                  : 0 us
        - io_uring                    : 0 us

-- I/O Counts --
 Read Syscall Count                   : 0
 Write Syscall Count                  : 0
 Block I/O Count                      : 0
 io_uring Completion Count            : 0

-- Total I/O Time (block device) --
 Total Block I/O Time           : 0

-- Page Faults & Bytes --
 Page Fault Count               : 0
 Read Bytes                     : 0
 Write Bytes                    : 0
 Block Read Bytes               : 0
 Block Write Bytes              : 0
[===============================================]

[===============================================]
Result of node_idx 18 in node_object 0: Slice (ND, X32)

-- Elapsed Time Analysis --
 Wall-clock Time                      : 104 us
 - Non I/O Handling Time (Estimated)  : 104 us
 - I/O Handling Time                  : 0 us
        - Read Syscall                : 0 us
        - Write Syscall               : 0 us
        - Page Fault                  : 0 us
        - io_uring                    : 0 us

-- I/O Counts --
 Read Syscall Count                   : 0
 Write Syscall Count                  : 0
 Block I/O Count                      : 0
 io_uring Completion Count            : 0

-- Total I/O Time (block device) --
 Total Block I/O Time           : 0

-- Page Faults & Bytes --
 Page Fault Count               : 0
 Read Bytes                     : 0
 Write Bytes                    : 0
 Block Read Bytes               : 0
 Block Write Bytes              : 0
[===============================================]

[===============================================]
Result of node_idx 19 in node_object 0: Slice (ND, X32)

-- Elapsed Time Analysis --
 Wall-clock Time                      : 102 us
 - Non I/O Handling Time (Estimated)  : 102 us
 - I/O Handling Time                  : 0 us
        - Read Syscall                : 0 us
        - Write Syscall               : 0 us
        - Page Fault                  : 0 us
        - io_uring                    : 0 us

-- I/O Counts --
 Read Syscall Count                   : 0
 Write Syscall Count                  : 0
 Block I/O Count                      : 0
 io_uring Completion Count            : 0

-- Total I/O Time (block device) --
 Total Block I/O Time           : 0

-- Page Faults & Bytes --
 Page Fault Count               : 0
 Read Bytes                     : 0
 Write Bytes                    : 0
 Block Read Bytes               : 0
 Block Write Bytes              : 0
[===============================================]

[===============================================]
Result of node_idx 20 in node_object 0: Multiply (ND)

-- Elapsed Time Analysis --
 Wall-clock Time                      : 113 us
 - Non I/O Handling Time (Estimated)  : 113 us
 - I/O Handling Time                  : 0 us
        - Read Syscall                : 0 us
        - Write Syscall               : 0 us
        - Page Fault                  : 0 us
        - io_uring                    : 0 us

-- I/O Counts --
 Read Syscall Count                   : 0
 Write Syscall Count                  : 0
 Block I/O Count                      : 0
 io_uring Completion Count            : 0

-- Total I/O Time (block device) --
 Total Block I/O Time           : 0

-- Page Faults & Bytes --
 Page Fault Count               : 0
 Read Bytes                     : 0
 Write Bytes                    : 0
 Block Read Bytes               : 0
 Block Write Bytes              : 0
[===============================================]

[===============================================]
Result of node_idx 21 in node_object 0: Multiply (ND)

-- Elapsed Time Analysis --
 Wall-clock Time                      : 116 us
 - Non I/O Handling Time (Estimated)  : 116 us
 - I/O Handling Time                  : 0 us
        - Read Syscall                : 0 us
        - Write Syscall               : 0 us
        - Page Fault                  : 0 us
        - io_uring                    : 0 us

-- I/O Counts --
 Read Syscall Count                   : 0
 Write Syscall Count                  : 0
 Block I/O Count                      : 0
 io_uring Completion Count            : 0

-- Total I/O Time (block device) --
 Total Block I/O Time           : 0

-- Page Faults & Bytes --
 Page Fault Count               : 0
 Read Bytes                     : 0
 Write Bytes                    : 0
 Block Read Bytes               : 0
 Block Write Bytes              : 0
[===============================================]

[===============================================]
Result of node_idx 22 in node_object 0: Subtract (ND)

-- Elapsed Time Analysis --
 Wall-clock Time                      : 109 us
 - Non I/O Handling Time (Estimated)  : 109 us
 - I/O Handling Time                  : 0 us
        - Read Syscall                : 0 us
        - Write Syscall               : 0 us
        - Page Fault                  : 0 us
        - io_uring                    : 0 us

-- I/O Counts --
 Read Syscall Count                   : 0
 Write Syscall Count                  : 0
 Block I/O Count                      : 0
 io_uring Completion Count            : 0

-- Total I/O Time (block device) --
 Total Block I/O Time           : 0

-- Page Faults & Bytes --
 Page Fault Count               : 0
 Read Bytes                     : 0
 Write Bytes                    : 0
 Block Read Bytes               : 0
 Block Write Bytes              : 0
[===============================================]

[===============================================]
Result of node_idx 23 in node_object 0: Multiply (ND)

-- Elapsed Time Analysis --
 Wall-clock Time                      : 138 us
 - Non I/O Handling Time (Estimated)  : 138 us
 - I/O Handling Time                  : 0 us
        - Read Syscall                : 0 us
        - Write Syscall               : 0 us
        - Page Fault                  : 0 us
        - io_uring                    : 0 us

-- I/O Counts --
 Read Syscall Count                   : 0
 Write Syscall Count                  : 0
 Block I/O Count                      : 0
 io_uring Completion Count            : 0

-- Total I/O Time (block device) --
 Total Block I/O Time           : 0

-- Page Faults & Bytes --
 Page Fault Count               : 0
 Read Bytes                     : 0
 Write Bytes                    : 0
 Block Read Bytes               : 0
 Block Write Bytes              : 0
[===============================================]

[===============================================]
Result of node_idx 24 in node_object 0: Multiply (ND)

-- Elapsed Time Analysis --
 Wall-clock Time                      : 115 us
 - Non I/O Handling Time (Estimated)  : 115 us
 - I/O Handling Time                  : 0 us
        - Read Syscall                : 0 us
        - Write Syscall               : 0 us
        - Page Fault                  : 0 us
        - io_uring                    : 0 us

-- I/O Counts --
 Read Syscall Count                   : 0
 Write Syscall Count                  : 0
 Block I/O Count                      : 0
 io_uring Completion Count            : 0

-- Total I/O Time (block device) --
 Total Block I/O Time           : 0

-- Page Faults & Bytes --
 Page Fault Count               : 0
 Read Bytes                     : 0
 Write Bytes                    : 0
 Block Read Bytes               : 0
 Block Write Bytes              : 0
[===============================================]

[===============================================]
Result of node_idx 25 in node_object 0: Add (ND)

-- Elapsed Time Analysis --
 Wall-clock Time                      : 115 us
 - Non I/O Handling Time (Estimated)  : 115 us
 - I/O Handling Time                  : 0 us
        - Read Syscall                : 0 us
        - Write Syscall               : 0 us
        - Page Fault                  : 0 us
        - io_uring                    : 0 us

-- I/O Counts --
 Read Syscall Count                   : 0
 Write Syscall Count                  : 0
 Block I/O Count                      : 0
 io_uring Completion Count            : 0

-- Total I/O Time (block device) --
 Total Block I/O Time           : 0

-- Page Faults & Bytes --
 Page Fault Count               : 0
 Read Bytes                     : 0
 Write Bytes                    : 0
 Block Read Bytes               : 0
 Block Write Bytes              : 0
[===============================================]

[===============================================]
Result of node_idx 26 in node_object 0: Copy (NC, X32)

-- Elapsed Time Analysis --
 Wall-clock Time                      : 104 us
 - Non I/O Handling Time (Estimated)  : 104 us
 - I/O Handling Time                  : 0 us
        - Read Syscall                : 0 us
        - Write Syscall               : 0 us
        - Page Fault                  : 0 us
        - io_uring                    : 0 us

-- I/O Counts --
 Read Syscall Count                   : 0
 Write Syscall Count                  : 0
 Block I/O Count                      : 0
 io_uring Completion Count            : 0

-- Total I/O Time (block device) --
 Total Block I/O Time           : 0

-- Page Faults & Bytes --
 Page Fault Count               : 0
 Read Bytes                     : 0
 Write Bytes                    : 0
 Block Read Bytes               : 0
 Block Write Bytes              : 0
[===============================================]

[===============================================]
Result of node_idx 26 in node_object 1: Copy (NC, X32)

-- Elapsed Time Analysis --
 Wall-clock Time                      : 93 us
 - Non I/O Handling Time (Estimated)  : 93 us
 - I/O Handling Time                  : 0 us
        - Read Syscall                : 0 us
        - Write Syscall               : 0 us
        - Page Fault                  : 0 us
        - io_uring                    : 0 us

-- I/O Counts --
 Read Syscall Count                   : 0
 Write Syscall Count                  : 0
 Block I/O Count                      : 0
 io_uring Completion Count            : 0

-- Total I/O Time (block device) --
 Total Block I/O Time           : 0

-- Page Faults & Bytes --
 Page Fault Count               : 0
 Read Bytes                     : 0
 Write Bytes                    : 0
 Block Read Bytes               : 0
 Block Write Bytes              : 0
[===============================================]

[===============================================]
Result of node_idx 27 in node_object 0: Transpose (ND, X32)

-- Elapsed Time Analysis --
 Wall-clock Time                      : 4 us
 - Non I/O Handling Time (Estimated)  : 4 us
 - I/O Handling Time                  : 0 us
        - Read Syscall                : 0 us
        - Write Syscall               : 0 us
        - Page Fault                  : 0 us
        - io_uring                    : 0 us

-- I/O Counts --
 Read Syscall Count                   : 0
 Write Syscall Count                  : 0
 Block I/O Count                      : 0
 io_uring Completion Count            : 0

-- Total I/O Time (block device) --
 Total Block I/O Time           : 0

-- Page Faults & Bytes --
 Page Fault Count               : 0
 Read Bytes                     : 0
 Write Bytes                    : 0
 Block Read Bytes               : 0
 Block Write Bytes              : 0
[===============================================]

[===============================================]
Result of node_idx 0 in node_object 0: Multiply (ND)

-- Elapsed Time Analysis --
 Wall-clock Time                      : 86 us
 - Non I/O Handling Time (Estimated)  : 86 us
 - I/O Handling Time                  : 0 us
        - Read Syscall                : 0 us
        - Write Syscall               : 0 us
        - Page Fault                  : 0 us
        - io_uring                    : 0 us

-- I/O Counts --
 Read Syscall Count                   : 0
 Write Syscall Count                  : 0
 Block I/O Count                      : 0
 io_uring Completion Count            : 0

-- Total I/O Time (block device) --
 Total Block I/O Time           : 0

-- Page Faults & Bytes --
 Page Fault Count               : 0
 Read Bytes                     : 0
 Write Bytes                    : 0
 Block Read Bytes               : 0
 Block Write Bytes              : 0
[===============================================]

[===============================================]
Result of node_idx 1 in node_object 0: Transpose (ND, X32)

-- Elapsed Time Analysis --
 Wall-clock Time                      : 5 us
 - Non I/O Handling Time (Estimated)  : 5 us
 - I/O Handling Time                  : 0 us
        - Read Syscall                : 0 us
        - Write Syscall               : 0 us
        - Page Fault                  : 0 us
        - io_uring                    : 0 us

-- I/O Counts --
 Read Syscall Count                   : 0
 Write Syscall Count                  : 0
 Block I/O Count                      : 0
 io_uring Completion Count            : 0

-- Total I/O Time (block device) --
 Total Block I/O Time           : 0

-- Page Faults & Bytes --
 Page Fault Count               : 0
 Read Bytes                     : 0
 Write Bytes                    : 0
 Block Read Bytes               : 0
 Block Write Bytes              : 0
[===============================================]

[===============================================]
Result of node_idx 2 in node_object 0: Transpose (ND, X32)

-- Elapsed Time Analysis --
 Wall-clock Time                      : 147 us
 - Non I/O Handling Time (Estimated)  : 147 us
 - I/O Handling Time                  : 0 us
        - Read Syscall                : 0 us
        - Write Syscall               : 0 us
        - Page Fault                  : 0 us
        - io_uring                    : 0 us

-- I/O Counts --
 Read Syscall Count                   : 0
 Write Syscall Count                  : 0
 Block I/O Count                      : 0
 io_uring Completion Count            : 0

-- Total I/O Time (block device) --
 Total Block I/O Time           : 0

-- Page Faults & Bytes --
 Page Fault Count               : 0
 Read Bytes                     : 0
 Write Bytes                    : 0
 Block Read Bytes               : 0
 Block Write Bytes              : 0
[===============================================]

[===============================================]
Result of node_idx 3 in node_object 0: Static Reshape (NC)

-- Elapsed Time Analysis --
 Wall-clock Time                      : 4 us
 - Non I/O Handling Time (Estimated)  : 4 us
 - I/O Handling Time                  : 0 us
        - Read Syscall                : 0 us
        - Write Syscall               : 0 us
        - Page Fault                  : 0 us
        - io_uring                    : 0 us

-- I/O Counts --
 Read Syscall Count                   : 0
 Write Syscall Count                  : 0
 Block I/O Count                      : 0
 io_uring Completion Count            : 0

-- Total I/O Time (block device) --
 Total Block I/O Time           : 0

-- Page Faults & Bytes --
 Page Fault Count               : 0
 Read Bytes                     : 0
 Write Bytes                    : 0
 Block Read Bytes               : 0
 Block Write Bytes              : 0
[===============================================]

[===============================================]
Result of node_idx 4 in node_object 0: Static Reshape (NC)

-- Elapsed Time Analysis --
 Wall-clock Time                      : 3 us
 - Non I/O Handling Time (Estimated)  : 3 us
 - I/O Handling Time                  : 0 us
        - Read Syscall                : 0 us
        - Write Syscall               : 0 us
        - Page Fault                  : 0 us
        - io_uring                    : 0 us

-- I/O Counts --
 Read Syscall Count                   : 0
 Write Syscall Count                  : 0
 Block I/O Count                      : 0
 io_uring Completion Count            : 0

-- Total I/O Time (block device) --
 Total Block I/O Time           : 0

-- Page Faults & Bytes --
 Page Fault Count               : 0
 Read Bytes                     : 0
 Write Bytes                    : 0
 Block Read Bytes               : 0
 Block Write Bytes              : 0
[===============================================]

[===============================================]
Result of node_idx 5 in node_object 0: Batch Matrix Multiply (NC, F32)

-- Elapsed Time Analysis --
 Wall-clock Time                      : 282 us
 - Non I/O Handling Time (Estimated)  : 282 us
 - I/O Handling Time                  : 0 us
        - Read Syscall                : 0 us
        - Write Syscall               : 0 us
        - Page Fault                  : 0 us
        - io_uring                    : 0 us

-- I/O Counts --
 Read Syscall Count                   : 0
 Write Syscall Count                  : 0
 Block I/O Count                      : 0
 io_uring Completion Count            : 0

-- Total I/O Time (block device) --
 Total Block I/O Time           : 0

-- Page Faults & Bytes --
 Page Fault Count               : 0
 Read Bytes                     : 0
 Write Bytes                    : 0
 Block Read Bytes               : 0
 Block Write Bytes              : 0
[===============================================]

[===============================================]
Result of node_idx 6 in node_object 0: Static Reshape (NC)

-- Elapsed Time Analysis --
 Wall-clock Time                      : 4 us
 - Non I/O Handling Time (Estimated)  : 4 us
 - I/O Handling Time                  : 0 us
        - Read Syscall                : 0 us
        - Write Syscall               : 0 us
        - Page Fault                  : 0 us
        - io_uring                    : 0 us

-- I/O Counts --
 Read Syscall Count                   : 0
 Write Syscall Count                  : 0
 Block I/O Count                      : 0
 io_uring Completion Count            : 0

-- Total I/O Time (block device) --
 Total Block I/O Time           : 0

-- Page Faults & Bytes --
 Page Fault Count               : 0
 Read Bytes                     : 0
 Write Bytes                    : 0
 Block Read Bytes               : 0
 Block Write Bytes              : 0
[===============================================]

[===============================================]
Result of node_idx 7 in node_object 0: Add (ND)

-- Elapsed Time Analysis --
 Wall-clock Time                      : 97 us
 - Non I/O Handling Time (Estimated)  : 97 us
 - I/O Handling Time                  : 0 us
        - Read Syscall                : 0 us
        - Write Syscall               : 0 us
        - Page Fault                  : 0 us
        - io_uring                    : 0 us

-- I/O Counts --
 Read Syscall Count                   : 0
 Write Syscall Count                  : 0
 Block I/O Count                      : 0
 io_uring Completion Count            : 0

-- Total I/O Time (block device) --
 Total Block I/O Time           : 0

-- Page Faults & Bytes --
 Page Fault Count               : 0
 Read Bytes                     : 0
 Write Bytes                    : 0
 Block Read Bytes               : 0
 Block Write Bytes              : 0
[===============================================]

[===============================================]
Result of node_idx 8 in node_object 0: Softmax (NC, F32)

-- Elapsed Time Analysis --
 Wall-clock Time                      : 117 us
 - Non I/O Handling Time (Estimated)  : 117 us
 - I/O Handling Time                  : 0 us
        - Read Syscall                : 0 us
        - Write Syscall               : 0 us
        - Page Fault                  : 0 us
        - io_uring                    : 0 us

-- I/O Counts --
 Read Syscall Count                   : 0
 Write Syscall Count                  : 0
 Block I/O Count                      : 0
 io_uring Completion Count            : 0

-- Total I/O Time (block device) --
 Total Block I/O Time           : 0

-- Page Faults & Bytes --
 Page Fault Count               : 0
 Read Bytes                     : 0
 Write Bytes                    : 0
 Block Read Bytes               : 0
 Block Write Bytes              : 0
[===============================================]

[===============================================]
Result of node_idx 9 in node_object 0: Transpose (ND, X32)

-- Elapsed Time Analysis --
 Wall-clock Time                      : 113 us
 - Non I/O Handling Time (Estimated)  : 113 us
 - I/O Handling Time                  : 0 us
        - Read Syscall                : 0 us
        - Write Syscall               : 0 us
        - Page Fault                  : 0 us
        - io_uring                    : 0 us

-- I/O Counts --
 Read Syscall Count                   : 0
 Write Syscall Count                  : 0
 Block I/O Count                      : 0
 io_uring Completion Count            : 0

-- Total I/O Time (block device) --
 Total Block I/O Time           : 0

-- Page Faults & Bytes --
 Page Fault Count               : 0
 Read Bytes                     : 0
 Write Bytes                    : 0
 Block Read Bytes               : 0
 Block Write Bytes              : 0
[===============================================]

[===============================================]
Result of node_idx 10 in node_object 0: Static Reshape (NC)

-- Elapsed Time Analysis --
 Wall-clock Time                      : 2 us
 - Non I/O Handling Time (Estimated)  : 2 us
 - I/O Handling Time                  : 0 us
        - Read Syscall                : 0 us
        - Write Syscall               : 0 us
        - Page Fault                  : 0 us
        - io_uring                    : 0 us

-- I/O Counts --
 Read Syscall Count                   : 0
 Write Syscall Count                  : 0
 Block I/O Count                      : 0
 io_uring Completion Count            : 0

-- Total I/O Time (block device) --
 Total Block I/O Time           : 0

-- Page Faults & Bytes --
 Page Fault Count               : 0
 Read Bytes                     : 0
 Write Bytes                    : 0
 Block Read Bytes               : 0
 Block Write Bytes              : 0
[===============================================]

[===============================================]
Result of node_idx 11 in node_object 0: Static Reshape (NC)

-- Elapsed Time Analysis --
 Wall-clock Time                      : 2 us
 - Non I/O Handling Time (Estimated)  : 2 us
 - I/O Handling Time                  : 0 us
        - Read Syscall                : 0 us
        - Write Syscall               : 0 us
        - Page Fault                  : 0 us
        - io_uring                    : 0 us

-- I/O Counts --
 Read Syscall Count                   : 0
 Write Syscall Count                  : 0
 Block I/O Count                      : 0
 io_uring Completion Count            : 0

-- Total I/O Time (block device) --
 Total Block I/O Time           : 0

-- Page Faults & Bytes --
 Page Fault Count               : 0
 Read Bytes                     : 0
 Write Bytes                    : 0
 Block Read Bytes               : 0
 Block Write Bytes              : 0
[===============================================]

[===============================================]
Result of node_idx 12 in node_object 0: Batch Matrix Multiply (NC, F32)

-- Elapsed Time Analysis --
 Wall-clock Time                      : 212 us
 - Non I/O Handling Time (Estimated)  : 212 us
 - I/O Handling Time                  : 0 us
        - Read Syscall                : 0 us
        - Write Syscall               : 0 us
        - Page Fault                  : 0 us
        - io_uring                    : 0 us

-- I/O Counts --
 Read Syscall Count                   : 0
 Write Syscall Count                  : 0
 Block I/O Count                      : 0
 io_uring Completion Count            : 0

-- Total I/O Time (block device) --
 Total Block I/O Time           : 0

-- Page Faults & Bytes --
 Page Fault Count               : 0
 Read Bytes                     : 0
 Write Bytes                    : 0
 Block Read Bytes               : 0
 Block Write Bytes              : 0
[===============================================]

[===============================================]
Result of node_idx 13 in node_object 0: Static Reshape (NC)

-- Elapsed Time Analysis --
 Wall-clock Time                      : 6 us
 - Non I/O Handling Time (Estimated)  : 6 us
 - I/O Handling Time                  : 0 us
        - Read Syscall                : 0 us
        - Write Syscall               : 0 us
        - Page Fault                  : 0 us
        - io_uring                    : 0 us

-- I/O Counts --
 Read Syscall Count                   : 0
 Write Syscall Count                  : 0
 Block I/O Count                      : 0
 io_uring Completion Count            : 0

-- Total I/O Time (block device) --
 Total Block I/O Time           : 0

-- Page Faults & Bytes --
 Page Fault Count               : 0
 Read Bytes                     : 0
 Write Bytes                    : 0
 Block Read Bytes               : 0
 Block Write Bytes              : 0
[===============================================]

[===============================================]
Result of node_idx 14 in node_object 0: Transpose (ND, X32)

-- Elapsed Time Analysis --
 Wall-clock Time                      : 5 us
 - Non I/O Handling Time (Estimated)  : 5 us
 - I/O Handling Time                  : 0 us
        - Read Syscall                : 0 us
        - Write Syscall               : 0 us
        - Page Fault                  : 0 us
        - io_uring                    : 0 us

-- I/O Counts --
 Read Syscall Count                   : 0
 Write Syscall Count                  : 0
 Block I/O Count                      : 0
 io_uring Completion Count            : 0

-- Total I/O Time (block device) --
 Total Block I/O Time           : 0

-- Page Faults & Bytes --
 Page Fault Count               : 0
 Read Bytes                     : 0
 Write Bytes                    : 0
 Block Read Bytes               : 0
 Block Write Bytes              : 0
[===============================================]

[===============================================]
Result of node_idx 15 in node_object 0: Static Reshape (NC)

-- Elapsed Time Analysis --
 Wall-clock Time                      : 3 us
 - Non I/O Handling Time (Estimated)  : 3 us
 - I/O Handling Time                  : 0 us
        - Read Syscall                : 0 us
        - Write Syscall               : 0 us
        - Page Fault                  : 0 us
        - io_uring                    : 0 us

-- I/O Counts --
 Read Syscall Count                   : 0
 Write Syscall Count                  : 0
 Block I/O Count                      : 0
 io_uring Completion Count            : 0

-- Total I/O Time (block device) --
 Total Block I/O Time           : 0

-- Page Faults & Bytes --
 Page Fault Count               : 0
 Read Bytes                     : 0
 Write Bytes                    : 0
 Block Read Bytes               : 0
 Block Write Bytes              : 0
[===============================================]

[===============================================]
Result of node_idx 16 in node_object 0: Fully Connected (NC, QDU8, F32, QC8W)

-- Elapsed Time Analysis --
 Wall-clock Time                      : 669 us
 - Non I/O Handling Time (Estimated)  : 175 us
 - I/O Handling Time                  : 494 us
        - Read Syscall                : 0 us
        - Write Syscall               : 0 us
        - Page Fault                  : 494 us
        - io_uring                    : 0 us

-- I/O Counts --
 Read Syscall Count                   : 0
 Write Syscall Count                  : 0
 Block I/O Count                      : 0
 io_uring Completion Count            : 0

-- Total I/O Time (block device) --
 Total Block I/O Time           : 0

-- Page Faults & Bytes --
 Page Fault Count               : 4
 Read Bytes                     : 0
 Write Bytes                    : 0
 Block Read Bytes               : 0
 Block Write Bytes              : 0
[===============================================]

[===============================================]
Result of node_idx 17 in node_object 0: Add (ND)

-- Elapsed Time Analysis --
 Wall-clock Time                      : 18 us
 - Non I/O Handling Time (Estimated)  : 18 us
 - I/O Handling Time                  : 0 us
        - Read Syscall                : 0 us
        - Write Syscall               : 0 us
        - Page Fault                  : 0 us
        - io_uring                    : 0 us

-- I/O Counts --
 Read Syscall Count                   : 0
 Write Syscall Count                  : 0
 Block I/O Count                      : 0
 io_uring Completion Count            : 0

-- Total I/O Time (block device) --
 Total Block I/O Time           : 0

-- Page Faults & Bytes --
 Page Fault Count               : 0
 Read Bytes                     : 0
 Write Bytes                    : 0
 Block Read Bytes               : 0
 Block Write Bytes              : 0
[===============================================]

[===============================================]
Result of node_idx 0 in node_object 0: Multiply (ND)

-- Elapsed Time Analysis --
 Wall-clock Time                      : 84 us
 - Non I/O Handling Time (Estimated)  : 84 us
 - I/O Handling Time                  : 0 us
        - Read Syscall                : 0 us
        - Write Syscall               : 0 us
        - Page Fault                  : 0 us
        - io_uring                    : 0 us

-- I/O Counts --
 Read Syscall Count                   : 0
 Write Syscall Count                  : 0
 Block I/O Count                      : 0
 io_uring Completion Count            : 0

-- Total I/O Time (block device) --
 Total Block I/O Time           : 0

-- Page Faults & Bytes --
 Page Fault Count               : 0
 Read Bytes                     : 0
 Write Bytes                    : 0
 Block Read Bytes               : 0
 Block Write Bytes              : 0
[===============================================]

[===============================================]
Result of node_idx 1 in node_object 0: Sum (ND)

-- Elapsed Time Analysis --
 Wall-clock Time                      : 104 us
 - Non I/O Handling Time (Estimated)  : 104 us
 - I/O Handling Time                  : 0 us
        - Read Syscall                : 0 us
        - Write Syscall               : 0 us
        - Page Fault                  : 0 us
        - io_uring                    : 0 us

-- I/O Counts --
 Read Syscall Count                   : 0
 Write Syscall Count                  : 0
 Block I/O Count                      : 0
 io_uring Completion Count            : 0

-- Total I/O Time (block device) --
 Total Block I/O Time           : 0

-- Page Faults & Bytes --
 Page Fault Count               : 0
 Read Bytes                     : 0
 Write Bytes                    : 0
 Block Read Bytes               : 0
 Block Write Bytes              : 0
[===============================================]

[===============================================]
Result of node_idx 2 in node_object 0: Multiply (ND)

-- Elapsed Time Analysis --
 Wall-clock Time                      : 3 us
 - Non I/O Handling Time (Estimated)  : 3 us
 - I/O Handling Time                  : 0 us
        - Read Syscall                : 0 us
        - Write Syscall               : 0 us
        - Page Fault                  : 0 us
        - io_uring                    : 0 us

-- I/O Counts --
 Read Syscall Count                   : 0
 Write Syscall Count                  : 0
 Block I/O Count                      : 0
 io_uring Completion Count            : 0

-- Total I/O Time (block device) --
 Total Block I/O Time           : 0

-- Page Faults & Bytes --
 Page Fault Count               : 0
 Read Bytes                     : 0
 Write Bytes                    : 0
 Block Read Bytes               : 0
 Block Write Bytes              : 0
[===============================================]

[===============================================]
Result of node_idx 3 in node_object 0: Add (ND)

-- Elapsed Time Analysis --
 Wall-clock Time                      : 3 us
 - Non I/O Handling Time (Estimated)  : 3 us
 - I/O Handling Time                  : 0 us
        - Read Syscall                : 0 us
        - Write Syscall               : 0 us
        - Page Fault                  : 0 us
        - io_uring                    : 0 us

-- I/O Counts --
 Read Syscall Count                   : 0
 Write Syscall Count                  : 0
 Block I/O Count                      : 0
 io_uring Completion Count            : 0

-- Total I/O Time (block device) --
 Total Block I/O Time           : 0

-- Page Faults & Bytes --
 Page Fault Count               : 0
 Read Bytes                     : 0
 Write Bytes                    : 0
 Block Read Bytes               : 0
 Block Write Bytes              : 0
[===============================================]

[===============================================]
Result of node_idx 4 in node_object 0: Static Reshape (NC)

-- Elapsed Time Analysis --
 Wall-clock Time                      : 2 us
 - Non I/O Handling Time (Estimated)  : 2 us
 - I/O Handling Time                  : 0 us
        - Read Syscall                : 0 us
        - Write Syscall               : 0 us
        - Page Fault                  : 0 us
        - io_uring                    : 0 us

-- I/O Counts --
 Read Syscall Count                   : 0
 Write Syscall Count                  : 0
 Block I/O Count                      : 0
 io_uring Completion Count            : 0

-- Total I/O Time (block device) --
 Total Block I/O Time           : 0

-- Page Faults & Bytes --
 Page Fault Count               : 0
 Read Bytes                     : 0
 Write Bytes                    : 0
 Block Read Bytes               : 0
 Block Write Bytes              : 0
[===============================================]

[===============================================]
Result of node_idx 5 in node_object 0: Reciprocal Square Root (NC)

-- Elapsed Time Analysis --
 Wall-clock Time                      : 3 us
 - Non I/O Handling Time (Estimated)  : 3 us
 - I/O Handling Time                  : 0 us
        - Read Syscall                : 0 us
        - Write Syscall               : 0 us
        - Page Fault                  : 0 us
        - io_uring                    : 0 us

-- I/O Counts --
 Read Syscall Count                   : 0
 Write Syscall Count                  : 0
 Block I/O Count                      : 0
 io_uring Completion Count            : 0

-- Total I/O Time (block device) --
 Total Block I/O Time           : 0

-- Page Faults & Bytes --
 Page Fault Count               : 0
 Read Bytes                     : 0
 Write Bytes                    : 0
 Block Read Bytes               : 0
 Block Write Bytes              : 0
[===============================================]

[===============================================]
Result of node_idx 6 in node_object 0: Multiply (ND)

-- Elapsed Time Analysis --
 Wall-clock Time                      : 93 us
 - Non I/O Handling Time (Estimated)  : 93 us
 - I/O Handling Time                  : 0 us
        - Read Syscall                : 0 us
        - Write Syscall               : 0 us
        - Page Fault                  : 0 us
        - io_uring                    : 0 us

-- I/O Counts --
 Read Syscall Count                   : 0
 Write Syscall Count                  : 0
 Block I/O Count                      : 0
 io_uring Completion Count            : 0

-- Total I/O Time (block device) --
 Total Block I/O Time           : 0

-- Page Faults & Bytes --
 Page Fault Count               : 0
 Read Bytes                     : 0
 Write Bytes                    : 0
 Block Read Bytes               : 0
 Block Write Bytes              : 0
[===============================================]

[===============================================]
Result of node_idx 7 in node_object 0: Multiply (ND)

-- Elapsed Time Analysis --
 Wall-clock Time                      : 19 us
 - Non I/O Handling Time (Estimated)  : 19 us
 - I/O Handling Time                  : 0 us
        - Read Syscall                : 0 us
        - Write Syscall               : 0 us
        - Page Fault                  : 0 us
        - io_uring                    : 0 us

-- I/O Counts --
 Read Syscall Count                   : 0
 Write Syscall Count                  : 0
 Block I/O Count                      : 0
 io_uring Completion Count            : 0

-- Total I/O Time (block device) --
 Total Block I/O Time           : 0

-- Page Faults & Bytes --
 Page Fault Count               : 0
 Read Bytes                     : 0
 Write Bytes                    : 0
 Block Read Bytes               : 0
 Block Write Bytes              : 0
[===============================================]

[===============================================]
Result of node_idx 0 in node_object 0: Fully Connected (NC, QDU8, F32, QC8W)

-- Elapsed Time Analysis --
 Wall-clock Time                      : 1882 us
 - Non I/O Handling Time (Estimated)  : 154 us
 - I/O Handling Time                  : 1728 us
        - Read Syscall                : 0 us
        - Write Syscall               : 0 us
        - Page Fault                  : 1728 us
        - io_uring                    : 0 us

-- I/O Counts --
 Read Syscall Count                   : 0
 Write Syscall Count                  : 0
 Block I/O Count                      : 2
 io_uring Completion Count            : 0

-- Total I/O Time (block device) --
 Total Block I/O Time           : 284

-- Page Faults & Bytes --
 Page Fault Count               : 9
 Read Bytes                     : 0
 Write Bytes                    : 0
 Block Read Bytes               : 32768
 Block Write Bytes              : 0
[===============================================]

[===============================================]
Result of node_idx 1 in node_object 0: Sigmoid (NC)

-- Elapsed Time Analysis --
 Wall-clock Time                      : 104 us
 - Non I/O Handling Time (Estimated)  : 104 us
 - I/O Handling Time                  : 0 us
        - Read Syscall                : 0 us
        - Write Syscall               : 0 us
        - Page Fault                  : 0 us
        - io_uring                    : 0 us

-- I/O Counts --
 Read Syscall Count                   : 0
 Write Syscall Count                  : 0
 Block I/O Count                      : 0
 io_uring Completion Count            : 0

-- Total I/O Time (block device) --
 Total Block I/O Time           : 0

-- Page Faults & Bytes --
 Page Fault Count               : 0
 Read Bytes                     : 0
 Write Bytes                    : 0
 Block Read Bytes               : 0
 Block Write Bytes              : 0
[===============================================]

[===============================================]
Result of node_idx 2 in node_object 0: Multiply (ND)

-- Elapsed Time Analysis --
 Wall-clock Time                      : 92 us
 - Non I/O Handling Time (Estimated)  : 92 us
 - I/O Handling Time                  : 0 us
        - Read Syscall                : 0 us
        - Write Syscall               : 0 us
        - Page Fault                  : 0 us
        - io_uring                    : 0 us

-- I/O Counts --
 Read Syscall Count                   : 0
 Write Syscall Count                  : 0
 Block I/O Count                      : 0
 io_uring Completion Count            : 0

-- Total I/O Time (block device) --
 Total Block I/O Time           : 0

-- Page Faults & Bytes --
 Page Fault Count               : 0
 Read Bytes                     : 0
 Write Bytes                    : 0
 Block Read Bytes               : 0
 Block Write Bytes              : 0
[===============================================]

[===============================================]
Result of node_idx 3 in node_object 0: Fully Connected (NC, QDU8, F32, QC8W)

-- Elapsed Time Analysis --
 Wall-clock Time                      : 1422 us
 - Non I/O Handling Time (Estimated)  : 450 us
 - I/O Handling Time                  : 972 us
        - Read Syscall                : 0 us
        - Write Syscall               : 0 us
        - Page Fault                  : 972 us
        - io_uring                    : 0 us

-- I/O Counts --
 Read Syscall Count                   : 0
 Write Syscall Count                  : 0
 Block I/O Count                      : 2
 io_uring Completion Count            : 0

-- Total I/O Time (block device) --
 Total Block I/O Time           : 2187

-- Page Faults & Bytes --
 Page Fault Count               : 5
 Read Bytes                     : 0
 Write Bytes                    : 0
 Block Read Bytes               : 249856
 Block Write Bytes              : 0
[===============================================]

[===============================================]
Result of node_idx 4 in node_object 0: Multiply (ND)

-- Elapsed Time Analysis --
 Wall-clock Time                      : 100 us
 - Non I/O Handling Time (Estimated)  : 100 us
 - I/O Handling Time                  : 0 us
        - Read Syscall                : 0 us
        - Write Syscall               : 0 us
        - Page Fault                  : 0 us
        - io_uring                    : 0 us

-- I/O Counts --
 Read Syscall Count                   : 0
 Write Syscall Count                  : 0
 Block I/O Count                      : 0
 io_uring Completion Count            : 0

-- Total I/O Time (block device) --
 Total Block I/O Time           : 0

-- Page Faults & Bytes --
 Page Fault Count               : 0
 Read Bytes                     : 0
 Write Bytes                    : 0
 Block Read Bytes               : 0
 Block Write Bytes              : 0
[===============================================]

[===============================================]
Result of node_idx 5 in node_object 0: Fully Connected (NC, QDU8, F32, QC8W)

-- Elapsed Time Analysis --
 Wall-clock Time                      : 1669 us
 - Non I/O Handling Time (Estimated)  : 185 us
 - I/O Handling Time                  : 1484 us
        - Read Syscall                : 0 us
        - Write Syscall               : 0 us
        - Page Fault                  : 1484 us
        - io_uring                    : 0 us

-- I/O Counts --
 Read Syscall Count                   : 0
 Write Syscall Count                  : 0
 Block I/O Count                      : 2
 io_uring Completion Count            : 0

-- Total I/O Time (block device) --
 Total Block I/O Time           : 530

-- Page Faults & Bytes --
 Page Fault Count               : 6
 Read Bytes                     : 0
 Write Bytes                    : 0
 Block Read Bytes               : 28672
 Block Write Bytes              : 0
[===============================================]

[===============================================]
Result of node_idx 6 in node_object 0: Add (ND)

-- Elapsed Time Analysis --
 Wall-clock Time                      : 47 us
 - Non I/O Handling Time (Estimated)  : 47 us
 - I/O Handling Time                  : 0 us
        - Read Syscall                : 0 us
        - Write Syscall               : 0 us
        - Page Fault                  : 0 us
        - io_uring                    : 0 us

-- I/O Counts --
 Read Syscall Count                   : 0
 Write Syscall Count                  : 0
 Block I/O Count                      : 0
 io_uring Completion Count            : 0

-- Total I/O Time (block device) --
 Total Block I/O Time           : 0

-- Page Faults & Bytes --
 Page Fault Count               : 0
 Read Bytes                     : 0
 Write Bytes                    : 0
 Block Read Bytes               : 0
 Block Write Bytes              : 0
[===============================================]

[===============================================]
Result of node_idx 0 in node_object 0: Multiply (ND)

-- Elapsed Time Analysis --
 Wall-clock Time                      : 88 us
 - Non I/O Handling Time (Estimated)  : 88 us
 - I/O Handling Time                  : 0 us
        - Read Syscall                : 0 us
        - Write Syscall               : 0 us
        - Page Fault                  : 0 us
        - io_uring                    : 0 us

-- I/O Counts --
 Read Syscall Count                   : 0
 Write Syscall Count                  : 0
 Block I/O Count                      : 0
 io_uring Completion Count            : 0

-- Total I/O Time (block device) --
 Total Block I/O Time           : 0

-- Page Faults & Bytes --
 Page Fault Count               : 0
 Read Bytes                     : 0
 Write Bytes                    : 0
 Block Read Bytes               : 0
 Block Write Bytes              : 0
[===============================================]

[===============================================]
Result of node_idx 1 in node_object 0: Sum (ND)

-- Elapsed Time Analysis --
 Wall-clock Time                      : 102 us
 - Non I/O Handling Time (Estimated)  : 102 us
 - I/O Handling Time                  : 0 us
        - Read Syscall                : 0 us
        - Write Syscall               : 0 us
        - Page Fault                  : 0 us
        - io_uring                    : 0 us

-- I/O Counts --
 Read Syscall Count                   : 0
 Write Syscall Count                  : 0
 Block I/O Count                      : 0
 io_uring Completion Count            : 0

-- Total I/O Time (block device) --
 Total Block I/O Time           : 0

-- Page Faults & Bytes --
 Page Fault Count               : 0
 Read Bytes                     : 0
 Write Bytes                    : 0
 Block Read Bytes               : 0
 Block Write Bytes              : 0
[===============================================]

[===============================================]
Result of node_idx 2 in node_object 0: Multiply (ND)

-- Elapsed Time Analysis --
 Wall-clock Time                      : 3 us
 - Non I/O Handling Time (Estimated)  : 3 us
 - I/O Handling Time                  : 0 us
        - Read Syscall                : 0 us
        - Write Syscall               : 0 us
        - Page Fault                  : 0 us
        - io_uring                    : 0 us

-- I/O Counts --
 Read Syscall Count                   : 0
 Write Syscall Count                  : 0
 Block I/O Count                      : 0
 io_uring Completion Count            : 0

-- Total I/O Time (block device) --
 Total Block I/O Time           : 0

-- Page Faults & Bytes --
 Page Fault Count               : 0
 Read Bytes                     : 0
 Write Bytes                    : 0
 Block Read Bytes               : 0
 Block Write Bytes              : 0
[===============================================]

[===============================================]
Result of node_idx 3 in node_object 0: Add (ND)

-- Elapsed Time Analysis --
 Wall-clock Time                      : 2 us
 - Non I/O Handling Time (Estimated)  : 2 us
 - I/O Handling Time                  : 0 us
        - Read Syscall                : 0 us
        - Write Syscall               : 0 us
        - Page Fault                  : 0 us
        - io_uring                    : 0 us

-- I/O Counts --
 Read Syscall Count                   : 0
 Write Syscall Count                  : 0
 Block I/O Count                      : 0
 io_uring Completion Count            : 0

-- Total I/O Time (block device) --
 Total Block I/O Time           : 0

-- Page Faults & Bytes --
 Page Fault Count               : 0
 Read Bytes                     : 0
 Write Bytes                    : 0
 Block Read Bytes               : 0
 Block Write Bytes              : 0
[===============================================]

[===============================================]
Result of node_idx 4 in node_object 0: Static Reshape (NC)

-- Elapsed Time Analysis --
 Wall-clock Time                      : 2 us
 - Non I/O Handling Time (Estimated)  : 2 us
 - I/O Handling Time                  : 0 us
        - Read Syscall                : 0 us
        - Write Syscall               : 0 us
        - Page Fault                  : 0 us
        - io_uring                    : 0 us

-- I/O Counts --
 Read Syscall Count                   : 0
 Write Syscall Count                  : 0
 Block I/O Count                      : 0
 io_uring Completion Count            : 0

-- Total I/O Time (block device) --
 Total Block I/O Time           : 0

-- Page Faults & Bytes --
 Page Fault Count               : 0
 Read Bytes                     : 0
 Write Bytes                    : 0
 Block Read Bytes               : 0
 Block Write Bytes              : 0
[===============================================]

[===============================================]
Result of node_idx 5 in node_object 0: Reciprocal Square Root (NC)

-- Elapsed Time Analysis --
 Wall-clock Time                      : 3 us
 - Non I/O Handling Time (Estimated)  : 3 us
 - I/O Handling Time                  : 0 us
        - Read Syscall                : 0 us
        - Write Syscall               : 0 us
        - Page Fault                  : 0 us
        - io_uring                    : 0 us

-- I/O Counts --
 Read Syscall Count                   : 0
 Write Syscall Count                  : 0
 Block I/O Count                      : 0
 io_uring Completion Count            : 0

-- Total I/O Time (block device) --
 Total Block I/O Time           : 0

-- Page Faults & Bytes --
 Page Fault Count               : 0
 Read Bytes                     : 0
 Write Bytes                    : 0
 Block Read Bytes               : 0
 Block Write Bytes              : 0
[===============================================]

[===============================================]
Result of node_idx 6 in node_object 0: Multiply (ND)

-- Elapsed Time Analysis --
 Wall-clock Time                      : 16 us
 - Non I/O Handling Time (Estimated)  : 16 us
 - I/O Handling Time                  : 0 us
        - Read Syscall                : 0 us
        - Write Syscall               : 0 us
        - Page Fault                  : 0 us
        - io_uring                    : 0 us

-- I/O Counts --
 Read Syscall Count                   : 0
 Write Syscall Count                  : 0
 Block I/O Count                      : 0
 io_uring Completion Count            : 0

-- Total I/O Time (block device) --
 Total Block I/O Time           : 0

-- Page Faults & Bytes --
 Page Fault Count               : 0
 Read Bytes                     : 0
 Write Bytes                    : 0
 Block Read Bytes               : 0
 Block Write Bytes              : 0
[===============================================]

[===============================================]
Result of node_idx 7 in node_object 0: Multiply (ND)

-- Elapsed Time Analysis --
 Wall-clock Time                      : 7 us
 - Non I/O Handling Time (Estimated)  : 7 us
 - I/O Handling Time                  : 0 us
        - Read Syscall                : 0 us
        - Write Syscall               : 0 us
        - Page Fault                  : 0 us
        - io_uring                    : 0 us

-- I/O Counts --
 Read Syscall Count                   : 0
 Write Syscall Count                  : 0
 Block I/O Count                      : 0
 io_uring Completion Count            : 0

-- Total I/O Time (block device) --
 Total Block I/O Time           : 0

-- Page Faults & Bytes --
 Page Fault Count               : 0
 Read Bytes                     : 0
 Write Bytes                    : 0
 Block Read Bytes               : 0
 Block Write Bytes              : 0
[===============================================]

[===============================================]
Result of node_idx 0 in node_object 0: Fully Connected (NC, QDU8, F32, QC8W)

-- Elapsed Time Analysis --
 Wall-clock Time                      : 571 us
 - Non I/O Handling Time (Estimated)  : 60 us
 - I/O Handling Time                  : 511 us
        - Read Syscall                : 0 us
        - Write Syscall               : 0 us
        - Page Fault                  : 511 us
        - io_uring                    : 0 us

-- I/O Counts --
 Read Syscall Count                   : 0
 Write Syscall Count                  : 0
 Block I/O Count                      : 2
 io_uring Completion Count            : 0

-- Total I/O Time (block device) --
 Total Block I/O Time           : 611

-- Page Faults & Bytes --
 Page Fault Count               : 6
 Read Bytes                     : 0
 Write Bytes                    : 0
 Block Read Bytes               : 45056
 Block Write Bytes              : 0
[===============================================]

[===============================================]
Result of node_idx 1 in node_object 0: Static Reshape (NC)

-- Elapsed Time Analysis --
 Wall-clock Time                      : 99 us
 - Non I/O Handling Time (Estimated)  : 99 us
 - I/O Handling Time                  : 0 us
        - Read Syscall                : 0 us
        - Write Syscall               : 0 us
        - Page Fault                  : 0 us
        - io_uring                    : 0 us

-- I/O Counts --
 Read Syscall Count                   : 0
 Write Syscall Count                  : 0
 Block I/O Count                      : 0
 io_uring Completion Count            : 0

-- Total I/O Time (block device) --
 Total Block I/O Time           : 0

-- Page Faults & Bytes --
 Page Fault Count               : 0
 Read Bytes                     : 0
 Write Bytes                    : 0
 Block Read Bytes               : 0
 Block Write Bytes              : 0
[===============================================]

[===============================================]
Result of node_idx 2 in node_object 0: Slice (ND, X32)

-- Elapsed Time Analysis --
 Wall-clock Time                      : 95 us
 - Non I/O Handling Time (Estimated)  : 95 us
 - I/O Handling Time                  : 0 us
        - Read Syscall                : 0 us
        - Write Syscall               : 0 us
        - Page Fault                  : 0 us
        - io_uring                    : 0 us

-- I/O Counts --
 Read Syscall Count                   : 0
 Write Syscall Count                  : 0
 Block I/O Count                      : 0
 io_uring Completion Count            : 0

-- Total I/O Time (block device) --
 Total Block I/O Time           : 0

-- Page Faults & Bytes --
 Page Fault Count               : 0
 Read Bytes                     : 0
 Write Bytes                    : 0
 Block Read Bytes               : 0
 Block Write Bytes              : 0
[===============================================]

[===============================================]
Result of node_idx 3 in node_object 0: Slice (ND, X32)

-- Elapsed Time Analysis --
 Wall-clock Time                      : 90 us
 - Non I/O Handling Time (Estimated)  : 90 us
 - I/O Handling Time                  : 0 us
        - Read Syscall                : 0 us
        - Write Syscall               : 0 us
        - Page Fault                  : 0 us
        - io_uring                    : 0 us

-- I/O Counts --
 Read Syscall Count                   : 0
 Write Syscall Count                  : 0
 Block I/O Count                      : 0
 io_uring Completion Count            : 0

-- Total I/O Time (block device) --
 Total Block I/O Time           : 0

-- Page Faults & Bytes --
 Page Fault Count               : 0
 Read Bytes                     : 0
 Write Bytes                    : 0
 Block Read Bytes               : 0
 Block Write Bytes              : 0
[===============================================]

[===============================================]
Result of node_idx 4 in node_object 0: Slice (ND, X32)

-- Elapsed Time Analysis --
 Wall-clock Time                      : 152 us
 - Non I/O Handling Time (Estimated)  : 152 us
 - I/O Handling Time                  : 0 us
        - Read Syscall                : 0 us
        - Write Syscall               : 0 us
        - Page Fault                  : 0 us
        - io_uring                    : 0 us

-- I/O Counts --
 Read Syscall Count                   : 0
 Write Syscall Count                  : 0
 Block I/O Count                      : 0
 io_uring Completion Count            : 0

-- Total I/O Time (block device) --
 Total Block I/O Time           : 0

-- Page Faults & Bytes --
 Page Fault Count               : 0
 Read Bytes                     : 0
 Write Bytes                    : 0
 Block Read Bytes               : 0
 Block Write Bytes              : 0
[===============================================]

[===============================================]
Result of node_idx 5 in node_object 0: Static Reshape (NC)

-- Elapsed Time Analysis --
 Wall-clock Time                      : 5 us
 - Non I/O Handling Time (Estimated)  : 5 us
 - I/O Handling Time                  : 0 us
        - Read Syscall                : 0 us
        - Write Syscall               : 0 us
        - Page Fault                  : 0 us
        - io_uring                    : 0 us

-- I/O Counts --
 Read Syscall Count                   : 0
 Write Syscall Count                  : 0
 Block I/O Count                      : 0
 io_uring Completion Count            : 0

-- Total I/O Time (block device) --
 Total Block I/O Time           : 0

-- Page Faults & Bytes --
 Page Fault Count               : 0
 Read Bytes                     : 0
 Write Bytes                    : 0
 Block Read Bytes               : 0
 Block Write Bytes              : 0
[===============================================]

[===============================================]
Result of node_idx 6 in node_object 0: Transpose (ND, X32)

-- Elapsed Time Analysis --
 Wall-clock Time                      : 5 us
 - Non I/O Handling Time (Estimated)  : 5 us
 - I/O Handling Time                  : 0 us
        - Read Syscall                : 0 us
        - Write Syscall               : 0 us
        - Page Fault                  : 0 us
        - io_uring                    : 0 us

-- I/O Counts --
 Read Syscall Count                   : 0
 Write Syscall Count                  : 0
 Block I/O Count                      : 0
 io_uring Completion Count            : 0

-- Total I/O Time (block device) --
 Total Block I/O Time           : 0

-- Page Faults & Bytes --
 Page Fault Count               : 0
 Read Bytes                     : 0
 Write Bytes                    : 0
 Block Read Bytes               : 0
 Block Write Bytes              : 0
[===============================================]

[===============================================]
Result of node_idx 7 in node_object 0: Slice (ND, X32)

-- Elapsed Time Analysis --
 Wall-clock Time                      : 95 us
 - Non I/O Handling Time (Estimated)  : 95 us
 - I/O Handling Time                  : 0 us
        - Read Syscall                : 0 us
        - Write Syscall               : 0 us
        - Page Fault                  : 0 us
        - io_uring                    : 0 us

-- I/O Counts --
 Read Syscall Count                   : 0
 Write Syscall Count                  : 0
 Block I/O Count                      : 0
 io_uring Completion Count            : 0

-- Total I/O Time (block device) --
 Total Block I/O Time           : 0

-- Page Faults & Bytes --
 Page Fault Count               : 0
 Read Bytes                     : 0
 Write Bytes                    : 0
 Block Read Bytes               : 0
 Block Write Bytes              : 0
[===============================================]

[===============================================]
Result of node_idx 8 in node_object 0: Slice (ND, X32)

-- Elapsed Time Analysis --
 Wall-clock Time                      : 102 us
 - Non I/O Handling Time (Estimated)  : 102 us
 - I/O Handling Time                  : 0 us
        - Read Syscall                : 0 us
        - Write Syscall               : 0 us
        - Page Fault                  : 0 us
        - io_uring                    : 0 us

-- I/O Counts --
 Read Syscall Count                   : 0
 Write Syscall Count                  : 0
 Block I/O Count                      : 0
 io_uring Completion Count            : 0

-- Total I/O Time (block device) --
 Total Block I/O Time           : 0

-- Page Faults & Bytes --
 Page Fault Count               : 0
 Read Bytes                     : 0
 Write Bytes                    : 0
 Block Read Bytes               : 0
 Block Write Bytes              : 0
[===============================================]

[===============================================]
Result of node_idx 9 in node_object 0: Multiply (ND)

-- Elapsed Time Analysis --
 Wall-clock Time                      : 88 us
 - Non I/O Handling Time (Estimated)  : 88 us
 - I/O Handling Time                  : 0 us
        - Read Syscall                : 0 us
        - Write Syscall               : 0 us
        - Page Fault                  : 0 us
        - io_uring                    : 0 us

-- I/O Counts --
 Read Syscall Count                   : 0
 Write Syscall Count                  : 0
 Block I/O Count                      : 0
 io_uring Completion Count            : 0

-- Total I/O Time (block device) --
 Total Block I/O Time           : 0

-- Page Faults & Bytes --
 Page Fault Count               : 0
 Read Bytes                     : 0
 Write Bytes                    : 0
 Block Read Bytes               : 0
 Block Write Bytes              : 0
[===============================================]

[===============================================]
Result of node_idx 10 in node_object 0: Multiply (ND)

-- Elapsed Time Analysis --
 Wall-clock Time                      : 98 us
 - Non I/O Handling Time (Estimated)  : 98 us
 - I/O Handling Time                  : 0 us
        - Read Syscall                : 0 us
        - Write Syscall               : 0 us
        - Page Fault                  : 0 us
        - io_uring                    : 0 us

-- I/O Counts --
 Read Syscall Count                   : 0
 Write Syscall Count                  : 0
 Block I/O Count                      : 0
 io_uring Completion Count            : 0

-- Total I/O Time (block device) --
 Total Block I/O Time           : 0

-- Page Faults & Bytes --
 Page Fault Count               : 0
 Read Bytes                     : 0
 Write Bytes                    : 0
 Block Read Bytes               : 0
 Block Write Bytes              : 0
[===============================================]

[===============================================]
Result of node_idx 11 in node_object 0: Subtract (ND)

-- Elapsed Time Analysis --
 Wall-clock Time                      : 90 us
 - Non I/O Handling Time (Estimated)  : 90 us
 - I/O Handling Time                  : 0 us
        - Read Syscall                : 0 us
        - Write Syscall               : 0 us
        - Page Fault                  : 0 us
        - io_uring                    : 0 us

-- I/O Counts --
 Read Syscall Count                   : 0
 Write Syscall Count                  : 0
 Block I/O Count                      : 0
 io_uring Completion Count            : 0

-- Total I/O Time (block device) --
 Total Block I/O Time           : 0

-- Page Faults & Bytes --
 Page Fault Count               : 0
 Read Bytes                     : 0
 Write Bytes                    : 0
 Block Read Bytes               : 0
 Block Write Bytes              : 0
[===============================================]

[===============================================]
Result of node_idx 12 in node_object 0: Multiply (ND)

-- Elapsed Time Analysis --
 Wall-clock Time                      : 88 us
 - Non I/O Handling Time (Estimated)  : 88 us
 - I/O Handling Time                  : 0 us
        - Read Syscall                : 0 us
        - Write Syscall               : 0 us
        - Page Fault                  : 0 us
        - io_uring                    : 0 us

-- I/O Counts --
 Read Syscall Count                   : 0
 Write Syscall Count                  : 0
 Block I/O Count                      : 0
 io_uring Completion Count            : 0

-- Total I/O Time (block device) --
 Total Block I/O Time           : 0

-- Page Faults & Bytes --
 Page Fault Count               : 0
 Read Bytes                     : 0
 Write Bytes                    : 0
 Block Read Bytes               : 0
 Block Write Bytes              : 0
[===============================================]

[===============================================]
Result of node_idx 13 in node_object 0: Multiply (ND)

-- Elapsed Time Analysis --
 Wall-clock Time                      : 123 us
 - Non I/O Handling Time (Estimated)  : 123 us
 - I/O Handling Time                  : 0 us
        - Read Syscall                : 0 us
        - Write Syscall               : 0 us
        - Page Fault                  : 0 us
        - io_uring                    : 0 us

-- I/O Counts --
 Read Syscall Count                   : 0
 Write Syscall Count                  : 0
 Block I/O Count                      : 0
 io_uring Completion Count            : 0

-- Total I/O Time (block device) --
 Total Block I/O Time           : 0

-- Page Faults & Bytes --
 Page Fault Count               : 0
 Read Bytes                     : 0
 Write Bytes                    : 0
 Block Read Bytes               : 0
 Block Write Bytes              : 0
[===============================================]

[===============================================]
Result of node_idx 14 in node_object 0: Add (ND)

-- Elapsed Time Analysis --
 Wall-clock Time                      : 98 us
 - Non I/O Handling Time (Estimated)  : 98 us
 - I/O Handling Time                  : 0 us
        - Read Syscall                : 0 us
        - Write Syscall               : 0 us
        - Page Fault                  : 0 us
        - io_uring                    : 0 us

-- I/O Counts --
 Read Syscall Count                   : 0
 Write Syscall Count                  : 0
 Block I/O Count                      : 0
 io_uring Completion Count            : 0

-- Total I/O Time (block device) --
 Total Block I/O Time           : 0

-- Page Faults & Bytes --
 Page Fault Count               : 0
 Read Bytes                     : 0
 Write Bytes                    : 0
 Block Read Bytes               : 0
 Block Write Bytes              : 0
[===============================================]

[===============================================]
Result of node_idx 15 in node_object 0: Copy (NC, X32)

-- Elapsed Time Analysis --
 Wall-clock Time                      : 90 us
 - Non I/O Handling Time (Estimated)  : 90 us
 - I/O Handling Time                  : 0 us
        - Read Syscall                : 0 us
        - Write Syscall               : 0 us
        - Page Fault                  : 0 us
        - io_uring                    : 0 us

-- I/O Counts --
 Read Syscall Count                   : 0
 Write Syscall Count                  : 0
 Block I/O Count                      : 0
 io_uring Completion Count            : 0

-- Total I/O Time (block device) --
 Total Block I/O Time           : 0

-- Page Faults & Bytes --
 Page Fault Count               : 0
 Read Bytes                     : 0
 Write Bytes                    : 0
 Block Read Bytes               : 0
 Block Write Bytes              : 0
[===============================================]

[===============================================]
Result of node_idx 15 in node_object 1: Copy (NC, X32)

-- Elapsed Time Analysis --
 Wall-clock Time                      : 85 us
 - Non I/O Handling Time (Estimated)  : 85 us
 - I/O Handling Time                  : 0 us
        - Read Syscall                : 0 us
        - Write Syscall               : 0 us
        - Page Fault                  : 0 us
        - io_uring                    : 0 us

-- I/O Counts --
 Read Syscall Count                   : 0
 Write Syscall Count                  : 0
 Block I/O Count                      : 0
 io_uring Completion Count            : 0

-- Total I/O Time (block device) --
 Total Block I/O Time           : 0

-- Page Faults & Bytes --
 Page Fault Count               : 0
 Read Bytes                     : 0
 Write Bytes                    : 0
 Block Read Bytes               : 0
 Block Write Bytes              : 0
[===============================================]

[===============================================]
Result of node_idx 16 in node_object 0: Transpose (ND, X32)

-- Elapsed Time Analysis --
 Wall-clock Time                      : 6 us
 - Non I/O Handling Time (Estimated)  : 6 us
 - I/O Handling Time                  : 0 us
        - Read Syscall                : 0 us
        - Write Syscall               : 0 us
        - Page Fault                  : 0 us
        - io_uring                    : 0 us

-- I/O Counts --
 Read Syscall Count                   : 0
 Write Syscall Count                  : 0
 Block I/O Count                      : 0
 io_uring Completion Count            : 0

-- Total I/O Time (block device) --
 Total Block I/O Time           : 0

-- Page Faults & Bytes --
 Page Fault Count               : 0
 Read Bytes                     : 0
 Write Bytes                    : 0
 Block Read Bytes               : 0
 Block Write Bytes              : 0
[===============================================]

[===============================================]
Result of node_idx 17 in node_object 0: Transpose (ND, X32)

-- Elapsed Time Analysis --
 Wall-clock Time                      : 3 us
 - Non I/O Handling Time (Estimated)  : 3 us
 - I/O Handling Time                  : 0 us
        - Read Syscall                : 0 us
        - Write Syscall               : 0 us
        - Page Fault                  : 0 us
        - io_uring                    : 0 us

-- I/O Counts --
 Read Syscall Count                   : 0
 Write Syscall Count                  : 0
 Block I/O Count                      : 0
 io_uring Completion Count            : 0

-- Total I/O Time (block device) --
 Total Block I/O Time           : 0

-- Page Faults & Bytes --
 Page Fault Count               : 0
 Read Bytes                     : 0
 Write Bytes                    : 0
 Block Read Bytes               : 0
 Block Write Bytes              : 0
[===============================================]

[===============================================]
Result of node_idx 18 in node_object 0: Slice (ND, X32)

-- Elapsed Time Analysis --
 Wall-clock Time                      : 81 us
 - Non I/O Handling Time (Estimated)  : 81 us
 - I/O Handling Time                  : 0 us
        - Read Syscall                : 0 us
        - Write Syscall               : 0 us
        - Page Fault                  : 0 us
        - io_uring                    : 0 us

-- I/O Counts --
 Read Syscall Count                   : 0
 Write Syscall Count                  : 0
 Block I/O Count                      : 0
 io_uring Completion Count            : 0

-- Total I/O Time (block device) --
 Total Block I/O Time           : 0

-- Page Faults & Bytes --
 Page Fault Count               : 0
 Read Bytes                     : 0
 Write Bytes                    : 0
 Block Read Bytes               : 0
 Block Write Bytes              : 0
[===============================================]

[===============================================]
Result of node_idx 19 in node_object 0: Slice (ND, X32)

-- Elapsed Time Analysis --
 Wall-clock Time                      : 207 us
 - Non I/O Handling Time (Estimated)  : 207 us
 - I/O Handling Time                  : 0 us
        - Read Syscall                : 0 us
        - Write Syscall               : 0 us
        - Page Fault                  : 0 us
        - io_uring                    : 0 us

-- I/O Counts --
 Read Syscall Count                   : 0
 Write Syscall Count                  : 0
 Block I/O Count                      : 0
 io_uring Completion Count            : 0

-- Total I/O Time (block device) --
 Total Block I/O Time           : 0

-- Page Faults & Bytes --
 Page Fault Count               : 0
 Read Bytes                     : 0
 Write Bytes                    : 0
 Block Read Bytes               : 0
 Block Write Bytes              : 0
[===============================================]

[===============================================]
Result of node_idx 20 in node_object 0: Multiply (ND)

-- Elapsed Time Analysis --
 Wall-clock Time                      : 78 us
 - Non I/O Handling Time (Estimated)  : 78 us
 - I/O Handling Time                  : 0 us
        - Read Syscall                : 0 us
        - Write Syscall               : 0 us
        - Page Fault                  : 0 us
        - io_uring                    : 0 us

-- I/O Counts --
 Read Syscall Count                   : 0
 Write Syscall Count                  : 0
 Block I/O Count                      : 0
 io_uring Completion Count            : 0

-- Total I/O Time (block device) --
 Total Block I/O Time           : 0

-- Page Faults & Bytes --
 Page Fault Count               : 0
 Read Bytes                     : 0
 Write Bytes                    : 0
 Block Read Bytes               : 0
 Block Write Bytes              : 0
[===============================================]

[===============================================]
Result of node_idx 21 in node_object 0: Multiply (ND)

-- Elapsed Time Analysis --
 Wall-clock Time                      : 86 us
 - Non I/O Handling Time (Estimated)  : 86 us
 - I/O Handling Time                  : 0 us
        - Read Syscall                : 0 us
        - Write Syscall               : 0 us
        - Page Fault                  : 0 us
        - io_uring                    : 0 us

-- I/O Counts --
 Read Syscall Count                   : 0
 Write Syscall Count                  : 0
 Block I/O Count                      : 0
 io_uring Completion Count            : 0

-- Total I/O Time (block device) --
 Total Block I/O Time           : 0

-- Page Faults & Bytes --
 Page Fault Count               : 0
 Read Bytes                     : 0
 Write Bytes                    : 0
 Block Read Bytes               : 0
 Block Write Bytes              : 0
[===============================================]

[===============================================]
Result of node_idx 22 in node_object 0: Subtract (ND)

-- Elapsed Time Analysis --
 Wall-clock Time                      : 88 us
 - Non I/O Handling Time (Estimated)  : 88 us
 - I/O Handling Time                  : 0 us
        - Read Syscall                : 0 us
        - Write Syscall               : 0 us
        - Page Fault                  : 0 us
        - io_uring                    : 0 us

-- I/O Counts --
 Read Syscall Count                   : 0
 Write Syscall Count                  : 0
 Block I/O Count                      : 0
 io_uring Completion Count            : 0

-- Total I/O Time (block device) --
 Total Block I/O Time           : 0

-- Page Faults & Bytes --
 Page Fault Count               : 0
 Read Bytes                     : 0
 Write Bytes                    : 0
 Block Read Bytes               : 0
 Block Write Bytes              : 0
[===============================================]

[===============================================]
Result of node_idx 23 in node_object 0: Multiply (ND)

-- Elapsed Time Analysis --
 Wall-clock Time                      : 92 us
 - Non I/O Handling Time (Estimated)  : 92 us
 - I/O Handling Time                  : 0 us
        - Read Syscall                : 0 us
        - Write Syscall               : 0 us
        - Page Fault                  : 0 us
        - io_uring                    : 0 us

-- I/O Counts --
 Read Syscall Count                   : 0
 Write Syscall Count                  : 0
 Block I/O Count                      : 0
 io_uring Completion Count            : 0

-- Total I/O Time (block device) --
 Total Block I/O Time           : 0

-- Page Faults & Bytes --
 Page Fault Count               : 0
 Read Bytes                     : 0
 Write Bytes                    : 0
 Block Read Bytes               : 0
 Block Write Bytes              : 0
[===============================================]

[===============================================]
Result of node_idx 24 in node_object 0: Multiply (ND)

-- Elapsed Time Analysis --
 Wall-clock Time                      : 90 us
 - Non I/O Handling Time (Estimated)  : 90 us
 - I/O Handling Time                  : 0 us
        - Read Syscall                : 0 us
        - Write Syscall               : 0 us
        - Page Fault                  : 0 us
        - io_uring                    : 0 us

-- I/O Counts --
 Read Syscall Count                   : 0
 Write Syscall Count                  : 0
 Block I/O Count                      : 0
 io_uring Completion Count            : 0

-- Total I/O Time (block device) --
 Total Block I/O Time           : 0

-- Page Faults & Bytes --
 Page Fault Count               : 0
 Read Bytes                     : 0
 Write Bytes                    : 0
 Block Read Bytes               : 0
 Block Write Bytes              : 0
[===============================================]

[===============================================]
Result of node_idx 25 in node_object 0: Add (ND)

-- Elapsed Time Analysis --
 Wall-clock Time                      : 81 us
 - Non I/O Handling Time (Estimated)  : 81 us
 - I/O Handling Time                  : 0 us
        - Read Syscall                : 0 us
        - Write Syscall               : 0 us
        - Page Fault                  : 0 us
        - io_uring                    : 0 us

-- I/O Counts --
 Read Syscall Count                   : 0
 Write Syscall Count                  : 0
 Block I/O Count                      : 0
 io_uring Completion Count            : 0

-- Total I/O Time (block device) --
 Total Block I/O Time           : 0

-- Page Faults & Bytes --
 Page Fault Count               : 0
 Read Bytes                     : 0
 Write Bytes                    : 0
 Block Read Bytes               : 0
 Block Write Bytes              : 0
[===============================================]

[===============================================]
Result of node_idx 26 in node_object 0: Copy (NC, X32)

-- Elapsed Time Analysis --
 Wall-clock Time                      : 79 us
 - Non I/O Handling Time (Estimated)  : 79 us
 - I/O Handling Time                  : 0 us
        - Read Syscall                : 0 us
        - Write Syscall               : 0 us
        - Page Fault                  : 0 us
        - io_uring                    : 0 us

-- I/O Counts --
 Read Syscall Count                   : 0
 Write Syscall Count                  : 0
 Block I/O Count                      : 0
 io_uring Completion Count            : 0

-- Total I/O Time (block device) --
 Total Block I/O Time           : 0

-- Page Faults & Bytes --
 Page Fault Count               : 0
 Read Bytes                     : 0
 Write Bytes                    : 0
 Block Read Bytes               : 0
 Block Write Bytes              : 0
[===============================================]

[===============================================]
Result of node_idx 26 in node_object 1: Copy (NC, X32)

-- Elapsed Time Analysis --
 Wall-clock Time                      : 88 us
 - Non I/O Handling Time (Estimated)  : 88 us
 - I/O Handling Time                  : 0 us
        - Read Syscall                : 0 us
        - Write Syscall               : 0 us
        - Page Fault                  : 0 us
        - io_uring                    : 0 us

-- I/O Counts --
 Read Syscall Count                   : 0
 Write Syscall Count                  : 0
 Block I/O Count                      : 0
 io_uring Completion Count            : 0

-- Total I/O Time (block device) --
 Total Block I/O Time           : 0

-- Page Faults & Bytes --
 Page Fault Count               : 0
 Read Bytes                     : 0
 Write Bytes                    : 0
 Block Read Bytes               : 0
 Block Write Bytes              : 0
[===============================================]

[===============================================]
Result of node_idx 27 in node_object 0: Transpose (ND, X32)

-- Elapsed Time Analysis --
 Wall-clock Time                      : 5 us
 - Non I/O Handling Time (Estimated)  : 5 us
 - I/O Handling Time                  : 0 us
        - Read Syscall                : 0 us
        - Write Syscall               : 0 us
        - Page Fault                  : 0 us
        - io_uring                    : 0 us

-- I/O Counts --
 Read Syscall Count                   : 0
 Write Syscall Count                  : 0
 Block I/O Count                      : 0
 io_uring Completion Count            : 0

-- Total I/O Time (block device) --
 Total Block I/O Time           : 0

-- Page Faults & Bytes --
 Page Fault Count               : 0
 Read Bytes                     : 0
 Write Bytes                    : 0
 Block Read Bytes               : 0
 Block Write Bytes              : 0
[===============================================]

[===============================================]
Result of node_idx 0 in node_object 0: Multiply (ND)

-- Elapsed Time Analysis --
 Wall-clock Time                      : 85 us
 - Non I/O Handling Time (Estimated)  : 85 us
 - I/O Handling Time                  : 0 us
        - Read Syscall                : 0 us
        - Write Syscall               : 0 us
        - Page Fault                  : 0 us
        - io_uring                    : 0 us

-- I/O Counts --
 Read Syscall Count                   : 0
 Write Syscall Count                  : 0
 Block I/O Count                      : 0
 io_uring Completion Count            : 0

-- Total I/O Time (block device) --
 Total Block I/O Time           : 0

-- Page Faults & Bytes --
 Page Fault Count               : 0
 Read Bytes                     : 0
 Write Bytes                    : 0
 Block Read Bytes               : 0
 Block Write Bytes              : 0
[===============================================]

[===============================================]
Result of node_idx 1 in node_object 0: Transpose (ND, X32)

-- Elapsed Time Analysis --
 Wall-clock Time                      : 4 us
 - Non I/O Handling Time (Estimated)  : 4 us
 - I/O Handling Time                  : 0 us
        - Read Syscall                : 0 us
        - Write Syscall               : 0 us
        - Page Fault                  : 0 us
        - io_uring                    : 0 us

-- I/O Counts --
 Read Syscall Count                   : 0
 Write Syscall Count                  : 0
 Block I/O Count                      : 0
 io_uring Completion Count            : 0

-- Total I/O Time (block device) --
 Total Block I/O Time           : 0

-- Page Faults & Bytes --
 Page Fault Count               : 0
 Read Bytes                     : 0
 Write Bytes                    : 0
 Block Read Bytes               : 0
 Block Write Bytes              : 0
[===============================================]

[===============================================]
Result of node_idx 2 in node_object 0: Transpose (ND, X32)

-- Elapsed Time Analysis --
 Wall-clock Time                      : 108 us
 - Non I/O Handling Time (Estimated)  : 108 us
 - I/O Handling Time                  : 0 us
        - Read Syscall                : 0 us
        - Write Syscall               : 0 us
        - Page Fault                  : 0 us
        - io_uring                    : 0 us

-- I/O Counts --
 Read Syscall Count                   : 0
 Write Syscall Count                  : 0
 Block I/O Count                      : 0
 io_uring Completion Count            : 0

-- Total I/O Time (block device) --
 Total Block I/O Time           : 0

-- Page Faults & Bytes --
 Page Fault Count               : 0
 Read Bytes                     : 0
 Write Bytes                    : 0
 Block Read Bytes               : 0
 Block Write Bytes              : 0
[===============================================]

[===============================================]
Result of node_idx 3 in node_object 0: Static Reshape (NC)

-- Elapsed Time Analysis --
 Wall-clock Time                      : 2 us
 - Non I/O Handling Time (Estimated)  : 2 us
 - I/O Handling Time                  : 0 us
        - Read Syscall                : 0 us
        - Write Syscall               : 0 us
        - Page Fault                  : 0 us
        - io_uring                    : 0 us

-- I/O Counts --
 Read Syscall Count                   : 0
 Write Syscall Count                  : 0
 Block I/O Count                      : 0
 io_uring Completion Count            : 0

-- Total I/O Time (block device) --
 Total Block I/O Time           : 0

-- Page Faults & Bytes --
 Page Fault Count               : 0
 Read Bytes                     : 0
 Write Bytes                    : 0
 Block Read Bytes               : 0
 Block Write Bytes              : 0
[===============================================]

[===============================================]
Result of node_idx 4 in node_object 0: Static Reshape (NC)

-- Elapsed Time Analysis --
 Wall-clock Time                      : 2 us
 - Non I/O Handling Time (Estimated)  : 2 us
 - I/O Handling Time                  : 0 us
        - Read Syscall                : 0 us
        - Write Syscall               : 0 us
        - Page Fault                  : 0 us
        - io_uring                    : 0 us

-- I/O Counts --
 Read Syscall Count                   : 0
 Write Syscall Count                  : 0
 Block I/O Count                      : 0
 io_uring Completion Count            : 0

-- Total I/O Time (block device) --
 Total Block I/O Time           : 0

-- Page Faults & Bytes --
 Page Fault Count               : 0
 Read Bytes                     : 0
 Write Bytes                    : 0
 Block Read Bytes               : 0
 Block Write Bytes              : 0
[===============================================]

[===============================================]
Result of node_idx 5 in node_object 0: Batch Matrix Multiply (NC, F32)

-- Elapsed Time Analysis --
 Wall-clock Time                      : 65 us
 - Non I/O Handling Time (Estimated)  : 65 us
 - I/O Handling Time                  : 0 us
        - Read Syscall                : 0 us
        - Write Syscall               : 0 us
        - Page Fault                  : 0 us
        - io_uring                    : 0 us

-- I/O Counts --
 Read Syscall Count                   : 0
 Write Syscall Count                  : 0
 Block I/O Count                      : 0
 io_uring Completion Count            : 0

-- Total I/O Time (block device) --
 Total Block I/O Time           : 0

-- Page Faults & Bytes --
 Page Fault Count               : 0
 Read Bytes                     : 0
 Write Bytes                    : 0
 Block Read Bytes               : 0
 Block Write Bytes              : 0
[===============================================]

[===============================================]
Result of node_idx 6 in node_object 0: Static Reshape (NC)

-- Elapsed Time Analysis --
 Wall-clock Time                      : 3 us
 - Non I/O Handling Time (Estimated)  : 3 us
 - I/O Handling Time                  : 0 us
        - Read Syscall                : 0 us
        - Write Syscall               : 0 us
        - Page Fault                  : 0 us
        - io_uring                    : 0 us

-- I/O Counts --
 Read Syscall Count                   : 0
 Write Syscall Count                  : 0
 Block I/O Count                      : 0
 io_uring Completion Count            : 0

-- Total I/O Time (block device) --
 Total Block I/O Time           : 0

-- Page Faults & Bytes --
 Page Fault Count               : 0
 Read Bytes                     : 0
 Write Bytes                    : 0
 Block Read Bytes               : 0
 Block Write Bytes              : 0
[===============================================]

[===============================================]
Result of node_idx 7 in node_object 0: Add (ND)

-- Elapsed Time Analysis --
 Wall-clock Time                      : 8 us
 - Non I/O Handling Time (Estimated)  : 8 us
 - I/O Handling Time                  : 0 us
        - Read Syscall                : 0 us
        - Write Syscall               : 0 us
        - Page Fault                  : 0 us
        - io_uring                    : 0 us

-- I/O Counts --
 Read Syscall Count                   : 0
 Write Syscall Count                  : 0
 Block I/O Count                      : 0
 io_uring Completion Count            : 0

-- Total I/O Time (block device) --
 Total Block I/O Time           : 0

-- Page Faults & Bytes --
 Page Fault Count               : 0
 Read Bytes                     : 0
 Write Bytes                    : 0
 Block Read Bytes               : 0
 Block Write Bytes              : 0
[===============================================]

[===============================================]
Result of node_idx 8 in node_object 0: Softmax (NC, F32)

-- Elapsed Time Analysis --
 Wall-clock Time                      : 14 us
 - Non I/O Handling Time (Estimated)  : 14 us
 - I/O Handling Time                  : 0 us
        - Read Syscall                : 0 us
        - Write Syscall               : 0 us
        - Page Fault                  : 0 us
        - io_uring                    : 0 us

-- I/O Counts --
 Read Syscall Count                   : 0
 Write Syscall Count                  : 0
 Block I/O Count                      : 0
 io_uring Completion Count            : 0

-- Total I/O Time (block device) --
 Total Block I/O Time           : 0

-- Page Faults & Bytes --
 Page Fault Count               : 0
 Read Bytes                     : 0
 Write Bytes                    : 0
 Block Read Bytes               : 0
 Block Write Bytes              : 0
[===============================================]

[===============================================]
Result of node_idx 9 in node_object 0: Transpose (ND, X32)

-- Elapsed Time Analysis --
 Wall-clock Time                      : 33 us
 - Non I/O Handling Time (Estimated)  : 33 us
 - I/O Handling Time                  : 0 us
        - Read Syscall                : 0 us
        - Write Syscall               : 0 us
        - Page Fault                  : 0 us
        - io_uring                    : 0 us

-- I/O Counts --
 Read Syscall Count                   : 0
 Write Syscall Count                  : 0
 Block I/O Count                      : 0
 io_uring Completion Count            : 0

-- Total I/O Time (block device) --
 Total Block I/O Time           : 0

-- Page Faults & Bytes --
 Page Fault Count               : 0
 Read Bytes                     : 0
 Write Bytes                    : 0
 Block Read Bytes               : 0
 Block Write Bytes              : 0
[===============================================]

[===============================================]
Result of node_idx 10 in node_object 0: Static Reshape (NC)

-- Elapsed Time Analysis --
 Wall-clock Time                      : 3 us
 - Non I/O Handling Time (Estimated)  : 3 us
 - I/O Handling Time                  : 0 us
        - Read Syscall                : 0 us
        - Write Syscall               : 0 us
        - Page Fault                  : 0 us
        - io_uring                    : 0 us

-- I/O Counts --
 Read Syscall Count                   : 0
 Write Syscall Count                  : 0
 Block I/O Count                      : 0
 io_uring Completion Count            : 0

-- Total I/O Time (block device) --
 Total Block I/O Time           : 0

-- Page Faults & Bytes --
 Page Fault Count               : 0
 Read Bytes                     : 0
 Write Bytes                    : 0
 Block Read Bytes               : 0
 Block Write Bytes              : 0
[===============================================]

[===============================================]
Result of node_idx 11 in node_object 0: Static Reshape (NC)

-- Elapsed Time Analysis --
 Wall-clock Time                      : 3 us
 - Non I/O Handling Time (Estimated)  : 3 us
 - I/O Handling Time                  : 0 us
        - Read Syscall                : 0 us
        - Write Syscall               : 0 us
        - Page Fault                  : 0 us
        - io_uring                    : 0 us

-- I/O Counts --
 Read Syscall Count                   : 0
 Write Syscall Count                  : 0
 Block I/O Count                      : 0
 io_uring Completion Count            : 0

-- Total I/O Time (block device) --
 Total Block I/O Time           : 0

-- Page Faults & Bytes --
 Page Fault Count               : 0
 Read Bytes                     : 0
 Write Bytes                    : 0
 Block Read Bytes               : 0
 Block Write Bytes              : 0
[===============================================]

[===============================================]
Result of node_idx 12 in node_object 0: Batch Matrix Multiply (NC, F32)

-- Elapsed Time Analysis --
 Wall-clock Time                      : 61 us
 - Non I/O Handling Time (Estimated)  : 61 us
 - I/O Handling Time                  : 0 us
        - Read Syscall                : 0 us
        - Write Syscall               : 0 us
        - Page Fault                  : 0 us
        - io_uring                    : 0 us

-- I/O Counts --
 Read Syscall Count                   : 0
 Write Syscall Count                  : 0
 Block I/O Count                      : 0
 io_uring Completion Count            : 0

-- Total I/O Time (block device) --
 Total Block I/O Time           : 0

-- Page Faults & Bytes --
 Page Fault Count               : 0
 Read Bytes                     : 0
 Write Bytes                    : 0
 Block Read Bytes               : 0
 Block Write Bytes              : 0
[===============================================]

[===============================================]
Result of node_idx 13 in node_object 0: Static Reshape (NC)

-- Elapsed Time Analysis --
 Wall-clock Time                      : 3 us
 - Non I/O Handling Time (Estimated)  : 3 us
 - I/O Handling Time                  : 0 us
        - Read Syscall                : 0 us
        - Write Syscall               : 0 us
        - Page Fault                  : 0 us
        - io_uring                    : 0 us

-- I/O Counts --
 Read Syscall Count                   : 0
 Write Syscall Count                  : 0
 Block I/O Count                      : 0
 io_uring Completion Count            : 0

-- Total I/O Time (block device) --
 Total Block I/O Time           : 0

-- Page Faults & Bytes --
 Page Fault Count               : 0
 Read Bytes                     : 0
 Write Bytes                    : 0
 Block Read Bytes               : 0
 Block Write Bytes              : 0
[===============================================]

[===============================================]
Result of node_idx 14 in node_object 0: Transpose (ND, X32)

-- Elapsed Time Analysis --
 Wall-clock Time                      : 4 us
 - Non I/O Handling Time (Estimated)  : 4 us
 - I/O Handling Time                  : 0 us
        - Read Syscall                : 0 us
        - Write Syscall               : 0 us
        - Page Fault                  : 0 us
        - io_uring                    : 0 us

-- I/O Counts --
 Read Syscall Count                   : 0
 Write Syscall Count                  : 0
 Block I/O Count                      : 0
 io_uring Completion Count            : 0

-- Total I/O Time (block device) --
 Total Block I/O Time           : 0

-- Page Faults & Bytes --
 Page Fault Count               : 0
 Read Bytes                     : 0
 Write Bytes                    : 0
 Block Read Bytes               : 0
 Block Write Bytes              : 0
[===============================================]

[===============================================]
Result of node_idx 15 in node_object 0: Static Reshape (NC)

-- Elapsed Time Analysis --
 Wall-clock Time                      : 3 us
 - Non I/O Handling Time (Estimated)  : 3 us
 - I/O Handling Time                  : 0 us
        - Read Syscall                : 0 us
        - Write Syscall               : 0 us
        - Page Fault                  : 0 us
        - io_uring                    : 0 us

-- I/O Counts --
 Read Syscall Count                   : 0
 Write Syscall Count                  : 0
 Block I/O Count                      : 0
 io_uring Completion Count            : 0

-- Total I/O Time (block device) --
 Total Block I/O Time           : 0

-- Page Faults & Bytes --
 Page Fault Count               : 0
 Read Bytes                     : 0
 Write Bytes                    : 0
 Block Read Bytes               : 0
 Block Write Bytes              : 0
[===============================================]

[===============================================]
Result of node_idx 16 in node_object 0: Fully Connected (NC, QDU8, F32, QC8W)

-- Elapsed Time Analysis --
 Wall-clock Time                      : 586 us
 - Non I/O Handling Time (Estimated)  : 21 us
 - I/O Handling Time                  : 565 us
        - Read Syscall                : 0 us
        - Write Syscall               : 0 us
        - Page Fault                  : 565 us
        - io_uring                    : 0 us

-- I/O Counts --
 Read Syscall Count                   : 0
 Write Syscall Count                  : 0
 Block I/O Count                      : 1
 io_uring Completion Count            : 0

-- Total I/O Time (block device) --
 Total Block I/O Time           : 465

-- Page Faults & Bytes --
 Page Fault Count               : 4
 Read Bytes                     : 0
 Write Bytes                    : 0
 Block Read Bytes               : 73728
 Block Write Bytes              : 0
[===============================================]

[===============================================]
Result of node_idx 17 in node_object 0: Add (ND)

-- Elapsed Time Analysis --
 Wall-clock Time                      : 18 us
 - Non I/O Handling Time (Estimated)  : 18 us
 - I/O Handling Time                  : 0 us
        - Read Syscall                : 0 us
        - Write Syscall               : 0 us
        - Page Fault                  : 0 us
        - io_uring                    : 0 us

-- I/O Counts --
 Read Syscall Count                   : 0
 Write Syscall Count                  : 0
 Block I/O Count                      : 0
 io_uring Completion Count            : 0

-- Total I/O Time (block device) --
 Total Block I/O Time           : 0

-- Page Faults & Bytes --
 Page Fault Count               : 0
 Read Bytes                     : 0
 Write Bytes                    : 0
 Block Read Bytes               : 0
 Block Write Bytes              : 0
[===============================================]

[===============================================]
Result of node_idx 0 in node_object 0: Multiply (ND)

-- Elapsed Time Analysis --
 Wall-clock Time                      : 12 us
 - Non I/O Handling Time (Estimated)  : 12 us
 - I/O Handling Time                  : 0 us
        - Read Syscall                : 0 us
        - Write Syscall               : 0 us
        - Page Fault                  : 0 us
        - io_uring                    : 0 us

-- I/O Counts --
 Read Syscall Count                   : 0
 Write Syscall Count                  : 0
 Block I/O Count                      : 0
 io_uring Completion Count            : 0

-- Total I/O Time (block device) --
 Total Block I/O Time           : 0

-- Page Faults & Bytes --
 Page Fault Count               : 0
 Read Bytes                     : 0
 Write Bytes                    : 0
 Block Read Bytes               : 0
 Block Write Bytes              : 0
[===============================================]

[===============================================]
Result of node_idx 1 in node_object 0: Sum (ND)

-- Elapsed Time Analysis --
 Wall-clock Time                      : 7 us
 - Non I/O Handling Time (Estimated)  : 7 us
 - I/O Handling Time                  : 0 us
        - Read Syscall                : 0 us
        - Write Syscall               : 0 us
        - Page Fault                  : 0 us
        - io_uring                    : 0 us

-- I/O Counts --
 Read Syscall Count                   : 0
 Write Syscall Count                  : 0
 Block I/O Count                      : 0
 io_uring Completion Count            : 0

-- Total I/O Time (block device) --
 Total Block I/O Time           : 0

-- Page Faults & Bytes --
 Page Fault Count               : 0
 Read Bytes                     : 0
 Write Bytes                    : 0
 Block Read Bytes               : 0
 Block Write Bytes              : 0
[===============================================]

[===============================================]
Result of node_idx 2 in node_object 0: Multiply (ND)

-- Elapsed Time Analysis --
 Wall-clock Time                      : 4 us
 - Non I/O Handling Time (Estimated)  : 4 us
 - I/O Handling Time                  : 0 us
        - Read Syscall                : 0 us
        - Write Syscall               : 0 us
        - Page Fault                  : 0 us
        - io_uring                    : 0 us

-- I/O Counts --
 Read Syscall Count                   : 0
 Write Syscall Count                  : 0
 Block I/O Count                      : 0
 io_uring Completion Count            : 0

-- Total I/O Time (block device) --
 Total Block I/O Time           : 0

-- Page Faults & Bytes --
 Page Fault Count               : 0
 Read Bytes                     : 0
 Write Bytes                    : 0
 Block Read Bytes               : 0
 Block Write Bytes              : 0
[===============================================]

[===============================================]
Result of node_idx 3 in node_object 0: Add (ND)

-- Elapsed Time Analysis --
 Wall-clock Time                      : 3 us
 - Non I/O Handling Time (Estimated)  : 3 us
 - I/O Handling Time                  : 0 us
        - Read Syscall                : 0 us
        - Write Syscall               : 0 us
        - Page Fault                  : 0 us
        - io_uring                    : 0 us

-- I/O Counts --
 Read Syscall Count                   : 0
 Write Syscall Count                  : 0
 Block I/O Count                      : 0
 io_uring Completion Count            : 0

-- Total I/O Time (block device) --
 Total Block I/O Time           : 0

-- Page Faults & Bytes --
 Page Fault Count               : 0
 Read Bytes                     : 0
 Write Bytes                    : 0
 Block Read Bytes               : 0
 Block Write Bytes              : 0
[===============================================]

[===============================================]
Result of node_idx 4 in node_object 0: Static Reshape (NC)

-- Elapsed Time Analysis --
 Wall-clock Time                      : 3 us
 - Non I/O Handling Time (Estimated)  : 3 us
 - I/O Handling Time                  : 0 us
        - Read Syscall                : 0 us
        - Write Syscall               : 0 us
        - Page Fault                  : 0 us
        - io_uring                    : 0 us

-- I/O Counts --
 Read Syscall Count                   : 0
 Write Syscall Count                  : 0
 Block I/O Count                      : 0
 io_uring Completion Count            : 0

-- Total I/O Time (block device) --
 Total Block I/O Time           : 0

-- Page Faults & Bytes --
 Page Fault Count               : 0
 Read Bytes                     : 0
 Write Bytes                    : 0
 Block Read Bytes               : 0
 Block Write Bytes              : 0
[===============================================]

[===============================================]
Result of node_idx 5 in node_object 0: Reciprocal Square Root (NC)

-- Elapsed Time Analysis --
 Wall-clock Time                      : 3 us
 - Non I/O Handling Time (Estimated)  : 3 us
 - I/O Handling Time                  : 0 us
        - Read Syscall                : 0 us
        - Write Syscall               : 0 us
        - Page Fault                  : 0 us
        - io_uring                    : 0 us

-- I/O Counts --
 Read Syscall Count                   : 0
 Write Syscall Count                  : 0
 Block I/O Count                      : 0
 io_uring Completion Count            : 0

-- Total I/O Time (block device) --
 Total Block I/O Time           : 0

-- Page Faults & Bytes --
 Page Fault Count               : 0
 Read Bytes                     : 0
 Write Bytes                    : 0
 Block Read Bytes               : 0
 Block Write Bytes              : 0
[===============================================]

[===============================================]
Result of node_idx 6 in node_object 0: Multiply (ND)

-- Elapsed Time Analysis --
 Wall-clock Time                      : 6 us
 - Non I/O Handling Time (Estimated)  : 6 us
 - I/O Handling Time                  : 0 us
        - Read Syscall                : 0 us
        - Write Syscall               : 0 us
        - Page Fault                  : 0 us
        - io_uring                    : 0 us

-- I/O Counts --
 Read Syscall Count                   : 0
 Write Syscall Count                  : 0
 Block I/O Count                      : 0
 io_uring Completion Count            : 0

-- Total I/O Time (block device) --
 Total Block I/O Time           : 0

-- Page Faults & Bytes --
 Page Fault Count               : 0
 Read Bytes                     : 0
 Write Bytes                    : 0
 Block Read Bytes               : 0
 Block Write Bytes              : 0
[===============================================]

[===============================================]
Result of node_idx 7 in node_object 0: Multiply (ND)

-- Elapsed Time Analysis --
 Wall-clock Time                      : 5 us
 - Non I/O Handling Time (Estimated)  : 5 us
 - I/O Handling Time                  : 0 us
        - Read Syscall                : 0 us
        - Write Syscall               : 0 us
        - Page Fault                  : 0 us
        - io_uring                    : 0 us

-- I/O Counts --
 Read Syscall Count                   : 0
 Write Syscall Count                  : 0
 Block I/O Count                      : 0
 io_uring Completion Count            : 0

-- Total I/O Time (block device) --
 Total Block I/O Time           : 0

-- Page Faults & Bytes --
 Page Fault Count               : 0
 Read Bytes                     : 0
 Write Bytes                    : 0
 Block Read Bytes               : 0
 Block Write Bytes              : 0
[===============================================]

[===============================================]
Result of node_idx 0 in node_object 0: Fully Connected (NC, QDU8, F32, QC8W)

-- Elapsed Time Analysis --
 Wall-clock Time                      : 858 us
 - Non I/O Handling Time (Estimated)  : 109 us
 - I/O Handling Time                  : 749 us
        - Read Syscall                : 0 us
        - Write Syscall               : 0 us
        - Page Fault                  : 749 us
        - io_uring                    : 0 us

-- I/O Counts --
 Read Syscall Count                   : 0
 Write Syscall Count                  : 0
 Block I/O Count                      : 1
 io_uring Completion Count            : 0

-- Total I/O Time (block device) --
 Total Block I/O Time           : 0

-- Page Faults & Bytes --
 Page Fault Count               : 8
 Read Bytes                     : 0
 Write Bytes                    : 0
 Block Read Bytes               : 0
 Block Write Bytes              : 0
[===============================================]

[===============================================]
Result of node_idx 1 in node_object 0: Sigmoid (NC)

-- Elapsed Time Analysis --
 Wall-clock Time                      : 16 us
 - Non I/O Handling Time (Estimated)  : 16 us
 - I/O Handling Time                  : 0 us
        - Read Syscall                : 0 us
        - Write Syscall               : 0 us
        - Page Fault                  : 0 us
        - io_uring                    : 0 us

-- I/O Counts --
 Read Syscall Count                   : 0
 Write Syscall Count                  : 0
 Block I/O Count                      : 0
 io_uring Completion Count            : 0

-- Total I/O Time (block device) --
 Total Block I/O Time           : 0

-- Page Faults & Bytes --
 Page Fault Count               : 0
 Read Bytes                     : 0
 Write Bytes                    : 0
 Block Read Bytes               : 0
 Block Write Bytes              : 0
[===============================================]

[===============================================]
Result of node_idx 2 in node_object 0: Multiply (ND)

-- Elapsed Time Analysis --
 Wall-clock Time                      : 7 us
 - Non I/O Handling Time (Estimated)  : 7 us
 - I/O Handling Time                  : 0 us
        - Read Syscall                : 0 us
        - Write Syscall               : 0 us
        - Page Fault                  : 0 us
        - io_uring                    : 0 us

-- I/O Counts --
 Read Syscall Count                   : 0
 Write Syscall Count                  : 0
 Block I/O Count                      : 0
 io_uring Completion Count            : 0

-- Total I/O Time (block device) --
 Total Block I/O Time           : 0

-- Page Faults & Bytes --
 Page Fault Count               : 0
 Read Bytes                     : 0
 Write Bytes                    : 0
 Block Read Bytes               : 0
 Block Write Bytes              : 0
[===============================================]

[===============================================]
Result of node_idx 3 in node_object 0: Fully Connected (NC, QDU8, F32, QC8W)

-- Elapsed Time Analysis --
 Wall-clock Time                      : 743 us
 - Non I/O Handling Time (Estimated)  : 87 us
 - I/O Handling Time                  : 656 us
        - Read Syscall                : 0 us
        - Write Syscall               : 0 us
        - Page Fault                  : 656 us
        - io_uring                    : 0 us

-- I/O Counts --
 Read Syscall Count                   : 0
 Write Syscall Count                  : 0
 Block I/O Count                      : 1
 io_uring Completion Count            : 0

-- Total I/O Time (block device) --
 Total Block I/O Time           : 845

-- Page Faults & Bytes --
 Page Fault Count               : 2
 Read Bytes                     : 0
 Write Bytes                    : 0
 Block Read Bytes               : 262144
 Block Write Bytes              : 0
[===============================================]

[===============================================]
Result of node_idx 4 in node_object 0: Multiply (ND)

-- Elapsed Time Analysis --
 Wall-clock Time                      : 32 us
 - Non I/O Handling Time (Estimated)  : 32 us
 - I/O Handling Time                  : 0 us
        - Read Syscall                : 0 us
        - Write Syscall               : 0 us
        - Page Fault                  : 0 us
        - io_uring                    : 0 us

-- I/O Counts --
 Read Syscall Count                   : 0
 Write Syscall Count                  : 0
 Block I/O Count                      : 0
 io_uring Completion Count            : 0

-- Total I/O Time (block device) --
 Total Block I/O Time           : 0

-- Page Faults & Bytes --
 Page Fault Count               : 0
 Read Bytes                     : 0
 Write Bytes                    : 0
 Block Read Bytes               : 0
 Block Write Bytes              : 0
[===============================================]

[===============================================]
Result of node_idx 5 in node_object 0: Fully Connected (NC, QDU8, F32, QC8W)

-- Elapsed Time Analysis --
 Wall-clock Time                      : 1034 us
 - Non I/O Handling Time (Estimated)  : 49 us
 - I/O Handling Time                  : 985 us
        - Read Syscall                : 0 us
        - Write Syscall               : 0 us
        - Page Fault                  : 985 us
        - io_uring                    : 0 us

-- I/O Counts --
 Read Syscall Count                   : 0
 Write Syscall Count                  : 0
 Block I/O Count                      : 2
 io_uring Completion Count            : 0

-- Total I/O Time (block device) --
 Total Block I/O Time           : 575

-- Page Faults & Bytes --
 Page Fault Count               : 13
 Read Bytes                     : 0
 Write Bytes                    : 0
 Block Read Bytes               : 86016
 Block Write Bytes              : 0
[===============================================]

[===============================================]
Result of node_idx 6 in node_object 0: Add (ND)

-- Elapsed Time Analysis --
 Wall-clock Time                      : 23 us
 - Non I/O Handling Time (Estimated)  : 23 us
 - I/O Handling Time                  : 0 us
        - Read Syscall                : 0 us
        - Write Syscall               : 0 us
        - Page Fault                  : 0 us
        - io_uring                    : 0 us

-- I/O Counts --
 Read Syscall Count                   : 0
 Write Syscall Count                  : 0
 Block I/O Count                      : 0
 io_uring Completion Count            : 0

-- Total I/O Time (block device) --
 Total Block I/O Time           : 0

-- Page Faults & Bytes --
 Page Fault Count               : 0
 Read Bytes                     : 0
 Write Bytes                    : 0
 Block Read Bytes               : 0
 Block Write Bytes              : 0
[===============================================]

[===============================================]
Result of node_idx 0 in node_object 0: Multiply (ND)

-- Elapsed Time Analysis --
 Wall-clock Time                      : 85 us
 - Non I/O Handling Time (Estimated)  : 85 us
 - I/O Handling Time                  : 0 us
        - Read Syscall                : 0 us
        - Write Syscall               : 0 us
        - Page Fault                  : 0 us
        - io_uring                    : 0 us

-- I/O Counts --
 Read Syscall Count                   : 0
 Write Syscall Count                  : 0
 Block I/O Count                      : 0
 io_uring Completion Count            : 0

-- Total I/O Time (block device) --
 Total Block I/O Time           : 0

-- Page Faults & Bytes --
 Page Fault Count               : 0
 Read Bytes                     : 0
 Write Bytes                    : 0
 Block Read Bytes               : 0
 Block Write Bytes              : 0
[===============================================]

[===============================================]
Result of node_idx 1 in node_object 0: Sum (ND)

-- Elapsed Time Analysis --
 Wall-clock Time                      : 107 us
 - Non I/O Handling Time (Estimated)  : 107 us
 - I/O Handling Time                  : 0 us
        - Read Syscall                : 0 us
        - Write Syscall               : 0 us
        - Page Fault                  : 0 us
        - io_uring                    : 0 us

-- I/O Counts --
 Read Syscall Count                   : 0
 Write Syscall Count                  : 0
 Block I/O Count                      : 0
 io_uring Completion Count            : 0

-- Total I/O Time (block device) --
 Total Block I/O Time           : 0

-- Page Faults & Bytes --
 Page Fault Count               : 0
 Read Bytes                     : 0
 Write Bytes                    : 0
 Block Read Bytes               : 0
 Block Write Bytes              : 0
[===============================================]

[===============================================]
Result of node_idx 2 in node_object 0: Multiply (ND)

-- Elapsed Time Analysis --
 Wall-clock Time                      : 3 us
 - Non I/O Handling Time (Estimated)  : 3 us
 - I/O Handling Time                  : 0 us
        - Read Syscall                : 0 us
        - Write Syscall               : 0 us
        - Page Fault                  : 0 us
        - io_uring                    : 0 us

-- I/O Counts --
 Read Syscall Count                   : 0
 Write Syscall Count                  : 0
 Block I/O Count                      : 0
 io_uring Completion Count            : 0

-- Total I/O Time (block device) --
 Total Block I/O Time           : 0

-- Page Faults & Bytes --
 Page Fault Count               : 0
 Read Bytes                     : 0
 Write Bytes                    : 0
 Block Read Bytes               : 0
 Block Write Bytes              : 0
[===============================================]

[===============================================]
Result of node_idx 3 in node_object 0: Add (ND)

-- Elapsed Time Analysis --
 Wall-clock Time                      : 3 us
 - Non I/O Handling Time (Estimated)  : 3 us
 - I/O Handling Time                  : 0 us
        - Read Syscall                : 0 us
        - Write Syscall               : 0 us
        - Page Fault                  : 0 us
        - io_uring                    : 0 us

-- I/O Counts --
 Read Syscall Count                   : 0
 Write Syscall Count                  : 0
 Block I/O Count                      : 0
 io_uring Completion Count            : 0

-- Total I/O Time (block device) --
 Total Block I/O Time           : 0

-- Page Faults & Bytes --
 Page Fault Count               : 0
 Read Bytes                     : 0
 Write Bytes                    : 0
 Block Read Bytes               : 0
 Block Write Bytes              : 0
[===============================================]

[===============================================]
Result of node_idx 4 in node_object 0: Static Reshape (NC)

-- Elapsed Time Analysis --
 Wall-clock Time                      : 2 us
 - Non I/O Handling Time (Estimated)  : 2 us
 - I/O Handling Time                  : 0 us
        - Read Syscall                : 0 us
        - Write Syscall               : 0 us
        - Page Fault                  : 0 us
        - io_uring                    : 0 us

-- I/O Counts --
 Read Syscall Count                   : 0
 Write Syscall Count                  : 0
 Block I/O Count                      : 0
 io_uring Completion Count            : 0

-- Total I/O Time (block device) --
 Total Block I/O Time           : 0

-- Page Faults & Bytes --
 Page Fault Count               : 0
 Read Bytes                     : 0
 Write Bytes                    : 0
 Block Read Bytes               : 0
 Block Write Bytes              : 0
[===============================================]

[===============================================]
Result of node_idx 5 in node_object 0: Reciprocal Square Root (NC)

-- Elapsed Time Analysis --
 Wall-clock Time                      : 3 us
 - Non I/O Handling Time (Estimated)  : 3 us
 - I/O Handling Time                  : 0 us
        - Read Syscall                : 0 us
        - Write Syscall               : 0 us
        - Page Fault                  : 0 us
        - io_uring                    : 0 us

-- I/O Counts --
 Read Syscall Count                   : 0
 Write Syscall Count                  : 0
 Block I/O Count                      : 0
 io_uring Completion Count            : 0

-- Total I/O Time (block device) --
 Total Block I/O Time           : 0

-- Page Faults & Bytes --
 Page Fault Count               : 0
 Read Bytes                     : 0
 Write Bytes                    : 0
 Block Read Bytes               : 0
 Block Write Bytes              : 0
[===============================================]

[===============================================]
Result of node_idx 6 in node_object 0: Multiply (ND)

-- Elapsed Time Analysis --
 Wall-clock Time                      : 11 us
 - Non I/O Handling Time (Estimated)  : 11 us
 - I/O Handling Time                  : 0 us
        - Read Syscall                : 0 us
        - Write Syscall               : 0 us
        - Page Fault                  : 0 us
        - io_uring                    : 0 us

-- I/O Counts --
 Read Syscall Count                   : 0
 Write Syscall Count                  : 0
 Block I/O Count                      : 0
 io_uring Completion Count            : 0

-- Total I/O Time (block device) --
 Total Block I/O Time           : 0

-- Page Faults & Bytes --
 Page Fault Count               : 0
 Read Bytes                     : 0
 Write Bytes                    : 0
 Block Read Bytes               : 0
 Block Write Bytes              : 0
[===============================================]

[===============================================]
Result of node_idx 7 in node_object 0: Multiply (ND)

-- Elapsed Time Analysis --
 Wall-clock Time                      : 6 us
 - Non I/O Handling Time (Estimated)  : 6 us
 - I/O Handling Time                  : 0 us
        - Read Syscall                : 0 us
        - Write Syscall               : 0 us
        - Page Fault                  : 0 us
        - io_uring                    : 0 us

-- I/O Counts --
 Read Syscall Count                   : 0
 Write Syscall Count                  : 0
 Block I/O Count                      : 0
 io_uring Completion Count            : 0

-- Total I/O Time (block device) --
 Total Block I/O Time           : 0

-- Page Faults & Bytes --
 Page Fault Count               : 0
 Read Bytes                     : 0
 Write Bytes                    : 0
 Block Read Bytes               : 0
 Block Write Bytes              : 0
[===============================================]

[===============================================]
Result of node_idx 0 in node_object 0: Fully Connected (NC, QDU8, F32, QC8W)

-- Elapsed Time Analysis --
 Wall-clock Time                      : 659 us
 - Non I/O Handling Time (Estimated)  : 110 us
 - I/O Handling Time                  : 549 us
        - Read Syscall                : 0 us
        - Write Syscall               : 0 us
        - Page Fault                  : 549 us
        - io_uring                    : 0 us

-- I/O Counts --
 Read Syscall Count                   : 0
 Write Syscall Count                  : 0
 Block I/O Count                      : 2
 io_uring Completion Count            : 0

-- Total I/O Time (block device) --
 Total Block I/O Time           : 934

-- Page Faults & Bytes --
 Page Fault Count               : 6
 Read Bytes                     : 0
 Write Bytes                    : 0
 Block Read Bytes               : 45056
 Block Write Bytes              : 0
[===============================================]

[===============================================]
Result of node_idx 1 in node_object 0: Static Reshape (NC)

-- Elapsed Time Analysis --
 Wall-clock Time                      : 82 us
 - Non I/O Handling Time (Estimated)  : 82 us
 - I/O Handling Time                  : 0 us
        - Read Syscall                : 0 us
        - Write Syscall               : 0 us
        - Page Fault                  : 0 us
        - io_uring                    : 0 us

-- I/O Counts --
 Read Syscall Count                   : 0
 Write Syscall Count                  : 0
 Block I/O Count                      : 0
 io_uring Completion Count            : 0

-- Total I/O Time (block device) --
 Total Block I/O Time           : 0

-- Page Faults & Bytes --
 Page Fault Count               : 0
 Read Bytes                     : 0
 Write Bytes                    : 0
 Block Read Bytes               : 0
 Block Write Bytes              : 0
[===============================================]

[===============================================]
Result of node_idx 2 in node_object 0: Slice (ND, X32)

-- Elapsed Time Analysis --
 Wall-clock Time                      : 15 us
 - Non I/O Handling Time (Estimated)  : 15 us
 - I/O Handling Time                  : 0 us
        - Read Syscall                : 0 us
        - Write Syscall               : 0 us
        - Page Fault                  : 0 us
        - io_uring                    : 0 us

-- I/O Counts --
 Read Syscall Count                   : 0
 Write Syscall Count                  : 0
 Block I/O Count                      : 0
 io_uring Completion Count            : 0

-- Total I/O Time (block device) --
 Total Block I/O Time           : 0

-- Page Faults & Bytes --
 Page Fault Count               : 0
 Read Bytes                     : 0
 Write Bytes                    : 0
 Block Read Bytes               : 0
 Block Write Bytes              : 0
[===============================================]

[===============================================]
Result of node_idx 3 in node_object 0: Slice (ND, X32)

-- Elapsed Time Analysis --
 Wall-clock Time                      : 7 us
 - Non I/O Handling Time (Estimated)  : 7 us
 - I/O Handling Time                  : 0 us
        - Read Syscall                : 0 us
        - Write Syscall               : 0 us
        - Page Fault                  : 0 us
        - io_uring                    : 0 us

-- I/O Counts --
 Read Syscall Count                   : 0
 Write Syscall Count                  : 0
 Block I/O Count                      : 0
 io_uring Completion Count            : 0

-- Total I/O Time (block device) --
 Total Block I/O Time           : 0

-- Page Faults & Bytes --
 Page Fault Count               : 0
 Read Bytes                     : 0
 Write Bytes                    : 0
 Block Read Bytes               : 0
 Block Write Bytes              : 0
[===============================================]

[===============================================]
Result of node_idx 4 in node_object 0: Slice (ND, X32)

-- Elapsed Time Analysis --
 Wall-clock Time                      : 7 us
 - Non I/O Handling Time (Estimated)  : 7 us
 - I/O Handling Time                  : 0 us
        - Read Syscall                : 0 us
        - Write Syscall               : 0 us
        - Page Fault                  : 0 us
        - io_uring                    : 0 us

-- I/O Counts --
 Read Syscall Count                   : 0
 Write Syscall Count                  : 0
 Block I/O Count                      : 0
 io_uring Completion Count            : 0

-- Total I/O Time (block device) --
 Total Block I/O Time           : 0

-- Page Faults & Bytes --
 Page Fault Count               : 0
 Read Bytes                     : 0
 Write Bytes                    : 0
 Block Read Bytes               : 0
 Block Write Bytes              : 0
[===============================================]

[===============================================]
Result of node_idx 5 in node_object 0: Static Reshape (NC)

-- Elapsed Time Analysis --
 Wall-clock Time                      : 3 us
 - Non I/O Handling Time (Estimated)  : 3 us
 - I/O Handling Time                  : 0 us
        - Read Syscall                : 0 us
        - Write Syscall               : 0 us
        - Page Fault                  : 0 us
        - io_uring                    : 0 us

-- I/O Counts --
 Read Syscall Count                   : 0
 Write Syscall Count                  : 0
 Block I/O Count                      : 0
 io_uring Completion Count            : 0

-- Total I/O Time (block device) --
 Total Block I/O Time           : 0

-- Page Faults & Bytes --
 Page Fault Count               : 0
 Read Bytes                     : 0
 Write Bytes                    : 0
 Block Read Bytes               : 0
 Block Write Bytes              : 0
[===============================================]

[===============================================]
Result of node_idx 6 in node_object 0: Transpose (ND, X32)

-- Elapsed Time Analysis --
 Wall-clock Time                      : 5 us
 - Non I/O Handling Time (Estimated)  : 5 us
 - I/O Handling Time                  : 0 us
        - Read Syscall                : 0 us
        - Write Syscall               : 0 us
        - Page Fault                  : 0 us
        - io_uring                    : 0 us

-- I/O Counts --
 Read Syscall Count                   : 0
 Write Syscall Count                  : 0
 Block I/O Count                      : 0
 io_uring Completion Count            : 0

-- Total I/O Time (block device) --
 Total Block I/O Time           : 0

-- Page Faults & Bytes --
 Page Fault Count               : 0
 Read Bytes                     : 0
 Write Bytes                    : 0
 Block Read Bytes               : 0
 Block Write Bytes              : 0
[===============================================]

[===============================================]
Result of node_idx 7 in node_object 0: Slice (ND, X32)

-- Elapsed Time Analysis --
 Wall-clock Time                      : 13 us
 - Non I/O Handling Time (Estimated)  : 13 us
 - I/O Handling Time                  : 0 us
        - Read Syscall                : 0 us
        - Write Syscall               : 0 us
        - Page Fault                  : 0 us
        - io_uring                    : 0 us

-- I/O Counts --
 Read Syscall Count                   : 0
 Write Syscall Count                  : 0
 Block I/O Count                      : 0
 io_uring Completion Count            : 0

-- Total I/O Time (block device) --
 Total Block I/O Time           : 0

-- Page Faults & Bytes --
 Page Fault Count               : 0
 Read Bytes                     : 0
 Write Bytes                    : 0
 Block Read Bytes               : 0
 Block Write Bytes              : 0
[===============================================]

[===============================================]
Result of node_idx 8 in node_object 0: Slice (ND, X32)

-- Elapsed Time Analysis --
 Wall-clock Time                      : 7 us
 - Non I/O Handling Time (Estimated)  : 7 us
 - I/O Handling Time                  : 0 us
        - Read Syscall                : 0 us
        - Write Syscall               : 0 us
        - Page Fault                  : 0 us
        - io_uring                    : 0 us

-- I/O Counts --
 Read Syscall Count                   : 0
 Write Syscall Count                  : 0
 Block I/O Count                      : 0
 io_uring Completion Count            : 0

-- Total I/O Time (block device) --
 Total Block I/O Time           : 0

-- Page Faults & Bytes --
 Page Fault Count               : 0
 Read Bytes                     : 0
 Write Bytes                    : 0
 Block Read Bytes               : 0
 Block Write Bytes              : 0
[===============================================]

[===============================================]
Result of node_idx 9 in node_object 0: Multiply (ND)

-- Elapsed Time Analysis --
 Wall-clock Time                      : 5 us
 - Non I/O Handling Time (Estimated)  : 5 us
 - I/O Handling Time                  : 0 us
        - Read Syscall                : 0 us
        - Write Syscall               : 0 us
        - Page Fault                  : 0 us
        - io_uring                    : 0 us

-- I/O Counts --
 Read Syscall Count                   : 0
 Write Syscall Count                  : 0
 Block I/O Count                      : 0
 io_uring Completion Count            : 0

-- Total I/O Time (block device) --
 Total Block I/O Time           : 0

-- Page Faults & Bytes --
 Page Fault Count               : 0
 Read Bytes                     : 0
 Write Bytes                    : 0
 Block Read Bytes               : 0
 Block Write Bytes              : 0
[===============================================]

[===============================================]
Result of node_idx 10 in node_object 0: Multiply (ND)

-- Elapsed Time Analysis --
 Wall-clock Time                      : 5 us
 - Non I/O Handling Time (Estimated)  : 5 us
 - I/O Handling Time                  : 0 us
        - Read Syscall                : 0 us
        - Write Syscall               : 0 us
        - Page Fault                  : 0 us
        - io_uring                    : 0 us

-- I/O Counts --
 Read Syscall Count                   : 0
 Write Syscall Count                  : 0
 Block I/O Count                      : 0
 io_uring Completion Count            : 0

-- Total I/O Time (block device) --
 Total Block I/O Time           : 0

-- Page Faults & Bytes --
 Page Fault Count               : 0
 Read Bytes                     : 0
 Write Bytes                    : 0
 Block Read Bytes               : 0
 Block Write Bytes              : 0
[===============================================]

[===============================================]
Result of node_idx 11 in node_object 0: Subtract (ND)

-- Elapsed Time Analysis --
 Wall-clock Time                      : 6 us
 - Non I/O Handling Time (Estimated)  : 6 us
 - I/O Handling Time                  : 0 us
        - Read Syscall                : 0 us
        - Write Syscall               : 0 us
        - Page Fault                  : 0 us
        - io_uring                    : 0 us

-- I/O Counts --
 Read Syscall Count                   : 0
 Write Syscall Count                  : 0
 Block I/O Count                      : 0
 io_uring Completion Count            : 0

-- Total I/O Time (block device) --
 Total Block I/O Time           : 0

-- Page Faults & Bytes --
 Page Fault Count               : 0
 Read Bytes                     : 0
 Write Bytes                    : 0
 Block Read Bytes               : 0
 Block Write Bytes              : 0
[===============================================]

[===============================================]
Result of node_idx 12 in node_object 0: Multiply (ND)

-- Elapsed Time Analysis --
 Wall-clock Time                      : 5 us
 - Non I/O Handling Time (Estimated)  : 5 us
 - I/O Handling Time                  : 0 us
        - Read Syscall                : 0 us
        - Write Syscall               : 0 us
        - Page Fault                  : 0 us
        - io_uring                    : 0 us

-- I/O Counts --
 Read Syscall Count                   : 0
 Write Syscall Count                  : 0
 Block I/O Count                      : 0
 io_uring Completion Count            : 0

-- Total I/O Time (block device) --
 Total Block I/O Time           : 0

-- Page Faults & Bytes --
 Page Fault Count               : 0
 Read Bytes                     : 0
 Write Bytes                    : 0
 Block Read Bytes               : 0
 Block Write Bytes              : 0
[===============================================]

[===============================================]
Result of node_idx 13 in node_object 0: Multiply (ND)

-- Elapsed Time Analysis --
 Wall-clock Time                      : 5 us
 - Non I/O Handling Time (Estimated)  : 5 us
 - I/O Handling Time                  : 0 us
        - Read Syscall                : 0 us
        - Write Syscall               : 0 us
        - Page Fault                  : 0 us
        - io_uring                    : 0 us

-- I/O Counts --
 Read Syscall Count                   : 0
 Write Syscall Count                  : 0
 Block I/O Count                      : 0
 io_uring Completion Count            : 0

-- Total I/O Time (block device) --
 Total Block I/O Time           : 0

-- Page Faults & Bytes --
 Page Fault Count               : 0
 Read Bytes                     : 0
 Write Bytes                    : 0
 Block Read Bytes               : 0
 Block Write Bytes              : 0
[===============================================]

[===============================================]
Result of node_idx 14 in node_object 0: Add (ND)

-- Elapsed Time Analysis --
 Wall-clock Time                      : 6 us
 - Non I/O Handling Time (Estimated)  : 6 us
 - I/O Handling Time                  : 0 us
        - Read Syscall                : 0 us
        - Write Syscall               : 0 us
        - Page Fault                  : 0 us
        - io_uring                    : 0 us

-- I/O Counts --
 Read Syscall Count                   : 0
 Write Syscall Count                  : 0
 Block I/O Count                      : 0
 io_uring Completion Count            : 0

-- Total I/O Time (block device) --
 Total Block I/O Time           : 0

-- Page Faults & Bytes --
 Page Fault Count               : 0
 Read Bytes                     : 0
 Write Bytes                    : 0
 Block Read Bytes               : 0
 Block Write Bytes              : 0
[===============================================]

[===============================================]
Result of node_idx 15 in node_object 0: Copy (NC, X32)

-- Elapsed Time Analysis --
 Wall-clock Time                      : 6 us
 - Non I/O Handling Time (Estimated)  : 6 us
 - I/O Handling Time                  : 0 us
        - Read Syscall                : 0 us
        - Write Syscall               : 0 us
        - Page Fault                  : 0 us
        - io_uring                    : 0 us

-- I/O Counts --
 Read Syscall Count                   : 0
 Write Syscall Count                  : 0
 Block I/O Count                      : 0
 io_uring Completion Count            : 0

-- Total I/O Time (block device) --
 Total Block I/O Time           : 0

-- Page Faults & Bytes --
 Page Fault Count               : 0
 Read Bytes                     : 0
 Write Bytes                    : 0
 Block Read Bytes               : 0
 Block Write Bytes              : 0
[===============================================]

[===============================================]
Result of node_idx 15 in node_object 1: Copy (NC, X32)

-- Elapsed Time Analysis --
 Wall-clock Time                      : 9 us
 - Non I/O Handling Time (Estimated)  : 9 us
 - I/O Handling Time                  : 0 us
        - Read Syscall                : 0 us
        - Write Syscall               : 0 us
        - Page Fault                  : 0 us
        - io_uring                    : 0 us

-- I/O Counts --
 Read Syscall Count                   : 0
 Write Syscall Count                  : 0
 Block I/O Count                      : 0
 io_uring Completion Count            : 0

-- Total I/O Time (block device) --
 Total Block I/O Time           : 0

-- Page Faults & Bytes --
 Page Fault Count               : 0
 Read Bytes                     : 0
 Write Bytes                    : 0
 Block Read Bytes               : 0
 Block Write Bytes              : 0
[===============================================]

[===============================================]
Result of node_idx 16 in node_object 0: Transpose (ND, X32)

-- Elapsed Time Analysis --
 Wall-clock Time                      : 4 us
 - Non I/O Handling Time (Estimated)  : 4 us
 - I/O Handling Time                  : 0 us
        - Read Syscall                : 0 us
        - Write Syscall               : 0 us
        - Page Fault                  : 0 us
        - io_uring                    : 0 us

-- I/O Counts --
 Read Syscall Count                   : 0
 Write Syscall Count                  : 0
 Block I/O Count                      : 0
 io_uring Completion Count            : 0

-- Total I/O Time (block device) --
 Total Block I/O Time           : 0

-- Page Faults & Bytes --
 Page Fault Count               : 0
 Read Bytes                     : 0
 Write Bytes                    : 0
 Block Read Bytes               : 0
 Block Write Bytes              : 0
[===============================================]

[===============================================]
Result of node_idx 17 in node_object 0: Transpose (ND, X32)

-- Elapsed Time Analysis --
 Wall-clock Time                      : 4 us
 - Non I/O Handling Time (Estimated)  : 4 us
 - I/O Handling Time                  : 0 us
        - Read Syscall                : 0 us
        - Write Syscall               : 0 us
        - Page Fault                  : 0 us
        - io_uring                    : 0 us

-- I/O Counts --
 Read Syscall Count                   : 0
 Write Syscall Count                  : 0
 Block I/O Count                      : 0
 io_uring Completion Count            : 0

-- Total I/O Time (block device) --
 Total Block I/O Time           : 0

-- Page Faults & Bytes --
 Page Fault Count               : 0
 Read Bytes                     : 0
 Write Bytes                    : 0
 Block Read Bytes               : 0
 Block Write Bytes              : 0
[===============================================]

[===============================================]
Result of node_idx 18 in node_object 0: Slice (ND, X32)

-- Elapsed Time Analysis --
 Wall-clock Time                      : 7 us
 - Non I/O Handling Time (Estimated)  : 7 us
 - I/O Handling Time                  : 0 us
        - Read Syscall                : 0 us
        - Write Syscall               : 0 us
        - Page Fault                  : 0 us
        - io_uring                    : 0 us

-- I/O Counts --
 Read Syscall Count                   : 0
 Write Syscall Count                  : 0
 Block I/O Count                      : 0
 io_uring Completion Count            : 0

-- Total I/O Time (block device) --
 Total Block I/O Time           : 0

-- Page Faults & Bytes --
 Page Fault Count               : 0
 Read Bytes                     : 0
 Write Bytes                    : 0
 Block Read Bytes               : 0
 Block Write Bytes              : 0
[===============================================]

[===============================================]
Result of node_idx 19 in node_object 0: Slice (ND, X32)

-- Elapsed Time Analysis --
 Wall-clock Time                      : 7 us
 - Non I/O Handling Time (Estimated)  : 7 us
 - I/O Handling Time                  : 0 us
        - Read Syscall                : 0 us
        - Write Syscall               : 0 us
        - Page Fault                  : 0 us
        - io_uring                    : 0 us

-- I/O Counts --
 Read Syscall Count                   : 0
 Write Syscall Count                  : 0
 Block I/O Count                      : 0
 io_uring Completion Count            : 0

-- Total I/O Time (block device) --
 Total Block I/O Time           : 0

-- Page Faults & Bytes --
 Page Fault Count               : 0
 Read Bytes                     : 0
 Write Bytes                    : 0
 Block Read Bytes               : 0
 Block Write Bytes              : 0
[===============================================]

[===============================================]
Result of node_idx 20 in node_object 0: Multiply (ND)

-- Elapsed Time Analysis --
 Wall-clock Time                      : 5 us
 - Non I/O Handling Time (Estimated)  : 5 us
 - I/O Handling Time                  : 0 us
        - Read Syscall                : 0 us
        - Write Syscall               : 0 us
        - Page Fault                  : 0 us
        - io_uring                    : 0 us

-- I/O Counts --
 Read Syscall Count                   : 0
 Write Syscall Count                  : 0
 Block I/O Count                      : 0
 io_uring Completion Count            : 0

-- Total I/O Time (block device) --
 Total Block I/O Time           : 0

-- Page Faults & Bytes --
 Page Fault Count               : 0
 Read Bytes                     : 0
 Write Bytes                    : 0
 Block Read Bytes               : 0
 Block Write Bytes              : 0
[===============================================]

[===============================================]
Result of node_idx 21 in node_object 0: Multiply (ND)

-- Elapsed Time Analysis --
 Wall-clock Time                      : 5 us
 - Non I/O Handling Time (Estimated)  : 5 us
 - I/O Handling Time                  : 0 us
        - Read Syscall                : 0 us
        - Write Syscall               : 0 us
        - Page Fault                  : 0 us
        - io_uring                    : 0 us

-- I/O Counts --
 Read Syscall Count                   : 0
 Write Syscall Count                  : 0
 Block I/O Count                      : 0
 io_uring Completion Count            : 0

-- Total I/O Time (block device) --
 Total Block I/O Time           : 0

-- Page Faults & Bytes --
 Page Fault Count               : 0
 Read Bytes                     : 0
 Write Bytes                    : 0
 Block Read Bytes               : 0
 Block Write Bytes              : 0
[===============================================]

[===============================================]
Result of node_idx 22 in node_object 0: Subtract (ND)

-- Elapsed Time Analysis --
 Wall-clock Time                      : 5 us
 - Non I/O Handling Time (Estimated)  : 5 us
 - I/O Handling Time                  : 0 us
        - Read Syscall                : 0 us
        - Write Syscall               : 0 us
        - Page Fault                  : 0 us
        - io_uring                    : 0 us

-- I/O Counts --
 Read Syscall Count                   : 0
 Write Syscall Count                  : 0
 Block I/O Count                      : 0
 io_uring Completion Count            : 0

-- Total I/O Time (block device) --
 Total Block I/O Time           : 0

-- Page Faults & Bytes --
 Page Fault Count               : 0
 Read Bytes                     : 0
 Write Bytes                    : 0
 Block Read Bytes               : 0
 Block Write Bytes              : 0
[===============================================]

[===============================================]
Result of node_idx 23 in node_object 0: Multiply (ND)

-- Elapsed Time Analysis --
 Wall-clock Time                      : 5 us
 - Non I/O Handling Time (Estimated)  : 5 us
 - I/O Handling Time                  : 0 us
        - Read Syscall                : 0 us
        - Write Syscall               : 0 us
        - Page Fault                  : 0 us
        - io_uring                    : 0 us

-- I/O Counts --
 Read Syscall Count                   : 0
 Write Syscall Count                  : 0
 Block I/O Count                      : 0
 io_uring Completion Count            : 0

-- Total I/O Time (block device) --
 Total Block I/O Time           : 0

-- Page Faults & Bytes --
 Page Fault Count               : 0
 Read Bytes                     : 0
 Write Bytes                    : 0
 Block Read Bytes               : 0
 Block Write Bytes              : 0
[===============================================]

[===============================================]
Result of node_idx 24 in node_object 0: Multiply (ND)

-- Elapsed Time Analysis --
 Wall-clock Time                      : 5 us
 - Non I/O Handling Time (Estimated)  : 5 us
 - I/O Handling Time                  : 0 us
        - Read Syscall                : 0 us
        - Write Syscall               : 0 us
        - Page Fault                  : 0 us
        - io_uring                    : 0 us

-- I/O Counts --
 Read Syscall Count                   : 0
 Write Syscall Count                  : 0
 Block I/O Count                      : 0
 io_uring Completion Count            : 0

-- Total I/O Time (block device) --
 Total Block I/O Time           : 0

-- Page Faults & Bytes --
 Page Fault Count               : 0
 Read Bytes                     : 0
 Write Bytes                    : 0
 Block Read Bytes               : 0
 Block Write Bytes              : 0
[===============================================]

[===============================================]
Result of node_idx 25 in node_object 0: Add (ND)

-- Elapsed Time Analysis --
 Wall-clock Time                      : 5 us
 - Non I/O Handling Time (Estimated)  : 5 us
 - I/O Handling Time                  : 0 us
        - Read Syscall                : 0 us
        - Write Syscall               : 0 us
        - Page Fault                  : 0 us
        - io_uring                    : 0 us

-- I/O Counts --
 Read Syscall Count                   : 0
 Write Syscall Count                  : 0
 Block I/O Count                      : 0
 io_uring Completion Count            : 0

-- Total I/O Time (block device) --
 Total Block I/O Time           : 0

-- Page Faults & Bytes --
 Page Fault Count               : 0
 Read Bytes                     : 0
 Write Bytes                    : 0
 Block Read Bytes               : 0
 Block Write Bytes              : 0
[===============================================]

[===============================================]
Result of node_idx 26 in node_object 0: Copy (NC, X32)

-- Elapsed Time Analysis --
 Wall-clock Time                      : 5 us
 - Non I/O Handling Time (Estimated)  : 5 us
 - I/O Handling Time                  : 0 us
        - Read Syscall                : 0 us
        - Write Syscall               : 0 us
        - Page Fault                  : 0 us
        - io_uring                    : 0 us

-- I/O Counts --
 Read Syscall Count                   : 0
 Write Syscall Count                  : 0
 Block I/O Count                      : 0
 io_uring Completion Count            : 0

-- Total I/O Time (block device) --
 Total Block I/O Time           : 0

-- Page Faults & Bytes --
 Page Fault Count               : 0
 Read Bytes                     : 0
 Write Bytes                    : 0
 Block Read Bytes               : 0
 Block Write Bytes              : 0
[===============================================]

[===============================================]
Result of node_idx 26 in node_object 1: Copy (NC, X32)

-- Elapsed Time Analysis --
 Wall-clock Time                      : 5 us
 - Non I/O Handling Time (Estimated)  : 5 us
 - I/O Handling Time                  : 0 us
        - Read Syscall                : 0 us
        - Write Syscall               : 0 us
        - Page Fault                  : 0 us
        - io_uring                    : 0 us

-- I/O Counts --
 Read Syscall Count                   : 0
 Write Syscall Count                  : 0
 Block I/O Count                      : 0
 io_uring Completion Count            : 0

-- Total I/O Time (block device) --
 Total Block I/O Time           : 0

-- Page Faults & Bytes --
 Page Fault Count               : 0
 Read Bytes                     : 0
 Write Bytes                    : 0
 Block Read Bytes               : 0
 Block Write Bytes              : 0
[===============================================]

[===============================================]
Result of node_idx 27 in node_object 0: Transpose (ND, X32)

-- Elapsed Time Analysis --
 Wall-clock Time                      : 4 us
 - Non I/O Handling Time (Estimated)  : 4 us
 - I/O Handling Time                  : 0 us
        - Read Syscall                : 0 us
        - Write Syscall               : 0 us
        - Page Fault                  : 0 us
        - io_uring                    : 0 us

-- I/O Counts --
 Read Syscall Count                   : 0
 Write Syscall Count                  : 0
 Block I/O Count                      : 0
 io_uring Completion Count            : 0

-- Total I/O Time (block device) --
 Total Block I/O Time           : 0

-- Page Faults & Bytes --
 Page Fault Count               : 0
 Read Bytes                     : 0
 Write Bytes                    : 0
 Block Read Bytes               : 0
 Block Write Bytes              : 0
[===============================================]

[===============================================]
Result of node_idx 0 in node_object 0: Multiply (ND)

-- Elapsed Time Analysis --
 Wall-clock Time                      : 5 us
 - Non I/O Handling Time (Estimated)  : 5 us
 - I/O Handling Time                  : 0 us
        - Read Syscall                : 0 us
        - Write Syscall               : 0 us
        - Page Fault                  : 0 us
        - io_uring                    : 0 us

-- I/O Counts --
 Read Syscall Count                   : 0
 Write Syscall Count                  : 0
 Block I/O Count                      : 0
 io_uring Completion Count            : 0

-- Total I/O Time (block device) --
 Total Block I/O Time           : 0

-- Page Faults & Bytes --
 Page Fault Count               : 0
 Read Bytes                     : 0
 Write Bytes                    : 0
 Block Read Bytes               : 0
 Block Write Bytes              : 0
[===============================================]

[===============================================]
Result of node_idx 1 in node_object 0: Transpose (ND, X32)

-- Elapsed Time Analysis --
 Wall-clock Time                      : 4 us
 - Non I/O Handling Time (Estimated)  : 4 us
 - I/O Handling Time                  : 0 us
        - Read Syscall                : 0 us
        - Write Syscall               : 0 us
        - Page Fault                  : 0 us
        - io_uring                    : 0 us

-- I/O Counts --
 Read Syscall Count                   : 0
 Write Syscall Count                  : 0
 Block I/O Count                      : 0
 io_uring Completion Count            : 0

-- Total I/O Time (block device) --
 Total Block I/O Time           : 0

-- Page Faults & Bytes --
 Page Fault Count               : 0
 Read Bytes                     : 0
 Write Bytes                    : 0
 Block Read Bytes               : 0
 Block Write Bytes              : 0
[===============================================]

[===============================================]
Result of node_idx 2 in node_object 0: Transpose (ND, X32)

-- Elapsed Time Analysis --
 Wall-clock Time                      : 25 us
 - Non I/O Handling Time (Estimated)  : 25 us
 - I/O Handling Time                  : 0 us
        - Read Syscall                : 0 us
        - Write Syscall               : 0 us
        - Page Fault                  : 0 us
        - io_uring                    : 0 us

-- I/O Counts --
 Read Syscall Count                   : 0
 Write Syscall Count                  : 0
 Block I/O Count                      : 0
 io_uring Completion Count            : 0

-- Total I/O Time (block device) --
 Total Block I/O Time           : 0

-- Page Faults & Bytes --
 Page Fault Count               : 0
 Read Bytes                     : 0
 Write Bytes                    : 0
 Block Read Bytes               : 0
 Block Write Bytes              : 0
[===============================================]

[===============================================]
Result of node_idx 3 in node_object 0: Static Reshape (NC)

-- Elapsed Time Analysis --
 Wall-clock Time                      : 3 us
 - Non I/O Handling Time (Estimated)  : 3 us
 - I/O Handling Time                  : 0 us
        - Read Syscall                : 0 us
        - Write Syscall               : 0 us
        - Page Fault                  : 0 us
        - io_uring                    : 0 us

-- I/O Counts --
 Read Syscall Count                   : 0
 Write Syscall Count                  : 0
 Block I/O Count                      : 0
 io_uring Completion Count            : 0

-- Total I/O Time (block device) --
 Total Block I/O Time           : 0

-- Page Faults & Bytes --
 Page Fault Count               : 0
 Read Bytes                     : 0
 Write Bytes                    : 0
 Block Read Bytes               : 0
 Block Write Bytes              : 0
[===============================================]

[===============================================]
Result of node_idx 4 in node_object 0: Static Reshape (NC)

-- Elapsed Time Analysis --
 Wall-clock Time                      : 3 us
 - Non I/O Handling Time (Estimated)  : 3 us
 - I/O Handling Time                  : 0 us
        - Read Syscall                : 0 us
        - Write Syscall               : 0 us
        - Page Fault                  : 0 us
        - io_uring                    : 0 us

-- I/O Counts --
 Read Syscall Count                   : 0
 Write Syscall Count                  : 0
 Block I/O Count                      : 0
 io_uring Completion Count            : 0

-- Total I/O Time (block device) --
 Total Block I/O Time           : 0

-- Page Faults & Bytes --
 Page Fault Count               : 0
 Read Bytes                     : 0
 Write Bytes                    : 0
 Block Read Bytes               : 0
 Block Write Bytes              : 0
[===============================================]

[===============================================]
Result of node_idx 5 in node_object 0: Batch Matrix Multiply (NC, F32)

-- Elapsed Time Analysis --
 Wall-clock Time                      : 64 us
 - Non I/O Handling Time (Estimated)  : 64 us
 - I/O Handling Time                  : 0 us
        - Read Syscall                : 0 us
        - Write Syscall               : 0 us
        - Page Fault                  : 0 us
        - io_uring                    : 0 us

-- I/O Counts --
 Read Syscall Count                   : 0
 Write Syscall Count                  : 0
 Block I/O Count                      : 0
 io_uring Completion Count            : 0

-- Total I/O Time (block device) --
 Total Block I/O Time           : 0

-- Page Faults & Bytes --
 Page Fault Count               : 0
 Read Bytes                     : 0
 Write Bytes                    : 0
 Block Read Bytes               : 0
 Block Write Bytes              : 0
[===============================================]

[===============================================]
Result of node_idx 6 in node_object 0: Static Reshape (NC)

-- Elapsed Time Analysis --
 Wall-clock Time                      : 3 us
 - Non I/O Handling Time (Estimated)  : 3 us
 - I/O Handling Time                  : 0 us
        - Read Syscall                : 0 us
        - Write Syscall               : 0 us
        - Page Fault                  : 0 us
        - io_uring                    : 0 us

-- I/O Counts --
 Read Syscall Count                   : 0
 Write Syscall Count                  : 0
 Block I/O Count                      : 0
 io_uring Completion Count            : 0

-- Total I/O Time (block device) --
 Total Block I/O Time           : 0

-- Page Faults & Bytes --
 Page Fault Count               : 0
 Read Bytes                     : 0
 Write Bytes                    : 0
 Block Read Bytes               : 0
 Block Write Bytes              : 0
[===============================================]

[===============================================]
Result of node_idx 7 in node_object 0: Add (ND)

-- Elapsed Time Analysis --
 Wall-clock Time                      : 8 us
 - Non I/O Handling Time (Estimated)  : 8 us
 - I/O Handling Time                  : 0 us
        - Read Syscall                : 0 us
        - Write Syscall               : 0 us
        - Page Fault                  : 0 us
        - io_uring                    : 0 us

-- I/O Counts --
 Read Syscall Count                   : 0
 Write Syscall Count                  : 0
 Block I/O Count                      : 0
 io_uring Completion Count            : 0

-- Total I/O Time (block device) --
 Total Block I/O Time           : 0

-- Page Faults & Bytes --
 Page Fault Count               : 0
 Read Bytes                     : 0
 Write Bytes                    : 0
 Block Read Bytes               : 0
 Block Write Bytes              : 0
[===============================================]

[===============================================]
Result of node_idx 8 in node_object 0: Softmax (NC, F32)

-- Elapsed Time Analysis --
 Wall-clock Time                      : 13 us
 - Non I/O Handling Time (Estimated)  : 13 us
 - I/O Handling Time                  : 0 us
        - Read Syscall                : 0 us
        - Write Syscall               : 0 us
        - Page Fault                  : 0 us
        - io_uring                    : 0 us

-- I/O Counts --
 Read Syscall Count                   : 0
 Write Syscall Count                  : 0
 Block I/O Count                      : 0
 io_uring Completion Count            : 0

-- Total I/O Time (block device) --
 Total Block I/O Time           : 0

-- Page Faults & Bytes --
 Page Fault Count               : 0
 Read Bytes                     : 0
 Write Bytes                    : 0
 Block Read Bytes               : 0
 Block Write Bytes              : 0
[===============================================]

[===============================================]
Result of node_idx 9 in node_object 0: Transpose (ND, X32)

-- Elapsed Time Analysis --
 Wall-clock Time                      : 32 us
 - Non I/O Handling Time (Estimated)  : 32 us
 - I/O Handling Time                  : 0 us
        - Read Syscall                : 0 us
        - Write Syscall               : 0 us
        - Page Fault                  : 0 us
        - io_uring                    : 0 us

-- I/O Counts --
 Read Syscall Count                   : 0
 Write Syscall Count                  : 0
 Block I/O Count                      : 0
 io_uring Completion Count            : 0

-- Total I/O Time (block device) --
 Total Block I/O Time           : 0

-- Page Faults & Bytes --
 Page Fault Count               : 0
 Read Bytes                     : 0
 Write Bytes                    : 0
 Block Read Bytes               : 0
 Block Write Bytes              : 0
[===============================================]

[===============================================]
Result of node_idx 10 in node_object 0: Static Reshape (NC)

-- Elapsed Time Analysis --
 Wall-clock Time                      : 3 us
 - Non I/O Handling Time (Estimated)  : 3 us
 - I/O Handling Time                  : 0 us
        - Read Syscall                : 0 us
        - Write Syscall               : 0 us
        - Page Fault                  : 0 us
        - io_uring                    : 0 us

-- I/O Counts --
 Read Syscall Count                   : 0
 Write Syscall Count                  : 0
 Block I/O Count                      : 0
 io_uring Completion Count            : 0

-- Total I/O Time (block device) --
 Total Block I/O Time           : 0

-- Page Faults & Bytes --
 Page Fault Count               : 0
 Read Bytes                     : 0
 Write Bytes                    : 0
 Block Read Bytes               : 0
 Block Write Bytes              : 0
[===============================================]

[===============================================]
Result of node_idx 11 in node_object 0: Static Reshape (NC)

-- Elapsed Time Analysis --
 Wall-clock Time                      : 3 us
 - Non I/O Handling Time (Estimated)  : 3 us
 - I/O Handling Time                  : 0 us
        - Read Syscall                : 0 us
        - Write Syscall               : 0 us
        - Page Fault                  : 0 us
        - io_uring                    : 0 us

-- I/O Counts --
 Read Syscall Count                   : 0
 Write Syscall Count                  : 0
 Block I/O Count                      : 0
 io_uring Completion Count            : 0

-- Total I/O Time (block device) --
 Total Block I/O Time           : 0

-- Page Faults & Bytes --
 Page Fault Count               : 0
 Read Bytes                     : 0
 Write Bytes                    : 0
 Block Read Bytes               : 0
 Block Write Bytes              : 0
[===============================================]

[===============================================]
Result of node_idx 12 in node_object 0: Batch Matrix Multiply (NC, F32)

-- Elapsed Time Analysis --
 Wall-clock Time                      : 55 us
 - Non I/O Handling Time (Estimated)  : 55 us
 - I/O Handling Time                  : 0 us
        - Read Syscall                : 0 us
        - Write Syscall               : 0 us
        - Page Fault                  : 0 us
        - io_uring                    : 0 us

-- I/O Counts --
 Read Syscall Count                   : 0
 Write Syscall Count                  : 0
 Block I/O Count                      : 0
 io_uring Completion Count            : 0

-- Total I/O Time (block device) --
 Total Block I/O Time           : 0

-- Page Faults & Bytes --
 Page Fault Count               : 0
 Read Bytes                     : 0
 Write Bytes                    : 0
 Block Read Bytes               : 0
 Block Write Bytes              : 0
[===============================================]

[===============================================]
Result of node_idx 13 in node_object 0: Static Reshape (NC)

-- Elapsed Time Analysis --
 Wall-clock Time                      : 3 us
 - Non I/O Handling Time (Estimated)  : 3 us
 - I/O Handling Time                  : 0 us
        - Read Syscall                : 0 us
        - Write Syscall               : 0 us
        - Page Fault                  : 0 us
        - io_uring                    : 0 us

-- I/O Counts --
 Read Syscall Count                   : 0
 Write Syscall Count                  : 0
 Block I/O Count                      : 0
 io_uring Completion Count            : 0

-- Total I/O Time (block device) --
 Total Block I/O Time           : 0

-- Page Faults & Bytes --
 Page Fault Count               : 0
 Read Bytes                     : 0
 Write Bytes                    : 0
 Block Read Bytes               : 0
 Block Write Bytes              : 0
[===============================================]

[===============================================]
Result of node_idx 14 in node_object 0: Transpose (ND, X32)

-- Elapsed Time Analysis --
 Wall-clock Time                      : 4 us
 - Non I/O Handling Time (Estimated)  : 4 us
 - I/O Handling Time                  : 0 us
        - Read Syscall                : 0 us
        - Write Syscall               : 0 us
        - Page Fault                  : 0 us
        - io_uring                    : 0 us

-- I/O Counts --
 Read Syscall Count                   : 0
 Write Syscall Count                  : 0
 Block I/O Count                      : 0
 io_uring Completion Count            : 0

-- Total I/O Time (block device) --
 Total Block I/O Time           : 0

-- Page Faults & Bytes --
 Page Fault Count               : 0
 Read Bytes                     : 0
 Write Bytes                    : 0
 Block Read Bytes               : 0
 Block Write Bytes              : 0
[===============================================]

[===============================================]
Result of node_idx 15 in node_object 0: Static Reshape (NC)

-- Elapsed Time Analysis --
 Wall-clock Time                      : 3 us
 - Non I/O Handling Time (Estimated)  : 3 us
 - I/O Handling Time                  : 0 us
        - Read Syscall                : 0 us
        - Write Syscall               : 0 us
        - Page Fault                  : 0 us
        - io_uring                    : 0 us

-- I/O Counts --
 Read Syscall Count                   : 0
 Write Syscall Count                  : 0
 Block I/O Count                      : 0
 io_uring Completion Count            : 0

-- Total I/O Time (block device) --
 Total Block I/O Time           : 0

-- Page Faults & Bytes --
 Page Fault Count               : 0
 Read Bytes                     : 0
 Write Bytes                    : 0
 Block Read Bytes               : 0
 Block Write Bytes              : 0
[===============================================]

[===============================================]
Result of node_idx 16 in node_object 0: Fully Connected (NC, QDU8, F32, QC8W)

-- Elapsed Time Analysis --
 Wall-clock Time                      : 434 us
 - Non I/O Handling Time (Estimated)  : 114 us
 - I/O Handling Time                  : 320 us
        - Read Syscall                : 0 us
        - Write Syscall               : 0 us
        - Page Fault                  : 320 us
        - io_uring                    : 0 us

-- I/O Counts --
 Read Syscall Count                   : 0
 Write Syscall Count                  : 0
 Block I/O Count                      : 2
 io_uring Completion Count            : 0

-- Total I/O Time (block device) --
 Total Block I/O Time           : 387

-- Page Faults & Bytes --
 Page Fault Count               : 4
 Read Bytes                     : 0
 Write Bytes                    : 0
 Block Read Bytes               : 57344
 Block Write Bytes              : 0
[===============================================]

[===============================================]
Result of node_idx 17 in node_object 0: Add (ND)

-- Elapsed Time Analysis --
 Wall-clock Time                      : 15 us
 - Non I/O Handling Time (Estimated)  : 15 us
 - I/O Handling Time                  : 0 us
        - Read Syscall                : 0 us
        - Write Syscall               : 0 us
        - Page Fault                  : 0 us
        - io_uring                    : 0 us

-- I/O Counts --
 Read Syscall Count                   : 0
 Write Syscall Count                  : 0
 Block I/O Count                      : 0
 io_uring Completion Count            : 0

-- Total I/O Time (block device) --
 Total Block I/O Time           : 0

-- Page Faults & Bytes --
 Page Fault Count               : 0
 Read Bytes                     : 0
 Write Bytes                    : 0
 Block Read Bytes               : 0
 Block Write Bytes              : 0
[===============================================]

[===============================================]
Result of node_idx 0 in node_object 0: Multiply (ND)

-- Elapsed Time Analysis --
 Wall-clock Time                      : 81 us
 - Non I/O Handling Time (Estimated)  : 81 us
 - I/O Handling Time                  : 0 us
        - Read Syscall                : 0 us
        - Write Syscall               : 0 us
        - Page Fault                  : 0 us
        - io_uring                    : 0 us

-- I/O Counts --
 Read Syscall Count                   : 0
 Write Syscall Count                  : 0
 Block I/O Count                      : 0
 io_uring Completion Count            : 0

-- Total I/O Time (block device) --
 Total Block I/O Time           : 0

-- Page Faults & Bytes --
 Page Fault Count               : 0
 Read Bytes                     : 0
 Write Bytes                    : 0
 Block Read Bytes               : 0
 Block Write Bytes              : 0
[===============================================]

[===============================================]
Result of node_idx 1 in node_object 0: Sum (ND)

-- Elapsed Time Analysis --
 Wall-clock Time                      : 94 us
 - Non I/O Handling Time (Estimated)  : 94 us
 - I/O Handling Time                  : 0 us
        - Read Syscall                : 0 us
        - Write Syscall               : 0 us
        - Page Fault                  : 0 us
        - io_uring                    : 0 us

-- I/O Counts --
 Read Syscall Count                   : 0
 Write Syscall Count                  : 0
 Block I/O Count                      : 0
 io_uring Completion Count            : 0

-- Total I/O Time (block device) --
 Total Block I/O Time           : 0

-- Page Faults & Bytes --
 Page Fault Count               : 0
 Read Bytes                     : 0
 Write Bytes                    : 0
 Block Read Bytes               : 0
 Block Write Bytes              : 0
[===============================================]

[===============================================]
Result of node_idx 2 in node_object 0: Multiply (ND)

-- Elapsed Time Analysis --
 Wall-clock Time                      : 2 us
 - Non I/O Handling Time (Estimated)  : 2 us
 - I/O Handling Time                  : 0 us
        - Read Syscall                : 0 us
        - Write Syscall               : 0 us
        - Page Fault                  : 0 us
        - io_uring                    : 0 us

-- I/O Counts --
 Read Syscall Count                   : 0
 Write Syscall Count                  : 0
 Block I/O Count                      : 0
 io_uring Completion Count            : 0

-- Total I/O Time (block device) --
 Total Block I/O Time           : 0

-- Page Faults & Bytes --
 Page Fault Count               : 0
 Read Bytes                     : 0
 Write Bytes                    : 0
 Block Read Bytes               : 0
 Block Write Bytes              : 0
[===============================================]

[===============================================]
Result of node_idx 3 in node_object 0: Add (ND)

-- Elapsed Time Analysis --
 Wall-clock Time                      : 2 us
 - Non I/O Handling Time (Estimated)  : 2 us
 - I/O Handling Time                  : 0 us
        - Read Syscall                : 0 us
        - Write Syscall               : 0 us
        - Page Fault                  : 0 us
        - io_uring                    : 0 us

-- I/O Counts --
 Read Syscall Count                   : 0
 Write Syscall Count                  : 0
 Block I/O Count                      : 0
 io_uring Completion Count            : 0

-- Total I/O Time (block device) --
 Total Block I/O Time           : 0

-- Page Faults & Bytes --
 Page Fault Count               : 0
 Read Bytes                     : 0
 Write Bytes                    : 0
 Block Read Bytes               : 0
 Block Write Bytes              : 0
[===============================================]

[===============================================]
Result of node_idx 4 in node_object 0: Static Reshape (NC)

-- Elapsed Time Analysis --
 Wall-clock Time                      : 2 us
 - Non I/O Handling Time (Estimated)  : 2 us
 - I/O Handling Time                  : 0 us
        - Read Syscall                : 0 us
        - Write Syscall               : 0 us
        - Page Fault                  : 0 us
        - io_uring                    : 0 us

-- I/O Counts --
 Read Syscall Count                   : 0
 Write Syscall Count                  : 0
 Block I/O Count                      : 0
 io_uring Completion Count            : 0

-- Total I/O Time (block device) --
 Total Block I/O Time           : 0

-- Page Faults & Bytes --
 Page Fault Count               : 0
 Read Bytes                     : 0
 Write Bytes                    : 0
 Block Read Bytes               : 0
 Block Write Bytes              : 0
[===============================================]

[===============================================]
Result of node_idx 5 in node_object 0: Reciprocal Square Root (NC)

-- Elapsed Time Analysis --
 Wall-clock Time                      : 2 us
 - Non I/O Handling Time (Estimated)  : 2 us
 - I/O Handling Time                  : 0 us
        - Read Syscall                : 0 us
        - Write Syscall               : 0 us
        - Page Fault                  : 0 us
        - io_uring                    : 0 us

-- I/O Counts --
 Read Syscall Count                   : 0
 Write Syscall Count                  : 0
 Block I/O Count                      : 0
 io_uring Completion Count            : 0

-- Total I/O Time (block device) --
 Total Block I/O Time           : 0

-- Page Faults & Bytes --
 Page Fault Count               : 0
 Read Bytes                     : 0
 Write Bytes                    : 0
 Block Read Bytes               : 0
 Block Write Bytes              : 0
[===============================================]

[===============================================]
Result of node_idx 6 in node_object 0: Multiply (ND)

-- Elapsed Time Analysis --
 Wall-clock Time                      : 85 us
 - Non I/O Handling Time (Estimated)  : 85 us
 - I/O Handling Time                  : 0 us
        - Read Syscall                : 0 us
        - Write Syscall               : 0 us
        - Page Fault                  : 0 us
        - io_uring                    : 0 us

-- I/O Counts --
 Read Syscall Count                   : 0
 Write Syscall Count                  : 0
 Block I/O Count                      : 0
 io_uring Completion Count            : 0

-- Total I/O Time (block device) --
 Total Block I/O Time           : 0

-- Page Faults & Bytes --
 Page Fault Count               : 0
 Read Bytes                     : 0
 Write Bytes                    : 0
 Block Read Bytes               : 0
 Block Write Bytes              : 0
[===============================================]

[===============================================]
Result of node_idx 7 in node_object 0: Multiply (ND)

-- Elapsed Time Analysis --
 Wall-clock Time                      : 14 us
 - Non I/O Handling Time (Estimated)  : 14 us
 - I/O Handling Time                  : 0 us
        - Read Syscall                : 0 us
        - Write Syscall               : 0 us
        - Page Fault                  : 0 us
        - io_uring                    : 0 us

-- I/O Counts --
 Read Syscall Count                   : 0
 Write Syscall Count                  : 0
 Block I/O Count                      : 0
 io_uring Completion Count            : 0

-- Total I/O Time (block device) --
 Total Block I/O Time           : 0

-- Page Faults & Bytes --
 Page Fault Count               : 0
 Read Bytes                     : 0
 Write Bytes                    : 0
 Block Read Bytes               : 0
 Block Write Bytes              : 0
[===============================================]

[===============================================]
Result of node_idx 0 in node_object 0: Fully Connected (NC, QDU8, F32, QC8W)

-- Elapsed Time Analysis --
 Wall-clock Time                      : 831 us
 - Non I/O Handling Time (Estimated)  : 101 us
 - I/O Handling Time                  : 730 us
        - Read Syscall                : 0 us
        - Write Syscall               : 0 us
        - Page Fault                  : 730 us
        - io_uring                    : 0 us

-- I/O Counts --
 Read Syscall Count                   : 0
 Write Syscall Count                  : 0
 Block I/O Count                      : 1
 io_uring Completion Count            : 0

-- Total I/O Time (block device) --
 Total Block I/O Time           : 0

-- Page Faults & Bytes --
 Page Fault Count               : 6
 Read Bytes                     : 0
 Write Bytes                    : 0
 Block Read Bytes               : 0
 Block Write Bytes              : 0
[===============================================]

[===============================================]
Result of node_idx 1 in node_object 0: Sigmoid (NC)

-- Elapsed Time Analysis --
 Wall-clock Time                      : 97 us
 - Non I/O Handling Time (Estimated)  : 97 us
 - I/O Handling Time                  : 0 us
        - Read Syscall                : 0 us
        - Write Syscall               : 0 us
        - Page Fault                  : 0 us
        - io_uring                    : 0 us

-- I/O Counts --
 Read Syscall Count                   : 0
 Write Syscall Count                  : 0
 Block I/O Count                      : 0
 io_uring Completion Count            : 0

-- Total I/O Time (block device) --
 Total Block I/O Time           : 0

-- Page Faults & Bytes --
 Page Fault Count               : 0
 Read Bytes                     : 0
 Write Bytes                    : 0
 Block Read Bytes               : 0
 Block Write Bytes              : 0
[===============================================]

[===============================================]
Result of node_idx 2 in node_object 0: Multiply (ND)

-- Elapsed Time Analysis --
 Wall-clock Time                      : 99 us
 - Non I/O Handling Time (Estimated)  : 99 us
 - I/O Handling Time                  : 0 us
        - Read Syscall                : 0 us
        - Write Syscall               : 0 us
        - Page Fault                  : 0 us
        - io_uring                    : 0 us

-- I/O Counts --
 Read Syscall Count                   : 0
 Write Syscall Count                  : 0
 Block I/O Count                      : 0
 io_uring Completion Count            : 0

-- Total I/O Time (block device) --
 Total Block I/O Time           : 0

-- Page Faults & Bytes --
 Page Fault Count               : 0
 Read Bytes                     : 0
 Write Bytes                    : 0
 Block Read Bytes               : 0
 Block Write Bytes              : 0
[===============================================]

[===============================================]
Result of node_idx 3 in node_object 0: Fully Connected (NC, QDU8, F32, QC8W)

-- Elapsed Time Analysis --
 Wall-clock Time                      : 1199 us
 - Non I/O Handling Time (Estimated)  : 441 us
 - I/O Handling Time                  : 758 us
        - Read Syscall                : 0 us
        - Write Syscall               : 0 us
        - Page Fault                  : 758 us
        - io_uring                    : 0 us

-- I/O Counts --
 Read Syscall Count                   : 0
 Write Syscall Count                  : 0
 Block I/O Count                      : 2
 io_uring Completion Count            : 0

-- Total I/O Time (block device) --
 Total Block I/O Time           : 1377

-- Page Faults & Bytes --
 Page Fault Count               : 8
 Read Bytes                     : 0
 Write Bytes                    : 0
 Block Read Bytes               : 274432
 Block Write Bytes              : 0
[===============================================]

[===============================================]
Result of node_idx 4 in node_object 0: Multiply (ND)

-- Elapsed Time Analysis --
 Wall-clock Time                      : 79 us
 - Non I/O Handling Time (Estimated)  : 79 us
 - I/O Handling Time                  : 0 us
        - Read Syscall                : 0 us
        - Write Syscall               : 0 us
        - Page Fault                  : 0 us
        - io_uring                    : 0 us

-- I/O Counts --
 Read Syscall Count                   : 0
 Write Syscall Count                  : 0
 Block I/O Count                      : 0
 io_uring Completion Count            : 0

-- Total I/O Time (block device) --
 Total Block I/O Time           : 0

-- Page Faults & Bytes --
 Page Fault Count               : 0
 Read Bytes                     : 0
 Write Bytes                    : 0
 Block Read Bytes               : 0
 Block Write Bytes              : 0
[===============================================]

[===============================================]
Result of node_idx 5 in node_object 0: Fully Connected (NC, QDU8, F32, QC8W)

-- Elapsed Time Analysis --
 Wall-clock Time                      : 1355 us
 - Non I/O Handling Time (Estimated)  : 156 us
 - I/O Handling Time                  : 1199 us
        - Read Syscall                : 0 us
        - Write Syscall               : 0 us
        - Page Fault                  : 1199 us
        - io_uring                    : 0 us

-- I/O Counts --
 Read Syscall Count                   : 0
 Write Syscall Count                  : 0
 Block I/O Count                      : 2
 io_uring Completion Count            : 0

-- Total I/O Time (block device) --
 Total Block I/O Time           : 504

-- Page Faults & Bytes --
 Page Fault Count               : 6
 Read Bytes                     : 0
 Write Bytes                    : 0
 Block Read Bytes               : 167936
 Block Write Bytes              : 0
[===============================================]

[===============================================]
Result of node_idx 6 in node_object 0: Add (ND)

-- Elapsed Time Analysis --
 Wall-clock Time                      : 23 us
 - Non I/O Handling Time (Estimated)  : 23 us
 - I/O Handling Time                  : 0 us
        - Read Syscall                : 0 us
        - Write Syscall               : 0 us
        - Page Fault                  : 0 us
        - io_uring                    : 0 us

-- I/O Counts --
 Read Syscall Count                   : 0
 Write Syscall Count                  : 0
 Block I/O Count                      : 0
 io_uring Completion Count            : 0

-- Total I/O Time (block device) --
 Total Block I/O Time           : 0

-- Page Faults & Bytes --
 Page Fault Count               : 0
 Read Bytes                     : 0
 Write Bytes                    : 0
 Block Read Bytes               : 0
 Block Write Bytes              : 0
[===============================================]

[===============================================]
Result of node_idx 0 in node_object 0: Multiply (ND)

-- Elapsed Time Analysis --
 Wall-clock Time                      : 159 us
 - Non I/O Handling Time (Estimated)  : 159 us
 - I/O Handling Time                  : 0 us
        - Read Syscall                : 0 us
        - Write Syscall               : 0 us
        - Page Fault                  : 0 us
        - io_uring                    : 0 us

-- I/O Counts --
 Read Syscall Count                   : 0
 Write Syscall Count                  : 0
 Block I/O Count                      : 0
 io_uring Completion Count            : 0

-- Total I/O Time (block device) --
 Total Block I/O Time           : 0

-- Page Faults & Bytes --
 Page Fault Count               : 0
 Read Bytes                     : 0
 Write Bytes                    : 0
 Block Read Bytes               : 0
 Block Write Bytes              : 0
[===============================================]

[===============================================]
Result of node_idx 1 in node_object 0: Sum (ND)

-- Elapsed Time Analysis --
 Wall-clock Time                      : 16 us
 - Non I/O Handling Time (Estimated)  : 16 us
 - I/O Handling Time                  : 0 us
        - Read Syscall                : 0 us
        - Write Syscall               : 0 us
        - Page Fault                  : 0 us
        - io_uring                    : 0 us

-- I/O Counts --
 Read Syscall Count                   : 0
 Write Syscall Count                  : 0
 Block I/O Count                      : 0
 io_uring Completion Count            : 0

-- Total I/O Time (block device) --
 Total Block I/O Time           : 0

-- Page Faults & Bytes --
 Page Fault Count               : 0
 Read Bytes                     : 0
 Write Bytes                    : 0
 Block Read Bytes               : 0
 Block Write Bytes              : 0
[===============================================]

[===============================================]
Result of node_idx 2 in node_object 0: Multiply (ND)

-- Elapsed Time Analysis --
 Wall-clock Time                      : 4 us
 - Non I/O Handling Time (Estimated)  : 4 us
 - I/O Handling Time                  : 0 us
        - Read Syscall                : 0 us
        - Write Syscall               : 0 us
        - Page Fault                  : 0 us
        - io_uring                    : 0 us

-- I/O Counts --
 Read Syscall Count                   : 0
 Write Syscall Count                  : 0
 Block I/O Count                      : 0
 io_uring Completion Count            : 0

-- Total I/O Time (block device) --
 Total Block I/O Time           : 0

-- Page Faults & Bytes --
 Page Fault Count               : 0
 Read Bytes                     : 0
 Write Bytes                    : 0
 Block Read Bytes               : 0
 Block Write Bytes              : 0
[===============================================]

[===============================================]
Result of node_idx 3 in node_object 0: Add (ND)

-- Elapsed Time Analysis --
 Wall-clock Time                      : 3 us
 - Non I/O Handling Time (Estimated)  : 3 us
 - I/O Handling Time                  : 0 us
        - Read Syscall                : 0 us
        - Write Syscall               : 0 us
        - Page Fault                  : 0 us
        - io_uring                    : 0 us

-- I/O Counts --
 Read Syscall Count                   : 0
 Write Syscall Count                  : 0
 Block I/O Count                      : 0
 io_uring Completion Count            : 0

-- Total I/O Time (block device) --
 Total Block I/O Time           : 0

-- Page Faults & Bytes --
 Page Fault Count               : 0
 Read Bytes                     : 0
 Write Bytes                    : 0
 Block Read Bytes               : 0
 Block Write Bytes              : 0
[===============================================]

[===============================================]
Result of node_idx 4 in node_object 0: Static Reshape (NC)

-- Elapsed Time Analysis --
 Wall-clock Time                      : 3 us
 - Non I/O Handling Time (Estimated)  : 3 us
 - I/O Handling Time                  : 0 us
        - Read Syscall                : 0 us
        - Write Syscall               : 0 us
        - Page Fault                  : 0 us
        - io_uring                    : 0 us

-- I/O Counts --
 Read Syscall Count                   : 0
 Write Syscall Count                  : 0
 Block I/O Count                      : 0
 io_uring Completion Count            : 0

-- Total I/O Time (block device) --
 Total Block I/O Time           : 0

-- Page Faults & Bytes --
 Page Fault Count               : 0
 Read Bytes                     : 0
 Write Bytes                    : 0
 Block Read Bytes               : 0
 Block Write Bytes              : 0
[===============================================]

[===============================================]
Result of node_idx 5 in node_object 0: Reciprocal Square Root (NC)

-- Elapsed Time Analysis --
 Wall-clock Time                      : 3 us
 - Non I/O Handling Time (Estimated)  : 3 us
 - I/O Handling Time                  : 0 us
        - Read Syscall                : 0 us
        - Write Syscall               : 0 us
        - Page Fault                  : 0 us
        - io_uring                    : 0 us

-- I/O Counts --
 Read Syscall Count                   : 0
 Write Syscall Count                  : 0
 Block I/O Count                      : 0
 io_uring Completion Count            : 0

-- Total I/O Time (block device) --
 Total Block I/O Time           : 0

-- Page Faults & Bytes --
 Page Fault Count               : 0
 Read Bytes                     : 0
 Write Bytes                    : 0
 Block Read Bytes               : 0
 Block Write Bytes              : 0
[===============================================]

[===============================================]
Result of node_idx 6 in node_object 0: Multiply (ND)

-- Elapsed Time Analysis --
 Wall-clock Time                      : 5 us
 - Non I/O Handling Time (Estimated)  : 5 us
 - I/O Handling Time                  : 0 us
        - Read Syscall                : 0 us
        - Write Syscall               : 0 us
        - Page Fault                  : 0 us
        - io_uring                    : 0 us

-- I/O Counts --
 Read Syscall Count                   : 0
 Write Syscall Count                  : 0
 Block I/O Count                      : 0
 io_uring Completion Count            : 0

-- Total I/O Time (block device) --
 Total Block I/O Time           : 0

-- Page Faults & Bytes --
 Page Fault Count               : 0
 Read Bytes                     : 0
 Write Bytes                    : 0
 Block Read Bytes               : 0
 Block Write Bytes              : 0
[===============================================]

[===============================================]
Result of node_idx 7 in node_object 0: Multiply (ND)

-- Elapsed Time Analysis --
 Wall-clock Time                      : 5 us
 - Non I/O Handling Time (Estimated)  : 5 us
 - I/O Handling Time                  : 0 us
        - Read Syscall                : 0 us
        - Write Syscall               : 0 us
        - Page Fault                  : 0 us
        - io_uring                    : 0 us

-- I/O Counts --
 Read Syscall Count                   : 0
 Write Syscall Count                  : 0
 Block I/O Count                      : 0
 io_uring Completion Count            : 0

-- Total I/O Time (block device) --
 Total Block I/O Time           : 0

-- Page Faults & Bytes --
 Page Fault Count               : 0
 Read Bytes                     : 0
 Write Bytes                    : 0
 Block Read Bytes               : 0
 Block Write Bytes              : 0
[===============================================]

[===============================================]
Result of node_idx 0 in node_object 0: Fully Connected (NC, QDU8, F32, QC8W)

-- Elapsed Time Analysis --
 Wall-clock Time                      : 539 us
 - Non I/O Handling Time (Estimated)  : 117 us
 - I/O Handling Time                  : 422 us
        - Read Syscall                : 0 us
        - Write Syscall               : 0 us
        - Page Fault                  : 422 us
        - io_uring                    : 0 us

-- I/O Counts --
 Read Syscall Count                   : 0
 Write Syscall Count                  : 0
 Block I/O Count                      : 1
 io_uring Completion Count            : 0

-- Total I/O Time (block device) --
 Total Block I/O Time           : 340

-- Page Faults & Bytes --
 Page Fault Count               : 5
 Read Bytes                     : 0
 Write Bytes                    : 0
 Block Read Bytes               : 12288
 Block Write Bytes              : 0
[===============================================]

[===============================================]
Result of node_idx 1 in node_object 0: Static Reshape (NC)

-- Elapsed Time Analysis --
 Wall-clock Time                      : 103 us
 - Non I/O Handling Time (Estimated)  : 103 us
 - I/O Handling Time                  : 0 us
        - Read Syscall                : 0 us
        - Write Syscall               : 0 us
        - Page Fault                  : 0 us
        - io_uring                    : 0 us

-- I/O Counts --
 Read Syscall Count                   : 0
 Write Syscall Count                  : 0
 Block I/O Count                      : 0
 io_uring Completion Count            : 0

-- Total I/O Time (block device) --
 Total Block I/O Time           : 0

-- Page Faults & Bytes --
 Page Fault Count               : 0
 Read Bytes                     : 0
 Write Bytes                    : 0
 Block Read Bytes               : 0
 Block Write Bytes              : 0
[===============================================]

[===============================================]
Result of node_idx 2 in node_object 0: Slice (ND, X32)

-- Elapsed Time Analysis --
 Wall-clock Time                      : 95 us
 - Non I/O Handling Time (Estimated)  : 95 us
 - I/O Handling Time                  : 0 us
        - Read Syscall                : 0 us
        - Write Syscall               : 0 us
        - Page Fault                  : 0 us
        - io_uring                    : 0 us

-- I/O Counts --
 Read Syscall Count                   : 0
 Write Syscall Count                  : 0
 Block I/O Count                      : 0
 io_uring Completion Count            : 0

-- Total I/O Time (block device) --
 Total Block I/O Time           : 0

-- Page Faults & Bytes --
 Page Fault Count               : 0
 Read Bytes                     : 0
 Write Bytes                    : 0
 Block Read Bytes               : 0
 Block Write Bytes              : 0
[===============================================]

[===============================================]
Result of node_idx 3 in node_object 0: Slice (ND, X32)

-- Elapsed Time Analysis --
 Wall-clock Time                      : 93 us
 - Non I/O Handling Time (Estimated)  : 93 us
 - I/O Handling Time                  : 0 us
        - Read Syscall                : 0 us
        - Write Syscall               : 0 us
        - Page Fault                  : 0 us
        - io_uring                    : 0 us

-- I/O Counts --
 Read Syscall Count                   : 0
 Write Syscall Count                  : 0
 Block I/O Count                      : 0
 io_uring Completion Count            : 0

-- Total I/O Time (block device) --
 Total Block I/O Time           : 0

-- Page Faults & Bytes --
 Page Fault Count               : 0
 Read Bytes                     : 0
 Write Bytes                    : 0
 Block Read Bytes               : 0
 Block Write Bytes              : 0
[===============================================]

[===============================================]
Result of node_idx 4 in node_object 0: Slice (ND, X32)

-- Elapsed Time Analysis --
 Wall-clock Time                      : 105 us
 - Non I/O Handling Time (Estimated)  : 105 us
 - I/O Handling Time                  : 0 us
        - Read Syscall                : 0 us
        - Write Syscall               : 0 us
        - Page Fault                  : 0 us
        - io_uring                    : 0 us

-- I/O Counts --
 Read Syscall Count                   : 0
 Write Syscall Count                  : 0
 Block I/O Count                      : 0
 io_uring Completion Count            : 0

-- Total I/O Time (block device) --
 Total Block I/O Time           : 0

-- Page Faults & Bytes --
 Page Fault Count               : 0
 Read Bytes                     : 0
 Write Bytes                    : 0
 Block Read Bytes               : 0
 Block Write Bytes              : 0
[===============================================]

[===============================================]
Result of node_idx 5 in node_object 0: Static Reshape (NC)

-- Elapsed Time Analysis --
 Wall-clock Time                      : 4 us
 - Non I/O Handling Time (Estimated)  : 4 us
 - I/O Handling Time                  : 0 us
        - Read Syscall                : 0 us
        - Write Syscall               : 0 us
        - Page Fault                  : 0 us
        - io_uring                    : 0 us

-- I/O Counts --
 Read Syscall Count                   : 0
 Write Syscall Count                  : 0
 Block I/O Count                      : 0
 io_uring Completion Count            : 0

-- Total I/O Time (block device) --
 Total Block I/O Time           : 0

-- Page Faults & Bytes --
 Page Fault Count               : 0
 Read Bytes                     : 0
 Write Bytes                    : 0
 Block Read Bytes               : 0
 Block Write Bytes              : 0
[===============================================]

[===============================================]
Result of node_idx 6 in node_object 0: Transpose (ND, X32)

-- Elapsed Time Analysis --
 Wall-clock Time                      : 4 us
 - Non I/O Handling Time (Estimated)  : 4 us
 - I/O Handling Time                  : 0 us
        - Read Syscall                : 0 us
        - Write Syscall               : 0 us
        - Page Fault                  : 0 us
        - io_uring                    : 0 us

-- I/O Counts --
 Read Syscall Count                   : 0
 Write Syscall Count                  : 0
 Block I/O Count                      : 0
 io_uring Completion Count            : 0

-- Total I/O Time (block device) --
 Total Block I/O Time           : 0

-- Page Faults & Bytes --
 Page Fault Count               : 0
 Read Bytes                     : 0
 Write Bytes                    : 0
 Block Read Bytes               : 0
 Block Write Bytes              : 0
[===============================================]

[===============================================]
Result of node_idx 7 in node_object 0: Slice (ND, X32)

-- Elapsed Time Analysis --
 Wall-clock Time                      : 92 us
 - Non I/O Handling Time (Estimated)  : 92 us
 - I/O Handling Time                  : 0 us
        - Read Syscall                : 0 us
        - Write Syscall               : 0 us
        - Page Fault                  : 0 us
        - io_uring                    : 0 us

-- I/O Counts --
 Read Syscall Count                   : 0
 Write Syscall Count                  : 0
 Block I/O Count                      : 0
 io_uring Completion Count            : 0

-- Total I/O Time (block device) --
 Total Block I/O Time           : 0

-- Page Faults & Bytes --
 Page Fault Count               : 0
 Read Bytes                     : 0
 Write Bytes                    : 0
 Block Read Bytes               : 0
 Block Write Bytes              : 0
[===============================================]

[===============================================]
Result of node_idx 8 in node_object 0: Slice (ND, X32)

-- Elapsed Time Analysis --
 Wall-clock Time                      : 96 us
 - Non I/O Handling Time (Estimated)  : 96 us
 - I/O Handling Time                  : 0 us
        - Read Syscall                : 0 us
        - Write Syscall               : 0 us
        - Page Fault                  : 0 us
        - io_uring                    : 0 us

-- I/O Counts --
 Read Syscall Count                   : 0
 Write Syscall Count                  : 0
 Block I/O Count                      : 0
 io_uring Completion Count            : 0

-- Total I/O Time (block device) --
 Total Block I/O Time           : 0

-- Page Faults & Bytes --
 Page Fault Count               : 0
 Read Bytes                     : 0
 Write Bytes                    : 0
 Block Read Bytes               : 0
 Block Write Bytes              : 0
[===============================================]

[===============================================]
Result of node_idx 9 in node_object 0: Multiply (ND)

-- Elapsed Time Analysis --
 Wall-clock Time                      : 97 us
 - Non I/O Handling Time (Estimated)  : 97 us
 - I/O Handling Time                  : 0 us
        - Read Syscall                : 0 us
        - Write Syscall               : 0 us
        - Page Fault                  : 0 us
        - io_uring                    : 0 us

-- I/O Counts --
 Read Syscall Count                   : 0
 Write Syscall Count                  : 0
 Block I/O Count                      : 0
 io_uring Completion Count            : 0

-- Total I/O Time (block device) --
 Total Block I/O Time           : 0

-- Page Faults & Bytes --
 Page Fault Count               : 0
 Read Bytes                     : 0
 Write Bytes                    : 0
 Block Read Bytes               : 0
 Block Write Bytes              : 0
[===============================================]

[===============================================]
Result of node_idx 10 in node_object 0: Multiply (ND)

-- Elapsed Time Analysis --
 Wall-clock Time                      : 89 us
 - Non I/O Handling Time (Estimated)  : 89 us
 - I/O Handling Time                  : 0 us
        - Read Syscall                : 0 us
        - Write Syscall               : 0 us
        - Page Fault                  : 0 us
        - io_uring                    : 0 us

-- I/O Counts --
 Read Syscall Count                   : 0
 Write Syscall Count                  : 0
 Block I/O Count                      : 0
 io_uring Completion Count            : 0

-- Total I/O Time (block device) --
 Total Block I/O Time           : 0

-- Page Faults & Bytes --
 Page Fault Count               : 0
 Read Bytes                     : 0
 Write Bytes                    : 0
 Block Read Bytes               : 0
 Block Write Bytes              : 0
[===============================================]

[===============================================]
Result of node_idx 11 in node_object 0: Subtract (ND)

-- Elapsed Time Analysis --
 Wall-clock Time                      : 89 us
 - Non I/O Handling Time (Estimated)  : 89 us
 - I/O Handling Time                  : 0 us
        - Read Syscall                : 0 us
        - Write Syscall               : 0 us
        - Page Fault                  : 0 us
        - io_uring                    : 0 us

-- I/O Counts --
 Read Syscall Count                   : 0
 Write Syscall Count                  : 0
 Block I/O Count                      : 0
 io_uring Completion Count            : 0

-- Total I/O Time (block device) --
 Total Block I/O Time           : 0

-- Page Faults & Bytes --
 Page Fault Count               : 0
 Read Bytes                     : 0
 Write Bytes                    : 0
 Block Read Bytes               : 0
 Block Write Bytes              : 0
[===============================================]

[===============================================]
Result of node_idx 12 in node_object 0: Multiply (ND)

-- Elapsed Time Analysis --
 Wall-clock Time                      : 94 us
 - Non I/O Handling Time (Estimated)  : 94 us
 - I/O Handling Time                  : 0 us
        - Read Syscall                : 0 us
        - Write Syscall               : 0 us
        - Page Fault                  : 0 us
        - io_uring                    : 0 us

-- I/O Counts --
 Read Syscall Count                   : 0
 Write Syscall Count                  : 0
 Block I/O Count                      : 0
 io_uring Completion Count            : 0

-- Total I/O Time (block device) --
 Total Block I/O Time           : 0

-- Page Faults & Bytes --
 Page Fault Count               : 0
 Read Bytes                     : 0
 Write Bytes                    : 0
 Block Read Bytes               : 0
 Block Write Bytes              : 0
[===============================================]

[===============================================]
Result of node_idx 13 in node_object 0: Multiply (ND)

-- Elapsed Time Analysis --
 Wall-clock Time                      : 86 us
 - Non I/O Handling Time (Estimated)  : 86 us
 - I/O Handling Time                  : 0 us
        - Read Syscall                : 0 us
        - Write Syscall               : 0 us
        - Page Fault                  : 0 us
        - io_uring                    : 0 us

-- I/O Counts --
 Read Syscall Count                   : 0
 Write Syscall Count                  : 0
 Block I/O Count                      : 0
 io_uring Completion Count            : 0

-- Total I/O Time (block device) --
 Total Block I/O Time           : 0

-- Page Faults & Bytes --
 Page Fault Count               : 0
 Read Bytes                     : 0
 Write Bytes                    : 0
 Block Read Bytes               : 0
 Block Write Bytes              : 0
[===============================================]

[===============================================]
Result of node_idx 14 in node_object 0: Add (ND)

-- Elapsed Time Analysis --
 Wall-clock Time                      : 81 us
 - Non I/O Handling Time (Estimated)  : 81 us
 - I/O Handling Time                  : 0 us
        - Read Syscall                : 0 us
        - Write Syscall               : 0 us
        - Page Fault                  : 0 us
        - io_uring                    : 0 us

-- I/O Counts --
 Read Syscall Count                   : 0
 Write Syscall Count                  : 0
 Block I/O Count                      : 0
 io_uring Completion Count            : 0

-- Total I/O Time (block device) --
 Total Block I/O Time           : 0

-- Page Faults & Bytes --
 Page Fault Count               : 0
 Read Bytes                     : 0
 Write Bytes                    : 0
 Block Read Bytes               : 0
 Block Write Bytes              : 0
[===============================================]

[===============================================]
Result of node_idx 15 in node_object 0: Copy (NC, X32)

-- Elapsed Time Analysis --
 Wall-clock Time                      : 92 us
 - Non I/O Handling Time (Estimated)  : 92 us
 - I/O Handling Time                  : 0 us
        - Read Syscall                : 0 us
        - Write Syscall               : 0 us
        - Page Fault                  : 0 us
        - io_uring                    : 0 us

-- I/O Counts --
 Read Syscall Count                   : 0
 Write Syscall Count                  : 0
 Block I/O Count                      : 0
 io_uring Completion Count            : 0

-- Total I/O Time (block device) --
 Total Block I/O Time           : 0

-- Page Faults & Bytes --
 Page Fault Count               : 0
 Read Bytes                     : 0
 Write Bytes                    : 0
 Block Read Bytes               : 0
 Block Write Bytes              : 0
[===============================================]

[===============================================]
Result of node_idx 15 in node_object 1: Copy (NC, X32)

-- Elapsed Time Analysis --
 Wall-clock Time                      : 87 us
 - Non I/O Handling Time (Estimated)  : 87 us
 - I/O Handling Time                  : 0 us
        - Read Syscall                : 0 us
        - Write Syscall               : 0 us
        - Page Fault                  : 0 us
        - io_uring                    : 0 us

-- I/O Counts --
 Read Syscall Count                   : 0
 Write Syscall Count                  : 0
 Block I/O Count                      : 0
 io_uring Completion Count            : 0

-- Total I/O Time (block device) --
 Total Block I/O Time           : 0

-- Page Faults & Bytes --
 Page Fault Count               : 0
 Read Bytes                     : 0
 Write Bytes                    : 0
 Block Read Bytes               : 0
 Block Write Bytes              : 0
[===============================================]

[===============================================]
Result of node_idx 16 in node_object 0: Transpose (ND, X32)

-- Elapsed Time Analysis --
 Wall-clock Time                      : 4 us
 - Non I/O Handling Time (Estimated)  : 4 us
 - I/O Handling Time                  : 0 us
        - Read Syscall                : 0 us
        - Write Syscall               : 0 us
        - Page Fault                  : 0 us
        - io_uring                    : 0 us

-- I/O Counts --
 Read Syscall Count                   : 0
 Write Syscall Count                  : 0
 Block I/O Count                      : 0
 io_uring Completion Count            : 0

-- Total I/O Time (block device) --
 Total Block I/O Time           : 0

-- Page Faults & Bytes --
 Page Fault Count               : 0
 Read Bytes                     : 0
 Write Bytes                    : 0
 Block Read Bytes               : 0
 Block Write Bytes              : 0
[===============================================]

[===============================================]
Result of node_idx 17 in node_object 0: Transpose (ND, X32)

-- Elapsed Time Analysis --
 Wall-clock Time                      : 3 us
 - Non I/O Handling Time (Estimated)  : 3 us
 - I/O Handling Time                  : 0 us
        - Read Syscall                : 0 us
        - Write Syscall               : 0 us
        - Page Fault                  : 0 us
        - io_uring                    : 0 us

-- I/O Counts --
 Read Syscall Count                   : 0
 Write Syscall Count                  : 0
 Block I/O Count                      : 0
 io_uring Completion Count            : 0

-- Total I/O Time (block device) --
 Total Block I/O Time           : 0

-- Page Faults & Bytes --
 Page Fault Count               : 0
 Read Bytes                     : 0
 Write Bytes                    : 0
 Block Read Bytes               : 0
 Block Write Bytes              : 0
[===============================================]

[===============================================]
Result of node_idx 18 in node_object 0: Slice (ND, X32)

-- Elapsed Time Analysis --
 Wall-clock Time                      : 81 us
 - Non I/O Handling Time (Estimated)  : 81 us
 - I/O Handling Time                  : 0 us
        - Read Syscall                : 0 us
        - Write Syscall               : 0 us
        - Page Fault                  : 0 us
        - io_uring                    : 0 us

-- I/O Counts --
 Read Syscall Count                   : 0
 Write Syscall Count                  : 0
 Block I/O Count                      : 0
 io_uring Completion Count            : 0

-- Total I/O Time (block device) --
 Total Block I/O Time           : 0

-- Page Faults & Bytes --
 Page Fault Count               : 0
 Read Bytes                     : 0
 Write Bytes                    : 0
 Block Read Bytes               : 0
 Block Write Bytes              : 0
[===============================================]

[===============================================]
Result of node_idx 19 in node_object 0: Slice (ND, X32)

-- Elapsed Time Analysis --
 Wall-clock Time                      : 87 us
 - Non I/O Handling Time (Estimated)  : 87 us
 - I/O Handling Time                  : 0 us
        - Read Syscall                : 0 us
        - Write Syscall               : 0 us
        - Page Fault                  : 0 us
        - io_uring                    : 0 us

-- I/O Counts --
 Read Syscall Count                   : 0
 Write Syscall Count                  : 0
 Block I/O Count                      : 0
 io_uring Completion Count            : 0

-- Total I/O Time (block device) --
 Total Block I/O Time           : 0

-- Page Faults & Bytes --
 Page Fault Count               : 0
 Read Bytes                     : 0
 Write Bytes                    : 0
 Block Read Bytes               : 0
 Block Write Bytes              : 0
[===============================================]

[===============================================]
Result of node_idx 20 in node_object 0: Multiply (ND)

-- Elapsed Time Analysis --
 Wall-clock Time                      : 79 us
 - Non I/O Handling Time (Estimated)  : 79 us
 - I/O Handling Time                  : 0 us
        - Read Syscall                : 0 us
        - Write Syscall               : 0 us
        - Page Fault                  : 0 us
        - io_uring                    : 0 us

-- I/O Counts --
 Read Syscall Count                   : 0
 Write Syscall Count                  : 0
 Block I/O Count                      : 0
 io_uring Completion Count            : 0

-- Total I/O Time (block device) --
 Total Block I/O Time           : 0

-- Page Faults & Bytes --
 Page Fault Count               : 0
 Read Bytes                     : 0
 Write Bytes                    : 0
 Block Read Bytes               : 0
 Block Write Bytes              : 0
[===============================================]

[===============================================]
Result of node_idx 21 in node_object 0: Multiply (ND)

-- Elapsed Time Analysis --
 Wall-clock Time                      : 83 us
 - Non I/O Handling Time (Estimated)  : 83 us
 - I/O Handling Time                  : 0 us
        - Read Syscall                : 0 us
        - Write Syscall               : 0 us
        - Page Fault                  : 0 us
        - io_uring                    : 0 us

-- I/O Counts --
 Read Syscall Count                   : 0
 Write Syscall Count                  : 0
 Block I/O Count                      : 0
 io_uring Completion Count            : 0

-- Total I/O Time (block device) --
 Total Block I/O Time           : 0

-- Page Faults & Bytes --
 Page Fault Count               : 0
 Read Bytes                     : 0
 Write Bytes                    : 0
 Block Read Bytes               : 0
 Block Write Bytes              : 0
[===============================================]

[===============================================]
Result of node_idx 22 in node_object 0: Subtract (ND)

-- Elapsed Time Analysis --
 Wall-clock Time                      : 79 us
 - Non I/O Handling Time (Estimated)  : 79 us
 - I/O Handling Time                  : 0 us
        - Read Syscall                : 0 us
        - Write Syscall               : 0 us
        - Page Fault                  : 0 us
        - io_uring                    : 0 us

-- I/O Counts --
 Read Syscall Count                   : 0
 Write Syscall Count                  : 0
 Block I/O Count                      : 0
 io_uring Completion Count            : 0

-- Total I/O Time (block device) --
 Total Block I/O Time           : 0

-- Page Faults & Bytes --
 Page Fault Count               : 0
 Read Bytes                     : 0
 Write Bytes                    : 0
 Block Read Bytes               : 0
 Block Write Bytes              : 0
[===============================================]

[===============================================]
Result of node_idx 23 in node_object 0: Multiply (ND)

-- Elapsed Time Analysis --
 Wall-clock Time                      : 76 us
 - Non I/O Handling Time (Estimated)  : 76 us
 - I/O Handling Time                  : 0 us
        - Read Syscall                : 0 us
        - Write Syscall               : 0 us
        - Page Fault                  : 0 us
        - io_uring                    : 0 us

-- I/O Counts --
 Read Syscall Count                   : 0
 Write Syscall Count                  : 0
 Block I/O Count                      : 0
 io_uring Completion Count            : 0

-- Total I/O Time (block device) --
 Total Block I/O Time           : 0

-- Page Faults & Bytes --
 Page Fault Count               : 0
 Read Bytes                     : 0
 Write Bytes                    : 0
 Block Read Bytes               : 0
 Block Write Bytes              : 0
[===============================================]

[===============================================]
Result of node_idx 24 in node_object 0: Multiply (ND)

-- Elapsed Time Analysis --
 Wall-clock Time                      : 81 us
 - Non I/O Handling Time (Estimated)  : 81 us
 - I/O Handling Time                  : 0 us
        - Read Syscall                : 0 us
        - Write Syscall               : 0 us
        - Page Fault                  : 0 us
        - io_uring                    : 0 us

-- I/O Counts --
 Read Syscall Count                   : 0
 Write Syscall Count                  : 0
 Block I/O Count                      : 0
 io_uring Completion Count            : 0

-- Total I/O Time (block device) --
 Total Block I/O Time           : 0

-- Page Faults & Bytes --
 Page Fault Count               : 0
 Read Bytes                     : 0
 Write Bytes                    : 0
 Block Read Bytes               : 0
 Block Write Bytes              : 0
[===============================================]

[===============================================]
Result of node_idx 25 in node_object 0: Add (ND)

-- Elapsed Time Analysis --
 Wall-clock Time                      : 76 us
 - Non I/O Handling Time (Estimated)  : 76 us
 - I/O Handling Time                  : 0 us
        - Read Syscall                : 0 us
        - Write Syscall               : 0 us
        - Page Fault                  : 0 us
        - io_uring                    : 0 us

-- I/O Counts --
 Read Syscall Count                   : 0
 Write Syscall Count                  : 0
 Block I/O Count                      : 0
 io_uring Completion Count            : 0

-- Total I/O Time (block device) --
 Total Block I/O Time           : 0

-- Page Faults & Bytes --
 Page Fault Count               : 0
 Read Bytes                     : 0
 Write Bytes                    : 0
 Block Read Bytes               : 0
 Block Write Bytes              : 0
[===============================================]

[===============================================]
Result of node_idx 26 in node_object 0: Copy (NC, X32)

-- Elapsed Time Analysis --
 Wall-clock Time                      : 98 us
 - Non I/O Handling Time (Estimated)  : 98 us
 - I/O Handling Time                  : 0 us
        - Read Syscall                : 0 us
        - Write Syscall               : 0 us
        - Page Fault                  : 0 us
        - io_uring                    : 0 us

-- I/O Counts --
 Read Syscall Count                   : 0
 Write Syscall Count                  : 0
 Block I/O Count                      : 0
 io_uring Completion Count            : 0

-- Total I/O Time (block device) --
 Total Block I/O Time           : 0

-- Page Faults & Bytes --
 Page Fault Count               : 0
 Read Bytes                     : 0
 Write Bytes                    : 0
 Block Read Bytes               : 0
 Block Write Bytes              : 0
[===============================================]

[===============================================]
Result of node_idx 26 in node_object 1: Copy (NC, X32)

-- Elapsed Time Analysis --
 Wall-clock Time                      : 81 us
 - Non I/O Handling Time (Estimated)  : 81 us
 - I/O Handling Time                  : 0 us
        - Read Syscall                : 0 us
        - Write Syscall               : 0 us
        - Page Fault                  : 0 us
        - io_uring                    : 0 us

-- I/O Counts --
 Read Syscall Count                   : 0
 Write Syscall Count                  : 0
 Block I/O Count                      : 0
 io_uring Completion Count            : 0

-- Total I/O Time (block device) --
 Total Block I/O Time           : 0

-- Page Faults & Bytes --
 Page Fault Count               : 0
 Read Bytes                     : 0
 Write Bytes                    : 0
 Block Read Bytes               : 0
 Block Write Bytes              : 0
[===============================================]

[===============================================]
Result of node_idx 27 in node_object 0: Transpose (ND, X32)

-- Elapsed Time Analysis --
 Wall-clock Time                      : 3 us
 - Non I/O Handling Time (Estimated)  : 3 us
 - I/O Handling Time                  : 0 us
        - Read Syscall                : 0 us
        - Write Syscall               : 0 us
        - Page Fault                  : 0 us
        - io_uring                    : 0 us

-- I/O Counts --
 Read Syscall Count                   : 0
 Write Syscall Count                  : 0
 Block I/O Count                      : 0
 io_uring Completion Count            : 0

-- Total I/O Time (block device) --
 Total Block I/O Time           : 0

-- Page Faults & Bytes --
 Page Fault Count               : 0
 Read Bytes                     : 0
 Write Bytes                    : 0
 Block Read Bytes               : 0
 Block Write Bytes              : 0
[===============================================]

[===============================================]
Result of node_idx 0 in node_object 0: Multiply (ND)

-- Elapsed Time Analysis --
 Wall-clock Time                      : 87 us
 - Non I/O Handling Time (Estimated)  : 87 us
 - I/O Handling Time                  : 0 us
        - Read Syscall                : 0 us
        - Write Syscall               : 0 us
        - Page Fault                  : 0 us
        - io_uring                    : 0 us

-- I/O Counts --
 Read Syscall Count                   : 0
 Write Syscall Count                  : 0
 Block I/O Count                      : 0
 io_uring Completion Count            : 0

-- Total I/O Time (block device) --
 Total Block I/O Time           : 0

-- Page Faults & Bytes --
 Page Fault Count               : 0
 Read Bytes                     : 0
 Write Bytes                    : 0
 Block Read Bytes               : 0
 Block Write Bytes              : 0
[===============================================]

[===============================================]
Result of node_idx 1 in node_object 0: Transpose (ND, X32)

-- Elapsed Time Analysis --
 Wall-clock Time                      : 4 us
 - Non I/O Handling Time (Estimated)  : 4 us
 - I/O Handling Time                  : 0 us
        - Read Syscall                : 0 us
        - Write Syscall               : 0 us
        - Page Fault                  : 0 us
        - io_uring                    : 0 us

-- I/O Counts --
 Read Syscall Count                   : 0
 Write Syscall Count                  : 0
 Block I/O Count                      : 0
 io_uring Completion Count            : 0

-- Total I/O Time (block device) --
 Total Block I/O Time           : 0

-- Page Faults & Bytes --
 Page Fault Count               : 0
 Read Bytes                     : 0
 Write Bytes                    : 0
 Block Read Bytes               : 0
 Block Write Bytes              : 0
[===============================================]

[===============================================]
Result of node_idx 2 in node_object 0: Transpose (ND, X32)

-- Elapsed Time Analysis --
 Wall-clock Time                      : 102 us
 - Non I/O Handling Time (Estimated)  : 102 us
 - I/O Handling Time                  : 0 us
        - Read Syscall                : 0 us
        - Write Syscall               : 0 us
        - Page Fault                  : 0 us
        - io_uring                    : 0 us

-- I/O Counts --
 Read Syscall Count                   : 0
 Write Syscall Count                  : 0
 Block I/O Count                      : 0
 io_uring Completion Count            : 0

-- Total I/O Time (block device) --
 Total Block I/O Time           : 0

-- Page Faults & Bytes --
 Page Fault Count               : 0
 Read Bytes                     : 0
 Write Bytes                    : 0
 Block Read Bytes               : 0
 Block Write Bytes              : 0
[===============================================]

[===============================================]
Result of node_idx 3 in node_object 0: Static Reshape (NC)

-- Elapsed Time Analysis --
 Wall-clock Time                      : 3 us
 - Non I/O Handling Time (Estimated)  : 3 us
 - I/O Handling Time                  : 0 us
        - Read Syscall                : 0 us
        - Write Syscall               : 0 us
        - Page Fault                  : 0 us
        - io_uring                    : 0 us

-- I/O Counts --
 Read Syscall Count                   : 0
 Write Syscall Count                  : 0
 Block I/O Count                      : 0
 io_uring Completion Count            : 0

-- Total I/O Time (block device) --
 Total Block I/O Time           : 0

-- Page Faults & Bytes --
 Page Fault Count               : 0
 Read Bytes                     : 0
 Write Bytes                    : 0
 Block Read Bytes               : 0
 Block Write Bytes              : 0
[===============================================]

[===============================================]
Result of node_idx 4 in node_object 0: Static Reshape (NC)

-- Elapsed Time Analysis --
 Wall-clock Time                      : 3 us
 - Non I/O Handling Time (Estimated)  : 3 us
 - I/O Handling Time                  : 0 us
        - Read Syscall                : 0 us
        - Write Syscall               : 0 us
        - Page Fault                  : 0 us
        - io_uring                    : 0 us

-- I/O Counts --
 Read Syscall Count                   : 0
 Write Syscall Count                  : 0
 Block I/O Count                      : 0
 io_uring Completion Count            : 0

-- Total I/O Time (block device) --
 Total Block I/O Time           : 0

-- Page Faults & Bytes --
 Page Fault Count               : 0
 Read Bytes                     : 0
 Write Bytes                    : 0
 Block Read Bytes               : 0
 Block Write Bytes              : 0
[===============================================]

[===============================================]
Result of node_idx 5 in node_object 0: Batch Matrix Multiply (NC, F32)

-- Elapsed Time Analysis --
 Wall-clock Time                      : 226 us
 - Non I/O Handling Time (Estimated)  : 226 us
 - I/O Handling Time                  : 0 us
        - Read Syscall                : 0 us
        - Write Syscall               : 0 us
        - Page Fault                  : 0 us
        - io_uring                    : 0 us

-- I/O Counts --
 Read Syscall Count                   : 0
 Write Syscall Count                  : 0
 Block I/O Count                      : 0
 io_uring Completion Count            : 0

-- Total I/O Time (block device) --
 Total Block I/O Time           : 0

-- Page Faults & Bytes --
 Page Fault Count               : 0
 Read Bytes                     : 0
 Write Bytes                    : 0
 Block Read Bytes               : 0
 Block Write Bytes              : 0
[===============================================]

[===============================================]
Result of node_idx 6 in node_object 0: Static Reshape (NC)

-- Elapsed Time Analysis --
 Wall-clock Time                      : 3 us
 - Non I/O Handling Time (Estimated)  : 3 us
 - I/O Handling Time                  : 0 us
        - Read Syscall                : 0 us
        - Write Syscall               : 0 us
        - Page Fault                  : 0 us
        - io_uring                    : 0 us

-- I/O Counts --
 Read Syscall Count                   : 0
 Write Syscall Count                  : 0
 Block I/O Count                      : 0
 io_uring Completion Count            : 0

-- Total I/O Time (block device) --
 Total Block I/O Time           : 0

-- Page Faults & Bytes --
 Page Fault Count               : 0
 Read Bytes                     : 0
 Write Bytes                    : 0
 Block Read Bytes               : 0
 Block Write Bytes              : 0
[===============================================]

[===============================================]
Result of node_idx 7 in node_object 0: Add (ND)

-- Elapsed Time Analysis --
 Wall-clock Time                      : 84 us
 - Non I/O Handling Time (Estimated)  : 84 us
 - I/O Handling Time                  : 0 us
        - Read Syscall                : 0 us
        - Write Syscall               : 0 us
        - Page Fault                  : 0 us
        - io_uring                    : 0 us

-- I/O Counts --
 Read Syscall Count                   : 0
 Write Syscall Count                  : 0
 Block I/O Count                      : 0
 io_uring Completion Count            : 0

-- Total I/O Time (block device) --
 Total Block I/O Time           : 0

-- Page Faults & Bytes --
 Page Fault Count               : 0
 Read Bytes                     : 0
 Write Bytes                    : 0
 Block Read Bytes               : 0
 Block Write Bytes              : 0
[===============================================]

[===============================================]
Result of node_idx 8 in node_object 0: Softmax (NC, F32)

-- Elapsed Time Analysis --
 Wall-clock Time                      : 91 us
 - Non I/O Handling Time (Estimated)  : 91 us
 - I/O Handling Time                  : 0 us
        - Read Syscall                : 0 us
        - Write Syscall               : 0 us
        - Page Fault                  : 0 us
        - io_uring                    : 0 us

-- I/O Counts --
 Read Syscall Count                   : 0
 Write Syscall Count                  : 0
 Block I/O Count                      : 0
 io_uring Completion Count            : 0

-- Total I/O Time (block device) --
 Total Block I/O Time           : 0

-- Page Faults & Bytes --
 Page Fault Count               : 0
 Read Bytes                     : 0
 Write Bytes                    : 0
 Block Read Bytes               : 0
 Block Write Bytes              : 0
[===============================================]

[===============================================]
Result of node_idx 9 in node_object 0: Transpose (ND, X32)

-- Elapsed Time Analysis --
 Wall-clock Time                      : 122 us
 - Non I/O Handling Time (Estimated)  : 122 us
 - I/O Handling Time                  : 0 us
        - Read Syscall                : 0 us
        - Write Syscall               : 0 us
        - Page Fault                  : 0 us
        - io_uring                    : 0 us

-- I/O Counts --
 Read Syscall Count                   : 0
 Write Syscall Count                  : 0
 Block I/O Count                      : 0
 io_uring Completion Count            : 0

-- Total I/O Time (block device) --
 Total Block I/O Time           : 0

-- Page Faults & Bytes --
 Page Fault Count               : 0
 Read Bytes                     : 0
 Write Bytes                    : 0
 Block Read Bytes               : 0
 Block Write Bytes              : 0
[===============================================]

[===============================================]
Result of node_idx 10 in node_object 0: Static Reshape (NC)

-- Elapsed Time Analysis --
 Wall-clock Time                      : 4 us
 - Non I/O Handling Time (Estimated)  : 4 us
 - I/O Handling Time                  : 0 us
        - Read Syscall                : 0 us
        - Write Syscall               : 0 us
        - Page Fault                  : 0 us
        - io_uring                    : 0 us

-- I/O Counts --
 Read Syscall Count                   : 0
 Write Syscall Count                  : 0
 Block I/O Count                      : 0
 io_uring Completion Count            : 0

-- Total I/O Time (block device) --
 Total Block I/O Time           : 0

-- Page Faults & Bytes --
 Page Fault Count               : 0
 Read Bytes                     : 0
 Write Bytes                    : 0
 Block Read Bytes               : 0
 Block Write Bytes              : 0
[===============================================]

[===============================================]
Result of node_idx 11 in node_object 0: Static Reshape (NC)

-- Elapsed Time Analysis --
 Wall-clock Time                      : 4 us
 - Non I/O Handling Time (Estimated)  : 4 us
 - I/O Handling Time                  : 0 us
        - Read Syscall                : 0 us
        - Write Syscall               : 0 us
        - Page Fault                  : 0 us
        - io_uring                    : 0 us

-- I/O Counts --
 Read Syscall Count                   : 0
 Write Syscall Count                  : 0
 Block I/O Count                      : 0
 io_uring Completion Count            : 0

-- Total I/O Time (block device) --
 Total Block I/O Time           : 0

-- Page Faults & Bytes --
 Page Fault Count               : 0
 Read Bytes                     : 0
 Write Bytes                    : 0
 Block Read Bytes               : 0
 Block Write Bytes              : 0
[===============================================]

[===============================================]
Result of node_idx 12 in node_object 0: Batch Matrix Multiply (NC, F32)

-- Elapsed Time Analysis --
 Wall-clock Time                      : 284 us
 - Non I/O Handling Time (Estimated)  : 284 us
 - I/O Handling Time                  : 0 us
        - Read Syscall                : 0 us
        - Write Syscall               : 0 us
        - Page Fault                  : 0 us
        - io_uring                    : 0 us

-- I/O Counts --
 Read Syscall Count                   : 0
 Write Syscall Count                  : 0
 Block I/O Count                      : 0
 io_uring Completion Count            : 0

-- Total I/O Time (block device) --
 Total Block I/O Time           : 0

-- Page Faults & Bytes --
 Page Fault Count               : 0
 Read Bytes                     : 0
 Write Bytes                    : 0
 Block Read Bytes               : 0
 Block Write Bytes              : 0
[===============================================]

[===============================================]
Result of node_idx 13 in node_object 0: Static Reshape (NC)

-- Elapsed Time Analysis --
 Wall-clock Time                      : 11 us
 - Non I/O Handling Time (Estimated)  : 11 us
 - I/O Handling Time                  : 0 us
        - Read Syscall                : 0 us
        - Write Syscall               : 0 us
        - Page Fault                  : 0 us
        - io_uring                    : 0 us

-- I/O Counts --
 Read Syscall Count                   : 0
 Write Syscall Count                  : 0
 Block I/O Count                      : 0
 io_uring Completion Count            : 0

-- Total I/O Time (block device) --
 Total Block I/O Time           : 0

-- Page Faults & Bytes --
 Page Fault Count               : 0
 Read Bytes                     : 0
 Write Bytes                    : 0
 Block Read Bytes               : 0
 Block Write Bytes              : 0
[===============================================]

[===============================================]
Result of node_idx 14 in node_object 0: Transpose (ND, X32)

-- Elapsed Time Analysis --
 Wall-clock Time                      : 6 us
 - Non I/O Handling Time (Estimated)  : 6 us
 - I/O Handling Time                  : 0 us
        - Read Syscall                : 0 us
        - Write Syscall               : 0 us
        - Page Fault                  : 0 us
        - io_uring                    : 0 us

-- I/O Counts --
 Read Syscall Count                   : 0
 Write Syscall Count                  : 0
 Block I/O Count                      : 0
 io_uring Completion Count            : 0

-- Total I/O Time (block device) --
 Total Block I/O Time           : 0

-- Page Faults & Bytes --
 Page Fault Count               : 0
 Read Bytes                     : 0
 Write Bytes                    : 0
 Block Read Bytes               : 0
 Block Write Bytes              : 0
[===============================================]

[===============================================]
Result of node_idx 15 in node_object 0: Static Reshape (NC)

-- Elapsed Time Analysis --
 Wall-clock Time                      : 4 us
 - Non I/O Handling Time (Estimated)  : 4 us
 - I/O Handling Time                  : 0 us
        - Read Syscall                : 0 us
        - Write Syscall               : 0 us
        - Page Fault                  : 0 us
        - io_uring                    : 0 us

-- I/O Counts --
 Read Syscall Count                   : 0
 Write Syscall Count                  : 0
 Block I/O Count                      : 0
 io_uring Completion Count            : 0

-- Total I/O Time (block device) --
 Total Block I/O Time           : 0

-- Page Faults & Bytes --
 Page Fault Count               : 0
 Read Bytes                     : 0
 Write Bytes                    : 0
 Block Read Bytes               : 0
 Block Write Bytes              : 0
[===============================================]

[===============================================]
Result of node_idx 16 in node_object 0: Fully Connected (NC, QDU8, F32, QC8W)

-- Elapsed Time Analysis --
 Wall-clock Time                      : 558 us
 - Non I/O Handling Time (Estimated)  : 129 us
 - I/O Handling Time                  : 429 us
        - Read Syscall                : 0 us
        - Write Syscall               : 0 us
        - Page Fault                  : 429 us
        - io_uring                    : 0 us

-- I/O Counts --
 Read Syscall Count                   : 0
 Write Syscall Count                  : 0
 Block I/O Count                      : 3
 io_uring Completion Count            : 0

-- Total I/O Time (block device) --
 Total Block I/O Time           : 887

-- Page Faults & Bytes --
 Page Fault Count               : 3
 Read Bytes                     : 0
 Write Bytes                    : 0
 Block Read Bytes               : 16384
 Block Write Bytes              : 0
[===============================================]

[===============================================]
Result of node_idx 17 in node_object 0: Add (ND)

-- Elapsed Time Analysis --
 Wall-clock Time                      : 26 us
 - Non I/O Handling Time (Estimated)  : 26 us
 - I/O Handling Time                  : 0 us
        - Read Syscall                : 0 us
        - Write Syscall               : 0 us
        - Page Fault                  : 0 us
        - io_uring                    : 0 us

-- I/O Counts --
 Read Syscall Count                   : 0
 Write Syscall Count                  : 0
 Block I/O Count                      : 0
 io_uring Completion Count            : 0

-- Total I/O Time (block device) --
 Total Block I/O Time           : 0

-- Page Faults & Bytes --
 Page Fault Count               : 0
 Read Bytes                     : 0
 Write Bytes                    : 0
 Block Read Bytes               : 0
 Block Write Bytes              : 0
[===============================================]

[===============================================]
Result of node_idx 0 in node_object 0: Multiply (ND)

-- Elapsed Time Analysis --
 Wall-clock Time                      : 129 us
 - Non I/O Handling Time (Estimated)  : 129 us
 - I/O Handling Time                  : 0 us
        - Read Syscall                : 0 us
        - Write Syscall               : 0 us
        - Page Fault                  : 0 us
        - io_uring                    : 0 us

-- I/O Counts --
 Read Syscall Count                   : 0
 Write Syscall Count                  : 0
 Block I/O Count                      : 0
 io_uring Completion Count            : 0

-- Total I/O Time (block device) --
 Total Block I/O Time           : 0

-- Page Faults & Bytes --
 Page Fault Count               : 0
 Read Bytes                     : 0
 Write Bytes                    : 0
 Block Read Bytes               : 0
 Block Write Bytes              : 0
[===============================================]

[===============================================]
Result of node_idx 1 in node_object 0: Sum (ND)

-- Elapsed Time Analysis --
 Wall-clock Time                      : 113 us
 - Non I/O Handling Time (Estimated)  : 113 us
 - I/O Handling Time                  : 0 us
        - Read Syscall                : 0 us
        - Write Syscall               : 0 us
        - Page Fault                  : 0 us
        - io_uring                    : 0 us

-- I/O Counts --
 Read Syscall Count                   : 0
 Write Syscall Count                  : 0
 Block I/O Count                      : 0
 io_uring Completion Count            : 0

-- Total I/O Time (block device) --
 Total Block I/O Time           : 0

-- Page Faults & Bytes --
 Page Fault Count               : 0
 Read Bytes                     : 0
 Write Bytes                    : 0
 Block Read Bytes               : 0
 Block Write Bytes              : 0
[===============================================]

[===============================================]
Result of node_idx 2 in node_object 0: Multiply (ND)

-- Elapsed Time Analysis --
 Wall-clock Time                      : 6 us
 - Non I/O Handling Time (Estimated)  : 6 us
 - I/O Handling Time                  : 0 us
        - Read Syscall                : 0 us
        - Write Syscall               : 0 us
        - Page Fault                  : 0 us
        - io_uring                    : 0 us

-- I/O Counts --
 Read Syscall Count                   : 0
 Write Syscall Count                  : 0
 Block I/O Count                      : 0
 io_uring Completion Count            : 0

-- Total I/O Time (block device) --
 Total Block I/O Time           : 0

-- Page Faults & Bytes --
 Page Fault Count               : 0
 Read Bytes                     : 0
 Write Bytes                    : 0
 Block Read Bytes               : 0
 Block Write Bytes              : 0
[===============================================]

[===============================================]
Result of node_idx 3 in node_object 0: Add (ND)

-- Elapsed Time Analysis --
 Wall-clock Time                      : 4 us
 - Non I/O Handling Time (Estimated)  : 4 us
 - I/O Handling Time                  : 0 us
        - Read Syscall                : 0 us
        - Write Syscall               : 0 us
        - Page Fault                  : 0 us
        - io_uring                    : 0 us

-- I/O Counts --
 Read Syscall Count                   : 0
 Write Syscall Count                  : 0
 Block I/O Count                      : 0
 io_uring Completion Count            : 0

-- Total I/O Time (block device) --
 Total Block I/O Time           : 0

-- Page Faults & Bytes --
 Page Fault Count               : 0
 Read Bytes                     : 0
 Write Bytes                    : 0
 Block Read Bytes               : 0
 Block Write Bytes              : 0
[===============================================]

[===============================================]
Result of node_idx 4 in node_object 0: Static Reshape (NC)

-- Elapsed Time Analysis --
 Wall-clock Time                      : 4 us
 - Non I/O Handling Time (Estimated)  : 4 us
 - I/O Handling Time                  : 0 us
        - Read Syscall                : 0 us
        - Write Syscall               : 0 us
        - Page Fault                  : 0 us
        - io_uring                    : 0 us

-- I/O Counts --
 Read Syscall Count                   : 0
 Write Syscall Count                  : 0
 Block I/O Count                      : 0
 io_uring Completion Count            : 0

-- Total I/O Time (block device) --
 Total Block I/O Time           : 0

-- Page Faults & Bytes --
 Page Fault Count               : 0
 Read Bytes                     : 0
 Write Bytes                    : 0
 Block Read Bytes               : 0
 Block Write Bytes              : 0
[===============================================]

[===============================================]
Result of node_idx 5 in node_object 0: Reciprocal Square Root (NC)

-- Elapsed Time Analysis --
 Wall-clock Time                      : 4 us
 - Non I/O Handling Time (Estimated)  : 4 us
 - I/O Handling Time                  : 0 us
        - Read Syscall                : 0 us
        - Write Syscall               : 0 us
        - Page Fault                  : 0 us
        - io_uring                    : 0 us

-- I/O Counts --
 Read Syscall Count                   : 0
 Write Syscall Count                  : 0
 Block I/O Count                      : 0
 io_uring Completion Count            : 0

-- Total I/O Time (block device) --
 Total Block I/O Time           : 0

-- Page Faults & Bytes --
 Page Fault Count               : 0
 Read Bytes                     : 0
 Write Bytes                    : 0
 Block Read Bytes               : 0
 Block Write Bytes              : 0
[===============================================]

[===============================================]
Result of node_idx 6 in node_object 0: Multiply (ND)

-- Elapsed Time Analysis --
 Wall-clock Time                      : 89 us
 - Non I/O Handling Time (Estimated)  : 89 us
 - I/O Handling Time                  : 0 us
        - Read Syscall                : 0 us
        - Write Syscall               : 0 us
        - Page Fault                  : 0 us
        - io_uring                    : 0 us

-- I/O Counts --
 Read Syscall Count                   : 0
 Write Syscall Count                  : 0
 Block I/O Count                      : 0
 io_uring Completion Count            : 0

-- Total I/O Time (block device) --
 Total Block I/O Time           : 0

-- Page Faults & Bytes --
 Page Fault Count               : 0
 Read Bytes                     : 0
 Write Bytes                    : 0
 Block Read Bytes               : 0
 Block Write Bytes              : 0
[===============================================]

[===============================================]
Result of node_idx 7 in node_object 0: Multiply (ND)

-- Elapsed Time Analysis --
 Wall-clock Time                      : 21 us
 - Non I/O Handling Time (Estimated)  : 21 us
 - I/O Handling Time                  : 0 us
        - Read Syscall                : 0 us
        - Write Syscall               : 0 us
        - Page Fault                  : 0 us
        - io_uring                    : 0 us

-- I/O Counts --
 Read Syscall Count                   : 0
 Write Syscall Count                  : 0
 Block I/O Count                      : 0
 io_uring Completion Count            : 0

-- Total I/O Time (block device) --
 Total Block I/O Time           : 0

-- Page Faults & Bytes --
 Page Fault Count               : 0
 Read Bytes                     : 0
 Write Bytes                    : 0
 Block Read Bytes               : 0
 Block Write Bytes              : 0
[===============================================]

[===============================================]
Result of node_idx 0 in node_object 0: Fully Connected (NC, QDU8, F32, QC8W)

-- Elapsed Time Analysis --
 Wall-clock Time                      : 1131 us
 - Non I/O Handling Time (Estimated)  : 137 us
 - I/O Handling Time                  : 994 us
        - Read Syscall                : 0 us
        - Write Syscall               : 0 us
        - Page Fault                  : 994 us
        - io_uring                    : 0 us

-- I/O Counts --
 Read Syscall Count                   : 0
 Write Syscall Count                  : 0
 Block I/O Count                      : 2
 io_uring Completion Count            : 0

-- Total I/O Time (block device) --
 Total Block I/O Time           : 239

-- Page Faults & Bytes --
 Page Fault Count               : 9
 Read Bytes                     : 0
 Write Bytes                    : 0
 Block Read Bytes               : 32768
 Block Write Bytes              : 0
[===============================================]

[===============================================]
Result of node_idx 1 in node_object 0: Sigmoid (NC)

-- Elapsed Time Analysis --
 Wall-clock Time                      : 99 us
 - Non I/O Handling Time (Estimated)  : 99 us
 - I/O Handling Time                  : 0 us
        - Read Syscall                : 0 us
        - Write Syscall               : 0 us
        - Page Fault                  : 0 us
        - io_uring                    : 0 us

-- I/O Counts --
 Read Syscall Count                   : 0
 Write Syscall Count                  : 0
 Block I/O Count                      : 0
 io_uring Completion Count            : 0

-- Total I/O Time (block device) --
 Total Block I/O Time           : 261

-- Page Faults & Bytes --
 Page Fault Count               : 0
 Read Bytes                     : 0
 Write Bytes                    : 0
 Block Read Bytes               : 16384
 Block Write Bytes              : 0
[===============================================]

[===============================================]
Result of node_idx 2 in node_object 0: Multiply (ND)

-- Elapsed Time Analysis --
 Wall-clock Time                      : 106 us
 - Non I/O Handling Time (Estimated)  : 106 us
 - I/O Handling Time                  : 0 us
        - Read Syscall                : 0 us
        - Write Syscall               : 0 us
        - Page Fault                  : 0 us
        - io_uring                    : 0 us

-- I/O Counts --
 Read Syscall Count                   : 0
 Write Syscall Count                  : 0
 Block I/O Count                      : 0
 io_uring Completion Count            : 0

-- Total I/O Time (block device) --
 Total Block I/O Time           : 0

-- Page Faults & Bytes --
 Page Fault Count               : 0
 Read Bytes                     : 0
 Write Bytes                    : 0
 Block Read Bytes               : 0
 Block Write Bytes              : 0
[===============================================]

[===============================================]
Result of node_idx 3 in node_object 0: Fully Connected (NC, QDU8, F32, QC8W)

-- Elapsed Time Analysis --
 Wall-clock Time                      : 1020 us
 - Non I/O Handling Time (Estimated)  : 131 us
 - I/O Handling Time                  : 889 us
        - Read Syscall                : 0 us
        - Write Syscall               : 0 us
        - Page Fault                  : 889 us
        - io_uring                    : 0 us

-- I/O Counts --
 Read Syscall Count                   : 0
 Write Syscall Count                  : 0
 Block I/O Count                      : 3
 io_uring Completion Count            : 0

-- Total I/O Time (block device) --
 Total Block I/O Time           : 465

-- Page Faults & Bytes --
 Page Fault Count               : 8
 Read Bytes                     : 0
 Write Bytes                    : 0
 Block Read Bytes               : 122880
 Block Write Bytes              : 0
[===============================================]

[===============================================]
Result of node_idx 4 in node_object 0: Multiply (ND)

-- Elapsed Time Analysis --
 Wall-clock Time                      : 87 us
 - Non I/O Handling Time (Estimated)  : 87 us
 - I/O Handling Time                  : 0 us
        - Read Syscall                : 0 us
        - Write Syscall               : 0 us
        - Page Fault                  : 0 us
        - io_uring                    : 0 us

-- I/O Counts --
 Read Syscall Count                   : 0
 Write Syscall Count                  : 0
 Block I/O Count                      : 0
 io_uring Completion Count            : 0

-- Total I/O Time (block device) --
 Total Block I/O Time           : 0

-- Page Faults & Bytes --
 Page Fault Count               : 0
 Read Bytes                     : 0
 Write Bytes                    : 0
 Block Read Bytes               : 0
 Block Write Bytes              : 0
[===============================================]

[===============================================]
Result of node_idx 5 in node_object 0: Fully Connected (NC, QDU8, F32, QC8W)

-- Elapsed Time Analysis --
 Wall-clock Time                      : 1031 us
 - Non I/O Handling Time (Estimated)  : 215 us
 - I/O Handling Time                  : 816 us
        - Read Syscall                : 0 us
        - Write Syscall               : 0 us
        - Page Fault                  : 816 us
        - io_uring                    : 0 us

-- I/O Counts --
 Read Syscall Count                   : 0
 Write Syscall Count                  : 0
 Block I/O Count                      : 2
 io_uring Completion Count            : 0

-- Total I/O Time (block device) --
 Total Block I/O Time           : 1051

-- Page Faults & Bytes --
 Page Fault Count               : 5
 Read Bytes                     : 0
 Write Bytes                    : 0
 Block Read Bytes               : 102400
 Block Write Bytes              : 0
[===============================================]

[===============================================]
Result of node_idx 6 in node_object 0: Add (ND)

-- Elapsed Time Analysis --
 Wall-clock Time                      : 16 us
 - Non I/O Handling Time (Estimated)  : 16 us
 - I/O Handling Time                  : 0 us
        - Read Syscall                : 0 us
        - Write Syscall               : 0 us
        - Page Fault                  : 0 us
        - io_uring                    : 0 us

-- I/O Counts --
 Read Syscall Count                   : 0
 Write Syscall Count                  : 0
 Block I/O Count                      : 0
 io_uring Completion Count            : 0

-- Total I/O Time (block device) --
 Total Block I/O Time           : 0

-- Page Faults & Bytes --
 Page Fault Count               : 0
 Read Bytes                     : 0
 Write Bytes                    : 0
 Block Read Bytes               : 0
 Block Write Bytes              : 0
[===============================================]

[===============================================]
Result of node_idx 0 in node_object 0: Multiply (ND)

-- Elapsed Time Analysis --
 Wall-clock Time                      : 88 us
 - Non I/O Handling Time (Estimated)  : 88 us
 - I/O Handling Time                  : 0 us
        - Read Syscall                : 0 us
        - Write Syscall               : 0 us
        - Page Fault                  : 0 us
        - io_uring                    : 0 us

-- I/O Counts --
 Read Syscall Count                   : 0
 Write Syscall Count                  : 0
 Block I/O Count                      : 0
 io_uring Completion Count            : 0

-- Total I/O Time (block device) --
 Total Block I/O Time           : 0

-- Page Faults & Bytes --
 Page Fault Count               : 0
 Read Bytes                     : 0
 Write Bytes                    : 0
 Block Read Bytes               : 0
 Block Write Bytes              : 0
[===============================================]

[===============================================]
Result of node_idx 1 in node_object 0: Sum (ND)

-- Elapsed Time Analysis --
 Wall-clock Time                      : 95 us
 - Non I/O Handling Time (Estimated)  : 95 us
 - I/O Handling Time                  : 0 us
        - Read Syscall                : 0 us
        - Write Syscall               : 0 us
        - Page Fault                  : 0 us
        - io_uring                    : 0 us

-- I/O Counts --
 Read Syscall Count                   : 0
 Write Syscall Count                  : 0
 Block I/O Count                      : 0
 io_uring Completion Count            : 0

-- Total I/O Time (block device) --
 Total Block I/O Time           : 0

-- Page Faults & Bytes --
 Page Fault Count               : 0
 Read Bytes                     : 0
 Write Bytes                    : 0
 Block Read Bytes               : 0
 Block Write Bytes              : 0
[===============================================]

[===============================================]
Result of node_idx 2 in node_object 0: Multiply (ND)

-- Elapsed Time Analysis --
 Wall-clock Time                      : 3 us
 - Non I/O Handling Time (Estimated)  : 3 us
 - I/O Handling Time                  : 0 us
        - Read Syscall                : 0 us
        - Write Syscall               : 0 us
        - Page Fault                  : 0 us
        - io_uring                    : 0 us

-- I/O Counts --
 Read Syscall Count                   : 0
 Write Syscall Count                  : 0
 Block I/O Count                      : 0
 io_uring Completion Count            : 0

-- Total I/O Time (block device) --
 Total Block I/O Time           : 0

-- Page Faults & Bytes --
 Page Fault Count               : 0
 Read Bytes                     : 0
 Write Bytes                    : 0
 Block Read Bytes               : 0
 Block Write Bytes              : 0
[===============================================]

[===============================================]
Result of node_idx 3 in node_object 0: Add (ND)

-- Elapsed Time Analysis --
 Wall-clock Time                      : 2 us
 - Non I/O Handling Time (Estimated)  : 2 us
 - I/O Handling Time                  : 0 us
        - Read Syscall                : 0 us
        - Write Syscall               : 0 us
        - Page Fault                  : 0 us
        - io_uring                    : 0 us

-- I/O Counts --
 Read Syscall Count                   : 0
 Write Syscall Count                  : 0
 Block I/O Count                      : 0
 io_uring Completion Count            : 0

-- Total I/O Time (block device) --
 Total Block I/O Time           : 0

-- Page Faults & Bytes --
 Page Fault Count               : 0
 Read Bytes                     : 0
 Write Bytes                    : 0
 Block Read Bytes               : 0
 Block Write Bytes              : 0
[===============================================]

[===============================================]
Result of node_idx 4 in node_object 0: Static Reshape (NC)

-- Elapsed Time Analysis --
 Wall-clock Time                      : 2 us
 - Non I/O Handling Time (Estimated)  : 2 us
 - I/O Handling Time                  : 0 us
        - Read Syscall                : 0 us
        - Write Syscall               : 0 us
        - Page Fault                  : 0 us
        - io_uring                    : 0 us

-- I/O Counts --
 Read Syscall Count                   : 0
 Write Syscall Count                  : 0
 Block I/O Count                      : 0
 io_uring Completion Count            : 0

-- Total I/O Time (block device) --
 Total Block I/O Time           : 0

-- Page Faults & Bytes --
 Page Fault Count               : 0
 Read Bytes                     : 0
 Write Bytes                    : 0
 Block Read Bytes               : 0
 Block Write Bytes              : 0
[===============================================]

[===============================================]
Result of node_idx 5 in node_object 0: Reciprocal Square Root (NC)

-- Elapsed Time Analysis --
 Wall-clock Time                      : 2 us
 - Non I/O Handling Time (Estimated)  : 2 us
 - I/O Handling Time                  : 0 us
        - Read Syscall                : 0 us
        - Write Syscall               : 0 us
        - Page Fault                  : 0 us
        - io_uring                    : 0 us

-- I/O Counts --
 Read Syscall Count                   : 0
 Write Syscall Count                  : 0
 Block I/O Count                      : 0
 io_uring Completion Count            : 0

-- Total I/O Time (block device) --
 Total Block I/O Time           : 0

-- Page Faults & Bytes --
 Page Fault Count               : 0
 Read Bytes                     : 0
 Write Bytes                    : 0
 Block Read Bytes               : 0
 Block Write Bytes              : 0
[===============================================]

[===============================================]
Result of node_idx 6 in node_object 0: Multiply (ND)

-- Elapsed Time Analysis --
 Wall-clock Time                      : 93 us
 - Non I/O Handling Time (Estimated)  : 93 us
 - I/O Handling Time                  : 0 us
        - Read Syscall                : 0 us
        - Write Syscall               : 0 us
        - Page Fault                  : 0 us
        - io_uring                    : 0 us

-- I/O Counts --
 Read Syscall Count                   : 0
 Write Syscall Count                  : 0
 Block I/O Count                      : 0
 io_uring Completion Count            : 0

-- Total I/O Time (block device) --
 Total Block I/O Time           : 0

-- Page Faults & Bytes --
 Page Fault Count               : 0
 Read Bytes                     : 0
 Write Bytes                    : 0
 Block Read Bytes               : 0
 Block Write Bytes              : 0
[===============================================]

[===============================================]
Result of node_idx 7 in node_object 0: Multiply (ND)

-- Elapsed Time Analysis --
 Wall-clock Time                      : 16 us
 - Non I/O Handling Time (Estimated)  : 16 us
 - I/O Handling Time                  : 0 us
        - Read Syscall                : 0 us
        - Write Syscall               : 0 us
        - Page Fault                  : 0 us
        - io_uring                    : 0 us

-- I/O Counts --
 Read Syscall Count                   : 0
 Write Syscall Count                  : 0
 Block I/O Count                      : 0
 io_uring Completion Count            : 0

-- Total I/O Time (block device) --
 Total Block I/O Time           : 0

-- Page Faults & Bytes --
 Page Fault Count               : 0
 Read Bytes                     : 0
 Write Bytes                    : 0
 Block Read Bytes               : 0
 Block Write Bytes              : 0
[===============================================]

[===============================================]
Result of node_idx 0 in node_object 0: Fully Connected (NC, QDU8, F32, QC8W)

-- Elapsed Time Analysis --
 Wall-clock Time                      : 604 us
 - Non I/O Handling Time (Estimated)  : 185 us
 - I/O Handling Time                  : 419 us
        - Read Syscall                : 0 us
        - Write Syscall               : 0 us
        - Page Fault                  : 419 us
        - io_uring                    : 0 us

-- I/O Counts --
 Read Syscall Count                   : 0
 Write Syscall Count                  : 0
 Block I/O Count                      : 1
 io_uring Completion Count            : 0

-- Total I/O Time (block device) --
 Total Block I/O Time           : 339

-- Page Faults & Bytes --
 Page Fault Count               : 4
 Read Bytes                     : 0
 Write Bytes                    : 0
 Block Read Bytes               : 77824
 Block Write Bytes              : 0
[===============================================]

[===============================================]
Result of node_idx 1 in node_object 0: Static Reshape (NC)

-- Elapsed Time Analysis --
 Wall-clock Time                      : 90 us
 - Non I/O Handling Time (Estimated)  : 90 us
 - I/O Handling Time                  : 0 us
        - Read Syscall                : 0 us
        - Write Syscall               : 0 us
        - Page Fault                  : 0 us
        - io_uring                    : 0 us

-- I/O Counts --
 Read Syscall Count                   : 0
 Write Syscall Count                  : 0
 Block I/O Count                      : 0
 io_uring Completion Count            : 0

-- Total I/O Time (block device) --
 Total Block I/O Time           : 0

-- Page Faults & Bytes --
 Page Fault Count               : 0
 Read Bytes                     : 0
 Write Bytes                    : 0
 Block Read Bytes               : 0
 Block Write Bytes              : 0
[===============================================]

[===============================================]
Result of node_idx 2 in node_object 0: Slice (ND, X32)

-- Elapsed Time Analysis --
 Wall-clock Time                      : 92 us
 - Non I/O Handling Time (Estimated)  : 92 us
 - I/O Handling Time                  : 0 us
        - Read Syscall                : 0 us
        - Write Syscall               : 0 us
        - Page Fault                  : 0 us
        - io_uring                    : 0 us

-- I/O Counts --
 Read Syscall Count                   : 0
 Write Syscall Count                  : 0
 Block I/O Count                      : 0
 io_uring Completion Count            : 0

-- Total I/O Time (block device) --
 Total Block I/O Time           : 0

-- Page Faults & Bytes --
 Page Fault Count               : 0
 Read Bytes                     : 0
 Write Bytes                    : 0
 Block Read Bytes               : 0
 Block Write Bytes              : 0
[===============================================]

[===============================================]
Result of node_idx 3 in node_object 0: Slice (ND, X32)

-- Elapsed Time Analysis --
 Wall-clock Time                      : 92 us
 - Non I/O Handling Time (Estimated)  : 92 us
 - I/O Handling Time                  : 0 us
        - Read Syscall                : 0 us
        - Write Syscall               : 0 us
        - Page Fault                  : 0 us
        - io_uring                    : 0 us

-- I/O Counts --
 Read Syscall Count                   : 0
 Write Syscall Count                  : 0
 Block I/O Count                      : 0
 io_uring Completion Count            : 0

-- Total I/O Time (block device) --
 Total Block I/O Time           : 0

-- Page Faults & Bytes --
 Page Fault Count               : 0
 Read Bytes                     : 0
 Write Bytes                    : 0
 Block Read Bytes               : 0
 Block Write Bytes              : 0
[===============================================]

[===============================================]
Result of node_idx 4 in node_object 0: Slice (ND, X32)

-- Elapsed Time Analysis --
 Wall-clock Time                      : 104 us
 - Non I/O Handling Time (Estimated)  : 104 us
 - I/O Handling Time                  : 0 us
        - Read Syscall                : 0 us
        - Write Syscall               : 0 us
        - Page Fault                  : 0 us
        - io_uring                    : 0 us

-- I/O Counts --
 Read Syscall Count                   : 0
 Write Syscall Count                  : 0
 Block I/O Count                      : 0
 io_uring Completion Count            : 0

-- Total I/O Time (block device) --
 Total Block I/O Time           : 0

-- Page Faults & Bytes --
 Page Fault Count               : 0
 Read Bytes                     : 0
 Write Bytes                    : 0
 Block Read Bytes               : 0
 Block Write Bytes              : 0
[===============================================]

[===============================================]
Result of node_idx 5 in node_object 0: Static Reshape (NC)

-- Elapsed Time Analysis --
 Wall-clock Time                      : 3 us
 - Non I/O Handling Time (Estimated)  : 3 us
 - I/O Handling Time                  : 0 us
        - Read Syscall                : 0 us
        - Write Syscall               : 0 us
        - Page Fault                  : 0 us
        - io_uring                    : 0 us

-- I/O Counts --
 Read Syscall Count                   : 0
 Write Syscall Count                  : 0
 Block I/O Count                      : 0
 io_uring Completion Count            : 0

-- Total I/O Time (block device) --
 Total Block I/O Time           : 0

-- Page Faults & Bytes --
 Page Fault Count               : 0
 Read Bytes                     : 0
 Write Bytes                    : 0
 Block Read Bytes               : 0
 Block Write Bytes              : 0
[===============================================]

[===============================================]
Result of node_idx 6 in node_object 0: Transpose (ND, X32)

-- Elapsed Time Analysis --
 Wall-clock Time                      : 3 us
 - Non I/O Handling Time (Estimated)  : 3 us
 - I/O Handling Time                  : 0 us
        - Read Syscall                : 0 us
        - Write Syscall               : 0 us
        - Page Fault                  : 0 us
        - io_uring                    : 0 us

-- I/O Counts --
 Read Syscall Count                   : 0
 Write Syscall Count                  : 0
 Block I/O Count                      : 0
 io_uring Completion Count            : 0

-- Total I/O Time (block device) --
 Total Block I/O Time           : 0

-- Page Faults & Bytes --
 Page Fault Count               : 0
 Read Bytes                     : 0
 Write Bytes                    : 0
 Block Read Bytes               : 0
 Block Write Bytes              : 0
[===============================================]

[===============================================]
Result of node_idx 7 in node_object 0: Slice (ND, X32)

-- Elapsed Time Analysis --
 Wall-clock Time                      : 90 us
 - Non I/O Handling Time (Estimated)  : 90 us
 - I/O Handling Time                  : 0 us
        - Read Syscall                : 0 us
        - Write Syscall               : 0 us
        - Page Fault                  : 0 us
        - io_uring                    : 0 us

-- I/O Counts --
 Read Syscall Count                   : 0
 Write Syscall Count                  : 0
 Block I/O Count                      : 0
 io_uring Completion Count            : 0

-- Total I/O Time (block device) --
 Total Block I/O Time           : 0

-- Page Faults & Bytes --
 Page Fault Count               : 0
 Read Bytes                     : 0
 Write Bytes                    : 0
 Block Read Bytes               : 0
 Block Write Bytes              : 0
[===============================================]

[===============================================]
Result of node_idx 8 in node_object 0: Slice (ND, X32)

-- Elapsed Time Analysis --
 Wall-clock Time                      : 87 us
 - Non I/O Handling Time (Estimated)  : 87 us
 - I/O Handling Time                  : 0 us
        - Read Syscall                : 0 us
        - Write Syscall               : 0 us
        - Page Fault                  : 0 us
        - io_uring                    : 0 us

-- I/O Counts --
 Read Syscall Count                   : 0
 Write Syscall Count                  : 0
 Block I/O Count                      : 0
 io_uring Completion Count            : 0

-- Total I/O Time (block device) --
 Total Block I/O Time           : 0

-- Page Faults & Bytes --
 Page Fault Count               : 0
 Read Bytes                     : 0
 Write Bytes                    : 0
 Block Read Bytes               : 0
 Block Write Bytes              : 0
[===============================================]

[===============================================]
Result of node_idx 9 in node_object 0: Multiply (ND)

-- Elapsed Time Analysis --
 Wall-clock Time                      : 88 us
 - Non I/O Handling Time (Estimated)  : 88 us
 - I/O Handling Time                  : 0 us
        - Read Syscall                : 0 us
        - Write Syscall               : 0 us
        - Page Fault                  : 0 us
        - io_uring                    : 0 us

-- I/O Counts --
 Read Syscall Count                   : 0
 Write Syscall Count                  : 0
 Block I/O Count                      : 0
 io_uring Completion Count            : 0

-- Total I/O Time (block device) --
 Total Block I/O Time           : 0

-- Page Faults & Bytes --
 Page Fault Count               : 0
 Read Bytes                     : 0
 Write Bytes                    : 0
 Block Read Bytes               : 0
 Block Write Bytes              : 0
[===============================================]

[===============================================]
Result of node_idx 10 in node_object 0: Multiply (ND)

-- Elapsed Time Analysis --
 Wall-clock Time                      : 71 us
 - Non I/O Handling Time (Estimated)  : 71 us
 - I/O Handling Time                  : 0 us
        - Read Syscall                : 0 us
        - Write Syscall               : 0 us
        - Page Fault                  : 0 us
        - io_uring                    : 0 us

-- I/O Counts --
 Read Syscall Count                   : 0
 Write Syscall Count                  : 0
 Block I/O Count                      : 0
 io_uring Completion Count            : 0

-- Total I/O Time (block device) --
 Total Block I/O Time           : 0

-- Page Faults & Bytes --
 Page Fault Count               : 0
 Read Bytes                     : 0
 Write Bytes                    : 0
 Block Read Bytes               : 0
 Block Write Bytes              : 0
[===============================================]

[===============================================]
Result of node_idx 11 in node_object 0: Subtract (ND)

-- Elapsed Time Analysis --
 Wall-clock Time                      : 75 us
 - Non I/O Handling Time (Estimated)  : 75 us
 - I/O Handling Time                  : 0 us
        - Read Syscall                : 0 us
        - Write Syscall               : 0 us
        - Page Fault                  : 0 us
        - io_uring                    : 0 us

-- I/O Counts --
 Read Syscall Count                   : 0
 Write Syscall Count                  : 0
 Block I/O Count                      : 0
 io_uring Completion Count            : 0

-- Total I/O Time (block device) --
 Total Block I/O Time           : 0

-- Page Faults & Bytes --
 Page Fault Count               : 0
 Read Bytes                     : 0
 Write Bytes                    : 0
 Block Read Bytes               : 0
 Block Write Bytes              : 0
[===============================================]

[===============================================]
Result of node_idx 12 in node_object 0: Multiply (ND)

-- Elapsed Time Analysis --
 Wall-clock Time                      : 74 us
 - Non I/O Handling Time (Estimated)  : 74 us
 - I/O Handling Time                  : 0 us
        - Read Syscall                : 0 us
        - Write Syscall               : 0 us
        - Page Fault                  : 0 us
        - io_uring                    : 0 us

-- I/O Counts --
 Read Syscall Count                   : 0
 Write Syscall Count                  : 0
 Block I/O Count                      : 0
 io_uring Completion Count            : 0

-- Total I/O Time (block device) --
 Total Block I/O Time           : 0

-- Page Faults & Bytes --
 Page Fault Count               : 0
 Read Bytes                     : 0
 Write Bytes                    : 0
 Block Read Bytes               : 0
 Block Write Bytes              : 0
[===============================================]

[===============================================]
Result of node_idx 13 in node_object 0: Multiply (ND)

-- Elapsed Time Analysis --
 Wall-clock Time                      : 85 us
 - Non I/O Handling Time (Estimated)  : 85 us
 - I/O Handling Time                  : 0 us
        - Read Syscall                : 0 us
        - Write Syscall               : 0 us
        - Page Fault                  : 0 us
        - io_uring                    : 0 us

-- I/O Counts --
 Read Syscall Count                   : 0
 Write Syscall Count                  : 0
 Block I/O Count                      : 0
 io_uring Completion Count            : 0

-- Total I/O Time (block device) --
 Total Block I/O Time           : 0

-- Page Faults & Bytes --
 Page Fault Count               : 0
 Read Bytes                     : 0
 Write Bytes                    : 0
 Block Read Bytes               : 0
 Block Write Bytes              : 0
[===============================================]

[===============================================]
Result of node_idx 14 in node_object 0: Add (ND)

-- Elapsed Time Analysis --
 Wall-clock Time                      : 78 us
 - Non I/O Handling Time (Estimated)  : 78 us
 - I/O Handling Time                  : 0 us
        - Read Syscall                : 0 us
        - Write Syscall               : 0 us
        - Page Fault                  : 0 us
        - io_uring                    : 0 us

-- I/O Counts --
 Read Syscall Count                   : 0
 Write Syscall Count                  : 0
 Block I/O Count                      : 0
 io_uring Completion Count            : 0

-- Total I/O Time (block device) --
 Total Block I/O Time           : 0

-- Page Faults & Bytes --
 Page Fault Count               : 0
 Read Bytes                     : 0
 Write Bytes                    : 0
 Block Read Bytes               : 0
 Block Write Bytes              : 0
[===============================================]

[===============================================]
Result of node_idx 15 in node_object 0: Copy (NC, X32)

-- Elapsed Time Analysis --
 Wall-clock Time                      : 86 us
 - Non I/O Handling Time (Estimated)  : 86 us
 - I/O Handling Time                  : 0 us
        - Read Syscall                : 0 us
        - Write Syscall               : 0 us
        - Page Fault                  : 0 us
        - io_uring                    : 0 us

-- I/O Counts --
 Read Syscall Count                   : 0
 Write Syscall Count                  : 0
 Block I/O Count                      : 0
 io_uring Completion Count            : 0

-- Total I/O Time (block device) --
 Total Block I/O Time           : 0

-- Page Faults & Bytes --
 Page Fault Count               : 0
 Read Bytes                     : 0
 Write Bytes                    : 0
 Block Read Bytes               : 0
 Block Write Bytes              : 0
[===============================================]

[===============================================]
Result of node_idx 15 in node_object 1: Copy (NC, X32)

-- Elapsed Time Analysis --
 Wall-clock Time                      : 80 us
 - Non I/O Handling Time (Estimated)  : 80 us
 - I/O Handling Time                  : 0 us
        - Read Syscall                : 0 us
        - Write Syscall               : 0 us
        - Page Fault                  : 0 us
        - io_uring                    : 0 us

-- I/O Counts --
 Read Syscall Count                   : 0
 Write Syscall Count                  : 0
 Block I/O Count                      : 0
 io_uring Completion Count            : 0

-- Total I/O Time (block device) --
 Total Block I/O Time           : 0

-- Page Faults & Bytes --
 Page Fault Count               : 0
 Read Bytes                     : 0
 Write Bytes                    : 0
 Block Read Bytes               : 0
 Block Write Bytes              : 0
[===============================================]

[===============================================]
Result of node_idx 16 in node_object 0: Transpose (ND, X32)

-- Elapsed Time Analysis --
 Wall-clock Time                      : 5 us
 - Non I/O Handling Time (Estimated)  : 5 us
 - I/O Handling Time                  : 0 us
        - Read Syscall                : 0 us
        - Write Syscall               : 0 us
        - Page Fault                  : 0 us
        - io_uring                    : 0 us

-- I/O Counts --
 Read Syscall Count                   : 0
 Write Syscall Count                  : 0
 Block I/O Count                      : 0
 io_uring Completion Count            : 0

-- Total I/O Time (block device) --
 Total Block I/O Time           : 0

-- Page Faults & Bytes --
 Page Fault Count               : 0
 Read Bytes                     : 0
 Write Bytes                    : 0
 Block Read Bytes               : 0
 Block Write Bytes              : 0
[===============================================]

[===============================================]
Result of node_idx 17 in node_object 0: Transpose (ND, X32)

-- Elapsed Time Analysis --
 Wall-clock Time                      : 3 us
 - Non I/O Handling Time (Estimated)  : 3 us
 - I/O Handling Time                  : 0 us
        - Read Syscall                : 0 us
        - Write Syscall               : 0 us
        - Page Fault                  : 0 us
        - io_uring                    : 0 us

-- I/O Counts --
 Read Syscall Count                   : 0
 Write Syscall Count                  : 0
 Block I/O Count                      : 0
 io_uring Completion Count            : 0

-- Total I/O Time (block device) --
 Total Block I/O Time           : 0

-- Page Faults & Bytes --
 Page Fault Count               : 0
 Read Bytes                     : 0
 Write Bytes                    : 0
 Block Read Bytes               : 0
 Block Write Bytes              : 0
[===============================================]

[===============================================]
Result of node_idx 18 in node_object 0: Slice (ND, X32)

-- Elapsed Time Analysis --
 Wall-clock Time                      : 83 us
 - Non I/O Handling Time (Estimated)  : 83 us
 - I/O Handling Time                  : 0 us
        - Read Syscall                : 0 us
        - Write Syscall               : 0 us
        - Page Fault                  : 0 us
        - io_uring                    : 0 us

-- I/O Counts --
 Read Syscall Count                   : 0
 Write Syscall Count                  : 0
 Block I/O Count                      : 0
 io_uring Completion Count            : 0

-- Total I/O Time (block device) --
 Total Block I/O Time           : 0

-- Page Faults & Bytes --
 Page Fault Count               : 0
 Read Bytes                     : 0
 Write Bytes                    : 0
 Block Read Bytes               : 0
 Block Write Bytes              : 0
[===============================================]

[===============================================]
Result of node_idx 19 in node_object 0: Slice (ND, X32)

-- Elapsed Time Analysis --
 Wall-clock Time                      : 80 us
 - Non I/O Handling Time (Estimated)  : 80 us
 - I/O Handling Time                  : 0 us
        - Read Syscall                : 0 us
        - Write Syscall               : 0 us
        - Page Fault                  : 0 us
        - io_uring                    : 0 us

-- I/O Counts --
 Read Syscall Count                   : 0
 Write Syscall Count                  : 0
 Block I/O Count                      : 0
 io_uring Completion Count            : 0

-- Total I/O Time (block device) --
 Total Block I/O Time           : 0

-- Page Faults & Bytes --
 Page Fault Count               : 0
 Read Bytes                     : 0
 Write Bytes                    : 0
 Block Read Bytes               : 0
 Block Write Bytes              : 0
[===============================================]

[===============================================]
Result of node_idx 20 in node_object 0: Multiply (ND)

-- Elapsed Time Analysis --
 Wall-clock Time                      : 88 us
 - Non I/O Handling Time (Estimated)  : 88 us
 - I/O Handling Time                  : 0 us
        - Read Syscall                : 0 us
        - Write Syscall               : 0 us
        - Page Fault                  : 0 us
        - io_uring                    : 0 us

-- I/O Counts --
 Read Syscall Count                   : 0
 Write Syscall Count                  : 0
 Block I/O Count                      : 0
 io_uring Completion Count            : 0

-- Total I/O Time (block device) --
 Total Block I/O Time           : 0

-- Page Faults & Bytes --
 Page Fault Count               : 0
 Read Bytes                     : 0
 Write Bytes                    : 0
 Block Read Bytes               : 0
 Block Write Bytes              : 0
[===============================================]

[===============================================]
Result of node_idx 21 in node_object 0: Multiply (ND)

-- Elapsed Time Analysis --
 Wall-clock Time                      : 104 us
 - Non I/O Handling Time (Estimated)  : 104 us
 - I/O Handling Time                  : 0 us
        - Read Syscall                : 0 us
        - Write Syscall               : 0 us
        - Page Fault                  : 0 us
        - io_uring                    : 0 us

-- I/O Counts --
 Read Syscall Count                   : 0
 Write Syscall Count                  : 0
 Block I/O Count                      : 0
 io_uring Completion Count            : 0

-- Total I/O Time (block device) --
 Total Block I/O Time           : 0

-- Page Faults & Bytes --
 Page Fault Count               : 0
 Read Bytes                     : 0
 Write Bytes                    : 0
 Block Read Bytes               : 0
 Block Write Bytes              : 0
[===============================================]

[===============================================]
Result of node_idx 22 in node_object 0: Subtract (ND)

-- Elapsed Time Analysis --
 Wall-clock Time                      : 88 us
 - Non I/O Handling Time (Estimated)  : 88 us
 - I/O Handling Time                  : 0 us
        - Read Syscall                : 0 us
        - Write Syscall               : 0 us
        - Page Fault                  : 0 us
        - io_uring                    : 0 us

-- I/O Counts --
 Read Syscall Count                   : 0
 Write Syscall Count                  : 0
 Block I/O Count                      : 0
 io_uring Completion Count            : 0

-- Total I/O Time (block device) --
 Total Block I/O Time           : 0

-- Page Faults & Bytes --
 Page Fault Count               : 0
 Read Bytes                     : 0
 Write Bytes                    : 0
 Block Read Bytes               : 0
 Block Write Bytes              : 0
[===============================================]

[===============================================]
Result of node_idx 23 in node_object 0: Multiply (ND)

-- Elapsed Time Analysis --
 Wall-clock Time                      : 84 us
 - Non I/O Handling Time (Estimated)  : 84 us
 - I/O Handling Time                  : 0 us
        - Read Syscall                : 0 us
        - Write Syscall               : 0 us
        - Page Fault                  : 0 us
        - io_uring                    : 0 us

-- I/O Counts --
 Read Syscall Count                   : 0
 Write Syscall Count                  : 0
 Block I/O Count                      : 0
 io_uring Completion Count            : 0

-- Total I/O Time (block device) --
 Total Block I/O Time           : 0

-- Page Faults & Bytes --
 Page Fault Count               : 0
 Read Bytes                     : 0
 Write Bytes                    : 0
 Block Read Bytes               : 0
 Block Write Bytes              : 0
[===============================================]

[===============================================]
Result of node_idx 24 in node_object 0: Multiply (ND)

-- Elapsed Time Analysis --
 Wall-clock Time                      : 72 us
 - Non I/O Handling Time (Estimated)  : 72 us
 - I/O Handling Time                  : 0 us
        - Read Syscall                : 0 us
        - Write Syscall               : 0 us
        - Page Fault                  : 0 us
        - io_uring                    : 0 us

-- I/O Counts --
 Read Syscall Count                   : 0
 Write Syscall Count                  : 0
 Block I/O Count                      : 0
 io_uring Completion Count            : 0

-- Total I/O Time (block device) --
 Total Block I/O Time           : 0

-- Page Faults & Bytes --
 Page Fault Count               : 0
 Read Bytes                     : 0
 Write Bytes                    : 0
 Block Read Bytes               : 0
 Block Write Bytes              : 0
[===============================================]

[===============================================]
Result of node_idx 25 in node_object 0: Add (ND)

-- Elapsed Time Analysis --
 Wall-clock Time                      : 84 us
 - Non I/O Handling Time (Estimated)  : 84 us
 - I/O Handling Time                  : 0 us
        - Read Syscall                : 0 us
        - Write Syscall               : 0 us
        - Page Fault                  : 0 us
        - io_uring                    : 0 us

-- I/O Counts --
 Read Syscall Count                   : 0
 Write Syscall Count                  : 0
 Block I/O Count                      : 0
 io_uring Completion Count            : 0

-- Total I/O Time (block device) --
 Total Block I/O Time           : 0

-- Page Faults & Bytes --
 Page Fault Count               : 0
 Read Bytes                     : 0
 Write Bytes                    : 0
 Block Read Bytes               : 0
 Block Write Bytes              : 0
[===============================================]

[===============================================]
Result of node_idx 26 in node_object 0: Copy (NC, X32)

-- Elapsed Time Analysis --
 Wall-clock Time                      : 86 us
 - Non I/O Handling Time (Estimated)  : 86 us
 - I/O Handling Time                  : 0 us
        - Read Syscall                : 0 us
        - Write Syscall               : 0 us
        - Page Fault                  : 0 us
        - io_uring                    : 0 us

-- I/O Counts --
 Read Syscall Count                   : 0
 Write Syscall Count                  : 0
 Block I/O Count                      : 0
 io_uring Completion Count            : 0

-- Total I/O Time (block device) --
 Total Block I/O Time           : 0

-- Page Faults & Bytes --
 Page Fault Count               : 0
 Read Bytes                     : 0
 Write Bytes                    : 0
 Block Read Bytes               : 0
 Block Write Bytes              : 0
[===============================================]

[===============================================]
Result of node_idx 26 in node_object 1: Copy (NC, X32)

-- Elapsed Time Analysis --
 Wall-clock Time                      : 148 us
 - Non I/O Handling Time (Estimated)  : 148 us
 - I/O Handling Time                  : 0 us
        - Read Syscall                : 0 us
        - Write Syscall               : 0 us
        - Page Fault                  : 0 us
        - io_uring                    : 0 us

-- I/O Counts --
 Read Syscall Count                   : 0
 Write Syscall Count                  : 0
 Block I/O Count                      : 0
 io_uring Completion Count            : 0

-- Total I/O Time (block device) --
 Total Block I/O Time           : 0

-- Page Faults & Bytes --
 Page Fault Count               : 0
 Read Bytes                     : 0
 Write Bytes                    : 0
 Block Read Bytes               : 0
 Block Write Bytes              : 0
[===============================================]

[===============================================]
Result of node_idx 27 in node_object 0: Transpose (ND, X32)

-- Elapsed Time Analysis --
 Wall-clock Time                      : 3 us
 - Non I/O Handling Time (Estimated)  : 3 us
 - I/O Handling Time                  : 0 us
        - Read Syscall                : 0 us
        - Write Syscall               : 0 us
        - Page Fault                  : 0 us
        - io_uring                    : 0 us

-- I/O Counts --
 Read Syscall Count                   : 0
 Write Syscall Count                  : 0
 Block I/O Count                      : 0
 io_uring Completion Count            : 0

-- Total I/O Time (block device) --
 Total Block I/O Time           : 0

-- Page Faults & Bytes --
 Page Fault Count               : 0
 Read Bytes                     : 0
 Write Bytes                    : 0
 Block Read Bytes               : 0
 Block Write Bytes              : 0
[===============================================]

[===============================================]
Result of node_idx 0 in node_object 0: Multiply (ND)

-- Elapsed Time Analysis --
 Wall-clock Time                      : 83 us
 - Non I/O Handling Time (Estimated)  : 83 us
 - I/O Handling Time                  : 0 us
        - Read Syscall                : 0 us
        - Write Syscall               : 0 us
        - Page Fault                  : 0 us
        - io_uring                    : 0 us

-- I/O Counts --
 Read Syscall Count                   : 0
 Write Syscall Count                  : 0
 Block I/O Count                      : 0
 io_uring Completion Count            : 0

-- Total I/O Time (block device) --
 Total Block I/O Time           : 0

-- Page Faults & Bytes --
 Page Fault Count               : 0
 Read Bytes                     : 0
 Write Bytes                    : 0
 Block Read Bytes               : 0
 Block Write Bytes              : 0
[===============================================]

[===============================================]
Result of node_idx 1 in node_object 0: Transpose (ND, X32)

-- Elapsed Time Analysis --
 Wall-clock Time                      : 5 us
 - Non I/O Handling Time (Estimated)  : 5 us
 - I/O Handling Time                  : 0 us
        - Read Syscall                : 0 us
        - Write Syscall               : 0 us
        - Page Fault                  : 0 us
        - io_uring                    : 0 us

-- I/O Counts --
 Read Syscall Count                   : 0
 Write Syscall Count                  : 0
 Block I/O Count                      : 0
 io_uring Completion Count            : 0

-- Total I/O Time (block device) --
 Total Block I/O Time           : 0

-- Page Faults & Bytes --
 Page Fault Count               : 0
 Read Bytes                     : 0
 Write Bytes                    : 0
 Block Read Bytes               : 0
 Block Write Bytes              : 0
[===============================================]

[===============================================]
Result of node_idx 2 in node_object 0: Transpose (ND, X32)

-- Elapsed Time Analysis --
 Wall-clock Time                      : 105 us
 - Non I/O Handling Time (Estimated)  : 105 us
 - I/O Handling Time                  : 0 us
        - Read Syscall                : 0 us
        - Write Syscall               : 0 us
        - Page Fault                  : 0 us
        - io_uring                    : 0 us

-- I/O Counts --
 Read Syscall Count                   : 0
 Write Syscall Count                  : 0
 Block I/O Count                      : 0
 io_uring Completion Count            : 0

-- Total I/O Time (block device) --
 Total Block I/O Time           : 0

-- Page Faults & Bytes --
 Page Fault Count               : 0
 Read Bytes                     : 0
 Write Bytes                    : 0
 Block Read Bytes               : 0
 Block Write Bytes              : 0
[===============================================]

[===============================================]
Result of node_idx 3 in node_object 0: Static Reshape (NC)

-- Elapsed Time Analysis --
 Wall-clock Time                      : 3 us
 - Non I/O Handling Time (Estimated)  : 3 us
 - I/O Handling Time                  : 0 us
        - Read Syscall                : 0 us
        - Write Syscall               : 0 us
        - Page Fault                  : 0 us
        - io_uring                    : 0 us

-- I/O Counts --
 Read Syscall Count                   : 0
 Write Syscall Count                  : 0
 Block I/O Count                      : 0
 io_uring Completion Count            : 0

-- Total I/O Time (block device) --
 Total Block I/O Time           : 0

-- Page Faults & Bytes --
 Page Fault Count               : 0
 Read Bytes                     : 0
 Write Bytes                    : 0
 Block Read Bytes               : 0
 Block Write Bytes              : 0
[===============================================]

[===============================================]
Result of node_idx 4 in node_object 0: Static Reshape (NC)

-- Elapsed Time Analysis --
 Wall-clock Time                      : 3 us
 - Non I/O Handling Time (Estimated)  : 3 us
 - I/O Handling Time                  : 0 us
        - Read Syscall                : 0 us
        - Write Syscall               : 0 us
        - Page Fault                  : 0 us
        - io_uring                    : 0 us

-- I/O Counts --
 Read Syscall Count                   : 0
 Write Syscall Count                  : 0
 Block I/O Count                      : 0
 io_uring Completion Count            : 0

-- Total I/O Time (block device) --
 Total Block I/O Time           : 0

-- Page Faults & Bytes --
 Page Fault Count               : 0
 Read Bytes                     : 0
 Write Bytes                    : 0
 Block Read Bytes               : 0
 Block Write Bytes              : 0
[===============================================]

[===============================================]
Result of node_idx 5 in node_object 0: Batch Matrix Multiply (NC, F32)

-- Elapsed Time Analysis --
 Wall-clock Time                      : 236 us
 - Non I/O Handling Time (Estimated)  : 236 us
 - I/O Handling Time                  : 0 us
        - Read Syscall                : 0 us
        - Write Syscall               : 0 us
        - Page Fault                  : 0 us
        - io_uring                    : 0 us

-- I/O Counts --
 Read Syscall Count                   : 0
 Write Syscall Count                  : 0
 Block I/O Count                      : 0
 io_uring Completion Count            : 0

-- Total I/O Time (block device) --
 Total Block I/O Time           : 0

-- Page Faults & Bytes --
 Page Fault Count               : 0
 Read Bytes                     : 0
 Write Bytes                    : 0
 Block Read Bytes               : 0
 Block Write Bytes              : 0
[===============================================]

[===============================================]
Result of node_idx 6 in node_object 0: Static Reshape (NC)

-- Elapsed Time Analysis --
 Wall-clock Time                      : 2 us
 - Non I/O Handling Time (Estimated)  : 2 us
 - I/O Handling Time                  : 0 us
        - Read Syscall                : 0 us
        - Write Syscall               : 0 us
        - Page Fault                  : 0 us
        - io_uring                    : 0 us

-- I/O Counts --
 Read Syscall Count                   : 0
 Write Syscall Count                  : 0
 Block I/O Count                      : 0
 io_uring Completion Count            : 0

-- Total I/O Time (block device) --
 Total Block I/O Time           : 0

-- Page Faults & Bytes --
 Page Fault Count               : 0
 Read Bytes                     : 0
 Write Bytes                    : 0
 Block Read Bytes               : 0
 Block Write Bytes              : 0
[===============================================]

[===============================================]
Result of node_idx 7 in node_object 0: Add (ND)

-- Elapsed Time Analysis --
 Wall-clock Time                      : 84 us
 - Non I/O Handling Time (Estimated)  : 84 us
 - I/O Handling Time                  : 0 us
        - Read Syscall                : 0 us
        - Write Syscall               : 0 us
        - Page Fault                  : 0 us
        - io_uring                    : 0 us

-- I/O Counts --
 Read Syscall Count                   : 0
 Write Syscall Count                  : 0
 Block I/O Count                      : 0
 io_uring Completion Count            : 0

-- Total I/O Time (block device) --
 Total Block I/O Time           : 0

-- Page Faults & Bytes --
 Page Fault Count               : 0
 Read Bytes                     : 0
 Write Bytes                    : 0
 Block Read Bytes               : 0
 Block Write Bytes              : 0
[===============================================]

[===============================================]
Result of node_idx 8 in node_object 0: Softmax (NC, F32)

-- Elapsed Time Analysis --
 Wall-clock Time                      : 90 us
 - Non I/O Handling Time (Estimated)  : 90 us
 - I/O Handling Time                  : 0 us
        - Read Syscall                : 0 us
        - Write Syscall               : 0 us
        - Page Fault                  : 0 us
        - io_uring                    : 0 us

-- I/O Counts --
 Read Syscall Count                   : 0
 Write Syscall Count                  : 0
 Block I/O Count                      : 0
 io_uring Completion Count            : 0

-- Total I/O Time (block device) --
 Total Block I/O Time           : 0

-- Page Faults & Bytes --
 Page Fault Count               : 0
 Read Bytes                     : 0
 Write Bytes                    : 0
 Block Read Bytes               : 0
 Block Write Bytes              : 0
[===============================================]

[===============================================]
Result of node_idx 9 in node_object 0: Transpose (ND, X32)

-- Elapsed Time Analysis --
 Wall-clock Time                      : 97 us
 - Non I/O Handling Time (Estimated)  : 97 us
 - I/O Handling Time                  : 0 us
        - Read Syscall                : 0 us
        - Write Syscall               : 0 us
        - Page Fault                  : 0 us
        - io_uring                    : 0 us

-- I/O Counts --
 Read Syscall Count                   : 0
 Write Syscall Count                  : 0
 Block I/O Count                      : 0
 io_uring Completion Count            : 0

-- Total I/O Time (block device) --
 Total Block I/O Time           : 0

-- Page Faults & Bytes --
 Page Fault Count               : 0
 Read Bytes                     : 0
 Write Bytes                    : 0
 Block Read Bytes               : 0
 Block Write Bytes              : 0
[===============================================]

[===============================================]
Result of node_idx 10 in node_object 0: Static Reshape (NC)

-- Elapsed Time Analysis --
 Wall-clock Time                      : 2 us
 - Non I/O Handling Time (Estimated)  : 2 us
 - I/O Handling Time                  : 0 us
        - Read Syscall                : 0 us
        - Write Syscall               : 0 us
        - Page Fault                  : 0 us
        - io_uring                    : 0 us

-- I/O Counts --
 Read Syscall Count                   : 0
 Write Syscall Count                  : 0
 Block I/O Count                      : 0
 io_uring Completion Count            : 0

-- Total I/O Time (block device) --
 Total Block I/O Time           : 0

-- Page Faults & Bytes --
 Page Fault Count               : 0
 Read Bytes                     : 0
 Write Bytes                    : 0
 Block Read Bytes               : 0
 Block Write Bytes              : 0
[===============================================]

[===============================================]
Result of node_idx 11 in node_object 0: Static Reshape (NC)

-- Elapsed Time Analysis --
 Wall-clock Time                      : 2 us
 - Non I/O Handling Time (Estimated)  : 2 us
 - I/O Handling Time                  : 0 us
        - Read Syscall                : 0 us
        - Write Syscall               : 0 us
        - Page Fault                  : 0 us
        - io_uring                    : 0 us

-- I/O Counts --
 Read Syscall Count                   : 0
 Write Syscall Count                  : 0
 Block I/O Count                      : 0
 io_uring Completion Count            : 0

-- Total I/O Time (block device) --
 Total Block I/O Time           : 0

-- Page Faults & Bytes --
 Page Fault Count               : 0
 Read Bytes                     : 0
 Write Bytes                    : 0
 Block Read Bytes               : 0
 Block Write Bytes              : 0
[===============================================]

[===============================================]
Result of node_idx 12 in node_object 0: Batch Matrix Multiply (NC, F32)

-- Elapsed Time Analysis --
 Wall-clock Time                      : 191 us
 - Non I/O Handling Time (Estimated)  : 191 us
 - I/O Handling Time                  : 0 us
        - Read Syscall                : 0 us
        - Write Syscall               : 0 us
        - Page Fault                  : 0 us
        - io_uring                    : 0 us

-- I/O Counts --
 Read Syscall Count                   : 0
 Write Syscall Count                  : 0
 Block I/O Count                      : 0
 io_uring Completion Count            : 0

-- Total I/O Time (block device) --
 Total Block I/O Time           : 0

-- Page Faults & Bytes --
 Page Fault Count               : 0
 Read Bytes                     : 0
 Write Bytes                    : 0
 Block Read Bytes               : 0
 Block Write Bytes              : 0
[===============================================]

[===============================================]
Result of node_idx 13 in node_object 0: Static Reshape (NC)

-- Elapsed Time Analysis --
 Wall-clock Time                      : 3 us
 - Non I/O Handling Time (Estimated)  : 3 us
 - I/O Handling Time                  : 0 us
        - Read Syscall                : 0 us
        - Write Syscall               : 0 us
        - Page Fault                  : 0 us
        - io_uring                    : 0 us

-- I/O Counts --
 Read Syscall Count                   : 0
 Write Syscall Count                  : 0
 Block I/O Count                      : 0
 io_uring Completion Count            : 0

-- Total I/O Time (block device) --
 Total Block I/O Time           : 0

-- Page Faults & Bytes --
 Page Fault Count               : 0
 Read Bytes                     : 0
 Write Bytes                    : 0
 Block Read Bytes               : 0
 Block Write Bytes              : 0
[===============================================]

[===============================================]
Result of node_idx 14 in node_object 0: Transpose (ND, X32)

-- Elapsed Time Analysis --
 Wall-clock Time                      : 3 us
 - Non I/O Handling Time (Estimated)  : 3 us
 - I/O Handling Time                  : 0 us
        - Read Syscall                : 0 us
        - Write Syscall               : 0 us
        - Page Fault                  : 0 us
        - io_uring                    : 0 us

-- I/O Counts --
 Read Syscall Count                   : 0
 Write Syscall Count                  : 0
 Block I/O Count                      : 0
 io_uring Completion Count            : 0

-- Total I/O Time (block device) --
 Total Block I/O Time           : 0

-- Page Faults & Bytes --
 Page Fault Count               : 0
 Read Bytes                     : 0
 Write Bytes                    : 0
 Block Read Bytes               : 0
 Block Write Bytes              : 0
[===============================================]

[===============================================]
Result of node_idx 15 in node_object 0: Static Reshape (NC)

-- Elapsed Time Analysis --
 Wall-clock Time                      : 2 us
 - Non I/O Handling Time (Estimated)  : 2 us
 - I/O Handling Time                  : 0 us
        - Read Syscall                : 0 us
        - Write Syscall               : 0 us
        - Page Fault                  : 0 us
        - io_uring                    : 0 us

-- I/O Counts --
 Read Syscall Count                   : 0
 Write Syscall Count                  : 0
 Block I/O Count                      : 0
 io_uring Completion Count            : 0

-- Total I/O Time (block device) --
 Total Block I/O Time           : 0

-- Page Faults & Bytes --
 Page Fault Count               : 0
 Read Bytes                     : 0
 Write Bytes                    : 0
 Block Read Bytes               : 0
 Block Write Bytes              : 0
[===============================================]

[===============================================]
Result of node_idx 16 in node_object 0: Fully Connected (NC, QDU8, F32, QC8W)

-- Elapsed Time Analysis --
 Wall-clock Time                      : 431 us
 - Non I/O Handling Time (Estimated)  : 162 us
 - I/O Handling Time                  : 269 us
        - Read Syscall                : 0 us
        - Write Syscall               : 0 us
        - Page Fault                  : 269 us
        - io_uring                    : 0 us

-- I/O Counts --
 Read Syscall Count                   : 0
 Write Syscall Count                  : 0
 Block I/O Count                      : 1
 io_uring Completion Count            : 0

-- Total I/O Time (block device) --
 Total Block I/O Time           : 101

-- Page Faults & Bytes --
 Page Fault Count               : 6
 Read Bytes                     : 0
 Write Bytes                    : 0
 Block Read Bytes               : 4096
 Block Write Bytes              : 0
[===============================================]

[===============================================]
Result of node_idx 17 in node_object 0: Add (ND)

-- Elapsed Time Analysis --
 Wall-clock Time                      : 16 us
 - Non I/O Handling Time (Estimated)  : 16 us
 - I/O Handling Time                  : 0 us
        - Read Syscall                : 0 us
        - Write Syscall               : 0 us
        - Page Fault                  : 0 us
        - io_uring                    : 0 us

-- I/O Counts --
 Read Syscall Count                   : 0
 Write Syscall Count                  : 0
 Block I/O Count                      : 0
 io_uring Completion Count            : 0

-- Total I/O Time (block device) --
 Total Block I/O Time           : 0

-- Page Faults & Bytes --
 Page Fault Count               : 0
 Read Bytes                     : 0
 Write Bytes                    : 0
 Block Read Bytes               : 0
 Block Write Bytes              : 0
[===============================================]

[===============================================]
Result of node_idx 0 in node_object 0: Multiply (ND)

-- Elapsed Time Analysis --
 Wall-clock Time                      : 92 us
 - Non I/O Handling Time (Estimated)  : 92 us
 - I/O Handling Time                  : 0 us
        - Read Syscall                : 0 us
        - Write Syscall               : 0 us
        - Page Fault                  : 0 us
        - io_uring                    : 0 us

-- I/O Counts --
 Read Syscall Count                   : 0
 Write Syscall Count                  : 0
 Block I/O Count                      : 0
 io_uring Completion Count            : 0

-- Total I/O Time (block device) --
 Total Block I/O Time           : 0

-- Page Faults & Bytes --
 Page Fault Count               : 0
 Read Bytes                     : 0
 Write Bytes                    : 0
 Block Read Bytes               : 0
 Block Write Bytes              : 0
[===============================================]

[===============================================]
Result of node_idx 1 in node_object 0: Sum (ND)

-- Elapsed Time Analysis --
 Wall-clock Time                      : 13 us
 - Non I/O Handling Time (Estimated)  : 13 us
 - I/O Handling Time                  : 0 us
        - Read Syscall                : 0 us
        - Write Syscall               : 0 us
        - Page Fault                  : 0 us
        - io_uring                    : 0 us

-- I/O Counts --
 Read Syscall Count                   : 0
 Write Syscall Count                  : 0
 Block I/O Count                      : 0
 io_uring Completion Count            : 0

-- Total I/O Time (block device) --
 Total Block I/O Time           : 0

-- Page Faults & Bytes --
 Page Fault Count               : 0
 Read Bytes                     : 0
 Write Bytes                    : 0
 Block Read Bytes               : 0
 Block Write Bytes              : 0
[===============================================]

[===============================================]
Result of node_idx 2 in node_object 0: Multiply (ND)

-- Elapsed Time Analysis --
 Wall-clock Time                      : 3 us
 - Non I/O Handling Time (Estimated)  : 3 us
 - I/O Handling Time                  : 0 us
        - Read Syscall                : 0 us
        - Write Syscall               : 0 us
        - Page Fault                  : 0 us
        - io_uring                    : 0 us

-- I/O Counts --
 Read Syscall Count                   : 0
 Write Syscall Count                  : 0
 Block I/O Count                      : 0
 io_uring Completion Count            : 0

-- Total I/O Time (block device) --
 Total Block I/O Time           : 0

-- Page Faults & Bytes --
 Page Fault Count               : 0
 Read Bytes                     : 0
 Write Bytes                    : 0
 Block Read Bytes               : 0
 Block Write Bytes              : 0
[===============================================]

[===============================================]
Result of node_idx 3 in node_object 0: Add (ND)

-- Elapsed Time Analysis --
 Wall-clock Time                      : 3 us
 - Non I/O Handling Time (Estimated)  : 3 us
 - I/O Handling Time                  : 0 us
        - Read Syscall                : 0 us
        - Write Syscall               : 0 us
        - Page Fault                  : 0 us
        - io_uring                    : 0 us

-- I/O Counts --
 Read Syscall Count                   : 0
 Write Syscall Count                  : 0
 Block I/O Count                      : 0
 io_uring Completion Count            : 0

-- Total I/O Time (block device) --
 Total Block I/O Time           : 0

-- Page Faults & Bytes --
 Page Fault Count               : 0
 Read Bytes                     : 0
 Write Bytes                    : 0
 Block Read Bytes               : 0
 Block Write Bytes              : 0
[===============================================]

[===============================================]
Result of node_idx 4 in node_object 0: Static Reshape (NC)

-- Elapsed Time Analysis --
 Wall-clock Time                      : 3 us
 - Non I/O Handling Time (Estimated)  : 3 us
 - I/O Handling Time                  : 0 us
        - Read Syscall                : 0 us
        - Write Syscall               : 0 us
        - Page Fault                  : 0 us
        - io_uring                    : 0 us

-- I/O Counts --
 Read Syscall Count                   : 0
 Write Syscall Count                  : 0
 Block I/O Count                      : 0
 io_uring Completion Count            : 0

-- Total I/O Time (block device) --
 Total Block I/O Time           : 0

-- Page Faults & Bytes --
 Page Fault Count               : 0
 Read Bytes                     : 0
 Write Bytes                    : 0
 Block Read Bytes               : 0
 Block Write Bytes              : 0
[===============================================]

[===============================================]
Result of node_idx 5 in node_object 0: Reciprocal Square Root (NC)

-- Elapsed Time Analysis --
 Wall-clock Time                      : 3 us
 - Non I/O Handling Time (Estimated)  : 3 us
 - I/O Handling Time                  : 0 us
        - Read Syscall                : 0 us
        - Write Syscall               : 0 us
        - Page Fault                  : 0 us
        - io_uring                    : 0 us

-- I/O Counts --
 Read Syscall Count                   : 0
 Write Syscall Count                  : 0
 Block I/O Count                      : 0
 io_uring Completion Count            : 0

-- Total I/O Time (block device) --
 Total Block I/O Time           : 0

-- Page Faults & Bytes --
 Page Fault Count               : 0
 Read Bytes                     : 0
 Write Bytes                    : 0
 Block Read Bytes               : 0
 Block Write Bytes              : 0
[===============================================]

[===============================================]
Result of node_idx 6 in node_object 0: Multiply (ND)

-- Elapsed Time Analysis --
 Wall-clock Time                      : 5 us
 - Non I/O Handling Time (Estimated)  : 5 us
 - I/O Handling Time                  : 0 us
        - Read Syscall                : 0 us
        - Write Syscall               : 0 us
        - Page Fault                  : 0 us
        - io_uring                    : 0 us

-- I/O Counts --
 Read Syscall Count                   : 0
 Write Syscall Count                  : 0
 Block I/O Count                      : 0
 io_uring Completion Count            : 0

-- Total I/O Time (block device) --
 Total Block I/O Time           : 0

-- Page Faults & Bytes --
 Page Fault Count               : 0
 Read Bytes                     : 0
 Write Bytes                    : 0
 Block Read Bytes               : 0
 Block Write Bytes              : 0
[===============================================]

[===============================================]
Result of node_idx 7 in node_object 0: Multiply (ND)

-- Elapsed Time Analysis --
 Wall-clock Time                      : 5 us
 - Non I/O Handling Time (Estimated)  : 5 us
 - I/O Handling Time                  : 0 us
        - Read Syscall                : 0 us
        - Write Syscall               : 0 us
        - Page Fault                  : 0 us
        - io_uring                    : 0 us

-- I/O Counts --
 Read Syscall Count                   : 0
 Write Syscall Count                  : 0
 Block I/O Count                      : 0
 io_uring Completion Count            : 0

-- Total I/O Time (block device) --
 Total Block I/O Time           : 0

-- Page Faults & Bytes --
 Page Fault Count               : 0
 Read Bytes                     : 0
 Write Bytes                    : 0
 Block Read Bytes               : 0
 Block Write Bytes              : 0
[===============================================]

[===============================================]
Result of node_idx 0 in node_object 0: Fully Connected (NC, QDU8, F32, QC8W)

-- Elapsed Time Analysis --
 Wall-clock Time                      : 702 us
 - Non I/O Handling Time (Estimated)  : 49 us
 - I/O Handling Time                  : 653 us
        - Read Syscall                : 0 us
        - Write Syscall               : 0 us
        - Page Fault                  : 653 us
        - io_uring                    : 0 us

-- I/O Counts --
 Read Syscall Count                   : 0
 Write Syscall Count                  : 0
 Block I/O Count                      : 3
 io_uring Completion Count            : 0

-- Total I/O Time (block device) --
 Total Block I/O Time           : 545

-- Page Faults & Bytes --
 Page Fault Count               : 7
 Read Bytes                     : 0
 Write Bytes                    : 0
 Block Read Bytes               : 69632
 Block Write Bytes              : 0
[===============================================]

[===============================================]
Result of node_idx 1 in node_object 0: Sigmoid (NC)

-- Elapsed Time Analysis --
 Wall-clock Time                      : 100 us
 - Non I/O Handling Time (Estimated)  : 100 us
 - I/O Handling Time                  : 0 us
        - Read Syscall                : 0 us
        - Write Syscall               : 0 us
        - Page Fault                  : 0 us
        - io_uring                    : 0 us

-- I/O Counts --
 Read Syscall Count                   : 0
 Write Syscall Count                  : 0
 Block I/O Count                      : 0
 io_uring Completion Count            : 0

-- Total I/O Time (block device) --
 Total Block I/O Time           : 0

-- Page Faults & Bytes --
 Page Fault Count               : 0
 Read Bytes                     : 0
 Write Bytes                    : 0
 Block Read Bytes               : 0
 Block Write Bytes              : 0
[===============================================]

[===============================================]
Result of node_idx 2 in node_object 0: Multiply (ND)

-- Elapsed Time Analysis --
 Wall-clock Time                      : 101 us
 - Non I/O Handling Time (Estimated)  : 101 us
 - I/O Handling Time                  : 0 us
        - Read Syscall                : 0 us
        - Write Syscall               : 0 us
        - Page Fault                  : 0 us
        - io_uring                    : 0 us

-- I/O Counts --
 Read Syscall Count                   : 0
 Write Syscall Count                  : 0
 Block I/O Count                      : 0
 io_uring Completion Count            : 0

-- Total I/O Time (block device) --
 Total Block I/O Time           : 0

-- Page Faults & Bytes --
 Page Fault Count               : 0
 Read Bytes                     : 0
 Write Bytes                    : 0
 Block Read Bytes               : 0
 Block Write Bytes              : 0
[===============================================]

[===============================================]
Result of node_idx 3 in node_object 0: Fully Connected (NC, QDU8, F32, QC8W)

-- Elapsed Time Analysis --
 Wall-clock Time                      : 985 us
 - Non I/O Handling Time (Estimated)  : 122 us
 - I/O Handling Time                  : 863 us
        - Read Syscall                : 0 us
        - Write Syscall               : 0 us
        - Page Fault                  : 863 us
        - io_uring                    : 0 us

-- I/O Counts --
 Read Syscall Count                   : 0
 Write Syscall Count                  : 0
 Block I/O Count                      : 3
 io_uring Completion Count            : 0

-- Total I/O Time (block device) --
 Total Block I/O Time           : 586

-- Page Faults & Bytes --
 Page Fault Count               : 9
 Read Bytes                     : 0
 Write Bytes                    : 0
 Block Read Bytes               : 77824
 Block Write Bytes              : 0
[===============================================]

[===============================================]
Result of node_idx 4 in node_object 0: Multiply (ND)

-- Elapsed Time Analysis --
 Wall-clock Time                      : 17 us
 - Non I/O Handling Time (Estimated)  : 17 us
 - I/O Handling Time                  : 0 us
        - Read Syscall                : 0 us
        - Write Syscall               : 0 us
        - Page Fault                  : 0 us
        - io_uring                    : 0 us

-- I/O Counts --
 Read Syscall Count                   : 0
 Write Syscall Count                  : 0
 Block I/O Count                      : 0
 io_uring Completion Count            : 0

-- Total I/O Time (block device) --
 Total Block I/O Time           : 0

-- Page Faults & Bytes --
 Page Fault Count               : 0
 Read Bytes                     : 0
 Write Bytes                    : 0
 Block Read Bytes               : 0
 Block Write Bytes              : 0
[===============================================]

[===============================================]
Result of node_idx 5 in node_object 0: Fully Connected (NC, QDU8, F32, QC8W)

-- Elapsed Time Analysis --
 Wall-clock Time                      : 1154 us
 - Non I/O Handling Time (Estimated)  : 35 us
 - I/O Handling Time                  : 1119 us
        - Read Syscall                : 0 us
        - Write Syscall               : 0 us
        - Page Fault                  : 1119 us
        - io_uring                    : 0 us

-- I/O Counts --
 Read Syscall Count                   : 0
 Write Syscall Count                  : 0
 Block I/O Count                      : 2
 io_uring Completion Count            : 0

-- Total I/O Time (block device) --
 Total Block I/O Time           : 376

-- Page Faults & Bytes --
 Page Fault Count               : 6
 Read Bytes                     : 0
 Write Bytes                    : 0
 Block Read Bytes               : 45056
 Block Write Bytes              : 0
[===============================================]

[===============================================]
Result of node_idx 6 in node_object 0: Add (ND)

-- Elapsed Time Analysis --
 Wall-clock Time                      : 22 us
 - Non I/O Handling Time (Estimated)  : 22 us
 - I/O Handling Time                  : 0 us
        - Read Syscall                : 0 us
        - Write Syscall               : 0 us
        - Page Fault                  : 0 us
        - io_uring                    : 0 us

-- I/O Counts --
 Read Syscall Count                   : 0
 Write Syscall Count                  : 0
 Block I/O Count                      : 0
 io_uring Completion Count            : 0

-- Total I/O Time (block device) --
 Total Block I/O Time           : 0

-- Page Faults & Bytes --
 Page Fault Count               : 0
 Read Bytes                     : 0
 Write Bytes                    : 0
 Block Read Bytes               : 0
 Block Write Bytes              : 0
[===============================================]

[===============================================]
Result of node_idx 0 in node_object 0: Multiply (ND)

-- Elapsed Time Analysis --
 Wall-clock Time                      : 142 us
 - Non I/O Handling Time (Estimated)  : 142 us
 - I/O Handling Time                  : 0 us
        - Read Syscall                : 0 us
        - Write Syscall               : 0 us
        - Page Fault                  : 0 us
        - io_uring                    : 0 us

-- I/O Counts --
 Read Syscall Count                   : 0
 Write Syscall Count                  : 0
 Block I/O Count                      : 0
 io_uring Completion Count            : 0

-- Total I/O Time (block device) --
 Total Block I/O Time           : 0

-- Page Faults & Bytes --
 Page Fault Count               : 0
 Read Bytes                     : 0
 Write Bytes                    : 0
 Block Read Bytes               : 0
 Block Write Bytes              : 0
[===============================================]

[===============================================]
Result of node_idx 1 in node_object 0: Sum (ND)

-- Elapsed Time Analysis --
 Wall-clock Time                      : 79 us
 - Non I/O Handling Time (Estimated)  : 79 us
 - I/O Handling Time                  : 0 us
        - Read Syscall                : 0 us
        - Write Syscall               : 0 us
        - Page Fault                  : 0 us
        - io_uring                    : 0 us

-- I/O Counts --
 Read Syscall Count                   : 0
 Write Syscall Count                  : 0
 Block I/O Count                      : 0
 io_uring Completion Count            : 0

-- Total I/O Time (block device) --
 Total Block I/O Time           : 0

-- Page Faults & Bytes --
 Page Fault Count               : 0
 Read Bytes                     : 0
 Write Bytes                    : 0
 Block Read Bytes               : 0
 Block Write Bytes              : 0
[===============================================]

[===============================================]
Result of node_idx 2 in node_object 0: Multiply (ND)

-- Elapsed Time Analysis --
 Wall-clock Time                      : 4 us
 - Non I/O Handling Time (Estimated)  : 4 us
 - I/O Handling Time                  : 0 us
        - Read Syscall                : 0 us
        - Write Syscall               : 0 us
        - Page Fault                  : 0 us
        - io_uring                    : 0 us

-- I/O Counts --
 Read Syscall Count                   : 0
 Write Syscall Count                  : 0
 Block I/O Count                      : 0
 io_uring Completion Count            : 0

-- Total I/O Time (block device) --
 Total Block I/O Time           : 0

-- Page Faults & Bytes --
 Page Fault Count               : 0
 Read Bytes                     : 0
 Write Bytes                    : 0
 Block Read Bytes               : 0
 Block Write Bytes              : 0
[===============================================]

[===============================================]
Result of node_idx 3 in node_object 0: Add (ND)

-- Elapsed Time Analysis --
 Wall-clock Time                      : 3 us
 - Non I/O Handling Time (Estimated)  : 3 us
 - I/O Handling Time                  : 0 us
        - Read Syscall                : 0 us
        - Write Syscall               : 0 us
        - Page Fault                  : 0 us
        - io_uring                    : 0 us

-- I/O Counts --
 Read Syscall Count                   : 0
 Write Syscall Count                  : 0
 Block I/O Count                      : 0
 io_uring Completion Count            : 0

-- Total I/O Time (block device) --
 Total Block I/O Time           : 0

-- Page Faults & Bytes --
 Page Fault Count               : 0
 Read Bytes                     : 0
 Write Bytes                    : 0
 Block Read Bytes               : 0
 Block Write Bytes              : 0
[===============================================]

[===============================================]
Result of node_idx 4 in node_object 0: Static Reshape (NC)

-- Elapsed Time Analysis --
 Wall-clock Time                      : 2 us
 - Non I/O Handling Time (Estimated)  : 2 us
 - I/O Handling Time                  : 0 us
        - Read Syscall                : 0 us
        - Write Syscall               : 0 us
        - Page Fault                  : 0 us
        - io_uring                    : 0 us

-- I/O Counts --
 Read Syscall Count                   : 0
 Write Syscall Count                  : 0
 Block I/O Count                      : 0
 io_uring Completion Count            : 0

-- Total I/O Time (block device) --
 Total Block I/O Time           : 0

-- Page Faults & Bytes --
 Page Fault Count               : 0
 Read Bytes                     : 0
 Write Bytes                    : 0
 Block Read Bytes               : 0
 Block Write Bytes              : 0
[===============================================]

[===============================================]
Result of node_idx 5 in node_object 0: Reciprocal Square Root (NC)

-- Elapsed Time Analysis --
 Wall-clock Time                      : 3 us
 - Non I/O Handling Time (Estimated)  : 3 us
 - I/O Handling Time                  : 0 us
        - Read Syscall                : 0 us
        - Write Syscall               : 0 us
        - Page Fault                  : 0 us
        - io_uring                    : 0 us

-- I/O Counts --
 Read Syscall Count                   : 0
 Write Syscall Count                  : 0
 Block I/O Count                      : 0
 io_uring Completion Count            : 0

-- Total I/O Time (block device) --
 Total Block I/O Time           : 0

-- Page Faults & Bytes --
 Page Fault Count               : 0
 Read Bytes                     : 0
 Write Bytes                    : 0
 Block Read Bytes               : 0
 Block Write Bytes              : 0
[===============================================]

[===============================================]
Result of node_idx 6 in node_object 0: Multiply (ND)

-- Elapsed Time Analysis --
 Wall-clock Time                      : 99 us
 - Non I/O Handling Time (Estimated)  : 99 us
 - I/O Handling Time                  : 0 us
        - Read Syscall                : 0 us
        - Write Syscall               : 0 us
        - Page Fault                  : 0 us
        - io_uring                    : 0 us

-- I/O Counts --
 Read Syscall Count                   : 0
 Write Syscall Count                  : 0
 Block I/O Count                      : 0
 io_uring Completion Count            : 0

-- Total I/O Time (block device) --
 Total Block I/O Time           : 0

-- Page Faults & Bytes --
 Page Fault Count               : 0
 Read Bytes                     : 0
 Write Bytes                    : 0
 Block Read Bytes               : 0
 Block Write Bytes              : 0
[===============================================]

[===============================================]
Result of node_idx 7 in node_object 0: Multiply (ND)

-- Elapsed Time Analysis --
 Wall-clock Time                      : 16 us
 - Non I/O Handling Time (Estimated)  : 16 us
 - I/O Handling Time                  : 0 us
        - Read Syscall                : 0 us
        - Write Syscall               : 0 us
        - Page Fault                  : 0 us
        - io_uring                    : 0 us

-- I/O Counts --
 Read Syscall Count                   : 0
 Write Syscall Count                  : 0
 Block I/O Count                      : 0
 io_uring Completion Count            : 0

-- Total I/O Time (block device) --
 Total Block I/O Time           : 0

-- Page Faults & Bytes --
 Page Fault Count               : 0
 Read Bytes                     : 0
 Write Bytes                    : 0
 Block Read Bytes               : 0
 Block Write Bytes              : 0
[===============================================]

[===============================================]
Result of node_idx 0 in node_object 0: Fully Connected (NC, QDU8, F32, QC8W)

-- Elapsed Time Analysis --
 Wall-clock Time                      : 519 us
 - Non I/O Handling Time (Estimated)  : 42 us
 - I/O Handling Time                  : 477 us
        - Read Syscall                : 0 us
        - Write Syscall               : 0 us
        - Page Fault                  : 477 us
        - io_uring                    : 0 us

-- I/O Counts --
 Read Syscall Count                   : 0
 Write Syscall Count                  : 0
 Block I/O Count                      : 2
 io_uring Completion Count            : 0

-- Total I/O Time (block device) --
 Total Block I/O Time           : 309

-- Page Faults & Bytes --
 Page Fault Count               : 5
 Read Bytes                     : 0
 Write Bytes                    : 0
 Block Read Bytes               : 12288
 Block Write Bytes              : 0
[===============================================]

[===============================================]
Result of node_idx 1 in node_object 0: Static Reshape (NC)

-- Elapsed Time Analysis --
 Wall-clock Time                      : 78 us
 - Non I/O Handling Time (Estimated)  : 78 us
 - I/O Handling Time                  : 0 us
        - Read Syscall                : 0 us
        - Write Syscall               : 0 us
        - Page Fault                  : 0 us
        - io_uring                    : 0 us

-- I/O Counts --
 Read Syscall Count                   : 0
 Write Syscall Count                  : 0
 Block I/O Count                      : 0
 io_uring Completion Count            : 0

-- Total I/O Time (block device) --
 Total Block I/O Time           : 438

-- Page Faults & Bytes --
 Page Fault Count               : 0
 Read Bytes                     : 0
 Write Bytes                    : 0
 Block Read Bytes               : 0
 Block Write Bytes              : 0
[===============================================]

[===============================================]
Result of node_idx 2 in node_object 0: Slice (ND, X32)

-- Elapsed Time Analysis --
 Wall-clock Time                      : 83 us
 - Non I/O Handling Time (Estimated)  : 83 us
 - I/O Handling Time                  : 0 us
        - Read Syscall                : 0 us
        - Write Syscall               : 0 us
        - Page Fault                  : 0 us
        - io_uring                    : 0 us

-- I/O Counts --
 Read Syscall Count                   : 0
 Write Syscall Count                  : 0
 Block I/O Count                      : 0
 io_uring Completion Count            : 0

-- Total I/O Time (block device) --
 Total Block I/O Time           : 0

-- Page Faults & Bytes --
 Page Fault Count               : 0
 Read Bytes                     : 0
 Write Bytes                    : 0
 Block Read Bytes               : 0
 Block Write Bytes              : 0
[===============================================]

[===============================================]
Result of node_idx 3 in node_object 0: Slice (ND, X32)

-- Elapsed Time Analysis --
 Wall-clock Time                      : 91 us
 - Non I/O Handling Time (Estimated)  : 91 us
 - I/O Handling Time                  : 0 us
        - Read Syscall                : 0 us
        - Write Syscall               : 0 us
        - Page Fault                  : 0 us
        - io_uring                    : 0 us

-- I/O Counts --
 Read Syscall Count                   : 0
 Write Syscall Count                  : 0
 Block I/O Count                      : 0
 io_uring Completion Count            : 0

-- Total I/O Time (block device) --
 Total Block I/O Time           : 0

-- Page Faults & Bytes --
 Page Fault Count               : 0
 Read Bytes                     : 0
 Write Bytes                    : 0
 Block Read Bytes               : 0
 Block Write Bytes              : 0
[===============================================]

[===============================================]
Result of node_idx 4 in node_object 0: Slice (ND, X32)

-- Elapsed Time Analysis --
 Wall-clock Time                      : 85 us
 - Non I/O Handling Time (Estimated)  : 85 us
 - I/O Handling Time                  : 0 us
        - Read Syscall                : 0 us
        - Write Syscall               : 0 us
        - Page Fault                  : 0 us
        - io_uring                    : 0 us

-- I/O Counts --
 Read Syscall Count                   : 0
 Write Syscall Count                  : 0
 Block I/O Count                      : 0
 io_uring Completion Count            : 0

-- Total I/O Time (block device) --
 Total Block I/O Time           : 0

-- Page Faults & Bytes --
 Page Fault Count               : 0
 Read Bytes                     : 0
 Write Bytes                    : 0
 Block Read Bytes               : 0
 Block Write Bytes              : 0
[===============================================]

[===============================================]
Result of node_idx 5 in node_object 0: Static Reshape (NC)

-- Elapsed Time Analysis --
 Wall-clock Time                      : 3 us
 - Non I/O Handling Time (Estimated)  : 3 us
 - I/O Handling Time                  : 0 us
        - Read Syscall                : 0 us
        - Write Syscall               : 0 us
        - Page Fault                  : 0 us
        - io_uring                    : 0 us

-- I/O Counts --
 Read Syscall Count                   : 0
 Write Syscall Count                  : 0
 Block I/O Count                      : 0
 io_uring Completion Count            : 0

-- Total I/O Time (block device) --
 Total Block I/O Time           : 0

-- Page Faults & Bytes --
 Page Fault Count               : 0
 Read Bytes                     : 0
 Write Bytes                    : 0
 Block Read Bytes               : 0
 Block Write Bytes              : 0
[===============================================]

[===============================================]
Result of node_idx 6 in node_object 0: Transpose (ND, X32)

-- Elapsed Time Analysis --
 Wall-clock Time                      : 4 us
 - Non I/O Handling Time (Estimated)  : 4 us
 - I/O Handling Time                  : 0 us
        - Read Syscall                : 0 us
        - Write Syscall               : 0 us
        - Page Fault                  : 0 us
        - io_uring                    : 0 us

-- I/O Counts --
 Read Syscall Count                   : 0
 Write Syscall Count                  : 0
 Block I/O Count                      : 0
 io_uring Completion Count            : 0

-- Total I/O Time (block device) --
 Total Block I/O Time           : 0

-- Page Faults & Bytes --
 Page Fault Count               : 0
 Read Bytes                     : 0
 Write Bytes                    : 0
 Block Read Bytes               : 0
 Block Write Bytes              : 0
[===============================================]

[===============================================]
Result of node_idx 7 in node_object 0: Slice (ND, X32)

-- Elapsed Time Analysis --
 Wall-clock Time                      : 90 us
 - Non I/O Handling Time (Estimated)  : 90 us
 - I/O Handling Time                  : 0 us
        - Read Syscall                : 0 us
        - Write Syscall               : 0 us
        - Page Fault                  : 0 us
        - io_uring                    : 0 us

-- I/O Counts --
 Read Syscall Count                   : 0
 Write Syscall Count                  : 0
 Block I/O Count                      : 0
 io_uring Completion Count            : 0

-- Total I/O Time (block device) --
 Total Block I/O Time           : 0

-- Page Faults & Bytes --
 Page Fault Count               : 0
 Read Bytes                     : 0
 Write Bytes                    : 0
 Block Read Bytes               : 0
 Block Write Bytes              : 0
[===============================================]

[===============================================]
Result of node_idx 8 in node_object 0: Slice (ND, X32)

-- Elapsed Time Analysis --
 Wall-clock Time                      : 93 us
 - Non I/O Handling Time (Estimated)  : 93 us
 - I/O Handling Time                  : 0 us
        - Read Syscall                : 0 us
        - Write Syscall               : 0 us
        - Page Fault                  : 0 us
        - io_uring                    : 0 us

-- I/O Counts --
 Read Syscall Count                   : 0
 Write Syscall Count                  : 0
 Block I/O Count                      : 0
 io_uring Completion Count            : 0

-- Total I/O Time (block device) --
 Total Block I/O Time           : 0

-- Page Faults & Bytes --
 Page Fault Count               : 0
 Read Bytes                     : 0
 Write Bytes                    : 0
 Block Read Bytes               : 0
 Block Write Bytes              : 0
[===============================================]

[===============================================]
Result of node_idx 9 in node_object 0: Multiply (ND)

-- Elapsed Time Analysis --
 Wall-clock Time                      : 97 us
 - Non I/O Handling Time (Estimated)  : 97 us
 - I/O Handling Time                  : 0 us
        - Read Syscall                : 0 us
        - Write Syscall               : 0 us
        - Page Fault                  : 0 us
        - io_uring                    : 0 us

-- I/O Counts --
 Read Syscall Count                   : 0
 Write Syscall Count                  : 0
 Block I/O Count                      : 0
 io_uring Completion Count            : 0

-- Total I/O Time (block device) --
 Total Block I/O Time           : 0

-- Page Faults & Bytes --
 Page Fault Count               : 0
 Read Bytes                     : 0
 Write Bytes                    : 0
 Block Read Bytes               : 0
 Block Write Bytes              : 0
[===============================================]

[===============================================]
Result of node_idx 10 in node_object 0: Multiply (ND)

-- Elapsed Time Analysis --
 Wall-clock Time                      : 81 us
 - Non I/O Handling Time (Estimated)  : 81 us
 - I/O Handling Time                  : 0 us
        - Read Syscall                : 0 us
        - Write Syscall               : 0 us
        - Page Fault                  : 0 us
        - io_uring                    : 0 us

-- I/O Counts --
 Read Syscall Count                   : 0
 Write Syscall Count                  : 0
 Block I/O Count                      : 0
 io_uring Completion Count            : 0

-- Total I/O Time (block device) --
 Total Block I/O Time           : 0

-- Page Faults & Bytes --
 Page Fault Count               : 0
 Read Bytes                     : 0
 Write Bytes                    : 0
 Block Read Bytes               : 0
 Block Write Bytes              : 0
[===============================================]

[===============================================]
Result of node_idx 11 in node_object 0: Subtract (ND)

-- Elapsed Time Analysis --
 Wall-clock Time                      : 90 us
 - Non I/O Handling Time (Estimated)  : 90 us
 - I/O Handling Time                  : 0 us
        - Read Syscall                : 0 us
        - Write Syscall               : 0 us
        - Page Fault                  : 0 us
        - io_uring                    : 0 us

-- I/O Counts --
 Read Syscall Count                   : 0
 Write Syscall Count                  : 0
 Block I/O Count                      : 0
 io_uring Completion Count            : 0

-- Total I/O Time (block device) --
 Total Block I/O Time           : 0

-- Page Faults & Bytes --
 Page Fault Count               : 0
 Read Bytes                     : 0
 Write Bytes                    : 0
 Block Read Bytes               : 0
 Block Write Bytes              : 0
[===============================================]

[===============================================]
Result of node_idx 12 in node_object 0: Multiply (ND)

-- Elapsed Time Analysis --
 Wall-clock Time                      : 82 us
 - Non I/O Handling Time (Estimated)  : 82 us
 - I/O Handling Time                  : 0 us
        - Read Syscall                : 0 us
        - Write Syscall               : 0 us
        - Page Fault                  : 0 us
        - io_uring                    : 0 us

-- I/O Counts --
 Read Syscall Count                   : 0
 Write Syscall Count                  : 0
 Block I/O Count                      : 0
 io_uring Completion Count            : 0

-- Total I/O Time (block device) --
 Total Block I/O Time           : 0

-- Page Faults & Bytes --
 Page Fault Count               : 0
 Read Bytes                     : 0
 Write Bytes                    : 0
 Block Read Bytes               : 0
 Block Write Bytes              : 0
[===============================================]

[===============================================]
Result of node_idx 13 in node_object 0: Multiply (ND)

-- Elapsed Time Analysis --
 Wall-clock Time                      : 81 us
 - Non I/O Handling Time (Estimated)  : 81 us
 - I/O Handling Time                  : 0 us
        - Read Syscall                : 0 us
        - Write Syscall               : 0 us
        - Page Fault                  : 0 us
        - io_uring                    : 0 us

-- I/O Counts --
 Read Syscall Count                   : 0
 Write Syscall Count                  : 0
 Block I/O Count                      : 0
 io_uring Completion Count            : 0

-- Total I/O Time (block device) --
 Total Block I/O Time           : 0

-- Page Faults & Bytes --
 Page Fault Count               : 0
 Read Bytes                     : 0
 Write Bytes                    : 0
 Block Read Bytes               : 0
 Block Write Bytes              : 0
[===============================================]

[===============================================]
Result of node_idx 14 in node_object 0: Add (ND)

-- Elapsed Time Analysis --
 Wall-clock Time                      : 84 us
 - Non I/O Handling Time (Estimated)  : 84 us
 - I/O Handling Time                  : 0 us
        - Read Syscall                : 0 us
        - Write Syscall               : 0 us
        - Page Fault                  : 0 us
        - io_uring                    : 0 us

-- I/O Counts --
 Read Syscall Count                   : 0
 Write Syscall Count                  : 0
 Block I/O Count                      : 0
 io_uring Completion Count            : 0

-- Total I/O Time (block device) --
 Total Block I/O Time           : 0

-- Page Faults & Bytes --
 Page Fault Count               : 0
 Read Bytes                     : 0
 Write Bytes                    : 0
 Block Read Bytes               : 0
 Block Write Bytes              : 0
[===============================================]

[===============================================]
Result of node_idx 15 in node_object 0: Copy (NC, X32)

-- Elapsed Time Analysis --
 Wall-clock Time                      : 71 us
 - Non I/O Handling Time (Estimated)  : 71 us
 - I/O Handling Time                  : 0 us
        - Read Syscall                : 0 us
        - Write Syscall               : 0 us
        - Page Fault                  : 0 us
        - io_uring                    : 0 us

-- I/O Counts --
 Read Syscall Count                   : 0
 Write Syscall Count                  : 0
 Block I/O Count                      : 0
 io_uring Completion Count            : 0

-- Total I/O Time (block device) --
 Total Block I/O Time           : 0

-- Page Faults & Bytes --
 Page Fault Count               : 0
 Read Bytes                     : 0
 Write Bytes                    : 0
 Block Read Bytes               : 0
 Block Write Bytes              : 0
[===============================================]

[===============================================]
Result of node_idx 15 in node_object 1: Copy (NC, X32)

-- Elapsed Time Analysis --
 Wall-clock Time                      : 40 us
 - Non I/O Handling Time (Estimated)  : 40 us
 - I/O Handling Time                  : 0 us
        - Read Syscall                : 0 us
        - Write Syscall               : 0 us
        - Page Fault                  : 0 us
        - io_uring                    : 0 us

-- I/O Counts --
 Read Syscall Count                   : 0
 Write Syscall Count                  : 0
 Block I/O Count                      : 0
 io_uring Completion Count            : 0

-- Total I/O Time (block device) --
 Total Block I/O Time           : 0

-- Page Faults & Bytes --
 Page Fault Count               : 0
 Read Bytes                     : 0
 Write Bytes                    : 0
 Block Read Bytes               : 0
 Block Write Bytes              : 0
[===============================================]

[===============================================]
Result of node_idx 16 in node_object 0: Transpose (ND, X32)

-- Elapsed Time Analysis --
 Wall-clock Time                      : 5 us
 - Non I/O Handling Time (Estimated)  : 5 us
 - I/O Handling Time                  : 0 us
        - Read Syscall                : 0 us
        - Write Syscall               : 0 us
        - Page Fault                  : 0 us
        - io_uring                    : 0 us

-- I/O Counts --
 Read Syscall Count                   : 0
 Write Syscall Count                  : 0
 Block I/O Count                      : 0
 io_uring Completion Count            : 0

-- Total I/O Time (block device) --
 Total Block I/O Time           : 0

-- Page Faults & Bytes --
 Page Fault Count               : 0
 Read Bytes                     : 0
 Write Bytes                    : 0
 Block Read Bytes               : 0
 Block Write Bytes              : 0
[===============================================]

[===============================================]
Result of node_idx 17 in node_object 0: Transpose (ND, X32)

-- Elapsed Time Analysis --
 Wall-clock Time                      : 4 us
 - Non I/O Handling Time (Estimated)  : 4 us
 - I/O Handling Time                  : 0 us
        - Read Syscall                : 0 us
        - Write Syscall               : 0 us
        - Page Fault                  : 0 us
        - io_uring                    : 0 us

-- I/O Counts --
 Read Syscall Count                   : 0
 Write Syscall Count                  : 0
 Block I/O Count                      : 0
 io_uring Completion Count            : 0

-- Total I/O Time (block device) --
 Total Block I/O Time           : 0

-- Page Faults & Bytes --
 Page Fault Count               : 0
 Read Bytes                     : 0
 Write Bytes                    : 0
 Block Read Bytes               : 0
 Block Write Bytes              : 0
[===============================================]

[===============================================]
Result of node_idx 18 in node_object 0: Slice (ND, X32)

-- Elapsed Time Analysis --
 Wall-clock Time                      : 6 us
 - Non I/O Handling Time (Estimated)  : 6 us
 - I/O Handling Time                  : 0 us
        - Read Syscall                : 0 us
        - Write Syscall               : 0 us
        - Page Fault                  : 0 us
        - io_uring                    : 0 us

-- I/O Counts --
 Read Syscall Count                   : 0
 Write Syscall Count                  : 0
 Block I/O Count                      : 0
 io_uring Completion Count            : 0

-- Total I/O Time (block device) --
 Total Block I/O Time           : 0

-- Page Faults & Bytes --
 Page Fault Count               : 0
 Read Bytes                     : 0
 Write Bytes                    : 0
 Block Read Bytes               : 0
 Block Write Bytes              : 0
[===============================================]

[===============================================]
Result of node_idx 19 in node_object 0: Slice (ND, X32)

-- Elapsed Time Analysis --
 Wall-clock Time                      : 6 us
 - Non I/O Handling Time (Estimated)  : 6 us
 - I/O Handling Time                  : 0 us
        - Read Syscall                : 0 us
        - Write Syscall               : 0 us
        - Page Fault                  : 0 us
        - io_uring                    : 0 us

-- I/O Counts --
 Read Syscall Count                   : 0
 Write Syscall Count                  : 0
 Block I/O Count                      : 0
 io_uring Completion Count            : 0

-- Total I/O Time (block device) --
 Total Block I/O Time           : 0

-- Page Faults & Bytes --
 Page Fault Count               : 0
 Read Bytes                     : 0
 Write Bytes                    : 0
 Block Read Bytes               : 0
 Block Write Bytes              : 0
[===============================================]

[===============================================]
Result of node_idx 20 in node_object 0: Multiply (ND)

-- Elapsed Time Analysis --
 Wall-clock Time                      : 5 us
 - Non I/O Handling Time (Estimated)  : 5 us
 - I/O Handling Time                  : 0 us
        - Read Syscall                : 0 us
        - Write Syscall               : 0 us
        - Page Fault                  : 0 us
        - io_uring                    : 0 us

-- I/O Counts --
 Read Syscall Count                   : 0
 Write Syscall Count                  : 0
 Block I/O Count                      : 0
 io_uring Completion Count            : 0

-- Total I/O Time (block device) --
 Total Block I/O Time           : 0

-- Page Faults & Bytes --
 Page Fault Count               : 0
 Read Bytes                     : 0
 Write Bytes                    : 0
 Block Read Bytes               : 0
 Block Write Bytes              : 0
[===============================================]

[===============================================]
Result of node_idx 21 in node_object 0: Multiply (ND)

-- Elapsed Time Analysis --
 Wall-clock Time                      : 5 us
 - Non I/O Handling Time (Estimated)  : 5 us
 - I/O Handling Time                  : 0 us
        - Read Syscall                : 0 us
        - Write Syscall               : 0 us
        - Page Fault                  : 0 us
        - io_uring                    : 0 us

-- I/O Counts --
 Read Syscall Count                   : 0
 Write Syscall Count                  : 0
 Block I/O Count                      : 0
 io_uring Completion Count            : 0

-- Total I/O Time (block device) --
 Total Block I/O Time           : 0

-- Page Faults & Bytes --
 Page Fault Count               : 0
 Read Bytes                     : 0
 Write Bytes                    : 0
 Block Read Bytes               : 0
 Block Write Bytes              : 0
[===============================================]

[===============================================]
Result of node_idx 22 in node_object 0: Subtract (ND)

-- Elapsed Time Analysis --
 Wall-clock Time                      : 6 us
 - Non I/O Handling Time (Estimated)  : 6 us
 - I/O Handling Time                  : 0 us
        - Read Syscall                : 0 us
        - Write Syscall               : 0 us
        - Page Fault                  : 0 us
        - io_uring                    : 0 us

-- I/O Counts --
 Read Syscall Count                   : 0
 Write Syscall Count                  : 0
 Block I/O Count                      : 0
 io_uring Completion Count            : 0

-- Total I/O Time (block device) --
 Total Block I/O Time           : 0

-- Page Faults & Bytes --
 Page Fault Count               : 0
 Read Bytes                     : 0
 Write Bytes                    : 0
 Block Read Bytes               : 0
 Block Write Bytes              : 0
[===============================================]

[===============================================]
Result of node_idx 23 in node_object 0: Multiply (ND)

-- Elapsed Time Analysis --
 Wall-clock Time                      : 5 us
 - Non I/O Handling Time (Estimated)  : 5 us
 - I/O Handling Time                  : 0 us
        - Read Syscall                : 0 us
        - Write Syscall               : 0 us
        - Page Fault                  : 0 us
        - io_uring                    : 0 us

-- I/O Counts --
 Read Syscall Count                   : 0
 Write Syscall Count                  : 0
 Block I/O Count                      : 0
 io_uring Completion Count            : 0

-- Total I/O Time (block device) --
 Total Block I/O Time           : 0

-- Page Faults & Bytes --
 Page Fault Count               : 0
 Read Bytes                     : 0
 Write Bytes                    : 0
 Block Read Bytes               : 0
 Block Write Bytes              : 0
[===============================================]

[===============================================]
Result of node_idx 24 in node_object 0: Multiply (ND)

-- Elapsed Time Analysis --
 Wall-clock Time                      : 5 us
 - Non I/O Handling Time (Estimated)  : 5 us
 - I/O Handling Time                  : 0 us
        - Read Syscall                : 0 us
        - Write Syscall               : 0 us
        - Page Fault                  : 0 us
        - io_uring                    : 0 us

-- I/O Counts --
 Read Syscall Count                   : 0
 Write Syscall Count                  : 0
 Block I/O Count                      : 0
 io_uring Completion Count            : 0

-- Total I/O Time (block device) --
 Total Block I/O Time           : 0

-- Page Faults & Bytes --
 Page Fault Count               : 0
 Read Bytes                     : 0
 Write Bytes                    : 0
 Block Read Bytes               : 0
 Block Write Bytes              : 0
[===============================================]

[===============================================]
Result of node_idx 25 in node_object 0: Add (ND)

-- Elapsed Time Analysis --
 Wall-clock Time                      : 6 us
 - Non I/O Handling Time (Estimated)  : 6 us
 - I/O Handling Time                  : 0 us
        - Read Syscall                : 0 us
        - Write Syscall               : 0 us
        - Page Fault                  : 0 us
        - io_uring                    : 0 us

-- I/O Counts --
 Read Syscall Count                   : 0
 Write Syscall Count                  : 0
 Block I/O Count                      : 0
 io_uring Completion Count            : 0

-- Total I/O Time (block device) --
 Total Block I/O Time           : 0

-- Page Faults & Bytes --
 Page Fault Count               : 0
 Read Bytes                     : 0
 Write Bytes                    : 0
 Block Read Bytes               : 0
 Block Write Bytes              : 0
[===============================================]

[===============================================]
Result of node_idx 26 in node_object 0: Copy (NC, X32)

-- Elapsed Time Analysis --
 Wall-clock Time                      : 5 us
 - Non I/O Handling Time (Estimated)  : 5 us
 - I/O Handling Time                  : 0 us
        - Read Syscall                : 0 us
        - Write Syscall               : 0 us
        - Page Fault                  : 0 us
        - io_uring                    : 0 us

-- I/O Counts --
 Read Syscall Count                   : 0
 Write Syscall Count                  : 0
 Block I/O Count                      : 0
 io_uring Completion Count            : 0

-- Total I/O Time (block device) --
 Total Block I/O Time           : 0

-- Page Faults & Bytes --
 Page Fault Count               : 0
 Read Bytes                     : 0
 Write Bytes                    : 0
 Block Read Bytes               : 0
 Block Write Bytes              : 0
[===============================================]

[===============================================]
Result of node_idx 26 in node_object 1: Copy (NC, X32)

-- Elapsed Time Analysis --
 Wall-clock Time                      : 5 us
 - Non I/O Handling Time (Estimated)  : 5 us
 - I/O Handling Time                  : 0 us
        - Read Syscall                : 0 us
        - Write Syscall               : 0 us
        - Page Fault                  : 0 us
        - io_uring                    : 0 us

-- I/O Counts --
 Read Syscall Count                   : 0
 Write Syscall Count                  : 0
 Block I/O Count                      : 0
 io_uring Completion Count            : 0

-- Total I/O Time (block device) --
 Total Block I/O Time           : 0

-- Page Faults & Bytes --
 Page Fault Count               : 0
 Read Bytes                     : 0
 Write Bytes                    : 0
 Block Read Bytes               : 0
 Block Write Bytes              : 0
[===============================================]

[===============================================]
Result of node_idx 27 in node_object 0: Transpose (ND, X32)

-- Elapsed Time Analysis --
 Wall-clock Time                      : 4 us
 - Non I/O Handling Time (Estimated)  : 4 us
 - I/O Handling Time                  : 0 us
        - Read Syscall                : 0 us
        - Write Syscall               : 0 us
        - Page Fault                  : 0 us
        - io_uring                    : 0 us

-- I/O Counts --
 Read Syscall Count                   : 0
 Write Syscall Count                  : 0
 Block I/O Count                      : 0
 io_uring Completion Count            : 0

-- Total I/O Time (block device) --
 Total Block I/O Time           : 0

-- Page Faults & Bytes --
 Page Fault Count               : 0
 Read Bytes                     : 0
 Write Bytes                    : 0
 Block Read Bytes               : 0
 Block Write Bytes              : 0
[===============================================]

[===============================================]
Result of node_idx 0 in node_object 0: Multiply (ND)

-- Elapsed Time Analysis --
 Wall-clock Time                      : 5 us
 - Non I/O Handling Time (Estimated)  : 5 us
 - I/O Handling Time                  : 0 us
        - Read Syscall                : 0 us
        - Write Syscall               : 0 us
        - Page Fault                  : 0 us
        - io_uring                    : 0 us

-- I/O Counts --
 Read Syscall Count                   : 0
 Write Syscall Count                  : 0
 Block I/O Count                      : 0
 io_uring Completion Count            : 0

-- Total I/O Time (block device) --
 Total Block I/O Time           : 0

-- Page Faults & Bytes --
 Page Fault Count               : 0
 Read Bytes                     : 0
 Write Bytes                    : 0
 Block Read Bytes               : 0
 Block Write Bytes              : 0
[===============================================]

[===============================================]
Result of node_idx 1 in node_object 0: Transpose (ND, X32)

-- Elapsed Time Analysis --
 Wall-clock Time                      : 4 us
 - Non I/O Handling Time (Estimated)  : 4 us
 - I/O Handling Time                  : 0 us
        - Read Syscall                : 0 us
        - Write Syscall               : 0 us
        - Page Fault                  : 0 us
        - io_uring                    : 0 us

-- I/O Counts --
 Read Syscall Count                   : 0
 Write Syscall Count                  : 0
 Block I/O Count                      : 0
 io_uring Completion Count            : 0

-- Total I/O Time (block device) --
 Total Block I/O Time           : 0

-- Page Faults & Bytes --
 Page Fault Count               : 0
 Read Bytes                     : 0
 Write Bytes                    : 0
 Block Read Bytes               : 0
 Block Write Bytes              : 0
[===============================================]

[===============================================]
Result of node_idx 2 in node_object 0: Transpose (ND, X32)

-- Elapsed Time Analysis --
 Wall-clock Time                      : 26 us
 - Non I/O Handling Time (Estimated)  : 26 us
 - I/O Handling Time                  : 0 us
        - Read Syscall                : 0 us
        - Write Syscall               : 0 us
        - Page Fault                  : 0 us
        - io_uring                    : 0 us

-- I/O Counts --
 Read Syscall Count                   : 0
 Write Syscall Count                  : 0
 Block I/O Count                      : 0
 io_uring Completion Count            : 0

-- Total I/O Time (block device) --
 Total Block I/O Time           : 0

-- Page Faults & Bytes --
 Page Fault Count               : 0
 Read Bytes                     : 0
 Write Bytes                    : 0
 Block Read Bytes               : 0
 Block Write Bytes              : 0
[===============================================]

[===============================================]
Result of node_idx 3 in node_object 0: Static Reshape (NC)

-- Elapsed Time Analysis --
 Wall-clock Time                      : 3 us
 - Non I/O Handling Time (Estimated)  : 3 us
 - I/O Handling Time                  : 0 us
        - Read Syscall                : 0 us
        - Write Syscall               : 0 us
        - Page Fault                  : 0 us
        - io_uring                    : 0 us

-- I/O Counts --
 Read Syscall Count                   : 0
 Write Syscall Count                  : 0
 Block I/O Count                      : 0
 io_uring Completion Count            : 0

-- Total I/O Time (block device) --
 Total Block I/O Time           : 0

-- Page Faults & Bytes --
 Page Fault Count               : 0
 Read Bytes                     : 0
 Write Bytes                    : 0
 Block Read Bytes               : 0
 Block Write Bytes              : 0
[===============================================]

[===============================================]
Result of node_idx 4 in node_object 0: Static Reshape (NC)

-- Elapsed Time Analysis --
 Wall-clock Time                      : 3 us
 - Non I/O Handling Time (Estimated)  : 3 us
 - I/O Handling Time                  : 0 us
        - Read Syscall                : 0 us
        - Write Syscall               : 0 us
        - Page Fault                  : 0 us
        - io_uring                    : 0 us

-- I/O Counts --
 Read Syscall Count                   : 0
 Write Syscall Count                  : 0
 Block I/O Count                      : 0
 io_uring Completion Count            : 0

-- Total I/O Time (block device) --
 Total Block I/O Time           : 0

-- Page Faults & Bytes --
 Page Fault Count               : 0
 Read Bytes                     : 0
 Write Bytes                    : 0
 Block Read Bytes               : 0
 Block Write Bytes              : 0
[===============================================]

[===============================================]
Result of node_idx 5 in node_object 0: Batch Matrix Multiply (NC, F32)

-- Elapsed Time Analysis --
 Wall-clock Time                      : 66 us
 - Non I/O Handling Time (Estimated)  : 66 us
 - I/O Handling Time                  : 0 us
        - Read Syscall                : 0 us
        - Write Syscall               : 0 us
        - Page Fault                  : 0 us
        - io_uring                    : 0 us

-- I/O Counts --
 Read Syscall Count                   : 0
 Write Syscall Count                  : 0
 Block I/O Count                      : 0
 io_uring Completion Count            : 0

-- Total I/O Time (block device) --
 Total Block I/O Time           : 0

-- Page Faults & Bytes --
 Page Fault Count               : 0
 Read Bytes                     : 0
 Write Bytes                    : 0
 Block Read Bytes               : 0
 Block Write Bytes              : 0
[===============================================]

[===============================================]
Result of node_idx 6 in node_object 0: Static Reshape (NC)

-- Elapsed Time Analysis --
 Wall-clock Time                      : 3 us
 - Non I/O Handling Time (Estimated)  : 3 us
 - I/O Handling Time                  : 0 us
        - Read Syscall                : 0 us
        - Write Syscall               : 0 us
        - Page Fault                  : 0 us
        - io_uring                    : 0 us

-- I/O Counts --
 Read Syscall Count                   : 0
 Write Syscall Count                  : 0
 Block I/O Count                      : 0
 io_uring Completion Count            : 0

-- Total I/O Time (block device) --
 Total Block I/O Time           : 0

-- Page Faults & Bytes --
 Page Fault Count               : 0
 Read Bytes                     : 0
 Write Bytes                    : 0
 Block Read Bytes               : 0
 Block Write Bytes              : 0
[===============================================]

[===============================================]
Result of node_idx 7 in node_object 0: Add (ND)

-- Elapsed Time Analysis --
 Wall-clock Time                      : 8 us
 - Non I/O Handling Time (Estimated)  : 8 us
 - I/O Handling Time                  : 0 us
        - Read Syscall                : 0 us
        - Write Syscall               : 0 us
        - Page Fault                  : 0 us
        - io_uring                    : 0 us

-- I/O Counts --
 Read Syscall Count                   : 0
 Write Syscall Count                  : 0
 Block I/O Count                      : 0
 io_uring Completion Count            : 0

-- Total I/O Time (block device) --
 Total Block I/O Time           : 0

-- Page Faults & Bytes --
 Page Fault Count               : 0
 Read Bytes                     : 0
 Write Bytes                    : 0
 Block Read Bytes               : 0
 Block Write Bytes              : 0
[===============================================]

[===============================================]
Result of node_idx 8 in node_object 0: Softmax (NC, F32)

-- Elapsed Time Analysis --
 Wall-clock Time                      : 13 us
 - Non I/O Handling Time (Estimated)  : 13 us
 - I/O Handling Time                  : 0 us
        - Read Syscall                : 0 us
        - Write Syscall               : 0 us
        - Page Fault                  : 0 us
        - io_uring                    : 0 us

-- I/O Counts --
 Read Syscall Count                   : 0
 Write Syscall Count                  : 0
 Block I/O Count                      : 0
 io_uring Completion Count            : 0

-- Total I/O Time (block device) --
 Total Block I/O Time           : 0

-- Page Faults & Bytes --
 Page Fault Count               : 0
 Read Bytes                     : 0
 Write Bytes                    : 0
 Block Read Bytes               : 0
 Block Write Bytes              : 0
[===============================================]

[===============================================]
Result of node_idx 9 in node_object 0: Transpose (ND, X32)

-- Elapsed Time Analysis --
 Wall-clock Time                      : 32 us
 - Non I/O Handling Time (Estimated)  : 32 us
 - I/O Handling Time                  : 0 us
        - Read Syscall                : 0 us
        - Write Syscall               : 0 us
        - Page Fault                  : 0 us
        - io_uring                    : 0 us

-- I/O Counts --
 Read Syscall Count                   : 0
 Write Syscall Count                  : 0
 Block I/O Count                      : 0
 io_uring Completion Count            : 0

-- Total I/O Time (block device) --
 Total Block I/O Time           : 0

-- Page Faults & Bytes --
 Page Fault Count               : 0
 Read Bytes                     : 0
 Write Bytes                    : 0
 Block Read Bytes               : 0
 Block Write Bytes              : 0
[===============================================]

[===============================================]
Result of node_idx 10 in node_object 0: Static Reshape (NC)

-- Elapsed Time Analysis --
 Wall-clock Time                      : 3 us
 - Non I/O Handling Time (Estimated)  : 3 us
 - I/O Handling Time                  : 0 us
        - Read Syscall                : 0 us
        - Write Syscall               : 0 us
        - Page Fault                  : 0 us
        - io_uring                    : 0 us

-- I/O Counts --
 Read Syscall Count                   : 0
 Write Syscall Count                  : 0
 Block I/O Count                      : 0
 io_uring Completion Count            : 0

-- Total I/O Time (block device) --
 Total Block I/O Time           : 0

-- Page Faults & Bytes --
 Page Fault Count               : 0
 Read Bytes                     : 0
 Write Bytes                    : 0
 Block Read Bytes               : 0
 Block Write Bytes              : 0
[===============================================]

[===============================================]
Result of node_idx 11 in node_object 0: Static Reshape (NC)

-- Elapsed Time Analysis --
 Wall-clock Time                      : 3 us
 - Non I/O Handling Time (Estimated)  : 3 us
 - I/O Handling Time                  : 0 us
        - Read Syscall                : 0 us
        - Write Syscall               : 0 us
        - Page Fault                  : 0 us
        - io_uring                    : 0 us

-- I/O Counts --
 Read Syscall Count                   : 0
 Write Syscall Count                  : 0
 Block I/O Count                      : 0
 io_uring Completion Count            : 0

-- Total I/O Time (block device) --
 Total Block I/O Time           : 0

-- Page Faults & Bytes --
 Page Fault Count               : 0
 Read Bytes                     : 0
 Write Bytes                    : 0
 Block Read Bytes               : 0
 Block Write Bytes              : 0
[===============================================]

[===============================================]
Result of node_idx 12 in node_object 0: Batch Matrix Multiply (NC, F32)

-- Elapsed Time Analysis --
 Wall-clock Time                      : 54 us
 - Non I/O Handling Time (Estimated)  : 54 us
 - I/O Handling Time                  : 0 us
        - Read Syscall                : 0 us
        - Write Syscall               : 0 us
        - Page Fault                  : 0 us
        - io_uring                    : 0 us

-- I/O Counts --
 Read Syscall Count                   : 0
 Write Syscall Count                  : 0
 Block I/O Count                      : 0
 io_uring Completion Count            : 0

-- Total I/O Time (block device) --
 Total Block I/O Time           : 0

-- Page Faults & Bytes --
 Page Fault Count               : 0
 Read Bytes                     : 0
 Write Bytes                    : 0
 Block Read Bytes               : 0
 Block Write Bytes              : 0
[===============================================]

[===============================================]
Result of node_idx 13 in node_object 0: Static Reshape (NC)

-- Elapsed Time Analysis --
 Wall-clock Time                      : 3 us
 - Non I/O Handling Time (Estimated)  : 3 us
 - I/O Handling Time                  : 0 us
        - Read Syscall                : 0 us
        - Write Syscall               : 0 us
        - Page Fault                  : 0 us
        - io_uring                    : 0 us

-- I/O Counts --
 Read Syscall Count                   : 0
 Write Syscall Count                  : 0
 Block I/O Count                      : 0
 io_uring Completion Count            : 0

-- Total I/O Time (block device) --
 Total Block I/O Time           : 0

-- Page Faults & Bytes --
 Page Fault Count               : 0
 Read Bytes                     : 0
 Write Bytes                    : 0
 Block Read Bytes               : 0
 Block Write Bytes              : 0
[===============================================]

[===============================================]
Result of node_idx 14 in node_object 0: Transpose (ND, X32)

-- Elapsed Time Analysis --
 Wall-clock Time                      : 5 us
 - Non I/O Handling Time (Estimated)  : 5 us
 - I/O Handling Time                  : 0 us
        - Read Syscall                : 0 us
        - Write Syscall               : 0 us
        - Page Fault                  : 0 us
        - io_uring                    : 0 us

-- I/O Counts --
 Read Syscall Count                   : 0
 Write Syscall Count                  : 0
 Block I/O Count                      : 0
 io_uring Completion Count            : 0

-- Total I/O Time (block device) --
 Total Block I/O Time           : 0

-- Page Faults & Bytes --
 Page Fault Count               : 0
 Read Bytes                     : 0
 Write Bytes                    : 0
 Block Read Bytes               : 0
 Block Write Bytes              : 0
[===============================================]

[===============================================]
Result of node_idx 15 in node_object 0: Static Reshape (NC)

-- Elapsed Time Analysis --
 Wall-clock Time                      : 3 us
 - Non I/O Handling Time (Estimated)  : 3 us
 - I/O Handling Time                  : 0 us
        - Read Syscall                : 0 us
        - Write Syscall               : 0 us
        - Page Fault                  : 0 us
        - io_uring                    : 0 us

-- I/O Counts --
 Read Syscall Count                   : 0
 Write Syscall Count                  : 0
 Block I/O Count                      : 0
 io_uring Completion Count            : 0

-- Total I/O Time (block device) --
 Total Block I/O Time           : 0

-- Page Faults & Bytes --
 Page Fault Count               : 0
 Read Bytes                     : 0
 Write Bytes                    : 0
 Block Read Bytes               : 0
 Block Write Bytes              : 0
[===============================================]

[===============================================]
Result of node_idx 16 in node_object 0: Fully Connected (NC, QDU8, F32, QC8W)

-- Elapsed Time Analysis --
 Wall-clock Time                      : 527 us
 - Non I/O Handling Time (Estimated)  : 74 us
 - I/O Handling Time                  : 453 us
        - Read Syscall                : 0 us
        - Write Syscall               : 0 us
        - Page Fault                  : 453 us
        - io_uring                    : 0 us

-- I/O Counts --
 Read Syscall Count                   : 0
 Write Syscall Count                  : 0
 Block I/O Count                      : 1
 io_uring Completion Count            : 0

-- Total I/O Time (block device) --
 Total Block I/O Time           : 408

-- Page Faults & Bytes --
 Page Fault Count               : 7
 Read Bytes                     : 0
 Write Bytes                    : 0
 Block Read Bytes               : 32768
 Block Write Bytes              : 0
[===============================================]

[===============================================]
Result of node_idx 17 in node_object 0: Add (ND)

-- Elapsed Time Analysis --
 Wall-clock Time                      : 8 us
 - Non I/O Handling Time (Estimated)  : 8 us
 - I/O Handling Time                  : 0 us
        - Read Syscall                : 0 us
        - Write Syscall               : 0 us
        - Page Fault                  : 0 us
        - io_uring                    : 0 us

-- I/O Counts --
 Read Syscall Count                   : 0
 Write Syscall Count                  : 0
 Block I/O Count                      : 0
 io_uring Completion Count            : 0

-- Total I/O Time (block device) --
 Total Block I/O Time           : 0

-- Page Faults & Bytes --
 Page Fault Count               : 0
 Read Bytes                     : 0
 Write Bytes                    : 0
 Block Read Bytes               : 0
 Block Write Bytes              : 0
[===============================================]

[===============================================]
Result of node_idx 0 in node_object 0: Multiply (ND)

-- Elapsed Time Analysis --
 Wall-clock Time                      : 83 us
 - Non I/O Handling Time (Estimated)  : 83 us
 - I/O Handling Time                  : 0 us
        - Read Syscall                : 0 us
        - Write Syscall               : 0 us
        - Page Fault                  : 0 us
        - io_uring                    : 0 us

-- I/O Counts --
 Read Syscall Count                   : 0
 Write Syscall Count                  : 0
 Block I/O Count                      : 0
 io_uring Completion Count            : 0

-- Total I/O Time (block device) --
 Total Block I/O Time           : 0

-- Page Faults & Bytes --
 Page Fault Count               : 0
 Read Bytes                     : 0
 Write Bytes                    : 0
 Block Read Bytes               : 0
 Block Write Bytes              : 0
[===============================================]

[===============================================]
Result of node_idx 1 in node_object 0: Sum (ND)

-- Elapsed Time Analysis --
 Wall-clock Time                      : 12 us
 - Non I/O Handling Time (Estimated)  : 12 us
 - I/O Handling Time                  : 0 us
        - Read Syscall                : 0 us
        - Write Syscall               : 0 us
        - Page Fault                  : 0 us
        - io_uring                    : 0 us

-- I/O Counts --
 Read Syscall Count                   : 0
 Write Syscall Count                  : 0
 Block I/O Count                      : 0
 io_uring Completion Count            : 0

-- Total I/O Time (block device) --
 Total Block I/O Time           : 0

-- Page Faults & Bytes --
 Page Fault Count               : 0
 Read Bytes                     : 0
 Write Bytes                    : 0
 Block Read Bytes               : 0
 Block Write Bytes              : 0
[===============================================]

[===============================================]
Result of node_idx 2 in node_object 0: Multiply (ND)

-- Elapsed Time Analysis --
 Wall-clock Time                      : 3 us
 - Non I/O Handling Time (Estimated)  : 3 us
 - I/O Handling Time                  : 0 us
        - Read Syscall                : 0 us
        - Write Syscall               : 0 us
        - Page Fault                  : 0 us
        - io_uring                    : 0 us

-- I/O Counts --
 Read Syscall Count                   : 0
 Write Syscall Count                  : 0
 Block I/O Count                      : 0
 io_uring Completion Count            : 0

-- Total I/O Time (block device) --
 Total Block I/O Time           : 0

-- Page Faults & Bytes --
 Page Fault Count               : 0
 Read Bytes                     : 0
 Write Bytes                    : 0
 Block Read Bytes               : 0
 Block Write Bytes              : 0
[===============================================]

[===============================================]
Result of node_idx 3 in node_object 0: Add (ND)

-- Elapsed Time Analysis --
 Wall-clock Time                      : 3 us
 - Non I/O Handling Time (Estimated)  : 3 us
 - I/O Handling Time                  : 0 us
        - Read Syscall                : 0 us
        - Write Syscall               : 0 us
        - Page Fault                  : 0 us
        - io_uring                    : 0 us

-- I/O Counts --
 Read Syscall Count                   : 0
 Write Syscall Count                  : 0
 Block I/O Count                      : 0
 io_uring Completion Count            : 0

-- Total I/O Time (block device) --
 Total Block I/O Time           : 0

-- Page Faults & Bytes --
 Page Fault Count               : 0
 Read Bytes                     : 0
 Write Bytes                    : 0
 Block Read Bytes               : 0
 Block Write Bytes              : 0
[===============================================]

[===============================================]
Result of node_idx 4 in node_object 0: Static Reshape (NC)

-- Elapsed Time Analysis --
 Wall-clock Time                      : 3 us
 - Non I/O Handling Time (Estimated)  : 3 us
 - I/O Handling Time                  : 0 us
        - Read Syscall                : 0 us
        - Write Syscall               : 0 us
        - Page Fault                  : 0 us
        - io_uring                    : 0 us

-- I/O Counts --
 Read Syscall Count                   : 0
 Write Syscall Count                  : 0
 Block I/O Count                      : 0
 io_uring Completion Count            : 0

-- Total I/O Time (block device) --
 Total Block I/O Time           : 0

-- Page Faults & Bytes --
 Page Fault Count               : 0
 Read Bytes                     : 0
 Write Bytes                    : 0
 Block Read Bytes               : 0
 Block Write Bytes              : 0
[===============================================]

[===============================================]
Result of node_idx 5 in node_object 0: Reciprocal Square Root (NC)

-- Elapsed Time Analysis --
 Wall-clock Time                      : 3 us
 - Non I/O Handling Time (Estimated)  : 3 us
 - I/O Handling Time                  : 0 us
        - Read Syscall                : 0 us
        - Write Syscall               : 0 us
        - Page Fault                  : 0 us
        - io_uring                    : 0 us

-- I/O Counts --
 Read Syscall Count                   : 0
 Write Syscall Count                  : 0
 Block I/O Count                      : 0
 io_uring Completion Count            : 0

-- Total I/O Time (block device) --
 Total Block I/O Time           : 0

-- Page Faults & Bytes --
 Page Fault Count               : 0
 Read Bytes                     : 0
 Write Bytes                    : 0
 Block Read Bytes               : 0
 Block Write Bytes              : 0
[===============================================]

[===============================================]
Result of node_idx 6 in node_object 0: Multiply (ND)

-- Elapsed Time Analysis --
 Wall-clock Time                      : 6 us
 - Non I/O Handling Time (Estimated)  : 6 us
 - I/O Handling Time                  : 0 us
        - Read Syscall                : 0 us
        - Write Syscall               : 0 us
        - Page Fault                  : 0 us
        - io_uring                    : 0 us

-- I/O Counts --
 Read Syscall Count                   : 0
 Write Syscall Count                  : 0
 Block I/O Count                      : 0
 io_uring Completion Count            : 0

-- Total I/O Time (block device) --
 Total Block I/O Time           : 0

-- Page Faults & Bytes --
 Page Fault Count               : 0
 Read Bytes                     : 0
 Write Bytes                    : 0
 Block Read Bytes               : 0
 Block Write Bytes              : 0
[===============================================]

[===============================================]
Result of node_idx 7 in node_object 0: Multiply (ND)

-- Elapsed Time Analysis --
 Wall-clock Time                      : 6 us
 - Non I/O Handling Time (Estimated)  : 6 us
 - I/O Handling Time                  : 0 us
        - Read Syscall                : 0 us
        - Write Syscall               : 0 us
        - Page Fault                  : 0 us
        - io_uring                    : 0 us

-- I/O Counts --
 Read Syscall Count                   : 0
 Write Syscall Count                  : 0
 Block I/O Count                      : 0
 io_uring Completion Count            : 0

-- Total I/O Time (block device) --
 Total Block I/O Time           : 0

-- Page Faults & Bytes --
 Page Fault Count               : 0
 Read Bytes                     : 0
 Write Bytes                    : 0
 Block Read Bytes               : 0
 Block Write Bytes              : 0
[===============================================]

[===============================================]
Result of node_idx 0 in node_object 0: Fully Connected (NC, QDU8, F32, QC8W)

-- Elapsed Time Analysis --
 Wall-clock Time                      : 842 us
 - Non I/O Handling Time (Estimated)  : 110 us
 - I/O Handling Time                  : 732 us
        - Read Syscall                : 0 us
        - Write Syscall               : 0 us
        - Page Fault                  : 732 us
        - io_uring                    : 0 us

-- I/O Counts --
 Read Syscall Count                   : 0
 Write Syscall Count                  : 0
 Block I/O Count                      : 2
 io_uring Completion Count            : 0

-- Total I/O Time (block device) --
 Total Block I/O Time           : 848

-- Page Faults & Bytes --
 Page Fault Count               : 8
 Read Bytes                     : 0
 Write Bytes                    : 0
 Block Read Bytes               : 98304
 Block Write Bytes              : 0
[===============================================]

[===============================================]
Result of node_idx 1 in node_object 0: Sigmoid (NC)

-- Elapsed Time Analysis --
 Wall-clock Time                      : 85 us
 - Non I/O Handling Time (Estimated)  : 85 us
 - I/O Handling Time                  : 0 us
        - Read Syscall                : 0 us
        - Write Syscall               : 0 us
        - Page Fault                  : 0 us
        - io_uring                    : 0 us

-- I/O Counts --
 Read Syscall Count                   : 0
 Write Syscall Count                  : 0
 Block I/O Count                      : 0
 io_uring Completion Count            : 0

-- Total I/O Time (block device) --
 Total Block I/O Time           : 0

-- Page Faults & Bytes --
 Page Fault Count               : 0
 Read Bytes                     : 0
 Write Bytes                    : 0
 Block Read Bytes               : 0
 Block Write Bytes              : 0
[===============================================]

[===============================================]
Result of node_idx 2 in node_object 0: Multiply (ND)

-- Elapsed Time Analysis --
 Wall-clock Time                      : 99 us
 - Non I/O Handling Time (Estimated)  : 99 us
 - I/O Handling Time                  : 0 us
        - Read Syscall                : 0 us
        - Write Syscall               : 0 us
        - Page Fault                  : 0 us
        - io_uring                    : 0 us

-- I/O Counts --
 Read Syscall Count                   : 0
 Write Syscall Count                  : 0
 Block I/O Count                      : 0
 io_uring Completion Count            : 0

-- Total I/O Time (block device) --
 Total Block I/O Time           : 0

-- Page Faults & Bytes --
 Page Fault Count               : 0
 Read Bytes                     : 0
 Write Bytes                    : 0
 Block Read Bytes               : 0
 Block Write Bytes              : 0
[===============================================]

[===============================================]
Result of node_idx 3 in node_object 0: Fully Connected (NC, QDU8, F32, QC8W)

-- Elapsed Time Analysis --
 Wall-clock Time                      : 1478 us
 - Non I/O Handling Time (Estimated)  : 118 us
 - I/O Handling Time                  : 1360 us
        - Read Syscall                : 0 us
        - Write Syscall               : 0 us
        - Page Fault                  : 1360 us
        - io_uring                    : 0 us

-- I/O Counts --
 Read Syscall Count                   : 0
 Write Syscall Count                  : 0
 Block I/O Count                      : 2
 io_uring Completion Count            : 0

-- Total I/O Time (block device) --
 Total Block I/O Time           : 493

-- Page Faults & Bytes --
 Page Fault Count               : 11
 Read Bytes                     : 0
 Write Bytes                    : 0
 Block Read Bytes               : 16384
 Block Write Bytes              : 0
[===============================================]

[===============================================]
Result of node_idx 4 in node_object 0: Multiply (ND)

-- Elapsed Time Analysis --
 Wall-clock Time                      : 18 us
 - Non I/O Handling Time (Estimated)  : 18 us
 - I/O Handling Time                  : 0 us
        - Read Syscall                : 0 us
        - Write Syscall               : 0 us
        - Page Fault                  : 0 us
        - io_uring                    : 0 us

-- I/O Counts --
 Read Syscall Count                   : 0
 Write Syscall Count                  : 0
 Block I/O Count                      : 0
 io_uring Completion Count            : 0

-- Total I/O Time (block device) --
 Total Block I/O Time           : 0

-- Page Faults & Bytes --
 Page Fault Count               : 0
 Read Bytes                     : 0
 Write Bytes                    : 0
 Block Read Bytes               : 0
 Block Write Bytes              : 0
[===============================================]

[===============================================]
Result of node_idx 5 in node_object 0: Fully Connected (NC, QDU8, F32, QC8W)

-- Elapsed Time Analysis --
 Wall-clock Time                      : 762 us
 - Non I/O Handling Time (Estimated)  : 125 us
 - I/O Handling Time                  : 637 us
        - Read Syscall                : 0 us
        - Write Syscall               : 0 us
        - Page Fault                  : 637 us
        - io_uring                    : 0 us

-- I/O Counts --
 Read Syscall Count                   : 0
 Write Syscall Count                  : 0
 Block I/O Count                      : 1
 io_uring Completion Count            : 0

-- Total I/O Time (block device) --
 Total Block I/O Time           : 943

-- Page Faults & Bytes --
 Page Fault Count               : 5
 Read Bytes                     : 0
 Write Bytes                    : 0
 Block Read Bytes               : 262144
 Block Write Bytes              : 0
[===============================================]

[===============================================]
Result of node_idx 6 in node_object 0: Add (ND)

-- Elapsed Time Analysis --
 Wall-clock Time                      : 22 us
 - Non I/O Handling Time (Estimated)  : 22 us
 - I/O Handling Time                  : 0 us
        - Read Syscall                : 0 us
        - Write Syscall               : 0 us
        - Page Fault                  : 0 us
        - io_uring                    : 0 us

-- I/O Counts --
 Read Syscall Count                   : 0
 Write Syscall Count                  : 0
 Block I/O Count                      : 0
 io_uring Completion Count            : 0

-- Total I/O Time (block device) --
 Total Block I/O Time           : 0

-- Page Faults & Bytes --
 Page Fault Count               : 0
 Read Bytes                     : 0
 Write Bytes                    : 0
 Block Read Bytes               : 0
 Block Write Bytes              : 0
[===============================================]

[===============================================]
Result of node_idx 0 in node_object 0: Multiply (ND)

-- Elapsed Time Analysis --
 Wall-clock Time                      : 11 us
 - Non I/O Handling Time (Estimated)  : 11 us
 - I/O Handling Time                  : 0 us
        - Read Syscall                : 0 us
        - Write Syscall               : 0 us
        - Page Fault                  : 0 us
        - io_uring                    : 0 us

-- I/O Counts --
 Read Syscall Count                   : 0
 Write Syscall Count                  : 0
 Block I/O Count                      : 0
 io_uring Completion Count            : 0

-- Total I/O Time (block device) --
 Total Block I/O Time           : 0

-- Page Faults & Bytes --
 Page Fault Count               : 0
 Read Bytes                     : 0
 Write Bytes                    : 0
 Block Read Bytes               : 0
 Block Write Bytes              : 0
[===============================================]

[===============================================]
Result of node_idx 1 in node_object 0: Sum (ND)

-- Elapsed Time Analysis --
 Wall-clock Time                      : 7 us
 - Non I/O Handling Time (Estimated)  : 7 us
 - I/O Handling Time                  : 0 us
        - Read Syscall                : 0 us
        - Write Syscall               : 0 us
        - Page Fault                  : 0 us
        - io_uring                    : 0 us

-- I/O Counts --
 Read Syscall Count                   : 0
 Write Syscall Count                  : 0
 Block I/O Count                      : 0
 io_uring Completion Count            : 0

-- Total I/O Time (block device) --
 Total Block I/O Time           : 0

-- Page Faults & Bytes --
 Page Fault Count               : 0
 Read Bytes                     : 0
 Write Bytes                    : 0
 Block Read Bytes               : 0
 Block Write Bytes              : 0
[===============================================]

[===============================================]
Result of node_idx 2 in node_object 0: Multiply (ND)

-- Elapsed Time Analysis --
 Wall-clock Time                      : 4 us
 - Non I/O Handling Time (Estimated)  : 4 us
 - I/O Handling Time                  : 0 us
        - Read Syscall                : 0 us
        - Write Syscall               : 0 us
        - Page Fault                  : 0 us
        - io_uring                    : 0 us

-- I/O Counts --
 Read Syscall Count                   : 0
 Write Syscall Count                  : 0
 Block I/O Count                      : 0
 io_uring Completion Count            : 0

-- Total I/O Time (block device) --
 Total Block I/O Time           : 0

-- Page Faults & Bytes --
 Page Fault Count               : 0
 Read Bytes                     : 0
 Write Bytes                    : 0
 Block Read Bytes               : 0
 Block Write Bytes              : 0
[===============================================]

[===============================================]
Result of node_idx 3 in node_object 0: Add (ND)

-- Elapsed Time Analysis --
 Wall-clock Time                      : 3 us
 - Non I/O Handling Time (Estimated)  : 3 us
 - I/O Handling Time                  : 0 us
        - Read Syscall                : 0 us
        - Write Syscall               : 0 us
        - Page Fault                  : 0 us
        - io_uring                    : 0 us

-- I/O Counts --
 Read Syscall Count                   : 0
 Write Syscall Count                  : 0
 Block I/O Count                      : 0
 io_uring Completion Count            : 0

-- Total I/O Time (block device) --
 Total Block I/O Time           : 0

-- Page Faults & Bytes --
 Page Fault Count               : 0
 Read Bytes                     : 0
 Write Bytes                    : 0
 Block Read Bytes               : 0
 Block Write Bytes              : 0
[===============================================]

[===============================================]
Result of node_idx 4 in node_object 0: Static Reshape (NC)

-- Elapsed Time Analysis --
 Wall-clock Time                      : 3 us
 - Non I/O Handling Time (Estimated)  : 3 us
 - I/O Handling Time                  : 0 us
        - Read Syscall                : 0 us
        - Write Syscall               : 0 us
        - Page Fault                  : 0 us
        - io_uring                    : 0 us

-- I/O Counts --
 Read Syscall Count                   : 0
 Write Syscall Count                  : 0
 Block I/O Count                      : 0
 io_uring Completion Count            : 0

-- Total I/O Time (block device) --
 Total Block I/O Time           : 0

-- Page Faults & Bytes --
 Page Fault Count               : 0
 Read Bytes                     : 0
 Write Bytes                    : 0
 Block Read Bytes               : 0
 Block Write Bytes              : 0
[===============================================]

[===============================================]
Result of node_idx 5 in node_object 0: Reciprocal Square Root (NC)

-- Elapsed Time Analysis --
 Wall-clock Time                      : 3 us
 - Non I/O Handling Time (Estimated)  : 3 us
 - I/O Handling Time                  : 0 us
        - Read Syscall                : 0 us
        - Write Syscall               : 0 us
        - Page Fault                  : 0 us
        - io_uring                    : 0 us

-- I/O Counts --
 Read Syscall Count                   : 0
 Write Syscall Count                  : 0
 Block I/O Count                      : 0
 io_uring Completion Count            : 0

-- Total I/O Time (block device) --
 Total Block I/O Time           : 0

-- Page Faults & Bytes --
 Page Fault Count               : 0
 Read Bytes                     : 0
 Write Bytes                    : 0
 Block Read Bytes               : 0
 Block Write Bytes              : 0
[===============================================]

[===============================================]
Result of node_idx 6 in node_object 0: Multiply (ND)

-- Elapsed Time Analysis --
 Wall-clock Time                      : 5 us
 - Non I/O Handling Time (Estimated)  : 5 us
 - I/O Handling Time                  : 0 us
        - Read Syscall                : 0 us
        - Write Syscall               : 0 us
        - Page Fault                  : 0 us
        - io_uring                    : 0 us

-- I/O Counts --
 Read Syscall Count                   : 0
 Write Syscall Count                  : 0
 Block I/O Count                      : 0
 io_uring Completion Count            : 0

-- Total I/O Time (block device) --
 Total Block I/O Time           : 0

-- Page Faults & Bytes --
 Page Fault Count               : 0
 Read Bytes                     : 0
 Write Bytes                    : 0
 Block Read Bytes               : 0
 Block Write Bytes              : 0
[===============================================]

[===============================================]
Result of node_idx 7 in node_object 0: Multiply (ND)

-- Elapsed Time Analysis --
 Wall-clock Time                      : 5 us
 - Non I/O Handling Time (Estimated)  : 5 us
 - I/O Handling Time                  : 0 us
        - Read Syscall                : 0 us
        - Write Syscall               : 0 us
        - Page Fault                  : 0 us
        - io_uring                    : 0 us

-- I/O Counts --
 Read Syscall Count                   : 0
 Write Syscall Count                  : 0
 Block I/O Count                      : 0
 io_uring Completion Count            : 0

-- Total I/O Time (block device) --
 Total Block I/O Time           : 0

-- Page Faults & Bytes --
 Page Fault Count               : 0
 Read Bytes                     : 0
 Write Bytes                    : 0
 Block Read Bytes               : 0
 Block Write Bytes              : 0
[===============================================]

[===============================================]
Result of node_idx 0 in node_object 0: Fully Connected (NC, QDU8, F32, QC8W)

-- Elapsed Time Analysis --
 Wall-clock Time                      : 908 us
 - Non I/O Handling Time (Estimated)  : 300 us
 - I/O Handling Time                  : 608 us
        - Read Syscall                : 0 us
        - Write Syscall               : 0 us
        - Page Fault                  : 608 us
        - io_uring                    : 0 us

-- I/O Counts --
 Read Syscall Count                   : 0
 Write Syscall Count                  : 0
 Block I/O Count                      : 0
 io_uring Completion Count            : 0

-- Total I/O Time (block device) --
 Total Block I/O Time           : 0

-- Page Faults & Bytes --
 Page Fault Count               : 6
 Read Bytes                     : 0
 Write Bytes                    : 0
 Block Read Bytes               : 0
 Block Write Bytes              : 0
[===============================================]

[===============================================]
Result of node_idx 1 in node_object 0: Static Reshape (NC)

-- Elapsed Time Analysis --
 Wall-clock Time                      : 85 us
 - Non I/O Handling Time (Estimated)  : 85 us
 - I/O Handling Time                  : 0 us
        - Read Syscall                : 0 us
        - Write Syscall               : 0 us
        - Page Fault                  : 0 us
        - io_uring                    : 0 us

-- I/O Counts --
 Read Syscall Count                   : 0
 Write Syscall Count                  : 0
 Block I/O Count                      : 0
 io_uring Completion Count            : 0

-- Total I/O Time (block device) --
 Total Block I/O Time           : 0

-- Page Faults & Bytes --
 Page Fault Count               : 0
 Read Bytes                     : 0
 Write Bytes                    : 0
 Block Read Bytes               : 0
 Block Write Bytes              : 0
[===============================================]

[===============================================]
Result of node_idx 2 in node_object 0: Slice (ND, X32)

-- Elapsed Time Analysis --
 Wall-clock Time                      : 95 us
 - Non I/O Handling Time (Estimated)  : 95 us
 - I/O Handling Time                  : 0 us
        - Read Syscall                : 0 us
        - Write Syscall               : 0 us
        - Page Fault                  : 0 us
        - io_uring                    : 0 us

-- I/O Counts --
 Read Syscall Count                   : 0
 Write Syscall Count                  : 0
 Block I/O Count                      : 0
 io_uring Completion Count            : 0

-- Total I/O Time (block device) --
 Total Block I/O Time           : 0

-- Page Faults & Bytes --
 Page Fault Count               : 0
 Read Bytes                     : 0
 Write Bytes                    : 0
 Block Read Bytes               : 0
 Block Write Bytes              : 0
[===============================================]

[===============================================]
Result of node_idx 3 in node_object 0: Slice (ND, X32)

-- Elapsed Time Analysis --
 Wall-clock Time                      : 18 us
 - Non I/O Handling Time (Estimated)  : 18 us
 - I/O Handling Time                  : 0 us
        - Read Syscall                : 0 us
        - Write Syscall               : 0 us
        - Page Fault                  : 0 us
        - io_uring                    : 0 us

-- I/O Counts --
 Read Syscall Count                   : 0
 Write Syscall Count                  : 0
 Block I/O Count                      : 0
 io_uring Completion Count            : 0

-- Total I/O Time (block device) --
 Total Block I/O Time           : 0

-- Page Faults & Bytes --
 Page Fault Count               : 0
 Read Bytes                     : 0
 Write Bytes                    : 0
 Block Read Bytes               : 0
 Block Write Bytes              : 0
[===============================================]

[===============================================]
Result of node_idx 4 in node_object 0: Slice (ND, X32)

-- Elapsed Time Analysis --
 Wall-clock Time                      : 7 us
 - Non I/O Handling Time (Estimated)  : 7 us
 - I/O Handling Time                  : 0 us
        - Read Syscall                : 0 us
        - Write Syscall               : 0 us
        - Page Fault                  : 0 us
        - io_uring                    : 0 us

-- I/O Counts --
 Read Syscall Count                   : 0
 Write Syscall Count                  : 0
 Block I/O Count                      : 0
 io_uring Completion Count            : 0

-- Total I/O Time (block device) --
 Total Block I/O Time           : 0

-- Page Faults & Bytes --
 Page Fault Count               : 0
 Read Bytes                     : 0
 Write Bytes                    : 0
 Block Read Bytes               : 0
 Block Write Bytes              : 0
[===============================================]

[===============================================]
Result of node_idx 5 in node_object 0: Static Reshape (NC)

-- Elapsed Time Analysis --
 Wall-clock Time                      : 4 us
 - Non I/O Handling Time (Estimated)  : 4 us
 - I/O Handling Time                  : 0 us
        - Read Syscall                : 0 us
        - Write Syscall               : 0 us
        - Page Fault                  : 0 us
        - io_uring                    : 0 us

-- I/O Counts --
 Read Syscall Count                   : 0
 Write Syscall Count                  : 0
 Block I/O Count                      : 0
 io_uring Completion Count            : 0

-- Total I/O Time (block device) --
 Total Block I/O Time           : 0

-- Page Faults & Bytes --
 Page Fault Count               : 0
 Read Bytes                     : 0
 Write Bytes                    : 0
 Block Read Bytes               : 0
 Block Write Bytes              : 0
[===============================================]

[===============================================]
Result of node_idx 6 in node_object 0: Transpose (ND, X32)

-- Elapsed Time Analysis --
 Wall-clock Time                      : 5 us
 - Non I/O Handling Time (Estimated)  : 5 us
 - I/O Handling Time                  : 0 us
        - Read Syscall                : 0 us
        - Write Syscall               : 0 us
        - Page Fault                  : 0 us
        - io_uring                    : 0 us

-- I/O Counts --
 Read Syscall Count                   : 0
 Write Syscall Count                  : 0
 Block I/O Count                      : 0
 io_uring Completion Count            : 0

-- Total I/O Time (block device) --
 Total Block I/O Time           : 0

-- Page Faults & Bytes --
 Page Fault Count               : 0
 Read Bytes                     : 0
 Write Bytes                    : 0
 Block Read Bytes               : 0
 Block Write Bytes              : 0
[===============================================]

[===============================================]
Result of node_idx 7 in node_object 0: Slice (ND, X32)

-- Elapsed Time Analysis --
 Wall-clock Time                      : 7 us
 - Non I/O Handling Time (Estimated)  : 7 us
 - I/O Handling Time                  : 0 us
        - Read Syscall                : 0 us
        - Write Syscall               : 0 us
        - Page Fault                  : 0 us
        - io_uring                    : 0 us

-- I/O Counts --
 Read Syscall Count                   : 0
 Write Syscall Count                  : 0
 Block I/O Count                      : 0
 io_uring Completion Count            : 0

-- Total I/O Time (block device) --
 Total Block I/O Time           : 0

-- Page Faults & Bytes --
 Page Fault Count               : 0
 Read Bytes                     : 0
 Write Bytes                    : 0
 Block Read Bytes               : 0
 Block Write Bytes              : 0
[===============================================]

[===============================================]
Result of node_idx 8 in node_object 0: Slice (ND, X32)

-- Elapsed Time Analysis --
 Wall-clock Time                      : 8 us
 - Non I/O Handling Time (Estimated)  : 8 us
 - I/O Handling Time                  : 0 us
        - Read Syscall                : 0 us
        - Write Syscall               : 0 us
        - Page Fault                  : 0 us
        - io_uring                    : 0 us

-- I/O Counts --
 Read Syscall Count                   : 0
 Write Syscall Count                  : 0
 Block I/O Count                      : 0
 io_uring Completion Count            : 0

-- Total I/O Time (block device) --
 Total Block I/O Time           : 0

-- Page Faults & Bytes --
 Page Fault Count               : 0
 Read Bytes                     : 0
 Write Bytes                    : 0
 Block Read Bytes               : 0
 Block Write Bytes              : 0
[===============================================]

[===============================================]
Result of node_idx 9 in node_object 0: Multiply (ND)

-- Elapsed Time Analysis --
 Wall-clock Time                      : 5 us
 - Non I/O Handling Time (Estimated)  : 5 us
 - I/O Handling Time                  : 0 us
        - Read Syscall                : 0 us
        - Write Syscall               : 0 us
        - Page Fault                  : 0 us
        - io_uring                    : 0 us

-- I/O Counts --
 Read Syscall Count                   : 0
 Write Syscall Count                  : 0
 Block I/O Count                      : 0
 io_uring Completion Count            : 0

-- Total I/O Time (block device) --
 Total Block I/O Time           : 0

-- Page Faults & Bytes --
 Page Fault Count               : 0
 Read Bytes                     : 0
 Write Bytes                    : 0
 Block Read Bytes               : 0
 Block Write Bytes              : 0
[===============================================]

[===============================================]
Result of node_idx 10 in node_object 0: Multiply (ND)

-- Elapsed Time Analysis --
 Wall-clock Time                      : 5 us
 - Non I/O Handling Time (Estimated)  : 5 us
 - I/O Handling Time                  : 0 us
        - Read Syscall                : 0 us
        - Write Syscall               : 0 us
        - Page Fault                  : 0 us
        - io_uring                    : 0 us

-- I/O Counts --
 Read Syscall Count                   : 0
 Write Syscall Count                  : 0
 Block I/O Count                      : 0
 io_uring Completion Count            : 0

-- Total I/O Time (block device) --
 Total Block I/O Time           : 0

-- Page Faults & Bytes --
 Page Fault Count               : 0
 Read Bytes                     : 0
 Write Bytes                    : 0
 Block Read Bytes               : 0
 Block Write Bytes              : 0
[===============================================]

[===============================================]
Result of node_idx 11 in node_object 0: Subtract (ND)

-- Elapsed Time Analysis --
 Wall-clock Time                      : 6 us
 - Non I/O Handling Time (Estimated)  : 6 us
 - I/O Handling Time                  : 0 us
        - Read Syscall                : 0 us
        - Write Syscall               : 0 us
        - Page Fault                  : 0 us
        - io_uring                    : 0 us

-- I/O Counts --
 Read Syscall Count                   : 0
 Write Syscall Count                  : 0
 Block I/O Count                      : 0
 io_uring Completion Count            : 0

-- Total I/O Time (block device) --
 Total Block I/O Time           : 0

-- Page Faults & Bytes --
 Page Fault Count               : 0
 Read Bytes                     : 0
 Write Bytes                    : 0
 Block Read Bytes               : 0
 Block Write Bytes              : 0
[===============================================]

[===============================================]
Result of node_idx 12 in node_object 0: Multiply (ND)

-- Elapsed Time Analysis --
 Wall-clock Time                      : 5 us
 - Non I/O Handling Time (Estimated)  : 5 us
 - I/O Handling Time                  : 0 us
        - Read Syscall                : 0 us
        - Write Syscall               : 0 us
        - Page Fault                  : 0 us
        - io_uring                    : 0 us

-- I/O Counts --
 Read Syscall Count                   : 0
 Write Syscall Count                  : 0
 Block I/O Count                      : 0
 io_uring Completion Count            : 0

-- Total I/O Time (block device) --
 Total Block I/O Time           : 0

-- Page Faults & Bytes --
 Page Fault Count               : 0
 Read Bytes                     : 0
 Write Bytes                    : 0
 Block Read Bytes               : 0
 Block Write Bytes              : 0
[===============================================]

[===============================================]
Result of node_idx 13 in node_object 0: Multiply (ND)

-- Elapsed Time Analysis --
 Wall-clock Time                      : 5 us
 - Non I/O Handling Time (Estimated)  : 5 us
 - I/O Handling Time                  : 0 us
        - Read Syscall                : 0 us
        - Write Syscall               : 0 us
        - Page Fault                  : 0 us
        - io_uring                    : 0 us

-- I/O Counts --
 Read Syscall Count                   : 0
 Write Syscall Count                  : 0
 Block I/O Count                      : 0
 io_uring Completion Count            : 0

-- Total I/O Time (block device) --
 Total Block I/O Time           : 0

-- Page Faults & Bytes --
 Page Fault Count               : 0
 Read Bytes                     : 0
 Write Bytes                    : 0
 Block Read Bytes               : 0
 Block Write Bytes              : 0
[===============================================]

[===============================================]
Result of node_idx 14 in node_object 0: Add (ND)

-- Elapsed Time Analysis --
 Wall-clock Time                      : 6 us
 - Non I/O Handling Time (Estimated)  : 6 us
 - I/O Handling Time                  : 0 us
        - Read Syscall                : 0 us
        - Write Syscall               : 0 us
        - Page Fault                  : 0 us
        - io_uring                    : 0 us

-- I/O Counts --
 Read Syscall Count                   : 0
 Write Syscall Count                  : 0
 Block I/O Count                      : 0
 io_uring Completion Count            : 0

-- Total I/O Time (block device) --
 Total Block I/O Time           : 0

-- Page Faults & Bytes --
 Page Fault Count               : 0
 Read Bytes                     : 0
 Write Bytes                    : 0
 Block Read Bytes               : 0
 Block Write Bytes              : 0
[===============================================]

[===============================================]
Result of node_idx 15 in node_object 0: Copy (NC, X32)

-- Elapsed Time Analysis --
 Wall-clock Time                      : 5 us
 - Non I/O Handling Time (Estimated)  : 5 us
 - I/O Handling Time                  : 0 us
        - Read Syscall                : 0 us
        - Write Syscall               : 0 us
        - Page Fault                  : 0 us
        - io_uring                    : 0 us

-- I/O Counts --
 Read Syscall Count                   : 0
 Write Syscall Count                  : 0
 Block I/O Count                      : 0
 io_uring Completion Count            : 0

-- Total I/O Time (block device) --
 Total Block I/O Time           : 0

-- Page Faults & Bytes --
 Page Fault Count               : 0
 Read Bytes                     : 0
 Write Bytes                    : 0
 Block Read Bytes               : 0
 Block Write Bytes              : 0
[===============================================]

[===============================================]
Result of node_idx 15 in node_object 1: Copy (NC, X32)

-- Elapsed Time Analysis --
 Wall-clock Time                      : 5 us
 - Non I/O Handling Time (Estimated)  : 5 us
 - I/O Handling Time                  : 0 us
        - Read Syscall                : 0 us
        - Write Syscall               : 0 us
        - Page Fault                  : 0 us
        - io_uring                    : 0 us

-- I/O Counts --
 Read Syscall Count                   : 0
 Write Syscall Count                  : 0
 Block I/O Count                      : 0
 io_uring Completion Count            : 0

-- Total I/O Time (block device) --
 Total Block I/O Time           : 0

-- Page Faults & Bytes --
 Page Fault Count               : 0
 Read Bytes                     : 0
 Write Bytes                    : 0
 Block Read Bytes               : 0
 Block Write Bytes              : 0
[===============================================]

[===============================================]
Result of node_idx 16 in node_object 0: Transpose (ND, X32)

-- Elapsed Time Analysis --
 Wall-clock Time                      : 6 us
 - Non I/O Handling Time (Estimated)  : 6 us
 - I/O Handling Time                  : 0 us
        - Read Syscall                : 0 us
        - Write Syscall               : 0 us
        - Page Fault                  : 0 us
        - io_uring                    : 0 us

-- I/O Counts --
 Read Syscall Count                   : 0
 Write Syscall Count                  : 0
 Block I/O Count                      : 0
 io_uring Completion Count            : 0

-- Total I/O Time (block device) --
 Total Block I/O Time           : 0

-- Page Faults & Bytes --
 Page Fault Count               : 0
 Read Bytes                     : 0
 Write Bytes                    : 0
 Block Read Bytes               : 0
 Block Write Bytes              : 0
[===============================================]

[===============================================]
Result of node_idx 17 in node_object 0: Transpose (ND, X32)

-- Elapsed Time Analysis --
 Wall-clock Time                      : 4 us
 - Non I/O Handling Time (Estimated)  : 4 us
 - I/O Handling Time                  : 0 us
        - Read Syscall                : 0 us
        - Write Syscall               : 0 us
        - Page Fault                  : 0 us
        - io_uring                    : 0 us

-- I/O Counts --
 Read Syscall Count                   : 0
 Write Syscall Count                  : 0
 Block I/O Count                      : 0
 io_uring Completion Count            : 0

-- Total I/O Time (block device) --
 Total Block I/O Time           : 0

-- Page Faults & Bytes --
 Page Fault Count               : 0
 Read Bytes                     : 0
 Write Bytes                    : 0
 Block Read Bytes               : 0
 Block Write Bytes              : 0
[===============================================]

[===============================================]
Result of node_idx 18 in node_object 0: Slice (ND, X32)

-- Elapsed Time Analysis --
 Wall-clock Time                      : 7 us
 - Non I/O Handling Time (Estimated)  : 7 us
 - I/O Handling Time                  : 0 us
        - Read Syscall                : 0 us
        - Write Syscall               : 0 us
        - Page Fault                  : 0 us
        - io_uring                    : 0 us

-- I/O Counts --
 Read Syscall Count                   : 0
 Write Syscall Count                  : 0
 Block I/O Count                      : 0
 io_uring Completion Count            : 0

-- Total I/O Time (block device) --
 Total Block I/O Time           : 0

-- Page Faults & Bytes --
 Page Fault Count               : 0
 Read Bytes                     : 0
 Write Bytes                    : 0
 Block Read Bytes               : 0
 Block Write Bytes              : 0
[===============================================]

[===============================================]
Result of node_idx 19 in node_object 0: Slice (ND, X32)

-- Elapsed Time Analysis --
 Wall-clock Time                      : 7 us
 - Non I/O Handling Time (Estimated)  : 7 us
 - I/O Handling Time                  : 0 us
        - Read Syscall                : 0 us
        - Write Syscall               : 0 us
        - Page Fault                  : 0 us
        - io_uring                    : 0 us

-- I/O Counts --
 Read Syscall Count                   : 0
 Write Syscall Count                  : 0
 Block I/O Count                      : 0
 io_uring Completion Count            : 0

-- Total I/O Time (block device) --
 Total Block I/O Time           : 0

-- Page Faults & Bytes --
 Page Fault Count               : 0
 Read Bytes                     : 0
 Write Bytes                    : 0
 Block Read Bytes               : 0
 Block Write Bytes              : 0
[===============================================]

[===============================================]
Result of node_idx 20 in node_object 0: Multiply (ND)

-- Elapsed Time Analysis --
 Wall-clock Time                      : 6 us
 - Non I/O Handling Time (Estimated)  : 6 us
 - I/O Handling Time                  : 0 us
        - Read Syscall                : 0 us
        - Write Syscall               : 0 us
        - Page Fault                  : 0 us
        - io_uring                    : 0 us

-- I/O Counts --
 Read Syscall Count                   : 0
 Write Syscall Count                  : 0
 Block I/O Count                      : 0
 io_uring Completion Count            : 0

-- Total I/O Time (block device) --
 Total Block I/O Time           : 0

-- Page Faults & Bytes --
 Page Fault Count               : 0
 Read Bytes                     : 0
 Write Bytes                    : 0
 Block Read Bytes               : 0
 Block Write Bytes              : 0
[===============================================]

[===============================================]
Result of node_idx 21 in node_object 0: Multiply (ND)

-- Elapsed Time Analysis --
 Wall-clock Time                      : 5 us
 - Non I/O Handling Time (Estimated)  : 5 us
 - I/O Handling Time                  : 0 us
        - Read Syscall                : 0 us
        - Write Syscall               : 0 us
        - Page Fault                  : 0 us
        - io_uring                    : 0 us

-- I/O Counts --
 Read Syscall Count                   : 0
 Write Syscall Count                  : 0
 Block I/O Count                      : 0
 io_uring Completion Count            : 0

-- Total I/O Time (block device) --
 Total Block I/O Time           : 0

-- Page Faults & Bytes --
 Page Fault Count               : 0
 Read Bytes                     : 0
 Write Bytes                    : 0
 Block Read Bytes               : 0
 Block Write Bytes              : 0
[===============================================]

[===============================================]
Result of node_idx 22 in node_object 0: Subtract (ND)

-- Elapsed Time Analysis --
 Wall-clock Time                      : 6 us
 - Non I/O Handling Time (Estimated)  : 6 us
 - I/O Handling Time                  : 0 us
        - Read Syscall                : 0 us
        - Write Syscall               : 0 us
        - Page Fault                  : 0 us
        - io_uring                    : 0 us

-- I/O Counts --
 Read Syscall Count                   : 0
 Write Syscall Count                  : 0
 Block I/O Count                      : 0
 io_uring Completion Count            : 0

-- Total I/O Time (block device) --
 Total Block I/O Time           : 0

-- Page Faults & Bytes --
 Page Fault Count               : 0
 Read Bytes                     : 0
 Write Bytes                    : 0
 Block Read Bytes               : 0
 Block Write Bytes              : 0
[===============================================]

[===============================================]
Result of node_idx 23 in node_object 0: Multiply (ND)

-- Elapsed Time Analysis --
 Wall-clock Time                      : 5 us
 - Non I/O Handling Time (Estimated)  : 5 us
 - I/O Handling Time                  : 0 us
        - Read Syscall                : 0 us
        - Write Syscall               : 0 us
        - Page Fault                  : 0 us
        - io_uring                    : 0 us

-- I/O Counts --
 Read Syscall Count                   : 0
 Write Syscall Count                  : 0
 Block I/O Count                      : 0
 io_uring Completion Count            : 0

-- Total I/O Time (block device) --
 Total Block I/O Time           : 0

-- Page Faults & Bytes --
 Page Fault Count               : 0
 Read Bytes                     : 0
 Write Bytes                    : 0
 Block Read Bytes               : 0
 Block Write Bytes              : 0
[===============================================]

[===============================================]
Result of node_idx 24 in node_object 0: Multiply (ND)

-- Elapsed Time Analysis --
 Wall-clock Time                      : 8 us
 - Non I/O Handling Time (Estimated)  : 8 us
 - I/O Handling Time                  : 0 us
        - Read Syscall                : 0 us
        - Write Syscall               : 0 us
        - Page Fault                  : 0 us
        - io_uring                    : 0 us

-- I/O Counts --
 Read Syscall Count                   : 0
 Write Syscall Count                  : 0
 Block I/O Count                      : 0
 io_uring Completion Count            : 0

-- Total I/O Time (block device) --
 Total Block I/O Time           : 0

-- Page Faults & Bytes --
 Page Fault Count               : 0
 Read Bytes                     : 0
 Write Bytes                    : 0
 Block Read Bytes               : 0
 Block Write Bytes              : 0
[===============================================]

[===============================================]
Result of node_idx 25 in node_object 0: Add (ND)

-- Elapsed Time Analysis --
 Wall-clock Time                      : 6 us
 - Non I/O Handling Time (Estimated)  : 6 us
 - I/O Handling Time                  : 0 us
        - Read Syscall                : 0 us
        - Write Syscall               : 0 us
        - Page Fault                  : 0 us
        - io_uring                    : 0 us

-- I/O Counts --
 Read Syscall Count                   : 0
 Write Syscall Count                  : 0
 Block I/O Count                      : 0
 io_uring Completion Count            : 0

-- Total I/O Time (block device) --
 Total Block I/O Time           : 0

-- Page Faults & Bytes --
 Page Fault Count               : 0
 Read Bytes                     : 0
 Write Bytes                    : 0
 Block Read Bytes               : 0
 Block Write Bytes              : 0
[===============================================]

[===============================================]
Result of node_idx 26 in node_object 0: Copy (NC, X32)

-- Elapsed Time Analysis --
 Wall-clock Time                      : 5 us
 - Non I/O Handling Time (Estimated)  : 5 us
 - I/O Handling Time                  : 0 us
        - Read Syscall                : 0 us
        - Write Syscall               : 0 us
        - Page Fault                  : 0 us
        - io_uring                    : 0 us

-- I/O Counts --
 Read Syscall Count                   : 0
 Write Syscall Count                  : 0
 Block I/O Count                      : 0
 io_uring Completion Count            : 0

-- Total I/O Time (block device) --
 Total Block I/O Time           : 0

-- Page Faults & Bytes --
 Page Fault Count               : 0
 Read Bytes                     : 0
 Write Bytes                    : 0
 Block Read Bytes               : 0
 Block Write Bytes              : 0
[===============================================]

[===============================================]
Result of node_idx 26 in node_object 1: Copy (NC, X32)

-- Elapsed Time Analysis --
 Wall-clock Time                      : 5 us
 - Non I/O Handling Time (Estimated)  : 5 us
 - I/O Handling Time                  : 0 us
        - Read Syscall                : 0 us
        - Write Syscall               : 0 us
        - Page Fault                  : 0 us
        - io_uring                    : 0 us

-- I/O Counts --
 Read Syscall Count                   : 0
 Write Syscall Count                  : 0
 Block I/O Count                      : 0
 io_uring Completion Count            : 0

-- Total I/O Time (block device) --
 Total Block I/O Time           : 0

-- Page Faults & Bytes --
 Page Fault Count               : 0
 Read Bytes                     : 0
 Write Bytes                    : 0
 Block Read Bytes               : 0
 Block Write Bytes              : 0
[===============================================]

[===============================================]
Result of node_idx 27 in node_object 0: Transpose (ND, X32)

-- Elapsed Time Analysis --
 Wall-clock Time                      : 4 us
 - Non I/O Handling Time (Estimated)  : 4 us
 - I/O Handling Time                  : 0 us
        - Read Syscall                : 0 us
        - Write Syscall               : 0 us
        - Page Fault                  : 0 us
        - io_uring                    : 0 us

-- I/O Counts --
 Read Syscall Count                   : 0
 Write Syscall Count                  : 0
 Block I/O Count                      : 0
 io_uring Completion Count            : 0

-- Total I/O Time (block device) --
 Total Block I/O Time           : 0

-- Page Faults & Bytes --
 Page Fault Count               : 0
 Read Bytes                     : 0
 Write Bytes                    : 0
 Block Read Bytes               : 0
 Block Write Bytes              : 0
[===============================================]

[===============================================]
Result of node_idx 0 in node_object 0: Multiply (ND)

-- Elapsed Time Analysis --
 Wall-clock Time                      : 5 us
 - Non I/O Handling Time (Estimated)  : 5 us
 - I/O Handling Time                  : 0 us
        - Read Syscall                : 0 us
        - Write Syscall               : 0 us
        - Page Fault                  : 0 us
        - io_uring                    : 0 us

-- I/O Counts --
 Read Syscall Count                   : 0
 Write Syscall Count                  : 0
 Block I/O Count                      : 0
 io_uring Completion Count            : 0

-- Total I/O Time (block device) --
 Total Block I/O Time           : 0

-- Page Faults & Bytes --
 Page Fault Count               : 0
 Read Bytes                     : 0
 Write Bytes                    : 0
 Block Read Bytes               : 0
 Block Write Bytes              : 0
[===============================================]

[===============================================]
Result of node_idx 1 in node_object 0: Transpose (ND, X32)

-- Elapsed Time Analysis --
 Wall-clock Time                      : 4 us
 - Non I/O Handling Time (Estimated)  : 4 us
 - I/O Handling Time                  : 0 us
        - Read Syscall                : 0 us
        - Write Syscall               : 0 us
        - Page Fault                  : 0 us
        - io_uring                    : 0 us

-- I/O Counts --
 Read Syscall Count                   : 0
 Write Syscall Count                  : 0
 Block I/O Count                      : 0
 io_uring Completion Count            : 0

-- Total I/O Time (block device) --
 Total Block I/O Time           : 0

-- Page Faults & Bytes --
 Page Fault Count               : 0
 Read Bytes                     : 0
 Write Bytes                    : 0
 Block Read Bytes               : 0
 Block Write Bytes              : 0
[===============================================]

[===============================================]
Result of node_idx 2 in node_object 0: Transpose (ND, X32)

-- Elapsed Time Analysis --
 Wall-clock Time                      : 31 us
 - Non I/O Handling Time (Estimated)  : 31 us
 - I/O Handling Time                  : 0 us
        - Read Syscall                : 0 us
        - Write Syscall               : 0 us
        - Page Fault                  : 0 us
        - io_uring                    : 0 us

-- I/O Counts --
 Read Syscall Count                   : 0
 Write Syscall Count                  : 0
 Block I/O Count                      : 0
 io_uring Completion Count            : 0

-- Total I/O Time (block device) --
 Total Block I/O Time           : 0

-- Page Faults & Bytes --
 Page Fault Count               : 0
 Read Bytes                     : 0
 Write Bytes                    : 0
 Block Read Bytes               : 0
 Block Write Bytes              : 0
[===============================================]

[===============================================]
Result of node_idx 3 in node_object 0: Static Reshape (NC)

-- Elapsed Time Analysis --
 Wall-clock Time                      : 3 us
 - Non I/O Handling Time (Estimated)  : 3 us
 - I/O Handling Time                  : 0 us
        - Read Syscall                : 0 us
        - Write Syscall               : 0 us
        - Page Fault                  : 0 us
        - io_uring                    : 0 us

-- I/O Counts --
 Read Syscall Count                   : 0
 Write Syscall Count                  : 0
 Block I/O Count                      : 0
 io_uring Completion Count            : 0

-- Total I/O Time (block device) --
 Total Block I/O Time           : 0

-- Page Faults & Bytes --
 Page Fault Count               : 0
 Read Bytes                     : 0
 Write Bytes                    : 0
 Block Read Bytes               : 0
 Block Write Bytes              : 0
[===============================================]

[===============================================]
Result of node_idx 4 in node_object 0: Static Reshape (NC)

-- Elapsed Time Analysis --
 Wall-clock Time                      : 3 us
 - Non I/O Handling Time (Estimated)  : 3 us
 - I/O Handling Time                  : 0 us
        - Read Syscall                : 0 us
        - Write Syscall               : 0 us
        - Page Fault                  : 0 us
        - io_uring                    : 0 us

-- I/O Counts --
 Read Syscall Count                   : 0
 Write Syscall Count                  : 0
 Block I/O Count                      : 0
 io_uring Completion Count            : 0

-- Total I/O Time (block device) --
 Total Block I/O Time           : 0

-- Page Faults & Bytes --
 Page Fault Count               : 0
 Read Bytes                     : 0
 Write Bytes                    : 0
 Block Read Bytes               : 0
 Block Write Bytes              : 0
[===============================================]

[===============================================]
Result of node_idx 5 in node_object 0: Batch Matrix Multiply (NC, F32)

-- Elapsed Time Analysis --
 Wall-clock Time                      : 66 us
 - Non I/O Handling Time (Estimated)  : 66 us
 - I/O Handling Time                  : 0 us
        - Read Syscall                : 0 us
        - Write Syscall               : 0 us
        - Page Fault                  : 0 us
        - io_uring                    : 0 us

-- I/O Counts --
 Read Syscall Count                   : 0
 Write Syscall Count                  : 0
 Block I/O Count                      : 0
 io_uring Completion Count            : 0

-- Total I/O Time (block device) --
 Total Block I/O Time           : 0

-- Page Faults & Bytes --
 Page Fault Count               : 0
 Read Bytes                     : 0
 Write Bytes                    : 0
 Block Read Bytes               : 0
 Block Write Bytes              : 0
[===============================================]

[===============================================]
Result of node_idx 6 in node_object 0: Static Reshape (NC)

-- Elapsed Time Analysis --
 Wall-clock Time                      : 3 us
 - Non I/O Handling Time (Estimated)  : 3 us
 - I/O Handling Time                  : 0 us
        - Read Syscall                : 0 us
        - Write Syscall               : 0 us
        - Page Fault                  : 0 us
        - io_uring                    : 0 us

-- I/O Counts --
 Read Syscall Count                   : 0
 Write Syscall Count                  : 0
 Block I/O Count                      : 0
 io_uring Completion Count            : 0

-- Total I/O Time (block device) --
 Total Block I/O Time           : 0

-- Page Faults & Bytes --
 Page Fault Count               : 0
 Read Bytes                     : 0
 Write Bytes                    : 0
 Block Read Bytes               : 0
 Block Write Bytes              : 0
[===============================================]

[===============================================]
Result of node_idx 7 in node_object 0: Add (ND)

-- Elapsed Time Analysis --
 Wall-clock Time                      : 8 us
 - Non I/O Handling Time (Estimated)  : 8 us
 - I/O Handling Time                  : 0 us
        - Read Syscall                : 0 us
        - Write Syscall               : 0 us
        - Page Fault                  : 0 us
        - io_uring                    : 0 us

-- I/O Counts --
 Read Syscall Count                   : 0
 Write Syscall Count                  : 0
 Block I/O Count                      : 0
 io_uring Completion Count            : 0

-- Total I/O Time (block device) --
 Total Block I/O Time           : 0

-- Page Faults & Bytes --
 Page Fault Count               : 0
 Read Bytes                     : 0
 Write Bytes                    : 0
 Block Read Bytes               : 0
 Block Write Bytes              : 0
[===============================================]

[===============================================]
Result of node_idx 8 in node_object 0: Softmax (NC, F32)

-- Elapsed Time Analysis --
 Wall-clock Time                      : 13 us
 - Non I/O Handling Time (Estimated)  : 13 us
 - I/O Handling Time                  : 0 us
        - Read Syscall                : 0 us
        - Write Syscall               : 0 us
        - Page Fault                  : 0 us
        - io_uring                    : 0 us

-- I/O Counts --
 Read Syscall Count                   : 0
 Write Syscall Count                  : 0
 Block I/O Count                      : 0
 io_uring Completion Count            : 0

-- Total I/O Time (block device) --
 Total Block I/O Time           : 0

-- Page Faults & Bytes --
 Page Fault Count               : 0
 Read Bytes                     : 0
 Write Bytes                    : 0
 Block Read Bytes               : 0
 Block Write Bytes              : 0
[===============================================]

[===============================================]
Result of node_idx 9 in node_object 0: Transpose (ND, X32)

-- Elapsed Time Analysis --
 Wall-clock Time                      : 33 us
 - Non I/O Handling Time (Estimated)  : 33 us
 - I/O Handling Time                  : 0 us
        - Read Syscall                : 0 us
        - Write Syscall               : 0 us
        - Page Fault                  : 0 us
        - io_uring                    : 0 us

-- I/O Counts --
 Read Syscall Count                   : 0
 Write Syscall Count                  : 0
 Block I/O Count                      : 0
 io_uring Completion Count            : 0

-- Total I/O Time (block device) --
 Total Block I/O Time           : 0

-- Page Faults & Bytes --
 Page Fault Count               : 0
 Read Bytes                     : 0
 Write Bytes                    : 0
 Block Read Bytes               : 0
 Block Write Bytes              : 0
[===============================================]

[===============================================]
Result of node_idx 10 in node_object 0: Static Reshape (NC)

-- Elapsed Time Analysis --
 Wall-clock Time                      : 3 us
 - Non I/O Handling Time (Estimated)  : 3 us
 - I/O Handling Time                  : 0 us
        - Read Syscall                : 0 us
        - Write Syscall               : 0 us
        - Page Fault                  : 0 us
        - io_uring                    : 0 us

-- I/O Counts --
 Read Syscall Count                   : 0
 Write Syscall Count                  : 0
 Block I/O Count                      : 0
 io_uring Completion Count            : 0

-- Total I/O Time (block device) --
 Total Block I/O Time           : 0

-- Page Faults & Bytes --
 Page Fault Count               : 0
 Read Bytes                     : 0
 Write Bytes                    : 0
 Block Read Bytes               : 0
 Block Write Bytes              : 0
[===============================================]

[===============================================]
Result of node_idx 11 in node_object 0: Static Reshape (NC)

-- Elapsed Time Analysis --
 Wall-clock Time                      : 3 us
 - Non I/O Handling Time (Estimated)  : 3 us
 - I/O Handling Time                  : 0 us
        - Read Syscall                : 0 us
        - Write Syscall               : 0 us
        - Page Fault                  : 0 us
        - io_uring                    : 0 us

-- I/O Counts --
 Read Syscall Count                   : 0
 Write Syscall Count                  : 0
 Block I/O Count                      : 0
 io_uring Completion Count            : 0

-- Total I/O Time (block device) --
 Total Block I/O Time           : 0

-- Page Faults & Bytes --
 Page Fault Count               : 0
 Read Bytes                     : 0
 Write Bytes                    : 0
 Block Read Bytes               : 0
 Block Write Bytes              : 0
[===============================================]

[===============================================]
Result of node_idx 12 in node_object 0: Batch Matrix Multiply (NC, F32)

-- Elapsed Time Analysis --
 Wall-clock Time                      : 55 us
 - Non I/O Handling Time (Estimated)  : 55 us
 - I/O Handling Time                  : 0 us
        - Read Syscall                : 0 us
        - Write Syscall               : 0 us
        - Page Fault                  : 0 us
        - io_uring                    : 0 us

-- I/O Counts --
 Read Syscall Count                   : 0
 Write Syscall Count                  : 0
 Block I/O Count                      : 0
 io_uring Completion Count            : 0

-- Total I/O Time (block device) --
 Total Block I/O Time           : 0

-- Page Faults & Bytes --
 Page Fault Count               : 0
 Read Bytes                     : 0
 Write Bytes                    : 0
 Block Read Bytes               : 0
 Block Write Bytes              : 0
[===============================================]

[===============================================]
Result of node_idx 13 in node_object 0: Static Reshape (NC)

-- Elapsed Time Analysis --
 Wall-clock Time                      : 3 us
 - Non I/O Handling Time (Estimated)  : 3 us
 - I/O Handling Time                  : 0 us
        - Read Syscall                : 0 us
        - Write Syscall               : 0 us
        - Page Fault                  : 0 us
        - io_uring                    : 0 us

-- I/O Counts --
 Read Syscall Count                   : 0
 Write Syscall Count                  : 0
 Block I/O Count                      : 0
 io_uring Completion Count            : 0

-- Total I/O Time (block device) --
 Total Block I/O Time           : 0

-- Page Faults & Bytes --
 Page Fault Count               : 0
 Read Bytes                     : 0
 Write Bytes                    : 0
 Block Read Bytes               : 0
 Block Write Bytes              : 0
[===============================================]

[===============================================]
Result of node_idx 14 in node_object 0: Transpose (ND, X32)

-- Elapsed Time Analysis --
 Wall-clock Time                      : 5 us
 - Non I/O Handling Time (Estimated)  : 5 us
 - I/O Handling Time                  : 0 us
        - Read Syscall                : 0 us
        - Write Syscall               : 0 us
        - Page Fault                  : 0 us
        - io_uring                    : 0 us

-- I/O Counts --
 Read Syscall Count                   : 0
 Write Syscall Count                  : 0
 Block I/O Count                      : 0
 io_uring Completion Count            : 0

-- Total I/O Time (block device) --
 Total Block I/O Time           : 0

-- Page Faults & Bytes --
 Page Fault Count               : 0
 Read Bytes                     : 0
 Write Bytes                    : 0
 Block Read Bytes               : 0
 Block Write Bytes              : 0
[===============================================]

[===============================================]
Result of node_idx 15 in node_object 0: Static Reshape (NC)

-- Elapsed Time Analysis --
 Wall-clock Time                      : 3 us
 - Non I/O Handling Time (Estimated)  : 3 us
 - I/O Handling Time                  : 0 us
        - Read Syscall                : 0 us
        - Write Syscall               : 0 us
        - Page Fault                  : 0 us
        - io_uring                    : 0 us

-- I/O Counts --
 Read Syscall Count                   : 0
 Write Syscall Count                  : 0
 Block I/O Count                      : 0
 io_uring Completion Count            : 0

-- Total I/O Time (block device) --
 Total Block I/O Time           : 0

-- Page Faults & Bytes --
 Page Fault Count               : 0
 Read Bytes                     : 0
 Write Bytes                    : 0
 Block Read Bytes               : 0
 Block Write Bytes              : 0
[===============================================]

[===============================================]
Result of node_idx 16 in node_object 0: Fully Connected (NC, QDU8, F32, QC8W)

-- Elapsed Time Analysis --
 Wall-clock Time                      : 519 us
 - Non I/O Handling Time (Estimated)  : 20 us
 - I/O Handling Time                  : 499 us
        - Read Syscall                : 0 us
        - Write Syscall               : 0 us
        - Page Fault                  : 499 us
        - io_uring                    : 0 us

-- I/O Counts --
 Read Syscall Count                   : 0
 Write Syscall Count                  : 0
 Block I/O Count                      : 0
 io_uring Completion Count            : 0

-- Total I/O Time (block device) --
 Total Block I/O Time           : 0

-- Page Faults & Bytes --
 Page Fault Count               : 4
 Read Bytes                     : 0
 Write Bytes                    : 0
 Block Read Bytes               : 0
 Block Write Bytes              : 0
[===============================================]

[===============================================]
Result of node_idx 17 in node_object 0: Add (ND)

-- Elapsed Time Analysis --
 Wall-clock Time                      : 13 us
 - Non I/O Handling Time (Estimated)  : 13 us
 - I/O Handling Time                  : 0 us
        - Read Syscall                : 0 us
        - Write Syscall               : 0 us
        - Page Fault                  : 0 us
        - io_uring                    : 0 us

-- I/O Counts --
 Read Syscall Count                   : 0
 Write Syscall Count                  : 0
 Block I/O Count                      : 0
 io_uring Completion Count            : 0

-- Total I/O Time (block device) --
 Total Block I/O Time           : 0

-- Page Faults & Bytes --
 Page Fault Count               : 0
 Read Bytes                     : 0
 Write Bytes                    : 0
 Block Read Bytes               : 0
 Block Write Bytes              : 0
[===============================================]

[===============================================]
Result of node_idx 0 in node_object 0: Multiply (ND)

-- Elapsed Time Analysis --
 Wall-clock Time                      : 9 us
 - Non I/O Handling Time (Estimated)  : 9 us
 - I/O Handling Time                  : 0 us
        - Read Syscall                : 0 us
        - Write Syscall               : 0 us
        - Page Fault                  : 0 us
        - io_uring                    : 0 us

-- I/O Counts --
 Read Syscall Count                   : 0
 Write Syscall Count                  : 0
 Block I/O Count                      : 0
 io_uring Completion Count            : 0

-- Total I/O Time (block device) --
 Total Block I/O Time           : 0

-- Page Faults & Bytes --
 Page Fault Count               : 0
 Read Bytes                     : 0
 Write Bytes                    : 0
 Block Read Bytes               : 0
 Block Write Bytes              : 0
[===============================================]

[===============================================]
Result of node_idx 1 in node_object 0: Sum (ND)

-- Elapsed Time Analysis --
 Wall-clock Time                      : 7 us
 - Non I/O Handling Time (Estimated)  : 7 us
 - I/O Handling Time                  : 0 us
        - Read Syscall                : 0 us
        - Write Syscall               : 0 us
        - Page Fault                  : 0 us
        - io_uring                    : 0 us

-- I/O Counts --
 Read Syscall Count                   : 0
 Write Syscall Count                  : 0
 Block I/O Count                      : 0
 io_uring Completion Count            : 0

-- Total I/O Time (block device) --
 Total Block I/O Time           : 0

-- Page Faults & Bytes --
 Page Fault Count               : 0
 Read Bytes                     : 0
 Write Bytes                    : 0
 Block Read Bytes               : 0
 Block Write Bytes              : 0
[===============================================]

[===============================================]
Result of node_idx 2 in node_object 0: Multiply (ND)

-- Elapsed Time Analysis --
 Wall-clock Time                      : 3 us
 - Non I/O Handling Time (Estimated)  : 3 us
 - I/O Handling Time                  : 0 us
        - Read Syscall                : 0 us
        - Write Syscall               : 0 us
        - Page Fault                  : 0 us
        - io_uring                    : 0 us

-- I/O Counts --
 Read Syscall Count                   : 0
 Write Syscall Count                  : 0
 Block I/O Count                      : 0
 io_uring Completion Count            : 0

-- Total I/O Time (block device) --
 Total Block I/O Time           : 0

-- Page Faults & Bytes --
 Page Fault Count               : 0
 Read Bytes                     : 0
 Write Bytes                    : 0
 Block Read Bytes               : 0
 Block Write Bytes              : 0
[===============================================]

[===============================================]
Result of node_idx 3 in node_object 0: Add (ND)

-- Elapsed Time Analysis --
 Wall-clock Time                      : 3 us
 - Non I/O Handling Time (Estimated)  : 3 us
 - I/O Handling Time                  : 0 us
        - Read Syscall                : 0 us
        - Write Syscall               : 0 us
        - Page Fault                  : 0 us
        - io_uring                    : 0 us

-- I/O Counts --
 Read Syscall Count                   : 0
 Write Syscall Count                  : 0
 Block I/O Count                      : 0
 io_uring Completion Count            : 0

-- Total I/O Time (block device) --
 Total Block I/O Time           : 0

-- Page Faults & Bytes --
 Page Fault Count               : 0
 Read Bytes                     : 0
 Write Bytes                    : 0
 Block Read Bytes               : 0
 Block Write Bytes              : 0
[===============================================]

[===============================================]
Result of node_idx 4 in node_object 0: Static Reshape (NC)

-- Elapsed Time Analysis --
 Wall-clock Time                      : 3 us
 - Non I/O Handling Time (Estimated)  : 3 us
 - I/O Handling Time                  : 0 us
        - Read Syscall                : 0 us
        - Write Syscall               : 0 us
        - Page Fault                  : 0 us
        - io_uring                    : 0 us

-- I/O Counts --
 Read Syscall Count                   : 0
 Write Syscall Count                  : 0
 Block I/O Count                      : 0
 io_uring Completion Count            : 0

-- Total I/O Time (block device) --
 Total Block I/O Time           : 0

-- Page Faults & Bytes --
 Page Fault Count               : 0
 Read Bytes                     : 0
 Write Bytes                    : 0
 Block Read Bytes               : 0
 Block Write Bytes              : 0
[===============================================]

[===============================================]
Result of node_idx 5 in node_object 0: Reciprocal Square Root (NC)

-- Elapsed Time Analysis --
 Wall-clock Time                      : 3 us
 - Non I/O Handling Time (Estimated)  : 3 us
 - I/O Handling Time                  : 0 us
        - Read Syscall                : 0 us
        - Write Syscall               : 0 us
        - Page Fault                  : 0 us
        - io_uring                    : 0 us

-- I/O Counts --
 Read Syscall Count                   : 0
 Write Syscall Count                  : 0
 Block I/O Count                      : 0
 io_uring Completion Count            : 0

-- Total I/O Time (block device) --
 Total Block I/O Time           : 0

-- Page Faults & Bytes --
 Page Fault Count               : 0
 Read Bytes                     : 0
 Write Bytes                    : 0
 Block Read Bytes               : 0
 Block Write Bytes              : 0
[===============================================]

[===============================================]
Result of node_idx 6 in node_object 0: Multiply (ND)

-- Elapsed Time Analysis --
 Wall-clock Time                      : 5 us
 - Non I/O Handling Time (Estimated)  : 5 us
 - I/O Handling Time                  : 0 us
        - Read Syscall                : 0 us
        - Write Syscall               : 0 us
        - Page Fault                  : 0 us
        - io_uring                    : 0 us

-- I/O Counts --
 Read Syscall Count                   : 0
 Write Syscall Count                  : 0
 Block I/O Count                      : 0
 io_uring Completion Count            : 0

-- Total I/O Time (block device) --
 Total Block I/O Time           : 0

-- Page Faults & Bytes --
 Page Fault Count               : 0
 Read Bytes                     : 0
 Write Bytes                    : 0
 Block Read Bytes               : 0
 Block Write Bytes              : 0
[===============================================]

[===============================================]
Result of node_idx 7 in node_object 0: Multiply (ND)

-- Elapsed Time Analysis --
 Wall-clock Time                      : 5 us
 - Non I/O Handling Time (Estimated)  : 5 us
 - I/O Handling Time                  : 0 us
        - Read Syscall                : 0 us
        - Write Syscall               : 0 us
        - Page Fault                  : 0 us
        - io_uring                    : 0 us

-- I/O Counts --
 Read Syscall Count                   : 0
 Write Syscall Count                  : 0
 Block I/O Count                      : 0
 io_uring Completion Count            : 0

-- Total I/O Time (block device) --
 Total Block I/O Time           : 0

-- Page Faults & Bytes --
 Page Fault Count               : 0
 Read Bytes                     : 0
 Write Bytes                    : 0
 Block Read Bytes               : 0
 Block Write Bytes              : 0
[===============================================]

[===============================================]
Result of node_idx 0 in node_object 0: Fully Connected (NC, QDU8, F32, QC8W)

-- Elapsed Time Analysis --
 Wall-clock Time                      : 1337 us
 - Non I/O Handling Time (Estimated)  : 38 us
 - I/O Handling Time                  : 1299 us
        - Read Syscall                : 0 us
        - Write Syscall               : 0 us
        - Page Fault                  : 1299 us
        - io_uring                    : 0 us

-- I/O Counts --
 Read Syscall Count                   : 0
 Write Syscall Count                  : 0
 Block I/O Count                      : 1
 io_uring Completion Count            : 0

-- Total I/O Time (block device) --
 Total Block I/O Time           : 111

-- Page Faults & Bytes --
 Page Fault Count               : 8
 Read Bytes                     : 0
 Write Bytes                    : 0
 Block Read Bytes               : 69632
 Block Write Bytes              : 0
[===============================================]

[===============================================]
Result of node_idx 1 in node_object 0: Sigmoid (NC)

-- Elapsed Time Analysis --
 Wall-clock Time                      : 89 us
 - Non I/O Handling Time (Estimated)  : 89 us
 - I/O Handling Time                  : 0 us
        - Read Syscall                : 0 us
        - Write Syscall               : 0 us
        - Page Fault                  : 0 us
        - io_uring                    : 0 us

-- I/O Counts --
 Read Syscall Count                   : 0
 Write Syscall Count                  : 0
 Block I/O Count                      : 0
 io_uring Completion Count            : 0

-- Total I/O Time (block device) --
 Total Block I/O Time           : 0

-- Page Faults & Bytes --
 Page Fault Count               : 0
 Read Bytes                     : 0
 Write Bytes                    : 0
 Block Read Bytes               : 0
 Block Write Bytes              : 0
[===============================================]

[===============================================]
Result of node_idx 2 in node_object 0: Multiply (ND)

-- Elapsed Time Analysis --
 Wall-clock Time                      : 88 us
 - Non I/O Handling Time (Estimated)  : 88 us
 - I/O Handling Time                  : 0 us
        - Read Syscall                : 0 us
        - Write Syscall               : 0 us
        - Page Fault                  : 0 us
        - io_uring                    : 0 us

-- I/O Counts --
 Read Syscall Count                   : 0
 Write Syscall Count                  : 0
 Block I/O Count                      : 0
 io_uring Completion Count            : 0

-- Total I/O Time (block device) --
 Total Block I/O Time           : 0

-- Page Faults & Bytes --
 Page Fault Count               : 0
 Read Bytes                     : 0
 Write Bytes                    : 0
 Block Read Bytes               : 0
 Block Write Bytes              : 0
[===============================================]

[===============================================]
Result of node_idx 3 in node_object 0: Fully Connected (NC, QDU8, F32, QC8W)

-- Elapsed Time Analysis --
 Wall-clock Time                      : 933 us
 - Non I/O Handling Time (Estimated)  : 184 us
 - I/O Handling Time                  : 749 us
        - Read Syscall                : 0 us
        - Write Syscall               : 0 us
        - Page Fault                  : 749 us
        - io_uring                    : 0 us

-- I/O Counts --
 Read Syscall Count                   : 0
 Write Syscall Count                  : 0
 Block I/O Count                      : 1
 io_uring Completion Count            : 0

-- Total I/O Time (block device) --
 Total Block I/O Time           : 677

-- Page Faults & Bytes --
 Page Fault Count               : 5
 Read Bytes                     : 0
 Write Bytes                    : 0
 Block Read Bytes               : 32768
 Block Write Bytes              : 0
[===============================================]

[===============================================]
Result of node_idx 4 in node_object 0: Multiply (ND)

-- Elapsed Time Analysis --
 Wall-clock Time                      : 15 us
 - Non I/O Handling Time (Estimated)  : 15 us
 - I/O Handling Time                  : 0 us
        - Read Syscall                : 0 us
        - Write Syscall               : 0 us
        - Page Fault                  : 0 us
        - io_uring                    : 0 us

-- I/O Counts --
 Read Syscall Count                   : 0
 Write Syscall Count                  : 0
 Block I/O Count                      : 0
 io_uring Completion Count            : 0

-- Total I/O Time (block device) --
 Total Block I/O Time           : 0

-- Page Faults & Bytes --
 Page Fault Count               : 0
 Read Bytes                     : 0
 Write Bytes                    : 0
 Block Read Bytes               : 0
 Block Write Bytes              : 0
[===============================================]

[===============================================]
Result of node_idx 5 in node_object 0: Fully Connected (NC, QDU8, F32, QC8W)

-- Elapsed Time Analysis --
 Wall-clock Time                      : 802 us
 - Non I/O Handling Time (Estimated)  : 37 us
 - I/O Handling Time                  : 765 us
        - Read Syscall                : 0 us
        - Write Syscall               : 0 us
        - Page Fault                  : 765 us
        - io_uring                    : 0 us

-- I/O Counts --
 Read Syscall Count                   : 0
 Write Syscall Count                  : 0
 Block I/O Count                      : 1
 io_uring Completion Count            : 0

-- Total I/O Time (block device) --
 Total Block I/O Time           : 0

-- Page Faults & Bytes --
 Page Fault Count               : 9
 Read Bytes                     : 0
 Write Bytes                    : 0
 Block Read Bytes               : 0
 Block Write Bytes              : 0
[===============================================]

[===============================================]
Result of node_idx 6 in node_object 0: Add (ND)

-- Elapsed Time Analysis --
 Wall-clock Time                      : 77 us
 - Non I/O Handling Time (Estimated)  : 77 us
 - I/O Handling Time                  : 0 us
        - Read Syscall                : 0 us
        - Write Syscall               : 0 us
        - Page Fault                  : 0 us
        - io_uring                    : 0 us

-- I/O Counts --
 Read Syscall Count                   : 0
 Write Syscall Count                  : 0
 Block I/O Count                      : 0
 io_uring Completion Count            : 0

-- Total I/O Time (block device) --
 Total Block I/O Time           : 0

-- Page Faults & Bytes --
 Page Fault Count               : 0
 Read Bytes                     : 0
 Write Bytes                    : 0
 Block Read Bytes               : 0
 Block Write Bytes              : 0
[===============================================]

[===============================================]
Result of node_idx 0 in node_object 0: Multiply (ND)

-- Elapsed Time Analysis --
 Wall-clock Time                      : 85 us
 - Non I/O Handling Time (Estimated)  : 85 us
 - I/O Handling Time                  : 0 us
        - Read Syscall                : 0 us
        - Write Syscall               : 0 us
        - Page Fault                  : 0 us
        - io_uring                    : 0 us

-- I/O Counts --
 Read Syscall Count                   : 0
 Write Syscall Count                  : 0
 Block I/O Count                      : 0
 io_uring Completion Count            : 0

-- Total I/O Time (block device) --
 Total Block I/O Time           : 122

-- Page Faults & Bytes --
 Page Fault Count               : 0
 Read Bytes                     : 0
 Write Bytes                    : 0
 Block Read Bytes               : 131072
 Block Write Bytes              : 0
[===============================================]

[===============================================]
Result of node_idx 1 in node_object 0: Sum (ND)

-- Elapsed Time Analysis --
 Wall-clock Time                      : 73 us
 - Non I/O Handling Time (Estimated)  : 73 us
 - I/O Handling Time                  : 0 us
        - Read Syscall                : 0 us
        - Write Syscall               : 0 us
        - Page Fault                  : 0 us
        - io_uring                    : 0 us

-- I/O Counts --
 Read Syscall Count                   : 0
 Write Syscall Count                  : 0
 Block I/O Count                      : 0
 io_uring Completion Count            : 0

-- Total I/O Time (block device) --
 Total Block I/O Time           : 0

-- Page Faults & Bytes --
 Page Fault Count               : 0
 Read Bytes                     : 0
 Write Bytes                    : 0
 Block Read Bytes               : 0
 Block Write Bytes              : 0
[===============================================]

[===============================================]
Result of node_idx 2 in node_object 0: Multiply (ND)

-- Elapsed Time Analysis --
 Wall-clock Time                      : 5 us
 - Non I/O Handling Time (Estimated)  : 5 us
 - I/O Handling Time                  : 0 us
        - Read Syscall                : 0 us
        - Write Syscall               : 0 us
        - Page Fault                  : 0 us
        - io_uring                    : 0 us

-- I/O Counts --
 Read Syscall Count                   : 0
 Write Syscall Count                  : 0
 Block I/O Count                      : 0
 io_uring Completion Count            : 0

-- Total I/O Time (block device) --
 Total Block I/O Time           : 0

-- Page Faults & Bytes --
 Page Fault Count               : 0
 Read Bytes                     : 0
 Write Bytes                    : 0
 Block Read Bytes               : 0
 Block Write Bytes              : 0
[===============================================]

[===============================================]
Result of node_idx 3 in node_object 0: Add (ND)

-- Elapsed Time Analysis --
 Wall-clock Time                      : 2 us
 - Non I/O Handling Time (Estimated)  : 2 us
 - I/O Handling Time                  : 0 us
        - Read Syscall                : 0 us
        - Write Syscall               : 0 us
        - Page Fault                  : 0 us
        - io_uring                    : 0 us

-- I/O Counts --
 Read Syscall Count                   : 0
 Write Syscall Count                  : 0
 Block I/O Count                      : 0
 io_uring Completion Count            : 0

-- Total I/O Time (block device) --
 Total Block I/O Time           : 0

-- Page Faults & Bytes --
 Page Fault Count               : 0
 Read Bytes                     : 0
 Write Bytes                    : 0
 Block Read Bytes               : 0
 Block Write Bytes              : 0
[===============================================]

[===============================================]
Result of node_idx 4 in node_object 0: Static Reshape (NC)

-- Elapsed Time Analysis --
 Wall-clock Time                      : 2 us
 - Non I/O Handling Time (Estimated)  : 2 us
 - I/O Handling Time                  : 0 us
        - Read Syscall                : 0 us
        - Write Syscall               : 0 us
        - Page Fault                  : 0 us
        - io_uring                    : 0 us

-- I/O Counts --
 Read Syscall Count                   : 0
 Write Syscall Count                  : 0
 Block I/O Count                      : 0
 io_uring Completion Count            : 0

-- Total I/O Time (block device) --
 Total Block I/O Time           : 0

-- Page Faults & Bytes --
 Page Fault Count               : 0
 Read Bytes                     : 0
 Write Bytes                    : 0
 Block Read Bytes               : 0
 Block Write Bytes              : 0
[===============================================]

[===============================================]
Result of node_idx 5 in node_object 0: Reciprocal Square Root (NC)

-- Elapsed Time Analysis --
 Wall-clock Time                      : 2 us
 - Non I/O Handling Time (Estimated)  : 2 us
 - I/O Handling Time                  : 0 us
        - Read Syscall                : 0 us
        - Write Syscall               : 0 us
        - Page Fault                  : 0 us
        - io_uring                    : 0 us

-- I/O Counts --
 Read Syscall Count                   : 0
 Write Syscall Count                  : 0
 Block I/O Count                      : 0
 io_uring Completion Count            : 0

-- Total I/O Time (block device) --
 Total Block I/O Time           : 0

-- Page Faults & Bytes --
 Page Fault Count               : 0
 Read Bytes                     : 0
 Write Bytes                    : 0
 Block Read Bytes               : 0
 Block Write Bytes              : 0
[===============================================]

[===============================================]
Result of node_idx 6 in node_object 0: Multiply (ND)

-- Elapsed Time Analysis --
 Wall-clock Time                      : 13 us
 - Non I/O Handling Time (Estimated)  : 13 us
 - I/O Handling Time                  : 0 us
        - Read Syscall                : 0 us
        - Write Syscall               : 0 us
        - Page Fault                  : 0 us
        - io_uring                    : 0 us

-- I/O Counts --
 Read Syscall Count                   : 0
 Write Syscall Count                  : 0
 Block I/O Count                      : 0
 io_uring Completion Count            : 0

-- Total I/O Time (block device) --
 Total Block I/O Time           : 0

-- Page Faults & Bytes --
 Page Fault Count               : 0
 Read Bytes                     : 0
 Write Bytes                    : 0
 Block Read Bytes               : 0
 Block Write Bytes              : 0
[===============================================]

[===============================================]
Result of node_idx 7 in node_object 0: Multiply (ND)

-- Elapsed Time Analysis --
 Wall-clock Time                      : 6 us
 - Non I/O Handling Time (Estimated)  : 6 us
 - I/O Handling Time                  : 0 us
        - Read Syscall                : 0 us
        - Write Syscall               : 0 us
        - Page Fault                  : 0 us
        - io_uring                    : 0 us

-- I/O Counts --
 Read Syscall Count                   : 0
 Write Syscall Count                  : 0
 Block I/O Count                      : 0
 io_uring Completion Count            : 0

-- Total I/O Time (block device) --
 Total Block I/O Time           : 0

-- Page Faults & Bytes --
 Page Fault Count               : 0
 Read Bytes                     : 0
 Write Bytes                    : 0
 Block Read Bytes               : 0
 Block Write Bytes              : 0
[===============================================]

[===============================================]
Result of node_idx 0 in node_object 0: Fully Connected (NC, QDU8, F32, QC8W)

-- Elapsed Time Analysis --
 Wall-clock Time                      : 430 us
 - Non I/O Handling Time (Estimated)  : 194 us
 - I/O Handling Time                  : 236 us
        - Read Syscall                : 0 us
        - Write Syscall               : 0 us
        - Page Fault                  : 236 us
        - io_uring                    : 0 us

-- I/O Counts --
 Read Syscall Count                   : 0
 Write Syscall Count                  : 0
 Block I/O Count                      : 1
 io_uring Completion Count            : 0

-- Total I/O Time (block device) --
 Total Block I/O Time           : 298

-- Page Faults & Bytes --
 Page Fault Count               : 3
 Read Bytes                     : 0
 Write Bytes                    : 0
 Block Read Bytes               : 4096
 Block Write Bytes              : 0
[===============================================]

[===============================================]
Result of node_idx 1 in node_object 0: Static Reshape (NC)

-- Elapsed Time Analysis --
 Wall-clock Time                      : 13 us
 - Non I/O Handling Time (Estimated)  : 13 us
 - I/O Handling Time                  : 0 us
        - Read Syscall                : 0 us
        - Write Syscall               : 0 us
        - Page Fault                  : 0 us
        - io_uring                    : 0 us

-- I/O Counts --
 Read Syscall Count                   : 0
 Write Syscall Count                  : 0
 Block I/O Count                      : 0
 io_uring Completion Count            : 0

-- Total I/O Time (block device) --
 Total Block I/O Time           : 0

-- Page Faults & Bytes --
 Page Fault Count               : 0
 Read Bytes                     : 0
 Write Bytes                    : 0
 Block Read Bytes               : 0
 Block Write Bytes              : 0
[===============================================]

[===============================================]
Result of node_idx 2 in node_object 0: Slice (ND, X32)

-- Elapsed Time Analysis --
 Wall-clock Time                      : 8 us
 - Non I/O Handling Time (Estimated)  : 8 us
 - I/O Handling Time                  : 0 us
        - Read Syscall                : 0 us
        - Write Syscall               : 0 us
        - Page Fault                  : 0 us
        - io_uring                    : 0 us

-- I/O Counts --
 Read Syscall Count                   : 0
 Write Syscall Count                  : 0
 Block I/O Count                      : 0
 io_uring Completion Count            : 0

-- Total I/O Time (block device) --
 Total Block I/O Time           : 0

-- Page Faults & Bytes --
 Page Fault Count               : 0
 Read Bytes                     : 0
 Write Bytes                    : 0
 Block Read Bytes               : 0
 Block Write Bytes              : 0
[===============================================]

[===============================================]
Result of node_idx 3 in node_object 0: Slice (ND, X32)

-- Elapsed Time Analysis --
 Wall-clock Time                      : 6 us
 - Non I/O Handling Time (Estimated)  : 6 us
 - I/O Handling Time                  : 0 us
        - Read Syscall                : 0 us
        - Write Syscall               : 0 us
        - Page Fault                  : 0 us
        - io_uring                    : 0 us

-- I/O Counts --
 Read Syscall Count                   : 0
 Write Syscall Count                  : 0
 Block I/O Count                      : 0
 io_uring Completion Count            : 0

-- Total I/O Time (block device) --
 Total Block I/O Time           : 0

-- Page Faults & Bytes --
 Page Fault Count               : 0
 Read Bytes                     : 0
 Write Bytes                    : 0
 Block Read Bytes               : 0
 Block Write Bytes              : 0
[===============================================]

[===============================================]
Result of node_idx 4 in node_object 0: Slice (ND, X32)

-- Elapsed Time Analysis --
 Wall-clock Time                      : 6 us
 - Non I/O Handling Time (Estimated)  : 6 us
 - I/O Handling Time                  : 0 us
        - Read Syscall                : 0 us
        - Write Syscall               : 0 us
        - Page Fault                  : 0 us
        - io_uring                    : 0 us

-- I/O Counts --
 Read Syscall Count                   : 0
 Write Syscall Count                  : 0
 Block I/O Count                      : 0
 io_uring Completion Count            : 0

-- Total I/O Time (block device) --
 Total Block I/O Time           : 0

-- Page Faults & Bytes --
 Page Fault Count               : 0
 Read Bytes                     : 0
 Write Bytes                    : 0
 Block Read Bytes               : 0
 Block Write Bytes              : 0
[===============================================]

[===============================================]
Result of node_idx 5 in node_object 0: Static Reshape (NC)

-- Elapsed Time Analysis --
 Wall-clock Time                      : 3 us
 - Non I/O Handling Time (Estimated)  : 3 us
 - I/O Handling Time                  : 0 us
        - Read Syscall                : 0 us
        - Write Syscall               : 0 us
        - Page Fault                  : 0 us
        - io_uring                    : 0 us

-- I/O Counts --
 Read Syscall Count                   : 0
 Write Syscall Count                  : 0
 Block I/O Count                      : 0
 io_uring Completion Count            : 0

-- Total I/O Time (block device) --
 Total Block I/O Time           : 0

-- Page Faults & Bytes --
 Page Fault Count               : 0
 Read Bytes                     : 0
 Write Bytes                    : 0
 Block Read Bytes               : 0
 Block Write Bytes              : 0
[===============================================]

[===============================================]
Result of node_idx 6 in node_object 0: Transpose (ND, X32)

-- Elapsed Time Analysis --
 Wall-clock Time                      : 4 us
 - Non I/O Handling Time (Estimated)  : 4 us
 - I/O Handling Time                  : 0 us
        - Read Syscall                : 0 us
        - Write Syscall               : 0 us
        - Page Fault                  : 0 us
        - io_uring                    : 0 us

-- I/O Counts --
 Read Syscall Count                   : 0
 Write Syscall Count                  : 0
 Block I/O Count                      : 0
 io_uring Completion Count            : 0

-- Total I/O Time (block device) --
 Total Block I/O Time           : 0

-- Page Faults & Bytes --
 Page Fault Count               : 0
 Read Bytes                     : 0
 Write Bytes                    : 0
 Block Read Bytes               : 0
 Block Write Bytes              : 0
[===============================================]

[===============================================]
Result of node_idx 7 in node_object 0: Slice (ND, X32)

-- Elapsed Time Analysis --
 Wall-clock Time                      : 7 us
 - Non I/O Handling Time (Estimated)  : 7 us
 - I/O Handling Time                  : 0 us
        - Read Syscall                : 0 us
        - Write Syscall               : 0 us
        - Page Fault                  : 0 us
        - io_uring                    : 0 us

-- I/O Counts --
 Read Syscall Count                   : 0
 Write Syscall Count                  : 0
 Block I/O Count                      : 0
 io_uring Completion Count            : 0

-- Total I/O Time (block device) --
 Total Block I/O Time           : 0

-- Page Faults & Bytes --
 Page Fault Count               : 0
 Read Bytes                     : 0
 Write Bytes                    : 0
 Block Read Bytes               : 0
 Block Write Bytes              : 0
[===============================================]

[===============================================]
Result of node_idx 8 in node_object 0: Slice (ND, X32)

-- Elapsed Time Analysis --
 Wall-clock Time                      : 7 us
 - Non I/O Handling Time (Estimated)  : 7 us
 - I/O Handling Time                  : 0 us
        - Read Syscall                : 0 us
        - Write Syscall               : 0 us
        - Page Fault                  : 0 us
        - io_uring                    : 0 us

-- I/O Counts --
 Read Syscall Count                   : 0
 Write Syscall Count                  : 0
 Block I/O Count                      : 0
 io_uring Completion Count            : 0

-- Total I/O Time (block device) --
 Total Block I/O Time           : 0

-- Page Faults & Bytes --
 Page Fault Count               : 0
 Read Bytes                     : 0
 Write Bytes                    : 0
 Block Read Bytes               : 0
 Block Write Bytes              : 0
[===============================================]

[===============================================]
Result of node_idx 9 in node_object 0: Multiply (ND)

-- Elapsed Time Analysis --
 Wall-clock Time                      : 5 us
 - Non I/O Handling Time (Estimated)  : 5 us
 - I/O Handling Time                  : 0 us
        - Read Syscall                : 0 us
        - Write Syscall               : 0 us
        - Page Fault                  : 0 us
        - io_uring                    : 0 us

-- I/O Counts --
 Read Syscall Count                   : 0
 Write Syscall Count                  : 0
 Block I/O Count                      : 0
 io_uring Completion Count            : 0

-- Total I/O Time (block device) --
 Total Block I/O Time           : 0

-- Page Faults & Bytes --
 Page Fault Count               : 0
 Read Bytes                     : 0
 Write Bytes                    : 0
 Block Read Bytes               : 0
 Block Write Bytes              : 0
[===============================================]

[===============================================]
Result of node_idx 10 in node_object 0: Multiply (ND)

-- Elapsed Time Analysis --
 Wall-clock Time                      : 5 us
 - Non I/O Handling Time (Estimated)  : 5 us
 - I/O Handling Time                  : 0 us
        - Read Syscall                : 0 us
        - Write Syscall               : 0 us
        - Page Fault                  : 0 us
        - io_uring                    : 0 us

-- I/O Counts --
 Read Syscall Count                   : 0
 Write Syscall Count                  : 0
 Block I/O Count                      : 0
 io_uring Completion Count            : 0

-- Total I/O Time (block device) --
 Total Block I/O Time           : 0

-- Page Faults & Bytes --
 Page Fault Count               : 0
 Read Bytes                     : 0
 Write Bytes                    : 0
 Block Read Bytes               : 0
 Block Write Bytes              : 0
[===============================================]

[===============================================]
Result of node_idx 11 in node_object 0: Subtract (ND)

-- Elapsed Time Analysis --
 Wall-clock Time                      : 5 us
 - Non I/O Handling Time (Estimated)  : 5 us
 - I/O Handling Time                  : 0 us
        - Read Syscall                : 0 us
        - Write Syscall               : 0 us
        - Page Fault                  : 0 us
        - io_uring                    : 0 us

-- I/O Counts --
 Read Syscall Count                   : 0
 Write Syscall Count                  : 0
 Block I/O Count                      : 0
 io_uring Completion Count            : 0

-- Total I/O Time (block device) --
 Total Block I/O Time           : 0

-- Page Faults & Bytes --
 Page Fault Count               : 0
 Read Bytes                     : 0
 Write Bytes                    : 0
 Block Read Bytes               : 0
 Block Write Bytes              : 0
[===============================================]

[===============================================]
Result of node_idx 12 in node_object 0: Multiply (ND)

-- Elapsed Time Analysis --
 Wall-clock Time                      : 5 us
 - Non I/O Handling Time (Estimated)  : 5 us
 - I/O Handling Time                  : 0 us
        - Read Syscall                : 0 us
        - Write Syscall               : 0 us
        - Page Fault                  : 0 us
        - io_uring                    : 0 us

-- I/O Counts --
 Read Syscall Count                   : 0
 Write Syscall Count                  : 0
 Block I/O Count                      : 0
 io_uring Completion Count            : 0

-- Total I/O Time (block device) --
 Total Block I/O Time           : 0

-- Page Faults & Bytes --
 Page Fault Count               : 0
 Read Bytes                     : 0
 Write Bytes                    : 0
 Block Read Bytes               : 0
 Block Write Bytes              : 0
[===============================================]

[===============================================]
Result of node_idx 13 in node_object 0: Multiply (ND)

-- Elapsed Time Analysis --
 Wall-clock Time                      : 5 us
 - Non I/O Handling Time (Estimated)  : 5 us
 - I/O Handling Time                  : 0 us
        - Read Syscall                : 0 us
        - Write Syscall               : 0 us
        - Page Fault                  : 0 us
        - io_uring                    : 0 us

-- I/O Counts --
 Read Syscall Count                   : 0
 Write Syscall Count                  : 0
 Block I/O Count                      : 0
 io_uring Completion Count            : 0

-- Total I/O Time (block device) --
 Total Block I/O Time           : 0

-- Page Faults & Bytes --
 Page Fault Count               : 0
 Read Bytes                     : 0
 Write Bytes                    : 0
 Block Read Bytes               : 0
 Block Write Bytes              : 0
[===============================================]

[===============================================]
Result of node_idx 14 in node_object 0: Add (ND)

-- Elapsed Time Analysis --
 Wall-clock Time                      : 6 us
 - Non I/O Handling Time (Estimated)  : 6 us
 - I/O Handling Time                  : 0 us
        - Read Syscall                : 0 us
        - Write Syscall               : 0 us
        - Page Fault                  : 0 us
        - io_uring                    : 0 us

-- I/O Counts --
 Read Syscall Count                   : 0
 Write Syscall Count                  : 0
 Block I/O Count                      : 0
 io_uring Completion Count            : 0

-- Total I/O Time (block device) --
 Total Block I/O Time           : 0

-- Page Faults & Bytes --
 Page Fault Count               : 0
 Read Bytes                     : 0
 Write Bytes                    : 0
 Block Read Bytes               : 0
 Block Write Bytes              : 0
[===============================================]

[===============================================]
Result of node_idx 15 in node_object 0: Copy (NC, X32)

-- Elapsed Time Analysis --
 Wall-clock Time                      : 5 us
 - Non I/O Handling Time (Estimated)  : 5 us
 - I/O Handling Time                  : 0 us
        - Read Syscall                : 0 us
        - Write Syscall               : 0 us
        - Page Fault                  : 0 us
        - io_uring                    : 0 us

-- I/O Counts --
 Read Syscall Count                   : 0
 Write Syscall Count                  : 0
 Block I/O Count                      : 0
 io_uring Completion Count            : 0

-- Total I/O Time (block device) --
 Total Block I/O Time           : 0

-- Page Faults & Bytes --
 Page Fault Count               : 0
 Read Bytes                     : 0
 Write Bytes                    : 0
 Block Read Bytes               : 0
 Block Write Bytes              : 0
[===============================================]

[===============================================]
Result of node_idx 15 in node_object 1: Copy (NC, X32)

-- Elapsed Time Analysis --
 Wall-clock Time                      : 5 us
 - Non I/O Handling Time (Estimated)  : 5 us
 - I/O Handling Time                  : 0 us
        - Read Syscall                : 0 us
        - Write Syscall               : 0 us
        - Page Fault                  : 0 us
        - io_uring                    : 0 us

-- I/O Counts --
 Read Syscall Count                   : 0
 Write Syscall Count                  : 0
 Block I/O Count                      : 0
 io_uring Completion Count            : 0

-- Total I/O Time (block device) --
 Total Block I/O Time           : 0

-- Page Faults & Bytes --
 Page Fault Count               : 0
 Read Bytes                     : 0
 Write Bytes                    : 0
 Block Read Bytes               : 0
 Block Write Bytes              : 0
[===============================================]

[===============================================]
Result of node_idx 16 in node_object 0: Transpose (ND, X32)

-- Elapsed Time Analysis --
 Wall-clock Time                      : 4 us
 - Non I/O Handling Time (Estimated)  : 4 us
 - I/O Handling Time                  : 0 us
        - Read Syscall                : 0 us
        - Write Syscall               : 0 us
        - Page Fault                  : 0 us
        - io_uring                    : 0 us

-- I/O Counts --
 Read Syscall Count                   : 0
 Write Syscall Count                  : 0
 Block I/O Count                      : 0
 io_uring Completion Count            : 0

-- Total I/O Time (block device) --
 Total Block I/O Time           : 0

-- Page Faults & Bytes --
 Page Fault Count               : 0
 Read Bytes                     : 0
 Write Bytes                    : 0
 Block Read Bytes               : 0
 Block Write Bytes              : 0
[===============================================]

[===============================================]
Result of node_idx 17 in node_object 0: Transpose (ND, X32)

-- Elapsed Time Analysis --
 Wall-clock Time                      : 4 us
 - Non I/O Handling Time (Estimated)  : 4 us
 - I/O Handling Time                  : 0 us
        - Read Syscall                : 0 us
        - Write Syscall               : 0 us
        - Page Fault                  : 0 us
        - io_uring                    : 0 us

-- I/O Counts --
 Read Syscall Count                   : 0
 Write Syscall Count                  : 0
 Block I/O Count                      : 0
 io_uring Completion Count            : 0

-- Total I/O Time (block device) --
 Total Block I/O Time           : 0

-- Page Faults & Bytes --
 Page Fault Count               : 0
 Read Bytes                     : 0
 Write Bytes                    : 0
 Block Read Bytes               : 0
 Block Write Bytes              : 0
[===============================================]

[===============================================]
Result of node_idx 18 in node_object 0: Slice (ND, X32)

-- Elapsed Time Analysis --
 Wall-clock Time                      : 7 us
 - Non I/O Handling Time (Estimated)  : 7 us
 - I/O Handling Time                  : 0 us
        - Read Syscall                : 0 us
        - Write Syscall               : 0 us
        - Page Fault                  : 0 us
        - io_uring                    : 0 us

-- I/O Counts --
 Read Syscall Count                   : 0
 Write Syscall Count                  : 0
 Block I/O Count                      : 0
 io_uring Completion Count            : 0

-- Total I/O Time (block device) --
 Total Block I/O Time           : 0

-- Page Faults & Bytes --
 Page Fault Count               : 0
 Read Bytes                     : 0
 Write Bytes                    : 0
 Block Read Bytes               : 0
 Block Write Bytes              : 0
[===============================================]

[===============================================]
Result of node_idx 19 in node_object 0: Slice (ND, X32)

-- Elapsed Time Analysis --
 Wall-clock Time                      : 6 us
 - Non I/O Handling Time (Estimated)  : 6 us
 - I/O Handling Time                  : 0 us
        - Read Syscall                : 0 us
        - Write Syscall               : 0 us
        - Page Fault                  : 0 us
        - io_uring                    : 0 us

-- I/O Counts --
 Read Syscall Count                   : 0
 Write Syscall Count                  : 0
 Block I/O Count                      : 0
 io_uring Completion Count            : 0

-- Total I/O Time (block device) --
 Total Block I/O Time           : 0

-- Page Faults & Bytes --
 Page Fault Count               : 0
 Read Bytes                     : 0
 Write Bytes                    : 0
 Block Read Bytes               : 0
 Block Write Bytes              : 0
[===============================================]

[===============================================]
Result of node_idx 20 in node_object 0: Multiply (ND)

-- Elapsed Time Analysis --
 Wall-clock Time                      : 5 us
 - Non I/O Handling Time (Estimated)  : 5 us
 - I/O Handling Time                  : 0 us
        - Read Syscall                : 0 us
        - Write Syscall               : 0 us
        - Page Fault                  : 0 us
        - io_uring                    : 0 us

-- I/O Counts --
 Read Syscall Count                   : 0
 Write Syscall Count                  : 0
 Block I/O Count                      : 0
 io_uring Completion Count            : 0

-- Total I/O Time (block device) --
 Total Block I/O Time           : 0

-- Page Faults & Bytes --
 Page Fault Count               : 0
 Read Bytes                     : 0
 Write Bytes                    : 0
 Block Read Bytes               : 0
 Block Write Bytes              : 0
[===============================================]

[===============================================]
Result of node_idx 21 in node_object 0: Multiply (ND)

-- Elapsed Time Analysis --
 Wall-clock Time                      : 5 us
 - Non I/O Handling Time (Estimated)  : 5 us
 - I/O Handling Time                  : 0 us
        - Read Syscall                : 0 us
        - Write Syscall               : 0 us
        - Page Fault                  : 0 us
        - io_uring                    : 0 us

-- I/O Counts --
 Read Syscall Count                   : 0
 Write Syscall Count                  : 0
 Block I/O Count                      : 0
 io_uring Completion Count            : 0

-- Total I/O Time (block device) --
 Total Block I/O Time           : 0

-- Page Faults & Bytes --
 Page Fault Count               : 0
 Read Bytes                     : 0
 Write Bytes                    : 0
 Block Read Bytes               : 0
 Block Write Bytes              : 0
[===============================================]

[===============================================]
Result of node_idx 22 in node_object 0: Subtract (ND)

-- Elapsed Time Analysis --
 Wall-clock Time                      : 5 us
 - Non I/O Handling Time (Estimated)  : 5 us
 - I/O Handling Time                  : 0 us
        - Read Syscall                : 0 us
        - Write Syscall               : 0 us
        - Page Fault                  : 0 us
        - io_uring                    : 0 us

-- I/O Counts --
 Read Syscall Count                   : 0
 Write Syscall Count                  : 0
 Block I/O Count                      : 0
 io_uring Completion Count            : 0

-- Total I/O Time (block device) --
 Total Block I/O Time           : 0

-- Page Faults & Bytes --
 Page Fault Count               : 0
 Read Bytes                     : 0
 Write Bytes                    : 0
 Block Read Bytes               : 0
 Block Write Bytes              : 0
[===============================================]

[===============================================]
Result of node_idx 23 in node_object 0: Multiply (ND)

-- Elapsed Time Analysis --
 Wall-clock Time                      : 5 us
 - Non I/O Handling Time (Estimated)  : 5 us
 - I/O Handling Time                  : 0 us
        - Read Syscall                : 0 us
        - Write Syscall               : 0 us
        - Page Fault                  : 0 us
        - io_uring                    : 0 us

-- I/O Counts --
 Read Syscall Count                   : 0
 Write Syscall Count                  : 0
 Block I/O Count                      : 0
 io_uring Completion Count            : 0

-- Total I/O Time (block device) --
 Total Block I/O Time           : 0

-- Page Faults & Bytes --
 Page Fault Count               : 0
 Read Bytes                     : 0
 Write Bytes                    : 0
 Block Read Bytes               : 0
 Block Write Bytes              : 0
[===============================================]

[===============================================]
Result of node_idx 24 in node_object 0: Multiply (ND)

-- Elapsed Time Analysis --
 Wall-clock Time                      : 5 us
 - Non I/O Handling Time (Estimated)  : 5 us
 - I/O Handling Time                  : 0 us
        - Read Syscall                : 0 us
        - Write Syscall               : 0 us
        - Page Fault                  : 0 us
        - io_uring                    : 0 us

-- I/O Counts --
 Read Syscall Count                   : 0
 Write Syscall Count                  : 0
 Block I/O Count                      : 0
 io_uring Completion Count            : 0

-- Total I/O Time (block device) --
 Total Block I/O Time           : 0

-- Page Faults & Bytes --
 Page Fault Count               : 0
 Read Bytes                     : 0
 Write Bytes                    : 0
 Block Read Bytes               : 0
 Block Write Bytes              : 0
[===============================================]

[===============================================]
Result of node_idx 25 in node_object 0: Add (ND)

-- Elapsed Time Analysis --
 Wall-clock Time                      : 6 us
 - Non I/O Handling Time (Estimated)  : 6 us
 - I/O Handling Time                  : 0 us
        - Read Syscall                : 0 us
        - Write Syscall               : 0 us
        - Page Fault                  : 0 us
        - io_uring                    : 0 us

-- I/O Counts --
 Read Syscall Count                   : 0
 Write Syscall Count                  : 0
 Block I/O Count                      : 0
 io_uring Completion Count            : 0

-- Total I/O Time (block device) --
 Total Block I/O Time           : 0

-- Page Faults & Bytes --
 Page Fault Count               : 0
 Read Bytes                     : 0
 Write Bytes                    : 0
 Block Read Bytes               : 0
 Block Write Bytes              : 0
[===============================================]

[===============================================]
Result of node_idx 26 in node_object 0: Copy (NC, X32)

-- Elapsed Time Analysis --
 Wall-clock Time                      : 5 us
 - Non I/O Handling Time (Estimated)  : 5 us
 - I/O Handling Time                  : 0 us
        - Read Syscall                : 0 us
        - Write Syscall               : 0 us
        - Page Fault                  : 0 us
        - io_uring                    : 0 us

-- I/O Counts --
 Read Syscall Count                   : 0
 Write Syscall Count                  : 0
 Block I/O Count                      : 0
 io_uring Completion Count            : 0

-- Total I/O Time (block device) --
 Total Block I/O Time           : 0

-- Page Faults & Bytes --
 Page Fault Count               : 0
 Read Bytes                     : 0
 Write Bytes                    : 0
 Block Read Bytes               : 0
 Block Write Bytes              : 0
[===============================================]

[===============================================]
Result of node_idx 26 in node_object 1: Copy (NC, X32)

-- Elapsed Time Analysis --
 Wall-clock Time                      : 5 us
 - Non I/O Handling Time (Estimated)  : 5 us
 - I/O Handling Time                  : 0 us
        - Read Syscall                : 0 us
        - Write Syscall               : 0 us
        - Page Fault                  : 0 us
        - io_uring                    : 0 us

-- I/O Counts --
 Read Syscall Count                   : 0
 Write Syscall Count                  : 0
 Block I/O Count                      : 0
 io_uring Completion Count            : 0

-- Total I/O Time (block device) --
 Total Block I/O Time           : 0

-- Page Faults & Bytes --
 Page Fault Count               : 0
 Read Bytes                     : 0
 Write Bytes                    : 0
 Block Read Bytes               : 0
 Block Write Bytes              : 0
[===============================================]

[===============================================]
Result of node_idx 27 in node_object 0: Transpose (ND, X32)

-- Elapsed Time Analysis --
 Wall-clock Time                      : 4 us
 - Non I/O Handling Time (Estimated)  : 4 us
 - I/O Handling Time                  : 0 us
        - Read Syscall                : 0 us
        - Write Syscall               : 0 us
        - Page Fault                  : 0 us
        - io_uring                    : 0 us

-- I/O Counts --
 Read Syscall Count                   : 0
 Write Syscall Count                  : 0
 Block I/O Count                      : 0
 io_uring Completion Count            : 0

-- Total I/O Time (block device) --
 Total Block I/O Time           : 0

-- Page Faults & Bytes --
 Page Fault Count               : 0
 Read Bytes                     : 0
 Write Bytes                    : 0
 Block Read Bytes               : 0
 Block Write Bytes              : 0
[===============================================]

[===============================================]
Result of node_idx 0 in node_object 0: Multiply (ND)

-- Elapsed Time Analysis --
 Wall-clock Time                      : 5 us
 - Non I/O Handling Time (Estimated)  : 5 us
 - I/O Handling Time                  : 0 us
        - Read Syscall                : 0 us
        - Write Syscall               : 0 us
        - Page Fault                  : 0 us
        - io_uring                    : 0 us

-- I/O Counts --
 Read Syscall Count                   : 0
 Write Syscall Count                  : 0
 Block I/O Count                      : 0
 io_uring Completion Count            : 0

-- Total I/O Time (block device) --
 Total Block I/O Time           : 0

-- Page Faults & Bytes --
 Page Fault Count               : 0
 Read Bytes                     : 0
 Write Bytes                    : 0
 Block Read Bytes               : 0
 Block Write Bytes              : 0
[===============================================]

[===============================================]
Result of node_idx 1 in node_object 0: Transpose (ND, X32)

-- Elapsed Time Analysis --
 Wall-clock Time                      : 4 us
 - Non I/O Handling Time (Estimated)  : 4 us
 - I/O Handling Time                  : 0 us
        - Read Syscall                : 0 us
        - Write Syscall               : 0 us
        - Page Fault                  : 0 us
        - io_uring                    : 0 us

-- I/O Counts --
 Read Syscall Count                   : 0
 Write Syscall Count                  : 0
 Block I/O Count                      : 0
 io_uring Completion Count            : 0

-- Total I/O Time (block device) --
 Total Block I/O Time           : 0

-- Page Faults & Bytes --
 Page Fault Count               : 0
 Read Bytes                     : 0
 Write Bytes                    : 0
 Block Read Bytes               : 0
 Block Write Bytes              : 0
[===============================================]

[===============================================]
Result of node_idx 2 in node_object 0: Transpose (ND, X32)

-- Elapsed Time Analysis --
 Wall-clock Time                      : 25 us
 - Non I/O Handling Time (Estimated)  : 25 us
 - I/O Handling Time                  : 0 us
        - Read Syscall                : 0 us
        - Write Syscall               : 0 us
        - Page Fault                  : 0 us
        - io_uring                    : 0 us

-- I/O Counts --
 Read Syscall Count                   : 0
 Write Syscall Count                  : 0
 Block I/O Count                      : 0
 io_uring Completion Count            : 0

-- Total I/O Time (block device) --
 Total Block I/O Time           : 0

-- Page Faults & Bytes --
 Page Fault Count               : 0
 Read Bytes                     : 0
 Write Bytes                    : 0
 Block Read Bytes               : 0
 Block Write Bytes              : 0
[===============================================]

[===============================================]
Result of node_idx 3 in node_object 0: Static Reshape (NC)

-- Elapsed Time Analysis --
 Wall-clock Time                      : 3 us
 - Non I/O Handling Time (Estimated)  : 3 us
 - I/O Handling Time                  : 0 us
        - Read Syscall                : 0 us
        - Write Syscall               : 0 us
        - Page Fault                  : 0 us
        - io_uring                    : 0 us

-- I/O Counts --
 Read Syscall Count                   : 0
 Write Syscall Count                  : 0
 Block I/O Count                      : 0
 io_uring Completion Count            : 0

-- Total I/O Time (block device) --
 Total Block I/O Time           : 0

-- Page Faults & Bytes --
 Page Fault Count               : 0
 Read Bytes                     : 0
 Write Bytes                    : 0
 Block Read Bytes               : 0
 Block Write Bytes              : 0
[===============================================]

[===============================================]
Result of node_idx 4 in node_object 0: Static Reshape (NC)

-- Elapsed Time Analysis --
 Wall-clock Time                      : 3 us
 - Non I/O Handling Time (Estimated)  : 3 us
 - I/O Handling Time                  : 0 us
        - Read Syscall                : 0 us
        - Write Syscall               : 0 us
        - Page Fault                  : 0 us
        - io_uring                    : 0 us

-- I/O Counts --
 Read Syscall Count                   : 0
 Write Syscall Count                  : 0
 Block I/O Count                      : 0
 io_uring Completion Count            : 0

-- Total I/O Time (block device) --
 Total Block I/O Time           : 0

-- Page Faults & Bytes --
 Page Fault Count               : 0
 Read Bytes                     : 0
 Write Bytes                    : 0
 Block Read Bytes               : 0
 Block Write Bytes              : 0
[===============================================]

[===============================================]
Result of node_idx 5 in node_object 0: Batch Matrix Multiply (NC, F32)

-- Elapsed Time Analysis --
 Wall-clock Time                      : 61 us
 - Non I/O Handling Time (Estimated)  : 61 us
 - I/O Handling Time                  : 0 us
        - Read Syscall                : 0 us
        - Write Syscall               : 0 us
        - Page Fault                  : 0 us
        - io_uring                    : 0 us

-- I/O Counts --
 Read Syscall Count                   : 0
 Write Syscall Count                  : 0
 Block I/O Count                      : 0
 io_uring Completion Count            : 0

-- Total I/O Time (block device) --
 Total Block I/O Time           : 0

-- Page Faults & Bytes --
 Page Fault Count               : 0
 Read Bytes                     : 0
 Write Bytes                    : 0
 Block Read Bytes               : 0
 Block Write Bytes              : 0
[===============================================]

[===============================================]
Result of node_idx 6 in node_object 0: Static Reshape (NC)

-- Elapsed Time Analysis --
 Wall-clock Time                      : 3 us
 - Non I/O Handling Time (Estimated)  : 3 us
 - I/O Handling Time                  : 0 us
        - Read Syscall                : 0 us
        - Write Syscall               : 0 us
        - Page Fault                  : 0 us
        - io_uring                    : 0 us

-- I/O Counts --
 Read Syscall Count                   : 0
 Write Syscall Count                  : 0
 Block I/O Count                      : 0
 io_uring Completion Count            : 0

-- Total I/O Time (block device) --
 Total Block I/O Time           : 0

-- Page Faults & Bytes --
 Page Fault Count               : 0
 Read Bytes                     : 0
 Write Bytes                    : 0
 Block Read Bytes               : 0
 Block Write Bytes              : 0
[===============================================]

[===============================================]
Result of node_idx 7 in node_object 0: Add (ND)

-- Elapsed Time Analysis --
 Wall-clock Time                      : 8 us
 - Non I/O Handling Time (Estimated)  : 8 us
 - I/O Handling Time                  : 0 us
        - Read Syscall                : 0 us
        - Write Syscall               : 0 us
        - Page Fault                  : 0 us
        - io_uring                    : 0 us

-- I/O Counts --
 Read Syscall Count                   : 0
 Write Syscall Count                  : 0
 Block I/O Count                      : 0
 io_uring Completion Count            : 0

-- Total I/O Time (block device) --
 Total Block I/O Time           : 0

-- Page Faults & Bytes --
 Page Fault Count               : 0
 Read Bytes                     : 0
 Write Bytes                    : 0
 Block Read Bytes               : 0
 Block Write Bytes              : 0
[===============================================]

[===============================================]
Result of node_idx 8 in node_object 0: Softmax (NC, F32)

-- Elapsed Time Analysis --
 Wall-clock Time                      : 13 us
 - Non I/O Handling Time (Estimated)  : 13 us
 - I/O Handling Time                  : 0 us
        - Read Syscall                : 0 us
        - Write Syscall               : 0 us
        - Page Fault                  : 0 us
        - io_uring                    : 0 us

-- I/O Counts --
 Read Syscall Count                   : 0
 Write Syscall Count                  : 0
 Block I/O Count                      : 0
 io_uring Completion Count            : 0

-- Total I/O Time (block device) --
 Total Block I/O Time           : 0

-- Page Faults & Bytes --
 Page Fault Count               : 0
 Read Bytes                     : 0
 Write Bytes                    : 0
 Block Read Bytes               : 0
 Block Write Bytes              : 0
[===============================================]

[===============================================]
Result of node_idx 9 in node_object 0: Transpose (ND, X32)

-- Elapsed Time Analysis --
 Wall-clock Time                      : 43 us
 - Non I/O Handling Time (Estimated)  : 43 us
 - I/O Handling Time                  : 0 us
        - Read Syscall                : 0 us
        - Write Syscall               : 0 us
        - Page Fault                  : 0 us
        - io_uring                    : 0 us

-- I/O Counts --
 Read Syscall Count                   : 0
 Write Syscall Count                  : 0
 Block I/O Count                      : 0
 io_uring Completion Count            : 0

-- Total I/O Time (block device) --
 Total Block I/O Time           : 0

-- Page Faults & Bytes --
 Page Fault Count               : 0
 Read Bytes                     : 0
 Write Bytes                    : 0
 Block Read Bytes               : 0
 Block Write Bytes              : 0
[===============================================]

[===============================================]
Result of node_idx 10 in node_object 0: Static Reshape (NC)

-- Elapsed Time Analysis --
 Wall-clock Time                      : 3 us
 - Non I/O Handling Time (Estimated)  : 3 us
 - I/O Handling Time                  : 0 us
        - Read Syscall                : 0 us
        - Write Syscall               : 0 us
        - Page Fault                  : 0 us
        - io_uring                    : 0 us

-- I/O Counts --
 Read Syscall Count                   : 0
 Write Syscall Count                  : 0
 Block I/O Count                      : 0
 io_uring Completion Count            : 0

-- Total I/O Time (block device) --
 Total Block I/O Time           : 0

-- Page Faults & Bytes --
 Page Fault Count               : 0
 Read Bytes                     : 0
 Write Bytes                    : 0
 Block Read Bytes               : 0
 Block Write Bytes              : 0
[===============================================]

[===============================================]
Result of node_idx 11 in node_object 0: Static Reshape (NC)

-- Elapsed Time Analysis --
 Wall-clock Time                      : 3 us
 - Non I/O Handling Time (Estimated)  : 3 us
 - I/O Handling Time                  : 0 us
        - Read Syscall                : 0 us
        - Write Syscall               : 0 us
        - Page Fault                  : 0 us
        - io_uring                    : 0 us

-- I/O Counts --
 Read Syscall Count                   : 0
 Write Syscall Count                  : 0
 Block I/O Count                      : 0
 io_uring Completion Count            : 0

-- Total I/O Time (block device) --
 Total Block I/O Time           : 0

-- Page Faults & Bytes --
 Page Fault Count               : 0
 Read Bytes                     : 0
 Write Bytes                    : 0
 Block Read Bytes               : 0
 Block Write Bytes              : 0
[===============================================]

[===============================================]
Result of node_idx 12 in node_object 0: Batch Matrix Multiply (NC, F32)

-- Elapsed Time Analysis --
 Wall-clock Time                      : 63 us
 - Non I/O Handling Time (Estimated)  : 63 us
 - I/O Handling Time                  : 0 us
        - Read Syscall                : 0 us
        - Write Syscall               : 0 us
        - Page Fault                  : 0 us
        - io_uring                    : 0 us

-- I/O Counts --
 Read Syscall Count                   : 0
 Write Syscall Count                  : 0
 Block I/O Count                      : 0
 io_uring Completion Count            : 0

-- Total I/O Time (block device) --
 Total Block I/O Time           : 0

-- Page Faults & Bytes --
 Page Fault Count               : 0
 Read Bytes                     : 0
 Write Bytes                    : 0
 Block Read Bytes               : 0
 Block Write Bytes              : 0
[===============================================]

[===============================================]
Result of node_idx 13 in node_object 0: Static Reshape (NC)

-- Elapsed Time Analysis --
 Wall-clock Time                      : 3 us
 - Non I/O Handling Time (Estimated)  : 3 us
 - I/O Handling Time                  : 0 us
        - Read Syscall                : 0 us
        - Write Syscall               : 0 us
        - Page Fault                  : 0 us
        - io_uring                    : 0 us

-- I/O Counts --
 Read Syscall Count                   : 0
 Write Syscall Count                  : 0
 Block I/O Count                      : 0
 io_uring Completion Count            : 0

-- Total I/O Time (block device) --
 Total Block I/O Time           : 0

-- Page Faults & Bytes --
 Page Fault Count               : 0
 Read Bytes                     : 0
 Write Bytes                    : 0
 Block Read Bytes               : 0
 Block Write Bytes              : 0
[===============================================]

[===============================================]
Result of node_idx 14 in node_object 0: Transpose (ND, X32)

-- Elapsed Time Analysis --
 Wall-clock Time                      : 5 us
 - Non I/O Handling Time (Estimated)  : 5 us
 - I/O Handling Time                  : 0 us
        - Read Syscall                : 0 us
        - Write Syscall               : 0 us
        - Page Fault                  : 0 us
        - io_uring                    : 0 us

-- I/O Counts --
 Read Syscall Count                   : 0
 Write Syscall Count                  : 0
 Block I/O Count                      : 0
 io_uring Completion Count            : 0

-- Total I/O Time (block device) --
 Total Block I/O Time           : 0

-- Page Faults & Bytes --
 Page Fault Count               : 0
 Read Bytes                     : 0
 Write Bytes                    : 0
 Block Read Bytes               : 0
 Block Write Bytes              : 0
[===============================================]

[===============================================]
Result of node_idx 15 in node_object 0: Static Reshape (NC)

-- Elapsed Time Analysis --
 Wall-clock Time                      : 3 us
 - Non I/O Handling Time (Estimated)  : 3 us
 - I/O Handling Time                  : 0 us
        - Read Syscall                : 0 us
        - Write Syscall               : 0 us
        - Page Fault                  : 0 us
        - io_uring                    : 0 us

-- I/O Counts --
 Read Syscall Count                   : 0
 Write Syscall Count                  : 0
 Block I/O Count                      : 0
 io_uring Completion Count            : 0

-- Total I/O Time (block device) --
 Total Block I/O Time           : 0

-- Page Faults & Bytes --
 Page Fault Count               : 0
 Read Bytes                     : 0
 Write Bytes                    : 0
 Block Read Bytes               : 0
 Block Write Bytes              : 0
[===============================================]

[===============================================]
Result of node_idx 16 in node_object 0: Fully Connected (NC, QDU8, F32, QC8W)

-- Elapsed Time Analysis --
 Wall-clock Time                      : 345 us
 - Non I/O Handling Time (Estimated)  : 119 us
 - I/O Handling Time                  : 226 us
        - Read Syscall                : 0 us
        - Write Syscall               : 0 us
        - Page Fault                  : 226 us
        - io_uring                    : 0 us

-- I/O Counts --
 Read Syscall Count                   : 0
 Write Syscall Count                  : 0
 Block I/O Count                      : 1
 io_uring Completion Count            : 0

-- Total I/O Time (block device) --
 Total Block I/O Time           : 190

-- Page Faults & Bytes --
 Page Fault Count               : 6
 Read Bytes                     : 0
 Write Bytes                    : 0
 Block Read Bytes               : 4096
 Block Write Bytes              : 0
[===============================================]

[===============================================]
Result of node_idx 17 in node_object 0: Add (ND)

-- Elapsed Time Analysis --
 Wall-clock Time                      : 26 us
 - Non I/O Handling Time (Estimated)  : 26 us
 - I/O Handling Time                  : 0 us
        - Read Syscall                : 0 us
        - Write Syscall               : 0 us
        - Page Fault                  : 0 us
        - io_uring                    : 0 us

-- I/O Counts --
 Read Syscall Count                   : 0
 Write Syscall Count                  : 0
 Block I/O Count                      : 0
 io_uring Completion Count            : 0

-- Total I/O Time (block device) --
 Total Block I/O Time           : 0

-- Page Faults & Bytes --
 Page Fault Count               : 0
 Read Bytes                     : 0
 Write Bytes                    : 0
 Block Read Bytes               : 0
 Block Write Bytes              : 0
[===============================================]

[===============================================]
Result of node_idx 0 in node_object 0: Multiply (ND)

-- Elapsed Time Analysis --
 Wall-clock Time                      : 86 us
 - Non I/O Handling Time (Estimated)  : 86 us
 - I/O Handling Time                  : 0 us
        - Read Syscall                : 0 us
        - Write Syscall               : 0 us
        - Page Fault                  : 0 us
        - io_uring                    : 0 us

-- I/O Counts --
 Read Syscall Count                   : 0
 Write Syscall Count                  : 0
 Block I/O Count                      : 0
 io_uring Completion Count            : 0

-- Total I/O Time (block device) --
 Total Block I/O Time           : 0

-- Page Faults & Bytes --
 Page Fault Count               : 0
 Read Bytes                     : 0
 Write Bytes                    : 0
 Block Read Bytes               : 0
 Block Write Bytes              : 0
[===============================================]

[===============================================]
Result of node_idx 1 in node_object 0: Sum (ND)

-- Elapsed Time Analysis --
 Wall-clock Time                      : 104 us
 - Non I/O Handling Time (Estimated)  : 104 us
 - I/O Handling Time                  : 0 us
        - Read Syscall                : 0 us
        - Write Syscall               : 0 us
        - Page Fault                  : 0 us
        - io_uring                    : 0 us

-- I/O Counts --
 Read Syscall Count                   : 0
 Write Syscall Count                  : 0
 Block I/O Count                      : 0
 io_uring Completion Count            : 0

-- Total I/O Time (block device) --
 Total Block I/O Time           : 0

-- Page Faults & Bytes --
 Page Fault Count               : 0
 Read Bytes                     : 0
 Write Bytes                    : 0
 Block Read Bytes               : 0
 Block Write Bytes              : 0
[===============================================]

[===============================================]
Result of node_idx 2 in node_object 0: Multiply (ND)

-- Elapsed Time Analysis --
 Wall-clock Time                      : 3 us
 - Non I/O Handling Time (Estimated)  : 3 us
 - I/O Handling Time                  : 0 us
        - Read Syscall                : 0 us
        - Write Syscall               : 0 us
        - Page Fault                  : 0 us
        - io_uring                    : 0 us

-- I/O Counts --
 Read Syscall Count                   : 0
 Write Syscall Count                  : 0
 Block I/O Count                      : 0
 io_uring Completion Count            : 0

-- Total I/O Time (block device) --
 Total Block I/O Time           : 0

-- Page Faults & Bytes --
 Page Fault Count               : 0
 Read Bytes                     : 0
 Write Bytes                    : 0
 Block Read Bytes               : 0
 Block Write Bytes              : 0
[===============================================]

[===============================================]
Result of node_idx 3 in node_object 0: Add (ND)

-- Elapsed Time Analysis --
 Wall-clock Time                      : 2 us
 - Non I/O Handling Time (Estimated)  : 2 us
 - I/O Handling Time                  : 0 us
        - Read Syscall                : 0 us
        - Write Syscall               : 0 us
        - Page Fault                  : 0 us
        - io_uring                    : 0 us

-- I/O Counts --
 Read Syscall Count                   : 0
 Write Syscall Count                  : 0
 Block I/O Count                      : 0
 io_uring Completion Count            : 0

-- Total I/O Time (block device) --
 Total Block I/O Time           : 0

-- Page Faults & Bytes --
 Page Fault Count               : 0
 Read Bytes                     : 0
 Write Bytes                    : 0
 Block Read Bytes               : 0
 Block Write Bytes              : 0
[===============================================]

[===============================================]
Result of node_idx 4 in node_object 0: Static Reshape (NC)

-- Elapsed Time Analysis --
 Wall-clock Time                      : 3 us
 - Non I/O Handling Time (Estimated)  : 3 us
 - I/O Handling Time                  : 0 us
        - Read Syscall                : 0 us
        - Write Syscall               : 0 us
        - Page Fault                  : 0 us
        - io_uring                    : 0 us

-- I/O Counts --
 Read Syscall Count                   : 0
 Write Syscall Count                  : 0
 Block I/O Count                      : 0
 io_uring Completion Count            : 0

-- Total I/O Time (block device) --
 Total Block I/O Time           : 0

-- Page Faults & Bytes --
 Page Fault Count               : 0
 Read Bytes                     : 0
 Write Bytes                    : 0
 Block Read Bytes               : 0
 Block Write Bytes              : 0
[===============================================]

[===============================================]
Result of node_idx 5 in node_object 0: Reciprocal Square Root (NC)

-- Elapsed Time Analysis --
 Wall-clock Time                      : 3 us
 - Non I/O Handling Time (Estimated)  : 3 us
 - I/O Handling Time                  : 0 us
        - Read Syscall                : 0 us
        - Write Syscall               : 0 us
        - Page Fault                  : 0 us
        - io_uring                    : 0 us

-- I/O Counts --
 Read Syscall Count                   : 0
 Write Syscall Count                  : 0
 Block I/O Count                      : 0
 io_uring Completion Count            : 0

-- Total I/O Time (block device) --
 Total Block I/O Time           : 0

-- Page Faults & Bytes --
 Page Fault Count               : 0
 Read Bytes                     : 0
 Write Bytes                    : 0
 Block Read Bytes               : 0
 Block Write Bytes              : 0
[===============================================]

[===============================================]
Result of node_idx 6 in node_object 0: Multiply (ND)

-- Elapsed Time Analysis --
 Wall-clock Time                      : 91 us
 - Non I/O Handling Time (Estimated)  : 91 us
 - I/O Handling Time                  : 0 us
        - Read Syscall                : 0 us
        - Write Syscall               : 0 us
        - Page Fault                  : 0 us
        - io_uring                    : 0 us

-- I/O Counts --
 Read Syscall Count                   : 0
 Write Syscall Count                  : 0
 Block I/O Count                      : 0
 io_uring Completion Count            : 0

-- Total I/O Time (block device) --
 Total Block I/O Time           : 0

-- Page Faults & Bytes --
 Page Fault Count               : 0
 Read Bytes                     : 0
 Write Bytes                    : 0
 Block Read Bytes               : 0
 Block Write Bytes              : 0
[===============================================]

[===============================================]
Result of node_idx 7 in node_object 0: Multiply (ND)

-- Elapsed Time Analysis --
 Wall-clock Time                      : 15 us
 - Non I/O Handling Time (Estimated)  : 15 us
 - I/O Handling Time                  : 0 us
        - Read Syscall                : 0 us
        - Write Syscall               : 0 us
        - Page Fault                  : 0 us
        - io_uring                    : 0 us

-- I/O Counts --
 Read Syscall Count                   : 0
 Write Syscall Count                  : 0
 Block I/O Count                      : 0
 io_uring Completion Count            : 0

-- Total I/O Time (block device) --
 Total Block I/O Time           : 0

-- Page Faults & Bytes --
 Page Fault Count               : 0
 Read Bytes                     : 0
 Write Bytes                    : 0
 Block Read Bytes               : 0
 Block Write Bytes              : 0
[===============================================]

[===============================================]
Result of node_idx 0 in node_object 0: Fully Connected (NC, QDU8, F32, QC8W)

-- Elapsed Time Analysis --
 Wall-clock Time                      : 1258 us
 - Non I/O Handling Time (Estimated)  : 133 us
 - I/O Handling Time                  : 1125 us
        - Read Syscall                : 0 us
        - Write Syscall               : 0 us
        - Page Fault                  : 1125 us
        - io_uring                    : 0 us

-- I/O Counts --
 Read Syscall Count                   : 0
 Write Syscall Count                  : 0
 Block I/O Count                      : 1
 io_uring Completion Count            : 0

-- Total I/O Time (block device) --
 Total Block I/O Time           : 515

-- Page Faults & Bytes --
 Page Fault Count               : 10
 Read Bytes                     : 0
 Write Bytes                    : 0
 Block Read Bytes               : 131072
 Block Write Bytes              : 0
[===============================================]

[===============================================]
Result of node_idx 1 in node_object 0: Sigmoid (NC)

-- Elapsed Time Analysis --
 Wall-clock Time                      : 84 us
 - Non I/O Handling Time (Estimated)  : 84 us
 - I/O Handling Time                  : 0 us
        - Read Syscall                : 0 us
        - Write Syscall               : 0 us
        - Page Fault                  : 0 us
        - io_uring                    : 0 us

-- I/O Counts --
 Read Syscall Count                   : 0
 Write Syscall Count                  : 0
 Block I/O Count                      : 0
 io_uring Completion Count            : 0

-- Total I/O Time (block device) --
 Total Block I/O Time           : 0

-- Page Faults & Bytes --
 Page Fault Count               : 0
 Read Bytes                     : 0
 Write Bytes                    : 0
 Block Read Bytes               : 0
 Block Write Bytes              : 0
[===============================================]

[===============================================]
Result of node_idx 2 in node_object 0: Multiply (ND)

-- Elapsed Time Analysis --
 Wall-clock Time                      : 95 us
 - Non I/O Handling Time (Estimated)  : 95 us
 - I/O Handling Time                  : 0 us
        - Read Syscall                : 0 us
        - Write Syscall               : 0 us
        - Page Fault                  : 0 us
        - io_uring                    : 0 us

-- I/O Counts --
 Read Syscall Count                   : 0
 Write Syscall Count                  : 0
 Block I/O Count                      : 0
 io_uring Completion Count            : 0

-- Total I/O Time (block device) --
 Total Block I/O Time           : 0

-- Page Faults & Bytes --
 Page Fault Count               : 0
 Read Bytes                     : 0
 Write Bytes                    : 0
 Block Read Bytes               : 0
 Block Write Bytes              : 0
[===============================================]

[===============================================]
Result of node_idx 3 in node_object 0: Fully Connected (NC, QDU8, F32, QC8W)

-- Elapsed Time Analysis --
 Wall-clock Time                      : 918 us
 - Non I/O Handling Time (Estimated)  : 260 us
 - I/O Handling Time                  : 658 us
        - Read Syscall                : 0 us
        - Write Syscall               : 0 us
        - Page Fault                  : 658 us
        - io_uring                    : 0 us

-- I/O Counts --
 Read Syscall Count                   : 0
 Write Syscall Count                  : 0
 Block I/O Count                      : 1
 io_uring Completion Count            : 0

-- Total I/O Time (block device) --
 Total Block I/O Time           : 433

-- Page Faults & Bytes --
 Page Fault Count               : 5
 Read Bytes                     : 0
 Write Bytes                    : 0
 Block Read Bytes               : 131072
 Block Write Bytes              : 0
[===============================================]

[===============================================]
Result of node_idx 4 in node_object 0: Multiply (ND)

-- Elapsed Time Analysis --
 Wall-clock Time                      : 93 us
 - Non I/O Handling Time (Estimated)  : 93 us
 - I/O Handling Time                  : 0 us
        - Read Syscall                : 0 us
        - Write Syscall               : 0 us
        - Page Fault                  : 0 us
        - io_uring                    : 0 us

-- I/O Counts --
 Read Syscall Count                   : 0
 Write Syscall Count                  : 0
 Block I/O Count                      : 0
 io_uring Completion Count            : 0

-- Total I/O Time (block device) --
 Total Block I/O Time           : 0

-- Page Faults & Bytes --
 Page Fault Count               : 0
 Read Bytes                     : 0
 Write Bytes                    : 0
 Block Read Bytes               : 0
 Block Write Bytes              : 0
[===============================================]

[===============================================]
Result of node_idx 5 in node_object 0: Fully Connected (NC, QDU8, F32, QC8W)

-- Elapsed Time Analysis --
 Wall-clock Time                      : 1154 us
 - Non I/O Handling Time (Estimated)  : 132 us
 - I/O Handling Time                  : 1022 us
        - Read Syscall                : 0 us
        - Write Syscall               : 0 us
        - Page Fault                  : 1022 us
        - io_uring                    : 0 us

-- I/O Counts --
 Read Syscall Count                   : 0
 Write Syscall Count                  : 0
 Block I/O Count                      : 3
 io_uring Completion Count            : 0

-- Total I/O Time (block device) --
 Total Block I/O Time           : 1097

-- Page Faults & Bytes --
 Page Fault Count               : 8
 Read Bytes                     : 0
 Write Bytes                    : 0
 Block Read Bytes               : 98304
 Block Write Bytes              : 0
[===============================================]

[===============================================]
Result of node_idx 6 in node_object 0: Add (ND)

-- Elapsed Time Analysis --
 Wall-clock Time                      : 34 us
 - Non I/O Handling Time (Estimated)  : 34 us
 - I/O Handling Time                  : 0 us
        - Read Syscall                : 0 us
        - Write Syscall               : 0 us
        - Page Fault                  : 0 us
        - io_uring                    : 0 us

-- I/O Counts --
 Read Syscall Count                   : 0
 Write Syscall Count                  : 0
 Block I/O Count                      : 0
 io_uring Completion Count            : 0

-- Total I/O Time (block device) --
 Total Block I/O Time           : 0

-- Page Faults & Bytes --
 Page Fault Count               : 0
 Read Bytes                     : 0
 Write Bytes                    : 0
 Block Read Bytes               : 0
 Block Write Bytes              : 0
[===============================================]

[===============================================]
Result of node_idx 0 in node_object 0: Multiply (ND)

-- Elapsed Time Analysis --
 Wall-clock Time                      : 78 us
 - Non I/O Handling Time (Estimated)  : 78 us
 - I/O Handling Time                  : 0 us
        - Read Syscall                : 0 us
        - Write Syscall               : 0 us
        - Page Fault                  : 0 us
        - io_uring                    : 0 us

-- I/O Counts --
 Read Syscall Count                   : 0
 Write Syscall Count                  : 0
 Block I/O Count                      : 0
 io_uring Completion Count            : 0

-- Total I/O Time (block device) --
 Total Block I/O Time           : 0

-- Page Faults & Bytes --
 Page Fault Count               : 0
 Read Bytes                     : 0
 Write Bytes                    : 0
 Block Read Bytes               : 0
 Block Write Bytes              : 0
[===============================================]

[===============================================]
Result of node_idx 1 in node_object 0: Sum (ND)

-- Elapsed Time Analysis --
 Wall-clock Time                      : 96 us
 - Non I/O Handling Time (Estimated)  : 96 us
 - I/O Handling Time                  : 0 us
        - Read Syscall                : 0 us
        - Write Syscall               : 0 us
        - Page Fault                  : 0 us
        - io_uring                    : 0 us

-- I/O Counts --
 Read Syscall Count                   : 0
 Write Syscall Count                  : 0
 Block I/O Count                      : 0
 io_uring Completion Count            : 0

-- Total I/O Time (block device) --
 Total Block I/O Time           : 0

-- Page Faults & Bytes --
 Page Fault Count               : 0
 Read Bytes                     : 0
 Write Bytes                    : 0
 Block Read Bytes               : 0
 Block Write Bytes              : 0
[===============================================]

[===============================================]
Result of node_idx 2 in node_object 0: Multiply (ND)

-- Elapsed Time Analysis --
 Wall-clock Time                      : 4 us
 - Non I/O Handling Time (Estimated)  : 4 us
 - I/O Handling Time                  : 0 us
        - Read Syscall                : 0 us
        - Write Syscall               : 0 us
        - Page Fault                  : 0 us
        - io_uring                    : 0 us

-- I/O Counts --
 Read Syscall Count                   : 0
 Write Syscall Count                  : 0
 Block I/O Count                      : 0
 io_uring Completion Count            : 0

-- Total I/O Time (block device) --
 Total Block I/O Time           : 0

-- Page Faults & Bytes --
 Page Fault Count               : 0
 Read Bytes                     : 0
 Write Bytes                    : 0
 Block Read Bytes               : 0
 Block Write Bytes              : 0
[===============================================]

[===============================================]
Result of node_idx 3 in node_object 0: Add (ND)

-- Elapsed Time Analysis --
 Wall-clock Time                      : 2 us
 - Non I/O Handling Time (Estimated)  : 2 us
 - I/O Handling Time                  : 0 us
        - Read Syscall                : 0 us
        - Write Syscall               : 0 us
        - Page Fault                  : 0 us
        - io_uring                    : 0 us

-- I/O Counts --
 Read Syscall Count                   : 0
 Write Syscall Count                  : 0
 Block I/O Count                      : 0
 io_uring Completion Count            : 0

-- Total I/O Time (block device) --
 Total Block I/O Time           : 0

-- Page Faults & Bytes --
 Page Fault Count               : 0
 Read Bytes                     : 0
 Write Bytes                    : 0
 Block Read Bytes               : 0
 Block Write Bytes              : 0
[===============================================]

[===============================================]
Result of node_idx 4 in node_object 0: Static Reshape (NC)

-- Elapsed Time Analysis --
 Wall-clock Time                      : 2 us
 - Non I/O Handling Time (Estimated)  : 2 us
 - I/O Handling Time                  : 0 us
        - Read Syscall                : 0 us
        - Write Syscall               : 0 us
        - Page Fault                  : 0 us
        - io_uring                    : 0 us

-- I/O Counts --
 Read Syscall Count                   : 0
 Write Syscall Count                  : 0
 Block I/O Count                      : 0
 io_uring Completion Count            : 0

-- Total I/O Time (block device) --
 Total Block I/O Time           : 0

-- Page Faults & Bytes --
 Page Fault Count               : 0
 Read Bytes                     : 0
 Write Bytes                    : 0
 Block Read Bytes               : 0
 Block Write Bytes              : 0
[===============================================]

[===============================================]
Result of node_idx 5 in node_object 0: Reciprocal Square Root (NC)

-- Elapsed Time Analysis --
 Wall-clock Time                      : 2 us
 - Non I/O Handling Time (Estimated)  : 2 us
 - I/O Handling Time                  : 0 us
        - Read Syscall                : 0 us
        - Write Syscall               : 0 us
        - Page Fault                  : 0 us
        - io_uring                    : 0 us

-- I/O Counts --
 Read Syscall Count                   : 0
 Write Syscall Count                  : 0
 Block I/O Count                      : 0
 io_uring Completion Count            : 0

-- Total I/O Time (block device) --
 Total Block I/O Time           : 0

-- Page Faults & Bytes --
 Page Fault Count               : 0
 Read Bytes                     : 0
 Write Bytes                    : 0
 Block Read Bytes               : 0
 Block Write Bytes              : 0
[===============================================]

[===============================================]
Result of node_idx 6 in node_object 0: Multiply (ND)

-- Elapsed Time Analysis --
 Wall-clock Time                      : 79 us
 - Non I/O Handling Time (Estimated)  : 79 us
 - I/O Handling Time                  : 0 us
        - Read Syscall                : 0 us
        - Write Syscall               : 0 us
        - Page Fault                  : 0 us
        - io_uring                    : 0 us

-- I/O Counts --
 Read Syscall Count                   : 0
 Write Syscall Count                  : 0
 Block I/O Count                      : 0
 io_uring Completion Count            : 0

-- Total I/O Time (block device) --
 Total Block I/O Time           : 0

-- Page Faults & Bytes --
 Page Fault Count               : 0
 Read Bytes                     : 0
 Write Bytes                    : 0
 Block Read Bytes               : 0
 Block Write Bytes              : 0
[===============================================]

[===============================================]
Result of node_idx 7 in node_object 0: Multiply (ND)

-- Elapsed Time Analysis --
 Wall-clock Time                      : 13 us
 - Non I/O Handling Time (Estimated)  : 13 us
 - I/O Handling Time                  : 0 us
        - Read Syscall                : 0 us
        - Write Syscall               : 0 us
        - Page Fault                  : 0 us
        - io_uring                    : 0 us

-- I/O Counts --
 Read Syscall Count                   : 0
 Write Syscall Count                  : 0
 Block I/O Count                      : 0
 io_uring Completion Count            : 0

-- Total I/O Time (block device) --
 Total Block I/O Time           : 0

-- Page Faults & Bytes --
 Page Fault Count               : 0
 Read Bytes                     : 0
 Write Bytes                    : 0
 Block Read Bytes               : 0
 Block Write Bytes              : 0
[===============================================]

[===============================================]
Result of node_idx 0 in node_object 0: Fully Connected (NC, QDU8, F32, QC8W)

-- Elapsed Time Analysis --
 Wall-clock Time                      : 694 us
 - Non I/O Handling Time (Estimated)  : 144 us
 - I/O Handling Time                  : 550 us
        - Read Syscall                : 0 us
        - Write Syscall               : 0 us
        - Page Fault                  : 550 us
        - io_uring                    : 0 us

-- I/O Counts --
 Read Syscall Count                   : 0
 Write Syscall Count                  : 0
 Block I/O Count                      : 2
 io_uring Completion Count            : 0

-- Total I/O Time (block device) --
 Total Block I/O Time           : 472

-- Page Faults & Bytes --
 Page Fault Count               : 5
 Read Bytes                     : 0
 Write Bytes                    : 0
 Block Read Bytes               : 77824
 Block Write Bytes              : 0
[===============================================]

[===============================================]
Result of node_idx 1 in node_object 0: Static Reshape (NC)

-- Elapsed Time Analysis --
 Wall-clock Time                      : 88 us
 - Non I/O Handling Time (Estimated)  : 88 us
 - I/O Handling Time                  : 0 us
        - Read Syscall                : 0 us
        - Write Syscall               : 0 us
        - Page Fault                  : 0 us
        - io_uring                    : 0 us

-- I/O Counts --
 Read Syscall Count                   : 0
 Write Syscall Count                  : 0
 Block I/O Count                      : 0
 io_uring Completion Count            : 0

-- Total I/O Time (block device) --
 Total Block I/O Time           : 0

-- Page Faults & Bytes --
 Page Fault Count               : 0
 Read Bytes                     : 0
 Write Bytes                    : 0
 Block Read Bytes               : 0
 Block Write Bytes              : 0
[===============================================]

[===============================================]
Result of node_idx 2 in node_object 0: Slice (ND, X32)

-- Elapsed Time Analysis --
 Wall-clock Time                      : 89 us
 - Non I/O Handling Time (Estimated)  : 89 us
 - I/O Handling Time                  : 0 us
        - Read Syscall                : 0 us
        - Write Syscall               : 0 us
        - Page Fault                  : 0 us
        - io_uring                    : 0 us

-- I/O Counts --
 Read Syscall Count                   : 0
 Write Syscall Count                  : 0
 Block I/O Count                      : 0
 io_uring Completion Count            : 0

-- Total I/O Time (block device) --
 Total Block I/O Time           : 0

-- Page Faults & Bytes --
 Page Fault Count               : 0
 Read Bytes                     : 0
 Write Bytes                    : 0
 Block Read Bytes               : 0
 Block Write Bytes              : 0
[===============================================]

[===============================================]
Result of node_idx 3 in node_object 0: Slice (ND, X32)

-- Elapsed Time Analysis --
 Wall-clock Time                      : 86 us
 - Non I/O Handling Time (Estimated)  : 86 us
 - I/O Handling Time                  : 0 us
        - Read Syscall                : 0 us
        - Write Syscall               : 0 us
        - Page Fault                  : 0 us
        - io_uring                    : 0 us

-- I/O Counts --
 Read Syscall Count                   : 0
 Write Syscall Count                  : 0
 Block I/O Count                      : 0
 io_uring Completion Count            : 0

-- Total I/O Time (block device) --
 Total Block I/O Time           : 0

-- Page Faults & Bytes --
 Page Fault Count               : 0
 Read Bytes                     : 0
 Write Bytes                    : 0
 Block Read Bytes               : 0
 Block Write Bytes              : 0
[===============================================]

[===============================================]
Result of node_idx 4 in node_object 0: Slice (ND, X32)

-- Elapsed Time Analysis --
 Wall-clock Time                      : 14 us
 - Non I/O Handling Time (Estimated)  : 14 us
 - I/O Handling Time                  : 0 us
        - Read Syscall                : 0 us
        - Write Syscall               : 0 us
        - Page Fault                  : 0 us
        - io_uring                    : 0 us

-- I/O Counts --
 Read Syscall Count                   : 0
 Write Syscall Count                  : 0
 Block I/O Count                      : 0
 io_uring Completion Count            : 0

-- Total I/O Time (block device) --
 Total Block I/O Time           : 0

-- Page Faults & Bytes --
 Page Fault Count               : 0
 Read Bytes                     : 0
 Write Bytes                    : 0
 Block Read Bytes               : 0
 Block Write Bytes              : 0
[===============================================]

[===============================================]
Result of node_idx 5 in node_object 0: Static Reshape (NC)

-- Elapsed Time Analysis --
 Wall-clock Time                      : 3 us
 - Non I/O Handling Time (Estimated)  : 3 us
 - I/O Handling Time                  : 0 us
        - Read Syscall                : 0 us
        - Write Syscall               : 0 us
        - Page Fault                  : 0 us
        - io_uring                    : 0 us

-- I/O Counts --
 Read Syscall Count                   : 0
 Write Syscall Count                  : 0
 Block I/O Count                      : 0
 io_uring Completion Count            : 0

-- Total I/O Time (block device) --
 Total Block I/O Time           : 0

-- Page Faults & Bytes --
 Page Fault Count               : 0
 Read Bytes                     : 0
 Write Bytes                    : 0
 Block Read Bytes               : 0
 Block Write Bytes              : 0
[===============================================]

[===============================================]
Result of node_idx 6 in node_object 0: Transpose (ND, X32)

-- Elapsed Time Analysis --
 Wall-clock Time                      : 5 us
 - Non I/O Handling Time (Estimated)  : 5 us
 - I/O Handling Time                  : 0 us
        - Read Syscall                : 0 us
        - Write Syscall               : 0 us
        - Page Fault                  : 0 us
        - io_uring                    : 0 us

-- I/O Counts --
 Read Syscall Count                   : 0
 Write Syscall Count                  : 0
 Block I/O Count                      : 0
 io_uring Completion Count            : 0

-- Total I/O Time (block device) --
 Total Block I/O Time           : 0

-- Page Faults & Bytes --
 Page Fault Count               : 0
 Read Bytes                     : 0
 Write Bytes                    : 0
 Block Read Bytes               : 0
 Block Write Bytes              : 0
[===============================================]

[===============================================]
Result of node_idx 7 in node_object 0: Slice (ND, X32)

-- Elapsed Time Analysis --
 Wall-clock Time                      : 8 us
 - Non I/O Handling Time (Estimated)  : 8 us
 - I/O Handling Time                  : 0 us
        - Read Syscall                : 0 us
        - Write Syscall               : 0 us
        - Page Fault                  : 0 us
        - io_uring                    : 0 us

-- I/O Counts --
 Read Syscall Count                   : 0
 Write Syscall Count                  : 0
 Block I/O Count                      : 0
 io_uring Completion Count            : 0

-- Total I/O Time (block device) --
 Total Block I/O Time           : 0

-- Page Faults & Bytes --
 Page Fault Count               : 0
 Read Bytes                     : 0
 Write Bytes                    : 0
 Block Read Bytes               : 0
 Block Write Bytes              : 0
[===============================================]

[===============================================]
Result of node_idx 8 in node_object 0: Slice (ND, X32)

-- Elapsed Time Analysis --
 Wall-clock Time                      : 8 us
 - Non I/O Handling Time (Estimated)  : 8 us
 - I/O Handling Time                  : 0 us
        - Read Syscall                : 0 us
        - Write Syscall               : 0 us
        - Page Fault                  : 0 us
        - io_uring                    : 0 us

-- I/O Counts --
 Read Syscall Count                   : 0
 Write Syscall Count                  : 0
 Block I/O Count                      : 0
 io_uring Completion Count            : 0

-- Total I/O Time (block device) --
 Total Block I/O Time           : 0

-- Page Faults & Bytes --
 Page Fault Count               : 0
 Read Bytes                     : 0
 Write Bytes                    : 0
 Block Read Bytes               : 0
 Block Write Bytes              : 0
[===============================================]

[===============================================]
Result of node_idx 9 in node_object 0: Multiply (ND)

-- Elapsed Time Analysis --
 Wall-clock Time                      : 6 us
 - Non I/O Handling Time (Estimated)  : 6 us
 - I/O Handling Time                  : 0 us
        - Read Syscall                : 0 us
        - Write Syscall               : 0 us
        - Page Fault                  : 0 us
        - io_uring                    : 0 us

-- I/O Counts --
 Read Syscall Count                   : 0
 Write Syscall Count                  : 0
 Block I/O Count                      : 0
 io_uring Completion Count            : 0

-- Total I/O Time (block device) --
 Total Block I/O Time           : 0

-- Page Faults & Bytes --
 Page Fault Count               : 0
 Read Bytes                     : 0
 Write Bytes                    : 0
 Block Read Bytes               : 0
 Block Write Bytes              : 0
[===============================================]

[===============================================]
Result of node_idx 10 in node_object 0: Multiply (ND)

-- Elapsed Time Analysis --
 Wall-clock Time                      : 5 us
 - Non I/O Handling Time (Estimated)  : 5 us
 - I/O Handling Time                  : 0 us
        - Read Syscall                : 0 us
        - Write Syscall               : 0 us
        - Page Fault                  : 0 us
        - io_uring                    : 0 us

-- I/O Counts --
 Read Syscall Count                   : 0
 Write Syscall Count                  : 0
 Block I/O Count                      : 0
 io_uring Completion Count            : 0

-- Total I/O Time (block device) --
 Total Block I/O Time           : 0

-- Page Faults & Bytes --
 Page Fault Count               : 0
 Read Bytes                     : 0
 Write Bytes                    : 0
 Block Read Bytes               : 0
 Block Write Bytes              : 0
[===============================================]

[===============================================]
Result of node_idx 11 in node_object 0: Subtract (ND)

-- Elapsed Time Analysis --
 Wall-clock Time                      : 6 us
 - Non I/O Handling Time (Estimated)  : 6 us
 - I/O Handling Time                  : 0 us
        - Read Syscall                : 0 us
        - Write Syscall               : 0 us
        - Page Fault                  : 0 us
        - io_uring                    : 0 us

-- I/O Counts --
 Read Syscall Count                   : 0
 Write Syscall Count                  : 0
 Block I/O Count                      : 0
 io_uring Completion Count            : 0

-- Total I/O Time (block device) --
 Total Block I/O Time           : 0

-- Page Faults & Bytes --
 Page Fault Count               : 0
 Read Bytes                     : 0
 Write Bytes                    : 0
 Block Read Bytes               : 0
 Block Write Bytes              : 0
[===============================================]

[===============================================]
Result of node_idx 12 in node_object 0: Multiply (ND)

-- Elapsed Time Analysis --
 Wall-clock Time                      : 5 us
 - Non I/O Handling Time (Estimated)  : 5 us
 - I/O Handling Time                  : 0 us
        - Read Syscall                : 0 us
        - Write Syscall               : 0 us
        - Page Fault                  : 0 us
        - io_uring                    : 0 us

-- I/O Counts --
 Read Syscall Count                   : 0
 Write Syscall Count                  : 0
 Block I/O Count                      : 0
 io_uring Completion Count            : 0

-- Total I/O Time (block device) --
 Total Block I/O Time           : 0

-- Page Faults & Bytes --
 Page Fault Count               : 0
 Read Bytes                     : 0
 Write Bytes                    : 0
 Block Read Bytes               : 0
 Block Write Bytes              : 0
[===============================================]

[===============================================]
Result of node_idx 13 in node_object 0: Multiply (ND)

-- Elapsed Time Analysis --
 Wall-clock Time                      : 5 us
 - Non I/O Handling Time (Estimated)  : 5 us
 - I/O Handling Time                  : 0 us
        - Read Syscall                : 0 us
        - Write Syscall               : 0 us
        - Page Fault                  : 0 us
        - io_uring                    : 0 us

-- I/O Counts --
 Read Syscall Count                   : 0
 Write Syscall Count                  : 0
 Block I/O Count                      : 0
 io_uring Completion Count            : 0

-- Total I/O Time (block device) --
 Total Block I/O Time           : 0

-- Page Faults & Bytes --
 Page Fault Count               : 0
 Read Bytes                     : 0
 Write Bytes                    : 0
 Block Read Bytes               : 0
 Block Write Bytes              : 0
[===============================================]

[===============================================]
Result of node_idx 14 in node_object 0: Add (ND)

-- Elapsed Time Analysis --
 Wall-clock Time                      : 6 us
 - Non I/O Handling Time (Estimated)  : 6 us
 - I/O Handling Time                  : 0 us
        - Read Syscall                : 0 us
        - Write Syscall               : 0 us
        - Page Fault                  : 0 us
        - io_uring                    : 0 us

-- I/O Counts --
 Read Syscall Count                   : 0
 Write Syscall Count                  : 0
 Block I/O Count                      : 0
 io_uring Completion Count            : 0

-- Total I/O Time (block device) --
 Total Block I/O Time           : 0

-- Page Faults & Bytes --
 Page Fault Count               : 0
 Read Bytes                     : 0
 Write Bytes                    : 0
 Block Read Bytes               : 0
 Block Write Bytes              : 0
[===============================================]

[===============================================]
Result of node_idx 15 in node_object 0: Copy (NC, X32)

-- Elapsed Time Analysis --
 Wall-clock Time                      : 6 us
 - Non I/O Handling Time (Estimated)  : 6 us
 - I/O Handling Time                  : 0 us
        - Read Syscall                : 0 us
        - Write Syscall               : 0 us
        - Page Fault                  : 0 us
        - io_uring                    : 0 us

-- I/O Counts --
 Read Syscall Count                   : 0
 Write Syscall Count                  : 0
 Block I/O Count                      : 0
 io_uring Completion Count            : 0

-- Total I/O Time (block device) --
 Total Block I/O Time           : 0

-- Page Faults & Bytes --
 Page Fault Count               : 0
 Read Bytes                     : 0
 Write Bytes                    : 0
 Block Read Bytes               : 0
 Block Write Bytes              : 0
[===============================================]

[===============================================]
Result of node_idx 15 in node_object 1: Copy (NC, X32)

-- Elapsed Time Analysis --
 Wall-clock Time                      : 6 us
 - Non I/O Handling Time (Estimated)  : 6 us
 - I/O Handling Time                  : 0 us
        - Read Syscall                : 0 us
        - Write Syscall               : 0 us
        - Page Fault                  : 0 us
        - io_uring                    : 0 us

-- I/O Counts --
 Read Syscall Count                   : 0
 Write Syscall Count                  : 0
 Block I/O Count                      : 0
 io_uring Completion Count            : 0

-- Total I/O Time (block device) --
 Total Block I/O Time           : 0

-- Page Faults & Bytes --
 Page Fault Count               : 0
 Read Bytes                     : 0
 Write Bytes                    : 0
 Block Read Bytes               : 0
 Block Write Bytes              : 0
[===============================================]

[===============================================]
Result of node_idx 16 in node_object 0: Transpose (ND, X32)

-- Elapsed Time Analysis --
 Wall-clock Time                      : 5 us
 - Non I/O Handling Time (Estimated)  : 5 us
 - I/O Handling Time                  : 0 us
        - Read Syscall                : 0 us
        - Write Syscall               : 0 us
        - Page Fault                  : 0 us
        - io_uring                    : 0 us

-- I/O Counts --
 Read Syscall Count                   : 0
 Write Syscall Count                  : 0
 Block I/O Count                      : 0
 io_uring Completion Count            : 0

-- Total I/O Time (block device) --
 Total Block I/O Time           : 0

-- Page Faults & Bytes --
 Page Fault Count               : 0
 Read Bytes                     : 0
 Write Bytes                    : 0
 Block Read Bytes               : 0
 Block Write Bytes              : 0
[===============================================]

[===============================================]
Result of node_idx 17 in node_object 0: Transpose (ND, X32)

-- Elapsed Time Analysis --
 Wall-clock Time                      : 4 us
 - Non I/O Handling Time (Estimated)  : 4 us
 - I/O Handling Time                  : 0 us
        - Read Syscall                : 0 us
        - Write Syscall               : 0 us
        - Page Fault                  : 0 us
        - io_uring                    : 0 us

-- I/O Counts --
 Read Syscall Count                   : 0
 Write Syscall Count                  : 0
 Block I/O Count                      : 0
 io_uring Completion Count            : 0

-- Total I/O Time (block device) --
 Total Block I/O Time           : 0

-- Page Faults & Bytes --
 Page Fault Count               : 0
 Read Bytes                     : 0
 Write Bytes                    : 0
 Block Read Bytes               : 0
 Block Write Bytes              : 0
[===============================================]

[===============================================]
Result of node_idx 18 in node_object 0: Slice (ND, X32)

-- Elapsed Time Analysis --
 Wall-clock Time                      : 7 us
 - Non I/O Handling Time (Estimated)  : 7 us
 - I/O Handling Time                  : 0 us
        - Read Syscall                : 0 us
        - Write Syscall               : 0 us
        - Page Fault                  : 0 us
        - io_uring                    : 0 us

-- I/O Counts --
 Read Syscall Count                   : 0
 Write Syscall Count                  : 0
 Block I/O Count                      : 0
 io_uring Completion Count            : 0

-- Total I/O Time (block device) --
 Total Block I/O Time           : 0

-- Page Faults & Bytes --
 Page Fault Count               : 0
 Read Bytes                     : 0
 Write Bytes                    : 0
 Block Read Bytes               : 0
 Block Write Bytes              : 0
[===============================================]

[===============================================]
Result of node_idx 19 in node_object 0: Slice (ND, X32)

-- Elapsed Time Analysis --
 Wall-clock Time                      : 7 us
 - Non I/O Handling Time (Estimated)  : 7 us
 - I/O Handling Time                  : 0 us
        - Read Syscall                : 0 us
        - Write Syscall               : 0 us
        - Page Fault                  : 0 us
        - io_uring                    : 0 us

-- I/O Counts --
 Read Syscall Count                   : 0
 Write Syscall Count                  : 0
 Block I/O Count                      : 0
 io_uring Completion Count            : 0

-- Total I/O Time (block device) --
 Total Block I/O Time           : 0

-- Page Faults & Bytes --
 Page Fault Count               : 0
 Read Bytes                     : 0
 Write Bytes                    : 0
 Block Read Bytes               : 0
 Block Write Bytes              : 0
[===============================================]

[===============================================]
Result of node_idx 20 in node_object 0: Multiply (ND)

-- Elapsed Time Analysis --
 Wall-clock Time                      : 5 us
 - Non I/O Handling Time (Estimated)  : 5 us
 - I/O Handling Time                  : 0 us
        - Read Syscall                : 0 us
        - Write Syscall               : 0 us
        - Page Fault                  : 0 us
        - io_uring                    : 0 us

-- I/O Counts --
 Read Syscall Count                   : 0
 Write Syscall Count                  : 0
 Block I/O Count                      : 0
 io_uring Completion Count            : 0

-- Total I/O Time (block device) --
 Total Block I/O Time           : 0

-- Page Faults & Bytes --
 Page Fault Count               : 0
 Read Bytes                     : 0
 Write Bytes                    : 0
 Block Read Bytes               : 0
 Block Write Bytes              : 0
[===============================================]

[===============================================]
Result of node_idx 21 in node_object 0: Multiply (ND)

-- Elapsed Time Analysis --
 Wall-clock Time                      : 5 us
 - Non I/O Handling Time (Estimated)  : 5 us
 - I/O Handling Time                  : 0 us
        - Read Syscall                : 0 us
        - Write Syscall               : 0 us
        - Page Fault                  : 0 us
        - io_uring                    : 0 us

-- I/O Counts --
 Read Syscall Count                   : 0
 Write Syscall Count                  : 0
 Block I/O Count                      : 0
 io_uring Completion Count            : 0

-- Total I/O Time (block device) --
 Total Block I/O Time           : 0

-- Page Faults & Bytes --
 Page Fault Count               : 0
 Read Bytes                     : 0
 Write Bytes                    : 0
 Block Read Bytes               : 0
 Block Write Bytes              : 0
[===============================================]

[===============================================]
Result of node_idx 22 in node_object 0: Subtract (ND)

-- Elapsed Time Analysis --
 Wall-clock Time                      : 6 us
 - Non I/O Handling Time (Estimated)  : 6 us
 - I/O Handling Time                  : 0 us
        - Read Syscall                : 0 us
        - Write Syscall               : 0 us
        - Page Fault                  : 0 us
        - io_uring                    : 0 us

-- I/O Counts --
 Read Syscall Count                   : 0
 Write Syscall Count                  : 0
 Block I/O Count                      : 0
 io_uring Completion Count            : 0

-- Total I/O Time (block device) --
 Total Block I/O Time           : 0

-- Page Faults & Bytes --
 Page Fault Count               : 0
 Read Bytes                     : 0
 Write Bytes                    : 0
 Block Read Bytes               : 0
 Block Write Bytes              : 0
[===============================================]

[===============================================]
Result of node_idx 23 in node_object 0: Multiply (ND)

-- Elapsed Time Analysis --
 Wall-clock Time                      : 5 us
 - Non I/O Handling Time (Estimated)  : 5 us
 - I/O Handling Time                  : 0 us
        - Read Syscall                : 0 us
        - Write Syscall               : 0 us
        - Page Fault                  : 0 us
        - io_uring                    : 0 us

-- I/O Counts --
 Read Syscall Count                   : 0
 Write Syscall Count                  : 0
 Block I/O Count                      : 0
 io_uring Completion Count            : 0

-- Total I/O Time (block device) --
 Total Block I/O Time           : 0

-- Page Faults & Bytes --
 Page Fault Count               : 0
 Read Bytes                     : 0
 Write Bytes                    : 0
 Block Read Bytes               : 0
 Block Write Bytes              : 0
[===============================================]

[===============================================]
Result of node_idx 24 in node_object 0: Multiply (ND)

-- Elapsed Time Analysis --
 Wall-clock Time                      : 5 us
 - Non I/O Handling Time (Estimated)  : 5 us
 - I/O Handling Time                  : 0 us
        - Read Syscall                : 0 us
        - Write Syscall               : 0 us
        - Page Fault                  : 0 us
        - io_uring                    : 0 us

-- I/O Counts --
 Read Syscall Count                   : 0
 Write Syscall Count                  : 0
 Block I/O Count                      : 0
 io_uring Completion Count            : 0

-- Total I/O Time (block device) --
 Total Block I/O Time           : 0

-- Page Faults & Bytes --
 Page Fault Count               : 0
 Read Bytes                     : 0
 Write Bytes                    : 0
 Block Read Bytes               : 0
 Block Write Bytes              : 0
[===============================================]

[===============================================]
Result of node_idx 25 in node_object 0: Add (ND)

-- Elapsed Time Analysis --
 Wall-clock Time                      : 6 us
 - Non I/O Handling Time (Estimated)  : 6 us
 - I/O Handling Time                  : 0 us
        - Read Syscall                : 0 us
        - Write Syscall               : 0 us
        - Page Fault                  : 0 us
        - io_uring                    : 0 us

-- I/O Counts --
 Read Syscall Count                   : 0
 Write Syscall Count                  : 0
 Block I/O Count                      : 0
 io_uring Completion Count            : 0

-- Total I/O Time (block device) --
 Total Block I/O Time           : 0

-- Page Faults & Bytes --
 Page Fault Count               : 0
 Read Bytes                     : 0
 Write Bytes                    : 0
 Block Read Bytes               : 0
 Block Write Bytes              : 0
[===============================================]

[===============================================]
Result of node_idx 26 in node_object 0: Copy (NC, X32)

-- Elapsed Time Analysis --
 Wall-clock Time                      : 5 us
 - Non I/O Handling Time (Estimated)  : 5 us
 - I/O Handling Time                  : 0 us
        - Read Syscall                : 0 us
        - Write Syscall               : 0 us
        - Page Fault                  : 0 us
        - io_uring                    : 0 us

-- I/O Counts --
 Read Syscall Count                   : 0
 Write Syscall Count                  : 0
 Block I/O Count                      : 0
 io_uring Completion Count            : 0

-- Total I/O Time (block device) --
 Total Block I/O Time           : 0

-- Page Faults & Bytes --
 Page Fault Count               : 0
 Read Bytes                     : 0
 Write Bytes                    : 0
 Block Read Bytes               : 0
 Block Write Bytes              : 0
[===============================================]

[===============================================]
Result of node_idx 26 in node_object 1: Copy (NC, X32)

-- Elapsed Time Analysis --
 Wall-clock Time                      : 6 us
 - Non I/O Handling Time (Estimated)  : 6 us
 - I/O Handling Time                  : 0 us
        - Read Syscall                : 0 us
        - Write Syscall               : 0 us
        - Page Fault                  : 0 us
        - io_uring                    : 0 us

-- I/O Counts --
 Read Syscall Count                   : 0
 Write Syscall Count                  : 0
 Block I/O Count                      : 0
 io_uring Completion Count            : 0

-- Total I/O Time (block device) --
 Total Block I/O Time           : 0

-- Page Faults & Bytes --
 Page Fault Count               : 0
 Read Bytes                     : 0
 Write Bytes                    : 0
 Block Read Bytes               : 0
 Block Write Bytes              : 0
[===============================================]

[===============================================]
Result of node_idx 27 in node_object 0: Transpose (ND, X32)

-- Elapsed Time Analysis --
 Wall-clock Time                      : 4 us
 - Non I/O Handling Time (Estimated)  : 4 us
 - I/O Handling Time                  : 0 us
        - Read Syscall                : 0 us
        - Write Syscall               : 0 us
        - Page Fault                  : 0 us
        - io_uring                    : 0 us

-- I/O Counts --
 Read Syscall Count                   : 0
 Write Syscall Count                  : 0
 Block I/O Count                      : 0
 io_uring Completion Count            : 0

-- Total I/O Time (block device) --
 Total Block I/O Time           : 0

-- Page Faults & Bytes --
 Page Fault Count               : 0
 Read Bytes                     : 0
 Write Bytes                    : 0
 Block Read Bytes               : 0
 Block Write Bytes              : 0
[===============================================]

[===============================================]
Result of node_idx 0 in node_object 0: Multiply (ND)

-- Elapsed Time Analysis --
 Wall-clock Time                      : 5 us
 - Non I/O Handling Time (Estimated)  : 5 us
 - I/O Handling Time                  : 0 us
        - Read Syscall                : 0 us
        - Write Syscall               : 0 us
        - Page Fault                  : 0 us
        - io_uring                    : 0 us

-- I/O Counts --
 Read Syscall Count                   : 0
 Write Syscall Count                  : 0
 Block I/O Count                      : 0
 io_uring Completion Count            : 0

-- Total I/O Time (block device) --
 Total Block I/O Time           : 0

-- Page Faults & Bytes --
 Page Fault Count               : 0
 Read Bytes                     : 0
 Write Bytes                    : 0
 Block Read Bytes               : 0
 Block Write Bytes              : 0
[===============================================]

[===============================================]
Result of node_idx 1 in node_object 0: Transpose (ND, X32)

-- Elapsed Time Analysis --
 Wall-clock Time                      : 5 us
 - Non I/O Handling Time (Estimated)  : 5 us
 - I/O Handling Time                  : 0 us
        - Read Syscall                : 0 us
        - Write Syscall               : 0 us
        - Page Fault                  : 0 us
        - io_uring                    : 0 us

-- I/O Counts --
 Read Syscall Count                   : 0
 Write Syscall Count                  : 0
 Block I/O Count                      : 0
 io_uring Completion Count            : 0

-- Total I/O Time (block device) --
 Total Block I/O Time           : 0

-- Page Faults & Bytes --
 Page Fault Count               : 0
 Read Bytes                     : 0
 Write Bytes                    : 0
 Block Read Bytes               : 0
 Block Write Bytes              : 0
[===============================================]

[===============================================]
Result of node_idx 2 in node_object 0: Transpose (ND, X32)

-- Elapsed Time Analysis --
 Wall-clock Time                      : 27 us
 - Non I/O Handling Time (Estimated)  : 27 us
 - I/O Handling Time                  : 0 us
        - Read Syscall                : 0 us
        - Write Syscall               : 0 us
        - Page Fault                  : 0 us
        - io_uring                    : 0 us

-- I/O Counts --
 Read Syscall Count                   : 0
 Write Syscall Count                  : 0
 Block I/O Count                      : 0
 io_uring Completion Count            : 0

-- Total I/O Time (block device) --
 Total Block I/O Time           : 0

-- Page Faults & Bytes --
 Page Fault Count               : 0
 Read Bytes                     : 0
 Write Bytes                    : 0
 Block Read Bytes               : 0
 Block Write Bytes              : 0
[===============================================]

[===============================================]
Result of node_idx 3 in node_object 0: Static Reshape (NC)

-- Elapsed Time Analysis --
 Wall-clock Time                      : 3 us
 - Non I/O Handling Time (Estimated)  : 3 us
 - I/O Handling Time                  : 0 us
        - Read Syscall                : 0 us
        - Write Syscall               : 0 us
        - Page Fault                  : 0 us
        - io_uring                    : 0 us

-- I/O Counts --
 Read Syscall Count                   : 0
 Write Syscall Count                  : 0
 Block I/O Count                      : 0
 io_uring Completion Count            : 0

-- Total I/O Time (block device) --
 Total Block I/O Time           : 0

-- Page Faults & Bytes --
 Page Fault Count               : 0
 Read Bytes                     : 0
 Write Bytes                    : 0
 Block Read Bytes               : 0
 Block Write Bytes              : 0
[===============================================]

[===============================================]
Result of node_idx 4 in node_object 0: Static Reshape (NC)

-- Elapsed Time Analysis --
 Wall-clock Time                      : 3 us
 - Non I/O Handling Time (Estimated)  : 3 us
 - I/O Handling Time                  : 0 us
        - Read Syscall                : 0 us
        - Write Syscall               : 0 us
        - Page Fault                  : 0 us
        - io_uring                    : 0 us

-- I/O Counts --
 Read Syscall Count                   : 0
 Write Syscall Count                  : 0
 Block I/O Count                      : 0
 io_uring Completion Count            : 0

-- Total I/O Time (block device) --
 Total Block I/O Time           : 0

-- Page Faults & Bytes --
 Page Fault Count               : 0
 Read Bytes                     : 0
 Write Bytes                    : 0
 Block Read Bytes               : 0
 Block Write Bytes              : 0
[===============================================]

[===============================================]
Result of node_idx 5 in node_object 0: Batch Matrix Multiply (NC, F32)

-- Elapsed Time Analysis --
 Wall-clock Time                      : 67 us
 - Non I/O Handling Time (Estimated)  : 67 us
 - I/O Handling Time                  : 0 us
        - Read Syscall                : 0 us
        - Write Syscall               : 0 us
        - Page Fault                  : 0 us
        - io_uring                    : 0 us

-- I/O Counts --
 Read Syscall Count                   : 0
 Write Syscall Count                  : 0
 Block I/O Count                      : 0
 io_uring Completion Count            : 0

-- Total I/O Time (block device) --
 Total Block I/O Time           : 0

-- Page Faults & Bytes --
 Page Fault Count               : 0
 Read Bytes                     : 0
 Write Bytes                    : 0
 Block Read Bytes               : 0
 Block Write Bytes              : 0
[===============================================]

[===============================================]
Result of node_idx 6 in node_object 0: Static Reshape (NC)

-- Elapsed Time Analysis --
 Wall-clock Time                      : 3 us
 - Non I/O Handling Time (Estimated)  : 3 us
 - I/O Handling Time                  : 0 us
        - Read Syscall                : 0 us
        - Write Syscall               : 0 us
        - Page Fault                  : 0 us
        - io_uring                    : 0 us

-- I/O Counts --
 Read Syscall Count                   : 0
 Write Syscall Count                  : 0
 Block I/O Count                      : 0
 io_uring Completion Count            : 0

-- Total I/O Time (block device) --
 Total Block I/O Time           : 0

-- Page Faults & Bytes --
 Page Fault Count               : 0
 Read Bytes                     : 0
 Write Bytes                    : 0
 Block Read Bytes               : 0
 Block Write Bytes              : 0
[===============================================]

[===============================================]
Result of node_idx 7 in node_object 0: Add (ND)

-- Elapsed Time Analysis --
 Wall-clock Time                      : 8 us
 - Non I/O Handling Time (Estimated)  : 8 us
 - I/O Handling Time                  : 0 us
        - Read Syscall                : 0 us
        - Write Syscall               : 0 us
        - Page Fault                  : 0 us
        - io_uring                    : 0 us

-- I/O Counts --
 Read Syscall Count                   : 0
 Write Syscall Count                  : 0
 Block I/O Count                      : 0
 io_uring Completion Count            : 0

-- Total I/O Time (block device) --
 Total Block I/O Time           : 0

-- Page Faults & Bytes --
 Page Fault Count               : 0
 Read Bytes                     : 0
 Write Bytes                    : 0
 Block Read Bytes               : 0
 Block Write Bytes              : 0
[===============================================]

[===============================================]
Result of node_idx 8 in node_object 0: Softmax (NC, F32)

-- Elapsed Time Analysis --
 Wall-clock Time                      : 14 us
 - Non I/O Handling Time (Estimated)  : 14 us
 - I/O Handling Time                  : 0 us
        - Read Syscall                : 0 us
        - Write Syscall               : 0 us
        - Page Fault                  : 0 us
        - io_uring                    : 0 us

-- I/O Counts --
 Read Syscall Count                   : 0
 Write Syscall Count                  : 0
 Block I/O Count                      : 0
 io_uring Completion Count            : 0

-- Total I/O Time (block device) --
 Total Block I/O Time           : 0

-- Page Faults & Bytes --
 Page Fault Count               : 0
 Read Bytes                     : 0
 Write Bytes                    : 0
 Block Read Bytes               : 0
 Block Write Bytes              : 0
[===============================================]

[===============================================]
Result of node_idx 9 in node_object 0: Transpose (ND, X32)

-- Elapsed Time Analysis --
 Wall-clock Time                      : 35 us
 - Non I/O Handling Time (Estimated)  : 35 us
 - I/O Handling Time                  : 0 us
        - Read Syscall                : 0 us
        - Write Syscall               : 0 us
        - Page Fault                  : 0 us
        - io_uring                    : 0 us

-- I/O Counts --
 Read Syscall Count                   : 0
 Write Syscall Count                  : 0
 Block I/O Count                      : 0
 io_uring Completion Count            : 0

-- Total I/O Time (block device) --
 Total Block I/O Time           : 0

-- Page Faults & Bytes --
 Page Fault Count               : 0
 Read Bytes                     : 0
 Write Bytes                    : 0
 Block Read Bytes               : 0
 Block Write Bytes              : 0
[===============================================]

[===============================================]
Result of node_idx 10 in node_object 0: Static Reshape (NC)

-- Elapsed Time Analysis --
 Wall-clock Time                      : 3 us
 - Non I/O Handling Time (Estimated)  : 3 us
 - I/O Handling Time                  : 0 us
        - Read Syscall                : 0 us
        - Write Syscall               : 0 us
        - Page Fault                  : 0 us
        - io_uring                    : 0 us

-- I/O Counts --
 Read Syscall Count                   : 0
 Write Syscall Count                  : 0
 Block I/O Count                      : 0
 io_uring Completion Count            : 0

-- Total I/O Time (block device) --
 Total Block I/O Time           : 0

-- Page Faults & Bytes --
 Page Fault Count               : 0
 Read Bytes                     : 0
 Write Bytes                    : 0
 Block Read Bytes               : 0
 Block Write Bytes              : 0
[===============================================]

[===============================================]
Result of node_idx 11 in node_object 0: Static Reshape (NC)

-- Elapsed Time Analysis --
 Wall-clock Time                      : 3 us
 - Non I/O Handling Time (Estimated)  : 3 us
 - I/O Handling Time                  : 0 us
        - Read Syscall                : 0 us
        - Write Syscall               : 0 us
        - Page Fault                  : 0 us
        - io_uring                    : 0 us

-- I/O Counts --
 Read Syscall Count                   : 0
 Write Syscall Count                  : 0
 Block I/O Count                      : 0
 io_uring Completion Count            : 0

-- Total I/O Time (block device) --
 Total Block I/O Time           : 0

-- Page Faults & Bytes --
 Page Fault Count               : 0
 Read Bytes                     : 0
 Write Bytes                    : 0
 Block Read Bytes               : 0
 Block Write Bytes              : 0
[===============================================]

[===============================================]
Result of node_idx 12 in node_object 0: Batch Matrix Multiply (NC, F32)

-- Elapsed Time Analysis --
 Wall-clock Time                      : 59 us
 - Non I/O Handling Time (Estimated)  : 59 us
 - I/O Handling Time                  : 0 us
        - Read Syscall                : 0 us
        - Write Syscall               : 0 us
        - Page Fault                  : 0 us
        - io_uring                    : 0 us

-- I/O Counts --
 Read Syscall Count                   : 0
 Write Syscall Count                  : 0
 Block I/O Count                      : 0
 io_uring Completion Count            : 0

-- Total I/O Time (block device) --
 Total Block I/O Time           : 0

-- Page Faults & Bytes --
 Page Fault Count               : 0
 Read Bytes                     : 0
 Write Bytes                    : 0
 Block Read Bytes               : 0
 Block Write Bytes              : 0
[===============================================]

[===============================================]
Result of node_idx 13 in node_object 0: Static Reshape (NC)

-- Elapsed Time Analysis --
 Wall-clock Time                      : 3 us
 - Non I/O Handling Time (Estimated)  : 3 us
 - I/O Handling Time                  : 0 us
        - Read Syscall                : 0 us
        - Write Syscall               : 0 us
        - Page Fault                  : 0 us
        - io_uring                    : 0 us

-- I/O Counts --
 Read Syscall Count                   : 0
 Write Syscall Count                  : 0
 Block I/O Count                      : 0
 io_uring Completion Count            : 0

-- Total I/O Time (block device) --
 Total Block I/O Time           : 0

-- Page Faults & Bytes --
 Page Fault Count               : 0
 Read Bytes                     : 0
 Write Bytes                    : 0
 Block Read Bytes               : 0
 Block Write Bytes              : 0
[===============================================]

[===============================================]
Result of node_idx 14 in node_object 0: Transpose (ND, X32)

-- Elapsed Time Analysis --
 Wall-clock Time                      : 5 us
 - Non I/O Handling Time (Estimated)  : 5 us
 - I/O Handling Time                  : 0 us
        - Read Syscall                : 0 us
        - Write Syscall               : 0 us
        - Page Fault                  : 0 us
        - io_uring                    : 0 us

-- I/O Counts --
 Read Syscall Count                   : 0
 Write Syscall Count                  : 0
 Block I/O Count                      : 0
 io_uring Completion Count            : 0

-- Total I/O Time (block device) --
 Total Block I/O Time           : 0

-- Page Faults & Bytes --
 Page Fault Count               : 0
 Read Bytes                     : 0
 Write Bytes                    : 0
 Block Read Bytes               : 0
 Block Write Bytes              : 0
[===============================================]

[===============================================]
Result of node_idx 15 in node_object 0: Static Reshape (NC)

-- Elapsed Time Analysis --
 Wall-clock Time                      : 3 us
 - Non I/O Handling Time (Estimated)  : 3 us
 - I/O Handling Time                  : 0 us
        - Read Syscall                : 0 us
        - Write Syscall               : 0 us
        - Page Fault                  : 0 us
        - io_uring                    : 0 us

-- I/O Counts --
 Read Syscall Count                   : 0
 Write Syscall Count                  : 0
 Block I/O Count                      : 0
 io_uring Completion Count            : 0

-- Total I/O Time (block device) --
 Total Block I/O Time           : 0

-- Page Faults & Bytes --
 Page Fault Count               : 0
 Read Bytes                     : 0
 Write Bytes                    : 0
 Block Read Bytes               : 0
 Block Write Bytes              : 0
[===============================================]

[===============================================]
Result of node_idx 16 in node_object 0: Fully Connected (NC, QDU8, F32, QC8W)

-- Elapsed Time Analysis --
 Wall-clock Time                      : 593 us
 - Non I/O Handling Time (Estimated)  : 58 us
 - I/O Handling Time                  : 535 us
        - Read Syscall                : 0 us
        - Write Syscall               : 0 us
        - Page Fault                  : 535 us
        - io_uring                    : 0 us

-- I/O Counts --
 Read Syscall Count                   : 0
 Write Syscall Count                  : 0
 Block I/O Count                      : 1
 io_uring Completion Count            : 0

-- Total I/O Time (block device) --
 Total Block I/O Time           : 465

-- Page Faults & Bytes --
 Page Fault Count               : 4
 Read Bytes                     : 0
 Write Bytes                    : 0
 Block Read Bytes               : 65536
 Block Write Bytes              : 0
[===============================================]

[===============================================]
Result of node_idx 17 in node_object 0: Add (ND)

-- Elapsed Time Analysis --
 Wall-clock Time                      : 18 us
 - Non I/O Handling Time (Estimated)  : 18 us
 - I/O Handling Time                  : 0 us
        - Read Syscall                : 0 us
        - Write Syscall               : 0 us
        - Page Fault                  : 0 us
        - io_uring                    : 0 us

-- I/O Counts --
 Read Syscall Count                   : 0
 Write Syscall Count                  : 0
 Block I/O Count                      : 0
 io_uring Completion Count            : 0

-- Total I/O Time (block device) --
 Total Block I/O Time           : 0

-- Page Faults & Bytes --
 Page Fault Count               : 0
 Read Bytes                     : 0
 Write Bytes                    : 0
 Block Read Bytes               : 0
 Block Write Bytes              : 0
[===============================================]

[===============================================]
Result of node_idx 0 in node_object 0: Multiply (ND)

-- Elapsed Time Analysis --
 Wall-clock Time                      : 85 us
 - Non I/O Handling Time (Estimated)  : 85 us
 - I/O Handling Time                  : 0 us
        - Read Syscall                : 0 us
        - Write Syscall               : 0 us
        - Page Fault                  : 0 us
        - io_uring                    : 0 us

-- I/O Counts --
 Read Syscall Count                   : 0
 Write Syscall Count                  : 0
 Block I/O Count                      : 0
 io_uring Completion Count            : 0

-- Total I/O Time (block device) --
 Total Block I/O Time           : 0

-- Page Faults & Bytes --
 Page Fault Count               : 0
 Read Bytes                     : 0
 Write Bytes                    : 0
 Block Read Bytes               : 0
 Block Write Bytes              : 0
[===============================================]

[===============================================]
Result of node_idx 1 in node_object 0: Sum (ND)

-- Elapsed Time Analysis --
 Wall-clock Time                      : 105 us
 - Non I/O Handling Time (Estimated)  : 105 us
 - I/O Handling Time                  : 0 us
        - Read Syscall                : 0 us
        - Write Syscall               : 0 us
        - Page Fault                  : 0 us
        - io_uring                    : 0 us

-- I/O Counts --
 Read Syscall Count                   : 0
 Write Syscall Count                  : 0
 Block I/O Count                      : 0
 io_uring Completion Count            : 0

-- Total I/O Time (block device) --
 Total Block I/O Time           : 0

-- Page Faults & Bytes --
 Page Fault Count               : 0
 Read Bytes                     : 0
 Write Bytes                    : 0
 Block Read Bytes               : 0
 Block Write Bytes              : 0
[===============================================]

[===============================================]
Result of node_idx 2 in node_object 0: Multiply (ND)

-- Elapsed Time Analysis --
 Wall-clock Time                      : 3 us
 - Non I/O Handling Time (Estimated)  : 3 us
 - I/O Handling Time                  : 0 us
        - Read Syscall                : 0 us
        - Write Syscall               : 0 us
        - Page Fault                  : 0 us
        - io_uring                    : 0 us

-- I/O Counts --
 Read Syscall Count                   : 0
 Write Syscall Count                  : 0
 Block I/O Count                      : 0
 io_uring Completion Count            : 0

-- Total I/O Time (block device) --
 Total Block I/O Time           : 0

-- Page Faults & Bytes --
 Page Fault Count               : 0
 Read Bytes                     : 0
 Write Bytes                    : 0
 Block Read Bytes               : 0
 Block Write Bytes              : 0
[===============================================]

[===============================================]
Result of node_idx 3 in node_object 0: Add (ND)

-- Elapsed Time Analysis --
 Wall-clock Time                      : 3 us
 - Non I/O Handling Time (Estimated)  : 3 us
 - I/O Handling Time                  : 0 us
        - Read Syscall                : 0 us
        - Write Syscall               : 0 us
        - Page Fault                  : 0 us
        - io_uring                    : 0 us

-- I/O Counts --
 Read Syscall Count                   : 0
 Write Syscall Count                  : 0
 Block I/O Count                      : 0
 io_uring Completion Count            : 0

-- Total I/O Time (block device) --
 Total Block I/O Time           : 0

-- Page Faults & Bytes --
 Page Fault Count               : 0
 Read Bytes                     : 0
 Write Bytes                    : 0
 Block Read Bytes               : 0
 Block Write Bytes              : 0
[===============================================]

[===============================================]
Result of node_idx 4 in node_object 0: Static Reshape (NC)

-- Elapsed Time Analysis --
 Wall-clock Time                      : 3 us
 - Non I/O Handling Time (Estimated)  : 3 us
 - I/O Handling Time                  : 0 us
        - Read Syscall                : 0 us
        - Write Syscall               : 0 us
        - Page Fault                  : 0 us
        - io_uring                    : 0 us

-- I/O Counts --
 Read Syscall Count                   : 0
 Write Syscall Count                  : 0
 Block I/O Count                      : 0
 io_uring Completion Count            : 0

-- Total I/O Time (block device) --
 Total Block I/O Time           : 0

-- Page Faults & Bytes --
 Page Fault Count               : 0
 Read Bytes                     : 0
 Write Bytes                    : 0
 Block Read Bytes               : 0
 Block Write Bytes              : 0
[===============================================]

[===============================================]
Result of node_idx 5 in node_object 0: Reciprocal Square Root (NC)

-- Elapsed Time Analysis --
 Wall-clock Time                      : 3 us
 - Non I/O Handling Time (Estimated)  : 3 us
 - I/O Handling Time                  : 0 us
        - Read Syscall                : 0 us
        - Write Syscall               : 0 us
        - Page Fault                  : 0 us
        - io_uring                    : 0 us

-- I/O Counts --
 Read Syscall Count                   : 0
 Write Syscall Count                  : 0
 Block I/O Count                      : 0
 io_uring Completion Count            : 0

-- Total I/O Time (block device) --
 Total Block I/O Time           : 0

-- Page Faults & Bytes --
 Page Fault Count               : 0
 Read Bytes                     : 0
 Write Bytes                    : 0
 Block Read Bytes               : 0
 Block Write Bytes              : 0
[===============================================]

[===============================================]
Result of node_idx 6 in node_object 0: Multiply (ND)

-- Elapsed Time Analysis --
 Wall-clock Time                      : 90 us
 - Non I/O Handling Time (Estimated)  : 90 us
 - I/O Handling Time                  : 0 us
        - Read Syscall                : 0 us
        - Write Syscall               : 0 us
        - Page Fault                  : 0 us
        - io_uring                    : 0 us

-- I/O Counts --
 Read Syscall Count                   : 0
 Write Syscall Count                  : 0
 Block I/O Count                      : 0
 io_uring Completion Count            : 0

-- Total I/O Time (block device) --
 Total Block I/O Time           : 0

-- Page Faults & Bytes --
 Page Fault Count               : 0
 Read Bytes                     : 0
 Write Bytes                    : 0
 Block Read Bytes               : 0
 Block Write Bytes              : 0
[===============================================]

[===============================================]
Result of node_idx 7 in node_object 0: Multiply (ND)

-- Elapsed Time Analysis --
 Wall-clock Time                      : 20 us
 - Non I/O Handling Time (Estimated)  : 20 us
 - I/O Handling Time                  : 0 us
        - Read Syscall                : 0 us
        - Write Syscall               : 0 us
        - Page Fault                  : 0 us
        - io_uring                    : 0 us

-- I/O Counts --
 Read Syscall Count                   : 0
 Write Syscall Count                  : 0
 Block I/O Count                      : 0
 io_uring Completion Count            : 0

-- Total I/O Time (block device) --
 Total Block I/O Time           : 0

-- Page Faults & Bytes --
 Page Fault Count               : 0
 Read Bytes                     : 0
 Write Bytes                    : 0
 Block Read Bytes               : 0
 Block Write Bytes              : 0
[===============================================]

[===============================================]
Result of node_idx 0 in node_object 0: Fully Connected (NC, QDU8, F32, QC8W)

-- Elapsed Time Analysis --
 Wall-clock Time                      : 1180 us
 - Non I/O Handling Time (Estimated)  : 113 us
 - I/O Handling Time                  : 1067 us
        - Read Syscall                : 0 us
        - Write Syscall               : 0 us
        - Page Fault                  : 1067 us
        - io_uring                    : 0 us

-- I/O Counts --
 Read Syscall Count                   : 0
 Write Syscall Count                  : 0
 Block I/O Count                      : 3
 io_uring Completion Count            : 0

-- Total I/O Time (block device) --
 Total Block I/O Time           : 216

-- Page Faults & Bytes --
 Page Fault Count               : 9
 Read Bytes                     : 0
 Write Bytes                    : 0
 Block Read Bytes               : 49152
 Block Write Bytes              : 0
[===============================================]

[===============================================]
Result of node_idx 1 in node_object 0: Sigmoid (NC)

-- Elapsed Time Analysis --
 Wall-clock Time                      : 83 us
 - Non I/O Handling Time (Estimated)  : 83 us
 - I/O Handling Time                  : 0 us
        - Read Syscall                : 0 us
        - Write Syscall               : 0 us
        - Page Fault                  : 0 us
        - io_uring                    : 0 us

-- I/O Counts --
 Read Syscall Count                   : 0
 Write Syscall Count                  : 0
 Block I/O Count                      : 0
 io_uring Completion Count            : 0

-- Total I/O Time (block device) --
 Total Block I/O Time           : 481

-- Page Faults & Bytes --
 Page Fault Count               : 0
 Read Bytes                     : 0
 Write Bytes                    : 0
 Block Read Bytes               : 131072
 Block Write Bytes              : 0
[===============================================]

[===============================================]
Result of node_idx 2 in node_object 0: Multiply (ND)

-- Elapsed Time Analysis --
 Wall-clock Time                      : 85 us
 - Non I/O Handling Time (Estimated)  : 85 us
 - I/O Handling Time                  : 0 us
        - Read Syscall                : 0 us
        - Write Syscall               : 0 us
        - Page Fault                  : 0 us
        - io_uring                    : 0 us

-- I/O Counts --
 Read Syscall Count                   : 0
 Write Syscall Count                  : 0
 Block I/O Count                      : 0
 io_uring Completion Count            : 0

-- Total I/O Time (block device) --
 Total Block I/O Time           : 0

-- Page Faults & Bytes --
 Page Fault Count               : 0
 Read Bytes                     : 0
 Write Bytes                    : 0
 Block Read Bytes               : 0
 Block Write Bytes              : 0
[===============================================]

[===============================================]
Result of node_idx 3 in node_object 0: Fully Connected (NC, QDU8, F32, QC8W)

-- Elapsed Time Analysis --
 Wall-clock Time                      : 1154 us
 - Non I/O Handling Time (Estimated)  : 181 us
 - I/O Handling Time                  : 973 us
        - Read Syscall                : 0 us
        - Write Syscall               : 0 us
        - Page Fault                  : 973 us
        - io_uring                    : 0 us

-- I/O Counts --
 Read Syscall Count                   : 0
 Write Syscall Count                  : 0
 Block I/O Count                      : 3
 io_uring Completion Count            : 0

-- Total I/O Time (block device) --
 Total Block I/O Time           : 1156

-- Page Faults & Bytes --
 Page Fault Count               : 9
 Read Bytes                     : 0
 Write Bytes                    : 0
 Block Read Bytes               : 126976
 Block Write Bytes              : 0
[===============================================]

[===============================================]
Result of node_idx 4 in node_object 0: Multiply (ND)

-- Elapsed Time Analysis --
 Wall-clock Time                      : 106 us
 - Non I/O Handling Time (Estimated)  : 106 us
 - I/O Handling Time                  : 0 us
        - Read Syscall                : 0 us
        - Write Syscall               : 0 us
        - Page Fault                  : 0 us
        - io_uring                    : 0 us

-- I/O Counts --
 Read Syscall Count                   : 0
 Write Syscall Count                  : 0
 Block I/O Count                      : 0
 io_uring Completion Count            : 0

-- Total I/O Time (block device) --
 Total Block I/O Time           : 0

-- Page Faults & Bytes --
 Page Fault Count               : 0
 Read Bytes                     : 0
 Write Bytes                    : 0
 Block Read Bytes               : 0
 Block Write Bytes              : 0
[===============================================]

[===============================================]
Result of node_idx 5 in node_object 0: Fully Connected (NC, QDU8, F32, QC8W)

-- Elapsed Time Analysis --
 Wall-clock Time                      : 1025 us
 - Non I/O Handling Time (Estimated)  : 134 us
 - I/O Handling Time                  : 891 us
        - Read Syscall                : 0 us
        - Write Syscall               : 0 us
        - Page Fault                  : 891 us
        - io_uring                    : 0 us

-- I/O Counts --
 Read Syscall Count                   : 0
 Write Syscall Count                  : 0
 Block I/O Count                      : 3
 io_uring Completion Count            : 0

-- Total I/O Time (block device) --
 Total Block I/O Time           : 500

-- Page Faults & Bytes --
 Page Fault Count               : 8
 Read Bytes                     : 0
 Write Bytes                    : 0
 Block Read Bytes               : 106496
 Block Write Bytes              : 0
[===============================================]

[===============================================]
Result of node_idx 6 in node_object 0: Add (ND)

-- Elapsed Time Analysis --
 Wall-clock Time                      : 18 us
 - Non I/O Handling Time (Estimated)  : 18 us
 - I/O Handling Time                  : 0 us
        - Read Syscall                : 0 us
        - Write Syscall               : 0 us
        - Page Fault                  : 0 us
        - io_uring                    : 0 us

-- I/O Counts --
 Read Syscall Count                   : 0
 Write Syscall Count                  : 0
 Block I/O Count                      : 0
 io_uring Completion Count            : 0

-- Total I/O Time (block device) --
 Total Block I/O Time           : 0

-- Page Faults & Bytes --
 Page Fault Count               : 0
 Read Bytes                     : 0
 Write Bytes                    : 0
 Block Read Bytes               : 0
 Block Write Bytes              : 0
[===============================================]

[===============================================]
Result of node_idx 0 in node_object 0: Multiply (ND)

-- Elapsed Time Analysis --
 Wall-clock Time                      : 80 us
 - Non I/O Handling Time (Estimated)  : 80 us
 - I/O Handling Time                  : 0 us
        - Read Syscall                : 0 us
        - Write Syscall               : 0 us
        - Page Fault                  : 0 us
        - io_uring                    : 0 us

-- I/O Counts --
 Read Syscall Count                   : 0
 Write Syscall Count                  : 0
 Block I/O Count                      : 0
 io_uring Completion Count            : 0

-- Total I/O Time (block device) --
 Total Block I/O Time           : 0

-- Page Faults & Bytes --
 Page Fault Count               : 0
 Read Bytes                     : 0
 Write Bytes                    : 0
 Block Read Bytes               : 0
 Block Write Bytes              : 0
[===============================================]

[===============================================]
Result of node_idx 1 in node_object 0: Sum (ND)

-- Elapsed Time Analysis --
 Wall-clock Time                      : 90 us
 - Non I/O Handling Time (Estimated)  : 90 us
 - I/O Handling Time                  : 0 us
        - Read Syscall                : 0 us
        - Write Syscall               : 0 us
        - Page Fault                  : 0 us
        - io_uring                    : 0 us

-- I/O Counts --
 Read Syscall Count                   : 0
 Write Syscall Count                  : 0
 Block I/O Count                      : 0
 io_uring Completion Count            : 0

-- Total I/O Time (block device) --
 Total Block I/O Time           : 0

-- Page Faults & Bytes --
 Page Fault Count               : 0
 Read Bytes                     : 0
 Write Bytes                    : 0
 Block Read Bytes               : 0
 Block Write Bytes              : 0
[===============================================]

[===============================================]
Result of node_idx 2 in node_object 0: Multiply (ND)

-- Elapsed Time Analysis --
 Wall-clock Time                      : 4 us
 - Non I/O Handling Time (Estimated)  : 4 us
 - I/O Handling Time                  : 0 us
        - Read Syscall                : 0 us
        - Write Syscall               : 0 us
        - Page Fault                  : 0 us
        - io_uring                    : 0 us

-- I/O Counts --
 Read Syscall Count                   : 0
 Write Syscall Count                  : 0
 Block I/O Count                      : 0
 io_uring Completion Count            : 0

-- Total I/O Time (block device) --
 Total Block I/O Time           : 0

-- Page Faults & Bytes --
 Page Fault Count               : 0
 Read Bytes                     : 0
 Write Bytes                    : 0
 Block Read Bytes               : 0
 Block Write Bytes              : 0
[===============================================]

[===============================================]
Result of node_idx 3 in node_object 0: Add (ND)

-- Elapsed Time Analysis --
 Wall-clock Time                      : 2 us
 - Non I/O Handling Time (Estimated)  : 2 us
 - I/O Handling Time                  : 0 us
        - Read Syscall                : 0 us
        - Write Syscall               : 0 us
        - Page Fault                  : 0 us
        - io_uring                    : 0 us

-- I/O Counts --
 Read Syscall Count                   : 0
 Write Syscall Count                  : 0
 Block I/O Count                      : 0
 io_uring Completion Count            : 0

-- Total I/O Time (block device) --
 Total Block I/O Time           : 0

-- Page Faults & Bytes --
 Page Fault Count               : 0
 Read Bytes                     : 0
 Write Bytes                    : 0
 Block Read Bytes               : 0
 Block Write Bytes              : 0
[===============================================]

[===============================================]
Result of node_idx 4 in node_object 0: Static Reshape (NC)

-- Elapsed Time Analysis --
 Wall-clock Time                      : 2 us
 - Non I/O Handling Time (Estimated)  : 2 us
 - I/O Handling Time                  : 0 us
        - Read Syscall                : 0 us
        - Write Syscall               : 0 us
        - Page Fault                  : 0 us
        - io_uring                    : 0 us

-- I/O Counts --
 Read Syscall Count                   : 0
 Write Syscall Count                  : 0
 Block I/O Count                      : 0
 io_uring Completion Count            : 0

-- Total I/O Time (block device) --
 Total Block I/O Time           : 0

-- Page Faults & Bytes --
 Page Fault Count               : 0
 Read Bytes                     : 0
 Write Bytes                    : 0
 Block Read Bytes               : 0
 Block Write Bytes              : 0
[===============================================]

[===============================================]
Result of node_idx 5 in node_object 0: Reciprocal Square Root (NC)

-- Elapsed Time Analysis --
 Wall-clock Time                      : 2 us
 - Non I/O Handling Time (Estimated)  : 2 us
 - I/O Handling Time                  : 0 us
        - Read Syscall                : 0 us
        - Write Syscall               : 0 us
        - Page Fault                  : 0 us
        - io_uring                    : 0 us

-- I/O Counts --
 Read Syscall Count                   : 0
 Write Syscall Count                  : 0
 Block I/O Count                      : 0
 io_uring Completion Count            : 0

-- Total I/O Time (block device) --
 Total Block I/O Time           : 0

-- Page Faults & Bytes --
 Page Fault Count               : 0
 Read Bytes                     : 0
 Write Bytes                    : 0
 Block Read Bytes               : 0
 Block Write Bytes              : 0
[===============================================]

[===============================================]
Result of node_idx 6 in node_object 0: Multiply (ND)

-- Elapsed Time Analysis --
 Wall-clock Time                      : 85 us
 - Non I/O Handling Time (Estimated)  : 85 us
 - I/O Handling Time                  : 0 us
        - Read Syscall                : 0 us
        - Write Syscall               : 0 us
        - Page Fault                  : 0 us
        - io_uring                    : 0 us

-- I/O Counts --
 Read Syscall Count                   : 0
 Write Syscall Count                  : 0
 Block I/O Count                      : 0
 io_uring Completion Count            : 0

-- Total I/O Time (block device) --
 Total Block I/O Time           : 455

-- Page Faults & Bytes --
 Page Fault Count               : 0
 Read Bytes                     : 0
 Write Bytes                    : 0
 Block Read Bytes               : 131072
 Block Write Bytes              : 0
[===============================================]

[===============================================]
Result of node_idx 7 in node_object 0: Multiply (ND)

-- Elapsed Time Analysis --
 Wall-clock Time                      : 15 us
 - Non I/O Handling Time (Estimated)  : 15 us
 - I/O Handling Time                  : 0 us
        - Read Syscall                : 0 us
        - Write Syscall               : 0 us
        - Page Fault                  : 0 us
        - io_uring                    : 0 us

-- I/O Counts --
 Read Syscall Count                   : 0
 Write Syscall Count                  : 0
 Block I/O Count                      : 0
 io_uring Completion Count            : 0

-- Total I/O Time (block device) --
 Total Block I/O Time           : 0

-- Page Faults & Bytes --
 Page Fault Count               : 0
 Read Bytes                     : 0
 Write Bytes                    : 0
 Block Read Bytes               : 0
 Block Write Bytes              : 0
[===============================================]

[===============================================]
Result of node_idx 0 in node_object 0: Fully Connected (NC, QDU8, F32, QC8W)

-- Elapsed Time Analysis --
 Wall-clock Time                      : 704 us
 - Non I/O Handling Time (Estimated)  : 252 us
 - I/O Handling Time                  : 452 us
        - Read Syscall                : 0 us
        - Write Syscall               : 0 us
        - Page Fault                  : 452 us
        - io_uring                    : 0 us

-- I/O Counts --
 Read Syscall Count                   : 0
 Write Syscall Count                  : 0
 Block I/O Count                      : 2
 io_uring Completion Count            : 0

-- Total I/O Time (block device) --
 Total Block I/O Time           : 1027

-- Page Faults & Bytes --
 Page Fault Count               : 3
 Read Bytes                     : 0
 Write Bytes                    : 0
 Block Read Bytes               : 49152
 Block Write Bytes              : 0
[===============================================]

[===============================================]
Result of node_idx 1 in node_object 0: Static Reshape (NC)

-- Elapsed Time Analysis --
 Wall-clock Time                      : 74 us
 - Non I/O Handling Time (Estimated)  : 74 us
 - I/O Handling Time                  : 0 us
        - Read Syscall                : 0 us
        - Write Syscall               : 0 us
        - Page Fault                  : 0 us
        - io_uring                    : 0 us

-- I/O Counts --
 Read Syscall Count                   : 0
 Write Syscall Count                  : 0
 Block I/O Count                      : 0
 io_uring Completion Count            : 0

-- Total I/O Time (block device) --
 Total Block I/O Time           : 0

-- Page Faults & Bytes --
 Page Fault Count               : 0
 Read Bytes                     : 0
 Write Bytes                    : 0
 Block Read Bytes               : 0
 Block Write Bytes              : 0
[===============================================]

[===============================================]
Result of node_idx 2 in node_object 0: Slice (ND, X32)

-- Elapsed Time Analysis --
 Wall-clock Time                      : 83 us
 - Non I/O Handling Time (Estimated)  : 83 us
 - I/O Handling Time                  : 0 us
        - Read Syscall                : 0 us
        - Write Syscall               : 0 us
        - Page Fault                  : 0 us
        - io_uring                    : 0 us

-- I/O Counts --
 Read Syscall Count                   : 0
 Write Syscall Count                  : 0
 Block I/O Count                      : 0
 io_uring Completion Count            : 0

-- Total I/O Time (block device) --
 Total Block I/O Time           : 0

-- Page Faults & Bytes --
 Page Fault Count               : 0
 Read Bytes                     : 0
 Write Bytes                    : 0
 Block Read Bytes               : 0
 Block Write Bytes              : 0
[===============================================]

[===============================================]
Result of node_idx 3 in node_object 0: Slice (ND, X32)

-- Elapsed Time Analysis --
 Wall-clock Time                      : 79 us
 - Non I/O Handling Time (Estimated)  : 79 us
 - I/O Handling Time                  : 0 us
        - Read Syscall                : 0 us
        - Write Syscall               : 0 us
        - Page Fault                  : 0 us
        - io_uring                    : 0 us

-- I/O Counts --
 Read Syscall Count                   : 0
 Write Syscall Count                  : 0
 Block I/O Count                      : 0
 io_uring Completion Count            : 0

-- Total I/O Time (block device) --
 Total Block I/O Time           : 0

-- Page Faults & Bytes --
 Page Fault Count               : 0
 Read Bytes                     : 0
 Write Bytes                    : 0
 Block Read Bytes               : 0
 Block Write Bytes              : 0
[===============================================]

[===============================================]
Result of node_idx 4 in node_object 0: Slice (ND, X32)

-- Elapsed Time Analysis --
 Wall-clock Time                      : 76 us
 - Non I/O Handling Time (Estimated)  : 76 us
 - I/O Handling Time                  : 0 us
        - Read Syscall                : 0 us
        - Write Syscall               : 0 us
        - Page Fault                  : 0 us
        - io_uring                    : 0 us

-- I/O Counts --
 Read Syscall Count                   : 0
 Write Syscall Count                  : 0
 Block I/O Count                      : 0
 io_uring Completion Count            : 0

-- Total I/O Time (block device) --
 Total Block I/O Time           : 0

-- Page Faults & Bytes --
 Page Fault Count               : 0
 Read Bytes                     : 0
 Write Bytes                    : 0
 Block Read Bytes               : 0
 Block Write Bytes              : 0
[===============================================]

[===============================================]
Result of node_idx 5 in node_object 0: Static Reshape (NC)

-- Elapsed Time Analysis --
 Wall-clock Time                      : 4 us
 - Non I/O Handling Time (Estimated)  : 4 us
 - I/O Handling Time                  : 0 us
        - Read Syscall                : 0 us
        - Write Syscall               : 0 us
        - Page Fault                  : 0 us
        - io_uring                    : 0 us

-- I/O Counts --
 Read Syscall Count                   : 0
 Write Syscall Count                  : 0
 Block I/O Count                      : 0
 io_uring Completion Count            : 0

-- Total I/O Time (block device) --
 Total Block I/O Time           : 0

-- Page Faults & Bytes --
 Page Fault Count               : 0
 Read Bytes                     : 0
 Write Bytes                    : 0
 Block Read Bytes               : 0
 Block Write Bytes              : 0
[===============================================]

[===============================================]
Result of node_idx 6 in node_object 0: Transpose (ND, X32)

-- Elapsed Time Analysis --
 Wall-clock Time                      : 5 us
 - Non I/O Handling Time (Estimated)  : 5 us
 - I/O Handling Time                  : 0 us
        - Read Syscall                : 0 us
        - Write Syscall               : 0 us
        - Page Fault                  : 0 us
        - io_uring                    : 0 us

-- I/O Counts --
 Read Syscall Count                   : 0
 Write Syscall Count                  : 0
 Block I/O Count                      : 0
 io_uring Completion Count            : 0

-- Total I/O Time (block device) --
 Total Block I/O Time           : 0

-- Page Faults & Bytes --
 Page Fault Count               : 0
 Read Bytes                     : 0
 Write Bytes                    : 0
 Block Read Bytes               : 0
 Block Write Bytes              : 0
[===============================================]

[===============================================]
Result of node_idx 7 in node_object 0: Slice (ND, X32)

-- Elapsed Time Analysis --
 Wall-clock Time                      : 78 us
 - Non I/O Handling Time (Estimated)  : 78 us
 - I/O Handling Time                  : 0 us
        - Read Syscall                : 0 us
        - Write Syscall               : 0 us
        - Page Fault                  : 0 us
        - io_uring                    : 0 us

-- I/O Counts --
 Read Syscall Count                   : 0
 Write Syscall Count                  : 0
 Block I/O Count                      : 0
 io_uring Completion Count            : 0

-- Total I/O Time (block device) --
 Total Block I/O Time           : 0

-- Page Faults & Bytes --
 Page Fault Count               : 0
 Read Bytes                     : 0
 Write Bytes                    : 0
 Block Read Bytes               : 0
 Block Write Bytes              : 0
[===============================================]

[===============================================]
Result of node_idx 8 in node_object 0: Slice (ND, X32)

-- Elapsed Time Analysis --
 Wall-clock Time                      : 78 us
 - Non I/O Handling Time (Estimated)  : 78 us
 - I/O Handling Time                  : 0 us
        - Read Syscall                : 0 us
        - Write Syscall               : 0 us
        - Page Fault                  : 0 us
        - io_uring                    : 0 us

-- I/O Counts --
 Read Syscall Count                   : 0
 Write Syscall Count                  : 0
 Block I/O Count                      : 0
 io_uring Completion Count            : 0

-- Total I/O Time (block device) --
 Total Block I/O Time           : 0

-- Page Faults & Bytes --
 Page Fault Count               : 0
 Read Bytes                     : 0
 Write Bytes                    : 0
 Block Read Bytes               : 0
 Block Write Bytes              : 0
[===============================================]

[===============================================]
Result of node_idx 9 in node_object 0: Multiply (ND)

-- Elapsed Time Analysis --
 Wall-clock Time                      : 95 us
 - Non I/O Handling Time (Estimated)  : 95 us
 - I/O Handling Time                  : 0 us
        - Read Syscall                : 0 us
        - Write Syscall               : 0 us
        - Page Fault                  : 0 us
        - io_uring                    : 0 us

-- I/O Counts --
 Read Syscall Count                   : 0
 Write Syscall Count                  : 0
 Block I/O Count                      : 0
 io_uring Completion Count            : 0

-- Total I/O Time (block device) --
 Total Block I/O Time           : 0

-- Page Faults & Bytes --
 Page Fault Count               : 0
 Read Bytes                     : 0
 Write Bytes                    : 0
 Block Read Bytes               : 0
 Block Write Bytes              : 0
[===============================================]

[===============================================]
Result of node_idx 10 in node_object 0: Multiply (ND)

-- Elapsed Time Analysis --
 Wall-clock Time                      : 79 us
 - Non I/O Handling Time (Estimated)  : 79 us
 - I/O Handling Time                  : 0 us
        - Read Syscall                : 0 us
        - Write Syscall               : 0 us
        - Page Fault                  : 0 us
        - io_uring                    : 0 us

-- I/O Counts --
 Read Syscall Count                   : 0
 Write Syscall Count                  : 0
 Block I/O Count                      : 0
 io_uring Completion Count            : 0

-- Total I/O Time (block device) --
 Total Block I/O Time           : 0

-- Page Faults & Bytes --
 Page Fault Count               : 0
 Read Bytes                     : 0
 Write Bytes                    : 0
 Block Read Bytes               : 0
 Block Write Bytes              : 0
[===============================================]

[===============================================]
Result of node_idx 11 in node_object 0: Subtract (ND)

-- Elapsed Time Analysis --
 Wall-clock Time                      : 12 us
 - Non I/O Handling Time (Estimated)  : 12 us
 - I/O Handling Time                  : 0 us
        - Read Syscall                : 0 us
        - Write Syscall               : 0 us
        - Page Fault                  : 0 us
        - io_uring                    : 0 us

-- I/O Counts --
 Read Syscall Count                   : 0
 Write Syscall Count                  : 0
 Block I/O Count                      : 0
 io_uring Completion Count            : 0

-- Total I/O Time (block device) --
 Total Block I/O Time           : 0

-- Page Faults & Bytes --
 Page Fault Count               : 0
 Read Bytes                     : 0
 Write Bytes                    : 0
 Block Read Bytes               : 0
 Block Write Bytes              : 0
[===============================================]

[===============================================]
Result of node_idx 12 in node_object 0: Multiply (ND)

-- Elapsed Time Analysis --
 Wall-clock Time                      : 5 us
 - Non I/O Handling Time (Estimated)  : 5 us
 - I/O Handling Time                  : 0 us
        - Read Syscall                : 0 us
        - Write Syscall               : 0 us
        - Page Fault                  : 0 us
        - io_uring                    : 0 us

-- I/O Counts --
 Read Syscall Count                   : 0
 Write Syscall Count                  : 0
 Block I/O Count                      : 0
 io_uring Completion Count            : 0

-- Total I/O Time (block device) --
 Total Block I/O Time           : 0

-- Page Faults & Bytes --
 Page Fault Count               : 0
 Read Bytes                     : 0
 Write Bytes                    : 0
 Block Read Bytes               : 0
 Block Write Bytes              : 0
[===============================================]

[===============================================]
Result of node_idx 13 in node_object 0: Multiply (ND)

-- Elapsed Time Analysis --
 Wall-clock Time                      : 5 us
 - Non I/O Handling Time (Estimated)  : 5 us
 - I/O Handling Time                  : 0 us
        - Read Syscall                : 0 us
        - Write Syscall               : 0 us
        - Page Fault                  : 0 us
        - io_uring                    : 0 us

-- I/O Counts --
 Read Syscall Count                   : 0
 Write Syscall Count                  : 0
 Block I/O Count                      : 0
 io_uring Completion Count            : 0

-- Total I/O Time (block device) --
 Total Block I/O Time           : 0

-- Page Faults & Bytes --
 Page Fault Count               : 0
 Read Bytes                     : 0
 Write Bytes                    : 0
 Block Read Bytes               : 0
 Block Write Bytes              : 0
[===============================================]

[===============================================]
Result of node_idx 14 in node_object 0: Add (ND)

-- Elapsed Time Analysis --
 Wall-clock Time                      : 6 us
 - Non I/O Handling Time (Estimated)  : 6 us
 - I/O Handling Time                  : 0 us
        - Read Syscall                : 0 us
        - Write Syscall               : 0 us
        - Page Fault                  : 0 us
        - io_uring                    : 0 us

-- I/O Counts --
 Read Syscall Count                   : 0
 Write Syscall Count                  : 0
 Block I/O Count                      : 0
 io_uring Completion Count            : 0

-- Total I/O Time (block device) --
 Total Block I/O Time           : 0

-- Page Faults & Bytes --
 Page Fault Count               : 0
 Read Bytes                     : 0
 Write Bytes                    : 0
 Block Read Bytes               : 0
 Block Write Bytes              : 0
[===============================================]

[===============================================]
Result of node_idx 15 in node_object 0: Copy (NC, X32)

-- Elapsed Time Analysis --
 Wall-clock Time                      : 6 us
 - Non I/O Handling Time (Estimated)  : 6 us
 - I/O Handling Time                  : 0 us
        - Read Syscall                : 0 us
        - Write Syscall               : 0 us
        - Page Fault                  : 0 us
        - io_uring                    : 0 us

-- I/O Counts --
 Read Syscall Count                   : 0
 Write Syscall Count                  : 0
 Block I/O Count                      : 0
 io_uring Completion Count            : 0

-- Total I/O Time (block device) --
 Total Block I/O Time           : 0

-- Page Faults & Bytes --
 Page Fault Count               : 0
 Read Bytes                     : 0
 Write Bytes                    : 0
 Block Read Bytes               : 0
 Block Write Bytes              : 0
[===============================================]

[===============================================]
Result of node_idx 15 in node_object 1: Copy (NC, X32)

-- Elapsed Time Analysis --
 Wall-clock Time                      : 6 us
 - Non I/O Handling Time (Estimated)  : 6 us
 - I/O Handling Time                  : 0 us
        - Read Syscall                : 0 us
        - Write Syscall               : 0 us
        - Page Fault                  : 0 us
        - io_uring                    : 0 us

-- I/O Counts --
 Read Syscall Count                   : 0
 Write Syscall Count                  : 0
 Block I/O Count                      : 0
 io_uring Completion Count            : 0

-- Total I/O Time (block device) --
 Total Block I/O Time           : 0

-- Page Faults & Bytes --
 Page Fault Count               : 0
 Read Bytes                     : 0
 Write Bytes                    : 0
 Block Read Bytes               : 0
 Block Write Bytes              : 0
[===============================================]

[===============================================]
Result of node_idx 16 in node_object 0: Transpose (ND, X32)

-- Elapsed Time Analysis --
 Wall-clock Time                      : 4 us
 - Non I/O Handling Time (Estimated)  : 4 us
 - I/O Handling Time                  : 0 us
        - Read Syscall                : 0 us
        - Write Syscall               : 0 us
        - Page Fault                  : 0 us
        - io_uring                    : 0 us

-- I/O Counts --
 Read Syscall Count                   : 0
 Write Syscall Count                  : 0
 Block I/O Count                      : 0
 io_uring Completion Count            : 0

-- Total I/O Time (block device) --
 Total Block I/O Time           : 0

-- Page Faults & Bytes --
 Page Fault Count               : 0
 Read Bytes                     : 0
 Write Bytes                    : 0
 Block Read Bytes               : 0
 Block Write Bytes              : 0
[===============================================]

[===============================================]
Result of node_idx 17 in node_object 0: Transpose (ND, X32)

-- Elapsed Time Analysis --
 Wall-clock Time                      : 4 us
 - Non I/O Handling Time (Estimated)  : 4 us
 - I/O Handling Time                  : 0 us
        - Read Syscall                : 0 us
        - Write Syscall               : 0 us
        - Page Fault                  : 0 us
        - io_uring                    : 0 us

-- I/O Counts --
 Read Syscall Count                   : 0
 Write Syscall Count                  : 0
 Block I/O Count                      : 0
 io_uring Completion Count            : 0

-- Total I/O Time (block device) --
 Total Block I/O Time           : 0

-- Page Faults & Bytes --
 Page Fault Count               : 0
 Read Bytes                     : 0
 Write Bytes                    : 0
 Block Read Bytes               : 0
 Block Write Bytes              : 0
[===============================================]

[===============================================]
Result of node_idx 18 in node_object 0: Slice (ND, X32)

-- Elapsed Time Analysis --
 Wall-clock Time                      : 7 us
 - Non I/O Handling Time (Estimated)  : 7 us
 - I/O Handling Time                  : 0 us
        - Read Syscall                : 0 us
        - Write Syscall               : 0 us
        - Page Fault                  : 0 us
        - io_uring                    : 0 us

-- I/O Counts --
 Read Syscall Count                   : 0
 Write Syscall Count                  : 0
 Block I/O Count                      : 0
 io_uring Completion Count            : 0

-- Total I/O Time (block device) --
 Total Block I/O Time           : 0

-- Page Faults & Bytes --
 Page Fault Count               : 0
 Read Bytes                     : 0
 Write Bytes                    : 0
 Block Read Bytes               : 0
 Block Write Bytes              : 0
[===============================================]

[===============================================]
Result of node_idx 19 in node_object 0: Slice (ND, X32)

-- Elapsed Time Analysis --
 Wall-clock Time                      : 7 us
 - Non I/O Handling Time (Estimated)  : 7 us
 - I/O Handling Time                  : 0 us
        - Read Syscall                : 0 us
        - Write Syscall               : 0 us
        - Page Fault                  : 0 us
        - io_uring                    : 0 us

-- I/O Counts --
 Read Syscall Count                   : 0
 Write Syscall Count                  : 0
 Block I/O Count                      : 0
 io_uring Completion Count            : 0

-- Total I/O Time (block device) --
 Total Block I/O Time           : 0

-- Page Faults & Bytes --
 Page Fault Count               : 0
 Read Bytes                     : 0
 Write Bytes                    : 0
 Block Read Bytes               : 0
 Block Write Bytes              : 0
[===============================================]

[===============================================]
Result of node_idx 20 in node_object 0: Multiply (ND)

-- Elapsed Time Analysis --
 Wall-clock Time                      : 5 us
 - Non I/O Handling Time (Estimated)  : 5 us
 - I/O Handling Time                  : 0 us
        - Read Syscall                : 0 us
        - Write Syscall               : 0 us
        - Page Fault                  : 0 us
        - io_uring                    : 0 us

-- I/O Counts --
 Read Syscall Count                   : 0
 Write Syscall Count                  : 0
 Block I/O Count                      : 0
 io_uring Completion Count            : 0

-- Total I/O Time (block device) --
 Total Block I/O Time           : 0

-- Page Faults & Bytes --
 Page Fault Count               : 0
 Read Bytes                     : 0
 Write Bytes                    : 0
 Block Read Bytes               : 0
 Block Write Bytes              : 0
[===============================================]

[===============================================]
Result of node_idx 21 in node_object 0: Multiply (ND)

-- Elapsed Time Analysis --
 Wall-clock Time                      : 5 us
 - Non I/O Handling Time (Estimated)  : 5 us
 - I/O Handling Time                  : 0 us
        - Read Syscall                : 0 us
        - Write Syscall               : 0 us
        - Page Fault                  : 0 us
        - io_uring                    : 0 us

-- I/O Counts --
 Read Syscall Count                   : 0
 Write Syscall Count                  : 0
 Block I/O Count                      : 0
 io_uring Completion Count            : 0

-- Total I/O Time (block device) --
 Total Block I/O Time           : 0

-- Page Faults & Bytes --
 Page Fault Count               : 0
 Read Bytes                     : 0
 Write Bytes                    : 0
 Block Read Bytes               : 0
 Block Write Bytes              : 0
[===============================================]

[===============================================]
Result of node_idx 22 in node_object 0: Subtract (ND)

-- Elapsed Time Analysis --
 Wall-clock Time                      : 5 us
 - Non I/O Handling Time (Estimated)  : 5 us
 - I/O Handling Time                  : 0 us
        - Read Syscall                : 0 us
        - Write Syscall               : 0 us
        - Page Fault                  : 0 us
        - io_uring                    : 0 us

-- I/O Counts --
 Read Syscall Count                   : 0
 Write Syscall Count                  : 0
 Block I/O Count                      : 0
 io_uring Completion Count            : 0

-- Total I/O Time (block device) --
 Total Block I/O Time           : 0

-- Page Faults & Bytes --
 Page Fault Count               : 0
 Read Bytes                     : 0
 Write Bytes                    : 0
 Block Read Bytes               : 0
 Block Write Bytes              : 0
[===============================================]

[===============================================]
Result of node_idx 23 in node_object 0: Multiply (ND)

-- Elapsed Time Analysis --
 Wall-clock Time                      : 5 us
 - Non I/O Handling Time (Estimated)  : 5 us
 - I/O Handling Time                  : 0 us
        - Read Syscall                : 0 us
        - Write Syscall               : 0 us
        - Page Fault                  : 0 us
        - io_uring                    : 0 us

-- I/O Counts --
 Read Syscall Count                   : 0
 Write Syscall Count                  : 0
 Block I/O Count                      : 0
 io_uring Completion Count            : 0

-- Total I/O Time (block device) --
 Total Block I/O Time           : 0

-- Page Faults & Bytes --
 Page Fault Count               : 0
 Read Bytes                     : 0
 Write Bytes                    : 0
 Block Read Bytes               : 0
 Block Write Bytes              : 0
[===============================================]

[===============================================]
Result of node_idx 24 in node_object 0: Multiply (ND)

-- Elapsed Time Analysis --
 Wall-clock Time                      : 5 us
 - Non I/O Handling Time (Estimated)  : 5 us
 - I/O Handling Time                  : 0 us
        - Read Syscall                : 0 us
        - Write Syscall               : 0 us
        - Page Fault                  : 0 us
        - io_uring                    : 0 us

-- I/O Counts --
 Read Syscall Count                   : 0
 Write Syscall Count                  : 0
 Block I/O Count                      : 0
 io_uring Completion Count            : 0

-- Total I/O Time (block device) --
 Total Block I/O Time           : 0

-- Page Faults & Bytes --
 Page Fault Count               : 0
 Read Bytes                     : 0
 Write Bytes                    : 0
 Block Read Bytes               : 0
 Block Write Bytes              : 0
[===============================================]

[===============================================]
Result of node_idx 25 in node_object 0: Add (ND)

-- Elapsed Time Analysis --
 Wall-clock Time                      : 6 us
 - Non I/O Handling Time (Estimated)  : 6 us
 - I/O Handling Time                  : 0 us
        - Read Syscall                : 0 us
        - Write Syscall               : 0 us
        - Page Fault                  : 0 us
        - io_uring                    : 0 us

-- I/O Counts --
 Read Syscall Count                   : 0
 Write Syscall Count                  : 0
 Block I/O Count                      : 0
 io_uring Completion Count            : 0

-- Total I/O Time (block device) --
 Total Block I/O Time           : 0

-- Page Faults & Bytes --
 Page Fault Count               : 0
 Read Bytes                     : 0
 Write Bytes                    : 0
 Block Read Bytes               : 0
 Block Write Bytes              : 0
[===============================================]

[===============================================]
Result of node_idx 26 in node_object 0: Copy (NC, X32)

-- Elapsed Time Analysis --
 Wall-clock Time                      : 5 us
 - Non I/O Handling Time (Estimated)  : 5 us
 - I/O Handling Time                  : 0 us
        - Read Syscall                : 0 us
        - Write Syscall               : 0 us
        - Page Fault                  : 0 us
        - io_uring                    : 0 us

-- I/O Counts --
 Read Syscall Count                   : 0
 Write Syscall Count                  : 0
 Block I/O Count                      : 0
 io_uring Completion Count            : 0

-- Total I/O Time (block device) --
 Total Block I/O Time           : 0

-- Page Faults & Bytes --
 Page Fault Count               : 0
 Read Bytes                     : 0
 Write Bytes                    : 0
 Block Read Bytes               : 0
 Block Write Bytes              : 0
[===============================================]

[===============================================]
Result of node_idx 26 in node_object 1: Copy (NC, X32)

-- Elapsed Time Analysis --
 Wall-clock Time                      : 5 us
 - Non I/O Handling Time (Estimated)  : 5 us
 - I/O Handling Time                  : 0 us
        - Read Syscall                : 0 us
        - Write Syscall               : 0 us
        - Page Fault                  : 0 us
        - io_uring                    : 0 us

-- I/O Counts --
 Read Syscall Count                   : 0
 Write Syscall Count                  : 0
 Block I/O Count                      : 0
 io_uring Completion Count            : 0

-- Total I/O Time (block device) --
 Total Block I/O Time           : 0

-- Page Faults & Bytes --
 Page Fault Count               : 0
 Read Bytes                     : 0
 Write Bytes                    : 0
 Block Read Bytes               : 0
 Block Write Bytes              : 0
[===============================================]

[===============================================]
Result of node_idx 27 in node_object 0: Transpose (ND, X32)

-- Elapsed Time Analysis --
 Wall-clock Time                      : 4 us
 - Non I/O Handling Time (Estimated)  : 4 us
 - I/O Handling Time                  : 0 us
        - Read Syscall                : 0 us
        - Write Syscall               : 0 us
        - Page Fault                  : 0 us
        - io_uring                    : 0 us

-- I/O Counts --
 Read Syscall Count                   : 0
 Write Syscall Count                  : 0
 Block I/O Count                      : 0
 io_uring Completion Count            : 0

-- Total I/O Time (block device) --
 Total Block I/O Time           : 0

-- Page Faults & Bytes --
 Page Fault Count               : 0
 Read Bytes                     : 0
 Write Bytes                    : 0
 Block Read Bytes               : 0
 Block Write Bytes              : 0
[===============================================]

[===============================================]
Result of node_idx 0 in node_object 0: Multiply (ND)

-- Elapsed Time Analysis --
 Wall-clock Time                      : 5 us
 - Non I/O Handling Time (Estimated)  : 5 us
 - I/O Handling Time                  : 0 us
        - Read Syscall                : 0 us
        - Write Syscall               : 0 us
        - Page Fault                  : 0 us
        - io_uring                    : 0 us

-- I/O Counts --
 Read Syscall Count                   : 0
 Write Syscall Count                  : 0
 Block I/O Count                      : 0
 io_uring Completion Count            : 0

-- Total I/O Time (block device) --
 Total Block I/O Time           : 0

-- Page Faults & Bytes --
 Page Fault Count               : 0
 Read Bytes                     : 0
 Write Bytes                    : 0
 Block Read Bytes               : 0
 Block Write Bytes              : 0
[===============================================]

[===============================================]
Result of node_idx 1 in node_object 0: Transpose (ND, X32)

-- Elapsed Time Analysis --
 Wall-clock Time                      : 5 us
 - Non I/O Handling Time (Estimated)  : 5 us
 - I/O Handling Time                  : 0 us
        - Read Syscall                : 0 us
        - Write Syscall               : 0 us
        - Page Fault                  : 0 us
        - io_uring                    : 0 us

-- I/O Counts --
 Read Syscall Count                   : 0
 Write Syscall Count                  : 0
 Block I/O Count                      : 0
 io_uring Completion Count            : 0

-- Total I/O Time (block device) --
 Total Block I/O Time           : 0

-- Page Faults & Bytes --
 Page Fault Count               : 0
 Read Bytes                     : 0
 Write Bytes                    : 0
 Block Read Bytes               : 0
 Block Write Bytes              : 0
[===============================================]

[===============================================]
Result of node_idx 2 in node_object 0: Transpose (ND, X32)

-- Elapsed Time Analysis --
 Wall-clock Time                      : 26 us
 - Non I/O Handling Time (Estimated)  : 26 us
 - I/O Handling Time                  : 0 us
        - Read Syscall                : 0 us
        - Write Syscall               : 0 us
        - Page Fault                  : 0 us
        - io_uring                    : 0 us

-- I/O Counts --
 Read Syscall Count                   : 0
 Write Syscall Count                  : 0
 Block I/O Count                      : 0
 io_uring Completion Count            : 0

-- Total I/O Time (block device) --
 Total Block I/O Time           : 0

-- Page Faults & Bytes --
 Page Fault Count               : 0
 Read Bytes                     : 0
 Write Bytes                    : 0
 Block Read Bytes               : 0
 Block Write Bytes              : 0
[===============================================]

[===============================================]
Result of node_idx 3 in node_object 0: Static Reshape (NC)

-- Elapsed Time Analysis --
 Wall-clock Time                      : 3 us
 - Non I/O Handling Time (Estimated)  : 3 us
 - I/O Handling Time                  : 0 us
        - Read Syscall                : 0 us
        - Write Syscall               : 0 us
        - Page Fault                  : 0 us
        - io_uring                    : 0 us

-- I/O Counts --
 Read Syscall Count                   : 0
 Write Syscall Count                  : 0
 Block I/O Count                      : 0
 io_uring Completion Count            : 0

-- Total I/O Time (block device) --
 Total Block I/O Time           : 0

-- Page Faults & Bytes --
 Page Fault Count               : 0
 Read Bytes                     : 0
 Write Bytes                    : 0
 Block Read Bytes               : 0
 Block Write Bytes              : 0
[===============================================]

[===============================================]
Result of node_idx 4 in node_object 0: Static Reshape (NC)

-- Elapsed Time Analysis --
 Wall-clock Time                      : 3 us
 - Non I/O Handling Time (Estimated)  : 3 us
 - I/O Handling Time                  : 0 us
        - Read Syscall                : 0 us
        - Write Syscall               : 0 us
        - Page Fault                  : 0 us
        - io_uring                    : 0 us

-- I/O Counts --
 Read Syscall Count                   : 0
 Write Syscall Count                  : 0
 Block I/O Count                      : 0
 io_uring Completion Count            : 0

-- Total I/O Time (block device) --
 Total Block I/O Time           : 0

-- Page Faults & Bytes --
 Page Fault Count               : 0
 Read Bytes                     : 0
 Write Bytes                    : 0
 Block Read Bytes               : 0
 Block Write Bytes              : 0
[===============================================]

[===============================================]
Result of node_idx 5 in node_object 0: Batch Matrix Multiply (NC, F32)

-- Elapsed Time Analysis --
 Wall-clock Time                      : 66 us
 - Non I/O Handling Time (Estimated)  : 66 us
 - I/O Handling Time                  : 0 us
        - Read Syscall                : 0 us
        - Write Syscall               : 0 us
        - Page Fault                  : 0 us
        - io_uring                    : 0 us

-- I/O Counts --
 Read Syscall Count                   : 0
 Write Syscall Count                  : 0
 Block I/O Count                      : 0
 io_uring Completion Count            : 0

-- Total I/O Time (block device) --
 Total Block I/O Time           : 0

-- Page Faults & Bytes --
 Page Fault Count               : 0
 Read Bytes                     : 0
 Write Bytes                    : 0
 Block Read Bytes               : 0
 Block Write Bytes              : 0
[===============================================]

[===============================================]
Result of node_idx 6 in node_object 0: Static Reshape (NC)

-- Elapsed Time Analysis --
 Wall-clock Time                      : 3 us
 - Non I/O Handling Time (Estimated)  : 3 us
 - I/O Handling Time                  : 0 us
        - Read Syscall                : 0 us
        - Write Syscall               : 0 us
        - Page Fault                  : 0 us
        - io_uring                    : 0 us

-- I/O Counts --
 Read Syscall Count                   : 0
 Write Syscall Count                  : 0
 Block I/O Count                      : 0
 io_uring Completion Count            : 0

-- Total I/O Time (block device) --
 Total Block I/O Time           : 0

-- Page Faults & Bytes --
 Page Fault Count               : 0
 Read Bytes                     : 0
 Write Bytes                    : 0
 Block Read Bytes               : 0
 Block Write Bytes              : 0
[===============================================]

[===============================================]
Result of node_idx 7 in node_object 0: Add (ND)

-- Elapsed Time Analysis --
 Wall-clock Time                      : 9 us
 - Non I/O Handling Time (Estimated)  : 9 us
 - I/O Handling Time                  : 0 us
        - Read Syscall                : 0 us
        - Write Syscall               : 0 us
        - Page Fault                  : 0 us
        - io_uring                    : 0 us

-- I/O Counts --
 Read Syscall Count                   : 0
 Write Syscall Count                  : 0
 Block I/O Count                      : 0
 io_uring Completion Count            : 0

-- Total I/O Time (block device) --
 Total Block I/O Time           : 0

-- Page Faults & Bytes --
 Page Fault Count               : 0
 Read Bytes                     : 0
 Write Bytes                    : 0
 Block Read Bytes               : 0
 Block Write Bytes              : 0
[===============================================]

[===============================================]
Result of node_idx 8 in node_object 0: Softmax (NC, F32)

-- Elapsed Time Analysis --
 Wall-clock Time                      : 13 us
 - Non I/O Handling Time (Estimated)  : 13 us
 - I/O Handling Time                  : 0 us
        - Read Syscall                : 0 us
        - Write Syscall               : 0 us
        - Page Fault                  : 0 us
        - io_uring                    : 0 us

-- I/O Counts --
 Read Syscall Count                   : 0
 Write Syscall Count                  : 0
 Block I/O Count                      : 0
 io_uring Completion Count            : 0

-- Total I/O Time (block device) --
 Total Block I/O Time           : 0

-- Page Faults & Bytes --
 Page Fault Count               : 0
 Read Bytes                     : 0
 Write Bytes                    : 0
 Block Read Bytes               : 0
 Block Write Bytes              : 0
[===============================================]

[===============================================]
Result of node_idx 9 in node_object 0: Transpose (ND, X32)

-- Elapsed Time Analysis --
 Wall-clock Time                      : 33 us
 - Non I/O Handling Time (Estimated)  : 33 us
 - I/O Handling Time                  : 0 us
        - Read Syscall                : 0 us
        - Write Syscall               : 0 us
        - Page Fault                  : 0 us
        - io_uring                    : 0 us

-- I/O Counts --
 Read Syscall Count                   : 0
 Write Syscall Count                  : 0
 Block I/O Count                      : 0
 io_uring Completion Count            : 0

-- Total I/O Time (block device) --
 Total Block I/O Time           : 0

-- Page Faults & Bytes --
 Page Fault Count               : 0
 Read Bytes                     : 0
 Write Bytes                    : 0
 Block Read Bytes               : 0
 Block Write Bytes              : 0
[===============================================]

[===============================================]
Result of node_idx 10 in node_object 0: Static Reshape (NC)

-- Elapsed Time Analysis --
 Wall-clock Time                      : 3 us
 - Non I/O Handling Time (Estimated)  : 3 us
 - I/O Handling Time                  : 0 us
        - Read Syscall                : 0 us
        - Write Syscall               : 0 us
        - Page Fault                  : 0 us
        - io_uring                    : 0 us

-- I/O Counts --
 Read Syscall Count                   : 0
 Write Syscall Count                  : 0
 Block I/O Count                      : 0
 io_uring Completion Count            : 0

-- Total I/O Time (block device) --
 Total Block I/O Time           : 0

-- Page Faults & Bytes --
 Page Fault Count               : 0
 Read Bytes                     : 0
 Write Bytes                    : 0
 Block Read Bytes               : 0
 Block Write Bytes              : 0
[===============================================]

[===============================================]
Result of node_idx 11 in node_object 0: Static Reshape (NC)

-- Elapsed Time Analysis --
 Wall-clock Time                      : 3 us
 - Non I/O Handling Time (Estimated)  : 3 us
 - I/O Handling Time                  : 0 us
        - Read Syscall                : 0 us
        - Write Syscall               : 0 us
        - Page Fault                  : 0 us
        - io_uring                    : 0 us

-- I/O Counts --
 Read Syscall Count                   : 0
 Write Syscall Count                  : 0
 Block I/O Count                      : 0
 io_uring Completion Count            : 0

-- Total I/O Time (block device) --
 Total Block I/O Time           : 0

-- Page Faults & Bytes --
 Page Fault Count               : 0
 Read Bytes                     : 0
 Write Bytes                    : 0
 Block Read Bytes               : 0
 Block Write Bytes              : 0
[===============================================]

[===============================================]
Result of node_idx 12 in node_object 0: Batch Matrix Multiply (NC, F32)

-- Elapsed Time Analysis --
 Wall-clock Time                      : 60 us
 - Non I/O Handling Time (Estimated)  : 60 us
 - I/O Handling Time                  : 0 us
        - Read Syscall                : 0 us
        - Write Syscall               : 0 us
        - Page Fault                  : 0 us
        - io_uring                    : 0 us

-- I/O Counts --
 Read Syscall Count                   : 0
 Write Syscall Count                  : 0
 Block I/O Count                      : 0
 io_uring Completion Count            : 0

-- Total I/O Time (block device) --
 Total Block I/O Time           : 0

-- Page Faults & Bytes --
 Page Fault Count               : 0
 Read Bytes                     : 0
 Write Bytes                    : 0
 Block Read Bytes               : 0
 Block Write Bytes              : 0
[===============================================]

[===============================================]
Result of node_idx 13 in node_object 0: Static Reshape (NC)

-- Elapsed Time Analysis --
 Wall-clock Time                      : 3 us
 - Non I/O Handling Time (Estimated)  : 3 us
 - I/O Handling Time                  : 0 us
        - Read Syscall                : 0 us
        - Write Syscall               : 0 us
        - Page Fault                  : 0 us
        - io_uring                    : 0 us

-- I/O Counts --
 Read Syscall Count                   : 0
 Write Syscall Count                  : 0
 Block I/O Count                      : 0
 io_uring Completion Count            : 0

-- Total I/O Time (block device) --
 Total Block I/O Time           : 0

-- Page Faults & Bytes --
 Page Fault Count               : 0
 Read Bytes                     : 0
 Write Bytes                    : 0
 Block Read Bytes               : 0
 Block Write Bytes              : 0
[===============================================]

[===============================================]
Result of node_idx 14 in node_object 0: Transpose (ND, X32)

-- Elapsed Time Analysis --
 Wall-clock Time                      : 4 us
 - Non I/O Handling Time (Estimated)  : 4 us
 - I/O Handling Time                  : 0 us
        - Read Syscall                : 0 us
        - Write Syscall               : 0 us
        - Page Fault                  : 0 us
        - io_uring                    : 0 us

-- I/O Counts --
 Read Syscall Count                   : 0
 Write Syscall Count                  : 0
 Block I/O Count                      : 0
 io_uring Completion Count            : 0

-- Total I/O Time (block device) --
 Total Block I/O Time           : 0

-- Page Faults & Bytes --
 Page Fault Count               : 0
 Read Bytes                     : 0
 Write Bytes                    : 0
 Block Read Bytes               : 0
 Block Write Bytes              : 0
[===============================================]

[===============================================]
Result of node_idx 15 in node_object 0: Static Reshape (NC)

-- Elapsed Time Analysis --
 Wall-clock Time                      : 3 us
 - Non I/O Handling Time (Estimated)  : 3 us
 - I/O Handling Time                  : 0 us
        - Read Syscall                : 0 us
        - Write Syscall               : 0 us
        - Page Fault                  : 0 us
        - io_uring                    : 0 us

-- I/O Counts --
 Read Syscall Count                   : 0
 Write Syscall Count                  : 0
 Block I/O Count                      : 0
 io_uring Completion Count            : 0

-- Total I/O Time (block device) --
 Total Block I/O Time           : 0

-- Page Faults & Bytes --
 Page Fault Count               : 0
 Read Bytes                     : 0
 Write Bytes                    : 0
 Block Read Bytes               : 0
 Block Write Bytes              : 0
[===============================================]

[===============================================]
Result of node_idx 16 in node_object 0: Fully Connected (NC, QDU8, F32, QC8W)

-- Elapsed Time Analysis --
 Wall-clock Time                      : 504 us
 - Non I/O Handling Time (Estimated)  : 99 us
 - I/O Handling Time                  : 405 us
        - Read Syscall                : 0 us
        - Write Syscall               : 0 us
        - Page Fault                  : 405 us
        - io_uring                    : 0 us

-- I/O Counts --
 Read Syscall Count                   : 0
 Write Syscall Count                  : 0
 Block I/O Count                      : 1
 io_uring Completion Count            : 0

-- Total I/O Time (block device) --
 Total Block I/O Time           : 355

-- Page Faults & Bytes --
 Page Fault Count               : 4
 Read Bytes                     : 0
 Write Bytes                    : 0
 Block Read Bytes               : 8192
 Block Write Bytes              : 0
[===============================================]

[===============================================]
Result of node_idx 17 in node_object 0: Add (ND)

-- Elapsed Time Analysis --
 Wall-clock Time                      : 17 us
 - Non I/O Handling Time (Estimated)  : 17 us
 - I/O Handling Time                  : 0 us
        - Read Syscall                : 0 us
        - Write Syscall               : 0 us
        - Page Fault                  : 0 us
        - io_uring                    : 0 us

-- I/O Counts --
 Read Syscall Count                   : 0
 Write Syscall Count                  : 0
 Block I/O Count                      : 0
 io_uring Completion Count            : 0

-- Total I/O Time (block device) --
 Total Block I/O Time           : 0

-- Page Faults & Bytes --
 Page Fault Count               : 0
 Read Bytes                     : 0
 Write Bytes                    : 0
 Block Read Bytes               : 0
 Block Write Bytes              : 0
[===============================================]

[===============================================]
Result of node_idx 0 in node_object 0: Multiply (ND)

-- Elapsed Time Analysis --
 Wall-clock Time                      : 80 us
 - Non I/O Handling Time (Estimated)  : 80 us
 - I/O Handling Time                  : 0 us
        - Read Syscall                : 0 us
        - Write Syscall               : 0 us
        - Page Fault                  : 0 us
        - io_uring                    : 0 us

-- I/O Counts --
 Read Syscall Count                   : 0
 Write Syscall Count                  : 0
 Block I/O Count                      : 0
 io_uring Completion Count            : 0

-- Total I/O Time (block device) --
 Total Block I/O Time           : 0

-- Page Faults & Bytes --
 Page Fault Count               : 0
 Read Bytes                     : 0
 Write Bytes                    : 0
 Block Read Bytes               : 0
 Block Write Bytes              : 0
[===============================================]

[===============================================]
Result of node_idx 1 in node_object 0: Sum (ND)

-- Elapsed Time Analysis --
 Wall-clock Time                      : 12 us
 - Non I/O Handling Time (Estimated)  : 12 us
 - I/O Handling Time                  : 0 us
        - Read Syscall                : 0 us
        - Write Syscall               : 0 us
        - Page Fault                  : 0 us
        - io_uring                    : 0 us

-- I/O Counts --
 Read Syscall Count                   : 0
 Write Syscall Count                  : 0
 Block I/O Count                      : 0
 io_uring Completion Count            : 0

-- Total I/O Time (block device) --
 Total Block I/O Time           : 0

-- Page Faults & Bytes --
 Page Fault Count               : 0
 Read Bytes                     : 0
 Write Bytes                    : 0
 Block Read Bytes               : 0
 Block Write Bytes              : 0
[===============================================]

[===============================================]
Result of node_idx 2 in node_object 0: Multiply (ND)

-- Elapsed Time Analysis --
 Wall-clock Time                      : 3 us
 - Non I/O Handling Time (Estimated)  : 3 us
 - I/O Handling Time                  : 0 us
        - Read Syscall                : 0 us
        - Write Syscall               : 0 us
        - Page Fault                  : 0 us
        - io_uring                    : 0 us

-- I/O Counts --
 Read Syscall Count                   : 0
 Write Syscall Count                  : 0
 Block I/O Count                      : 0
 io_uring Completion Count            : 0

-- Total I/O Time (block device) --
 Total Block I/O Time           : 0

-- Page Faults & Bytes --
 Page Fault Count               : 0
 Read Bytes                     : 0
 Write Bytes                    : 0
 Block Read Bytes               : 0
 Block Write Bytes              : 0
[===============================================]

[===============================================]
Result of node_idx 3 in node_object 0: Add (ND)

-- Elapsed Time Analysis --
 Wall-clock Time                      : 3 us
 - Non I/O Handling Time (Estimated)  : 3 us
 - I/O Handling Time                  : 0 us
        - Read Syscall                : 0 us
        - Write Syscall               : 0 us
        - Page Fault                  : 0 us
        - io_uring                    : 0 us

-- I/O Counts --
 Read Syscall Count                   : 0
 Write Syscall Count                  : 0
 Block I/O Count                      : 0
 io_uring Completion Count            : 0

-- Total I/O Time (block device) --
 Total Block I/O Time           : 0

-- Page Faults & Bytes --
 Page Fault Count               : 0
 Read Bytes                     : 0
 Write Bytes                    : 0
 Block Read Bytes               : 0
 Block Write Bytes              : 0
[===============================================]

[===============================================]
Result of node_idx 4 in node_object 0: Static Reshape (NC)

-- Elapsed Time Analysis --
 Wall-clock Time                      : 3 us
 - Non I/O Handling Time (Estimated)  : 3 us
 - I/O Handling Time                  : 0 us
        - Read Syscall                : 0 us
        - Write Syscall               : 0 us
        - Page Fault                  : 0 us
        - io_uring                    : 0 us

-- I/O Counts --
 Read Syscall Count                   : 0
 Write Syscall Count                  : 0
 Block I/O Count                      : 0
 io_uring Completion Count            : 0

-- Total I/O Time (block device) --
 Total Block I/O Time           : 0

-- Page Faults & Bytes --
 Page Fault Count               : 0
 Read Bytes                     : 0
 Write Bytes                    : 0
 Block Read Bytes               : 0
 Block Write Bytes              : 0
[===============================================]

[===============================================]
Result of node_idx 5 in node_object 0: Reciprocal Square Root (NC)

-- Elapsed Time Analysis --
 Wall-clock Time                      : 3 us
 - Non I/O Handling Time (Estimated)  : 3 us
 - I/O Handling Time                  : 0 us
        - Read Syscall                : 0 us
        - Write Syscall               : 0 us
        - Page Fault                  : 0 us
        - io_uring                    : 0 us

-- I/O Counts --
 Read Syscall Count                   : 0
 Write Syscall Count                  : 0
 Block I/O Count                      : 0
 io_uring Completion Count            : 0

-- Total I/O Time (block device) --
 Total Block I/O Time           : 0

-- Page Faults & Bytes --
 Page Fault Count               : 0
 Read Bytes                     : 0
 Write Bytes                    : 0
 Block Read Bytes               : 0
 Block Write Bytes              : 0
[===============================================]

[===============================================]
Result of node_idx 6 in node_object 0: Multiply (ND)

-- Elapsed Time Analysis --
 Wall-clock Time                      : 5 us
 - Non I/O Handling Time (Estimated)  : 5 us
 - I/O Handling Time                  : 0 us
        - Read Syscall                : 0 us
        - Write Syscall               : 0 us
        - Page Fault                  : 0 us
        - io_uring                    : 0 us

-- I/O Counts --
 Read Syscall Count                   : 0
 Write Syscall Count                  : 0
 Block I/O Count                      : 0
 io_uring Completion Count            : 0

-- Total I/O Time (block device) --
 Total Block I/O Time           : 0

-- Page Faults & Bytes --
 Page Fault Count               : 0
 Read Bytes                     : 0
 Write Bytes                    : 0
 Block Read Bytes               : 0
 Block Write Bytes              : 0
[===============================================]

[===============================================]
Result of node_idx 7 in node_object 0: Multiply (ND)

-- Elapsed Time Analysis --
 Wall-clock Time                      : 5 us
 - Non I/O Handling Time (Estimated)  : 5 us
 - I/O Handling Time                  : 0 us
        - Read Syscall                : 0 us
        - Write Syscall               : 0 us
        - Page Fault                  : 0 us
        - io_uring                    : 0 us

-- I/O Counts --
 Read Syscall Count                   : 0
 Write Syscall Count                  : 0
 Block I/O Count                      : 0
 io_uring Completion Count            : 0

-- Total I/O Time (block device) --
 Total Block I/O Time           : 0

-- Page Faults & Bytes --
 Page Fault Count               : 0
 Read Bytes                     : 0
 Write Bytes                    : 0
 Block Read Bytes               : 0
 Block Write Bytes              : 0
[===============================================]

[===============================================]
Result of node_idx 0 in node_object 0: Fully Connected (NC, QDU8, F32, QC8W)

-- Elapsed Time Analysis --
 Wall-clock Time                      : 1215 us
 - Non I/O Handling Time (Estimated)  : 42 us
 - I/O Handling Time                  : 1173 us
        - Read Syscall                : 0 us
        - Write Syscall               : 0 us
        - Page Fault                  : 1173 us
        - io_uring                    : 0 us

-- I/O Counts --
 Read Syscall Count                   : 0
 Write Syscall Count                  : 0
 Block I/O Count                      : 3
 io_uring Completion Count            : 0

-- Total I/O Time (block device) --
 Total Block I/O Time           : 814

-- Page Faults & Bytes --
 Page Fault Count               : 12
 Read Bytes                     : 0
 Write Bytes                    : 0
 Block Read Bytes               : 233472
 Block Write Bytes              : 0
[===============================================]

[===============================================]
Result of node_idx 1 in node_object 0: Sigmoid (NC)

-- Elapsed Time Analysis --
 Wall-clock Time                      : 97 us
 - Non I/O Handling Time (Estimated)  : 97 us
 - I/O Handling Time                  : 0 us
        - Read Syscall                : 0 us
        - Write Syscall               : 0 us
        - Page Fault                  : 0 us
        - io_uring                    : 0 us

-- I/O Counts --
 Read Syscall Count                   : 0
 Write Syscall Count                  : 0
 Block I/O Count                      : 0
 io_uring Completion Count            : 0

-- Total I/O Time (block device) --
 Total Block I/O Time           : 0

-- Page Faults & Bytes --
 Page Fault Count               : 0
 Read Bytes                     : 0
 Write Bytes                    : 0
 Block Read Bytes               : 0
 Block Write Bytes              : 0
[===============================================]

[===============================================]
Result of node_idx 2 in node_object 0: Multiply (ND)

-- Elapsed Time Analysis --
 Wall-clock Time                      : 87 us
 - Non I/O Handling Time (Estimated)  : 87 us
 - I/O Handling Time                  : 0 us
        - Read Syscall                : 0 us
        - Write Syscall               : 0 us
        - Page Fault                  : 0 us
        - io_uring                    : 0 us

-- I/O Counts --
 Read Syscall Count                   : 0
 Write Syscall Count                  : 0
 Block I/O Count                      : 0
 io_uring Completion Count            : 0

-- Total I/O Time (block device) --
 Total Block I/O Time           : 0

-- Page Faults & Bytes --
 Page Fault Count               : 0
 Read Bytes                     : 0
 Write Bytes                    : 0
 Block Read Bytes               : 0
 Block Write Bytes              : 0
[===============================================]

[===============================================]
Result of node_idx 3 in node_object 0: Fully Connected (NC, QDU8, F32, QC8W)

-- Elapsed Time Analysis --
 Wall-clock Time                      : 1001 us
 - Non I/O Handling Time (Estimated)  : 130 us
 - I/O Handling Time                  : 871 us
        - Read Syscall                : 0 us
        - Write Syscall               : 0 us
        - Page Fault                  : 871 us
        - io_uring                    : 0 us

-- I/O Counts --
 Read Syscall Count                   : 0
 Write Syscall Count                  : 0
 Block I/O Count                      : 3
 io_uring Completion Count            : 0

-- Total I/O Time (block device) --
 Total Block I/O Time           : 1405

-- Page Faults & Bytes --
 Page Fault Count               : 8
 Read Bytes                     : 0
 Write Bytes                    : 0
 Block Read Bytes               : 253952
 Block Write Bytes              : 0
[===============================================]

[===============================================]
Result of node_idx 4 in node_object 0: Multiply (ND)

-- Elapsed Time Analysis --
 Wall-clock Time                      : 88 us
 - Non I/O Handling Time (Estimated)  : 88 us
 - I/O Handling Time                  : 0 us
        - Read Syscall                : 0 us
        - Write Syscall               : 0 us
        - Page Fault                  : 0 us
        - io_uring                    : 0 us

-- I/O Counts --
 Read Syscall Count                   : 0
 Write Syscall Count                  : 0
 Block I/O Count                      : 0
 io_uring Completion Count            : 0

-- Total I/O Time (block device) --
 Total Block I/O Time           : 0

-- Page Faults & Bytes --
 Page Fault Count               : 0
 Read Bytes                     : 0
 Write Bytes                    : 0
 Block Read Bytes               : 0
 Block Write Bytes              : 0
[===============================================]

[===============================================]
Result of node_idx 5 in node_object 0: Fully Connected (NC, QDU8, F32, QC8W)

-- Elapsed Time Analysis --
 Wall-clock Time                      : 772 us
 - Non I/O Handling Time (Estimated)  : 157 us
 - I/O Handling Time                  : 615 us
        - Read Syscall                : 0 us
        - Write Syscall               : 0 us
        - Page Fault                  : 615 us
        - io_uring                    : 0 us

-- I/O Counts --
 Read Syscall Count                   : 0
 Write Syscall Count                  : 0
 Block I/O Count                      : 6
 io_uring Completion Count            : 0

-- Total I/O Time (block device) --
 Total Block I/O Time           : 1180

-- Page Faults & Bytes --
 Page Fault Count               : 14
 Read Bytes                     : 0
 Write Bytes                    : 0
 Block Read Bytes               : 77824
 Block Write Bytes              : 0
[===============================================]

[===============================================]
Result of node_idx 6 in node_object 0: Add (ND)

-- Elapsed Time Analysis --
 Wall-clock Time                      : 11 us
 - Non I/O Handling Time (Estimated)  : 11 us
 - I/O Handling Time                  : 0 us
        - Read Syscall                : 0 us
        - Write Syscall               : 0 us
        - Page Fault                  : 0 us
        - io_uring                    : 0 us

-- I/O Counts --
 Read Syscall Count                   : 0
 Write Syscall Count                  : 0
 Block I/O Count                      : 0
 io_uring Completion Count            : 0

-- Total I/O Time (block device) --
 Total Block I/O Time           : 0

-- Page Faults & Bytes --
 Page Fault Count               : 0
 Read Bytes                     : 0
 Write Bytes                    : 0
 Block Read Bytes               : 0
 Block Write Bytes              : 0
[===============================================]

[===============================================]
Result of node_idx 0 in node_object 0: Multiply (ND)

-- Elapsed Time Analysis --
 Wall-clock Time                      : 91 us
 - Non I/O Handling Time (Estimated)  : 91 us
 - I/O Handling Time                  : 0 us
        - Read Syscall                : 0 us
        - Write Syscall               : 0 us
        - Page Fault                  : 0 us
        - io_uring                    : 0 us

-- I/O Counts --
 Read Syscall Count                   : 0
 Write Syscall Count                  : 0
 Block I/O Count                      : 0
 io_uring Completion Count            : 0

-- Total I/O Time (block device) --
 Total Block I/O Time           : 258

-- Page Faults & Bytes --
 Page Fault Count               : 0
 Read Bytes                     : 0
 Write Bytes                    : 0
 Block Read Bytes               : 106496
 Block Write Bytes              : 0
[===============================================]

[===============================================]
Result of node_idx 1 in node_object 0: Sum (ND)

-- Elapsed Time Analysis --
 Wall-clock Time                      : 88 us
 - Non I/O Handling Time (Estimated)  : 88 us
 - I/O Handling Time                  : 0 us
        - Read Syscall                : 0 us
        - Write Syscall               : 0 us
        - Page Fault                  : 0 us
        - io_uring                    : 0 us

-- I/O Counts --
 Read Syscall Count                   : 0
 Write Syscall Count                  : 0
 Block I/O Count                      : 0
 io_uring Completion Count            : 0

-- Total I/O Time (block device) --
 Total Block I/O Time           : 0

-- Page Faults & Bytes --
 Page Fault Count               : 0
 Read Bytes                     : 0
 Write Bytes                    : 0
 Block Read Bytes               : 0
 Block Write Bytes              : 0
[===============================================]

[===============================================]
Result of node_idx 2 in node_object 0: Multiply (ND)

-- Elapsed Time Analysis --
 Wall-clock Time                      : 3 us
 - Non I/O Handling Time (Estimated)  : 3 us
 - I/O Handling Time                  : 0 us
        - Read Syscall                : 0 us
        - Write Syscall               : 0 us
        - Page Fault                  : 0 us
        - io_uring                    : 0 us

-- I/O Counts --
 Read Syscall Count                   : 0
 Write Syscall Count                  : 0
 Block I/O Count                      : 0
 io_uring Completion Count            : 0

-- Total I/O Time (block device) --
 Total Block I/O Time           : 0

-- Page Faults & Bytes --
 Page Fault Count               : 0
 Read Bytes                     : 0
 Write Bytes                    : 0
 Block Read Bytes               : 0
 Block Write Bytes              : 0
[===============================================]

[===============================================]
Result of node_idx 3 in node_object 0: Add (ND)

-- Elapsed Time Analysis --
 Wall-clock Time                      : 2 us
 - Non I/O Handling Time (Estimated)  : 2 us
 - I/O Handling Time                  : 0 us
        - Read Syscall                : 0 us
        - Write Syscall               : 0 us
        - Page Fault                  : 0 us
        - io_uring                    : 0 us

-- I/O Counts --
 Read Syscall Count                   : 0
 Write Syscall Count                  : 0
 Block I/O Count                      : 0
 io_uring Completion Count            : 0

-- Total I/O Time (block device) --
 Total Block I/O Time           : 0

-- Page Faults & Bytes --
 Page Fault Count               : 0
 Read Bytes                     : 0
 Write Bytes                    : 0
 Block Read Bytes               : 0
 Block Write Bytes              : 0
[===============================================]

[===============================================]
Result of node_idx 4 in node_object 0: Static Reshape (NC)

-- Elapsed Time Analysis --
 Wall-clock Time                      : 2 us
 - Non I/O Handling Time (Estimated)  : 2 us
 - I/O Handling Time                  : 0 us
        - Read Syscall                : 0 us
        - Write Syscall               : 0 us
        - Page Fault                  : 0 us
        - io_uring                    : 0 us

-- I/O Counts --
 Read Syscall Count                   : 0
 Write Syscall Count                  : 0
 Block I/O Count                      : 0
 io_uring Completion Count            : 0

-- Total I/O Time (block device) --
 Total Block I/O Time           : 365

-- Page Faults & Bytes --
 Page Fault Count               : 0
 Read Bytes                     : 0
 Write Bytes                    : 0
 Block Read Bytes               : 122880
 Block Write Bytes              : 0
[===============================================]

[===============================================]
Result of node_idx 5 in node_object 0: Reciprocal Square Root (NC)

-- Elapsed Time Analysis --
 Wall-clock Time                      : 2 us
 - Non I/O Handling Time (Estimated)  : 2 us
 - I/O Handling Time                  : 0 us
        - Read Syscall                : 0 us
        - Write Syscall               : 0 us
        - Page Fault                  : 0 us
        - io_uring                    : 0 us

-- I/O Counts --
 Read Syscall Count                   : 0
 Write Syscall Count                  : 0
 Block I/O Count                      : 0
 io_uring Completion Count            : 0

-- Total I/O Time (block device) --
 Total Block I/O Time           : 0

-- Page Faults & Bytes --
 Page Fault Count               : 0
 Read Bytes                     : 0
 Write Bytes                    : 0
 Block Read Bytes               : 0
 Block Write Bytes              : 0
[===============================================]

[===============================================]
Result of node_idx 6 in node_object 0: Multiply (ND)

-- Elapsed Time Analysis --
 Wall-clock Time                      : 85 us
 - Non I/O Handling Time (Estimated)  : 85 us
 - I/O Handling Time                  : 0 us
        - Read Syscall                : 0 us
        - Write Syscall               : 0 us
        - Page Fault                  : 0 us
        - io_uring                    : 0 us

-- I/O Counts --
 Read Syscall Count                   : 0
 Write Syscall Count                  : 0
 Block I/O Count                      : 0
 io_uring Completion Count            : 0

-- Total I/O Time (block device) --
 Total Block I/O Time           : 0

-- Page Faults & Bytes --
 Page Fault Count               : 0
 Read Bytes                     : 0
 Write Bytes                    : 0
 Block Read Bytes               : 0
 Block Write Bytes              : 0
[===============================================]

[===============================================]
Result of node_idx 7 in node_object 0: Multiply (ND)

-- Elapsed Time Analysis --
 Wall-clock Time                      : 13 us
 - Non I/O Handling Time (Estimated)  : 13 us
 - I/O Handling Time                  : 0 us
        - Read Syscall                : 0 us
        - Write Syscall               : 0 us
        - Page Fault                  : 0 us
        - io_uring                    : 0 us

-- I/O Counts --
 Read Syscall Count                   : 0
 Write Syscall Count                  : 0
 Block I/O Count                      : 0
 io_uring Completion Count            : 0

-- Total I/O Time (block device) --
 Total Block I/O Time           : 0

-- Page Faults & Bytes --
 Page Fault Count               : 0
 Read Bytes                     : 0
 Write Bytes                    : 0
 Block Read Bytes               : 0
 Block Write Bytes              : 0
[===============================================]

[===============================================]
Result of node_idx 0 in node_object 0: Fully Connected (NC, QDU8, F32, QC8W)

-- Elapsed Time Analysis --
 Wall-clock Time                      : 636 us
 - Non I/O Handling Time (Estimated)  : 28 us
 - I/O Handling Time                  : 608 us
        - Read Syscall                : 0 us
        - Write Syscall               : 0 us
        - Page Fault                  : 608 us
        - io_uring                    : 0 us

-- I/O Counts --
 Read Syscall Count                   : 0
 Write Syscall Count                  : 0
 Block I/O Count                      : 2
 io_uring Completion Count            : 0

-- Total I/O Time (block device) --
 Total Block I/O Time           : 735

-- Page Faults & Bytes --
 Page Fault Count               : 6
 Read Bytes                     : 0
 Write Bytes                    : 0
 Block Read Bytes               : 45056
 Block Write Bytes              : 0
[===============================================]

[===============================================]
Result of node_idx 1 in node_object 0: Static Reshape (NC)

-- Elapsed Time Analysis --
 Wall-clock Time                      : 89 us
 - Non I/O Handling Time (Estimated)  : 89 us
 - I/O Handling Time                  : 0 us
        - Read Syscall                : 0 us
        - Write Syscall               : 0 us
        - Page Fault                  : 0 us
        - io_uring                    : 0 us

-- I/O Counts --
 Read Syscall Count                   : 0
 Write Syscall Count                  : 0
 Block I/O Count                      : 0
 io_uring Completion Count            : 0

-- Total I/O Time (block device) --
 Total Block I/O Time           : 0

-- Page Faults & Bytes --
 Page Fault Count               : 0
 Read Bytes                     : 0
 Write Bytes                    : 0
 Block Read Bytes               : 0
 Block Write Bytes              : 0
[===============================================]

[===============================================]
Result of node_idx 2 in node_object 0: Slice (ND, X32)

-- Elapsed Time Analysis --
 Wall-clock Time                      : 91 us
 - Non I/O Handling Time (Estimated)  : 91 us
 - I/O Handling Time                  : 0 us
        - Read Syscall                : 0 us
        - Write Syscall               : 0 us
        - Page Fault                  : 0 us
        - io_uring                    : 0 us

-- I/O Counts --
 Read Syscall Count                   : 0
 Write Syscall Count                  : 0
 Block I/O Count                      : 0
 io_uring Completion Count            : 0

-- Total I/O Time (block device) --
 Total Block I/O Time           : 0

-- Page Faults & Bytes --
 Page Fault Count               : 0
 Read Bytes                     : 0
 Write Bytes                    : 0
 Block Read Bytes               : 0
 Block Write Bytes              : 0
[===============================================]

[===============================================]
Result of node_idx 3 in node_object 0: Slice (ND, X32)

-- Elapsed Time Analysis --
 Wall-clock Time                      : 89 us
 - Non I/O Handling Time (Estimated)  : 89 us
 - I/O Handling Time                  : 0 us
        - Read Syscall                : 0 us
        - Write Syscall               : 0 us
        - Page Fault                  : 0 us
        - io_uring                    : 0 us

-- I/O Counts --
 Read Syscall Count                   : 0
 Write Syscall Count                  : 0
 Block I/O Count                      : 0
 io_uring Completion Count            : 0

-- Total I/O Time (block device) --
 Total Block I/O Time           : 0

-- Page Faults & Bytes --
 Page Fault Count               : 0
 Read Bytes                     : 0
 Write Bytes                    : 0
 Block Read Bytes               : 0
 Block Write Bytes              : 0
[===============================================]

[===============================================]
Result of node_idx 4 in node_object 0: Slice (ND, X32)

-- Elapsed Time Analysis --
 Wall-clock Time                      : 14 us
 - Non I/O Handling Time (Estimated)  : 14 us
 - I/O Handling Time                  : 0 us
        - Read Syscall                : 0 us
        - Write Syscall               : 0 us
        - Page Fault                  : 0 us
        - io_uring                    : 0 us

-- I/O Counts --
 Read Syscall Count                   : 0
 Write Syscall Count                  : 0
 Block I/O Count                      : 0
 io_uring Completion Count            : 0

-- Total I/O Time (block device) --
 Total Block I/O Time           : 0

-- Page Faults & Bytes --
 Page Fault Count               : 0
 Read Bytes                     : 0
 Write Bytes                    : 0
 Block Read Bytes               : 0
 Block Write Bytes              : 0
[===============================================]

[===============================================]
Result of node_idx 5 in node_object 0: Static Reshape (NC)

-- Elapsed Time Analysis --
 Wall-clock Time                      : 3 us
 - Non I/O Handling Time (Estimated)  : 3 us
 - I/O Handling Time                  : 0 us
        - Read Syscall                : 0 us
        - Write Syscall               : 0 us
        - Page Fault                  : 0 us
        - io_uring                    : 0 us

-- I/O Counts --
 Read Syscall Count                   : 0
 Write Syscall Count                  : 0
 Block I/O Count                      : 0
 io_uring Completion Count            : 0

-- Total I/O Time (block device) --
 Total Block I/O Time           : 0

-- Page Faults & Bytes --
 Page Fault Count               : 0
 Read Bytes                     : 0
 Write Bytes                    : 0
 Block Read Bytes               : 0
 Block Write Bytes              : 0
[===============================================]

[===============================================]
Result of node_idx 6 in node_object 0: Transpose (ND, X32)

-- Elapsed Time Analysis --
 Wall-clock Time                      : 5 us
 - Non I/O Handling Time (Estimated)  : 5 us
 - I/O Handling Time                  : 0 us
        - Read Syscall                : 0 us
        - Write Syscall               : 0 us
        - Page Fault                  : 0 us
        - io_uring                    : 0 us

-- I/O Counts --
 Read Syscall Count                   : 0
 Write Syscall Count                  : 0
 Block I/O Count                      : 0
 io_uring Completion Count            : 0

-- Total I/O Time (block device) --
 Total Block I/O Time           : 0

-- Page Faults & Bytes --
 Page Fault Count               : 0
 Read Bytes                     : 0
 Write Bytes                    : 0
 Block Read Bytes               : 0
 Block Write Bytes              : 0
[===============================================]

[===============================================]
Result of node_idx 7 in node_object 0: Slice (ND, X32)

-- Elapsed Time Analysis --
 Wall-clock Time                      : 9 us
 - Non I/O Handling Time (Estimated)  : 9 us
 - I/O Handling Time                  : 0 us
        - Read Syscall                : 0 us
        - Write Syscall               : 0 us
        - Page Fault                  : 0 us
        - io_uring                    : 0 us

-- I/O Counts --
 Read Syscall Count                   : 0
 Write Syscall Count                  : 0
 Block I/O Count                      : 0
 io_uring Completion Count            : 0

-- Total I/O Time (block device) --
 Total Block I/O Time           : 0

-- Page Faults & Bytes --
 Page Fault Count               : 0
 Read Bytes                     : 0
 Write Bytes                    : 0
 Block Read Bytes               : 0
 Block Write Bytes              : 0
[===============================================]

[===============================================]
Result of node_idx 8 in node_object 0: Slice (ND, X32)

-- Elapsed Time Analysis --
 Wall-clock Time                      : 8 us
 - Non I/O Handling Time (Estimated)  : 8 us
 - I/O Handling Time                  : 0 us
        - Read Syscall                : 0 us
        - Write Syscall               : 0 us
        - Page Fault                  : 0 us
        - io_uring                    : 0 us

-- I/O Counts --
 Read Syscall Count                   : 0
 Write Syscall Count                  : 0
 Block I/O Count                      : 0
 io_uring Completion Count            : 0

-- Total I/O Time (block device) --
 Total Block I/O Time           : 0

-- Page Faults & Bytes --
 Page Fault Count               : 0
 Read Bytes                     : 0
 Write Bytes                    : 0
 Block Read Bytes               : 0
 Block Write Bytes              : 0
[===============================================]

[===============================================]
Result of node_idx 9 in node_object 0: Multiply (ND)

-- Elapsed Time Analysis --
 Wall-clock Time                      : 5 us
 - Non I/O Handling Time (Estimated)  : 5 us
 - I/O Handling Time                  : 0 us
        - Read Syscall                : 0 us
        - Write Syscall               : 0 us
        - Page Fault                  : 0 us
        - io_uring                    : 0 us

-- I/O Counts --
 Read Syscall Count                   : 0
 Write Syscall Count                  : 0
 Block I/O Count                      : 0
 io_uring Completion Count            : 0

-- Total I/O Time (block device) --
 Total Block I/O Time           : 0

-- Page Faults & Bytes --
 Page Fault Count               : 0
 Read Bytes                     : 0
 Write Bytes                    : 0
 Block Read Bytes               : 0
 Block Write Bytes              : 0
[===============================================]

[===============================================]
Result of node_idx 10 in node_object 0: Multiply (ND)

-- Elapsed Time Analysis --
 Wall-clock Time                      : 6 us
 - Non I/O Handling Time (Estimated)  : 6 us
 - I/O Handling Time                  : 0 us
        - Read Syscall                : 0 us
        - Write Syscall               : 0 us
        - Page Fault                  : 0 us
        - io_uring                    : 0 us

-- I/O Counts --
 Read Syscall Count                   : 0
 Write Syscall Count                  : 0
 Block I/O Count                      : 0
 io_uring Completion Count            : 0

-- Total I/O Time (block device) --
 Total Block I/O Time           : 0

-- Page Faults & Bytes --
 Page Fault Count               : 0
 Read Bytes                     : 0
 Write Bytes                    : 0
 Block Read Bytes               : 0
 Block Write Bytes              : 0
[===============================================]

[===============================================]
Result of node_idx 11 in node_object 0: Subtract (ND)

-- Elapsed Time Analysis --
 Wall-clock Time                      : 6 us
 - Non I/O Handling Time (Estimated)  : 6 us
 - I/O Handling Time                  : 0 us
        - Read Syscall                : 0 us
        - Write Syscall               : 0 us
        - Page Fault                  : 0 us
        - io_uring                    : 0 us

-- I/O Counts --
 Read Syscall Count                   : 0
 Write Syscall Count                  : 0
 Block I/O Count                      : 0
 io_uring Completion Count            : 0

-- Total I/O Time (block device) --
 Total Block I/O Time           : 0

-- Page Faults & Bytes --
 Page Fault Count               : 0
 Read Bytes                     : 0
 Write Bytes                    : 0
 Block Read Bytes               : 0
 Block Write Bytes              : 0
[===============================================]

[===============================================]
Result of node_idx 12 in node_object 0: Multiply (ND)

-- Elapsed Time Analysis --
 Wall-clock Time                      : 5 us
 - Non I/O Handling Time (Estimated)  : 5 us
 - I/O Handling Time                  : 0 us
        - Read Syscall                : 0 us
        - Write Syscall               : 0 us
        - Page Fault                  : 0 us
        - io_uring                    : 0 us

-- I/O Counts --
 Read Syscall Count                   : 0
 Write Syscall Count                  : 0
 Block I/O Count                      : 0
 io_uring Completion Count            : 0

-- Total I/O Time (block device) --
 Total Block I/O Time           : 0

-- Page Faults & Bytes --
 Page Fault Count               : 0
 Read Bytes                     : 0
 Write Bytes                    : 0
 Block Read Bytes               : 0
 Block Write Bytes              : 0
[===============================================]

[===============================================]
Result of node_idx 13 in node_object 0: Multiply (ND)

-- Elapsed Time Analysis --
 Wall-clock Time                      : 5 us
 - Non I/O Handling Time (Estimated)  : 5 us
 - I/O Handling Time                  : 0 us
        - Read Syscall                : 0 us
        - Write Syscall               : 0 us
        - Page Fault                  : 0 us
        - io_uring                    : 0 us

-- I/O Counts --
 Read Syscall Count                   : 0
 Write Syscall Count                  : 0
 Block I/O Count                      : 0
 io_uring Completion Count            : 0

-- Total I/O Time (block device) --
 Total Block I/O Time           : 0

-- Page Faults & Bytes --
 Page Fault Count               : 0
 Read Bytes                     : 0
 Write Bytes                    : 0
 Block Read Bytes               : 0
 Block Write Bytes              : 0
[===============================================]

[===============================================]
Result of node_idx 14 in node_object 0: Add (ND)

-- Elapsed Time Analysis --
 Wall-clock Time                      : 6 us
 - Non I/O Handling Time (Estimated)  : 6 us
 - I/O Handling Time                  : 0 us
        - Read Syscall                : 0 us
        - Write Syscall               : 0 us
        - Page Fault                  : 0 us
        - io_uring                    : 0 us

-- I/O Counts --
 Read Syscall Count                   : 0
 Write Syscall Count                  : 0
 Block I/O Count                      : 0
 io_uring Completion Count            : 0

-- Total I/O Time (block device) --
 Total Block I/O Time           : 0

-- Page Faults & Bytes --
 Page Fault Count               : 0
 Read Bytes                     : 0
 Write Bytes                    : 0
 Block Read Bytes               : 0
 Block Write Bytes              : 0
[===============================================]

[===============================================]
Result of node_idx 15 in node_object 0: Copy (NC, X32)

-- Elapsed Time Analysis --
 Wall-clock Time                      : 6 us
 - Non I/O Handling Time (Estimated)  : 6 us
 - I/O Handling Time                  : 0 us
        - Read Syscall                : 0 us
        - Write Syscall               : 0 us
        - Page Fault                  : 0 us
        - io_uring                    : 0 us

-- I/O Counts --
 Read Syscall Count                   : 0
 Write Syscall Count                  : 0
 Block I/O Count                      : 0
 io_uring Completion Count            : 0

-- Total I/O Time (block device) --
 Total Block I/O Time           : 0

-- Page Faults & Bytes --
 Page Fault Count               : 0
 Read Bytes                     : 0
 Write Bytes                    : 0
 Block Read Bytes               : 0
 Block Write Bytes              : 0
[===============================================]

[===============================================]
Result of node_idx 15 in node_object 1: Copy (NC, X32)

-- Elapsed Time Analysis --
 Wall-clock Time                      : 6 us
 - Non I/O Handling Time (Estimated)  : 6 us
 - I/O Handling Time                  : 0 us
        - Read Syscall                : 0 us
        - Write Syscall               : 0 us
        - Page Fault                  : 0 us
        - io_uring                    : 0 us

-- I/O Counts --
 Read Syscall Count                   : 0
 Write Syscall Count                  : 0
 Block I/O Count                      : 0
 io_uring Completion Count            : 0

-- Total I/O Time (block device) --
 Total Block I/O Time           : 0

-- Page Faults & Bytes --
 Page Fault Count               : 0
 Read Bytes                     : 0
 Write Bytes                    : 0
 Block Read Bytes               : 0
 Block Write Bytes              : 0
[===============================================]

[===============================================]
Result of node_idx 16 in node_object 0: Transpose (ND, X32)

-- Elapsed Time Analysis --
 Wall-clock Time                      : 5 us
 - Non I/O Handling Time (Estimated)  : 5 us
 - I/O Handling Time                  : 0 us
        - Read Syscall                : 0 us
        - Write Syscall               : 0 us
        - Page Fault                  : 0 us
        - io_uring                    : 0 us

-- I/O Counts --
 Read Syscall Count                   : 0
 Write Syscall Count                  : 0
 Block I/O Count                      : 0
 io_uring Completion Count            : 0

-- Total I/O Time (block device) --
 Total Block I/O Time           : 0

-- Page Faults & Bytes --
 Page Fault Count               : 0
 Read Bytes                     : 0
 Write Bytes                    : 0
 Block Read Bytes               : 0
 Block Write Bytes              : 0
[===============================================]

[===============================================]
Result of node_idx 17 in node_object 0: Transpose (ND, X32)

-- Elapsed Time Analysis --
 Wall-clock Time                      : 4 us
 - Non I/O Handling Time (Estimated)  : 4 us
 - I/O Handling Time                  : 0 us
        - Read Syscall                : 0 us
        - Write Syscall               : 0 us
        - Page Fault                  : 0 us
        - io_uring                    : 0 us

-- I/O Counts --
 Read Syscall Count                   : 0
 Write Syscall Count                  : 0
 Block I/O Count                      : 0
 io_uring Completion Count            : 0

-- Total I/O Time (block device) --
 Total Block I/O Time           : 0

-- Page Faults & Bytes --
 Page Fault Count               : 0
 Read Bytes                     : 0
 Write Bytes                    : 0
 Block Read Bytes               : 0
 Block Write Bytes              : 0
[===============================================]

[===============================================]
Result of node_idx 18 in node_object 0: Slice (ND, X32)

-- Elapsed Time Analysis --
 Wall-clock Time                      : 7 us
 - Non I/O Handling Time (Estimated)  : 7 us
 - I/O Handling Time                  : 0 us
        - Read Syscall                : 0 us
        - Write Syscall               : 0 us
        - Page Fault                  : 0 us
        - io_uring                    : 0 us

-- I/O Counts --
 Read Syscall Count                   : 0
 Write Syscall Count                  : 0
 Block I/O Count                      : 0
 io_uring Completion Count            : 0

-- Total I/O Time (block device) --
 Total Block I/O Time           : 0

-- Page Faults & Bytes --
 Page Fault Count               : 0
 Read Bytes                     : 0
 Write Bytes                    : 0
 Block Read Bytes               : 0
 Block Write Bytes              : 0
[===============================================]

[===============================================]
Result of node_idx 19 in node_object 0: Slice (ND, X32)

-- Elapsed Time Analysis --
 Wall-clock Time                      : 7 us
 - Non I/O Handling Time (Estimated)  : 7 us
 - I/O Handling Time                  : 0 us
        - Read Syscall                : 0 us
        - Write Syscall               : 0 us
        - Page Fault                  : 0 us
        - io_uring                    : 0 us

-- I/O Counts --
 Read Syscall Count                   : 0
 Write Syscall Count                  : 0
 Block I/O Count                      : 0
 io_uring Completion Count            : 0

-- Total I/O Time (block device) --
 Total Block I/O Time           : 0

-- Page Faults & Bytes --
 Page Fault Count               : 0
 Read Bytes                     : 0
 Write Bytes                    : 0
 Block Read Bytes               : 0
 Block Write Bytes              : 0
[===============================================]

[===============================================]
Result of node_idx 20 in node_object 0: Multiply (ND)

-- Elapsed Time Analysis --
 Wall-clock Time                      : 5 us
 - Non I/O Handling Time (Estimated)  : 5 us
 - I/O Handling Time                  : 0 us
        - Read Syscall                : 0 us
        - Write Syscall               : 0 us
        - Page Fault                  : 0 us
        - io_uring                    : 0 us

-- I/O Counts --
 Read Syscall Count                   : 0
 Write Syscall Count                  : 0
 Block I/O Count                      : 0
 io_uring Completion Count            : 0

-- Total I/O Time (block device) --
 Total Block I/O Time           : 0

-- Page Faults & Bytes --
 Page Fault Count               : 0
 Read Bytes                     : 0
 Write Bytes                    : 0
 Block Read Bytes               : 0
 Block Write Bytes              : 0
[===============================================]

[===============================================]
Result of node_idx 21 in node_object 0: Multiply (ND)

-- Elapsed Time Analysis --
 Wall-clock Time                      : 5 us
 - Non I/O Handling Time (Estimated)  : 5 us
 - I/O Handling Time                  : 0 us
        - Read Syscall                : 0 us
        - Write Syscall               : 0 us
        - Page Fault                  : 0 us
        - io_uring                    : 0 us

-- I/O Counts --
 Read Syscall Count                   : 0
 Write Syscall Count                  : 0
 Block I/O Count                      : 0
 io_uring Completion Count            : 0

-- Total I/O Time (block device) --
 Total Block I/O Time           : 0

-- Page Faults & Bytes --
 Page Fault Count               : 0
 Read Bytes                     : 0
 Write Bytes                    : 0
 Block Read Bytes               : 0
 Block Write Bytes              : 0
[===============================================]

[===============================================]
Result of node_idx 22 in node_object 0: Subtract (ND)

-- Elapsed Time Analysis --
 Wall-clock Time                      : 6 us
 - Non I/O Handling Time (Estimated)  : 6 us
 - I/O Handling Time                  : 0 us
        - Read Syscall                : 0 us
        - Write Syscall               : 0 us
        - Page Fault                  : 0 us
        - io_uring                    : 0 us

-- I/O Counts --
 Read Syscall Count                   : 0
 Write Syscall Count                  : 0
 Block I/O Count                      : 0
 io_uring Completion Count            : 0

-- Total I/O Time (block device) --
 Total Block I/O Time           : 0

-- Page Faults & Bytes --
 Page Fault Count               : 0
 Read Bytes                     : 0
 Write Bytes                    : 0
 Block Read Bytes               : 0
 Block Write Bytes              : 0
[===============================================]

[===============================================]
Result of node_idx 23 in node_object 0: Multiply (ND)

-- Elapsed Time Analysis --
 Wall-clock Time                      : 5 us
 - Non I/O Handling Time (Estimated)  : 5 us
 - I/O Handling Time                  : 0 us
        - Read Syscall                : 0 us
        - Write Syscall               : 0 us
        - Page Fault                  : 0 us
        - io_uring                    : 0 us

-- I/O Counts --
 Read Syscall Count                   : 0
 Write Syscall Count                  : 0
 Block I/O Count                      : 0
 io_uring Completion Count            : 0

-- Total I/O Time (block device) --
 Total Block I/O Time           : 0

-- Page Faults & Bytes --
 Page Fault Count               : 0
 Read Bytes                     : 0
 Write Bytes                    : 0
 Block Read Bytes               : 0
 Block Write Bytes              : 0
[===============================================]

[===============================================]
Result of node_idx 24 in node_object 0: Multiply (ND)

-- Elapsed Time Analysis --
 Wall-clock Time                      : 6 us
 - Non I/O Handling Time (Estimated)  : 6 us
 - I/O Handling Time                  : 0 us
        - Read Syscall                : 0 us
        - Write Syscall               : 0 us
        - Page Fault                  : 0 us
        - io_uring                    : 0 us

-- I/O Counts --
 Read Syscall Count                   : 0
 Write Syscall Count                  : 0
 Block I/O Count                      : 0
 io_uring Completion Count            : 0

-- Total I/O Time (block device) --
 Total Block I/O Time           : 0

-- Page Faults & Bytes --
 Page Fault Count               : 0
 Read Bytes                     : 0
 Write Bytes                    : 0
 Block Read Bytes               : 0
 Block Write Bytes              : 0
[===============================================]

[===============================================]
Result of node_idx 25 in node_object 0: Add (ND)

-- Elapsed Time Analysis --
 Wall-clock Time                      : 6 us
 - Non I/O Handling Time (Estimated)  : 6 us
 - I/O Handling Time                  : 0 us
        - Read Syscall                : 0 us
        - Write Syscall               : 0 us
        - Page Fault                  : 0 us
        - io_uring                    : 0 us

-- I/O Counts --
 Read Syscall Count                   : 0
 Write Syscall Count                  : 0
 Block I/O Count                      : 0
 io_uring Completion Count            : 0

-- Total I/O Time (block device) --
 Total Block I/O Time           : 0

-- Page Faults & Bytes --
 Page Fault Count               : 0
 Read Bytes                     : 0
 Write Bytes                    : 0
 Block Read Bytes               : 0
 Block Write Bytes              : 0
[===============================================]

[===============================================]
Result of node_idx 26 in node_object 0: Copy (NC, X32)

-- Elapsed Time Analysis --
 Wall-clock Time                      : 6 us
 - Non I/O Handling Time (Estimated)  : 6 us
 - I/O Handling Time                  : 0 us
        - Read Syscall                : 0 us
        - Write Syscall               : 0 us
        - Page Fault                  : 0 us
        - io_uring                    : 0 us

-- I/O Counts --
 Read Syscall Count                   : 0
 Write Syscall Count                  : 0
 Block I/O Count                      : 0
 io_uring Completion Count            : 0

-- Total I/O Time (block device) --
 Total Block I/O Time           : 0

-- Page Faults & Bytes --
 Page Fault Count               : 0
 Read Bytes                     : 0
 Write Bytes                    : 0
 Block Read Bytes               : 0
 Block Write Bytes              : 0
[===============================================]

[===============================================]
Result of node_idx 26 in node_object 1: Copy (NC, X32)

-- Elapsed Time Analysis --
 Wall-clock Time                      : 6 us
 - Non I/O Handling Time (Estimated)  : 6 us
 - I/O Handling Time                  : 0 us
        - Read Syscall                : 0 us
        - Write Syscall               : 0 us
        - Page Fault                  : 0 us
        - io_uring                    : 0 us

-- I/O Counts --
 Read Syscall Count                   : 0
 Write Syscall Count                  : 0
 Block I/O Count                      : 0
 io_uring Completion Count            : 0

-- Total I/O Time (block device) --
 Total Block I/O Time           : 0

-- Page Faults & Bytes --
 Page Fault Count               : 0
 Read Bytes                     : 0
 Write Bytes                    : 0
 Block Read Bytes               : 0
 Block Write Bytes              : 0
[===============================================]

[===============================================]
Result of node_idx 27 in node_object 0: Transpose (ND, X32)

-- Elapsed Time Analysis --
 Wall-clock Time                      : 4 us
 - Non I/O Handling Time (Estimated)  : 4 us
 - I/O Handling Time                  : 0 us
        - Read Syscall                : 0 us
        - Write Syscall               : 0 us
        - Page Fault                  : 0 us
        - io_uring                    : 0 us

-- I/O Counts --
 Read Syscall Count                   : 0
 Write Syscall Count                  : 0
 Block I/O Count                      : 0
 io_uring Completion Count            : 0

-- Total I/O Time (block device) --
 Total Block I/O Time           : 0

-- Page Faults & Bytes --
 Page Fault Count               : 0
 Read Bytes                     : 0
 Write Bytes                    : 0
 Block Read Bytes               : 0
 Block Write Bytes              : 0
[===============================================]

[===============================================]
Result of node_idx 0 in node_object 0: Multiply (ND)

-- Elapsed Time Analysis --
 Wall-clock Time                      : 5 us
 - Non I/O Handling Time (Estimated)  : 5 us
 - I/O Handling Time                  : 0 us
        - Read Syscall                : 0 us
        - Write Syscall               : 0 us
        - Page Fault                  : 0 us
        - io_uring                    : 0 us

-- I/O Counts --
 Read Syscall Count                   : 0
 Write Syscall Count                  : 0
 Block I/O Count                      : 0
 io_uring Completion Count            : 0

-- Total I/O Time (block device) --
 Total Block I/O Time           : 0

-- Page Faults & Bytes --
 Page Fault Count               : 0
 Read Bytes                     : 0
 Write Bytes                    : 0
 Block Read Bytes               : 0
 Block Write Bytes              : 0
[===============================================]

[===============================================]
Result of node_idx 1 in node_object 0: Transpose (ND, X32)

-- Elapsed Time Analysis --
 Wall-clock Time                      : 5 us
 - Non I/O Handling Time (Estimated)  : 5 us
 - I/O Handling Time                  : 0 us
        - Read Syscall                : 0 us
        - Write Syscall               : 0 us
        - Page Fault                  : 0 us
        - io_uring                    : 0 us

-- I/O Counts --
 Read Syscall Count                   : 0
 Write Syscall Count                  : 0
 Block I/O Count                      : 0
 io_uring Completion Count            : 0

-- Total I/O Time (block device) --
 Total Block I/O Time           : 0

-- Page Faults & Bytes --
 Page Fault Count               : 0
 Read Bytes                     : 0
 Write Bytes                    : 0
 Block Read Bytes               : 0
 Block Write Bytes              : 0
[===============================================]

[===============================================]
Result of node_idx 2 in node_object 0: Transpose (ND, X32)

-- Elapsed Time Analysis --
 Wall-clock Time                      : 34 us
 - Non I/O Handling Time (Estimated)  : 34 us
 - I/O Handling Time                  : 0 us
        - Read Syscall                : 0 us
        - Write Syscall               : 0 us
        - Page Fault                  : 0 us
        - io_uring                    : 0 us

-- I/O Counts --
 Read Syscall Count                   : 0
 Write Syscall Count                  : 0
 Block I/O Count                      : 0
 io_uring Completion Count            : 0

-- Total I/O Time (block device) --
 Total Block I/O Time           : 0

-- Page Faults & Bytes --
 Page Fault Count               : 0
 Read Bytes                     : 0
 Write Bytes                    : 0
 Block Read Bytes               : 0
 Block Write Bytes              : 0
[===============================================]

[===============================================]
Result of node_idx 3 in node_object 0: Static Reshape (NC)

-- Elapsed Time Analysis --
 Wall-clock Time                      : 3 us
 - Non I/O Handling Time (Estimated)  : 3 us
 - I/O Handling Time                  : 0 us
        - Read Syscall                : 0 us
        - Write Syscall               : 0 us
        - Page Fault                  : 0 us
        - io_uring                    : 0 us

-- I/O Counts --
 Read Syscall Count                   : 0
 Write Syscall Count                  : 0
 Block I/O Count                      : 0
 io_uring Completion Count            : 0

-- Total I/O Time (block device) --
 Total Block I/O Time           : 0

-- Page Faults & Bytes --
 Page Fault Count               : 0
 Read Bytes                     : 0
 Write Bytes                    : 0
 Block Read Bytes               : 0
 Block Write Bytes              : 0
[===============================================]

[===============================================]
Result of node_idx 4 in node_object 0: Static Reshape (NC)

-- Elapsed Time Analysis --
 Wall-clock Time                      : 3 us
 - Non I/O Handling Time (Estimated)  : 3 us
 - I/O Handling Time                  : 0 us
        - Read Syscall                : 0 us
        - Write Syscall               : 0 us
        - Page Fault                  : 0 us
        - io_uring                    : 0 us

-- I/O Counts --
 Read Syscall Count                   : 0
 Write Syscall Count                  : 0
 Block I/O Count                      : 0
 io_uring Completion Count            : 0

-- Total I/O Time (block device) --
 Total Block I/O Time           : 0

-- Page Faults & Bytes --
 Page Fault Count               : 0
 Read Bytes                     : 0
 Write Bytes                    : 0
 Block Read Bytes               : 0
 Block Write Bytes              : 0
[===============================================]

[===============================================]
Result of node_idx 5 in node_object 0: Batch Matrix Multiply (NC, F32)

-- Elapsed Time Analysis --
 Wall-clock Time                      : 73 us
 - Non I/O Handling Time (Estimated)  : 73 us
 - I/O Handling Time                  : 0 us
        - Read Syscall                : 0 us
        - Write Syscall               : 0 us
        - Page Fault                  : 0 us
        - io_uring                    : 0 us

-- I/O Counts --
 Read Syscall Count                   : 0
 Write Syscall Count                  : 0
 Block I/O Count                      : 0
 io_uring Completion Count            : 0

-- Total I/O Time (block device) --
 Total Block I/O Time           : 0

-- Page Faults & Bytes --
 Page Fault Count               : 0
 Read Bytes                     : 0
 Write Bytes                    : 0
 Block Read Bytes               : 0
 Block Write Bytes              : 0
[===============================================]

[===============================================]
Result of node_idx 6 in node_object 0: Static Reshape (NC)

-- Elapsed Time Analysis --
 Wall-clock Time                      : 3 us
 - Non I/O Handling Time (Estimated)  : 3 us
 - I/O Handling Time                  : 0 us
        - Read Syscall                : 0 us
        - Write Syscall               : 0 us
        - Page Fault                  : 0 us
        - io_uring                    : 0 us

-- I/O Counts --
 Read Syscall Count                   : 0
 Write Syscall Count                  : 0
 Block I/O Count                      : 0
 io_uring Completion Count            : 0

-- Total I/O Time (block device) --
 Total Block I/O Time           : 0

-- Page Faults & Bytes --
 Page Fault Count               : 0
 Read Bytes                     : 0
 Write Bytes                    : 0
 Block Read Bytes               : 0
 Block Write Bytes              : 0
[===============================================]

[===============================================]
Result of node_idx 7 in node_object 0: Add (ND)

-- Elapsed Time Analysis --
 Wall-clock Time                      : 15 us
 - Non I/O Handling Time (Estimated)  : 15 us
 - I/O Handling Time                  : 0 us
        - Read Syscall                : 0 us
        - Write Syscall               : 0 us
        - Page Fault                  : 0 us
        - io_uring                    : 0 us

-- I/O Counts --
 Read Syscall Count                   : 0
 Write Syscall Count                  : 0
 Block I/O Count                      : 0
 io_uring Completion Count            : 0

-- Total I/O Time (block device) --
 Total Block I/O Time           : 0

-- Page Faults & Bytes --
 Page Fault Count               : 0
 Read Bytes                     : 0
 Write Bytes                    : 0
 Block Read Bytes               : 0
 Block Write Bytes              : 0
[===============================================]

[===============================================]
Result of node_idx 8 in node_object 0: Softmax (NC, F32)

-- Elapsed Time Analysis --
 Wall-clock Time                      : 14 us
 - Non I/O Handling Time (Estimated)  : 14 us
 - I/O Handling Time                  : 0 us
        - Read Syscall                : 0 us
        - Write Syscall               : 0 us
        - Page Fault                  : 0 us
        - io_uring                    : 0 us

-- I/O Counts --
 Read Syscall Count                   : 0
 Write Syscall Count                  : 0
 Block I/O Count                      : 0
 io_uring Completion Count            : 0

-- Total I/O Time (block device) --
 Total Block I/O Time           : 0

-- Page Faults & Bytes --
 Page Fault Count               : 0
 Read Bytes                     : 0
 Write Bytes                    : 0
 Block Read Bytes               : 0
 Block Write Bytes              : 0
[===============================================]

[===============================================]
Result of node_idx 9 in node_object 0: Transpose (ND, X32)

-- Elapsed Time Analysis --
 Wall-clock Time                      : 38 us
 - Non I/O Handling Time (Estimated)  : 38 us
 - I/O Handling Time                  : 0 us
        - Read Syscall                : 0 us
        - Write Syscall               : 0 us
        - Page Fault                  : 0 us
        - io_uring                    : 0 us

-- I/O Counts --
 Read Syscall Count                   : 0
 Write Syscall Count                  : 0
 Block I/O Count                      : 0
 io_uring Completion Count            : 0

-- Total I/O Time (block device) --
 Total Block I/O Time           : 0

-- Page Faults & Bytes --
 Page Fault Count               : 0
 Read Bytes                     : 0
 Write Bytes                    : 0
 Block Read Bytes               : 0
 Block Write Bytes              : 0
[===============================================]

[===============================================]
Result of node_idx 10 in node_object 0: Static Reshape (NC)

-- Elapsed Time Analysis --
 Wall-clock Time                      : 3 us
 - Non I/O Handling Time (Estimated)  : 3 us
 - I/O Handling Time                  : 0 us
        - Read Syscall                : 0 us
        - Write Syscall               : 0 us
        - Page Fault                  : 0 us
        - io_uring                    : 0 us

-- I/O Counts --
 Read Syscall Count                   : 0
 Write Syscall Count                  : 0
 Block I/O Count                      : 0
 io_uring Completion Count            : 0

-- Total I/O Time (block device) --
 Total Block I/O Time           : 0

-- Page Faults & Bytes --
 Page Fault Count               : 0
 Read Bytes                     : 0
 Write Bytes                    : 0
 Block Read Bytes               : 0
 Block Write Bytes              : 0
[===============================================]

[===============================================]
Result of node_idx 11 in node_object 0: Static Reshape (NC)

-- Elapsed Time Analysis --
 Wall-clock Time                      : 3 us
 - Non I/O Handling Time (Estimated)  : 3 us
 - I/O Handling Time                  : 0 us
        - Read Syscall                : 0 us
        - Write Syscall               : 0 us
        - Page Fault                  : 0 us
        - io_uring                    : 0 us

-- I/O Counts --
 Read Syscall Count                   : 0
 Write Syscall Count                  : 0
 Block I/O Count                      : 0
 io_uring Completion Count            : 0

-- Total I/O Time (block device) --
 Total Block I/O Time           : 0

-- Page Faults & Bytes --
 Page Fault Count               : 0
 Read Bytes                     : 0
 Write Bytes                    : 0
 Block Read Bytes               : 0
 Block Write Bytes              : 0
[===============================================]

[===============================================]
Result of node_idx 12 in node_object 0: Batch Matrix Multiply (NC, F32)

-- Elapsed Time Analysis --
 Wall-clock Time                      : 64 us
 - Non I/O Handling Time (Estimated)  : 64 us
 - I/O Handling Time                  : 0 us
        - Read Syscall                : 0 us
        - Write Syscall               : 0 us
        - Page Fault                  : 0 us
        - io_uring                    : 0 us

-- I/O Counts --
 Read Syscall Count                   : 0
 Write Syscall Count                  : 0
 Block I/O Count                      : 0
 io_uring Completion Count            : 0

-- Total I/O Time (block device) --
 Total Block I/O Time           : 0

-- Page Faults & Bytes --
 Page Fault Count               : 0
 Read Bytes                     : 0
 Write Bytes                    : 0
 Block Read Bytes               : 0
 Block Write Bytes              : 0
[===============================================]

[===============================================]
Result of node_idx 13 in node_object 0: Static Reshape (NC)

-- Elapsed Time Analysis --
 Wall-clock Time                      : 3 us
 - Non I/O Handling Time (Estimated)  : 3 us
 - I/O Handling Time                  : 0 us
        - Read Syscall                : 0 us
        - Write Syscall               : 0 us
        - Page Fault                  : 0 us
        - io_uring                    : 0 us

-- I/O Counts --
 Read Syscall Count                   : 0
 Write Syscall Count                  : 0
 Block I/O Count                      : 0
 io_uring Completion Count            : 0

-- Total I/O Time (block device) --
 Total Block I/O Time           : 0

-- Page Faults & Bytes --
 Page Fault Count               : 0
 Read Bytes                     : 0
 Write Bytes                    : 0
 Block Read Bytes               : 0
 Block Write Bytes              : 0
[===============================================]

[===============================================]
Result of node_idx 14 in node_object 0: Transpose (ND, X32)

-- Elapsed Time Analysis --
 Wall-clock Time                      : 5 us
 - Non I/O Handling Time (Estimated)  : 5 us
 - I/O Handling Time                  : 0 us
        - Read Syscall                : 0 us
        - Write Syscall               : 0 us
        - Page Fault                  : 0 us
        - io_uring                    : 0 us

-- I/O Counts --
 Read Syscall Count                   : 0
 Write Syscall Count                  : 0
 Block I/O Count                      : 0
 io_uring Completion Count            : 0

-- Total I/O Time (block device) --
 Total Block I/O Time           : 0

-- Page Faults & Bytes --
 Page Fault Count               : 0
 Read Bytes                     : 0
 Write Bytes                    : 0
 Block Read Bytes               : 0
 Block Write Bytes              : 0
[===============================================]

[===============================================]
Result of node_idx 15 in node_object 0: Static Reshape (NC)

-- Elapsed Time Analysis --
 Wall-clock Time                      : 3 us
 - Non I/O Handling Time (Estimated)  : 3 us
 - I/O Handling Time                  : 0 us
        - Read Syscall                : 0 us
        - Write Syscall               : 0 us
        - Page Fault                  : 0 us
        - io_uring                    : 0 us

-- I/O Counts --
 Read Syscall Count                   : 0
 Write Syscall Count                  : 0
 Block I/O Count                      : 0
 io_uring Completion Count            : 0

-- Total I/O Time (block device) --
 Total Block I/O Time           : 0

-- Page Faults & Bytes --
 Page Fault Count               : 0
 Read Bytes                     : 0
 Write Bytes                    : 0
 Block Read Bytes               : 0
 Block Write Bytes              : 0
[===============================================]

[===============================================]
Result of node_idx 16 in node_object 0: Fully Connected (NC, QDU8, F32, QC8W)

-- Elapsed Time Analysis --
 Wall-clock Time                      : 377 us
 - Non I/O Handling Time (Estimated)  : 22 us
 - I/O Handling Time                  : 355 us
        - Read Syscall                : 0 us
        - Write Syscall               : 0 us
        - Page Fault                  : 355 us
        - io_uring                    : 0 us

-- I/O Counts --
 Read Syscall Count                   : 0
 Write Syscall Count                  : 0
 Block I/O Count                      : 0
 io_uring Completion Count            : 0

-- Total I/O Time (block device) --
 Total Block I/O Time           : 0

-- Page Faults & Bytes --
 Page Fault Count               : 4
 Read Bytes                     : 0
 Write Bytes                    : 0
 Block Read Bytes               : 0
 Block Write Bytes              : 0
[===============================================]

[===============================================]
Result of node_idx 17 in node_object 0: Add (ND)

-- Elapsed Time Analysis --
 Wall-clock Time                      : 16 us
 - Non I/O Handling Time (Estimated)  : 16 us
 - I/O Handling Time                  : 0 us
        - Read Syscall                : 0 us
        - Write Syscall               : 0 us
        - Page Fault                  : 0 us
        - io_uring                    : 0 us

-- I/O Counts --
 Read Syscall Count                   : 0
 Write Syscall Count                  : 0
 Block I/O Count                      : 0
 io_uring Completion Count            : 0

-- Total I/O Time (block device) --
 Total Block I/O Time           : 0

-- Page Faults & Bytes --
 Page Fault Count               : 0
 Read Bytes                     : 0
 Write Bytes                    : 0
 Block Read Bytes               : 0
 Block Write Bytes              : 0
[===============================================]

[===============================================]
Result of node_idx 0 in node_object 0: Multiply (ND)

-- Elapsed Time Analysis --
 Wall-clock Time                      : 99 us
 - Non I/O Handling Time (Estimated)  : 99 us
 - I/O Handling Time                  : 0 us
        - Read Syscall                : 0 us
        - Write Syscall               : 0 us
        - Page Fault                  : 0 us
        - io_uring                    : 0 us

-- I/O Counts --
 Read Syscall Count                   : 0
 Write Syscall Count                  : 0
 Block I/O Count                      : 0
 io_uring Completion Count            : 0

-- Total I/O Time (block device) --
 Total Block I/O Time           : 0

-- Page Faults & Bytes --
 Page Fault Count               : 0
 Read Bytes                     : 0
 Write Bytes                    : 0
 Block Read Bytes               : 0
 Block Write Bytes              : 0
[===============================================]

[===============================================]
Result of node_idx 1 in node_object 0: Sum (ND)

-- Elapsed Time Analysis --
 Wall-clock Time                      : 13 us
 - Non I/O Handling Time (Estimated)  : 13 us
 - I/O Handling Time                  : 0 us
        - Read Syscall                : 0 us
        - Write Syscall               : 0 us
        - Page Fault                  : 0 us
        - io_uring                    : 0 us

-- I/O Counts --
 Read Syscall Count                   : 0
 Write Syscall Count                  : 0
 Block I/O Count                      : 0
 io_uring Completion Count            : 0

-- Total I/O Time (block device) --
 Total Block I/O Time           : 0

-- Page Faults & Bytes --
 Page Fault Count               : 0
 Read Bytes                     : 0
 Write Bytes                    : 0
 Block Read Bytes               : 0
 Block Write Bytes              : 0
[===============================================]

[===============================================]
Result of node_idx 2 in node_object 0: Multiply (ND)

-- Elapsed Time Analysis --
 Wall-clock Time                      : 4 us
 - Non I/O Handling Time (Estimated)  : 4 us
 - I/O Handling Time                  : 0 us
        - Read Syscall                : 0 us
        - Write Syscall               : 0 us
        - Page Fault                  : 0 us
        - io_uring                    : 0 us

-- I/O Counts --
 Read Syscall Count                   : 0
 Write Syscall Count                  : 0
 Block I/O Count                      : 0
 io_uring Completion Count            : 0

-- Total I/O Time (block device) --
 Total Block I/O Time           : 0

-- Page Faults & Bytes --
 Page Fault Count               : 0
 Read Bytes                     : 0
 Write Bytes                    : 0
 Block Read Bytes               : 0
 Block Write Bytes              : 0
[===============================================]

[===============================================]
Result of node_idx 3 in node_object 0: Add (ND)

-- Elapsed Time Analysis --
 Wall-clock Time                      : 3 us
 - Non I/O Handling Time (Estimated)  : 3 us
 - I/O Handling Time                  : 0 us
        - Read Syscall                : 0 us
        - Write Syscall               : 0 us
        - Page Fault                  : 0 us
        - io_uring                    : 0 us

-- I/O Counts --
 Read Syscall Count                   : 0
 Write Syscall Count                  : 0
 Block I/O Count                      : 0
 io_uring Completion Count            : 0

-- Total I/O Time (block device) --
 Total Block I/O Time           : 0

-- Page Faults & Bytes --
 Page Fault Count               : 0
 Read Bytes                     : 0
 Write Bytes                    : 0
 Block Read Bytes               : 0
 Block Write Bytes              : 0
[===============================================]

[===============================================]
Result of node_idx 4 in node_object 0: Static Reshape (NC)

-- Elapsed Time Analysis --
 Wall-clock Time                      : 3 us
 - Non I/O Handling Time (Estimated)  : 3 us
 - I/O Handling Time                  : 0 us
        - Read Syscall                : 0 us
        - Write Syscall               : 0 us
        - Page Fault                  : 0 us
        - io_uring                    : 0 us

-- I/O Counts --
 Read Syscall Count                   : 0
 Write Syscall Count                  : 0
 Block I/O Count                      : 0
 io_uring Completion Count            : 0

-- Total I/O Time (block device) --
 Total Block I/O Time           : 0

-- Page Faults & Bytes --
 Page Fault Count               : 0
 Read Bytes                     : 0
 Write Bytes                    : 0
 Block Read Bytes               : 0
 Block Write Bytes              : 0
[===============================================]

[===============================================]
Result of node_idx 5 in node_object 0: Reciprocal Square Root (NC)

-- Elapsed Time Analysis --
 Wall-clock Time                      : 4 us
 - Non I/O Handling Time (Estimated)  : 4 us
 - I/O Handling Time                  : 0 us
        - Read Syscall                : 0 us
        - Write Syscall               : 0 us
        - Page Fault                  : 0 us
        - io_uring                    : 0 us

-- I/O Counts --
 Read Syscall Count                   : 0
 Write Syscall Count                  : 0
 Block I/O Count                      : 0
 io_uring Completion Count            : 0

-- Total I/O Time (block device) --
 Total Block I/O Time           : 0

-- Page Faults & Bytes --
 Page Fault Count               : 0
 Read Bytes                     : 0
 Write Bytes                    : 0
 Block Read Bytes               : 0
 Block Write Bytes              : 0
[===============================================]

[===============================================]
Result of node_idx 6 in node_object 0: Multiply (ND)

-- Elapsed Time Analysis --
 Wall-clock Time                      : 85 us
 - Non I/O Handling Time (Estimated)  : 85 us
 - I/O Handling Time                  : 0 us
        - Read Syscall                : 0 us
        - Write Syscall               : 0 us
        - Page Fault                  : 0 us
        - io_uring                    : 0 us

-- I/O Counts --
 Read Syscall Count                   : 0
 Write Syscall Count                  : 0
 Block I/O Count                      : 0
 io_uring Completion Count            : 0

-- Total I/O Time (block device) --
 Total Block I/O Time           : 0

-- Page Faults & Bytes --
 Page Fault Count               : 0
 Read Bytes                     : 0
 Write Bytes                    : 0
 Block Read Bytes               : 0
 Block Write Bytes              : 0
[===============================================]

[===============================================]
Result of node_idx 7 in node_object 0: Multiply (ND)

-- Elapsed Time Analysis --
 Wall-clock Time                      : 15 us
 - Non I/O Handling Time (Estimated)  : 15 us
 - I/O Handling Time                  : 0 us
        - Read Syscall                : 0 us
        - Write Syscall               : 0 us
        - Page Fault                  : 0 us
        - io_uring                    : 0 us

-- I/O Counts --
 Read Syscall Count                   : 0
 Write Syscall Count                  : 0
 Block I/O Count                      : 0
 io_uring Completion Count            : 0

-- Total I/O Time (block device) --
 Total Block I/O Time           : 0

-- Page Faults & Bytes --
 Page Fault Count               : 0
 Read Bytes                     : 0
 Write Bytes                    : 0
 Block Read Bytes               : 0
 Block Write Bytes              : 0
[===============================================]

[===============================================]
Result of node_idx 0 in node_object 0: Fully Connected (NC, QDU8, F32, QC8W)

-- Elapsed Time Analysis --
 Wall-clock Time                      : 1297 us
 - Non I/O Handling Time (Estimated)  : 32 us
 - I/O Handling Time                  : 1265 us
        - Read Syscall                : 0 us
        - Write Syscall               : 0 us
        - Page Fault                  : 1265 us
        - io_uring                    : 0 us

-- I/O Counts --
 Read Syscall Count                   : 0
 Write Syscall Count                  : 0
 Block I/O Count                      : 1
 io_uring Completion Count            : 0

-- Total I/O Time (block device) --
 Total Block I/O Time           : 211

-- Page Faults & Bytes --
 Page Fault Count               : 8
 Read Bytes                     : 0
 Write Bytes                    : 0
 Block Read Bytes               : 20480
 Block Write Bytes              : 0
[===============================================]

[===============================================]
Result of node_idx 1 in node_object 0: Sigmoid (NC)

-- Elapsed Time Analysis --
 Wall-clock Time                      : 107 us
 - Non I/O Handling Time (Estimated)  : 107 us
 - I/O Handling Time                  : 0 us
        - Read Syscall                : 0 us
        - Write Syscall               : 0 us
        - Page Fault                  : 0 us
        - io_uring                    : 0 us

-- I/O Counts --
 Read Syscall Count                   : 0
 Write Syscall Count                  : 0
 Block I/O Count                      : 0
 io_uring Completion Count            : 0

-- Total I/O Time (block device) --
 Total Block I/O Time           : 0

-- Page Faults & Bytes --
 Page Fault Count               : 0
 Read Bytes                     : 0
 Write Bytes                    : 0
 Block Read Bytes               : 0
 Block Write Bytes              : 0
[===============================================]

[===============================================]
Result of node_idx 2 in node_object 0: Multiply (ND)

-- Elapsed Time Analysis --
 Wall-clock Time                      : 89 us
 - Non I/O Handling Time (Estimated)  : 89 us
 - I/O Handling Time                  : 0 us
        - Read Syscall                : 0 us
        - Write Syscall               : 0 us
        - Page Fault                  : 0 us
        - io_uring                    : 0 us

-- I/O Counts --
 Read Syscall Count                   : 0
 Write Syscall Count                  : 0
 Block I/O Count                      : 0
 io_uring Completion Count            : 0

-- Total I/O Time (block device) --
 Total Block I/O Time           : 0

-- Page Faults & Bytes --
 Page Fault Count               : 0
 Read Bytes                     : 0
 Write Bytes                    : 0
 Block Read Bytes               : 0
 Block Write Bytes              : 0
[===============================================]

[===============================================]
Result of node_idx 3 in node_object 0: Fully Connected (NC, QDU8, F32, QC8W)

-- Elapsed Time Analysis --
 Wall-clock Time                      : 902 us
 - Non I/O Handling Time (Estimated)  : 218 us
 - I/O Handling Time                  : 684 us
        - Read Syscall                : 0 us
        - Write Syscall               : 0 us
        - Page Fault                  : 684 us
        - io_uring                    : 0 us

-- I/O Counts --
 Read Syscall Count                   : 0
 Write Syscall Count                  : 0
 Block I/O Count                      : 1
 io_uring Completion Count            : 0

-- Total I/O Time (block device) --
 Total Block I/O Time           : 581

-- Page Faults & Bytes --
 Page Fault Count               : 2
 Read Bytes                     : 0
 Write Bytes                    : 0
 Block Read Bytes               : 131072
 Block Write Bytes              : 0
[===============================================]

[===============================================]
Result of node_idx 4 in node_object 0: Multiply (ND)

-- Elapsed Time Analysis --
 Wall-clock Time                      : 111 us
 - Non I/O Handling Time (Estimated)  : 111 us
 - I/O Handling Time                  : 0 us
        - Read Syscall                : 0 us
        - Write Syscall               : 0 us
        - Page Fault                  : 0 us
        - io_uring                    : 0 us

-- I/O Counts --
 Read Syscall Count                   : 0
 Write Syscall Count                  : 0
 Block I/O Count                      : 0
 io_uring Completion Count            : 0

-- Total I/O Time (block device) --
 Total Block I/O Time           : 0

-- Page Faults & Bytes --
 Page Fault Count               : 0
 Read Bytes                     : 0
 Write Bytes                    : 0
 Block Read Bytes               : 0
 Block Write Bytes              : 0
[===============================================]

[===============================================]
Result of node_idx 5 in node_object 0: Fully Connected (NC, QDU8, F32, QC8W)

-- Elapsed Time Analysis --
 Wall-clock Time                      : 1126 us
 - Non I/O Handling Time (Estimated)  : 41 us
 - I/O Handling Time                  : 1085 us
        - Read Syscall                : 0 us
        - Write Syscall               : 0 us
        - Page Fault                  : 1085 us
        - io_uring                    : 0 us

-- I/O Counts --
 Read Syscall Count                   : 0
 Write Syscall Count                  : 0
 Block I/O Count                      : 2
 io_uring Completion Count            : 0

-- Total I/O Time (block device) --
 Total Block I/O Time           : 629

-- Page Faults & Bytes --
 Page Fault Count               : 8
 Read Bytes                     : 0
 Write Bytes                    : 0
 Block Read Bytes               : 176128
 Block Write Bytes              : 0
[===============================================]

[===============================================]
Result of node_idx 6 in node_object 0: Add (ND)

-- Elapsed Time Analysis --
 Wall-clock Time                      : 23 us
 - Non I/O Handling Time (Estimated)  : 23 us
 - I/O Handling Time                  : 0 us
        - Read Syscall                : 0 us
        - Write Syscall               : 0 us
        - Page Fault                  : 0 us
        - io_uring                    : 0 us

-- I/O Counts --
 Read Syscall Count                   : 0
 Write Syscall Count                  : 0
 Block I/O Count                      : 0
 io_uring Completion Count            : 0

-- Total I/O Time (block device) --
 Total Block I/O Time           : 0

-- Page Faults & Bytes --
 Page Fault Count               : 0
 Read Bytes                     : 0
 Write Bytes                    : 0
 Block Read Bytes               : 0
 Block Write Bytes              : 0
[===============================================]

[===============================================]
Result of node_idx 0 in node_object 0: Multiply (ND)

-- Elapsed Time Analysis --
 Wall-clock Time                      : 21 us
 - Non I/O Handling Time (Estimated)  : 21 us
 - I/O Handling Time                  : 0 us
        - Read Syscall                : 0 us
        - Write Syscall               : 0 us
        - Page Fault                  : 0 us
        - io_uring                    : 0 us

-- I/O Counts --
 Read Syscall Count                   : 0
 Write Syscall Count                  : 0
 Block I/O Count                      : 0
 io_uring Completion Count            : 0

-- Total I/O Time (block device) --
 Total Block I/O Time           : 0

-- Page Faults & Bytes --
 Page Fault Count               : 0
 Read Bytes                     : 0
 Write Bytes                    : 0
 Block Read Bytes               : 0
 Block Write Bytes              : 0
[===============================================]

[===============================================]
Result of node_idx 1 in node_object 0: Sum (ND)

-- Elapsed Time Analysis --
 Wall-clock Time                      : 7 us
 - Non I/O Handling Time (Estimated)  : 7 us
 - I/O Handling Time                  : 0 us
        - Read Syscall                : 0 us
        - Write Syscall               : 0 us
        - Page Fault                  : 0 us
        - io_uring                    : 0 us

-- I/O Counts --
 Read Syscall Count                   : 0
 Write Syscall Count                  : 0
 Block I/O Count                      : 0
 io_uring Completion Count            : 0

-- Total I/O Time (block device) --
 Total Block I/O Time           : 0

-- Page Faults & Bytes --
 Page Fault Count               : 0
 Read Bytes                     : 0
 Write Bytes                    : 0
 Block Read Bytes               : 0
 Block Write Bytes              : 0
[===============================================]

[===============================================]
Result of node_idx 2 in node_object 0: Multiply (ND)

-- Elapsed Time Analysis --
 Wall-clock Time                      : 3 us
 - Non I/O Handling Time (Estimated)  : 3 us
 - I/O Handling Time                  : 0 us
        - Read Syscall                : 0 us
        - Write Syscall               : 0 us
        - Page Fault                  : 0 us
        - io_uring                    : 0 us

-- I/O Counts --
 Read Syscall Count                   : 0
 Write Syscall Count                  : 0
 Block I/O Count                      : 0
 io_uring Completion Count            : 0

-- Total I/O Time (block device) --
 Total Block I/O Time           : 0

-- Page Faults & Bytes --
 Page Fault Count               : 0
 Read Bytes                     : 0
 Write Bytes                    : 0
 Block Read Bytes               : 0
 Block Write Bytes              : 0
[===============================================]

[===============================================]
Result of node_idx 3 in node_object 0: Add (ND)

-- Elapsed Time Analysis --
 Wall-clock Time                      : 2 us
 - Non I/O Handling Time (Estimated)  : 2 us
 - I/O Handling Time                  : 0 us
        - Read Syscall                : 0 us
        - Write Syscall               : 0 us
        - Page Fault                  : 0 us
        - io_uring                    : 0 us

-- I/O Counts --
 Read Syscall Count                   : 0
 Write Syscall Count                  : 0
 Block I/O Count                      : 0
 io_uring Completion Count            : 0

-- Total I/O Time (block device) --
 Total Block I/O Time           : 0

-- Page Faults & Bytes --
 Page Fault Count               : 0
 Read Bytes                     : 0
 Write Bytes                    : 0
 Block Read Bytes               : 0
 Block Write Bytes              : 0
[===============================================]

[===============================================]
Result of node_idx 4 in node_object 0: Static Reshape (NC)

-- Elapsed Time Analysis --
 Wall-clock Time                      : 2 us
 - Non I/O Handling Time (Estimated)  : 2 us
 - I/O Handling Time                  : 0 us
        - Read Syscall                : 0 us
        - Write Syscall               : 0 us
        - Page Fault                  : 0 us
        - io_uring                    : 0 us

-- I/O Counts --
 Read Syscall Count                   : 0
 Write Syscall Count                  : 0
 Block I/O Count                      : 0
 io_uring Completion Count            : 0

-- Total I/O Time (block device) --
 Total Block I/O Time           : 0

-- Page Faults & Bytes --
 Page Fault Count               : 0
 Read Bytes                     : 0
 Write Bytes                    : 0
 Block Read Bytes               : 0
 Block Write Bytes              : 0
[===============================================]

[===============================================]
Result of node_idx 5 in node_object 0: Reciprocal Square Root (NC)

-- Elapsed Time Analysis --
 Wall-clock Time                      : 3 us
 - Non I/O Handling Time (Estimated)  : 3 us
 - I/O Handling Time                  : 0 us
        - Read Syscall                : 0 us
        - Write Syscall               : 0 us
        - Page Fault                  : 0 us
        - io_uring                    : 0 us

-- I/O Counts --
 Read Syscall Count                   : 0
 Write Syscall Count                  : 0
 Block I/O Count                      : 0
 io_uring Completion Count            : 0

-- Total I/O Time (block device) --
 Total Block I/O Time           : 0

-- Page Faults & Bytes --
 Page Fault Count               : 0
 Read Bytes                     : 0
 Write Bytes                    : 0
 Block Read Bytes               : 0
 Block Write Bytes              : 0
[===============================================]

[===============================================]
Result of node_idx 6 in node_object 0: Multiply (ND)

-- Elapsed Time Analysis --
 Wall-clock Time                      : 5 us
 - Non I/O Handling Time (Estimated)  : 5 us
 - I/O Handling Time                  : 0 us
        - Read Syscall                : 0 us
        - Write Syscall               : 0 us
        - Page Fault                  : 0 us
        - io_uring                    : 0 us

-- I/O Counts --
 Read Syscall Count                   : 0
 Write Syscall Count                  : 0
 Block I/O Count                      : 0
 io_uring Completion Count            : 0

-- Total I/O Time (block device) --
 Total Block I/O Time           : 0

-- Page Faults & Bytes --
 Page Fault Count               : 0
 Read Bytes                     : 0
 Write Bytes                    : 0
 Block Read Bytes               : 0
 Block Write Bytes              : 0
[===============================================]

[===============================================]
Result of node_idx 7 in node_object 0: Multiply (ND)

-- Elapsed Time Analysis --
 Wall-clock Time                      : 5 us
 - Non I/O Handling Time (Estimated)  : 5 us
 - I/O Handling Time                  : 0 us
        - Read Syscall                : 0 us
        - Write Syscall               : 0 us
        - Page Fault                  : 0 us
        - io_uring                    : 0 us

-- I/O Counts --
 Read Syscall Count                   : 0
 Write Syscall Count                  : 0
 Block I/O Count                      : 0
 io_uring Completion Count            : 0

-- Total I/O Time (block device) --
 Total Block I/O Time           : 0

-- Page Faults & Bytes --
 Page Fault Count               : 0
 Read Bytes                     : 0
 Write Bytes                    : 0
 Block Read Bytes               : 0
 Block Write Bytes              : 0
[===============================================]

[===============================================]
Result of node_idx 0 in node_object 0: Fully Connected (NC, QDU8, F32, QC8W)

-- Elapsed Time Analysis --
 Wall-clock Time                      : 569 us
 - Non I/O Handling Time (Estimated)  : 59 us
 - I/O Handling Time                  : 510 us
        - Read Syscall                : 0 us
        - Write Syscall               : 0 us
        - Page Fault                  : 510 us
        - io_uring                    : 0 us

-- I/O Counts --
 Read Syscall Count                   : 0
 Write Syscall Count                  : 0
 Block I/O Count                      : 2
 io_uring Completion Count            : 0

-- Total I/O Time (block device) --
 Total Block I/O Time           : 870

-- Page Faults & Bytes --
 Page Fault Count               : 6
 Read Bytes                     : 0
 Write Bytes                    : 0
 Block Read Bytes               : 32768
 Block Write Bytes              : 0
[===============================================]

[===============================================]
Result of node_idx 1 in node_object 0: Static Reshape (NC)

-- Elapsed Time Analysis --
 Wall-clock Time                      : 72 us
 - Non I/O Handling Time (Estimated)  : 72 us
 - I/O Handling Time                  : 0 us
        - Read Syscall                : 0 us
        - Write Syscall               : 0 us
        - Page Fault                  : 0 us
        - io_uring                    : 0 us

-- I/O Counts --
 Read Syscall Count                   : 0
 Write Syscall Count                  : 0
 Block I/O Count                      : 0
 io_uring Completion Count            : 0

-- Total I/O Time (block device) --
 Total Block I/O Time           : 0

-- Page Faults & Bytes --
 Page Fault Count               : 0
 Read Bytes                     : 0
 Write Bytes                    : 0
 Block Read Bytes               : 0
 Block Write Bytes              : 0
[===============================================]

[===============================================]
Result of node_idx 2 in node_object 0: Slice (ND, X32)

-- Elapsed Time Analysis --
 Wall-clock Time                      : 83 us
 - Non I/O Handling Time (Estimated)  : 83 us
 - I/O Handling Time                  : 0 us
        - Read Syscall                : 0 us
        - Write Syscall               : 0 us
        - Page Fault                  : 0 us
        - io_uring                    : 0 us

-- I/O Counts --
 Read Syscall Count                   : 0
 Write Syscall Count                  : 0
 Block I/O Count                      : 0
 io_uring Completion Count            : 0

-- Total I/O Time (block device) --
 Total Block I/O Time           : 0

-- Page Faults & Bytes --
 Page Fault Count               : 0
 Read Bytes                     : 0
 Write Bytes                    : 0
 Block Read Bytes               : 0
 Block Write Bytes              : 0
[===============================================]

[===============================================]
Result of node_idx 3 in node_object 0: Slice (ND, X32)

-- Elapsed Time Analysis --
 Wall-clock Time                      : 72 us
 - Non I/O Handling Time (Estimated)  : 72 us
 - I/O Handling Time                  : 0 us
        - Read Syscall                : 0 us
        - Write Syscall               : 0 us
        - Page Fault                  : 0 us
        - io_uring                    : 0 us

-- I/O Counts --
 Read Syscall Count                   : 0
 Write Syscall Count                  : 0
 Block I/O Count                      : 0
 io_uring Completion Count            : 0

-- Total I/O Time (block device) --
 Total Block I/O Time           : 0

-- Page Faults & Bytes --
 Page Fault Count               : 0
 Read Bytes                     : 0
 Write Bytes                    : 0
 Block Read Bytes               : 0
 Block Write Bytes              : 0
[===============================================]

[===============================================]
Result of node_idx 4 in node_object 0: Slice (ND, X32)

-- Elapsed Time Analysis --
 Wall-clock Time                      : 14 us
 - Non I/O Handling Time (Estimated)  : 14 us
 - I/O Handling Time                  : 0 us
        - Read Syscall                : 0 us
        - Write Syscall               : 0 us
        - Page Fault                  : 0 us
        - io_uring                    : 0 us

-- I/O Counts --
 Read Syscall Count                   : 0
 Write Syscall Count                  : 0
 Block I/O Count                      : 0
 io_uring Completion Count            : 0

-- Total I/O Time (block device) --
 Total Block I/O Time           : 0

-- Page Faults & Bytes --
 Page Fault Count               : 0
 Read Bytes                     : 0
 Write Bytes                    : 0
 Block Read Bytes               : 0
 Block Write Bytes              : 0
[===============================================]

[===============================================]
Result of node_idx 5 in node_object 0: Static Reshape (NC)

-- Elapsed Time Analysis --
 Wall-clock Time                      : 3 us
 - Non I/O Handling Time (Estimated)  : 3 us
 - I/O Handling Time                  : 0 us
        - Read Syscall                : 0 us
        - Write Syscall               : 0 us
        - Page Fault                  : 0 us
        - io_uring                    : 0 us

-- I/O Counts --
 Read Syscall Count                   : 0
 Write Syscall Count                  : 0
 Block I/O Count                      : 0
 io_uring Completion Count            : 0

-- Total I/O Time (block device) --
 Total Block I/O Time           : 0

-- Page Faults & Bytes --
 Page Fault Count               : 0
 Read Bytes                     : 0
 Write Bytes                    : 0
 Block Read Bytes               : 0
 Block Write Bytes              : 0
[===============================================]

[===============================================]
Result of node_idx 6 in node_object 0: Transpose (ND, X32)

-- Elapsed Time Analysis --
 Wall-clock Time                      : 5 us
 - Non I/O Handling Time (Estimated)  : 5 us
 - I/O Handling Time                  : 0 us
        - Read Syscall                : 0 us
        - Write Syscall               : 0 us
        - Page Fault                  : 0 us
        - io_uring                    : 0 us

-- I/O Counts --
 Read Syscall Count                   : 0
 Write Syscall Count                  : 0
 Block I/O Count                      : 0
 io_uring Completion Count            : 0

-- Total I/O Time (block device) --
 Total Block I/O Time           : 0

-- Page Faults & Bytes --
 Page Fault Count               : 0
 Read Bytes                     : 0
 Write Bytes                    : 0
 Block Read Bytes               : 0
 Block Write Bytes              : 0
[===============================================]

[===============================================]
Result of node_idx 7 in node_object 0: Slice (ND, X32)

-- Elapsed Time Analysis --
 Wall-clock Time                      : 8 us
 - Non I/O Handling Time (Estimated)  : 8 us
 - I/O Handling Time                  : 0 us
        - Read Syscall                : 0 us
        - Write Syscall               : 0 us
        - Page Fault                  : 0 us
        - io_uring                    : 0 us

-- I/O Counts --
 Read Syscall Count                   : 0
 Write Syscall Count                  : 0
 Block I/O Count                      : 0
 io_uring Completion Count            : 0

-- Total I/O Time (block device) --
 Total Block I/O Time           : 0

-- Page Faults & Bytes --
 Page Fault Count               : 0
 Read Bytes                     : 0
 Write Bytes                    : 0
 Block Read Bytes               : 0
 Block Write Bytes              : 0
[===============================================]

[===============================================]
Result of node_idx 8 in node_object 0: Slice (ND, X32)

-- Elapsed Time Analysis --
 Wall-clock Time                      : 7 us
 - Non I/O Handling Time (Estimated)  : 7 us
 - I/O Handling Time                  : 0 us
        - Read Syscall                : 0 us
        - Write Syscall               : 0 us
        - Page Fault                  : 0 us
        - io_uring                    : 0 us

-- I/O Counts --
 Read Syscall Count                   : 0
 Write Syscall Count                  : 0
 Block I/O Count                      : 0
 io_uring Completion Count            : 0

-- Total I/O Time (block device) --
 Total Block I/O Time           : 0

-- Page Faults & Bytes --
 Page Fault Count               : 0
 Read Bytes                     : 0
 Write Bytes                    : 0
 Block Read Bytes               : 0
 Block Write Bytes              : 0
[===============================================]

[===============================================]
Result of node_idx 9 in node_object 0: Multiply (ND)

-- Elapsed Time Analysis --
 Wall-clock Time                      : 5 us
 - Non I/O Handling Time (Estimated)  : 5 us
 - I/O Handling Time                  : 0 us
        - Read Syscall                : 0 us
        - Write Syscall               : 0 us
        - Page Fault                  : 0 us
        - io_uring                    : 0 us

-- I/O Counts --
 Read Syscall Count                   : 0
 Write Syscall Count                  : 0
 Block I/O Count                      : 0
 io_uring Completion Count            : 0

-- Total I/O Time (block device) --
 Total Block I/O Time           : 0

-- Page Faults & Bytes --
 Page Fault Count               : 0
 Read Bytes                     : 0
 Write Bytes                    : 0
 Block Read Bytes               : 0
 Block Write Bytes              : 0
[===============================================]

[===============================================]
Result of node_idx 10 in node_object 0: Multiply (ND)

-- Elapsed Time Analysis --
 Wall-clock Time                      : 5 us
 - Non I/O Handling Time (Estimated)  : 5 us
 - I/O Handling Time                  : 0 us
        - Read Syscall                : 0 us
        - Write Syscall               : 0 us
        - Page Fault                  : 0 us
        - io_uring                    : 0 us

-- I/O Counts --
 Read Syscall Count                   : 0
 Write Syscall Count                  : 0
 Block I/O Count                      : 0
 io_uring Completion Count            : 0

-- Total I/O Time (block device) --
 Total Block I/O Time           : 0

-- Page Faults & Bytes --
 Page Fault Count               : 0
 Read Bytes                     : 0
 Write Bytes                    : 0
 Block Read Bytes               : 0
 Block Write Bytes              : 0
[===============================================]

[===============================================]
Result of node_idx 11 in node_object 0: Subtract (ND)

-- Elapsed Time Analysis --
 Wall-clock Time                      : 6 us
 - Non I/O Handling Time (Estimated)  : 6 us
 - I/O Handling Time                  : 0 us
        - Read Syscall                : 0 us
        - Write Syscall               : 0 us
        - Page Fault                  : 0 us
        - io_uring                    : 0 us

-- I/O Counts --
 Read Syscall Count                   : 0
 Write Syscall Count                  : 0
 Block I/O Count                      : 0
 io_uring Completion Count            : 0

-- Total I/O Time (block device) --
 Total Block I/O Time           : 0

-- Page Faults & Bytes --
 Page Fault Count               : 0
 Read Bytes                     : 0
 Write Bytes                    : 0
 Block Read Bytes               : 0
 Block Write Bytes              : 0
[===============================================]

[===============================================]
Result of node_idx 12 in node_object 0: Multiply (ND)

-- Elapsed Time Analysis --
 Wall-clock Time                      : 5 us
 - Non I/O Handling Time (Estimated)  : 5 us
 - I/O Handling Time                  : 0 us
        - Read Syscall                : 0 us
        - Write Syscall               : 0 us
        - Page Fault                  : 0 us
        - io_uring                    : 0 us

-- I/O Counts --
 Read Syscall Count                   : 0
 Write Syscall Count                  : 0
 Block I/O Count                      : 0
 io_uring Completion Count            : 0

-- Total I/O Time (block device) --
 Total Block I/O Time           : 0

-- Page Faults & Bytes --
 Page Fault Count               : 0
 Read Bytes                     : 0
 Write Bytes                    : 0
 Block Read Bytes               : 0
 Block Write Bytes              : 0
[===============================================]

[===============================================]
Result of node_idx 13 in node_object 0: Multiply (ND)

-- Elapsed Time Analysis --
 Wall-clock Time                      : 5 us
 - Non I/O Handling Time (Estimated)  : 5 us
 - I/O Handling Time                  : 0 us
        - Read Syscall                : 0 us
        - Write Syscall               : 0 us
        - Page Fault                  : 0 us
        - io_uring                    : 0 us

-- I/O Counts --
 Read Syscall Count                   : 0
 Write Syscall Count                  : 0
 Block I/O Count                      : 0
 io_uring Completion Count            : 0

-- Total I/O Time (block device) --
 Total Block I/O Time           : 0

-- Page Faults & Bytes --
 Page Fault Count               : 0
 Read Bytes                     : 0
 Write Bytes                    : 0
 Block Read Bytes               : 0
 Block Write Bytes              : 0
[===============================================]

[===============================================]
Result of node_idx 14 in node_object 0: Add (ND)

-- Elapsed Time Analysis --
 Wall-clock Time                      : 6 us
 - Non I/O Handling Time (Estimated)  : 6 us
 - I/O Handling Time                  : 0 us
        - Read Syscall                : 0 us
        - Write Syscall               : 0 us
        - Page Fault                  : 0 us
        - io_uring                    : 0 us

-- I/O Counts --
 Read Syscall Count                   : 0
 Write Syscall Count                  : 0
 Block I/O Count                      : 0
 io_uring Completion Count            : 0

-- Total I/O Time (block device) --
 Total Block I/O Time           : 0

-- Page Faults & Bytes --
 Page Fault Count               : 0
 Read Bytes                     : 0
 Write Bytes                    : 0
 Block Read Bytes               : 0
 Block Write Bytes              : 0
[===============================================]

[===============================================]
Result of node_idx 15 in node_object 0: Copy (NC, X32)

-- Elapsed Time Analysis --
 Wall-clock Time                      : 5 us
 - Non I/O Handling Time (Estimated)  : 5 us
 - I/O Handling Time                  : 0 us
        - Read Syscall                : 0 us
        - Write Syscall               : 0 us
        - Page Fault                  : 0 us
        - io_uring                    : 0 us

-- I/O Counts --
 Read Syscall Count                   : 0
 Write Syscall Count                  : 0
 Block I/O Count                      : 0
 io_uring Completion Count            : 0

-- Total I/O Time (block device) --
 Total Block I/O Time           : 0

-- Page Faults & Bytes --
 Page Fault Count               : 0
 Read Bytes                     : 0
 Write Bytes                    : 0
 Block Read Bytes               : 0
 Block Write Bytes              : 0
[===============================================]

[===============================================]
Result of node_idx 15 in node_object 1: Copy (NC, X32)

-- Elapsed Time Analysis --
 Wall-clock Time                      : 5 us
 - Non I/O Handling Time (Estimated)  : 5 us
 - I/O Handling Time                  : 0 us
        - Read Syscall                : 0 us
        - Write Syscall               : 0 us
        - Page Fault                  : 0 us
        - io_uring                    : 0 us

-- I/O Counts --
 Read Syscall Count                   : 0
 Write Syscall Count                  : 0
 Block I/O Count                      : 0
 io_uring Completion Count            : 0

-- Total I/O Time (block device) --
 Total Block I/O Time           : 0

-- Page Faults & Bytes --
 Page Fault Count               : 0
 Read Bytes                     : 0
 Write Bytes                    : 0
 Block Read Bytes               : 0
 Block Write Bytes              : 0
[===============================================]

[===============================================]
Result of node_idx 16 in node_object 0: Transpose (ND, X32)

-- Elapsed Time Analysis --
 Wall-clock Time                      : 4 us
 - Non I/O Handling Time (Estimated)  : 4 us
 - I/O Handling Time                  : 0 us
        - Read Syscall                : 0 us
        - Write Syscall               : 0 us
        - Page Fault                  : 0 us
        - io_uring                    : 0 us

-- I/O Counts --
 Read Syscall Count                   : 0
 Write Syscall Count                  : 0
 Block I/O Count                      : 0
 io_uring Completion Count            : 0

-- Total I/O Time (block device) --
 Total Block I/O Time           : 0

-- Page Faults & Bytes --
 Page Fault Count               : 0
 Read Bytes                     : 0
 Write Bytes                    : 0
 Block Read Bytes               : 0
 Block Write Bytes              : 0
[===============================================]

[===============================================]
Result of node_idx 17 in node_object 0: Transpose (ND, X32)

-- Elapsed Time Analysis --
 Wall-clock Time                      : 4 us
 - Non I/O Handling Time (Estimated)  : 4 us
 - I/O Handling Time                  : 0 us
        - Read Syscall                : 0 us
        - Write Syscall               : 0 us
        - Page Fault                  : 0 us
        - io_uring                    : 0 us

-- I/O Counts --
 Read Syscall Count                   : 0
 Write Syscall Count                  : 0
 Block I/O Count                      : 0
 io_uring Completion Count            : 0

-- Total I/O Time (block device) --
 Total Block I/O Time           : 0

-- Page Faults & Bytes --
 Page Fault Count               : 0
 Read Bytes                     : 0
 Write Bytes                    : 0
 Block Read Bytes               : 0
 Block Write Bytes              : 0
[===============================================]

[===============================================]
Result of node_idx 18 in node_object 0: Slice (ND, X32)

-- Elapsed Time Analysis --
 Wall-clock Time                      : 7 us
 - Non I/O Handling Time (Estimated)  : 7 us
 - I/O Handling Time                  : 0 us
        - Read Syscall                : 0 us
        - Write Syscall               : 0 us
        - Page Fault                  : 0 us
        - io_uring                    : 0 us

-- I/O Counts --
 Read Syscall Count                   : 0
 Write Syscall Count                  : 0
 Block I/O Count                      : 0
 io_uring Completion Count            : 0

-- Total I/O Time (block device) --
 Total Block I/O Time           : 0

-- Page Faults & Bytes --
 Page Fault Count               : 0
 Read Bytes                     : 0
 Write Bytes                    : 0
 Block Read Bytes               : 0
 Block Write Bytes              : 0
[===============================================]

[===============================================]
Result of node_idx 19 in node_object 0: Slice (ND, X32)

-- Elapsed Time Analysis --
 Wall-clock Time                      : 7 us
 - Non I/O Handling Time (Estimated)  : 7 us
 - I/O Handling Time                  : 0 us
        - Read Syscall                : 0 us
        - Write Syscall               : 0 us
        - Page Fault                  : 0 us
        - io_uring                    : 0 us

-- I/O Counts --
 Read Syscall Count                   : 0
 Write Syscall Count                  : 0
 Block I/O Count                      : 0
 io_uring Completion Count            : 0

-- Total I/O Time (block device) --
 Total Block I/O Time           : 0

-- Page Faults & Bytes --
 Page Fault Count               : 0
 Read Bytes                     : 0
 Write Bytes                    : 0
 Block Read Bytes               : 0
 Block Write Bytes              : 0
[===============================================]

[===============================================]
Result of node_idx 20 in node_object 0: Multiply (ND)

-- Elapsed Time Analysis --
 Wall-clock Time                      : 5 us
 - Non I/O Handling Time (Estimated)  : 5 us
 - I/O Handling Time                  : 0 us
        - Read Syscall                : 0 us
        - Write Syscall               : 0 us
        - Page Fault                  : 0 us
        - io_uring                    : 0 us

-- I/O Counts --
 Read Syscall Count                   : 0
 Write Syscall Count                  : 0
 Block I/O Count                      : 0
 io_uring Completion Count            : 0

-- Total I/O Time (block device) --
 Total Block I/O Time           : 0

-- Page Faults & Bytes --
 Page Fault Count               : 0
 Read Bytes                     : 0
 Write Bytes                    : 0
 Block Read Bytes               : 0
 Block Write Bytes              : 0
[===============================================]

[===============================================]
Result of node_idx 21 in node_object 0: Multiply (ND)

-- Elapsed Time Analysis --
 Wall-clock Time                      : 5 us
 - Non I/O Handling Time (Estimated)  : 5 us
 - I/O Handling Time                  : 0 us
        - Read Syscall                : 0 us
        - Write Syscall               : 0 us
        - Page Fault                  : 0 us
        - io_uring                    : 0 us

-- I/O Counts --
 Read Syscall Count                   : 0
 Write Syscall Count                  : 0
 Block I/O Count                      : 0
 io_uring Completion Count            : 0

-- Total I/O Time (block device) --
 Total Block I/O Time           : 0

-- Page Faults & Bytes --
 Page Fault Count               : 0
 Read Bytes                     : 0
 Write Bytes                    : 0
 Block Read Bytes               : 0
 Block Write Bytes              : 0
[===============================================]

[===============================================]
Result of node_idx 22 in node_object 0: Subtract (ND)

-- Elapsed Time Analysis --
 Wall-clock Time                      : 6 us
 - Non I/O Handling Time (Estimated)  : 6 us
 - I/O Handling Time                  : 0 us
        - Read Syscall                : 0 us
        - Write Syscall               : 0 us
        - Page Fault                  : 0 us
        - io_uring                    : 0 us

-- I/O Counts --
 Read Syscall Count                   : 0
 Write Syscall Count                  : 0
 Block I/O Count                      : 0
 io_uring Completion Count            : 0

-- Total I/O Time (block device) --
 Total Block I/O Time           : 0

-- Page Faults & Bytes --
 Page Fault Count               : 0
 Read Bytes                     : 0
 Write Bytes                    : 0
 Block Read Bytes               : 0
 Block Write Bytes              : 0
[===============================================]

[===============================================]
Result of node_idx 23 in node_object 0: Multiply (ND)

-- Elapsed Time Analysis --
 Wall-clock Time                      : 4 us
 - Non I/O Handling Time (Estimated)  : 4 us
 - I/O Handling Time                  : 0 us
        - Read Syscall                : 0 us
        - Write Syscall               : 0 us
        - Page Fault                  : 0 us
        - io_uring                    : 0 us

-- I/O Counts --
 Read Syscall Count                   : 0
 Write Syscall Count                  : 0
 Block I/O Count                      : 0
 io_uring Completion Count            : 0

-- Total I/O Time (block device) --
 Total Block I/O Time           : 0

-- Page Faults & Bytes --
 Page Fault Count               : 0
 Read Bytes                     : 0
 Write Bytes                    : 0
 Block Read Bytes               : 0
 Block Write Bytes              : 0
[===============================================]

[===============================================]
Result of node_idx 24 in node_object 0: Multiply (ND)

-- Elapsed Time Analysis --
 Wall-clock Time                      : 5 us
 - Non I/O Handling Time (Estimated)  : 5 us
 - I/O Handling Time                  : 0 us
        - Read Syscall                : 0 us
        - Write Syscall               : 0 us
        - Page Fault                  : 0 us
        - io_uring                    : 0 us

-- I/O Counts --
 Read Syscall Count                   : 0
 Write Syscall Count                  : 0
 Block I/O Count                      : 0
 io_uring Completion Count            : 0

-- Total I/O Time (block device) --
 Total Block I/O Time           : 0

-- Page Faults & Bytes --
 Page Fault Count               : 0
 Read Bytes                     : 0
 Write Bytes                    : 0
 Block Read Bytes               : 0
 Block Write Bytes              : 0
[===============================================]

[===============================================]
Result of node_idx 25 in node_object 0: Add (ND)

-- Elapsed Time Analysis --
 Wall-clock Time                      : 5 us
 - Non I/O Handling Time (Estimated)  : 5 us
 - I/O Handling Time                  : 0 us
        - Read Syscall                : 0 us
        - Write Syscall               : 0 us
        - Page Fault                  : 0 us
        - io_uring                    : 0 us

-- I/O Counts --
 Read Syscall Count                   : 0
 Write Syscall Count                  : 0
 Block I/O Count                      : 0
 io_uring Completion Count            : 0

-- Total I/O Time (block device) --
 Total Block I/O Time           : 0

-- Page Faults & Bytes --
 Page Fault Count               : 0
 Read Bytes                     : 0
 Write Bytes                    : 0
 Block Read Bytes               : 0
 Block Write Bytes              : 0
[===============================================]

[===============================================]
Result of node_idx 26 in node_object 0: Copy (NC, X32)

-- Elapsed Time Analysis --
 Wall-clock Time                      : 5 us
 - Non I/O Handling Time (Estimated)  : 5 us
 - I/O Handling Time                  : 0 us
        - Read Syscall                : 0 us
        - Write Syscall               : 0 us
        - Page Fault                  : 0 us
        - io_uring                    : 0 us

-- I/O Counts --
 Read Syscall Count                   : 0
 Write Syscall Count                  : 0
 Block I/O Count                      : 0
 io_uring Completion Count            : 0

-- Total I/O Time (block device) --
 Total Block I/O Time           : 0

-- Page Faults & Bytes --
 Page Fault Count               : 0
 Read Bytes                     : 0
 Write Bytes                    : 0
 Block Read Bytes               : 0
 Block Write Bytes              : 0
[===============================================]

[===============================================]
Result of node_idx 26 in node_object 1: Copy (NC, X32)

-- Elapsed Time Analysis --
 Wall-clock Time                      : 5 us
 - Non I/O Handling Time (Estimated)  : 5 us
 - I/O Handling Time                  : 0 us
        - Read Syscall                : 0 us
        - Write Syscall               : 0 us
        - Page Fault                  : 0 us
        - io_uring                    : 0 us

-- I/O Counts --
 Read Syscall Count                   : 0
 Write Syscall Count                  : 0
 Block I/O Count                      : 0
 io_uring Completion Count            : 0

-- Total I/O Time (block device) --
 Total Block I/O Time           : 0

-- Page Faults & Bytes --
 Page Fault Count               : 0
 Read Bytes                     : 0
 Write Bytes                    : 0
 Block Read Bytes               : 0
 Block Write Bytes              : 0
[===============================================]

[===============================================]
Result of node_idx 27 in node_object 0: Transpose (ND, X32)

-- Elapsed Time Analysis --
 Wall-clock Time                      : 3 us
 - Non I/O Handling Time (Estimated)  : 3 us
 - I/O Handling Time                  : 0 us
        - Read Syscall                : 0 us
        - Write Syscall               : 0 us
        - Page Fault                  : 0 us
        - io_uring                    : 0 us

-- I/O Counts --
 Read Syscall Count                   : 0
 Write Syscall Count                  : 0
 Block I/O Count                      : 0
 io_uring Completion Count            : 0

-- Total I/O Time (block device) --
 Total Block I/O Time           : 0

-- Page Faults & Bytes --
 Page Fault Count               : 0
 Read Bytes                     : 0
 Write Bytes                    : 0
 Block Read Bytes               : 0
 Block Write Bytes              : 0
[===============================================]

[===============================================]
Result of node_idx 0 in node_object 0: Multiply (ND)

-- Elapsed Time Analysis --
 Wall-clock Time                      : 5 us
 - Non I/O Handling Time (Estimated)  : 5 us
 - I/O Handling Time                  : 0 us
        - Read Syscall                : 0 us
        - Write Syscall               : 0 us
        - Page Fault                  : 0 us
        - io_uring                    : 0 us

-- I/O Counts --
 Read Syscall Count                   : 0
 Write Syscall Count                  : 0
 Block I/O Count                      : 0
 io_uring Completion Count            : 0

-- Total I/O Time (block device) --
 Total Block I/O Time           : 0

-- Page Faults & Bytes --
 Page Fault Count               : 0
 Read Bytes                     : 0
 Write Bytes                    : 0
 Block Read Bytes               : 0
 Block Write Bytes              : 0
[===============================================]

[===============================================]
Result of node_idx 1 in node_object 0: Transpose (ND, X32)

-- Elapsed Time Analysis --
 Wall-clock Time                      : 4 us
 - Non I/O Handling Time (Estimated)  : 4 us
 - I/O Handling Time                  : 0 us
        - Read Syscall                : 0 us
        - Write Syscall               : 0 us
        - Page Fault                  : 0 us
        - io_uring                    : 0 us

-- I/O Counts --
 Read Syscall Count                   : 0
 Write Syscall Count                  : 0
 Block I/O Count                      : 0
 io_uring Completion Count            : 0

-- Total I/O Time (block device) --
 Total Block I/O Time           : 0

-- Page Faults & Bytes --
 Page Fault Count               : 0
 Read Bytes                     : 0
 Write Bytes                    : 0
 Block Read Bytes               : 0
 Block Write Bytes              : 0
[===============================================]

[===============================================]
Result of node_idx 2 in node_object 0: Transpose (ND, X32)

-- Elapsed Time Analysis --
 Wall-clock Time                      : 26 us
 - Non I/O Handling Time (Estimated)  : 26 us
 - I/O Handling Time                  : 0 us
        - Read Syscall                : 0 us
        - Write Syscall               : 0 us
        - Page Fault                  : 0 us
        - io_uring                    : 0 us

-- I/O Counts --
 Read Syscall Count                   : 0
 Write Syscall Count                  : 0
 Block I/O Count                      : 0
 io_uring Completion Count            : 0

-- Total I/O Time (block device) --
 Total Block I/O Time           : 0

-- Page Faults & Bytes --
 Page Fault Count               : 0
 Read Bytes                     : 0
 Write Bytes                    : 0
 Block Read Bytes               : 0
 Block Write Bytes              : 0
[===============================================]

[===============================================]
Result of node_idx 3 in node_object 0: Static Reshape (NC)

-- Elapsed Time Analysis --
 Wall-clock Time                      : 3 us
 - Non I/O Handling Time (Estimated)  : 3 us
 - I/O Handling Time                  : 0 us
        - Read Syscall                : 0 us
        - Write Syscall               : 0 us
        - Page Fault                  : 0 us
        - io_uring                    : 0 us

-- I/O Counts --
 Read Syscall Count                   : 0
 Write Syscall Count                  : 0
 Block I/O Count                      : 0
 io_uring Completion Count            : 0

-- Total I/O Time (block device) --
 Total Block I/O Time           : 0

-- Page Faults & Bytes --
 Page Fault Count               : 0
 Read Bytes                     : 0
 Write Bytes                    : 0
 Block Read Bytes               : 0
 Block Write Bytes              : 0
[===============================================]

[===============================================]
Result of node_idx 4 in node_object 0: Static Reshape (NC)

-- Elapsed Time Analysis --
 Wall-clock Time                      : 3 us
 - Non I/O Handling Time (Estimated)  : 3 us
 - I/O Handling Time                  : 0 us
        - Read Syscall                : 0 us
        - Write Syscall               : 0 us
        - Page Fault                  : 0 us
        - io_uring                    : 0 us

-- I/O Counts --
 Read Syscall Count                   : 0
 Write Syscall Count                  : 0
 Block I/O Count                      : 0
 io_uring Completion Count            : 0

-- Total I/O Time (block device) --
 Total Block I/O Time           : 0

-- Page Faults & Bytes --
 Page Fault Count               : 0
 Read Bytes                     : 0
 Write Bytes                    : 0
 Block Read Bytes               : 0
 Block Write Bytes              : 0
[===============================================]

[===============================================]
Result of node_idx 5 in node_object 0: Batch Matrix Multiply (NC, F32)

-- Elapsed Time Analysis --
 Wall-clock Time                      : 62 us
 - Non I/O Handling Time (Estimated)  : 62 us
 - I/O Handling Time                  : 0 us
        - Read Syscall                : 0 us
        - Write Syscall               : 0 us
        - Page Fault                  : 0 us
        - io_uring                    : 0 us

-- I/O Counts --
 Read Syscall Count                   : 0
 Write Syscall Count                  : 0
 Block I/O Count                      : 0
 io_uring Completion Count            : 0

-- Total I/O Time (block device) --
 Total Block I/O Time           : 0

-- Page Faults & Bytes --
 Page Fault Count               : 0
 Read Bytes                     : 0
 Write Bytes                    : 0
 Block Read Bytes               : 0
 Block Write Bytes              : 0
[===============================================]

[===============================================]
Result of node_idx 6 in node_object 0: Static Reshape (NC)

-- Elapsed Time Analysis --
 Wall-clock Time                      : 3 us
 - Non I/O Handling Time (Estimated)  : 3 us
 - I/O Handling Time                  : 0 us
        - Read Syscall                : 0 us
        - Write Syscall               : 0 us
        - Page Fault                  : 0 us
        - io_uring                    : 0 us

-- I/O Counts --
 Read Syscall Count                   : 0
 Write Syscall Count                  : 0
 Block I/O Count                      : 0
 io_uring Completion Count            : 0

-- Total I/O Time (block device) --
 Total Block I/O Time           : 0

-- Page Faults & Bytes --
 Page Fault Count               : 0
 Read Bytes                     : 0
 Write Bytes                    : 0
 Block Read Bytes               : 0
 Block Write Bytes              : 0
[===============================================]

[===============================================]
Result of node_idx 7 in node_object 0: Add (ND)

-- Elapsed Time Analysis --
 Wall-clock Time                      : 8 us
 - Non I/O Handling Time (Estimated)  : 8 us
 - I/O Handling Time                  : 0 us
        - Read Syscall                : 0 us
        - Write Syscall               : 0 us
        - Page Fault                  : 0 us
        - io_uring                    : 0 us

-- I/O Counts --
 Read Syscall Count                   : 0
 Write Syscall Count                  : 0
 Block I/O Count                      : 0
 io_uring Completion Count            : 0

-- Total I/O Time (block device) --
 Total Block I/O Time           : 0

-- Page Faults & Bytes --
 Page Fault Count               : 0
 Read Bytes                     : 0
 Write Bytes                    : 0
 Block Read Bytes               : 0
 Block Write Bytes              : 0
[===============================================]

[===============================================]
Result of node_idx 8 in node_object 0: Softmax (NC, F32)

-- Elapsed Time Analysis --
 Wall-clock Time                      : 13 us
 - Non I/O Handling Time (Estimated)  : 13 us
 - I/O Handling Time                  : 0 us
        - Read Syscall                : 0 us
        - Write Syscall               : 0 us
        - Page Fault                  : 0 us
        - io_uring                    : 0 us

-- I/O Counts --
 Read Syscall Count                   : 0
 Write Syscall Count                  : 0
 Block I/O Count                      : 0
 io_uring Completion Count            : 0

-- Total I/O Time (block device) --
 Total Block I/O Time           : 0

-- Page Faults & Bytes --
 Page Fault Count               : 0
 Read Bytes                     : 0
 Write Bytes                    : 0
 Block Read Bytes               : 0
 Block Write Bytes              : 0
[===============================================]

[===============================================]
Result of node_idx 9 in node_object 0: Transpose (ND, X32)

-- Elapsed Time Analysis --
 Wall-clock Time                      : 36 us
 - Non I/O Handling Time (Estimated)  : 36 us
 - I/O Handling Time                  : 0 us
        - Read Syscall                : 0 us
        - Write Syscall               : 0 us
        - Page Fault                  : 0 us
        - io_uring                    : 0 us

-- I/O Counts --
 Read Syscall Count                   : 0
 Write Syscall Count                  : 0
 Block I/O Count                      : 0
 io_uring Completion Count            : 0

-- Total I/O Time (block device) --
 Total Block I/O Time           : 0

-- Page Faults & Bytes --
 Page Fault Count               : 0
 Read Bytes                     : 0
 Write Bytes                    : 0
 Block Read Bytes               : 0
 Block Write Bytes              : 0
[===============================================]

[===============================================]
Result of node_idx 10 in node_object 0: Static Reshape (NC)

-- Elapsed Time Analysis --
 Wall-clock Time                      : 3 us
 - Non I/O Handling Time (Estimated)  : 3 us
 - I/O Handling Time                  : 0 us
        - Read Syscall                : 0 us
        - Write Syscall               : 0 us
        - Page Fault                  : 0 us
        - io_uring                    : 0 us

-- I/O Counts --
 Read Syscall Count                   : 0
 Write Syscall Count                  : 0
 Block I/O Count                      : 0
 io_uring Completion Count            : 0

-- Total I/O Time (block device) --
 Total Block I/O Time           : 0

-- Page Faults & Bytes --
 Page Fault Count               : 0
 Read Bytes                     : 0
 Write Bytes                    : 0
 Block Read Bytes               : 0
 Block Write Bytes              : 0
[===============================================]

[===============================================]
Result of node_idx 11 in node_object 0: Static Reshape (NC)

-- Elapsed Time Analysis --
 Wall-clock Time                      : 3 us
 - Non I/O Handling Time (Estimated)  : 3 us
 - I/O Handling Time                  : 0 us
        - Read Syscall                : 0 us
        - Write Syscall               : 0 us
        - Page Fault                  : 0 us
        - io_uring                    : 0 us

-- I/O Counts --
 Read Syscall Count                   : 0
 Write Syscall Count                  : 0
 Block I/O Count                      : 0
 io_uring Completion Count            : 0

-- Total I/O Time (block device) --
 Total Block I/O Time           : 0

-- Page Faults & Bytes --
 Page Fault Count               : 0
 Read Bytes                     : 0
 Write Bytes                    : 0
 Block Read Bytes               : 0
 Block Write Bytes              : 0
[===============================================]

[===============================================]
Result of node_idx 12 in node_object 0: Batch Matrix Multiply (NC, F32)

-- Elapsed Time Analysis --
 Wall-clock Time                      : 57 us
 - Non I/O Handling Time (Estimated)  : 57 us
 - I/O Handling Time                  : 0 us
        - Read Syscall                : 0 us
        - Write Syscall               : 0 us
        - Page Fault                  : 0 us
        - io_uring                    : 0 us

-- I/O Counts --
 Read Syscall Count                   : 0
 Write Syscall Count                  : 0
 Block I/O Count                      : 0
 io_uring Completion Count            : 0

-- Total I/O Time (block device) --
 Total Block I/O Time           : 0

-- Page Faults & Bytes --
 Page Fault Count               : 0
 Read Bytes                     : 0
 Write Bytes                    : 0
 Block Read Bytes               : 0
 Block Write Bytes              : 0
[===============================================]

[===============================================]
Result of node_idx 13 in node_object 0: Static Reshape (NC)

-- Elapsed Time Analysis --
 Wall-clock Time                      : 3 us
 - Non I/O Handling Time (Estimated)  : 3 us
 - I/O Handling Time                  : 0 us
        - Read Syscall                : 0 us
        - Write Syscall               : 0 us
        - Page Fault                  : 0 us
        - io_uring                    : 0 us

-- I/O Counts --
 Read Syscall Count                   : 0
 Write Syscall Count                  : 0
 Block I/O Count                      : 0
 io_uring Completion Count            : 0

-- Total I/O Time (block device) --
 Total Block I/O Time           : 0

-- Page Faults & Bytes --
 Page Fault Count               : 0
 Read Bytes                     : 0
 Write Bytes                    : 0
 Block Read Bytes               : 0
 Block Write Bytes              : 0
[===============================================]

[===============================================]
Result of node_idx 14 in node_object 0: Transpose (ND, X32)

-- Elapsed Time Analysis --
 Wall-clock Time                      : 5 us
 - Non I/O Handling Time (Estimated)  : 5 us
 - I/O Handling Time                  : 0 us
        - Read Syscall                : 0 us
        - Write Syscall               : 0 us
        - Page Fault                  : 0 us
        - io_uring                    : 0 us

-- I/O Counts --
 Read Syscall Count                   : 0
 Write Syscall Count                  : 0
 Block I/O Count                      : 0
 io_uring Completion Count            : 0

-- Total I/O Time (block device) --
 Total Block I/O Time           : 0

-- Page Faults & Bytes --
 Page Fault Count               : 0
 Read Bytes                     : 0
 Write Bytes                    : 0
 Block Read Bytes               : 0
 Block Write Bytes              : 0
[===============================================]

[===============================================]
Result of node_idx 15 in node_object 0: Static Reshape (NC)

-- Elapsed Time Analysis --
 Wall-clock Time                      : 3 us
 - Non I/O Handling Time (Estimated)  : 3 us
 - I/O Handling Time                  : 0 us
        - Read Syscall                : 0 us
        - Write Syscall               : 0 us
        - Page Fault                  : 0 us
        - io_uring                    : 0 us

-- I/O Counts --
 Read Syscall Count                   : 0
 Write Syscall Count                  : 0
 Block I/O Count                      : 0
 io_uring Completion Count            : 0

-- Total I/O Time (block device) --
 Total Block I/O Time           : 0

-- Page Faults & Bytes --
 Page Fault Count               : 0
 Read Bytes                     : 0
 Write Bytes                    : 0
 Block Read Bytes               : 0
 Block Write Bytes              : 0
[===============================================]

[===============================================]
Result of node_idx 16 in node_object 0: Fully Connected (NC, QDU8, F32, QC8W)

-- Elapsed Time Analysis --
 Wall-clock Time                      : 333 us
 - Non I/O Handling Time (Estimated)  : 26 us
 - I/O Handling Time                  : 307 us
        - Read Syscall                : 0 us
        - Write Syscall               : 0 us
        - Page Fault                  : 307 us
        - io_uring                    : 0 us

-- I/O Counts --
 Read Syscall Count                   : 0
 Write Syscall Count                  : 0
 Block I/O Count                      : 2
 io_uring Completion Count            : 0

-- Total I/O Time (block device) --
 Total Block I/O Time           : 272

-- Page Faults & Bytes --
 Page Fault Count               : 4
 Read Bytes                     : 0
 Write Bytes                    : 0
 Block Read Bytes               : 12288
 Block Write Bytes              : 0
[===============================================]

[===============================================]
Result of node_idx 17 in node_object 0: Add (ND)

-- Elapsed Time Analysis --
 Wall-clock Time                      : 16 us
 - Non I/O Handling Time (Estimated)  : 16 us
 - I/O Handling Time                  : 0 us
        - Read Syscall                : 0 us
        - Write Syscall               : 0 us
        - Page Fault                  : 0 us
        - io_uring                    : 0 us

-- I/O Counts --
 Read Syscall Count                   : 0
 Write Syscall Count                  : 0
 Block I/O Count                      : 0
 io_uring Completion Count            : 0

-- Total I/O Time (block device) --
 Total Block I/O Time           : 0

-- Page Faults & Bytes --
 Page Fault Count               : 0
 Read Bytes                     : 0
 Write Bytes                    : 0
 Block Read Bytes               : 0
 Block Write Bytes              : 0
[===============================================]

[===============================================]
Result of node_idx 0 in node_object 0: Multiply (ND)

-- Elapsed Time Analysis --
 Wall-clock Time                      : 78 us
 - Non I/O Handling Time (Estimated)  : 78 us
 - I/O Handling Time                  : 0 us
        - Read Syscall                : 0 us
        - Write Syscall               : 0 us
        - Page Fault                  : 0 us
        - io_uring                    : 0 us

-- I/O Counts --
 Read Syscall Count                   : 0
 Write Syscall Count                  : 0
 Block I/O Count                      : 0
 io_uring Completion Count            : 0

-- Total I/O Time (block device) --
 Total Block I/O Time           : 0

-- Page Faults & Bytes --
 Page Fault Count               : 0
 Read Bytes                     : 0
 Write Bytes                    : 0
 Block Read Bytes               : 0
 Block Write Bytes              : 0
[===============================================]

[===============================================]
Result of node_idx 1 in node_object 0: Sum (ND)

-- Elapsed Time Analysis --
 Wall-clock Time                      : 83 us
 - Non I/O Handling Time (Estimated)  : 83 us
 - I/O Handling Time                  : 0 us
        - Read Syscall                : 0 us
        - Write Syscall               : 0 us
        - Page Fault                  : 0 us
        - io_uring                    : 0 us

-- I/O Counts --
 Read Syscall Count                   : 0
 Write Syscall Count                  : 0
 Block I/O Count                      : 0
 io_uring Completion Count            : 0

-- Total I/O Time (block device) --
 Total Block I/O Time           : 0

-- Page Faults & Bytes --
 Page Fault Count               : 0
 Read Bytes                     : 0
 Write Bytes                    : 0
 Block Read Bytes               : 0
 Block Write Bytes              : 0
[===============================================]

[===============================================]
Result of node_idx 2 in node_object 0: Multiply (ND)

-- Elapsed Time Analysis --
 Wall-clock Time                      : 2 us
 - Non I/O Handling Time (Estimated)  : 2 us
 - I/O Handling Time                  : 0 us
        - Read Syscall                : 0 us
        - Write Syscall               : 0 us
        - Page Fault                  : 0 us
        - io_uring                    : 0 us

-- I/O Counts --
 Read Syscall Count                   : 0
 Write Syscall Count                  : 0
 Block I/O Count                      : 0
 io_uring Completion Count            : 0

-- Total I/O Time (block device) --
 Total Block I/O Time           : 0

-- Page Faults & Bytes --
 Page Fault Count               : 0
 Read Bytes                     : 0
 Write Bytes                    : 0
 Block Read Bytes               : 0
 Block Write Bytes              : 0
[===============================================]

[===============================================]
Result of node_idx 3 in node_object 0: Add (ND)

-- Elapsed Time Analysis --
 Wall-clock Time                      : 2 us
 - Non I/O Handling Time (Estimated)  : 2 us
 - I/O Handling Time                  : 0 us
        - Read Syscall                : 0 us
        - Write Syscall               : 0 us
        - Page Fault                  : 0 us
        - io_uring                    : 0 us

-- I/O Counts --
 Read Syscall Count                   : 0
 Write Syscall Count                  : 0
 Block I/O Count                      : 0
 io_uring Completion Count            : 0

-- Total I/O Time (block device) --
 Total Block I/O Time           : 0

-- Page Faults & Bytes --
 Page Fault Count               : 0
 Read Bytes                     : 0
 Write Bytes                    : 0
 Block Read Bytes               : 0
 Block Write Bytes              : 0
[===============================================]

[===============================================]
Result of node_idx 4 in node_object 0: Static Reshape (NC)

-- Elapsed Time Analysis --
 Wall-clock Time                      : 2 us
 - Non I/O Handling Time (Estimated)  : 2 us
 - I/O Handling Time                  : 0 us
        - Read Syscall                : 0 us
        - Write Syscall               : 0 us
        - Page Fault                  : 0 us
        - io_uring                    : 0 us

-- I/O Counts --
 Read Syscall Count                   : 0
 Write Syscall Count                  : 0
 Block I/O Count                      : 0
 io_uring Completion Count            : 0

-- Total I/O Time (block device) --
 Total Block I/O Time           : 0

-- Page Faults & Bytes --
 Page Fault Count               : 0
 Read Bytes                     : 0
 Write Bytes                    : 0
 Block Read Bytes               : 0
 Block Write Bytes              : 0
[===============================================]

[===============================================]
Result of node_idx 5 in node_object 0: Reciprocal Square Root (NC)

-- Elapsed Time Analysis --
 Wall-clock Time                      : 2 us
 - Non I/O Handling Time (Estimated)  : 2 us
 - I/O Handling Time                  : 0 us
        - Read Syscall                : 0 us
        - Write Syscall               : 0 us
        - Page Fault                  : 0 us
        - io_uring                    : 0 us

-- I/O Counts --
 Read Syscall Count                   : 0
 Write Syscall Count                  : 0
 Block I/O Count                      : 0
 io_uring Completion Count            : 0

-- Total I/O Time (block device) --
 Total Block I/O Time           : 0

-- Page Faults & Bytes --
 Page Fault Count               : 0
 Read Bytes                     : 0
 Write Bytes                    : 0
 Block Read Bytes               : 0
 Block Write Bytes              : 0
[===============================================]

[===============================================]
Result of node_idx 6 in node_object 0: Multiply (ND)

-- Elapsed Time Analysis --
 Wall-clock Time                      : 78 us
 - Non I/O Handling Time (Estimated)  : 78 us
 - I/O Handling Time                  : 0 us
        - Read Syscall                : 0 us
        - Write Syscall               : 0 us
        - Page Fault                  : 0 us
        - io_uring                    : 0 us

-- I/O Counts --
 Read Syscall Count                   : 0
 Write Syscall Count                  : 0
 Block I/O Count                      : 0
 io_uring Completion Count            : 0

-- Total I/O Time (block device) --
 Total Block I/O Time           : 0

-- Page Faults & Bytes --
 Page Fault Count               : 0
 Read Bytes                     : 0
 Write Bytes                    : 0
 Block Read Bytes               : 0
 Block Write Bytes              : 0
[===============================================]

[===============================================]
Result of node_idx 7 in node_object 0: Multiply (ND)

-- Elapsed Time Analysis --
 Wall-clock Time                      : 15 us
 - Non I/O Handling Time (Estimated)  : 15 us
 - I/O Handling Time                  : 0 us
        - Read Syscall                : 0 us
        - Write Syscall               : 0 us
        - Page Fault                  : 0 us
        - io_uring                    : 0 us

-- I/O Counts --
 Read Syscall Count                   : 0
 Write Syscall Count                  : 0
 Block I/O Count                      : 0
 io_uring Completion Count            : 0

-- Total I/O Time (block device) --
 Total Block I/O Time           : 0

-- Page Faults & Bytes --
 Page Fault Count               : 0
 Read Bytes                     : 0
 Write Bytes                    : 0
 Block Read Bytes               : 0
 Block Write Bytes              : 0
[===============================================]

[===============================================]
Result of node_idx 0 in node_object 0: Fully Connected (NC, QDU8, F32, QC8W)

-- Elapsed Time Analysis --
 Wall-clock Time                      : 1122 us
 - Non I/O Handling Time (Estimated)  : 170 us
 - I/O Handling Time                  : 952 us
        - Read Syscall                : 0 us
        - Write Syscall               : 0 us
        - Page Fault                  : 952 us
        - io_uring                    : 0 us

-- I/O Counts --
 Read Syscall Count                   : 0
 Write Syscall Count                  : 0
 Block I/O Count                      : 2
 io_uring Completion Count            : 0

-- Total I/O Time (block device) --
 Total Block I/O Time           : 583

-- Page Faults & Bytes --
 Page Fault Count               : 8
 Read Bytes                     : 0
 Write Bytes                    : 0
 Block Read Bytes               : 28672
 Block Write Bytes              : 0
[===============================================]

[===============================================]
Result of node_idx 1 in node_object 0: Sigmoid (NC)

-- Elapsed Time Analysis --
 Wall-clock Time                      : 77 us
 - Non I/O Handling Time (Estimated)  : 77 us
 - I/O Handling Time                  : 0 us
        - Read Syscall                : 0 us
        - Write Syscall               : 0 us
        - Page Fault                  : 0 us
        - io_uring                    : 0 us

-- I/O Counts --
 Read Syscall Count                   : 0
 Write Syscall Count                  : 0
 Block I/O Count                      : 0
 io_uring Completion Count            : 0

-- Total I/O Time (block device) --
 Total Block I/O Time           : 0

-- Page Faults & Bytes --
 Page Fault Count               : 0
 Read Bytes                     : 0
 Write Bytes                    : 0
 Block Read Bytes               : 0
 Block Write Bytes              : 0
[===============================================]

[===============================================]
Result of node_idx 2 in node_object 0: Multiply (ND)

-- Elapsed Time Analysis --
 Wall-clock Time                      : 86 us
 - Non I/O Handling Time (Estimated)  : 86 us
 - I/O Handling Time                  : 0 us
        - Read Syscall                : 0 us
        - Write Syscall               : 0 us
        - Page Fault                  : 0 us
        - io_uring                    : 0 us

-- I/O Counts --
 Read Syscall Count                   : 0
 Write Syscall Count                  : 0
 Block I/O Count                      : 0
 io_uring Completion Count            : 0

-- Total I/O Time (block device) --
 Total Block I/O Time           : 0

-- Page Faults & Bytes --
 Page Fault Count               : 0
 Read Bytes                     : 0
 Write Bytes                    : 0
 Block Read Bytes               : 0
 Block Write Bytes              : 0
[===============================================]

[===============================================]
Result of node_idx 3 in node_object 0: Fully Connected (NC, QDU8, F32, QC8W)

-- Elapsed Time Analysis --
 Wall-clock Time                      : 828 us
 - Non I/O Handling Time (Estimated)  : 174 us
 - I/O Handling Time                  : 654 us
        - Read Syscall                : 0 us
        - Write Syscall               : 0 us
        - Page Fault                  : 654 us
        - io_uring                    : 0 us

-- I/O Counts --
 Read Syscall Count                   : 0
 Write Syscall Count                  : 0
 Block I/O Count                      : 2
 io_uring Completion Count            : 0

-- Total I/O Time (block device) --
 Total Block I/O Time           : 612

-- Page Faults & Bytes --
 Page Fault Count               : 10
 Read Bytes                     : 0
 Write Bytes                    : 0
 Block Read Bytes               : 118784
 Block Write Bytes              : 0
[===============================================]

[===============================================]
Result of node_idx 4 in node_object 0: Multiply (ND)

-- Elapsed Time Analysis --
 Wall-clock Time                      : 90 us
 - Non I/O Handling Time (Estimated)  : 90 us
 - I/O Handling Time                  : 0 us
        - Read Syscall                : 0 us
        - Write Syscall               : 0 us
        - Page Fault                  : 0 us
        - io_uring                    : 0 us

-- I/O Counts --
 Read Syscall Count                   : 0
 Write Syscall Count                  : 0
 Block I/O Count                      : 0
 io_uring Completion Count            : 0

-- Total I/O Time (block device) --
 Total Block I/O Time           : 0

-- Page Faults & Bytes --
 Page Fault Count               : 0
 Read Bytes                     : 0
 Write Bytes                    : 0
 Block Read Bytes               : 0
 Block Write Bytes              : 0
[===============================================]

[===============================================]
Result of node_idx 5 in node_object 0: Fully Connected (NC, QDU8, F32, QC8W)

-- Elapsed Time Analysis --
 Wall-clock Time                      : 861 us
 - Non I/O Handling Time (Estimated)  : 139 us
 - I/O Handling Time                  : 722 us
        - Read Syscall                : 0 us
        - Write Syscall               : 0 us
        - Page Fault                  : 722 us
        - io_uring                    : 0 us

-- I/O Counts --
 Read Syscall Count                   : 0
 Write Syscall Count                  : 0
 Block I/O Count                      : 2
 io_uring Completion Count            : 0

-- Total I/O Time (block device) --
 Total Block I/O Time           : 387

-- Page Faults & Bytes --
 Page Fault Count               : 8
 Read Bytes                     : 0
 Write Bytes                    : 0
 Block Read Bytes               : 126976
 Block Write Bytes              : 0
[===============================================]

[===============================================]
Result of node_idx 6 in node_object 0: Add (ND)

-- Elapsed Time Analysis --
 Wall-clock Time                      : 20 us
 - Non I/O Handling Time (Estimated)  : 20 us
 - I/O Handling Time                  : 0 us
        - Read Syscall                : 0 us
        - Write Syscall               : 0 us
        - Page Fault                  : 0 us
        - io_uring                    : 0 us

-- I/O Counts --
 Read Syscall Count                   : 0
 Write Syscall Count                  : 0
 Block I/O Count                      : 0
 io_uring Completion Count            : 0

-- Total I/O Time (block device) --
 Total Block I/O Time           : 0

-- Page Faults & Bytes --
 Page Fault Count               : 0
 Read Bytes                     : 0
 Write Bytes                    : 0
 Block Read Bytes               : 0
 Block Write Bytes              : 0
[===============================================]

[===============================================]
Result of node_idx 0 in node_object 0: Multiply (ND)

-- Elapsed Time Analysis --
 Wall-clock Time                      : 87 us
 - Non I/O Handling Time (Estimated)  : 87 us
 - I/O Handling Time                  : 0 us
        - Read Syscall                : 0 us
        - Write Syscall               : 0 us
        - Page Fault                  : 0 us
        - io_uring                    : 0 us

-- I/O Counts --
 Read Syscall Count                   : 0
 Write Syscall Count                  : 0
 Block I/O Count                      : 0
 io_uring Completion Count            : 0

-- Total I/O Time (block device) --
 Total Block I/O Time           : 0

-- Page Faults & Bytes --
 Page Fault Count               : 0
 Read Bytes                     : 0
 Write Bytes                    : 0
 Block Read Bytes               : 0
 Block Write Bytes              : 0
[===============================================]

[===============================================]
Result of node_idx 1 in node_object 0: Sum (ND)

-- Elapsed Time Analysis --
 Wall-clock Time                      : 80 us
 - Non I/O Handling Time (Estimated)  : 80 us
 - I/O Handling Time                  : 0 us
        - Read Syscall                : 0 us
        - Write Syscall               : 0 us
        - Page Fault                  : 0 us
        - io_uring                    : 0 us

-- I/O Counts --
 Read Syscall Count                   : 0
 Write Syscall Count                  : 0
 Block I/O Count                      : 0
 io_uring Completion Count            : 0

-- Total I/O Time (block device) --
 Total Block I/O Time           : 0

-- Page Faults & Bytes --
 Page Fault Count               : 0
 Read Bytes                     : 0
 Write Bytes                    : 0
 Block Read Bytes               : 0
 Block Write Bytes              : 0
[===============================================]

[===============================================]
Result of node_idx 2 in node_object 0: Multiply (ND)

-- Elapsed Time Analysis --
 Wall-clock Time                      : 2 us
 - Non I/O Handling Time (Estimated)  : 2 us
 - I/O Handling Time                  : 0 us
        - Read Syscall                : 0 us
        - Write Syscall               : 0 us
        - Page Fault                  : 0 us
        - io_uring                    : 0 us

-- I/O Counts --
 Read Syscall Count                   : 0
 Write Syscall Count                  : 0
 Block I/O Count                      : 0
 io_uring Completion Count            : 0

-- Total I/O Time (block device) --
 Total Block I/O Time           : 0

-- Page Faults & Bytes --
 Page Fault Count               : 0
 Read Bytes                     : 0
 Write Bytes                    : 0
 Block Read Bytes               : 0
 Block Write Bytes              : 0
[===============================================]

[===============================================]
Result of node_idx 3 in node_object 0: Add (ND)

-- Elapsed Time Analysis --
 Wall-clock Time                      : 2 us
 - Non I/O Handling Time (Estimated)  : 2 us
 - I/O Handling Time                  : 0 us
        - Read Syscall                : 0 us
        - Write Syscall               : 0 us
        - Page Fault                  : 0 us
        - io_uring                    : 0 us

-- I/O Counts --
 Read Syscall Count                   : 0
 Write Syscall Count                  : 0
 Block I/O Count                      : 0
 io_uring Completion Count            : 0

-- Total I/O Time (block device) --
 Total Block I/O Time           : 0

-- Page Faults & Bytes --
 Page Fault Count               : 0
 Read Bytes                     : 0
 Write Bytes                    : 0
 Block Read Bytes               : 0
 Block Write Bytes              : 0
[===============================================]

[===============================================]
Result of node_idx 4 in node_object 0: Static Reshape (NC)

-- Elapsed Time Analysis --
 Wall-clock Time                      : 2 us
 - Non I/O Handling Time (Estimated)  : 2 us
 - I/O Handling Time                  : 0 us
        - Read Syscall                : 0 us
        - Write Syscall               : 0 us
        - Page Fault                  : 0 us
        - io_uring                    : 0 us

-- I/O Counts --
 Read Syscall Count                   : 0
 Write Syscall Count                  : 0
 Block I/O Count                      : 0
 io_uring Completion Count            : 0

-- Total I/O Time (block device) --
 Total Block I/O Time           : 0

-- Page Faults & Bytes --
 Page Fault Count               : 0
 Read Bytes                     : 0
 Write Bytes                    : 0
 Block Read Bytes               : 0
 Block Write Bytes              : 0
[===============================================]

[===============================================]
Result of node_idx 5 in node_object 0: Reciprocal Square Root (NC)

-- Elapsed Time Analysis --
 Wall-clock Time                      : 2 us
 - Non I/O Handling Time (Estimated)  : 2 us
 - I/O Handling Time                  : 0 us
        - Read Syscall                : 0 us
        - Write Syscall               : 0 us
        - Page Fault                  : 0 us
        - io_uring                    : 0 us

-- I/O Counts --
 Read Syscall Count                   : 0
 Write Syscall Count                  : 0
 Block I/O Count                      : 0
 io_uring Completion Count            : 0

-- Total I/O Time (block device) --
 Total Block I/O Time           : 0

-- Page Faults & Bytes --
 Page Fault Count               : 0
 Read Bytes                     : 0
 Write Bytes                    : 0
 Block Read Bytes               : 0
 Block Write Bytes              : 0
[===============================================]

[===============================================]
Result of node_idx 6 in node_object 0: Multiply (ND)

-- Elapsed Time Analysis --
 Wall-clock Time                      : 91 us
 - Non I/O Handling Time (Estimated)  : 91 us
 - I/O Handling Time                  : 0 us
        - Read Syscall                : 0 us
        - Write Syscall               : 0 us
        - Page Fault                  : 0 us
        - io_uring                    : 0 us

-- I/O Counts --
 Read Syscall Count                   : 0
 Write Syscall Count                  : 0
 Block I/O Count                      : 0
 io_uring Completion Count            : 0

-- Total I/O Time (block device) --
 Total Block I/O Time           : 0

-- Page Faults & Bytes --
 Page Fault Count               : 0
 Read Bytes                     : 0
 Write Bytes                    : 0
 Block Read Bytes               : 0
 Block Write Bytes              : 0
[===============================================]

[===============================================]
Result of node_idx 7 in node_object 0: Multiply (ND)

-- Elapsed Time Analysis --
 Wall-clock Time                      : 15 us
 - Non I/O Handling Time (Estimated)  : 15 us
 - I/O Handling Time                  : 0 us
        - Read Syscall                : 0 us
        - Write Syscall               : 0 us
        - Page Fault                  : 0 us
        - io_uring                    : 0 us

-- I/O Counts --
 Read Syscall Count                   : 0
 Write Syscall Count                  : 0
 Block I/O Count                      : 0
 io_uring Completion Count            : 0

-- Total I/O Time (block device) --
 Total Block I/O Time           : 0

-- Page Faults & Bytes --
 Page Fault Count               : 0
 Read Bytes                     : 0
 Write Bytes                    : 0
 Block Read Bytes               : 0
 Block Write Bytes              : 0
[===============================================]

[===============================================]
Result of node_idx 0 in node_object 0: Fully Connected (NC, QDU8, F32, QC8W)

-- Elapsed Time Analysis --
 Wall-clock Time                      : 615 us
 - Non I/O Handling Time (Estimated)  : 112 us
 - I/O Handling Time                  : 503 us
        - Read Syscall                : 0 us
        - Write Syscall               : 0 us
        - Page Fault                  : 503 us
        - io_uring                    : 0 us

-- I/O Counts --
 Read Syscall Count                   : 0
 Write Syscall Count                  : 0
 Block I/O Count                      : 3
 io_uring Completion Count            : 0

-- Total I/O Time (block device) --
 Total Block I/O Time           : 885

-- Page Faults & Bytes --
 Page Fault Count               : 5
 Read Bytes                     : 0
 Write Bytes                    : 0
 Block Read Bytes               : 20480
 Block Write Bytes              : 0
[===============================================]

[===============================================]
Result of node_idx 1 in node_object 0: Static Reshape (NC)

-- Elapsed Time Analysis --
 Wall-clock Time                      : 75 us
 - Non I/O Handling Time (Estimated)  : 75 us
 - I/O Handling Time                  : 0 us
        - Read Syscall                : 0 us
        - Write Syscall               : 0 us
        - Page Fault                  : 0 us
        - io_uring                    : 0 us

-- I/O Counts --
 Read Syscall Count                   : 0
 Write Syscall Count                  : 0
 Block I/O Count                      : 0
 io_uring Completion Count            : 0

-- Total I/O Time (block device) --
 Total Block I/O Time           : 0

-- Page Faults & Bytes --
 Page Fault Count               : 0
 Read Bytes                     : 0
 Write Bytes                    : 0
 Block Read Bytes               : 0
 Block Write Bytes              : 0
[===============================================]

[===============================================]
Result of node_idx 2 in node_object 0: Slice (ND, X32)

-- Elapsed Time Analysis --
 Wall-clock Time                      : 93 us
 - Non I/O Handling Time (Estimated)  : 93 us
 - I/O Handling Time                  : 0 us
        - Read Syscall                : 0 us
        - Write Syscall               : 0 us
        - Page Fault                  : 0 us
        - io_uring                    : 0 us

-- I/O Counts --
 Read Syscall Count                   : 0
 Write Syscall Count                  : 0
 Block I/O Count                      : 0
 io_uring Completion Count            : 0

-- Total I/O Time (block device) --
 Total Block I/O Time           : 0

-- Page Faults & Bytes --
 Page Fault Count               : 0
 Read Bytes                     : 0
 Write Bytes                    : 0
 Block Read Bytes               : 0
 Block Write Bytes              : 0
[===============================================]

[===============================================]
Result of node_idx 3 in node_object 0: Slice (ND, X32)

-- Elapsed Time Analysis --
 Wall-clock Time                      : 82 us
 - Non I/O Handling Time (Estimated)  : 82 us
 - I/O Handling Time                  : 0 us
        - Read Syscall                : 0 us
        - Write Syscall               : 0 us
        - Page Fault                  : 0 us
        - io_uring                    : 0 us

-- I/O Counts --
 Read Syscall Count                   : 0
 Write Syscall Count                  : 0
 Block I/O Count                      : 0
 io_uring Completion Count            : 0

-- Total I/O Time (block device) --
 Total Block I/O Time           : 0

-- Page Faults & Bytes --
 Page Fault Count               : 0
 Read Bytes                     : 0
 Write Bytes                    : 0
 Block Read Bytes               : 0
 Block Write Bytes              : 0
[===============================================]

[===============================================]
Result of node_idx 4 in node_object 0: Slice (ND, X32)

-- Elapsed Time Analysis --
 Wall-clock Time                      : 85 us
 - Non I/O Handling Time (Estimated)  : 85 us
 - I/O Handling Time                  : 0 us
        - Read Syscall                : 0 us
        - Write Syscall               : 0 us
        - Page Fault                  : 0 us
        - io_uring                    : 0 us

-- I/O Counts --
 Read Syscall Count                   : 0
 Write Syscall Count                  : 0
 Block I/O Count                      : 0
 io_uring Completion Count            : 0

-- Total I/O Time (block device) --
 Total Block I/O Time           : 0

-- Page Faults & Bytes --
 Page Fault Count               : 0
 Read Bytes                     : 0
 Write Bytes                    : 0
 Block Read Bytes               : 0
 Block Write Bytes              : 0
[===============================================]

[===============================================]
Result of node_idx 5 in node_object 0: Static Reshape (NC)

-- Elapsed Time Analysis --
 Wall-clock Time                      : 4 us
 - Non I/O Handling Time (Estimated)  : 4 us
 - I/O Handling Time                  : 0 us
        - Read Syscall                : 0 us
        - Write Syscall               : 0 us
        - Page Fault                  : 0 us
        - io_uring                    : 0 us

-- I/O Counts --
 Read Syscall Count                   : 0
 Write Syscall Count                  : 0
 Block I/O Count                      : 0
 io_uring Completion Count            : 0

-- Total I/O Time (block device) --
 Total Block I/O Time           : 0

-- Page Faults & Bytes --
 Page Fault Count               : 0
 Read Bytes                     : 0
 Write Bytes                    : 0
 Block Read Bytes               : 0
 Block Write Bytes              : 0
[===============================================]

[===============================================]
Result of node_idx 6 in node_object 0: Transpose (ND, X32)

-- Elapsed Time Analysis --
 Wall-clock Time                      : 4 us
 - Non I/O Handling Time (Estimated)  : 4 us
 - I/O Handling Time                  : 0 us
        - Read Syscall                : 0 us
        - Write Syscall               : 0 us
        - Page Fault                  : 0 us
        - io_uring                    : 0 us

-- I/O Counts --
 Read Syscall Count                   : 0
 Write Syscall Count                  : 0
 Block I/O Count                      : 0
 io_uring Completion Count            : 0

-- Total I/O Time (block device) --
 Total Block I/O Time           : 0

-- Page Faults & Bytes --
 Page Fault Count               : 0
 Read Bytes                     : 0
 Write Bytes                    : 0
 Block Read Bytes               : 0
 Block Write Bytes              : 0
[===============================================]

[===============================================]
Result of node_idx 7 in node_object 0: Slice (ND, X32)

-- Elapsed Time Analysis --
 Wall-clock Time                      : 88 us
 - Non I/O Handling Time (Estimated)  : 88 us
 - I/O Handling Time                  : 0 us
        - Read Syscall                : 0 us
        - Write Syscall               : 0 us
        - Page Fault                  : 0 us
        - io_uring                    : 0 us

-- I/O Counts --
 Read Syscall Count                   : 0
 Write Syscall Count                  : 0
 Block I/O Count                      : 0
 io_uring Completion Count            : 0

-- Total I/O Time (block device) --
 Total Block I/O Time           : 0

-- Page Faults & Bytes --
 Page Fault Count               : 0
 Read Bytes                     : 0
 Write Bytes                    : 0
 Block Read Bytes               : 0
 Block Write Bytes              : 0
[===============================================]

[===============================================]
Result of node_idx 8 in node_object 0: Slice (ND, X32)

-- Elapsed Time Analysis --
 Wall-clock Time                      : 91 us
 - Non I/O Handling Time (Estimated)  : 91 us
 - I/O Handling Time                  : 0 us
        - Read Syscall                : 0 us
        - Write Syscall               : 0 us
        - Page Fault                  : 0 us
        - io_uring                    : 0 us

-- I/O Counts --
 Read Syscall Count                   : 0
 Write Syscall Count                  : 0
 Block I/O Count                      : 0
 io_uring Completion Count            : 0

-- Total I/O Time (block device) --
 Total Block I/O Time           : 0

-- Page Faults & Bytes --
 Page Fault Count               : 0
 Read Bytes                     : 0
 Write Bytes                    : 0
 Block Read Bytes               : 0
 Block Write Bytes              : 0
[===============================================]

[===============================================]
Result of node_idx 9 in node_object 0: Multiply (ND)

-- Elapsed Time Analysis --
 Wall-clock Time                      : 95 us
 - Non I/O Handling Time (Estimated)  : 95 us
 - I/O Handling Time                  : 0 us
        - Read Syscall                : 0 us
        - Write Syscall               : 0 us
        - Page Fault                  : 0 us
        - io_uring                    : 0 us

-- I/O Counts --
 Read Syscall Count                   : 0
 Write Syscall Count                  : 0
 Block I/O Count                      : 0
 io_uring Completion Count            : 0

-- Total I/O Time (block device) --
 Total Block I/O Time           : 0

-- Page Faults & Bytes --
 Page Fault Count               : 0
 Read Bytes                     : 0
 Write Bytes                    : 0
 Block Read Bytes               : 0
 Block Write Bytes              : 0
[===============================================]

[===============================================]
Result of node_idx 10 in node_object 0: Multiply (ND)

-- Elapsed Time Analysis --
 Wall-clock Time                      : 94 us
 - Non I/O Handling Time (Estimated)  : 94 us
 - I/O Handling Time                  : 0 us
        - Read Syscall                : 0 us
        - Write Syscall               : 0 us
        - Page Fault                  : 0 us
        - io_uring                    : 0 us

-- I/O Counts --
 Read Syscall Count                   : 0
 Write Syscall Count                  : 0
 Block I/O Count                      : 0
 io_uring Completion Count            : 0

-- Total I/O Time (block device) --
 Total Block I/O Time           : 0

-- Page Faults & Bytes --
 Page Fault Count               : 0
 Read Bytes                     : 0
 Write Bytes                    : 0
 Block Read Bytes               : 0
 Block Write Bytes              : 0
[===============================================]

[===============================================]
Result of node_idx 11 in node_object 0: Subtract (ND)

-- Elapsed Time Analysis --
 Wall-clock Time                      : 87 us
 - Non I/O Handling Time (Estimated)  : 87 us
 - I/O Handling Time                  : 0 us
        - Read Syscall                : 0 us
        - Write Syscall               : 0 us
        - Page Fault                  : 0 us
        - io_uring                    : 0 us

-- I/O Counts --
 Read Syscall Count                   : 0
 Write Syscall Count                  : 0
 Block I/O Count                      : 0
 io_uring Completion Count            : 0

-- Total I/O Time (block device) --
 Total Block I/O Time           : 0

-- Page Faults & Bytes --
 Page Fault Count               : 0
 Read Bytes                     : 0
 Write Bytes                    : 0
 Block Read Bytes               : 0
 Block Write Bytes              : 0
[===============================================]

[===============================================]
Result of node_idx 12 in node_object 0: Multiply (ND)

-- Elapsed Time Analysis --
 Wall-clock Time                      : 78 us
 - Non I/O Handling Time (Estimated)  : 78 us
 - I/O Handling Time                  : 0 us
        - Read Syscall                : 0 us
        - Write Syscall               : 0 us
        - Page Fault                  : 0 us
        - io_uring                    : 0 us

-- I/O Counts --
 Read Syscall Count                   : 0
 Write Syscall Count                  : 0
 Block I/O Count                      : 0
 io_uring Completion Count            : 0

-- Total I/O Time (block device) --
 Total Block I/O Time           : 0

-- Page Faults & Bytes --
 Page Fault Count               : 0
 Read Bytes                     : 0
 Write Bytes                    : 0
 Block Read Bytes               : 0
 Block Write Bytes              : 0
[===============================================]

[===============================================]
Result of node_idx 13 in node_object 0: Multiply (ND)

-- Elapsed Time Analysis --
 Wall-clock Time                      : 81 us
 - Non I/O Handling Time (Estimated)  : 81 us
 - I/O Handling Time                  : 0 us
        - Read Syscall                : 0 us
        - Write Syscall               : 0 us
        - Page Fault                  : 0 us
        - io_uring                    : 0 us

-- I/O Counts --
 Read Syscall Count                   : 0
 Write Syscall Count                  : 0
 Block I/O Count                      : 0
 io_uring Completion Count            : 0

-- Total I/O Time (block device) --
 Total Block I/O Time           : 0

-- Page Faults & Bytes --
 Page Fault Count               : 0
 Read Bytes                     : 0
 Write Bytes                    : 0
 Block Read Bytes               : 0
 Block Write Bytes              : 0
[===============================================]

[===============================================]
Result of node_idx 14 in node_object 0: Add (ND)

-- Elapsed Time Analysis --
 Wall-clock Time                      : 87 us
 - Non I/O Handling Time (Estimated)  : 87 us
 - I/O Handling Time                  : 0 us
        - Read Syscall                : 0 us
        - Write Syscall               : 0 us
        - Page Fault                  : 0 us
        - io_uring                    : 0 us

-- I/O Counts --
 Read Syscall Count                   : 0
 Write Syscall Count                  : 0
 Block I/O Count                      : 0
 io_uring Completion Count            : 0

-- Total I/O Time (block device) --
 Total Block I/O Time           : 0

-- Page Faults & Bytes --
 Page Fault Count               : 0
 Read Bytes                     : 0
 Write Bytes                    : 0
 Block Read Bytes               : 0
 Block Write Bytes              : 0
[===============================================]

[===============================================]
Result of node_idx 15 in node_object 0: Copy (NC, X32)

-- Elapsed Time Analysis --
 Wall-clock Time                      : 84 us
 - Non I/O Handling Time (Estimated)  : 84 us
 - I/O Handling Time                  : 0 us
        - Read Syscall                : 0 us
        - Write Syscall               : 0 us
        - Page Fault                  : 0 us
        - io_uring                    : 0 us

-- I/O Counts --
 Read Syscall Count                   : 0
 Write Syscall Count                  : 0
 Block I/O Count                      : 0
 io_uring Completion Count            : 0

-- Total I/O Time (block device) --
 Total Block I/O Time           : 0

-- Page Faults & Bytes --
 Page Fault Count               : 0
 Read Bytes                     : 0
 Write Bytes                    : 0
 Block Read Bytes               : 0
 Block Write Bytes              : 0
[===============================================]

[===============================================]
Result of node_idx 15 in node_object 1: Copy (NC, X32)

-- Elapsed Time Analysis --
 Wall-clock Time                      : 71 us
 - Non I/O Handling Time (Estimated)  : 71 us
 - I/O Handling Time                  : 0 us
        - Read Syscall                : 0 us
        - Write Syscall               : 0 us
        - Page Fault                  : 0 us
        - io_uring                    : 0 us

-- I/O Counts --
 Read Syscall Count                   : 0
 Write Syscall Count                  : 0
 Block I/O Count                      : 0
 io_uring Completion Count            : 0

-- Total I/O Time (block device) --
 Total Block I/O Time           : 0

-- Page Faults & Bytes --
 Page Fault Count               : 0
 Read Bytes                     : 0
 Write Bytes                    : 0
 Block Read Bytes               : 0
 Block Write Bytes              : 0
[===============================================]

[===============================================]
Result of node_idx 16 in node_object 0: Transpose (ND, X32)

-- Elapsed Time Analysis --
 Wall-clock Time                      : 5 us
 - Non I/O Handling Time (Estimated)  : 5 us
 - I/O Handling Time                  : 0 us
        - Read Syscall                : 0 us
        - Write Syscall               : 0 us
        - Page Fault                  : 0 us
        - io_uring                    : 0 us

-- I/O Counts --
 Read Syscall Count                   : 0
 Write Syscall Count                  : 0
 Block I/O Count                      : 0
 io_uring Completion Count            : 0

-- Total I/O Time (block device) --
 Total Block I/O Time           : 0

-- Page Faults & Bytes --
 Page Fault Count               : 0
 Read Bytes                     : 0
 Write Bytes                    : 0
 Block Read Bytes               : 0
 Block Write Bytes              : 0
[===============================================]

[===============================================]
Result of node_idx 17 in node_object 0: Transpose (ND, X32)

-- Elapsed Time Analysis --
 Wall-clock Time                      : 3 us
 - Non I/O Handling Time (Estimated)  : 3 us
 - I/O Handling Time                  : 0 us
        - Read Syscall                : 0 us
        - Write Syscall               : 0 us
        - Page Fault                  : 0 us
        - io_uring                    : 0 us

-- I/O Counts --
 Read Syscall Count                   : 0
 Write Syscall Count                  : 0
 Block I/O Count                      : 0
 io_uring Completion Count            : 0

-- Total I/O Time (block device) --
 Total Block I/O Time           : 0

-- Page Faults & Bytes --
 Page Fault Count               : 0
 Read Bytes                     : 0
 Write Bytes                    : 0
 Block Read Bytes               : 0
 Block Write Bytes              : 0
[===============================================]

[===============================================]
Result of node_idx 18 in node_object 0: Slice (ND, X32)

-- Elapsed Time Analysis --
 Wall-clock Time                      : 81 us
 - Non I/O Handling Time (Estimated)  : 81 us
 - I/O Handling Time                  : 0 us
        - Read Syscall                : 0 us
        - Write Syscall               : 0 us
        - Page Fault                  : 0 us
        - io_uring                    : 0 us

-- I/O Counts --
 Read Syscall Count                   : 0
 Write Syscall Count                  : 0
 Block I/O Count                      : 0
 io_uring Completion Count            : 0

-- Total I/O Time (block device) --
 Total Block I/O Time           : 0

-- Page Faults & Bytes --
 Page Fault Count               : 0
 Read Bytes                     : 0
 Write Bytes                    : 0
 Block Read Bytes               : 0
 Block Write Bytes              : 0
[===============================================]

[===============================================]
Result of node_idx 19 in node_object 0: Slice (ND, X32)

-- Elapsed Time Analysis --
 Wall-clock Time                      : 90 us
 - Non I/O Handling Time (Estimated)  : 90 us
 - I/O Handling Time                  : 0 us
        - Read Syscall                : 0 us
        - Write Syscall               : 0 us
        - Page Fault                  : 0 us
        - io_uring                    : 0 us

-- I/O Counts --
 Read Syscall Count                   : 0
 Write Syscall Count                  : 0
 Block I/O Count                      : 0
 io_uring Completion Count            : 0

-- Total I/O Time (block device) --
 Total Block I/O Time           : 0

-- Page Faults & Bytes --
 Page Fault Count               : 0
 Read Bytes                     : 0
 Write Bytes                    : 0
 Block Read Bytes               : 0
 Block Write Bytes              : 0
[===============================================]

[===============================================]
Result of node_idx 20 in node_object 0: Multiply (ND)

-- Elapsed Time Analysis --
 Wall-clock Time                      : 97 us
 - Non I/O Handling Time (Estimated)  : 97 us
 - I/O Handling Time                  : 0 us
        - Read Syscall                : 0 us
        - Write Syscall               : 0 us
        - Page Fault                  : 0 us
        - io_uring                    : 0 us

-- I/O Counts --
 Read Syscall Count                   : 0
 Write Syscall Count                  : 0
 Block I/O Count                      : 0
 io_uring Completion Count            : 0

-- Total I/O Time (block device) --
 Total Block I/O Time           : 0

-- Page Faults & Bytes --
 Page Fault Count               : 0
 Read Bytes                     : 0
 Write Bytes                    : 0
 Block Read Bytes               : 0
 Block Write Bytes              : 0
[===============================================]

[===============================================]
Result of node_idx 21 in node_object 0: Multiply (ND)

-- Elapsed Time Analysis --
 Wall-clock Time                      : 98 us
 - Non I/O Handling Time (Estimated)  : 98 us
 - I/O Handling Time                  : 0 us
        - Read Syscall                : 0 us
        - Write Syscall               : 0 us
        - Page Fault                  : 0 us
        - io_uring                    : 0 us

-- I/O Counts --
 Read Syscall Count                   : 0
 Write Syscall Count                  : 0
 Block I/O Count                      : 0
 io_uring Completion Count            : 0

-- Total I/O Time (block device) --
 Total Block I/O Time           : 0

-- Page Faults & Bytes --
 Page Fault Count               : 0
 Read Bytes                     : 0
 Write Bytes                    : 0
 Block Read Bytes               : 0
 Block Write Bytes              : 0
[===============================================]

[===============================================]
Result of node_idx 22 in node_object 0: Subtract (ND)

-- Elapsed Time Analysis --
 Wall-clock Time                      : 76 us
 - Non I/O Handling Time (Estimated)  : 76 us
 - I/O Handling Time                  : 0 us
        - Read Syscall                : 0 us
        - Write Syscall               : 0 us
        - Page Fault                  : 0 us
        - io_uring                    : 0 us

-- I/O Counts --
 Read Syscall Count                   : 0
 Write Syscall Count                  : 0
 Block I/O Count                      : 0
 io_uring Completion Count            : 0

-- Total I/O Time (block device) --
 Total Block I/O Time           : 0

-- Page Faults & Bytes --
 Page Fault Count               : 0
 Read Bytes                     : 0
 Write Bytes                    : 0
 Block Read Bytes               : 0
 Block Write Bytes              : 0
[===============================================]

[===============================================]
Result of node_idx 23 in node_object 0: Multiply (ND)

-- Elapsed Time Analysis --
 Wall-clock Time                      : 84 us
 - Non I/O Handling Time (Estimated)  : 84 us
 - I/O Handling Time                  : 0 us
        - Read Syscall                : 0 us
        - Write Syscall               : 0 us
        - Page Fault                  : 0 us
        - io_uring                    : 0 us

-- I/O Counts --
 Read Syscall Count                   : 0
 Write Syscall Count                  : 0
 Block I/O Count                      : 0
 io_uring Completion Count            : 0

-- Total I/O Time (block device) --
 Total Block I/O Time           : 0

-- Page Faults & Bytes --
 Page Fault Count               : 0
 Read Bytes                     : 0
 Write Bytes                    : 0
 Block Read Bytes               : 0
 Block Write Bytes              : 0
[===============================================]

[===============================================]
Result of node_idx 24 in node_object 0: Multiply (ND)

-- Elapsed Time Analysis --
 Wall-clock Time                      : 86 us
 - Non I/O Handling Time (Estimated)  : 86 us
 - I/O Handling Time                  : 0 us
        - Read Syscall                : 0 us
        - Write Syscall               : 0 us
        - Page Fault                  : 0 us
        - io_uring                    : 0 us

-- I/O Counts --
 Read Syscall Count                   : 0
 Write Syscall Count                  : 0
 Block I/O Count                      : 0
 io_uring Completion Count            : 0

-- Total I/O Time (block device) --
 Total Block I/O Time           : 0

-- Page Faults & Bytes --
 Page Fault Count               : 0
 Read Bytes                     : 0
 Write Bytes                    : 0
 Block Read Bytes               : 0
 Block Write Bytes              : 0
[===============================================]

[===============================================]
Result of node_idx 25 in node_object 0: Add (ND)

-- Elapsed Time Analysis --
 Wall-clock Time                      : 80 us
 - Non I/O Handling Time (Estimated)  : 80 us
 - I/O Handling Time                  : 0 us
        - Read Syscall                : 0 us
        - Write Syscall               : 0 us
        - Page Fault                  : 0 us
        - io_uring                    : 0 us

-- I/O Counts --
 Read Syscall Count                   : 0
 Write Syscall Count                  : 0
 Block I/O Count                      : 0
 io_uring Completion Count            : 0

-- Total I/O Time (block device) --
 Total Block I/O Time           : 0

-- Page Faults & Bytes --
 Page Fault Count               : 0
 Read Bytes                     : 0
 Write Bytes                    : 0
 Block Read Bytes               : 0
 Block Write Bytes              : 0
[===============================================]

[===============================================]
Result of node_idx 26 in node_object 0: Copy (NC, X32)

-- Elapsed Time Analysis --
 Wall-clock Time                      : 76 us
 - Non I/O Handling Time (Estimated)  : 76 us
 - I/O Handling Time                  : 0 us
        - Read Syscall                : 0 us
        - Write Syscall               : 0 us
        - Page Fault                  : 0 us
        - io_uring                    : 0 us

-- I/O Counts --
 Read Syscall Count                   : 0
 Write Syscall Count                  : 0
 Block I/O Count                      : 0
 io_uring Completion Count            : 0

-- Total I/O Time (block device) --
 Total Block I/O Time           : 0

-- Page Faults & Bytes --
 Page Fault Count               : 0
 Read Bytes                     : 0
 Write Bytes                    : 0
 Block Read Bytes               : 0
 Block Write Bytes              : 0
[===============================================]

[===============================================]
Result of node_idx 26 in node_object 1: Copy (NC, X32)

-- Elapsed Time Analysis --
 Wall-clock Time                      : 68 us
 - Non I/O Handling Time (Estimated)  : 68 us
 - I/O Handling Time                  : 0 us
        - Read Syscall                : 0 us
        - Write Syscall               : 0 us
        - Page Fault                  : 0 us
        - io_uring                    : 0 us

-- I/O Counts --
 Read Syscall Count                   : 0
 Write Syscall Count                  : 0
 Block I/O Count                      : 0
 io_uring Completion Count            : 0

-- Total I/O Time (block device) --
 Total Block I/O Time           : 0

-- Page Faults & Bytes --
 Page Fault Count               : 0
 Read Bytes                     : 0
 Write Bytes                    : 0
 Block Read Bytes               : 0
 Block Write Bytes              : 0
[===============================================]

[===============================================]
Result of node_idx 27 in node_object 0: Transpose (ND, X32)

-- Elapsed Time Analysis --
 Wall-clock Time                      : 2 us
 - Non I/O Handling Time (Estimated)  : 2 us
 - I/O Handling Time                  : 0 us
        - Read Syscall                : 0 us
        - Write Syscall               : 0 us
        - Page Fault                  : 0 us
        - io_uring                    : 0 us

-- I/O Counts --
 Read Syscall Count                   : 0
 Write Syscall Count                  : 0
 Block I/O Count                      : 0
 io_uring Completion Count            : 0

-- Total I/O Time (block device) --
 Total Block I/O Time           : 0

-- Page Faults & Bytes --
 Page Fault Count               : 0
 Read Bytes                     : 0
 Write Bytes                    : 0
 Block Read Bytes               : 0
 Block Write Bytes              : 0
[===============================================]

[===============================================]
Result of node_idx 0 in node_object 0: Multiply (ND)

-- Elapsed Time Analysis --
 Wall-clock Time                      : 70 us
 - Non I/O Handling Time (Estimated)  : 70 us
 - I/O Handling Time                  : 0 us
        - Read Syscall                : 0 us
        - Write Syscall               : 0 us
        - Page Fault                  : 0 us
        - io_uring                    : 0 us

-- I/O Counts --
 Read Syscall Count                   : 0
 Write Syscall Count                  : 0
 Block I/O Count                      : 0
 io_uring Completion Count            : 0

-- Total I/O Time (block device) --
 Total Block I/O Time           : 0

-- Page Faults & Bytes --
 Page Fault Count               : 0
 Read Bytes                     : 0
 Write Bytes                    : 0
 Block Read Bytes               : 0
 Block Write Bytes              : 0
[===============================================]

[===============================================]
Result of node_idx 1 in node_object 0: Transpose (ND, X32)

-- Elapsed Time Analysis --
 Wall-clock Time                      : 3 us
 - Non I/O Handling Time (Estimated)  : 3 us
 - I/O Handling Time                  : 0 us
        - Read Syscall                : 0 us
        - Write Syscall               : 0 us
        - Page Fault                  : 0 us
        - io_uring                    : 0 us

-- I/O Counts --
 Read Syscall Count                   : 0
 Write Syscall Count                  : 0
 Block I/O Count                      : 0
 io_uring Completion Count            : 0

-- Total I/O Time (block device) --
 Total Block I/O Time           : 0

-- Page Faults & Bytes --
 Page Fault Count               : 0
 Read Bytes                     : 0
 Write Bytes                    : 0
 Block Read Bytes               : 0
 Block Write Bytes              : 0
[===============================================]

[===============================================]
Result of node_idx 2 in node_object 0: Transpose (ND, X32)

-- Elapsed Time Analysis --
 Wall-clock Time                      : 97 us
 - Non I/O Handling Time (Estimated)  : 97 us
 - I/O Handling Time                  : 0 us
        - Read Syscall                : 0 us
        - Write Syscall               : 0 us
        - Page Fault                  : 0 us
        - io_uring                    : 0 us

-- I/O Counts --
 Read Syscall Count                   : 0
 Write Syscall Count                  : 0
 Block I/O Count                      : 0
 io_uring Completion Count            : 0

-- Total I/O Time (block device) --
 Total Block I/O Time           : 0

-- Page Faults & Bytes --
 Page Fault Count               : 0
 Read Bytes                     : 0
 Write Bytes                    : 0
 Block Read Bytes               : 0
 Block Write Bytes              : 0
[===============================================]

[===============================================]
Result of node_idx 3 in node_object 0: Static Reshape (NC)

-- Elapsed Time Analysis --
 Wall-clock Time                      : 2 us
 - Non I/O Handling Time (Estimated)  : 2 us
 - I/O Handling Time                  : 0 us
        - Read Syscall                : 0 us
        - Write Syscall               : 0 us
        - Page Fault                  : 0 us
        - io_uring                    : 0 us

-- I/O Counts --
 Read Syscall Count                   : 0
 Write Syscall Count                  : 0
 Block I/O Count                      : 0
 io_uring Completion Count            : 0

-- Total I/O Time (block device) --
 Total Block I/O Time           : 0

-- Page Faults & Bytes --
 Page Fault Count               : 0
 Read Bytes                     : 0
 Write Bytes                    : 0
 Block Read Bytes               : 0
 Block Write Bytes              : 0
[===============================================]

[===============================================]
Result of node_idx 4 in node_object 0: Static Reshape (NC)

-- Elapsed Time Analysis --
 Wall-clock Time                      : 2 us
 - Non I/O Handling Time (Estimated)  : 2 us
 - I/O Handling Time                  : 0 us
        - Read Syscall                : 0 us
        - Write Syscall               : 0 us
        - Page Fault                  : 0 us
        - io_uring                    : 0 us

-- I/O Counts --
 Read Syscall Count                   : 0
 Write Syscall Count                  : 0
 Block I/O Count                      : 0
 io_uring Completion Count            : 0

-- Total I/O Time (block device) --
 Total Block I/O Time           : 0

-- Page Faults & Bytes --
 Page Fault Count               : 0
 Read Bytes                     : 0
 Write Bytes                    : 0
 Block Read Bytes               : 0
 Block Write Bytes              : 0
[===============================================]

[===============================================]
Result of node_idx 5 in node_object 0: Batch Matrix Multiply (NC, F32)

-- Elapsed Time Analysis --
 Wall-clock Time                      : 209 us
 - Non I/O Handling Time (Estimated)  : 209 us
 - I/O Handling Time                  : 0 us
        - Read Syscall                : 0 us
        - Write Syscall               : 0 us
        - Page Fault                  : 0 us
        - io_uring                    : 0 us

-- I/O Counts --
 Read Syscall Count                   : 0
 Write Syscall Count                  : 0
 Block I/O Count                      : 0
 io_uring Completion Count            : 0

-- Total I/O Time (block device) --
 Total Block I/O Time           : 0

-- Page Faults & Bytes --
 Page Fault Count               : 0
 Read Bytes                     : 0
 Write Bytes                    : 0
 Block Read Bytes               : 0
 Block Write Bytes              : 0
[===============================================]

[===============================================]
Result of node_idx 6 in node_object 0: Static Reshape (NC)

-- Elapsed Time Analysis --
 Wall-clock Time                      : 3 us
 - Non I/O Handling Time (Estimated)  : 3 us
 - I/O Handling Time                  : 0 us
        - Read Syscall                : 0 us
        - Write Syscall               : 0 us
        - Page Fault                  : 0 us
        - io_uring                    : 0 us

-- I/O Counts --
 Read Syscall Count                   : 0
 Write Syscall Count                  : 0
 Block I/O Count                      : 0
 io_uring Completion Count            : 0

-- Total I/O Time (block device) --
 Total Block I/O Time           : 0

-- Page Faults & Bytes --
 Page Fault Count               : 0
 Read Bytes                     : 0
 Write Bytes                    : 0
 Block Read Bytes               : 0
 Block Write Bytes              : 0
[===============================================]

[===============================================]
Result of node_idx 7 in node_object 0: Add (ND)

-- Elapsed Time Analysis --
 Wall-clock Time                      : 79 us
 - Non I/O Handling Time (Estimated)  : 79 us
 - I/O Handling Time                  : 0 us
        - Read Syscall                : 0 us
        - Write Syscall               : 0 us
        - Page Fault                  : 0 us
        - io_uring                    : 0 us

-- I/O Counts --
 Read Syscall Count                   : 0
 Write Syscall Count                  : 0
 Block I/O Count                      : 0
 io_uring Completion Count            : 0

-- Total I/O Time (block device) --
 Total Block I/O Time           : 0

-- Page Faults & Bytes --
 Page Fault Count               : 0
 Read Bytes                     : 0
 Write Bytes                    : 0
 Block Read Bytes               : 0
 Block Write Bytes              : 0
[===============================================]

[===============================================]
Result of node_idx 8 in node_object 0: Softmax (NC, F32)

-- Elapsed Time Analysis --
 Wall-clock Time                      : 93 us
 - Non I/O Handling Time (Estimated)  : 93 us
 - I/O Handling Time                  : 0 us
        - Read Syscall                : 0 us
        - Write Syscall               : 0 us
        - Page Fault                  : 0 us
        - io_uring                    : 0 us

-- I/O Counts --
 Read Syscall Count                   : 0
 Write Syscall Count                  : 0
 Block I/O Count                      : 0
 io_uring Completion Count            : 0

-- Total I/O Time (block device) --
 Total Block I/O Time           : 0

-- Page Faults & Bytes --
 Page Fault Count               : 0
 Read Bytes                     : 0
 Write Bytes                    : 0
 Block Read Bytes               : 0
 Block Write Bytes              : 0
[===============================================]

[===============================================]
Result of node_idx 9 in node_object 0: Transpose (ND, X32)

-- Elapsed Time Analysis --
 Wall-clock Time                      : 116 us
 - Non I/O Handling Time (Estimated)  : 116 us
 - I/O Handling Time                  : 0 us
        - Read Syscall                : 0 us
        - Write Syscall               : 0 us
        - Page Fault                  : 0 us
        - io_uring                    : 0 us

-- I/O Counts --
 Read Syscall Count                   : 0
 Write Syscall Count                  : 0
 Block I/O Count                      : 0
 io_uring Completion Count            : 0

-- Total I/O Time (block device) --
 Total Block I/O Time           : 0

-- Page Faults & Bytes --
 Page Fault Count               : 0
 Read Bytes                     : 0
 Write Bytes                    : 0
 Block Read Bytes               : 0
 Block Write Bytes              : 0
[===============================================]

[===============================================]
Result of node_idx 10 in node_object 0: Static Reshape (NC)

-- Elapsed Time Analysis --
 Wall-clock Time                      : 2 us
 - Non I/O Handling Time (Estimated)  : 2 us
 - I/O Handling Time                  : 0 us
        - Read Syscall                : 0 us
        - Write Syscall               : 0 us
        - Page Fault                  : 0 us
        - io_uring                    : 0 us

-- I/O Counts --
 Read Syscall Count                   : 0
 Write Syscall Count                  : 0
 Block I/O Count                      : 0
 io_uring Completion Count            : 0

-- Total I/O Time (block device) --
 Total Block I/O Time           : 0

-- Page Faults & Bytes --
 Page Fault Count               : 0
 Read Bytes                     : 0
 Write Bytes                    : 0
 Block Read Bytes               : 0
 Block Write Bytes              : 0
[===============================================]

[===============================================]
Result of node_idx 11 in node_object 0: Static Reshape (NC)

-- Elapsed Time Analysis --
 Wall-clock Time                      : 2 us
 - Non I/O Handling Time (Estimated)  : 2 us
 - I/O Handling Time                  : 0 us
        - Read Syscall                : 0 us
        - Write Syscall               : 0 us
        - Page Fault                  : 0 us
        - io_uring                    : 0 us

-- I/O Counts --
 Read Syscall Count                   : 0
 Write Syscall Count                  : 0
 Block I/O Count                      : 0
 io_uring Completion Count            : 0

-- Total I/O Time (block device) --
 Total Block I/O Time           : 0

-- Page Faults & Bytes --
 Page Fault Count               : 0
 Read Bytes                     : 0
 Write Bytes                    : 0
 Block Read Bytes               : 0
 Block Write Bytes              : 0
[===============================================]

[===============================================]
Result of node_idx 12 in node_object 0: Batch Matrix Multiply (NC, F32)

-- Elapsed Time Analysis --
 Wall-clock Time                      : 217 us
 - Non I/O Handling Time (Estimated)  : 217 us
 - I/O Handling Time                  : 0 us
        - Read Syscall                : 0 us
        - Write Syscall               : 0 us
        - Page Fault                  : 0 us
        - io_uring                    : 0 us

-- I/O Counts --
 Read Syscall Count                   : 0
 Write Syscall Count                  : 0
 Block I/O Count                      : 0
 io_uring Completion Count            : 0

-- Total I/O Time (block device) --
 Total Block I/O Time           : 0

-- Page Faults & Bytes --
 Page Fault Count               : 0
 Read Bytes                     : 0
 Write Bytes                    : 0
 Block Read Bytes               : 0
 Block Write Bytes              : 0
[===============================================]

[===============================================]
Result of node_idx 13 in node_object 0: Static Reshape (NC)

-- Elapsed Time Analysis --
 Wall-clock Time                      : 2 us
 - Non I/O Handling Time (Estimated)  : 2 us
 - I/O Handling Time                  : 0 us
        - Read Syscall                : 0 us
        - Write Syscall               : 0 us
        - Page Fault                  : 0 us
        - io_uring                    : 0 us

-- I/O Counts --
 Read Syscall Count                   : 0
 Write Syscall Count                  : 0
 Block I/O Count                      : 0
 io_uring Completion Count            : 0

-- Total I/O Time (block device) --
 Total Block I/O Time           : 0

-- Page Faults & Bytes --
 Page Fault Count               : 0
 Read Bytes                     : 0
 Write Bytes                    : 0
 Block Read Bytes               : 0
 Block Write Bytes              : 0
[===============================================]

[===============================================]
Result of node_idx 14 in node_object 0: Transpose (ND, X32)

-- Elapsed Time Analysis --
 Wall-clock Time                      : 3 us
 - Non I/O Handling Time (Estimated)  : 3 us
 - I/O Handling Time                  : 0 us
        - Read Syscall                : 0 us
        - Write Syscall               : 0 us
        - Page Fault                  : 0 us
        - io_uring                    : 0 us

-- I/O Counts --
 Read Syscall Count                   : 0
 Write Syscall Count                  : 0
 Block I/O Count                      : 0
 io_uring Completion Count            : 0

-- Total I/O Time (block device) --
 Total Block I/O Time           : 0

-- Page Faults & Bytes --
 Page Fault Count               : 0
 Read Bytes                     : 0
 Write Bytes                    : 0
 Block Read Bytes               : 0
 Block Write Bytes              : 0
[===============================================]

[===============================================]
Result of node_idx 15 in node_object 0: Static Reshape (NC)

-- Elapsed Time Analysis --
 Wall-clock Time                      : 2 us
 - Non I/O Handling Time (Estimated)  : 2 us
 - I/O Handling Time                  : 0 us
        - Read Syscall                : 0 us
        - Write Syscall               : 0 us
        - Page Fault                  : 0 us
        - io_uring                    : 0 us

-- I/O Counts --
 Read Syscall Count                   : 0
 Write Syscall Count                  : 0
 Block I/O Count                      : 0
 io_uring Completion Count            : 0

-- Total I/O Time (block device) --
 Total Block I/O Time           : 0

-- Page Faults & Bytes --
 Page Fault Count               : 0
 Read Bytes                     : 0
 Write Bytes                    : 0
 Block Read Bytes               : 0
 Block Write Bytes              : 0
[===============================================]

[===============================================]
Result of node_idx 16 in node_object 0: Fully Connected (NC, QDU8, F32, QC8W)

-- Elapsed Time Analysis --
 Wall-clock Time                      : 563 us
 - Non I/O Handling Time (Estimated)  : 109 us
 - I/O Handling Time                  : 454 us
        - Read Syscall                : 0 us
        - Write Syscall               : 0 us
        - Page Fault                  : 454 us
        - io_uring                    : 0 us

-- I/O Counts --
 Read Syscall Count                   : 0
 Write Syscall Count                  : 0
 Block I/O Count                      : 2
 io_uring Completion Count            : 0

-- Total I/O Time (block device) --
 Total Block I/O Time           : 810

-- Page Faults & Bytes --
 Page Fault Count               : 4
 Read Bytes                     : 0
 Write Bytes                    : 0
 Block Read Bytes               : 49152
 Block Write Bytes              : 0
[===============================================]

[===============================================]
Result of node_idx 17 in node_object 0: Add (ND)

-- Elapsed Time Analysis --
 Wall-clock Time                      : 23 us
 - Non I/O Handling Time (Estimated)  : 23 us
 - I/O Handling Time                  : 0 us
        - Read Syscall                : 0 us
        - Write Syscall               : 0 us
        - Page Fault                  : 0 us
        - io_uring                    : 0 us

-- I/O Counts --
 Read Syscall Count                   : 0
 Write Syscall Count                  : 0
 Block I/O Count                      : 0
 io_uring Completion Count            : 0

-- Total I/O Time (block device) --
 Total Block I/O Time           : 0

-- Page Faults & Bytes --
 Page Fault Count               : 0
 Read Bytes                     : 0
 Write Bytes                    : 0
 Block Read Bytes               : 0
 Block Write Bytes              : 0
[===============================================]

[===============================================]
Result of node_idx 0 in node_object 0: Multiply (ND)

-- Elapsed Time Analysis --
 Wall-clock Time                      : 84 us
 - Non I/O Handling Time (Estimated)  : 84 us
 - I/O Handling Time                  : 0 us
        - Read Syscall                : 0 us
        - Write Syscall               : 0 us
        - Page Fault                  : 0 us
        - io_uring                    : 0 us

-- I/O Counts --
 Read Syscall Count                   : 0
 Write Syscall Count                  : 0
 Block I/O Count                      : 0
 io_uring Completion Count            : 0

-- Total I/O Time (block device) --
 Total Block I/O Time           : 0

-- Page Faults & Bytes --
 Page Fault Count               : 0
 Read Bytes                     : 0
 Write Bytes                    : 0
 Block Read Bytes               : 0
 Block Write Bytes              : 0
[===============================================]

[===============================================]
Result of node_idx 1 in node_object 0: Sum (ND)

-- Elapsed Time Analysis --
 Wall-clock Time                      : 90 us
 - Non I/O Handling Time (Estimated)  : 90 us
 - I/O Handling Time                  : 0 us
        - Read Syscall                : 0 us
        - Write Syscall               : 0 us
        - Page Fault                  : 0 us
        - io_uring                    : 0 us

-- I/O Counts --
 Read Syscall Count                   : 0
 Write Syscall Count                  : 0
 Block I/O Count                      : 0
 io_uring Completion Count            : 0

-- Total I/O Time (block device) --
 Total Block I/O Time           : 0

-- Page Faults & Bytes --
 Page Fault Count               : 0
 Read Bytes                     : 0
 Write Bytes                    : 0
 Block Read Bytes               : 0
 Block Write Bytes              : 0
[===============================================]

[===============================================]
Result of node_idx 2 in node_object 0: Multiply (ND)

-- Elapsed Time Analysis --
 Wall-clock Time                      : 3 us
 - Non I/O Handling Time (Estimated)  : 3 us
 - I/O Handling Time                  : 0 us
        - Read Syscall                : 0 us
        - Write Syscall               : 0 us
        - Page Fault                  : 0 us
        - io_uring                    : 0 us

-- I/O Counts --
 Read Syscall Count                   : 0
 Write Syscall Count                  : 0
 Block I/O Count                      : 0
 io_uring Completion Count            : 0

-- Total I/O Time (block device) --
 Total Block I/O Time           : 0

-- Page Faults & Bytes --
 Page Fault Count               : 0
 Read Bytes                     : 0
 Write Bytes                    : 0
 Block Read Bytes               : 0
 Block Write Bytes              : 0
[===============================================]

[===============================================]
Result of node_idx 3 in node_object 0: Add (ND)

-- Elapsed Time Analysis --
 Wall-clock Time                      : 2 us
 - Non I/O Handling Time (Estimated)  : 2 us
 - I/O Handling Time                  : 0 us
        - Read Syscall                : 0 us
        - Write Syscall               : 0 us
        - Page Fault                  : 0 us
        - io_uring                    : 0 us

-- I/O Counts --
 Read Syscall Count                   : 0
 Write Syscall Count                  : 0
 Block I/O Count                      : 0
 io_uring Completion Count            : 0

-- Total I/O Time (block device) --
 Total Block I/O Time           : 0

-- Page Faults & Bytes --
 Page Fault Count               : 0
 Read Bytes                     : 0
 Write Bytes                    : 0
 Block Read Bytes               : 0
 Block Write Bytes              : 0
[===============================================]

[===============================================]
Result of node_idx 4 in node_object 0: Static Reshape (NC)

-- Elapsed Time Analysis --
 Wall-clock Time                      : 2 us
 - Non I/O Handling Time (Estimated)  : 2 us
 - I/O Handling Time                  : 0 us
        - Read Syscall                : 0 us
        - Write Syscall               : 0 us
        - Page Fault                  : 0 us
        - io_uring                    : 0 us

-- I/O Counts --
 Read Syscall Count                   : 0
 Write Syscall Count                  : 0
 Block I/O Count                      : 0
 io_uring Completion Count            : 0

-- Total I/O Time (block device) --
 Total Block I/O Time           : 0

-- Page Faults & Bytes --
 Page Fault Count               : 0
 Read Bytes                     : 0
 Write Bytes                    : 0
 Block Read Bytes               : 0
 Block Write Bytes              : 0
[===============================================]

[===============================================]
Result of node_idx 5 in node_object 0: Reciprocal Square Root (NC)

-- Elapsed Time Analysis --
 Wall-clock Time                      : 2 us
 - Non I/O Handling Time (Estimated)  : 2 us
 - I/O Handling Time                  : 0 us
        - Read Syscall                : 0 us
        - Write Syscall               : 0 us
        - Page Fault                  : 0 us
        - io_uring                    : 0 us

-- I/O Counts --
 Read Syscall Count                   : 0
 Write Syscall Count                  : 0
 Block I/O Count                      : 0
 io_uring Completion Count            : 0

-- Total I/O Time (block device) --
 Total Block I/O Time           : 0

-- Page Faults & Bytes --
 Page Fault Count               : 0
 Read Bytes                     : 0
 Write Bytes                    : 0
 Block Read Bytes               : 0
 Block Write Bytes              : 0
[===============================================]

[===============================================]
Result of node_idx 6 in node_object 0: Multiply (ND)

-- Elapsed Time Analysis --
 Wall-clock Time                      : 87 us
 - Non I/O Handling Time (Estimated)  : 87 us
 - I/O Handling Time                  : 0 us
        - Read Syscall                : 0 us
        - Write Syscall               : 0 us
        - Page Fault                  : 0 us
        - io_uring                    : 0 us

-- I/O Counts --
 Read Syscall Count                   : 0
 Write Syscall Count                  : 0
 Block I/O Count                      : 0
 io_uring Completion Count            : 0

-- Total I/O Time (block device) --
 Total Block I/O Time           : 0

-- Page Faults & Bytes --
 Page Fault Count               : 0
 Read Bytes                     : 0
 Write Bytes                    : 0
 Block Read Bytes               : 0
 Block Write Bytes              : 0
[===============================================]

[===============================================]
Result of node_idx 7 in node_object 0: Multiply (ND)

-- Elapsed Time Analysis --
 Wall-clock Time                      : 27 us
 - Non I/O Handling Time (Estimated)  : 27 us
 - I/O Handling Time                  : 0 us
        - Read Syscall                : 0 us
        - Write Syscall               : 0 us
        - Page Fault                  : 0 us
        - io_uring                    : 0 us

-- I/O Counts --
 Read Syscall Count                   : 0
 Write Syscall Count                  : 0
 Block I/O Count                      : 0
 io_uring Completion Count            : 0

-- Total I/O Time (block device) --
 Total Block I/O Time           : 0

-- Page Faults & Bytes --
 Page Fault Count               : 0
 Read Bytes                     : 0
 Write Bytes                    : 0
 Block Read Bytes               : 0
 Block Write Bytes              : 0
[===============================================]

[===============================================]
Result of node_idx 0 in node_object 0: Fully Connected (NC, QDU8, F32, QC8W)

-- Elapsed Time Analysis --
 Wall-clock Time                      : 1077 us
 - Non I/O Handling Time (Estimated)  : 299 us
 - I/O Handling Time                  : 778 us
        - Read Syscall                : 0 us
        - Write Syscall               : 0 us
        - Page Fault                  : 778 us
        - io_uring                    : 0 us

-- I/O Counts --
 Read Syscall Count                   : 0
 Write Syscall Count                  : 0
 Block I/O Count                      : 3
 io_uring Completion Count            : 0

-- Total I/O Time (block device) --
 Total Block I/O Time           : 678

-- Page Faults & Bytes --
 Page Fault Count               : 8
 Read Bytes                     : 0
 Write Bytes                    : 0
 Block Read Bytes               : 65536
 Block Write Bytes              : 0
[===============================================]

[===============================================]
Result of node_idx 1 in node_object 0: Sigmoid (NC)

-- Elapsed Time Analysis --
 Wall-clock Time                      : 86 us
 - Non I/O Handling Time (Estimated)  : 86 us
 - I/O Handling Time                  : 0 us
        - Read Syscall                : 0 us
        - Write Syscall               : 0 us
        - Page Fault                  : 0 us
        - io_uring                    : 0 us

-- I/O Counts --
 Read Syscall Count                   : 0
 Write Syscall Count                  : 0
 Block I/O Count                      : 0
 io_uring Completion Count            : 0

-- Total I/O Time (block device) --
 Total Block I/O Time           : 0

-- Page Faults & Bytes --
 Page Fault Count               : 0
 Read Bytes                     : 0
 Write Bytes                    : 0
 Block Read Bytes               : 0
 Block Write Bytes              : 0
[===============================================]

[===============================================]
Result of node_idx 2 in node_object 0: Multiply (ND)

-- Elapsed Time Analysis --
 Wall-clock Time                      : 90 us
 - Non I/O Handling Time (Estimated)  : 90 us
 - I/O Handling Time                  : 0 us
        - Read Syscall                : 0 us
        - Write Syscall               : 0 us
        - Page Fault                  : 0 us
        - io_uring                    : 0 us

-- I/O Counts --
 Read Syscall Count                   : 0
 Write Syscall Count                  : 0
 Block I/O Count                      : 0
 io_uring Completion Count            : 0

-- Total I/O Time (block device) --
 Total Block I/O Time           : 0

-- Page Faults & Bytes --
 Page Fault Count               : 0
 Read Bytes                     : 0
 Write Bytes                    : 0
 Block Read Bytes               : 0
 Block Write Bytes              : 0
[===============================================]

[===============================================]
Result of node_idx 3 in node_object 0: Fully Connected (NC, QDU8, F32, QC8W)

-- Elapsed Time Analysis --
 Wall-clock Time                      : 724 us
 - Non I/O Handling Time (Estimated)  : 119 us
 - I/O Handling Time                  : 605 us
        - Read Syscall                : 0 us
        - Write Syscall               : 0 us
        - Page Fault                  : 605 us
        - io_uring                    : 0 us

-- I/O Counts --
 Read Syscall Count                   : 0
 Write Syscall Count                  : 0
 Block I/O Count                      : 1
 io_uring Completion Count            : 0

-- Total I/O Time (block device) --
 Total Block I/O Time           : 496

-- Page Faults & Bytes --
 Page Fault Count               : 3
 Read Bytes                     : 0
 Write Bytes                    : 0
 Block Read Bytes               : 131072
 Block Write Bytes              : 0
[===============================================]

[===============================================]
Result of node_idx 4 in node_object 0: Multiply (ND)

-- Elapsed Time Analysis --
 Wall-clock Time                      : 84 us
 - Non I/O Handling Time (Estimated)  : 84 us
 - I/O Handling Time                  : 0 us
        - Read Syscall                : 0 us
        - Write Syscall               : 0 us
        - Page Fault                  : 0 us
        - io_uring                    : 0 us

-- I/O Counts --
 Read Syscall Count                   : 0
 Write Syscall Count                  : 0
 Block I/O Count                      : 0
 io_uring Completion Count            : 0

-- Total I/O Time (block device) --
 Total Block I/O Time           : 0

-- Page Faults & Bytes --
 Page Fault Count               : 0
 Read Bytes                     : 0
 Write Bytes                    : 0
 Block Read Bytes               : 0
 Block Write Bytes              : 0
[===============================================]

[===============================================]
Result of node_idx 5 in node_object 0: Fully Connected (NC, QDU8, F32, QC8W)

-- Elapsed Time Analysis --
 Wall-clock Time                      : 1159 us
 - Non I/O Handling Time (Estimated)  : 122 us
 - I/O Handling Time                  : 1037 us
        - Read Syscall                : 0 us
        - Write Syscall               : 0 us
        - Page Fault                  : 1037 us
        - io_uring                    : 0 us

-- I/O Counts --
 Read Syscall Count                   : 0
 Write Syscall Count                  : 0
 Block I/O Count                      : 2
 io_uring Completion Count            : 0

-- Total I/O Time (block device) --
 Total Block I/O Time           : 132

-- Page Faults & Bytes --
 Page Fault Count               : 9
 Read Bytes                     : 0
 Write Bytes                    : 0
 Block Read Bytes               : 12288
 Block Write Bytes              : 0
[===============================================]

[===============================================]
Result of node_idx 6 in node_object 0: Add (ND)

-- Elapsed Time Analysis --
 Wall-clock Time                      : 22 us
 - Non I/O Handling Time (Estimated)  : 22 us
 - I/O Handling Time                  : 0 us
        - Read Syscall                : 0 us
        - Write Syscall               : 0 us
        - Page Fault                  : 0 us
        - io_uring                    : 0 us

-- I/O Counts --
 Read Syscall Count                   : 0
 Write Syscall Count                  : 0
 Block I/O Count                      : 0
 io_uring Completion Count            : 0

-- Total I/O Time (block device) --
 Total Block I/O Time           : 0

-- Page Faults & Bytes --
 Page Fault Count               : 0
 Read Bytes                     : 0
 Write Bytes                    : 0
 Block Read Bytes               : 0
 Block Write Bytes              : 0
[===============================================]

[===============================================]
Result of node_idx 0 in node_object 0: Multiply (ND)

-- Elapsed Time Analysis --
 Wall-clock Time                      : 97 us
 - Non I/O Handling Time (Estimated)  : 97 us
 - I/O Handling Time                  : 0 us
        - Read Syscall                : 0 us
        - Write Syscall               : 0 us
        - Page Fault                  : 0 us
        - io_uring                    : 0 us

-- I/O Counts --
 Read Syscall Count                   : 0
 Write Syscall Count                  : 0
 Block I/O Count                      : 0
 io_uring Completion Count            : 0

-- Total I/O Time (block device) --
 Total Block I/O Time           : 0

-- Page Faults & Bytes --
 Page Fault Count               : 0
 Read Bytes                     : 0
 Write Bytes                    : 0
 Block Read Bytes               : 0
 Block Write Bytes              : 0
[===============================================]

[===============================================]
Result of node_idx 1 in node_object 0: Sum (ND)

-- Elapsed Time Analysis --
 Wall-clock Time                      : 111 us
 - Non I/O Handling Time (Estimated)  : 111 us
 - I/O Handling Time                  : 0 us
        - Read Syscall                : 0 us
        - Write Syscall               : 0 us
        - Page Fault                  : 0 us
        - io_uring                    : 0 us

-- I/O Counts --
 Read Syscall Count                   : 0
 Write Syscall Count                  : 0
 Block I/O Count                      : 0
 io_uring Completion Count            : 0

-- Total I/O Time (block device) --
 Total Block I/O Time           : 0

-- Page Faults & Bytes --
 Page Fault Count               : 0
 Read Bytes                     : 0
 Write Bytes                    : 0
 Block Read Bytes               : 0
 Block Write Bytes              : 0
[===============================================]

[===============================================]
Result of node_idx 2 in node_object 0: Multiply (ND)

-- Elapsed Time Analysis --
 Wall-clock Time                      : 3 us
 - Non I/O Handling Time (Estimated)  : 3 us
 - I/O Handling Time                  : 0 us
        - Read Syscall                : 0 us
        - Write Syscall               : 0 us
        - Page Fault                  : 0 us
        - io_uring                    : 0 us

-- I/O Counts --
 Read Syscall Count                   : 0
 Write Syscall Count                  : 0
 Block I/O Count                      : 0
 io_uring Completion Count            : 0

-- Total I/O Time (block device) --
 Total Block I/O Time           : 0

-- Page Faults & Bytes --
 Page Fault Count               : 0
 Read Bytes                     : 0
 Write Bytes                    : 0
 Block Read Bytes               : 0
 Block Write Bytes              : 0
[===============================================]

[===============================================]
Result of node_idx 3 in node_object 0: Add (ND)

-- Elapsed Time Analysis --
 Wall-clock Time                      : 3 us
 - Non I/O Handling Time (Estimated)  : 3 us
 - I/O Handling Time                  : 0 us
        - Read Syscall                : 0 us
        - Write Syscall               : 0 us
        - Page Fault                  : 0 us
        - io_uring                    : 0 us

-- I/O Counts --
 Read Syscall Count                   : 0
 Write Syscall Count                  : 0
 Block I/O Count                      : 0
 io_uring Completion Count            : 0

-- Total I/O Time (block device) --
 Total Block I/O Time           : 0

-- Page Faults & Bytes --
 Page Fault Count               : 0
 Read Bytes                     : 0
 Write Bytes                    : 0
 Block Read Bytes               : 0
 Block Write Bytes              : 0
[===============================================]

[===============================================]
Result of node_idx 4 in node_object 0: Static Reshape (NC)

-- Elapsed Time Analysis --
 Wall-clock Time                      : 3 us
 - Non I/O Handling Time (Estimated)  : 3 us
 - I/O Handling Time                  : 0 us
        - Read Syscall                : 0 us
        - Write Syscall               : 0 us
        - Page Fault                  : 0 us
        - io_uring                    : 0 us

-- I/O Counts --
 Read Syscall Count                   : 0
 Write Syscall Count                  : 0
 Block I/O Count                      : 0
 io_uring Completion Count            : 0

-- Total I/O Time (block device) --
 Total Block I/O Time           : 0

-- Page Faults & Bytes --
 Page Fault Count               : 0
 Read Bytes                     : 0
 Write Bytes                    : 0
 Block Read Bytes               : 0
 Block Write Bytes              : 0
[===============================================]

[===============================================]
Result of node_idx 5 in node_object 0: Reciprocal Square Root (NC)

-- Elapsed Time Analysis --
 Wall-clock Time                      : 3 us
 - Non I/O Handling Time (Estimated)  : 3 us
 - I/O Handling Time                  : 0 us
        - Read Syscall                : 0 us
        - Write Syscall               : 0 us
        - Page Fault                  : 0 us
        - io_uring                    : 0 us

-- I/O Counts --
 Read Syscall Count                   : 0
 Write Syscall Count                  : 0
 Block I/O Count                      : 0
 io_uring Completion Count            : 0

-- Total I/O Time (block device) --
 Total Block I/O Time           : 0

-- Page Faults & Bytes --
 Page Fault Count               : 0
 Read Bytes                     : 0
 Write Bytes                    : 0
 Block Read Bytes               : 0
 Block Write Bytes              : 0
[===============================================]

[===============================================]
Result of node_idx 6 in node_object 0: Multiply (ND)

-- Elapsed Time Analysis --
 Wall-clock Time                      : 98 us
 - Non I/O Handling Time (Estimated)  : 98 us
 - I/O Handling Time                  : 0 us
        - Read Syscall                : 0 us
        - Write Syscall               : 0 us
        - Page Fault                  : 0 us
        - io_uring                    : 0 us

-- I/O Counts --
 Read Syscall Count                   : 0
 Write Syscall Count                  : 0
 Block I/O Count                      : 0
 io_uring Completion Count            : 0

-- Total I/O Time (block device) --
 Total Block I/O Time           : 0

-- Page Faults & Bytes --
 Page Fault Count               : 0
 Read Bytes                     : 0
 Write Bytes                    : 0
 Block Read Bytes               : 0
 Block Write Bytes              : 0
[===============================================]

[===============================================]
Result of node_idx 7 in node_object 0: Multiply (ND)

-- Elapsed Time Analysis --
 Wall-clock Time                      : 21 us
 - Non I/O Handling Time (Estimated)  : 21 us
 - I/O Handling Time                  : 0 us
        - Read Syscall                : 0 us
        - Write Syscall               : 0 us
        - Page Fault                  : 0 us
        - io_uring                    : 0 us

-- I/O Counts --
 Read Syscall Count                   : 0
 Write Syscall Count                  : 0
 Block I/O Count                      : 0
 io_uring Completion Count            : 0

-- Total I/O Time (block device) --
 Total Block I/O Time           : 0

-- Page Faults & Bytes --
 Page Fault Count               : 0
 Read Bytes                     : 0
 Write Bytes                    : 0
 Block Read Bytes               : 0
 Block Write Bytes              : 0
[===============================================]

[===============================================]
Result of node_idx 0 in node_object 0: Fully Connected (NC, QDU8, F32, QC8W)

-- Elapsed Time Analysis --
 Wall-clock Time                      : 663 us
 - Non I/O Handling Time (Estimated)  : 190 us
 - I/O Handling Time                  : 473 us
        - Read Syscall                : 0 us
        - Write Syscall               : 0 us
        - Page Fault                  : 473 us
        - io_uring                    : 0 us

-- I/O Counts --
 Read Syscall Count                   : 0
 Write Syscall Count                  : 0
 Block I/O Count                      : 2
 io_uring Completion Count            : 0

-- Total I/O Time (block device) --
 Total Block I/O Time           : 672

-- Page Faults & Bytes --
 Page Fault Count               : 2
 Read Bytes                     : 0
 Write Bytes                    : 0
 Block Read Bytes               : 20480
 Block Write Bytes              : 0
[===============================================]

[===============================================]
Result of node_idx 1 in node_object 0: Static Reshape (NC)

-- Elapsed Time Analysis --
 Wall-clock Time                      : 106 us
 - Non I/O Handling Time (Estimated)  : 106 us
 - I/O Handling Time                  : 0 us
        - Read Syscall                : 0 us
        - Write Syscall               : 0 us
        - Page Fault                  : 0 us
        - io_uring                    : 0 us

-- I/O Counts --
 Read Syscall Count                   : 0
 Write Syscall Count                  : 0
 Block I/O Count                      : 0
 io_uring Completion Count            : 0

-- Total I/O Time (block device) --
 Total Block I/O Time           : 0

-- Page Faults & Bytes --
 Page Fault Count               : 0
 Read Bytes                     : 0
 Write Bytes                    : 0
 Block Read Bytes               : 0
 Block Write Bytes              : 0
[===============================================]

[===============================================]
Result of node_idx 2 in node_object 0: Slice (ND, X32)

-- Elapsed Time Analysis --
 Wall-clock Time                      : 102 us
 - Non I/O Handling Time (Estimated)  : 102 us
 - I/O Handling Time                  : 0 us
        - Read Syscall                : 0 us
        - Write Syscall               : 0 us
        - Page Fault                  : 0 us
        - io_uring                    : 0 us

-- I/O Counts --
 Read Syscall Count                   : 0
 Write Syscall Count                  : 0
 Block I/O Count                      : 0
 io_uring Completion Count            : 0

-- Total I/O Time (block device) --
 Total Block I/O Time           : 0

-- Page Faults & Bytes --
 Page Fault Count               : 0
 Read Bytes                     : 0
 Write Bytes                    : 0
 Block Read Bytes               : 0
 Block Write Bytes              : 0
[===============================================]

[===============================================]
Result of node_idx 3 in node_object 0: Slice (ND, X32)

-- Elapsed Time Analysis --
 Wall-clock Time                      : 94 us
 - Non I/O Handling Time (Estimated)  : 94 us
 - I/O Handling Time                  : 0 us
        - Read Syscall                : 0 us
        - Write Syscall               : 0 us
        - Page Fault                  : 0 us
        - io_uring                    : 0 us

-- I/O Counts --
 Read Syscall Count                   : 0
 Write Syscall Count                  : 0
 Block I/O Count                      : 0
 io_uring Completion Count            : 0

-- Total I/O Time (block device) --
 Total Block I/O Time           : 0

-- Page Faults & Bytes --
 Page Fault Count               : 0
 Read Bytes                     : 0
 Write Bytes                    : 0
 Block Read Bytes               : 0
 Block Write Bytes              : 0
[===============================================]

[===============================================]
Result of node_idx 4 in node_object 0: Slice (ND, X32)

-- Elapsed Time Analysis --
 Wall-clock Time                      : 84 us
 - Non I/O Handling Time (Estimated)  : 84 us
 - I/O Handling Time                  : 0 us
        - Read Syscall                : 0 us
        - Write Syscall               : 0 us
        - Page Fault                  : 0 us
        - io_uring                    : 0 us

-- I/O Counts --
 Read Syscall Count                   : 0
 Write Syscall Count                  : 0
 Block I/O Count                      : 0
 io_uring Completion Count            : 0

-- Total I/O Time (block device) --
 Total Block I/O Time           : 0

-- Page Faults & Bytes --
 Page Fault Count               : 0
 Read Bytes                     : 0
 Write Bytes                    : 0
 Block Read Bytes               : 0
 Block Write Bytes              : 0
[===============================================]

[===============================================]
Result of node_idx 5 in node_object 0: Static Reshape (NC)

-- Elapsed Time Analysis --
 Wall-clock Time                      : 4 us
 - Non I/O Handling Time (Estimated)  : 4 us
 - I/O Handling Time                  : 0 us
        - Read Syscall                : 0 us
        - Write Syscall               : 0 us
        - Page Fault                  : 0 us
        - io_uring                    : 0 us

-- I/O Counts --
 Read Syscall Count                   : 0
 Write Syscall Count                  : 0
 Block I/O Count                      : 0
 io_uring Completion Count            : 0

-- Total I/O Time (block device) --
 Total Block I/O Time           : 0

-- Page Faults & Bytes --
 Page Fault Count               : 0
 Read Bytes                     : 0
 Write Bytes                    : 0
 Block Read Bytes               : 0
 Block Write Bytes              : 0
[===============================================]

[===============================================]
Result of node_idx 6 in node_object 0: Transpose (ND, X32)

-- Elapsed Time Analysis --
 Wall-clock Time                      : 4 us
 - Non I/O Handling Time (Estimated)  : 4 us
 - I/O Handling Time                  : 0 us
        - Read Syscall                : 0 us
        - Write Syscall               : 0 us
        - Page Fault                  : 0 us
        - io_uring                    : 0 us

-- I/O Counts --
 Read Syscall Count                   : 0
 Write Syscall Count                  : 0
 Block I/O Count                      : 0
 io_uring Completion Count            : 0

-- Total I/O Time (block device) --
 Total Block I/O Time           : 0

-- Page Faults & Bytes --
 Page Fault Count               : 0
 Read Bytes                     : 0
 Write Bytes                    : 0
 Block Read Bytes               : 0
 Block Write Bytes              : 0
[===============================================]

[===============================================]
Result of node_idx 7 in node_object 0: Slice (ND, X32)

-- Elapsed Time Analysis --
 Wall-clock Time                      : 96 us
 - Non I/O Handling Time (Estimated)  : 96 us
 - I/O Handling Time                  : 0 us
        - Read Syscall                : 0 us
        - Write Syscall               : 0 us
        - Page Fault                  : 0 us
        - io_uring                    : 0 us

-- I/O Counts --
 Read Syscall Count                   : 0
 Write Syscall Count                  : 0
 Block I/O Count                      : 0
 io_uring Completion Count            : 0

-- Total I/O Time (block device) --
 Total Block I/O Time           : 0

-- Page Faults & Bytes --
 Page Fault Count               : 0
 Read Bytes                     : 0
 Write Bytes                    : 0
 Block Read Bytes               : 0
 Block Write Bytes              : 0
[===============================================]

[===============================================]
Result of node_idx 8 in node_object 0: Slice (ND, X32)

-- Elapsed Time Analysis --
 Wall-clock Time                      : 86 us
 - Non I/O Handling Time (Estimated)  : 86 us
 - I/O Handling Time                  : 0 us
        - Read Syscall                : 0 us
        - Write Syscall               : 0 us
        - Page Fault                  : 0 us
        - io_uring                    : 0 us

-- I/O Counts --
 Read Syscall Count                   : 0
 Write Syscall Count                  : 0
 Block I/O Count                      : 0
 io_uring Completion Count            : 0

-- Total I/O Time (block device) --
 Total Block I/O Time           : 0

-- Page Faults & Bytes --
 Page Fault Count               : 0
 Read Bytes                     : 0
 Write Bytes                    : 0
 Block Read Bytes               : 0
 Block Write Bytes              : 0
[===============================================]

[===============================================]
Result of node_idx 9 in node_object 0: Multiply (ND)

-- Elapsed Time Analysis --
 Wall-clock Time                      : 93 us
 - Non I/O Handling Time (Estimated)  : 93 us
 - I/O Handling Time                  : 0 us
        - Read Syscall                : 0 us
        - Write Syscall               : 0 us
        - Page Fault                  : 0 us
        - io_uring                    : 0 us

-- I/O Counts --
 Read Syscall Count                   : 0
 Write Syscall Count                  : 0
 Block I/O Count                      : 0
 io_uring Completion Count            : 0

-- Total I/O Time (block device) --
 Total Block I/O Time           : 0

-- Page Faults & Bytes --
 Page Fault Count               : 0
 Read Bytes                     : 0
 Write Bytes                    : 0
 Block Read Bytes               : 0
 Block Write Bytes              : 0
[===============================================]

[===============================================]
Result of node_idx 10 in node_object 0: Multiply (ND)

-- Elapsed Time Analysis --
 Wall-clock Time                      : 90 us
 - Non I/O Handling Time (Estimated)  : 90 us
 - I/O Handling Time                  : 0 us
        - Read Syscall                : 0 us
        - Write Syscall               : 0 us
        - Page Fault                  : 0 us
        - io_uring                    : 0 us

-- I/O Counts --
 Read Syscall Count                   : 0
 Write Syscall Count                  : 0
 Block I/O Count                      : 0
 io_uring Completion Count            : 0

-- Total I/O Time (block device) --
 Total Block I/O Time           : 0

-- Page Faults & Bytes --
 Page Fault Count               : 0
 Read Bytes                     : 0
 Write Bytes                    : 0
 Block Read Bytes               : 0
 Block Write Bytes              : 0
[===============================================]

[===============================================]
Result of node_idx 11 in node_object 0: Subtract (ND)

-- Elapsed Time Analysis --
 Wall-clock Time                      : 84 us
 - Non I/O Handling Time (Estimated)  : 84 us
 - I/O Handling Time                  : 0 us
        - Read Syscall                : 0 us
        - Write Syscall               : 0 us
        - Page Fault                  : 0 us
        - io_uring                    : 0 us

-- I/O Counts --
 Read Syscall Count                   : 0
 Write Syscall Count                  : 0
 Block I/O Count                      : 0
 io_uring Completion Count            : 0

-- Total I/O Time (block device) --
 Total Block I/O Time           : 0

-- Page Faults & Bytes --
 Page Fault Count               : 0
 Read Bytes                     : 0
 Write Bytes                    : 0
 Block Read Bytes               : 0
 Block Write Bytes              : 0
[===============================================]

[===============================================]
Result of node_idx 12 in node_object 0: Multiply (ND)

-- Elapsed Time Analysis --
 Wall-clock Time                      : 89 us
 - Non I/O Handling Time (Estimated)  : 89 us
 - I/O Handling Time                  : 0 us
        - Read Syscall                : 0 us
        - Write Syscall               : 0 us
        - Page Fault                  : 0 us
        - io_uring                    : 0 us

-- I/O Counts --
 Read Syscall Count                   : 0
 Write Syscall Count                  : 0
 Block I/O Count                      : 0
 io_uring Completion Count            : 0

-- Total I/O Time (block device) --
 Total Block I/O Time           : 0

-- Page Faults & Bytes --
 Page Fault Count               : 0
 Read Bytes                     : 0
 Write Bytes                    : 0
 Block Read Bytes               : 0
 Block Write Bytes              : 0
[===============================================]

[===============================================]
Result of node_idx 13 in node_object 0: Multiply (ND)

-- Elapsed Time Analysis --
 Wall-clock Time                      : 95 us
 - Non I/O Handling Time (Estimated)  : 95 us
 - I/O Handling Time                  : 0 us
        - Read Syscall                : 0 us
        - Write Syscall               : 0 us
        - Page Fault                  : 0 us
        - io_uring                    : 0 us

-- I/O Counts --
 Read Syscall Count                   : 0
 Write Syscall Count                  : 0
 Block I/O Count                      : 0
 io_uring Completion Count            : 0

-- Total I/O Time (block device) --
 Total Block I/O Time           : 0

-- Page Faults & Bytes --
 Page Fault Count               : 0
 Read Bytes                     : 0
 Write Bytes                    : 0
 Block Read Bytes               : 0
 Block Write Bytes              : 0
[===============================================]

[===============================================]
Result of node_idx 14 in node_object 0: Add (ND)

-- Elapsed Time Analysis --
 Wall-clock Time                      : 96 us
 - Non I/O Handling Time (Estimated)  : 96 us
 - I/O Handling Time                  : 0 us
        - Read Syscall                : 0 us
        - Write Syscall               : 0 us
        - Page Fault                  : 0 us
        - io_uring                    : 0 us

-- I/O Counts --
 Read Syscall Count                   : 0
 Write Syscall Count                  : 0
 Block I/O Count                      : 0
 io_uring Completion Count            : 0

-- Total I/O Time (block device) --
 Total Block I/O Time           : 0

-- Page Faults & Bytes --
 Page Fault Count               : 0
 Read Bytes                     : 0
 Write Bytes                    : 0
 Block Read Bytes               : 0
 Block Write Bytes              : 0
[===============================================]

[===============================================]
Result of node_idx 15 in node_object 0: Copy (NC, X32)

-- Elapsed Time Analysis --
 Wall-clock Time                      : 93 us
 - Non I/O Handling Time (Estimated)  : 93 us
 - I/O Handling Time                  : 0 us
        - Read Syscall                : 0 us
        - Write Syscall               : 0 us
        - Page Fault                  : 0 us
        - io_uring                    : 0 us

-- I/O Counts --
 Read Syscall Count                   : 0
 Write Syscall Count                  : 0
 Block I/O Count                      : 0
 io_uring Completion Count            : 0

-- Total I/O Time (block device) --
 Total Block I/O Time           : 0

-- Page Faults & Bytes --
 Page Fault Count               : 0
 Read Bytes                     : 0
 Write Bytes                    : 0
 Block Read Bytes               : 0
 Block Write Bytes              : 0
[===============================================]

[===============================================]
Result of node_idx 15 in node_object 1: Copy (NC, X32)

-- Elapsed Time Analysis --
 Wall-clock Time                      : 89 us
 - Non I/O Handling Time (Estimated)  : 89 us
 - I/O Handling Time                  : 0 us
        - Read Syscall                : 0 us
        - Write Syscall               : 0 us
        - Page Fault                  : 0 us
        - io_uring                    : 0 us

-- I/O Counts --
 Read Syscall Count                   : 0
 Write Syscall Count                  : 0
 Block I/O Count                      : 0
 io_uring Completion Count            : 0

-- Total I/O Time (block device) --
 Total Block I/O Time           : 0

-- Page Faults & Bytes --
 Page Fault Count               : 0
 Read Bytes                     : 0
 Write Bytes                    : 0
 Block Read Bytes               : 0
 Block Write Bytes              : 0
[===============================================]

[===============================================]
Result of node_idx 16 in node_object 0: Transpose (ND, X32)

-- Elapsed Time Analysis --
 Wall-clock Time                      : 6 us
 - Non I/O Handling Time (Estimated)  : 6 us
 - I/O Handling Time                  : 0 us
        - Read Syscall                : 0 us
        - Write Syscall               : 0 us
        - Page Fault                  : 0 us
        - io_uring                    : 0 us

-- I/O Counts --
 Read Syscall Count                   : 0
 Write Syscall Count                  : 0
 Block I/O Count                      : 0
 io_uring Completion Count            : 0

-- Total I/O Time (block device) --
 Total Block I/O Time           : 0

-- Page Faults & Bytes --
 Page Fault Count               : 0
 Read Bytes                     : 0
 Write Bytes                    : 0
 Block Read Bytes               : 0
 Block Write Bytes              : 0
[===============================================]

[===============================================]
Result of node_idx 17 in node_object 0: Transpose (ND, X32)

-- Elapsed Time Analysis --
 Wall-clock Time                      : 3 us
 - Non I/O Handling Time (Estimated)  : 3 us
 - I/O Handling Time                  : 0 us
        - Read Syscall                : 0 us
        - Write Syscall               : 0 us
        - Page Fault                  : 0 us
        - io_uring                    : 0 us

-- I/O Counts --
 Read Syscall Count                   : 0
 Write Syscall Count                  : 0
 Block I/O Count                      : 0
 io_uring Completion Count            : 0

-- Total I/O Time (block device) --
 Total Block I/O Time           : 0

-- Page Faults & Bytes --
 Page Fault Count               : 0
 Read Bytes                     : 0
 Write Bytes                    : 0
 Block Read Bytes               : 0
 Block Write Bytes              : 0
[===============================================]

[===============================================]
Result of node_idx 18 in node_object 0: Slice (ND, X32)

-- Elapsed Time Analysis --
 Wall-clock Time                      : 81 us
 - Non I/O Handling Time (Estimated)  : 81 us
 - I/O Handling Time                  : 0 us
        - Read Syscall                : 0 us
        - Write Syscall               : 0 us
        - Page Fault                  : 0 us
        - io_uring                    : 0 us

-- I/O Counts --
 Read Syscall Count                   : 0
 Write Syscall Count                  : 0
 Block I/O Count                      : 0
 io_uring Completion Count            : 0

-- Total I/O Time (block device) --
 Total Block I/O Time           : 0

-- Page Faults & Bytes --
 Page Fault Count               : 0
 Read Bytes                     : 0
 Write Bytes                    : 0
 Block Read Bytes               : 0
 Block Write Bytes              : 0
[===============================================]

[===============================================]
Result of node_idx 19 in node_object 0: Slice (ND, X32)

-- Elapsed Time Analysis --
 Wall-clock Time                      : 83 us
 - Non I/O Handling Time (Estimated)  : 83 us
 - I/O Handling Time                  : 0 us
        - Read Syscall                : 0 us
        - Write Syscall               : 0 us
        - Page Fault                  : 0 us
        - io_uring                    : 0 us

-- I/O Counts --
 Read Syscall Count                   : 0
 Write Syscall Count                  : 0
 Block I/O Count                      : 0
 io_uring Completion Count            : 0

-- Total I/O Time (block device) --
 Total Block I/O Time           : 0

-- Page Faults & Bytes --
 Page Fault Count               : 0
 Read Bytes                     : 0
 Write Bytes                    : 0
 Block Read Bytes               : 0
 Block Write Bytes              : 0
[===============================================]

[===============================================]
Result of node_idx 20 in node_object 0: Multiply (ND)

-- Elapsed Time Analysis --
 Wall-clock Time                      : 80 us
 - Non I/O Handling Time (Estimated)  : 80 us
 - I/O Handling Time                  : 0 us
        - Read Syscall                : 0 us
        - Write Syscall               : 0 us
        - Page Fault                  : 0 us
        - io_uring                    : 0 us

-- I/O Counts --
 Read Syscall Count                   : 0
 Write Syscall Count                  : 0
 Block I/O Count                      : 0
 io_uring Completion Count            : 0

-- Total I/O Time (block device) --
 Total Block I/O Time           : 0

-- Page Faults & Bytes --
 Page Fault Count               : 0
 Read Bytes                     : 0
 Write Bytes                    : 0
 Block Read Bytes               : 0
 Block Write Bytes              : 0
[===============================================]

[===============================================]
Result of node_idx 21 in node_object 0: Multiply (ND)

-- Elapsed Time Analysis --
 Wall-clock Time                      : 75 us
 - Non I/O Handling Time (Estimated)  : 75 us
 - I/O Handling Time                  : 0 us
        - Read Syscall                : 0 us
        - Write Syscall               : 0 us
        - Page Fault                  : 0 us
        - io_uring                    : 0 us

-- I/O Counts --
 Read Syscall Count                   : 0
 Write Syscall Count                  : 0
 Block I/O Count                      : 0
 io_uring Completion Count            : 0

-- Total I/O Time (block device) --
 Total Block I/O Time           : 0

-- Page Faults & Bytes --
 Page Fault Count               : 0
 Read Bytes                     : 0
 Write Bytes                    : 0
 Block Read Bytes               : 0
 Block Write Bytes              : 0
[===============================================]

[===============================================]
Result of node_idx 22 in node_object 0: Subtract (ND)

-- Elapsed Time Analysis --
 Wall-clock Time                      : 70 us
 - Non I/O Handling Time (Estimated)  : 70 us
 - I/O Handling Time                  : 0 us
        - Read Syscall                : 0 us
        - Write Syscall               : 0 us
        - Page Fault                  : 0 us
        - io_uring                    : 0 us

-- I/O Counts --
 Read Syscall Count                   : 0
 Write Syscall Count                  : 0
 Block I/O Count                      : 0
 io_uring Completion Count            : 0

-- Total I/O Time (block device) --
 Total Block I/O Time           : 0

-- Page Faults & Bytes --
 Page Fault Count               : 0
 Read Bytes                     : 0
 Write Bytes                    : 0
 Block Read Bytes               : 0
 Block Write Bytes              : 0
[===============================================]

[===============================================]
Result of node_idx 23 in node_object 0: Multiply (ND)

-- Elapsed Time Analysis --
 Wall-clock Time                      : 81 us
 - Non I/O Handling Time (Estimated)  : 81 us
 - I/O Handling Time                  : 0 us
        - Read Syscall                : 0 us
        - Write Syscall               : 0 us
        - Page Fault                  : 0 us
        - io_uring                    : 0 us

-- I/O Counts --
 Read Syscall Count                   : 0
 Write Syscall Count                  : 0
 Block I/O Count                      : 0
 io_uring Completion Count            : 0

-- Total I/O Time (block device) --
 Total Block I/O Time           : 0

-- Page Faults & Bytes --
 Page Fault Count               : 0
 Read Bytes                     : 0
 Write Bytes                    : 0
 Block Read Bytes               : 0
 Block Write Bytes              : 0
[===============================================]

[===============================================]
Result of node_idx 24 in node_object 0: Multiply (ND)

-- Elapsed Time Analysis --
 Wall-clock Time                      : 79 us
 - Non I/O Handling Time (Estimated)  : 79 us
 - I/O Handling Time                  : 0 us
        - Read Syscall                : 0 us
        - Write Syscall               : 0 us
        - Page Fault                  : 0 us
        - io_uring                    : 0 us

-- I/O Counts --
 Read Syscall Count                   : 0
 Write Syscall Count                  : 0
 Block I/O Count                      : 0
 io_uring Completion Count            : 0

-- Total I/O Time (block device) --
 Total Block I/O Time           : 0

-- Page Faults & Bytes --
 Page Fault Count               : 0
 Read Bytes                     : 0
 Write Bytes                    : 0
 Block Read Bytes               : 0
 Block Write Bytes              : 0
[===============================================]

[===============================================]
Result of node_idx 25 in node_object 0: Add (ND)

-- Elapsed Time Analysis --
 Wall-clock Time                      : 82 us
 - Non I/O Handling Time (Estimated)  : 82 us
 - I/O Handling Time                  : 0 us
        - Read Syscall                : 0 us
        - Write Syscall               : 0 us
        - Page Fault                  : 0 us
        - io_uring                    : 0 us

-- I/O Counts --
 Read Syscall Count                   : 0
 Write Syscall Count                  : 0
 Block I/O Count                      : 0
 io_uring Completion Count            : 0

-- Total I/O Time (block device) --
 Total Block I/O Time           : 0

-- Page Faults & Bytes --
 Page Fault Count               : 0
 Read Bytes                     : 0
 Write Bytes                    : 0
 Block Read Bytes               : 0
 Block Write Bytes              : 0
[===============================================]

[===============================================]
Result of node_idx 26 in node_object 0: Copy (NC, X32)

-- Elapsed Time Analysis --
 Wall-clock Time                      : 82 us
 - Non I/O Handling Time (Estimated)  : 82 us
 - I/O Handling Time                  : 0 us
        - Read Syscall                : 0 us
        - Write Syscall               : 0 us
        - Page Fault                  : 0 us
        - io_uring                    : 0 us

-- I/O Counts --
 Read Syscall Count                   : 0
 Write Syscall Count                  : 0
 Block I/O Count                      : 0
 io_uring Completion Count            : 0

-- Total I/O Time (block device) --
 Total Block I/O Time           : 0

-- Page Faults & Bytes --
 Page Fault Count               : 0
 Read Bytes                     : 0
 Write Bytes                    : 0
 Block Read Bytes               : 0
 Block Write Bytes              : 0
[===============================================]

[===============================================]
Result of node_idx 26 in node_object 1: Copy (NC, X32)

-- Elapsed Time Analysis --
 Wall-clock Time                      : 82 us
 - Non I/O Handling Time (Estimated)  : 82 us
 - I/O Handling Time                  : 0 us
        - Read Syscall                : 0 us
        - Write Syscall               : 0 us
        - Page Fault                  : 0 us
        - io_uring                    : 0 us

-- I/O Counts --
 Read Syscall Count                   : 0
 Write Syscall Count                  : 0
 Block I/O Count                      : 0
 io_uring Completion Count            : 0

-- Total I/O Time (block device) --
 Total Block I/O Time           : 0

-- Page Faults & Bytes --
 Page Fault Count               : 0
 Read Bytes                     : 0
 Write Bytes                    : 0
 Block Read Bytes               : 0
 Block Write Bytes              : 0
[===============================================]

[===============================================]
Result of node_idx 27 in node_object 0: Transpose (ND, X32)

-- Elapsed Time Analysis --
 Wall-clock Time                      : 4 us
 - Non I/O Handling Time (Estimated)  : 4 us
 - I/O Handling Time                  : 0 us
        - Read Syscall                : 0 us
        - Write Syscall               : 0 us
        - Page Fault                  : 0 us
        - io_uring                    : 0 us

-- I/O Counts --
 Read Syscall Count                   : 0
 Write Syscall Count                  : 0
 Block I/O Count                      : 0
 io_uring Completion Count            : 0

-- Total I/O Time (block device) --
 Total Block I/O Time           : 0

-- Page Faults & Bytes --
 Page Fault Count               : 0
 Read Bytes                     : 0
 Write Bytes                    : 0
 Block Read Bytes               : 0
 Block Write Bytes              : 0
[===============================================]

[===============================================]
Result of node_idx 0 in node_object 0: Multiply (ND)

-- Elapsed Time Analysis --
 Wall-clock Time                      : 77 us
 - Non I/O Handling Time (Estimated)  : 77 us
 - I/O Handling Time                  : 0 us
        - Read Syscall                : 0 us
        - Write Syscall               : 0 us
        - Page Fault                  : 0 us
        - io_uring                    : 0 us

-- I/O Counts --
 Read Syscall Count                   : 0
 Write Syscall Count                  : 0
 Block I/O Count                      : 0
 io_uring Completion Count            : 0

-- Total I/O Time (block device) --
 Total Block I/O Time           : 0

-- Page Faults & Bytes --
 Page Fault Count               : 0
 Read Bytes                     : 0
 Write Bytes                    : 0
 Block Read Bytes               : 0
 Block Write Bytes              : 0
[===============================================]

[===============================================]
Result of node_idx 1 in node_object 0: Transpose (ND, X32)

-- Elapsed Time Analysis --
 Wall-clock Time                      : 4 us
 - Non I/O Handling Time (Estimated)  : 4 us
 - I/O Handling Time                  : 0 us
        - Read Syscall                : 0 us
        - Write Syscall               : 0 us
        - Page Fault                  : 0 us
        - io_uring                    : 0 us

-- I/O Counts --
 Read Syscall Count                   : 0
 Write Syscall Count                  : 0
 Block I/O Count                      : 0
 io_uring Completion Count            : 0

-- Total I/O Time (block device) --
 Total Block I/O Time           : 0

-- Page Faults & Bytes --
 Page Fault Count               : 0
 Read Bytes                     : 0
 Write Bytes                    : 0
 Block Read Bytes               : 0
 Block Write Bytes              : 0
[===============================================]

[===============================================]
Result of node_idx 2 in node_object 0: Transpose (ND, X32)

-- Elapsed Time Analysis --
 Wall-clock Time                      : 106 us
 - Non I/O Handling Time (Estimated)  : 106 us
 - I/O Handling Time                  : 0 us
        - Read Syscall                : 0 us
        - Write Syscall               : 0 us
        - Page Fault                  : 0 us
        - io_uring                    : 0 us

-- I/O Counts --
 Read Syscall Count                   : 0
 Write Syscall Count                  : 0
 Block I/O Count                      : 0
 io_uring Completion Count            : 0

-- Total I/O Time (block device) --
 Total Block I/O Time           : 0

-- Page Faults & Bytes --
 Page Fault Count               : 0
 Read Bytes                     : 0
 Write Bytes                    : 0
 Block Read Bytes               : 0
 Block Write Bytes              : 0
[===============================================]

[===============================================]
Result of node_idx 3 in node_object 0: Static Reshape (NC)

-- Elapsed Time Analysis --
 Wall-clock Time                      : 2 us
 - Non I/O Handling Time (Estimated)  : 2 us
 - I/O Handling Time                  : 0 us
        - Read Syscall                : 0 us
        - Write Syscall               : 0 us
        - Page Fault                  : 0 us
        - io_uring                    : 0 us

-- I/O Counts --
 Read Syscall Count                   : 0
 Write Syscall Count                  : 0
 Block I/O Count                      : 0
 io_uring Completion Count            : 0

-- Total I/O Time (block device) --
 Total Block I/O Time           : 0

-- Page Faults & Bytes --
 Page Fault Count               : 0
 Read Bytes                     : 0
 Write Bytes                    : 0
 Block Read Bytes               : 0
 Block Write Bytes              : 0
[===============================================]

[===============================================]
Result of node_idx 4 in node_object 0: Static Reshape (NC)

-- Elapsed Time Analysis --
 Wall-clock Time                      : 2 us
 - Non I/O Handling Time (Estimated)  : 2 us
 - I/O Handling Time                  : 0 us
        - Read Syscall                : 0 us
        - Write Syscall               : 0 us
        - Page Fault                  : 0 us
        - io_uring                    : 0 us

-- I/O Counts --
 Read Syscall Count                   : 0
 Write Syscall Count                  : 0
 Block I/O Count                      : 0
 io_uring Completion Count            : 0

-- Total I/O Time (block device) --
 Total Block I/O Time           : 0

-- Page Faults & Bytes --
 Page Fault Count               : 0
 Read Bytes                     : 0
 Write Bytes                    : 0
 Block Read Bytes               : 0
 Block Write Bytes              : 0
[===============================================]

[===============================================]
Result of node_idx 5 in node_object 0: Batch Matrix Multiply (NC, F32)

-- Elapsed Time Analysis --
 Wall-clock Time                      : 209 us
 - Non I/O Handling Time (Estimated)  : 209 us
 - I/O Handling Time                  : 0 us
        - Read Syscall                : 0 us
        - Write Syscall               : 0 us
        - Page Fault                  : 0 us
        - io_uring                    : 0 us

-- I/O Counts --
 Read Syscall Count                   : 0
 Write Syscall Count                  : 0
 Block I/O Count                      : 0
 io_uring Completion Count            : 0

-- Total I/O Time (block device) --
 Total Block I/O Time           : 0

-- Page Faults & Bytes --
 Page Fault Count               : 0
 Read Bytes                     : 0
 Write Bytes                    : 0
 Block Read Bytes               : 0
 Block Write Bytes              : 0
[===============================================]

[===============================================]
Result of node_idx 6 in node_object 0: Static Reshape (NC)

-- Elapsed Time Analysis --
 Wall-clock Time                      : 14 us
 - Non I/O Handling Time (Estimated)  : 14 us
 - I/O Handling Time                  : 0 us
        - Read Syscall                : 0 us
        - Write Syscall               : 0 us
        - Page Fault                  : 0 us
        - io_uring                    : 0 us

-- I/O Counts --
 Read Syscall Count                   : 0
 Write Syscall Count                  : 0
 Block I/O Count                      : 0
 io_uring Completion Count            : 0

-- Total I/O Time (block device) --
 Total Block I/O Time           : 0

-- Page Faults & Bytes --
 Page Fault Count               : 0
 Read Bytes                     : 0
 Write Bytes                    : 0
 Block Read Bytes               : 0
 Block Write Bytes              : 0
[===============================================]

[===============================================]
Result of node_idx 7 in node_object 0: Add (ND)

-- Elapsed Time Analysis --
 Wall-clock Time                      : 88 us
 - Non I/O Handling Time (Estimated)  : 88 us
 - I/O Handling Time                  : 0 us
        - Read Syscall                : 0 us
        - Write Syscall               : 0 us
        - Page Fault                  : 0 us
        - io_uring                    : 0 us

-- I/O Counts --
 Read Syscall Count                   : 0
 Write Syscall Count                  : 0
 Block I/O Count                      : 0
 io_uring Completion Count            : 0

-- Total I/O Time (block device) --
 Total Block I/O Time           : 0

-- Page Faults & Bytes --
 Page Fault Count               : 0
 Read Bytes                     : 0
 Write Bytes                    : 0
 Block Read Bytes               : 0
 Block Write Bytes              : 0
[===============================================]

[===============================================]
Result of node_idx 8 in node_object 0: Softmax (NC, F32)

-- Elapsed Time Analysis --
 Wall-clock Time                      : 91 us
 - Non I/O Handling Time (Estimated)  : 91 us
 - I/O Handling Time                  : 0 us
        - Read Syscall                : 0 us
        - Write Syscall               : 0 us
        - Page Fault                  : 0 us
        - io_uring                    : 0 us

-- I/O Counts --
 Read Syscall Count                   : 0
 Write Syscall Count                  : 0
 Block I/O Count                      : 0
 io_uring Completion Count            : 0

-- Total I/O Time (block device) --
 Total Block I/O Time           : 0

-- Page Faults & Bytes --
 Page Fault Count               : 0
 Read Bytes                     : 0
 Write Bytes                    : 0
 Block Read Bytes               : 0
 Block Write Bytes              : 0
[===============================================]

[===============================================]
Result of node_idx 9 in node_object 0: Transpose (ND, X32)

-- Elapsed Time Analysis --
 Wall-clock Time                      : 115 us
 - Non I/O Handling Time (Estimated)  : 115 us
 - I/O Handling Time                  : 0 us
        - Read Syscall                : 0 us
        - Write Syscall               : 0 us
        - Page Fault                  : 0 us
        - io_uring                    : 0 us

-- I/O Counts --
 Read Syscall Count                   : 0
 Write Syscall Count                  : 0
 Block I/O Count                      : 0
 io_uring Completion Count            : 0

-- Total I/O Time (block device) --
 Total Block I/O Time           : 0

-- Page Faults & Bytes --
 Page Fault Count               : 0
 Read Bytes                     : 0
 Write Bytes                    : 0
 Block Read Bytes               : 0
 Block Write Bytes              : 0
[===============================================]

[===============================================]
Result of node_idx 10 in node_object 0: Static Reshape (NC)

-- Elapsed Time Analysis --
 Wall-clock Time                      : 5 us
 - Non I/O Handling Time (Estimated)  : 5 us
 - I/O Handling Time                  : 0 us
        - Read Syscall                : 0 us
        - Write Syscall               : 0 us
        - Page Fault                  : 0 us
        - io_uring                    : 0 us

-- I/O Counts --
 Read Syscall Count                   : 0
 Write Syscall Count                  : 0
 Block I/O Count                      : 0
 io_uring Completion Count            : 0

-- Total I/O Time (block device) --
 Total Block I/O Time           : 0

-- Page Faults & Bytes --
 Page Fault Count               : 0
 Read Bytes                     : 0
 Write Bytes                    : 0
 Block Read Bytes               : 0
 Block Write Bytes              : 0
[===============================================]

[===============================================]
Result of node_idx 11 in node_object 0: Static Reshape (NC)

-- Elapsed Time Analysis --
 Wall-clock Time                      : 3 us
 - Non I/O Handling Time (Estimated)  : 3 us
 - I/O Handling Time                  : 0 us
        - Read Syscall                : 0 us
        - Write Syscall               : 0 us
        - Page Fault                  : 0 us
        - io_uring                    : 0 us

-- I/O Counts --
 Read Syscall Count                   : 0
 Write Syscall Count                  : 0
 Block I/O Count                      : 0
 io_uring Completion Count            : 0

-- Total I/O Time (block device) --
 Total Block I/O Time           : 0

-- Page Faults & Bytes --
 Page Fault Count               : 0
 Read Bytes                     : 0
 Write Bytes                    : 0
 Block Read Bytes               : 0
 Block Write Bytes              : 0
[===============================================]

[===============================================]
Result of node_idx 12 in node_object 0: Batch Matrix Multiply (NC, F32)

-- Elapsed Time Analysis --
 Wall-clock Time                      : 234 us
 - Non I/O Handling Time (Estimated)  : 234 us
 - I/O Handling Time                  : 0 us
        - Read Syscall                : 0 us
        - Write Syscall               : 0 us
        - Page Fault                  : 0 us
        - io_uring                    : 0 us

-- I/O Counts --
 Read Syscall Count                   : 0
 Write Syscall Count                  : 0
 Block I/O Count                      : 0
 io_uring Completion Count            : 0

-- Total I/O Time (block device) --
 Total Block I/O Time           : 0

-- Page Faults & Bytes --
 Page Fault Count               : 0
 Read Bytes                     : 0
 Write Bytes                    : 0
 Block Read Bytes               : 0
 Block Write Bytes              : 0
[===============================================]

[===============================================]
Result of node_idx 13 in node_object 0: Static Reshape (NC)

-- Elapsed Time Analysis --
 Wall-clock Time                      : 4 us
 - Non I/O Handling Time (Estimated)  : 4 us
 - I/O Handling Time                  : 0 us
        - Read Syscall                : 0 us
        - Write Syscall               : 0 us
        - Page Fault                  : 0 us
        - io_uring                    : 0 us

-- I/O Counts --
 Read Syscall Count                   : 0
 Write Syscall Count                  : 0
 Block I/O Count                      : 0
 io_uring Completion Count            : 0

-- Total I/O Time (block device) --
 Total Block I/O Time           : 0

-- Page Faults & Bytes --
 Page Fault Count               : 0
 Read Bytes                     : 0
 Write Bytes                    : 0
 Block Read Bytes               : 0
 Block Write Bytes              : 0
[===============================================]

[===============================================]
Result of node_idx 14 in node_object 0: Transpose (ND, X32)

-- Elapsed Time Analysis --
 Wall-clock Time                      : 6 us
 - Non I/O Handling Time (Estimated)  : 6 us
 - I/O Handling Time                  : 0 us
        - Read Syscall                : 0 us
        - Write Syscall               : 0 us
        - Page Fault                  : 0 us
        - io_uring                    : 0 us

-- I/O Counts --
 Read Syscall Count                   : 0
 Write Syscall Count                  : 0
 Block I/O Count                      : 0
 io_uring Completion Count            : 0

-- Total I/O Time (block device) --
 Total Block I/O Time           : 0

-- Page Faults & Bytes --
 Page Fault Count               : 0
 Read Bytes                     : 0
 Write Bytes                    : 0
 Block Read Bytes               : 0
 Block Write Bytes              : 0
[===============================================]

[===============================================]
Result of node_idx 15 in node_object 0: Static Reshape (NC)

-- Elapsed Time Analysis --
 Wall-clock Time                      : 3 us
 - Non I/O Handling Time (Estimated)  : 3 us
 - I/O Handling Time                  : 0 us
        - Read Syscall                : 0 us
        - Write Syscall               : 0 us
        - Page Fault                  : 0 us
        - io_uring                    : 0 us

-- I/O Counts --
 Read Syscall Count                   : 0
 Write Syscall Count                  : 0
 Block I/O Count                      : 0
 io_uring Completion Count            : 0

-- Total I/O Time (block device) --
 Total Block I/O Time           : 0

-- Page Faults & Bytes --
 Page Fault Count               : 0
 Read Bytes                     : 0
 Write Bytes                    : 0
 Block Read Bytes               : 0
 Block Write Bytes              : 0
[===============================================]

[===============================================]
Result of node_idx 16 in node_object 0: Fully Connected (NC, QDU8, F32, QC8W)

-- Elapsed Time Analysis --
 Wall-clock Time                      : 701 us
 - Non I/O Handling Time (Estimated)  : 114 us
 - I/O Handling Time                  : 587 us
        - Read Syscall                : 0 us
        - Write Syscall               : 0 us
        - Page Fault                  : 587 us
        - io_uring                    : 0 us

-- I/O Counts --
 Read Syscall Count                   : 0
 Write Syscall Count                  : 0
 Block I/O Count                      : 3
 io_uring Completion Count            : 0

-- Total I/O Time (block device) --
 Total Block I/O Time           : 1177

-- Page Faults & Bytes --
 Page Fault Count               : 2
 Read Bytes                     : 0
 Write Bytes                    : 0
 Block Read Bytes               : 57344
 Block Write Bytes              : 0
[===============================================]

[===============================================]
Result of node_idx 17 in node_object 0: Add (ND)

-- Elapsed Time Analysis --
 Wall-clock Time                      : 23 us
 - Non I/O Handling Time (Estimated)  : 23 us
 - I/O Handling Time                  : 0 us
        - Read Syscall                : 0 us
        - Write Syscall               : 0 us
        - Page Fault                  : 0 us
        - io_uring                    : 0 us

-- I/O Counts --
 Read Syscall Count                   : 0
 Write Syscall Count                  : 0
 Block I/O Count                      : 0
 io_uring Completion Count            : 0

-- Total I/O Time (block device) --
 Total Block I/O Time           : 0

-- Page Faults & Bytes --
 Page Fault Count               : 0
 Read Bytes                     : 0
 Write Bytes                    : 0
 Block Read Bytes               : 0
 Block Write Bytes              : 0
[===============================================]

[===============================================]
Result of node_idx 0 in node_object 0: Multiply (ND)

-- Elapsed Time Analysis --
 Wall-clock Time                      : 87 us
 - Non I/O Handling Time (Estimated)  : 87 us
 - I/O Handling Time                  : 0 us
        - Read Syscall                : 0 us
        - Write Syscall               : 0 us
        - Page Fault                  : 0 us
        - io_uring                    : 0 us

-- I/O Counts --
 Read Syscall Count                   : 0
 Write Syscall Count                  : 0
 Block I/O Count                      : 0
 io_uring Completion Count            : 0

-- Total I/O Time (block device) --
 Total Block I/O Time           : 0

-- Page Faults & Bytes --
 Page Fault Count               : 0
 Read Bytes                     : 0
 Write Bytes                    : 0
 Block Read Bytes               : 0
 Block Write Bytes              : 0
[===============================================]

[===============================================]
Result of node_idx 1 in node_object 0: Sum (ND)

-- Elapsed Time Analysis --
 Wall-clock Time                      : 96 us
 - Non I/O Handling Time (Estimated)  : 96 us
 - I/O Handling Time                  : 0 us
        - Read Syscall                : 0 us
        - Write Syscall               : 0 us
        - Page Fault                  : 0 us
        - io_uring                    : 0 us

-- I/O Counts --
 Read Syscall Count                   : 0
 Write Syscall Count                  : 0
 Block I/O Count                      : 0
 io_uring Completion Count            : 0

-- Total I/O Time (block device) --
 Total Block I/O Time           : 0

-- Page Faults & Bytes --
 Page Fault Count               : 0
 Read Bytes                     : 0
 Write Bytes                    : 0
 Block Read Bytes               : 0
 Block Write Bytes              : 0
[===============================================]

[===============================================]
Result of node_idx 2 in node_object 0: Multiply (ND)

-- Elapsed Time Analysis --
 Wall-clock Time                      : 3 us
 - Non I/O Handling Time (Estimated)  : 3 us
 - I/O Handling Time                  : 0 us
        - Read Syscall                : 0 us
        - Write Syscall               : 0 us
        - Page Fault                  : 0 us
        - io_uring                    : 0 us

-- I/O Counts --
 Read Syscall Count                   : 0
 Write Syscall Count                  : 0
 Block I/O Count                      : 0
 io_uring Completion Count            : 0

-- Total I/O Time (block device) --
 Total Block I/O Time           : 0

-- Page Faults & Bytes --
 Page Fault Count               : 0
 Read Bytes                     : 0
 Write Bytes                    : 0
 Block Read Bytes               : 0
 Block Write Bytes              : 0
[===============================================]

[===============================================]
Result of node_idx 3 in node_object 0: Add (ND)

-- Elapsed Time Analysis --
 Wall-clock Time                      : 3 us
 - Non I/O Handling Time (Estimated)  : 3 us
 - I/O Handling Time                  : 0 us
        - Read Syscall                : 0 us
        - Write Syscall               : 0 us
        - Page Fault                  : 0 us
        - io_uring                    : 0 us

-- I/O Counts --
 Read Syscall Count                   : 0
 Write Syscall Count                  : 0
 Block I/O Count                      : 0
 io_uring Completion Count            : 0

-- Total I/O Time (block device) --
 Total Block I/O Time           : 0

-- Page Faults & Bytes --
 Page Fault Count               : 0
 Read Bytes                     : 0
 Write Bytes                    : 0
 Block Read Bytes               : 0
 Block Write Bytes              : 0
[===============================================]

[===============================================]
Result of node_idx 4 in node_object 0: Static Reshape (NC)

-- Elapsed Time Analysis --
 Wall-clock Time                      : 2 us
 - Non I/O Handling Time (Estimated)  : 2 us
 - I/O Handling Time                  : 0 us
        - Read Syscall                : 0 us
        - Write Syscall               : 0 us
        - Page Fault                  : 0 us
        - io_uring                    : 0 us

-- I/O Counts --
 Read Syscall Count                   : 0
 Write Syscall Count                  : 0
 Block I/O Count                      : 0
 io_uring Completion Count            : 0

-- Total I/O Time (block device) --
 Total Block I/O Time           : 0

-- Page Faults & Bytes --
 Page Fault Count               : 0
 Read Bytes                     : 0
 Write Bytes                    : 0
 Block Read Bytes               : 0
 Block Write Bytes              : 0
[===============================================]

[===============================================]
Result of node_idx 5 in node_object 0: Reciprocal Square Root (NC)

-- Elapsed Time Analysis --
 Wall-clock Time                      : 3 us
 - Non I/O Handling Time (Estimated)  : 3 us
 - I/O Handling Time                  : 0 us
        - Read Syscall                : 0 us
        - Write Syscall               : 0 us
        - Page Fault                  : 0 us
        - io_uring                    : 0 us

-- I/O Counts --
 Read Syscall Count                   : 0
 Write Syscall Count                  : 0
 Block I/O Count                      : 0
 io_uring Completion Count            : 0

-- Total I/O Time (block device) --
 Total Block I/O Time           : 0

-- Page Faults & Bytes --
 Page Fault Count               : 0
 Read Bytes                     : 0
 Write Bytes                    : 0
 Block Read Bytes               : 0
 Block Write Bytes              : 0
[===============================================]

[===============================================]
Result of node_idx 6 in node_object 0: Multiply (ND)

-- Elapsed Time Analysis --
 Wall-clock Time                      : 86 us
 - Non I/O Handling Time (Estimated)  : 86 us
 - I/O Handling Time                  : 0 us
        - Read Syscall                : 0 us
        - Write Syscall               : 0 us
        - Page Fault                  : 0 us
        - io_uring                    : 0 us

-- I/O Counts --
 Read Syscall Count                   : 0
 Write Syscall Count                  : 0
 Block I/O Count                      : 0
 io_uring Completion Count            : 0

-- Total I/O Time (block device) --
 Total Block I/O Time           : 0

-- Page Faults & Bytes --
 Page Fault Count               : 0
 Read Bytes                     : 0
 Write Bytes                    : 0
 Block Read Bytes               : 0
 Block Write Bytes              : 0
[===============================================]

[===============================================]
Result of node_idx 7 in node_object 0: Multiply (ND)

-- Elapsed Time Analysis --
 Wall-clock Time                      : 14 us
 - Non I/O Handling Time (Estimated)  : 14 us
 - I/O Handling Time                  : 0 us
        - Read Syscall                : 0 us
        - Write Syscall               : 0 us
        - Page Fault                  : 0 us
        - io_uring                    : 0 us

-- I/O Counts --
 Read Syscall Count                   : 0
 Write Syscall Count                  : 0
 Block I/O Count                      : 0
 io_uring Completion Count            : 0

-- Total I/O Time (block device) --
 Total Block I/O Time           : 0

-- Page Faults & Bytes --
 Page Fault Count               : 0
 Read Bytes                     : 0
 Write Bytes                    : 0
 Block Read Bytes               : 0
 Block Write Bytes              : 0
[===============================================]

[===============================================]
Result of node_idx 0 in node_object 0: Fully Connected (NC, QDU8, F32, QC8W)

-- Elapsed Time Analysis --
 Wall-clock Time                      : 1062 us
 - Non I/O Handling Time (Estimated)  : 176 us
 - I/O Handling Time                  : 886 us
        - Read Syscall                : 0 us
        - Write Syscall               : 0 us
        - Page Fault                  : 886 us
        - io_uring                    : 0 us

-- I/O Counts --
 Read Syscall Count                   : 0
 Write Syscall Count                  : 0
 Block I/O Count                      : 2
 io_uring Completion Count            : 0

-- Total I/O Time (block device) --
 Total Block I/O Time           : 437

-- Page Faults & Bytes --
 Page Fault Count               : 9
 Read Bytes                     : 0
 Write Bytes                    : 0
 Block Read Bytes               : 151552
 Block Write Bytes              : 0
[===============================================]

[===============================================]
Result of node_idx 1 in node_object 0: Sigmoid (NC)

-- Elapsed Time Analysis --
 Wall-clock Time                      : 101 us
 - Non I/O Handling Time (Estimated)  : 101 us
 - I/O Handling Time                  : 0 us
        - Read Syscall                : 0 us
        - Write Syscall               : 0 us
        - Page Fault                  : 0 us
        - io_uring                    : 0 us

-- I/O Counts --
 Read Syscall Count                   : 0
 Write Syscall Count                  : 0
 Block I/O Count                      : 0
 io_uring Completion Count            : 0

-- Total I/O Time (block device) --
 Total Block I/O Time           : 0

-- Page Faults & Bytes --
 Page Fault Count               : 0
 Read Bytes                     : 0
 Write Bytes                    : 0
 Block Read Bytes               : 0
 Block Write Bytes              : 0
[===============================================]

[===============================================]
Result of node_idx 2 in node_object 0: Multiply (ND)

-- Elapsed Time Analysis --
 Wall-clock Time                      : 86 us
 - Non I/O Handling Time (Estimated)  : 86 us
 - I/O Handling Time                  : 0 us
        - Read Syscall                : 0 us
        - Write Syscall               : 0 us
        - Page Fault                  : 0 us
        - io_uring                    : 0 us

-- I/O Counts --
 Read Syscall Count                   : 0
 Write Syscall Count                  : 0
 Block I/O Count                      : 0
 io_uring Completion Count            : 0

-- Total I/O Time (block device) --
 Total Block I/O Time           : 0

-- Page Faults & Bytes --
 Page Fault Count               : 0
 Read Bytes                     : 0
 Write Bytes                    : 0
 Block Read Bytes               : 0
 Block Write Bytes              : 0
[===============================================]

[===============================================]
Result of node_idx 3 in node_object 0: Fully Connected (NC, QDU8, F32, QC8W)

-- Elapsed Time Analysis --
 Wall-clock Time                      : 1101 us
 - Non I/O Handling Time (Estimated)  : 214 us
 - I/O Handling Time                  : 887 us
        - Read Syscall                : 0 us
        - Write Syscall               : 0 us
        - Page Fault                  : 887 us
        - io_uring                    : 0 us

-- I/O Counts --
 Read Syscall Count                   : 0
 Write Syscall Count                  : 0
 Block I/O Count                      : 3
 io_uring Completion Count            : 0

-- Total I/O Time (block device) --
 Total Block I/O Time           : 671

-- Page Faults & Bytes --
 Page Fault Count               : 12
 Read Bytes                     : 0
 Write Bytes                    : 0
 Block Read Bytes               : 110592
 Block Write Bytes              : 0
[===============================================]

[===============================================]
Result of node_idx 4 in node_object 0: Multiply (ND)

-- Elapsed Time Analysis --
 Wall-clock Time                      : 25 us
 - Non I/O Handling Time (Estimated)  : 25 us
 - I/O Handling Time                  : 0 us
        - Read Syscall                : 0 us
        - Write Syscall               : 0 us
        - Page Fault                  : 0 us
        - io_uring                    : 0 us

-- I/O Counts --
 Read Syscall Count                   : 0
 Write Syscall Count                  : 0
 Block I/O Count                      : 0
 io_uring Completion Count            : 0

-- Total I/O Time (block device) --
 Total Block I/O Time           : 0

-- Page Faults & Bytes --
 Page Fault Count               : 0
 Read Bytes                     : 0
 Write Bytes                    : 0
 Block Read Bytes               : 0
 Block Write Bytes              : 0
[===============================================]

[===============================================]
Result of node_idx 5 in node_object 0: Fully Connected (NC, QDU8, F32, QC8W)

-- Elapsed Time Analysis --
 Wall-clock Time                      : 989 us
 - Non I/O Handling Time (Estimated)  : 32 us
 - I/O Handling Time                  : 957 us
        - Read Syscall                : 0 us
        - Write Syscall               : 0 us
        - Page Fault                  : 957 us
        - io_uring                    : 0 us

-- I/O Counts --
 Read Syscall Count                   : 0
 Write Syscall Count                  : 0
 Block I/O Count                      : 5
 io_uring Completion Count            : 0

-- Total I/O Time (block device) --
 Total Block I/O Time           : 1346

-- Page Faults & Bytes --
 Page Fault Count               : 7
 Read Bytes                     : 0
 Write Bytes                    : 0
 Block Read Bytes               : 180224
 Block Write Bytes              : 0
[===============================================]

[===============================================]
Result of node_idx 6 in node_object 0: Add (ND)

-- Elapsed Time Analysis --
 Wall-clock Time                      : 23 us
 - Non I/O Handling Time (Estimated)  : 23 us
 - I/O Handling Time                  : 0 us
        - Read Syscall                : 0 us
        - Write Syscall               : 0 us
        - Page Fault                  : 0 us
        - io_uring                    : 0 us

-- I/O Counts --
 Read Syscall Count                   : 0
 Write Syscall Count                  : 0
 Block I/O Count                      : 0
 io_uring Completion Count            : 0

-- Total I/O Time (block device) --
 Total Block I/O Time           : 0

-- Page Faults & Bytes --
 Page Fault Count               : 0
 Read Bytes                     : 0
 Write Bytes                    : 0
 Block Read Bytes               : 0
 Block Write Bytes              : 0
[===============================================]

[===============================================]
Result of node_idx 0 in node_object 0: Multiply (ND)

-- Elapsed Time Analysis --
 Wall-clock Time                      : 90 us
 - Non I/O Handling Time (Estimated)  : 90 us
 - I/O Handling Time                  : 0 us
        - Read Syscall                : 0 us
        - Write Syscall               : 0 us
        - Page Fault                  : 0 us
        - io_uring                    : 0 us

-- I/O Counts --
 Read Syscall Count                   : 0
 Write Syscall Count                  : 0
 Block I/O Count                      : 0
 io_uring Completion Count            : 0

-- Total I/O Time (block device) --
 Total Block I/O Time           : 0

-- Page Faults & Bytes --
 Page Fault Count               : 0
 Read Bytes                     : 0
 Write Bytes                    : 0
 Block Read Bytes               : 0
 Block Write Bytes              : 0
[===============================================]

[===============================================]
Result of node_idx 1 in node_object 0: Sum (ND)

-- Elapsed Time Analysis --
 Wall-clock Time                      : 90 us
 - Non I/O Handling Time (Estimated)  : 90 us
 - I/O Handling Time                  : 0 us
        - Read Syscall                : 0 us
        - Write Syscall               : 0 us
        - Page Fault                  : 0 us
        - io_uring                    : 0 us

-- I/O Counts --
 Read Syscall Count                   : 0
 Write Syscall Count                  : 0
 Block I/O Count                      : 0
 io_uring Completion Count            : 0

-- Total I/O Time (block device) --
 Total Block I/O Time           : 0

-- Page Faults & Bytes --
 Page Fault Count               : 0
 Read Bytes                     : 0
 Write Bytes                    : 0
 Block Read Bytes               : 0
 Block Write Bytes              : 0
[===============================================]

[===============================================]
Result of node_idx 2 in node_object 0: Multiply (ND)

-- Elapsed Time Analysis --
 Wall-clock Time                      : 3 us
 - Non I/O Handling Time (Estimated)  : 3 us
 - I/O Handling Time                  : 0 us
        - Read Syscall                : 0 us
        - Write Syscall               : 0 us
        - Page Fault                  : 0 us
        - io_uring                    : 0 us

-- I/O Counts --
 Read Syscall Count                   : 0
 Write Syscall Count                  : 0
 Block I/O Count                      : 0
 io_uring Completion Count            : 0

-- Total I/O Time (block device) --
 Total Block I/O Time           : 0

-- Page Faults & Bytes --
 Page Fault Count               : 0
 Read Bytes                     : 0
 Write Bytes                    : 0
 Block Read Bytes               : 0
 Block Write Bytes              : 0
[===============================================]

[===============================================]
Result of node_idx 3 in node_object 0: Add (ND)

-- Elapsed Time Analysis --
 Wall-clock Time                      : 3 us
 - Non I/O Handling Time (Estimated)  : 3 us
 - I/O Handling Time                  : 0 us
        - Read Syscall                : 0 us
        - Write Syscall               : 0 us
        - Page Fault                  : 0 us
        - io_uring                    : 0 us

-- I/O Counts --
 Read Syscall Count                   : 0
 Write Syscall Count                  : 0
 Block I/O Count                      : 0
 io_uring Completion Count            : 0

-- Total I/O Time (block device) --
 Total Block I/O Time           : 0

-- Page Faults & Bytes --
 Page Fault Count               : 0
 Read Bytes                     : 0
 Write Bytes                    : 0
 Block Read Bytes               : 0
 Block Write Bytes              : 0
[===============================================]

[===============================================]
Result of node_idx 4 in node_object 0: Static Reshape (NC)

-- Elapsed Time Analysis --
 Wall-clock Time                      : 3 us
 - Non I/O Handling Time (Estimated)  : 3 us
 - I/O Handling Time                  : 0 us
        - Read Syscall                : 0 us
        - Write Syscall               : 0 us
        - Page Fault                  : 0 us
        - io_uring                    : 0 us

-- I/O Counts --
 Read Syscall Count                   : 0
 Write Syscall Count                  : 0
 Block I/O Count                      : 0
 io_uring Completion Count            : 0

-- Total I/O Time (block device) --
 Total Block I/O Time           : 0

-- Page Faults & Bytes --
 Page Fault Count               : 0
 Read Bytes                     : 0
 Write Bytes                    : 0
 Block Read Bytes               : 0
 Block Write Bytes              : 0
[===============================================]

[===============================================]
Result of node_idx 5 in node_object 0: Reciprocal Square Root (NC)

-- Elapsed Time Analysis --
 Wall-clock Time                      : 4 us
 - Non I/O Handling Time (Estimated)  : 4 us
 - I/O Handling Time                  : 0 us
        - Read Syscall                : 0 us
        - Write Syscall               : 0 us
        - Page Fault                  : 0 us
        - io_uring                    : 0 us

-- I/O Counts --
 Read Syscall Count                   : 0
 Write Syscall Count                  : 0
 Block I/O Count                      : 0
 io_uring Completion Count            : 0

-- Total I/O Time (block device) --
 Total Block I/O Time           : 0

-- Page Faults & Bytes --
 Page Fault Count               : 0
 Read Bytes                     : 0
 Write Bytes                    : 0
 Block Read Bytes               : 0
 Block Write Bytes              : 0
[===============================================]

[===============================================]
Result of node_idx 6 in node_object 0: Multiply (ND)

-- Elapsed Time Analysis --
 Wall-clock Time                      : 93 us
 - Non I/O Handling Time (Estimated)  : 93 us
 - I/O Handling Time                  : 0 us
        - Read Syscall                : 0 us
        - Write Syscall               : 0 us
        - Page Fault                  : 0 us
        - io_uring                    : 0 us

-- I/O Counts --
 Read Syscall Count                   : 0
 Write Syscall Count                  : 0
 Block I/O Count                      : 0
 io_uring Completion Count            : 0

-- Total I/O Time (block device) --
 Total Block I/O Time           : 0

-- Page Faults & Bytes --
 Page Fault Count               : 0
 Read Bytes                     : 0
 Write Bytes                    : 0
 Block Read Bytes               : 0
 Block Write Bytes              : 0
[===============================================]

[===============================================]
Result of node_idx 7 in node_object 0: Multiply (ND)

-- Elapsed Time Analysis --
 Wall-clock Time                      : 13 us
 - Non I/O Handling Time (Estimated)  : 13 us
 - I/O Handling Time                  : 0 us
        - Read Syscall                : 0 us
        - Write Syscall               : 0 us
        - Page Fault                  : 0 us
        - io_uring                    : 0 us

-- I/O Counts --
 Read Syscall Count                   : 0
 Write Syscall Count                  : 0
 Block I/O Count                      : 0
 io_uring Completion Count            : 0

-- Total I/O Time (block device) --
 Total Block I/O Time           : 0

-- Page Faults & Bytes --
 Page Fault Count               : 0
 Read Bytes                     : 0
 Write Bytes                    : 0
 Block Read Bytes               : 0
 Block Write Bytes              : 0
[===============================================]

[===============================================]
Result of node_idx 0 in node_object 0: Fully Connected (NC, QDU8, F32, QC8W)

-- Elapsed Time Analysis --
 Wall-clock Time                      : 557 us
 - Non I/O Handling Time (Estimated)  : 176 us
 - I/O Handling Time                  : 381 us
        - Read Syscall                : 0 us
        - Write Syscall               : 0 us
        - Page Fault                  : 381 us
        - io_uring                    : 0 us

-- I/O Counts --
 Read Syscall Count                   : 0
 Write Syscall Count                  : 0
 Block I/O Count                      : 2
 io_uring Completion Count            : 0

-- Total I/O Time (block device) --
 Total Block I/O Time           : 313

-- Page Faults & Bytes --
 Page Fault Count               : 2
 Read Bytes                     : 0
 Write Bytes                    : 0
 Block Read Bytes               : 45056
 Block Write Bytes              : 0
[===============================================]

[===============================================]
Result of node_idx 1 in node_object 0: Static Reshape (NC)

-- Elapsed Time Analysis --
 Wall-clock Time                      : 100 us
 - Non I/O Handling Time (Estimated)  : 100 us
 - I/O Handling Time                  : 0 us
        - Read Syscall                : 0 us
        - Write Syscall               : 0 us
        - Page Fault                  : 0 us
        - io_uring                    : 0 us

-- I/O Counts --
 Read Syscall Count                   : 0
 Write Syscall Count                  : 0
 Block I/O Count                      : 0
 io_uring Completion Count            : 0

-- Total I/O Time (block device) --
 Total Block I/O Time           : 0

-- Page Faults & Bytes --
 Page Fault Count               : 0
 Read Bytes                     : 0
 Write Bytes                    : 0
 Block Read Bytes               : 0
 Block Write Bytes              : 0
[===============================================]

[===============================================]
Result of node_idx 2 in node_object 0: Slice (ND, X32)

-- Elapsed Time Analysis --
 Wall-clock Time                      : 94 us
 - Non I/O Handling Time (Estimated)  : 94 us
 - I/O Handling Time                  : 0 us
        - Read Syscall                : 0 us
        - Write Syscall               : 0 us
        - Page Fault                  : 0 us
        - io_uring                    : 0 us

-- I/O Counts --
 Read Syscall Count                   : 0
 Write Syscall Count                  : 0
 Block I/O Count                      : 0
 io_uring Completion Count            : 0

-- Total I/O Time (block device) --
 Total Block I/O Time           : 0

-- Page Faults & Bytes --
 Page Fault Count               : 0
 Read Bytes                     : 0
 Write Bytes                    : 0
 Block Read Bytes               : 0
 Block Write Bytes              : 0
[===============================================]

[===============================================]
Result of node_idx 3 in node_object 0: Slice (ND, X32)

-- Elapsed Time Analysis --
 Wall-clock Time                      : 100 us
 - Non I/O Handling Time (Estimated)  : 100 us
 - I/O Handling Time                  : 0 us
        - Read Syscall                : 0 us
        - Write Syscall               : 0 us
        - Page Fault                  : 0 us
        - io_uring                    : 0 us

-- I/O Counts --
 Read Syscall Count                   : 0
 Write Syscall Count                  : 0
 Block I/O Count                      : 0
 io_uring Completion Count            : 0

-- Total I/O Time (block device) --
 Total Block I/O Time           : 0

-- Page Faults & Bytes --
 Page Fault Count               : 0
 Read Bytes                     : 0
 Write Bytes                    : 0
 Block Read Bytes               : 0
 Block Write Bytes              : 0
[===============================================]

[===============================================]
Result of node_idx 4 in node_object 0: Slice (ND, X32)

-- Elapsed Time Analysis --
 Wall-clock Time                      : 95 us
 - Non I/O Handling Time (Estimated)  : 95 us
 - I/O Handling Time                  : 0 us
        - Read Syscall                : 0 us
        - Write Syscall               : 0 us
        - Page Fault                  : 0 us
        - io_uring                    : 0 us

-- I/O Counts --
 Read Syscall Count                   : 0
 Write Syscall Count                  : 0
 Block I/O Count                      : 0
 io_uring Completion Count            : 0

-- Total I/O Time (block device) --
 Total Block I/O Time           : 0

-- Page Faults & Bytes --
 Page Fault Count               : 0
 Read Bytes                     : 0
 Write Bytes                    : 0
 Block Read Bytes               : 0
 Block Write Bytes              : 0
[===============================================]

[===============================================]
Result of node_idx 5 in node_object 0: Static Reshape (NC)

-- Elapsed Time Analysis --
 Wall-clock Time                      : 4 us
 - Non I/O Handling Time (Estimated)  : 4 us
 - I/O Handling Time                  : 0 us
        - Read Syscall                : 0 us
        - Write Syscall               : 0 us
        - Page Fault                  : 0 us
        - io_uring                    : 0 us

-- I/O Counts --
 Read Syscall Count                   : 0
 Write Syscall Count                  : 0
 Block I/O Count                      : 0
 io_uring Completion Count            : 0

-- Total I/O Time (block device) --
 Total Block I/O Time           : 0

-- Page Faults & Bytes --
 Page Fault Count               : 0
 Read Bytes                     : 0
 Write Bytes                    : 0
 Block Read Bytes               : 0
 Block Write Bytes              : 0
[===============================================]

[===============================================]
Result of node_idx 6 in node_object 0: Transpose (ND, X32)

-- Elapsed Time Analysis --
 Wall-clock Time                      : 4 us
 - Non I/O Handling Time (Estimated)  : 4 us
 - I/O Handling Time                  : 0 us
        - Read Syscall                : 0 us
        - Write Syscall               : 0 us
        - Page Fault                  : 0 us
        - io_uring                    : 0 us

-- I/O Counts --
 Read Syscall Count                   : 0
 Write Syscall Count                  : 0
 Block I/O Count                      : 0
 io_uring Completion Count            : 0

-- Total I/O Time (block device) --
 Total Block I/O Time           : 0

-- Page Faults & Bytes --
 Page Fault Count               : 0
 Read Bytes                     : 0
 Write Bytes                    : 0
 Block Read Bytes               : 0
 Block Write Bytes              : 0
[===============================================]

[===============================================]
Result of node_idx 7 in node_object 0: Slice (ND, X32)

-- Elapsed Time Analysis --
 Wall-clock Time                      : 85 us
 - Non I/O Handling Time (Estimated)  : 85 us
 - I/O Handling Time                  : 0 us
        - Read Syscall                : 0 us
        - Write Syscall               : 0 us
        - Page Fault                  : 0 us
        - io_uring                    : 0 us

-- I/O Counts --
 Read Syscall Count                   : 0
 Write Syscall Count                  : 0
 Block I/O Count                      : 0
 io_uring Completion Count            : 0

-- Total I/O Time (block device) --
 Total Block I/O Time           : 0

-- Page Faults & Bytes --
 Page Fault Count               : 0
 Read Bytes                     : 0
 Write Bytes                    : 0
 Block Read Bytes               : 0
 Block Write Bytes              : 0
[===============================================]

[===============================================]
Result of node_idx 8 in node_object 0: Slice (ND, X32)

-- Elapsed Time Analysis --
 Wall-clock Time                      : 94 us
 - Non I/O Handling Time (Estimated)  : 94 us
 - I/O Handling Time                  : 0 us
        - Read Syscall                : 0 us
        - Write Syscall               : 0 us
        - Page Fault                  : 0 us
        - io_uring                    : 0 us

-- I/O Counts --
 Read Syscall Count                   : 0
 Write Syscall Count                  : 0
 Block I/O Count                      : 0
 io_uring Completion Count            : 0

-- Total I/O Time (block device) --
 Total Block I/O Time           : 0

-- Page Faults & Bytes --
 Page Fault Count               : 0
 Read Bytes                     : 0
 Write Bytes                    : 0
 Block Read Bytes               : 0
 Block Write Bytes              : 0
[===============================================]

[===============================================]
Result of node_idx 9 in node_object 0: Multiply (ND)

-- Elapsed Time Analysis --
 Wall-clock Time                      : 170 us
 - Non I/O Handling Time (Estimated)  : 170 us
 - I/O Handling Time                  : 0 us
        - Read Syscall                : 0 us
        - Write Syscall               : 0 us
        - Page Fault                  : 0 us
        - io_uring                    : 0 us

-- I/O Counts --
 Read Syscall Count                   : 0
 Write Syscall Count                  : 0
 Block I/O Count                      : 0
 io_uring Completion Count            : 0

-- Total I/O Time (block device) --
 Total Block I/O Time           : 0

-- Page Faults & Bytes --
 Page Fault Count               : 0
 Read Bytes                     : 0
 Write Bytes                    : 0
 Block Read Bytes               : 0
 Block Write Bytes              : 0
[===============================================]

[===============================================]
Result of node_idx 10 in node_object 0: Multiply (ND)

-- Elapsed Time Analysis --
 Wall-clock Time                      : 104 us
 - Non I/O Handling Time (Estimated)  : 104 us
 - I/O Handling Time                  : 0 us
        - Read Syscall                : 0 us
        - Write Syscall               : 0 us
        - Page Fault                  : 0 us
        - io_uring                    : 0 us

-- I/O Counts --
 Read Syscall Count                   : 0
 Write Syscall Count                  : 0
 Block I/O Count                      : 0
 io_uring Completion Count            : 0

-- Total I/O Time (block device) --
 Total Block I/O Time           : 0

-- Page Faults & Bytes --
 Page Fault Count               : 0
 Read Bytes                     : 0
 Write Bytes                    : 0
 Block Read Bytes               : 0
 Block Write Bytes              : 0
[===============================================]

[===============================================]
Result of node_idx 11 in node_object 0: Subtract (ND)

-- Elapsed Time Analysis --
 Wall-clock Time                      : 89 us
 - Non I/O Handling Time (Estimated)  : 89 us
 - I/O Handling Time                  : 0 us
        - Read Syscall                : 0 us
        - Write Syscall               : 0 us
        - Page Fault                  : 0 us
        - io_uring                    : 0 us

-- I/O Counts --
 Read Syscall Count                   : 0
 Write Syscall Count                  : 0
 Block I/O Count                      : 0
 io_uring Completion Count            : 0

-- Total I/O Time (block device) --
 Total Block I/O Time           : 0

-- Page Faults & Bytes --
 Page Fault Count               : 0
 Read Bytes                     : 0
 Write Bytes                    : 0
 Block Read Bytes               : 0
 Block Write Bytes              : 0
[===============================================]

[===============================================]
Result of node_idx 12 in node_object 0: Multiply (ND)

-- Elapsed Time Analysis --
 Wall-clock Time                      : 89 us
 - Non I/O Handling Time (Estimated)  : 89 us
 - I/O Handling Time                  : 0 us
        - Read Syscall                : 0 us
        - Write Syscall               : 0 us
        - Page Fault                  : 0 us
        - io_uring                    : 0 us

-- I/O Counts --
 Read Syscall Count                   : 0
 Write Syscall Count                  : 0
 Block I/O Count                      : 0
 io_uring Completion Count            : 0

-- Total I/O Time (block device) --
 Total Block I/O Time           : 0

-- Page Faults & Bytes --
 Page Fault Count               : 0
 Read Bytes                     : 0
 Write Bytes                    : 0
 Block Read Bytes               : 0
 Block Write Bytes              : 0
[===============================================]

[===============================================]
Result of node_idx 13 in node_object 0: Multiply (ND)

-- Elapsed Time Analysis --
 Wall-clock Time                      : 97 us
 - Non I/O Handling Time (Estimated)  : 97 us
 - I/O Handling Time                  : 0 us
        - Read Syscall                : 0 us
        - Write Syscall               : 0 us
        - Page Fault                  : 0 us
        - io_uring                    : 0 us

-- I/O Counts --
 Read Syscall Count                   : 0
 Write Syscall Count                  : 0
 Block I/O Count                      : 0
 io_uring Completion Count            : 0

-- Total I/O Time (block device) --
 Total Block I/O Time           : 0

-- Page Faults & Bytes --
 Page Fault Count               : 0
 Read Bytes                     : 0
 Write Bytes                    : 0
 Block Read Bytes               : 0
 Block Write Bytes              : 0
[===============================================]

[===============================================]
Result of node_idx 14 in node_object 0: Add (ND)

-- Elapsed Time Analysis --
 Wall-clock Time                      : 100 us
 - Non I/O Handling Time (Estimated)  : 100 us
 - I/O Handling Time                  : 0 us
        - Read Syscall                : 0 us
        - Write Syscall               : 0 us
        - Page Fault                  : 0 us
        - io_uring                    : 0 us

-- I/O Counts --
 Read Syscall Count                   : 0
 Write Syscall Count                  : 0
 Block I/O Count                      : 0
 io_uring Completion Count            : 0

-- Total I/O Time (block device) --
 Total Block I/O Time           : 0

-- Page Faults & Bytes --
 Page Fault Count               : 0
 Read Bytes                     : 0
 Write Bytes                    : 0
 Block Read Bytes               : 0
 Block Write Bytes              : 0
[===============================================]

[===============================================]
Result of node_idx 15 in node_object 0: Copy (NC, X32)

-- Elapsed Time Analysis --
 Wall-clock Time                      : 159 us
 - Non I/O Handling Time (Estimated)  : 159 us
 - I/O Handling Time                  : 0 us
        - Read Syscall                : 0 us
        - Write Syscall               : 0 us
        - Page Fault                  : 0 us
        - io_uring                    : 0 us

-- I/O Counts --
 Read Syscall Count                   : 0
 Write Syscall Count                  : 0
 Block I/O Count                      : 0
 io_uring Completion Count            : 0

-- Total I/O Time (block device) --
 Total Block I/O Time           : 0

-- Page Faults & Bytes --
 Page Fault Count               : 0
 Read Bytes                     : 0
 Write Bytes                    : 0
 Block Read Bytes               : 0
 Block Write Bytes              : 0
[===============================================]

[===============================================]
Result of node_idx 15 in node_object 1: Copy (NC, X32)

-- Elapsed Time Analysis --
 Wall-clock Time                      : 93 us
 - Non I/O Handling Time (Estimated)  : 93 us
 - I/O Handling Time                  : 0 us
        - Read Syscall                : 0 us
        - Write Syscall               : 0 us
        - Page Fault                  : 0 us
        - io_uring                    : 0 us

-- I/O Counts --
 Read Syscall Count                   : 0
 Write Syscall Count                  : 0
 Block I/O Count                      : 0
 io_uring Completion Count            : 0

-- Total I/O Time (block device) --
 Total Block I/O Time           : 0

-- Page Faults & Bytes --
 Page Fault Count               : 0
 Read Bytes                     : 0
 Write Bytes                    : 0
 Block Read Bytes               : 0
 Block Write Bytes              : 0
[===============================================]

[===============================================]
Result of node_idx 16 in node_object 0: Transpose (ND, X32)

-- Elapsed Time Analysis --
 Wall-clock Time                      : 5 us
 - Non I/O Handling Time (Estimated)  : 5 us
 - I/O Handling Time                  : 0 us
        - Read Syscall                : 0 us
        - Write Syscall               : 0 us
        - Page Fault                  : 0 us
        - io_uring                    : 0 us

-- I/O Counts --
 Read Syscall Count                   : 0
 Write Syscall Count                  : 0
 Block I/O Count                      : 0
 io_uring Completion Count            : 0

-- Total I/O Time (block device) --
 Total Block I/O Time           : 0

-- Page Faults & Bytes --
 Page Fault Count               : 0
 Read Bytes                     : 0
 Write Bytes                    : 0
 Block Read Bytes               : 0
 Block Write Bytes              : 0
[===============================================]

[===============================================]
Result of node_idx 17 in node_object 0: Transpose (ND, X32)

-- Elapsed Time Analysis --
 Wall-clock Time                      : 3 us
 - Non I/O Handling Time (Estimated)  : 3 us
 - I/O Handling Time                  : 0 us
        - Read Syscall                : 0 us
        - Write Syscall               : 0 us
        - Page Fault                  : 0 us
        - io_uring                    : 0 us

-- I/O Counts --
 Read Syscall Count                   : 0
 Write Syscall Count                  : 0
 Block I/O Count                      : 0
 io_uring Completion Count            : 0

-- Total I/O Time (block device) --
 Total Block I/O Time           : 0

-- Page Faults & Bytes --
 Page Fault Count               : 0
 Read Bytes                     : 0
 Write Bytes                    : 0
 Block Read Bytes               : 0
 Block Write Bytes              : 0
[===============================================]

[===============================================]
Result of node_idx 18 in node_object 0: Slice (ND, X32)

-- Elapsed Time Analysis --
 Wall-clock Time                      : 135 us
 - Non I/O Handling Time (Estimated)  : 135 us
 - I/O Handling Time                  : 0 us
        - Read Syscall                : 0 us
        - Write Syscall               : 0 us
        - Page Fault                  : 0 us
        - io_uring                    : 0 us

-- I/O Counts --
 Read Syscall Count                   : 0
 Write Syscall Count                  : 0
 Block I/O Count                      : 0
 io_uring Completion Count            : 0

-- Total I/O Time (block device) --
 Total Block I/O Time           : 0

-- Page Faults & Bytes --
 Page Fault Count               : 0
 Read Bytes                     : 0
 Write Bytes                    : 0
 Block Read Bytes               : 0
 Block Write Bytes              : 0
[===============================================]

[===============================================]
Result of node_idx 19 in node_object 0: Slice (ND, X32)

-- Elapsed Time Analysis --
 Wall-clock Time                      : 79 us
 - Non I/O Handling Time (Estimated)  : 79 us
 - I/O Handling Time                  : 0 us
        - Read Syscall                : 0 us
        - Write Syscall               : 0 us
        - Page Fault                  : 0 us
        - io_uring                    : 0 us

-- I/O Counts --
 Read Syscall Count                   : 0
 Write Syscall Count                  : 0
 Block I/O Count                      : 0
 io_uring Completion Count            : 0

-- Total I/O Time (block device) --
 Total Block I/O Time           : 0

-- Page Faults & Bytes --
 Page Fault Count               : 0
 Read Bytes                     : 0
 Write Bytes                    : 0
 Block Read Bytes               : 0
 Block Write Bytes              : 0
[===============================================]

[===============================================]
Result of node_idx 20 in node_object 0: Multiply (ND)

-- Elapsed Time Analysis --
 Wall-clock Time                      : 84 us
 - Non I/O Handling Time (Estimated)  : 84 us
 - I/O Handling Time                  : 0 us
        - Read Syscall                : 0 us
        - Write Syscall               : 0 us
        - Page Fault                  : 0 us
        - io_uring                    : 0 us

-- I/O Counts --
 Read Syscall Count                   : 0
 Write Syscall Count                  : 0
 Block I/O Count                      : 0
 io_uring Completion Count            : 0

-- Total I/O Time (block device) --
 Total Block I/O Time           : 0

-- Page Faults & Bytes --
 Page Fault Count               : 0
 Read Bytes                     : 0
 Write Bytes                    : 0
 Block Read Bytes               : 0
 Block Write Bytes              : 0
[===============================================]

[===============================================]
Result of node_idx 21 in node_object 0: Multiply (ND)

-- Elapsed Time Analysis --
 Wall-clock Time                      : 79 us
 - Non I/O Handling Time (Estimated)  : 79 us
 - I/O Handling Time                  : 0 us
        - Read Syscall                : 0 us
        - Write Syscall               : 0 us
        - Page Fault                  : 0 us
        - io_uring                    : 0 us

-- I/O Counts --
 Read Syscall Count                   : 0
 Write Syscall Count                  : 0
 Block I/O Count                      : 0
 io_uring Completion Count            : 0

-- Total I/O Time (block device) --
 Total Block I/O Time           : 0

-- Page Faults & Bytes --
 Page Fault Count               : 0
 Read Bytes                     : 0
 Write Bytes                    : 0
 Block Read Bytes               : 0
 Block Write Bytes              : 0
[===============================================]

[===============================================]
Result of node_idx 22 in node_object 0: Subtract (ND)

-- Elapsed Time Analysis --
 Wall-clock Time                      : 89 us
 - Non I/O Handling Time (Estimated)  : 89 us
 - I/O Handling Time                  : 0 us
        - Read Syscall                : 0 us
        - Write Syscall               : 0 us
        - Page Fault                  : 0 us
        - io_uring                    : 0 us

-- I/O Counts --
 Read Syscall Count                   : 0
 Write Syscall Count                  : 0
 Block I/O Count                      : 0
 io_uring Completion Count            : 0

-- Total I/O Time (block device) --
 Total Block I/O Time           : 0

-- Page Faults & Bytes --
 Page Fault Count               : 0
 Read Bytes                     : 0
 Write Bytes                    : 0
 Block Read Bytes               : 0
 Block Write Bytes              : 0
[===============================================]

[===============================================]
Result of node_idx 23 in node_object 0: Multiply (ND)

-- Elapsed Time Analysis --
 Wall-clock Time                      : 84 us
 - Non I/O Handling Time (Estimated)  : 84 us
 - I/O Handling Time                  : 0 us
        - Read Syscall                : 0 us
        - Write Syscall               : 0 us
        - Page Fault                  : 0 us
        - io_uring                    : 0 us

-- I/O Counts --
 Read Syscall Count                   : 0
 Write Syscall Count                  : 0
 Block I/O Count                      : 0
 io_uring Completion Count            : 0

-- Total I/O Time (block device) --
 Total Block I/O Time           : 0

-- Page Faults & Bytes --
 Page Fault Count               : 0
 Read Bytes                     : 0
 Write Bytes                    : 0
 Block Read Bytes               : 0
 Block Write Bytes              : 0
[===============================================]

[===============================================]
Result of node_idx 24 in node_object 0: Multiply (ND)

-- Elapsed Time Analysis --
 Wall-clock Time                      : 80 us
 - Non I/O Handling Time (Estimated)  : 80 us
 - I/O Handling Time                  : 0 us
        - Read Syscall                : 0 us
        - Write Syscall               : 0 us
        - Page Fault                  : 0 us
        - io_uring                    : 0 us

-- I/O Counts --
 Read Syscall Count                   : 0
 Write Syscall Count                  : 0
 Block I/O Count                      : 0
 io_uring Completion Count            : 0

-- Total I/O Time (block device) --
 Total Block I/O Time           : 0

-- Page Faults & Bytes --
 Page Fault Count               : 0
 Read Bytes                     : 0
 Write Bytes                    : 0
 Block Read Bytes               : 0
 Block Write Bytes              : 0
[===============================================]

[===============================================]
Result of node_idx 25 in node_object 0: Add (ND)

-- Elapsed Time Analysis --
 Wall-clock Time                      : 79 us
 - Non I/O Handling Time (Estimated)  : 79 us
 - I/O Handling Time                  : 0 us
        - Read Syscall                : 0 us
        - Write Syscall               : 0 us
        - Page Fault                  : 0 us
        - io_uring                    : 0 us

-- I/O Counts --
 Read Syscall Count                   : 0
 Write Syscall Count                  : 0
 Block I/O Count                      : 0
 io_uring Completion Count            : 0

-- Total I/O Time (block device) --
 Total Block I/O Time           : 0

-- Page Faults & Bytes --
 Page Fault Count               : 0
 Read Bytes                     : 0
 Write Bytes                    : 0
 Block Read Bytes               : 0
 Block Write Bytes              : 0
[===============================================]

[===============================================]
Result of node_idx 26 in node_object 0: Copy (NC, X32)

-- Elapsed Time Analysis --
 Wall-clock Time                      : 73 us
 - Non I/O Handling Time (Estimated)  : 73 us
 - I/O Handling Time                  : 0 us
        - Read Syscall                : 0 us
        - Write Syscall               : 0 us
        - Page Fault                  : 0 us
        - io_uring                    : 0 us

-- I/O Counts --
 Read Syscall Count                   : 0
 Write Syscall Count                  : 0
 Block I/O Count                      : 0
 io_uring Completion Count            : 0

-- Total I/O Time (block device) --
 Total Block I/O Time           : 0

-- Page Faults & Bytes --
 Page Fault Count               : 0
 Read Bytes                     : 0
 Write Bytes                    : 0
 Block Read Bytes               : 0
 Block Write Bytes              : 0
[===============================================]

[===============================================]
Result of node_idx 26 in node_object 1: Copy (NC, X32)

-- Elapsed Time Analysis --
 Wall-clock Time                      : 73 us
 - Non I/O Handling Time (Estimated)  : 73 us
 - I/O Handling Time                  : 0 us
        - Read Syscall                : 0 us
        - Write Syscall               : 0 us
        - Page Fault                  : 0 us
        - io_uring                    : 0 us

-- I/O Counts --
 Read Syscall Count                   : 0
 Write Syscall Count                  : 0
 Block I/O Count                      : 0
 io_uring Completion Count            : 0

-- Total I/O Time (block device) --
 Total Block I/O Time           : 0

-- Page Faults & Bytes --
 Page Fault Count               : 0
 Read Bytes                     : 0
 Write Bytes                    : 0
 Block Read Bytes               : 0
 Block Write Bytes              : 0
[===============================================]

[===============================================]
Result of node_idx 27 in node_object 0: Transpose (ND, X32)

-- Elapsed Time Analysis --
 Wall-clock Time                      : 3 us
 - Non I/O Handling Time (Estimated)  : 3 us
 - I/O Handling Time                  : 0 us
        - Read Syscall                : 0 us
        - Write Syscall               : 0 us
        - Page Fault                  : 0 us
        - io_uring                    : 0 us

-- I/O Counts --
 Read Syscall Count                   : 0
 Write Syscall Count                  : 0
 Block I/O Count                      : 0
 io_uring Completion Count            : 0

-- Total I/O Time (block device) --
 Total Block I/O Time           : 0

-- Page Faults & Bytes --
 Page Fault Count               : 0
 Read Bytes                     : 0
 Write Bytes                    : 0
 Block Read Bytes               : 0
 Block Write Bytes              : 0
[===============================================]

[===============================================]
Result of node_idx 0 in node_object 0: Multiply (ND)

-- Elapsed Time Analysis --
 Wall-clock Time                      : 79 us
 - Non I/O Handling Time (Estimated)  : 79 us
 - I/O Handling Time                  : 0 us
        - Read Syscall                : 0 us
        - Write Syscall               : 0 us
        - Page Fault                  : 0 us
        - io_uring                    : 0 us

-- I/O Counts --
 Read Syscall Count                   : 0
 Write Syscall Count                  : 0
 Block I/O Count                      : 0
 io_uring Completion Count            : 0

-- Total I/O Time (block device) --
 Total Block I/O Time           : 0

-- Page Faults & Bytes --
 Page Fault Count               : 0
 Read Bytes                     : 0
 Write Bytes                    : 0
 Block Read Bytes               : 0
 Block Write Bytes              : 0
[===============================================]

[===============================================]
Result of node_idx 1 in node_object 0: Transpose (ND, X32)

-- Elapsed Time Analysis --
 Wall-clock Time                      : 3 us
 - Non I/O Handling Time (Estimated)  : 3 us
 - I/O Handling Time                  : 0 us
        - Read Syscall                : 0 us
        - Write Syscall               : 0 us
        - Page Fault                  : 0 us
        - io_uring                    : 0 us

-- I/O Counts --
 Read Syscall Count                   : 0
 Write Syscall Count                  : 0
 Block I/O Count                      : 0
 io_uring Completion Count            : 0

-- Total I/O Time (block device) --
 Total Block I/O Time           : 0

-- Page Faults & Bytes --
 Page Fault Count               : 0
 Read Bytes                     : 0
 Write Bytes                    : 0
 Block Read Bytes               : 0
 Block Write Bytes              : 0
[===============================================]

[===============================================]
Result of node_idx 2 in node_object 0: Transpose (ND, X32)

-- Elapsed Time Analysis --
 Wall-clock Time                      : 102 us
 - Non I/O Handling Time (Estimated)  : 102 us
 - I/O Handling Time                  : 0 us
        - Read Syscall                : 0 us
        - Write Syscall               : 0 us
        - Page Fault                  : 0 us
        - io_uring                    : 0 us

-- I/O Counts --
 Read Syscall Count                   : 0
 Write Syscall Count                  : 0
 Block I/O Count                      : 0
 io_uring Completion Count            : 0

-- Total I/O Time (block device) --
 Total Block I/O Time           : 0

-- Page Faults & Bytes --
 Page Fault Count               : 0
 Read Bytes                     : 0
 Write Bytes                    : 0
 Block Read Bytes               : 0
 Block Write Bytes              : 0
[===============================================]

[===============================================]
Result of node_idx 3 in node_object 0: Static Reshape (NC)

-- Elapsed Time Analysis --
 Wall-clock Time                      : 3 us
 - Non I/O Handling Time (Estimated)  : 3 us
 - I/O Handling Time                  : 0 us
        - Read Syscall                : 0 us
        - Write Syscall               : 0 us
        - Page Fault                  : 0 us
        - io_uring                    : 0 us

-- I/O Counts --
 Read Syscall Count                   : 0
 Write Syscall Count                  : 0
 Block I/O Count                      : 0
 io_uring Completion Count            : 0

-- Total I/O Time (block device) --
 Total Block I/O Time           : 0

-- Page Faults & Bytes --
 Page Fault Count               : 0
 Read Bytes                     : 0
 Write Bytes                    : 0
 Block Read Bytes               : 0
 Block Write Bytes              : 0
[===============================================]

[===============================================]
Result of node_idx 4 in node_object 0: Static Reshape (NC)

-- Elapsed Time Analysis --
 Wall-clock Time                      : 3 us
 - Non I/O Handling Time (Estimated)  : 3 us
 - I/O Handling Time                  : 0 us
        - Read Syscall                : 0 us
        - Write Syscall               : 0 us
        - Page Fault                  : 0 us
        - io_uring                    : 0 us

-- I/O Counts --
 Read Syscall Count                   : 0
 Write Syscall Count                  : 0
 Block I/O Count                      : 0
 io_uring Completion Count            : 0

-- Total I/O Time (block device) --
 Total Block I/O Time           : 0

-- Page Faults & Bytes --
 Page Fault Count               : 0
 Read Bytes                     : 0
 Write Bytes                    : 0
 Block Read Bytes               : 0
 Block Write Bytes              : 0
[===============================================]

[===============================================]
Result of node_idx 5 in node_object 0: Batch Matrix Multiply (NC, F32)

-- Elapsed Time Analysis --
 Wall-clock Time                      : 207 us
 - Non I/O Handling Time (Estimated)  : 207 us
 - I/O Handling Time                  : 0 us
        - Read Syscall                : 0 us
        - Write Syscall               : 0 us
        - Page Fault                  : 0 us
        - io_uring                    : 0 us

-- I/O Counts --
 Read Syscall Count                   : 0
 Write Syscall Count                  : 0
 Block I/O Count                      : 0
 io_uring Completion Count            : 0

-- Total I/O Time (block device) --
 Total Block I/O Time           : 0

-- Page Faults & Bytes --
 Page Fault Count               : 0
 Read Bytes                     : 0
 Write Bytes                    : 0
 Block Read Bytes               : 0
 Block Write Bytes              : 0
[===============================================]

[===============================================]
Result of node_idx 6 in node_object 0: Static Reshape (NC)

-- Elapsed Time Analysis --
 Wall-clock Time                      : 3 us
 - Non I/O Handling Time (Estimated)  : 3 us
 - I/O Handling Time                  : 0 us
        - Read Syscall                : 0 us
        - Write Syscall               : 0 us
        - Page Fault                  : 0 us
        - io_uring                    : 0 us

-- I/O Counts --
 Read Syscall Count                   : 0
 Write Syscall Count                  : 0
 Block I/O Count                      : 0
 io_uring Completion Count            : 0

-- Total I/O Time (block device) --
 Total Block I/O Time           : 0

-- Page Faults & Bytes --
 Page Fault Count               : 0
 Read Bytes                     : 0
 Write Bytes                    : 0
 Block Read Bytes               : 0
 Block Write Bytes              : 0
[===============================================]

[===============================================]
Result of node_idx 7 in node_object 0: Add (ND)

-- Elapsed Time Analysis --
 Wall-clock Time                      : 82 us
 - Non I/O Handling Time (Estimated)  : 82 us
 - I/O Handling Time                  : 0 us
        - Read Syscall                : 0 us
        - Write Syscall               : 0 us
        - Page Fault                  : 0 us
        - io_uring                    : 0 us

-- I/O Counts --
 Read Syscall Count                   : 0
 Write Syscall Count                  : 0
 Block I/O Count                      : 0
 io_uring Completion Count            : 0

-- Total I/O Time (block device) --
 Total Block I/O Time           : 0

-- Page Faults & Bytes --
 Page Fault Count               : 0
 Read Bytes                     : 0
 Write Bytes                    : 0
 Block Read Bytes               : 0
 Block Write Bytes              : 0
[===============================================]

[===============================================]
Result of node_idx 8 in node_object 0: Softmax (NC, F32)

-- Elapsed Time Analysis --
 Wall-clock Time                      : 97 us
 - Non I/O Handling Time (Estimated)  : 97 us
 - I/O Handling Time                  : 0 us
        - Read Syscall                : 0 us
        - Write Syscall               : 0 us
        - Page Fault                  : 0 us
        - io_uring                    : 0 us

-- I/O Counts --
 Read Syscall Count                   : 0
 Write Syscall Count                  : 0
 Block I/O Count                      : 0
 io_uring Completion Count            : 0

-- Total I/O Time (block device) --
 Total Block I/O Time           : 0

-- Page Faults & Bytes --
 Page Fault Count               : 0
 Read Bytes                     : 0
 Write Bytes                    : 0
 Block Read Bytes               : 0
 Block Write Bytes              : 0
[===============================================]

[===============================================]
Result of node_idx 9 in node_object 0: Transpose (ND, X32)

-- Elapsed Time Analysis --
 Wall-clock Time                      : 120 us
 - Non I/O Handling Time (Estimated)  : 120 us
 - I/O Handling Time                  : 0 us
        - Read Syscall                : 0 us
        - Write Syscall               : 0 us
        - Page Fault                  : 0 us
        - io_uring                    : 0 us

-- I/O Counts --
 Read Syscall Count                   : 0
 Write Syscall Count                  : 0
 Block I/O Count                      : 0
 io_uring Completion Count            : 0

-- Total I/O Time (block device) --
 Total Block I/O Time           : 0

-- Page Faults & Bytes --
 Page Fault Count               : 0
 Read Bytes                     : 0
 Write Bytes                    : 0
 Block Read Bytes               : 0
 Block Write Bytes              : 0
[===============================================]

[===============================================]
Result of node_idx 10 in node_object 0: Static Reshape (NC)

-- Elapsed Time Analysis --
 Wall-clock Time                      : 3 us
 - Non I/O Handling Time (Estimated)  : 3 us
 - I/O Handling Time                  : 0 us
        - Read Syscall                : 0 us
        - Write Syscall               : 0 us
        - Page Fault                  : 0 us
        - io_uring                    : 0 us

-- I/O Counts --
 Read Syscall Count                   : 0
 Write Syscall Count                  : 0
 Block I/O Count                      : 0
 io_uring Completion Count            : 0

-- Total I/O Time (block device) --
 Total Block I/O Time           : 0

-- Page Faults & Bytes --
 Page Fault Count               : 0
 Read Bytes                     : 0
 Write Bytes                    : 0
 Block Read Bytes               : 0
 Block Write Bytes              : 0
[===============================================]

[===============================================]
Result of node_idx 11 in node_object 0: Static Reshape (NC)

-- Elapsed Time Analysis --
 Wall-clock Time                      : 2 us
 - Non I/O Handling Time (Estimated)  : 2 us
 - I/O Handling Time                  : 0 us
        - Read Syscall                : 0 us
        - Write Syscall               : 0 us
        - Page Fault                  : 0 us
        - io_uring                    : 0 us

-- I/O Counts --
 Read Syscall Count                   : 0
 Write Syscall Count                  : 0
 Block I/O Count                      : 0
 io_uring Completion Count            : 0

-- Total I/O Time (block device) --
 Total Block I/O Time           : 0

-- Page Faults & Bytes --
 Page Fault Count               : 0
 Read Bytes                     : 0
 Write Bytes                    : 0
 Block Read Bytes               : 0
 Block Write Bytes              : 0
[===============================================]

[===============================================]
Result of node_idx 12 in node_object 0: Batch Matrix Multiply (NC, F32)

-- Elapsed Time Analysis --
 Wall-clock Time                      : 215 us
 - Non I/O Handling Time (Estimated)  : 215 us
 - I/O Handling Time                  : 0 us
        - Read Syscall                : 0 us
        - Write Syscall               : 0 us
        - Page Fault                  : 0 us
        - io_uring                    : 0 us

-- I/O Counts --
 Read Syscall Count                   : 0
 Write Syscall Count                  : 0
 Block I/O Count                      : 0
 io_uring Completion Count            : 0

-- Total I/O Time (block device) --
 Total Block I/O Time           : 0

-- Page Faults & Bytes --
 Page Fault Count               : 0
 Read Bytes                     : 0
 Write Bytes                    : 0
 Block Read Bytes               : 0
 Block Write Bytes              : 0
[===============================================]

[===============================================]
Result of node_idx 13 in node_object 0: Static Reshape (NC)

-- Elapsed Time Analysis --
 Wall-clock Time                      : 2 us
 - Non I/O Handling Time (Estimated)  : 2 us
 - I/O Handling Time                  : 0 us
        - Read Syscall                : 0 us
        - Write Syscall               : 0 us
        - Page Fault                  : 0 us
        - io_uring                    : 0 us

-- I/O Counts --
 Read Syscall Count                   : 0
 Write Syscall Count                  : 0
 Block I/O Count                      : 0
 io_uring Completion Count            : 0

-- Total I/O Time (block device) --
 Total Block I/O Time           : 0

-- Page Faults & Bytes --
 Page Fault Count               : 0
 Read Bytes                     : 0
 Write Bytes                    : 0
 Block Read Bytes               : 0
 Block Write Bytes              : 0
[===============================================]

[===============================================]
Result of node_idx 14 in node_object 0: Transpose (ND, X32)

-- Elapsed Time Analysis --
 Wall-clock Time                      : 3 us
 - Non I/O Handling Time (Estimated)  : 3 us
 - I/O Handling Time                  : 0 us
        - Read Syscall                : 0 us
        - Write Syscall               : 0 us
        - Page Fault                  : 0 us
        - io_uring                    : 0 us

-- I/O Counts --
 Read Syscall Count                   : 0
 Write Syscall Count                  : 0
 Block I/O Count                      : 0
 io_uring Completion Count            : 0

-- Total I/O Time (block device) --
 Total Block I/O Time           : 0

-- Page Faults & Bytes --
 Page Fault Count               : 0
 Read Bytes                     : 0
 Write Bytes                    : 0
 Block Read Bytes               : 0
 Block Write Bytes              : 0
[===============================================]

[===============================================]
Result of node_idx 15 in node_object 0: Static Reshape (NC)

-- Elapsed Time Analysis --
 Wall-clock Time                      : 2 us
 - Non I/O Handling Time (Estimated)  : 2 us
 - I/O Handling Time                  : 0 us
        - Read Syscall                : 0 us
        - Write Syscall               : 0 us
        - Page Fault                  : 0 us
        - io_uring                    : 0 us

-- I/O Counts --
 Read Syscall Count                   : 0
 Write Syscall Count                  : 0
 Block I/O Count                      : 0
 io_uring Completion Count            : 0

-- Total I/O Time (block device) --
 Total Block I/O Time           : 0

-- Page Faults & Bytes --
 Page Fault Count               : 0
 Read Bytes                     : 0
 Write Bytes                    : 0
 Block Read Bytes               : 0
 Block Write Bytes              : 0
[===============================================]

[===============================================]
Result of node_idx 16 in node_object 0: Fully Connected (NC, QDU8, F32, QC8W)

-- Elapsed Time Analysis --
 Wall-clock Time                      : 445 us
 - Non I/O Handling Time (Estimated)  : 168 us
 - I/O Handling Time                  : 277 us
        - Read Syscall                : 0 us
        - Write Syscall               : 0 us
        - Page Fault                  : 277 us
        - io_uring                    : 0 us

-- I/O Counts --
 Read Syscall Count                   : 0
 Write Syscall Count                  : 0
 Block I/O Count                      : 3
 io_uring Completion Count            : 0

-- Total I/O Time (block device) --
 Total Block I/O Time           : 758

-- Page Faults & Bytes --
 Page Fault Count               : 6
 Read Bytes                     : 0
 Write Bytes                    : 0
 Block Read Bytes               : 86016
 Block Write Bytes              : 0
[===============================================]

[===============================================]
Result of node_idx 17 in node_object 0: Add (ND)

-- Elapsed Time Analysis --
 Wall-clock Time                      : 17 us
 - Non I/O Handling Time (Estimated)  : 17 us
 - I/O Handling Time                  : 0 us
        - Read Syscall                : 0 us
        - Write Syscall               : 0 us
        - Page Fault                  : 0 us
        - io_uring                    : 0 us

-- I/O Counts --
 Read Syscall Count                   : 0
 Write Syscall Count                  : 0
 Block I/O Count                      : 0
 io_uring Completion Count            : 0

-- Total I/O Time (block device) --
 Total Block I/O Time           : 0

-- Page Faults & Bytes --
 Page Fault Count               : 0
 Read Bytes                     : 0
 Write Bytes                    : 0
 Block Read Bytes               : 0
 Block Write Bytes              : 0
[===============================================]

[===============================================]
Result of node_idx 0 in node_object 0: Multiply (ND)

-- Elapsed Time Analysis --
 Wall-clock Time                      : 83 us
 - Non I/O Handling Time (Estimated)  : 83 us
 - I/O Handling Time                  : 0 us
        - Read Syscall                : 0 us
        - Write Syscall               : 0 us
        - Page Fault                  : 0 us
        - io_uring                    : 0 us

-- I/O Counts --
 Read Syscall Count                   : 0
 Write Syscall Count                  : 0
 Block I/O Count                      : 0
 io_uring Completion Count            : 0

-- Total I/O Time (block device) --
 Total Block I/O Time           : 0

-- Page Faults & Bytes --
 Page Fault Count               : 0
 Read Bytes                     : 0
 Write Bytes                    : 0
 Block Read Bytes               : 0
 Block Write Bytes              : 0
[===============================================]

[===============================================]
Result of node_idx 1 in node_object 0: Sum (ND)

-- Elapsed Time Analysis --
 Wall-clock Time                      : 91 us
 - Non I/O Handling Time (Estimated)  : 91 us
 - I/O Handling Time                  : 0 us
        - Read Syscall                : 0 us
        - Write Syscall               : 0 us
        - Page Fault                  : 0 us
        - io_uring                    : 0 us

-- I/O Counts --
 Read Syscall Count                   : 0
 Write Syscall Count                  : 0
 Block I/O Count                      : 0
 io_uring Completion Count            : 0

-- Total I/O Time (block device) --
 Total Block I/O Time           : 0

-- Page Faults & Bytes --
 Page Fault Count               : 0
 Read Bytes                     : 0
 Write Bytes                    : 0
 Block Read Bytes               : 0
 Block Write Bytes              : 0
[===============================================]

[===============================================]
Result of node_idx 2 in node_object 0: Multiply (ND)

-- Elapsed Time Analysis --
 Wall-clock Time                      : 3 us
 - Non I/O Handling Time (Estimated)  : 3 us
 - I/O Handling Time                  : 0 us
        - Read Syscall                : 0 us
        - Write Syscall               : 0 us
        - Page Fault                  : 0 us
        - io_uring                    : 0 us

-- I/O Counts --
 Read Syscall Count                   : 0
 Write Syscall Count                  : 0
 Block I/O Count                      : 0
 io_uring Completion Count            : 0

-- Total I/O Time (block device) --
 Total Block I/O Time           : 0

-- Page Faults & Bytes --
 Page Fault Count               : 0
 Read Bytes                     : 0
 Write Bytes                    : 0
 Block Read Bytes               : 0
 Block Write Bytes              : 0
[===============================================]

[===============================================]
Result of node_idx 3 in node_object 0: Add (ND)

-- Elapsed Time Analysis --
 Wall-clock Time                      : 3 us
 - Non I/O Handling Time (Estimated)  : 3 us
 - I/O Handling Time                  : 0 us
        - Read Syscall                : 0 us
        - Write Syscall               : 0 us
        - Page Fault                  : 0 us
        - io_uring                    : 0 us

-- I/O Counts --
 Read Syscall Count                   : 0
 Write Syscall Count                  : 0
 Block I/O Count                      : 0
 io_uring Completion Count            : 0

-- Total I/O Time (block device) --
 Total Block I/O Time           : 0

-- Page Faults & Bytes --
 Page Fault Count               : 0
 Read Bytes                     : 0
 Write Bytes                    : 0
 Block Read Bytes               : 0
 Block Write Bytes              : 0
[===============================================]

[===============================================]
Result of node_idx 4 in node_object 0: Static Reshape (NC)

-- Elapsed Time Analysis --
 Wall-clock Time                      : 2 us
 - Non I/O Handling Time (Estimated)  : 2 us
 - I/O Handling Time                  : 0 us
        - Read Syscall                : 0 us
        - Write Syscall               : 0 us
        - Page Fault                  : 0 us
        - io_uring                    : 0 us

-- I/O Counts --
 Read Syscall Count                   : 0
 Write Syscall Count                  : 0
 Block I/O Count                      : 0
 io_uring Completion Count            : 0

-- Total I/O Time (block device) --
 Total Block I/O Time           : 0

-- Page Faults & Bytes --
 Page Fault Count               : 0
 Read Bytes                     : 0
 Write Bytes                    : 0
 Block Read Bytes               : 0
 Block Write Bytes              : 0
[===============================================]

[===============================================]
Result of node_idx 5 in node_object 0: Reciprocal Square Root (NC)

-- Elapsed Time Analysis --
 Wall-clock Time                      : 3 us
 - Non I/O Handling Time (Estimated)  : 3 us
 - I/O Handling Time                  : 0 us
        - Read Syscall                : 0 us
        - Write Syscall               : 0 us
        - Page Fault                  : 0 us
        - io_uring                    : 0 us

-- I/O Counts --
 Read Syscall Count                   : 0
 Write Syscall Count                  : 0
 Block I/O Count                      : 0
 io_uring Completion Count            : 0

-- Total I/O Time (block device) --
 Total Block I/O Time           : 0

-- Page Faults & Bytes --
 Page Fault Count               : 0
 Read Bytes                     : 0
 Write Bytes                    : 0
 Block Read Bytes               : 0
 Block Write Bytes              : 0
[===============================================]

[===============================================]
Result of node_idx 6 in node_object 0: Multiply (ND)

-- Elapsed Time Analysis --
 Wall-clock Time                      : 88 us
 - Non I/O Handling Time (Estimated)  : 88 us
 - I/O Handling Time                  : 0 us
        - Read Syscall                : 0 us
        - Write Syscall               : 0 us
        - Page Fault                  : 0 us
        - io_uring                    : 0 us

-- I/O Counts --
 Read Syscall Count                   : 0
 Write Syscall Count                  : 0
 Block I/O Count                      : 0
 io_uring Completion Count            : 0

-- Total I/O Time (block device) --
 Total Block I/O Time           : 0

-- Page Faults & Bytes --
 Page Fault Count               : 0
 Read Bytes                     : 0
 Write Bytes                    : 0
 Block Read Bytes               : 0
 Block Write Bytes              : 0
[===============================================]

[===============================================]
Result of node_idx 7 in node_object 0: Multiply (ND)

-- Elapsed Time Analysis --
 Wall-clock Time                      : 19 us
 - Non I/O Handling Time (Estimated)  : 19 us
 - I/O Handling Time                  : 0 us
        - Read Syscall                : 0 us
        - Write Syscall               : 0 us
        - Page Fault                  : 0 us
        - io_uring                    : 0 us

-- I/O Counts --
 Read Syscall Count                   : 0
 Write Syscall Count                  : 0
 Block I/O Count                      : 0
 io_uring Completion Count            : 0

-- Total I/O Time (block device) --
 Total Block I/O Time           : 0

-- Page Faults & Bytes --
 Page Fault Count               : 0
 Read Bytes                     : 0
 Write Bytes                    : 0
 Block Read Bytes               : 0
 Block Write Bytes              : 0
[===============================================]

[===============================================]
Result of node_idx 0 in node_object 0: Fully Connected (NC, QDU8, F32, QC8W)

-- Elapsed Time Analysis --
 Wall-clock Time                      : 1004 us
 - Non I/O Handling Time (Estimated)  : 288 us
 - I/O Handling Time                  : 716 us
        - Read Syscall                : 0 us
        - Write Syscall               : 0 us
        - Page Fault                  : 716 us
        - io_uring                    : 0 us

-- I/O Counts --
 Read Syscall Count                   : 0
 Write Syscall Count                  : 0
 Block I/O Count                      : 1
 io_uring Completion Count            : 0

-- Total I/O Time (block device) --
 Total Block I/O Time           : 318

-- Page Faults & Bytes --
 Page Fault Count               : 7
 Read Bytes                     : 0
 Write Bytes                    : 0
 Block Read Bytes               : 110592
 Block Write Bytes              : 0
[===============================================]

[===============================================]
Result of node_idx 1 in node_object 0: Sigmoid (NC)

-- Elapsed Time Analysis --
 Wall-clock Time                      : 98 us
 - Non I/O Handling Time (Estimated)  : 98 us
 - I/O Handling Time                  : 0 us
        - Read Syscall                : 0 us
        - Write Syscall               : 0 us
        - Page Fault                  : 0 us
        - io_uring                    : 0 us

-- I/O Counts --
 Read Syscall Count                   : 0
 Write Syscall Count                  : 0
 Block I/O Count                      : 0
 io_uring Completion Count            : 0

-- Total I/O Time (block device) --
 Total Block I/O Time           : 0

-- Page Faults & Bytes --
 Page Fault Count               : 0
 Read Bytes                     : 0
 Write Bytes                    : 0
 Block Read Bytes               : 0
 Block Write Bytes              : 0
[===============================================]

[===============================================]
Result of node_idx 2 in node_object 0: Multiply (ND)

-- Elapsed Time Analysis --
 Wall-clock Time                      : 98 us
 - Non I/O Handling Time (Estimated)  : 98 us
 - I/O Handling Time                  : 0 us
        - Read Syscall                : 0 us
        - Write Syscall               : 0 us
        - Page Fault                  : 0 us
        - io_uring                    : 0 us

-- I/O Counts --
 Read Syscall Count                   : 0
 Write Syscall Count                  : 0
 Block I/O Count                      : 0
 io_uring Completion Count            : 0

-- Total I/O Time (block device) --
 Total Block I/O Time           : 0

-- Page Faults & Bytes --
 Page Fault Count               : 0
 Read Bytes                     : 0
 Write Bytes                    : 0
 Block Read Bytes               : 0
 Block Write Bytes              : 0
[===============================================]

[===============================================]
Result of node_idx 3 in node_object 0: Fully Connected (NC, QDU8, F32, QC8W)

-- Elapsed Time Analysis --
 Wall-clock Time                      : 809 us
 - Non I/O Handling Time (Estimated)  : 223 us
 - I/O Handling Time                  : 586 us
        - Read Syscall                : 0 us
        - Write Syscall               : 0 us
        - Page Fault                  : 586 us
        - io_uring                    : 0 us

-- I/O Counts --
 Read Syscall Count                   : 0
 Write Syscall Count                  : 0
 Block I/O Count                      : 2
 io_uring Completion Count            : 0

-- Total I/O Time (block device) --
 Total Block I/O Time           : 540

-- Page Faults & Bytes --
 Page Fault Count               : 7
 Read Bytes                     : 0
 Write Bytes                    : 0
 Block Read Bytes               : 102400
 Block Write Bytes              : 0
[===============================================]

[===============================================]
Result of node_idx 4 in node_object 0: Multiply (ND)

-- Elapsed Time Analysis --
 Wall-clock Time                      : 103 us
 - Non I/O Handling Time (Estimated)  : 103 us
 - I/O Handling Time                  : 0 us
        - Read Syscall                : 0 us
        - Write Syscall               : 0 us
        - Page Fault                  : 0 us
        - io_uring                    : 0 us

-- I/O Counts --
 Read Syscall Count                   : 0
 Write Syscall Count                  : 0
 Block I/O Count                      : 0
 io_uring Completion Count            : 0

-- Total I/O Time (block device) --
 Total Block I/O Time           : 0

-- Page Faults & Bytes --
 Page Fault Count               : 0
 Read Bytes                     : 0
 Write Bytes                    : 0
 Block Read Bytes               : 0
 Block Write Bytes              : 0
[===============================================]

[===============================================]
Result of node_idx 5 in node_object 0: Fully Connected (NC, QDU8, F32, QC8W)

-- Elapsed Time Analysis --
 Wall-clock Time                      : 1004 us
 - Non I/O Handling Time (Estimated)  : 147 us
 - I/O Handling Time                  : 857 us
        - Read Syscall                : 0 us
        - Write Syscall               : 0 us
        - Page Fault                  : 857 us
        - io_uring                    : 0 us

-- I/O Counts --
 Read Syscall Count                   : 0
 Write Syscall Count                  : 0
 Block I/O Count                      : 3
 io_uring Completion Count            : 0

-- Total I/O Time (block device) --
 Total Block I/O Time           : 760

-- Page Faults & Bytes --
 Page Fault Count               : 10
 Read Bytes                     : 0
 Write Bytes                    : 0
 Block Read Bytes               : 90112
 Block Write Bytes              : 0
[===============================================]

[===============================================]
Result of node_idx 6 in node_object 0: Add (ND)

-- Elapsed Time Analysis --
 Wall-clock Time                      : 36 us
 - Non I/O Handling Time (Estimated)  : 36 us
 - I/O Handling Time                  : 0 us
        - Read Syscall                : 0 us
        - Write Syscall               : 0 us
        - Page Fault                  : 0 us
        - io_uring                    : 0 us

-- I/O Counts --
 Read Syscall Count                   : 0
 Write Syscall Count                  : 0
 Block I/O Count                      : 0
 io_uring Completion Count            : 0

-- Total I/O Time (block device) --
 Total Block I/O Time           : 0

-- Page Faults & Bytes --
 Page Fault Count               : 0
 Read Bytes                     : 0
 Write Bytes                    : 0
 Block Read Bytes               : 0
 Block Write Bytes              : 0
[===============================================]

[===============================================]
Result of node_idx 0 in node_object 0: Multiply (ND)

-- Elapsed Time Analysis --
 Wall-clock Time                      : 150 us
 - Non I/O Handling Time (Estimated)  : 150 us
 - I/O Handling Time                  : 0 us
        - Read Syscall                : 0 us
        - Write Syscall               : 0 us
        - Page Fault                  : 0 us
        - io_uring                    : 0 us

-- I/O Counts --
 Read Syscall Count                   : 0
 Write Syscall Count                  : 0
 Block I/O Count                      : 0
 io_uring Completion Count            : 0

-- Total I/O Time (block device) --
 Total Block I/O Time           : 0

-- Page Faults & Bytes --
 Page Fault Count               : 0
 Read Bytes                     : 0
 Write Bytes                    : 0
 Block Read Bytes               : 0
 Block Write Bytes              : 0
[===============================================]

[===============================================]
Result of node_idx 1 in node_object 0: Sum (ND)

-- Elapsed Time Analysis --
 Wall-clock Time                      : 313 us
 - Non I/O Handling Time (Estimated)  : 313 us
 - I/O Handling Time                  : 0 us
        - Read Syscall                : 0 us
        - Write Syscall               : 0 us
        - Page Fault                  : 0 us
        - io_uring                    : 0 us

-- I/O Counts --
 Read Syscall Count                   : 0
 Write Syscall Count                  : 0
 Block I/O Count                      : 0
 io_uring Completion Count            : 0

-- Total I/O Time (block device) --
 Total Block I/O Time           : 0

-- Page Faults & Bytes --
 Page Fault Count               : 0
 Read Bytes                     : 0
 Write Bytes                    : 0
 Block Read Bytes               : 0
 Block Write Bytes              : 0
[===============================================]

[===============================================]
Result of node_idx 2 in node_object 0: Multiply (ND)

-- Elapsed Time Analysis --
 Wall-clock Time                      : 6 us
 - Non I/O Handling Time (Estimated)  : 6 us
 - I/O Handling Time                  : 0 us
        - Read Syscall                : 0 us
        - Write Syscall               : 0 us
        - Page Fault                  : 0 us
        - io_uring                    : 0 us

-- I/O Counts --
 Read Syscall Count                   : 0
 Write Syscall Count                  : 0
 Block I/O Count                      : 0
 io_uring Completion Count            : 0

-- Total I/O Time (block device) --
 Total Block I/O Time           : 0

-- Page Faults & Bytes --
 Page Fault Count               : 0
 Read Bytes                     : 0
 Write Bytes                    : 0
 Block Read Bytes               : 0
 Block Write Bytes              : 0
[===============================================]

[===============================================]
Result of node_idx 3 in node_object 0: Add (ND)

-- Elapsed Time Analysis --
 Wall-clock Time                      : 4 us
 - Non I/O Handling Time (Estimated)  : 4 us
 - I/O Handling Time                  : 0 us
        - Read Syscall                : 0 us
        - Write Syscall               : 0 us
        - Page Fault                  : 0 us
        - io_uring                    : 0 us

-- I/O Counts --
 Read Syscall Count                   : 0
 Write Syscall Count                  : 0
 Block I/O Count                      : 0
 io_uring Completion Count            : 0

-- Total I/O Time (block device) --
 Total Block I/O Time           : 0

-- Page Faults & Bytes --
 Page Fault Count               : 0
 Read Bytes                     : 0
 Write Bytes                    : 0
 Block Read Bytes               : 0
 Block Write Bytes              : 0
[===============================================]

[===============================================]
Result of node_idx 4 in node_object 0: Static Reshape (NC)

-- Elapsed Time Analysis --
 Wall-clock Time                      : 4 us
 - Non I/O Handling Time (Estimated)  : 4 us
 - I/O Handling Time                  : 0 us
        - Read Syscall                : 0 us
        - Write Syscall               : 0 us
        - Page Fault                  : 0 us
        - io_uring                    : 0 us

-- I/O Counts --
 Read Syscall Count                   : 0
 Write Syscall Count                  : 0
 Block I/O Count                      : 0
 io_uring Completion Count            : 0

-- Total I/O Time (block device) --
 Total Block I/O Time           : 0

-- Page Faults & Bytes --
 Page Fault Count               : 0
 Read Bytes                     : 0
 Write Bytes                    : 0
 Block Read Bytes               : 0
 Block Write Bytes              : 0
[===============================================]

[===============================================]
Result of node_idx 5 in node_object 0: Reciprocal Square Root (NC)

-- Elapsed Time Analysis --
 Wall-clock Time                      : 10 us
 - Non I/O Handling Time (Estimated)  : 10 us
 - I/O Handling Time                  : 0 us
        - Read Syscall                : 0 us
        - Write Syscall               : 0 us
        - Page Fault                  : 0 us
        - io_uring                    : 0 us

-- I/O Counts --
 Read Syscall Count                   : 0
 Write Syscall Count                  : 0
 Block I/O Count                      : 0
 io_uring Completion Count            : 0

-- Total I/O Time (block device) --
 Total Block I/O Time           : 0

-- Page Faults & Bytes --
 Page Fault Count               : 0
 Read Bytes                     : 0
 Write Bytes                    : 0
 Block Read Bytes               : 0
 Block Write Bytes              : 0
[===============================================]

[===============================================]
Result of node_idx 6 in node_object 0: Multiply (ND)

-- Elapsed Time Analysis --
 Wall-clock Time                      : 111 us
 - Non I/O Handling Time (Estimated)  : 111 us
 - I/O Handling Time                  : 0 us
        - Read Syscall                : 0 us
        - Write Syscall               : 0 us
        - Page Fault                  : 0 us
        - io_uring                    : 0 us

-- I/O Counts --
 Read Syscall Count                   : 0
 Write Syscall Count                  : 0
 Block I/O Count                      : 0
 io_uring Completion Count            : 0

-- Total I/O Time (block device) --
 Total Block I/O Time           : 0

-- Page Faults & Bytes --
 Page Fault Count               : 0
 Read Bytes                     : 0
 Write Bytes                    : 0
 Block Read Bytes               : 0
 Block Write Bytes              : 0
[===============================================]

[===============================================]
Result of node_idx 7 in node_object 0: Multiply (ND)

-- Elapsed Time Analysis --
 Wall-clock Time                      : 17 us
 - Non I/O Handling Time (Estimated)  : 17 us
 - I/O Handling Time                  : 0 us
        - Read Syscall                : 0 us
        - Write Syscall               : 0 us
        - Page Fault                  : 0 us
        - io_uring                    : 0 us

-- I/O Counts --
 Read Syscall Count                   : 0
 Write Syscall Count                  : 0
 Block I/O Count                      : 0
 io_uring Completion Count            : 0

-- Total I/O Time (block device) --
 Total Block I/O Time           : 0

-- Page Faults & Bytes --
 Page Fault Count               : 0
 Read Bytes                     : 0
 Write Bytes                    : 0
 Block Read Bytes               : 0
 Block Write Bytes              : 0
[===============================================]

[===============================================]
Result of node_idx 0 in node_object 0: Fully Connected (NC, QDU8, F32, QC8W)

-- Elapsed Time Analysis --
 Wall-clock Time                      : 623 us
 - Non I/O Handling Time (Estimated)  : 144 us
 - I/O Handling Time                  : 479 us
        - Read Syscall                : 0 us
        - Write Syscall               : 0 us
        - Page Fault                  : 479 us
        - io_uring                    : 0 us

-- I/O Counts --
 Read Syscall Count                   : 0
 Write Syscall Count                  : 0
 Block I/O Count                      : 1
 io_uring Completion Count            : 0

-- Total I/O Time (block device) --
 Total Block I/O Time           : 408

-- Page Faults & Bytes --
 Page Fault Count               : 4
 Read Bytes                     : 0
 Write Bytes                    : 0
 Block Read Bytes               : 36864
 Block Write Bytes              : 0
[===============================================]

[===============================================]
Result of node_idx 1 in node_object 0: Static Reshape (NC)

-- Elapsed Time Analysis --
 Wall-clock Time                      : 99 us
 - Non I/O Handling Time (Estimated)  : 99 us
 - I/O Handling Time                  : 0 us
        - Read Syscall                : 0 us
        - Write Syscall               : 0 us
        - Page Fault                  : 0 us
        - io_uring                    : 0 us

-- I/O Counts --
 Read Syscall Count                   : 0
 Write Syscall Count                  : 0
 Block I/O Count                      : 0
 io_uring Completion Count            : 0

-- Total I/O Time (block device) --
 Total Block I/O Time           : 0

-- Page Faults & Bytes --
 Page Fault Count               : 0
 Read Bytes                     : 0
 Write Bytes                    : 0
 Block Read Bytes               : 0
 Block Write Bytes              : 0
[===============================================]

[===============================================]
Result of node_idx 2 in node_object 0: Slice (ND, X32)

-- Elapsed Time Analysis --
 Wall-clock Time                      : 95 us
 - Non I/O Handling Time (Estimated)  : 95 us
 - I/O Handling Time                  : 0 us
        - Read Syscall                : 0 us
        - Write Syscall               : 0 us
        - Page Fault                  : 0 us
        - io_uring                    : 0 us

-- I/O Counts --
 Read Syscall Count                   : 0
 Write Syscall Count                  : 0
 Block I/O Count                      : 0
 io_uring Completion Count            : 0

-- Total I/O Time (block device) --
 Total Block I/O Time           : 0

-- Page Faults & Bytes --
 Page Fault Count               : 0
 Read Bytes                     : 0
 Write Bytes                    : 0
 Block Read Bytes               : 0
 Block Write Bytes              : 0
[===============================================]

[===============================================]
Result of node_idx 3 in node_object 0: Slice (ND, X32)

-- Elapsed Time Analysis --
 Wall-clock Time                      : 89 us
 - Non I/O Handling Time (Estimated)  : 89 us
 - I/O Handling Time                  : 0 us
        - Read Syscall                : 0 us
        - Write Syscall               : 0 us
        - Page Fault                  : 0 us
        - io_uring                    : 0 us

-- I/O Counts --
 Read Syscall Count                   : 0
 Write Syscall Count                  : 0
 Block I/O Count                      : 0
 io_uring Completion Count            : 0

-- Total I/O Time (block device) --
 Total Block I/O Time           : 0

-- Page Faults & Bytes --
 Page Fault Count               : 0
 Read Bytes                     : 0
 Write Bytes                    : 0
 Block Read Bytes               : 0
 Block Write Bytes              : 0
[===============================================]

[===============================================]
Result of node_idx 4 in node_object 0: Slice (ND, X32)

-- Elapsed Time Analysis --
 Wall-clock Time                      : 18 us
 - Non I/O Handling Time (Estimated)  : 18 us
 - I/O Handling Time                  : 0 us
        - Read Syscall                : 0 us
        - Write Syscall               : 0 us
        - Page Fault                  : 0 us
        - io_uring                    : 0 us

-- I/O Counts --
 Read Syscall Count                   : 0
 Write Syscall Count                  : 0
 Block I/O Count                      : 0
 io_uring Completion Count            : 0

-- Total I/O Time (block device) --
 Total Block I/O Time           : 0

-- Page Faults & Bytes --
 Page Fault Count               : 0
 Read Bytes                     : 0
 Write Bytes                    : 0
 Block Read Bytes               : 0
 Block Write Bytes              : 0
[===============================================]

[===============================================]
Result of node_idx 5 in node_object 0: Static Reshape (NC)

-- Elapsed Time Analysis --
 Wall-clock Time                      : 3 us
 - Non I/O Handling Time (Estimated)  : 3 us
 - I/O Handling Time                  : 0 us
        - Read Syscall                : 0 us
        - Write Syscall               : 0 us
        - Page Fault                  : 0 us
        - io_uring                    : 0 us

-- I/O Counts --
 Read Syscall Count                   : 0
 Write Syscall Count                  : 0
 Block I/O Count                      : 0
 io_uring Completion Count            : 0

-- Total I/O Time (block device) --
 Total Block I/O Time           : 0

-- Page Faults & Bytes --
 Page Fault Count               : 0
 Read Bytes                     : 0
 Write Bytes                    : 0
 Block Read Bytes               : 0
 Block Write Bytes              : 0
[===============================================]

[===============================================]
Result of node_idx 6 in node_object 0: Transpose (ND, X32)

-- Elapsed Time Analysis --
 Wall-clock Time                      : 5 us
 - Non I/O Handling Time (Estimated)  : 5 us
 - I/O Handling Time                  : 0 us
        - Read Syscall                : 0 us
        - Write Syscall               : 0 us
        - Page Fault                  : 0 us
        - io_uring                    : 0 us

-- I/O Counts --
 Read Syscall Count                   : 0
 Write Syscall Count                  : 0
 Block I/O Count                      : 0
 io_uring Completion Count            : 0

-- Total I/O Time (block device) --
 Total Block I/O Time           : 0

-- Page Faults & Bytes --
 Page Fault Count               : 0
 Read Bytes                     : 0
 Write Bytes                    : 0
 Block Read Bytes               : 0
 Block Write Bytes              : 0
[===============================================]

[===============================================]
Result of node_idx 7 in node_object 0: Slice (ND, X32)

-- Elapsed Time Analysis --
 Wall-clock Time                      : 9 us
 - Non I/O Handling Time (Estimated)  : 9 us
 - I/O Handling Time                  : 0 us
        - Read Syscall                : 0 us
        - Write Syscall               : 0 us
        - Page Fault                  : 0 us
        - io_uring                    : 0 us

-- I/O Counts --
 Read Syscall Count                   : 0
 Write Syscall Count                  : 0
 Block I/O Count                      : 0
 io_uring Completion Count            : 0

-- Total I/O Time (block device) --
 Total Block I/O Time           : 0

-- Page Faults & Bytes --
 Page Fault Count               : 0
 Read Bytes                     : 0
 Write Bytes                    : 0
 Block Read Bytes               : 0
 Block Write Bytes              : 0
[===============================================]

[===============================================]
Result of node_idx 8 in node_object 0: Slice (ND, X32)

-- Elapsed Time Analysis --
 Wall-clock Time                      : 8 us
 - Non I/O Handling Time (Estimated)  : 8 us
 - I/O Handling Time                  : 0 us
        - Read Syscall                : 0 us
        - Write Syscall               : 0 us
        - Page Fault                  : 0 us
        - io_uring                    : 0 us

-- I/O Counts --
 Read Syscall Count                   : 0
 Write Syscall Count                  : 0
 Block I/O Count                      : 0
 io_uring Completion Count            : 0

-- Total I/O Time (block device) --
 Total Block I/O Time           : 0

-- Page Faults & Bytes --
 Page Fault Count               : 0
 Read Bytes                     : 0
 Write Bytes                    : 0
 Block Read Bytes               : 0
 Block Write Bytes              : 0
[===============================================]

[===============================================]
Result of node_idx 9 in node_object 0: Multiply (ND)

-- Elapsed Time Analysis --
 Wall-clock Time                      : 5 us
 - Non I/O Handling Time (Estimated)  : 5 us
 - I/O Handling Time                  : 0 us
        - Read Syscall                : 0 us
        - Write Syscall               : 0 us
        - Page Fault                  : 0 us
        - io_uring                    : 0 us

-- I/O Counts --
 Read Syscall Count                   : 0
 Write Syscall Count                  : 0
 Block I/O Count                      : 0
 io_uring Completion Count            : 0

-- Total I/O Time (block device) --
 Total Block I/O Time           : 0

-- Page Faults & Bytes --
 Page Fault Count               : 0
 Read Bytes                     : 0
 Write Bytes                    : 0
 Block Read Bytes               : 0
 Block Write Bytes              : 0
[===============================================]

[===============================================]
Result of node_idx 10 in node_object 0: Multiply (ND)

-- Elapsed Time Analysis --
 Wall-clock Time                      : 5 us
 - Non I/O Handling Time (Estimated)  : 5 us
 - I/O Handling Time                  : 0 us
        - Read Syscall                : 0 us
        - Write Syscall               : 0 us
        - Page Fault                  : 0 us
        - io_uring                    : 0 us

-- I/O Counts --
 Read Syscall Count                   : 0
 Write Syscall Count                  : 0
 Block I/O Count                      : 0
 io_uring Completion Count            : 0

-- Total I/O Time (block device) --
 Total Block I/O Time           : 0

-- Page Faults & Bytes --
 Page Fault Count               : 0
 Read Bytes                     : 0
 Write Bytes                    : 0
 Block Read Bytes               : 0
 Block Write Bytes              : 0
[===============================================]

[===============================================]
Result of node_idx 11 in node_object 0: Subtract (ND)

-- Elapsed Time Analysis --
 Wall-clock Time                      : 6 us
 - Non I/O Handling Time (Estimated)  : 6 us
 - I/O Handling Time                  : 0 us
        - Read Syscall                : 0 us
        - Write Syscall               : 0 us
        - Page Fault                  : 0 us
        - io_uring                    : 0 us

-- I/O Counts --
 Read Syscall Count                   : 0
 Write Syscall Count                  : 0
 Block I/O Count                      : 0
 io_uring Completion Count            : 0

-- Total I/O Time (block device) --
 Total Block I/O Time           : 0

-- Page Faults & Bytes --
 Page Fault Count               : 0
 Read Bytes                     : 0
 Write Bytes                    : 0
 Block Read Bytes               : 0
 Block Write Bytes              : 0
[===============================================]

[===============================================]
Result of node_idx 12 in node_object 0: Multiply (ND)

-- Elapsed Time Analysis --
 Wall-clock Time                      : 5 us
 - Non I/O Handling Time (Estimated)  : 5 us
 - I/O Handling Time                  : 0 us
        - Read Syscall                : 0 us
        - Write Syscall               : 0 us
        - Page Fault                  : 0 us
        - io_uring                    : 0 us

-- I/O Counts --
 Read Syscall Count                   : 0
 Write Syscall Count                  : 0
 Block I/O Count                      : 0
 io_uring Completion Count            : 0

-- Total I/O Time (block device) --
 Total Block I/O Time           : 0

-- Page Faults & Bytes --
 Page Fault Count               : 0
 Read Bytes                     : 0
 Write Bytes                    : 0
 Block Read Bytes               : 0
 Block Write Bytes              : 0
[===============================================]

[===============================================]
Result of node_idx 13 in node_object 0: Multiply (ND)

-- Elapsed Time Analysis --
 Wall-clock Time                      : 5 us
 - Non I/O Handling Time (Estimated)  : 5 us
 - I/O Handling Time                  : 0 us
        - Read Syscall                : 0 us
        - Write Syscall               : 0 us
        - Page Fault                  : 0 us
        - io_uring                    : 0 us

-- I/O Counts --
 Read Syscall Count                   : 0
 Write Syscall Count                  : 0
 Block I/O Count                      : 0
 io_uring Completion Count            : 0

-- Total I/O Time (block device) --
 Total Block I/O Time           : 0

-- Page Faults & Bytes --
 Page Fault Count               : 0
 Read Bytes                     : 0
 Write Bytes                    : 0
 Block Read Bytes               : 0
 Block Write Bytes              : 0
[===============================================]

[===============================================]
Result of node_idx 14 in node_object 0: Add (ND)

-- Elapsed Time Analysis --
 Wall-clock Time                      : 6 us
 - Non I/O Handling Time (Estimated)  : 6 us
 - I/O Handling Time                  : 0 us
        - Read Syscall                : 0 us
        - Write Syscall               : 0 us
        - Page Fault                  : 0 us
        - io_uring                    : 0 us

-- I/O Counts --
 Read Syscall Count                   : 0
 Write Syscall Count                  : 0
 Block I/O Count                      : 0
 io_uring Completion Count            : 0

-- Total I/O Time (block device) --
 Total Block I/O Time           : 0

-- Page Faults & Bytes --
 Page Fault Count               : 0
 Read Bytes                     : 0
 Write Bytes                    : 0
 Block Read Bytes               : 0
 Block Write Bytes              : 0
[===============================================]

[===============================================]
Result of node_idx 15 in node_object 0: Copy (NC, X32)

-- Elapsed Time Analysis --
 Wall-clock Time                      : 6 us
 - Non I/O Handling Time (Estimated)  : 6 us
 - I/O Handling Time                  : 0 us
        - Read Syscall                : 0 us
        - Write Syscall               : 0 us
        - Page Fault                  : 0 us
        - io_uring                    : 0 us

-- I/O Counts --
 Read Syscall Count                   : 0
 Write Syscall Count                  : 0
 Block I/O Count                      : 0
 io_uring Completion Count            : 0

-- Total I/O Time (block device) --
 Total Block I/O Time           : 0

-- Page Faults & Bytes --
 Page Fault Count               : 0
 Read Bytes                     : 0
 Write Bytes                    : 0
 Block Read Bytes               : 0
 Block Write Bytes              : 0
[===============================================]

[===============================================]
Result of node_idx 15 in node_object 1: Copy (NC, X32)

-- Elapsed Time Analysis --
 Wall-clock Time                      : 6 us
 - Non I/O Handling Time (Estimated)  : 6 us
 - I/O Handling Time                  : 0 us
        - Read Syscall                : 0 us
        - Write Syscall               : 0 us
        - Page Fault                  : 0 us
        - io_uring                    : 0 us

-- I/O Counts --
 Read Syscall Count                   : 0
 Write Syscall Count                  : 0
 Block I/O Count                      : 0
 io_uring Completion Count            : 0

-- Total I/O Time (block device) --
 Total Block I/O Time           : 0

-- Page Faults & Bytes --
 Page Fault Count               : 0
 Read Bytes                     : 0
 Write Bytes                    : 0
 Block Read Bytes               : 0
 Block Write Bytes              : 0
[===============================================]

[===============================================]
Result of node_idx 16 in node_object 0: Transpose (ND, X32)

-- Elapsed Time Analysis --
 Wall-clock Time                      : 5 us
 - Non I/O Handling Time (Estimated)  : 5 us
 - I/O Handling Time                  : 0 us
        - Read Syscall                : 0 us
        - Write Syscall               : 0 us
        - Page Fault                  : 0 us
        - io_uring                    : 0 us

-- I/O Counts --
 Read Syscall Count                   : 0
 Write Syscall Count                  : 0
 Block I/O Count                      : 0
 io_uring Completion Count            : 0

-- Total I/O Time (block device) --
 Total Block I/O Time           : 0

-- Page Faults & Bytes --
 Page Fault Count               : 0
 Read Bytes                     : 0
 Write Bytes                    : 0
 Block Read Bytes               : 0
 Block Write Bytes              : 0
[===============================================]

[===============================================]
Result of node_idx 17 in node_object 0: Transpose (ND, X32)

-- Elapsed Time Analysis --
 Wall-clock Time                      : 4 us
 - Non I/O Handling Time (Estimated)  : 4 us
 - I/O Handling Time                  : 0 us
        - Read Syscall                : 0 us
        - Write Syscall               : 0 us
        - Page Fault                  : 0 us
        - io_uring                    : 0 us

-- I/O Counts --
 Read Syscall Count                   : 0
 Write Syscall Count                  : 0
 Block I/O Count                      : 0
 io_uring Completion Count            : 0

-- Total I/O Time (block device) --
 Total Block I/O Time           : 0

-- Page Faults & Bytes --
 Page Fault Count               : 0
 Read Bytes                     : 0
 Write Bytes                    : 0
 Block Read Bytes               : 0
 Block Write Bytes              : 0
[===============================================]

[===============================================]
Result of node_idx 18 in node_object 0: Slice (ND, X32)

-- Elapsed Time Analysis --
 Wall-clock Time                      : 7 us
 - Non I/O Handling Time (Estimated)  : 7 us
 - I/O Handling Time                  : 0 us
        - Read Syscall                : 0 us
        - Write Syscall               : 0 us
        - Page Fault                  : 0 us
        - io_uring                    : 0 us

-- I/O Counts --
 Read Syscall Count                   : 0
 Write Syscall Count                  : 0
 Block I/O Count                      : 0
 io_uring Completion Count            : 0

-- Total I/O Time (block device) --
 Total Block I/O Time           : 0

-- Page Faults & Bytes --
 Page Fault Count               : 0
 Read Bytes                     : 0
 Write Bytes                    : 0
 Block Read Bytes               : 0
 Block Write Bytes              : 0
[===============================================]

[===============================================]
Result of node_idx 19 in node_object 0: Slice (ND, X32)

-- Elapsed Time Analysis --
 Wall-clock Time                      : 6 us
 - Non I/O Handling Time (Estimated)  : 6 us
 - I/O Handling Time                  : 0 us
        - Read Syscall                : 0 us
        - Write Syscall               : 0 us
        - Page Fault                  : 0 us
        - io_uring                    : 0 us

-- I/O Counts --
 Read Syscall Count                   : 0
 Write Syscall Count                  : 0
 Block I/O Count                      : 0
 io_uring Completion Count            : 0

-- Total I/O Time (block device) --
 Total Block I/O Time           : 0

-- Page Faults & Bytes --
 Page Fault Count               : 0
 Read Bytes                     : 0
 Write Bytes                    : 0
 Block Read Bytes               : 0
 Block Write Bytes              : 0
[===============================================]

[===============================================]
Result of node_idx 20 in node_object 0: Multiply (ND)

-- Elapsed Time Analysis --
 Wall-clock Time                      : 5 us
 - Non I/O Handling Time (Estimated)  : 5 us
 - I/O Handling Time                  : 0 us
        - Read Syscall                : 0 us
        - Write Syscall               : 0 us
        - Page Fault                  : 0 us
        - io_uring                    : 0 us

-- I/O Counts --
 Read Syscall Count                   : 0
 Write Syscall Count                  : 0
 Block I/O Count                      : 0
 io_uring Completion Count            : 0

-- Total I/O Time (block device) --
 Total Block I/O Time           : 0

-- Page Faults & Bytes --
 Page Fault Count               : 0
 Read Bytes                     : 0
 Write Bytes                    : 0
 Block Read Bytes               : 0
 Block Write Bytes              : 0
[===============================================]

[===============================================]
Result of node_idx 21 in node_object 0: Multiply (ND)

-- Elapsed Time Analysis --
 Wall-clock Time                      : 5 us
 - Non I/O Handling Time (Estimated)  : 5 us
 - I/O Handling Time                  : 0 us
        - Read Syscall                : 0 us
        - Write Syscall               : 0 us
        - Page Fault                  : 0 us
        - io_uring                    : 0 us

-- I/O Counts --
 Read Syscall Count                   : 0
 Write Syscall Count                  : 0
 Block I/O Count                      : 0
 io_uring Completion Count            : 0

-- Total I/O Time (block device) --
 Total Block I/O Time           : 0

-- Page Faults & Bytes --
 Page Fault Count               : 0
 Read Bytes                     : 0
 Write Bytes                    : 0
 Block Read Bytes               : 0
 Block Write Bytes              : 0
[===============================================]

[===============================================]
Result of node_idx 22 in node_object 0: Subtract (ND)

-- Elapsed Time Analysis --
 Wall-clock Time                      : 6 us
 - Non I/O Handling Time (Estimated)  : 6 us
 - I/O Handling Time                  : 0 us
        - Read Syscall                : 0 us
        - Write Syscall               : 0 us
        - Page Fault                  : 0 us
        - io_uring                    : 0 us

-- I/O Counts --
 Read Syscall Count                   : 0
 Write Syscall Count                  : 0
 Block I/O Count                      : 0
 io_uring Completion Count            : 0

-- Total I/O Time (block device) --
 Total Block I/O Time           : 0

-- Page Faults & Bytes --
 Page Fault Count               : 0
 Read Bytes                     : 0
 Write Bytes                    : 0
 Block Read Bytes               : 0
 Block Write Bytes              : 0
[===============================================]

[===============================================]
Result of node_idx 23 in node_object 0: Multiply (ND)

-- Elapsed Time Analysis --
 Wall-clock Time                      : 5 us
 - Non I/O Handling Time (Estimated)  : 5 us
 - I/O Handling Time                  : 0 us
        - Read Syscall                : 0 us
        - Write Syscall               : 0 us
        - Page Fault                  : 0 us
        - io_uring                    : 0 us

-- I/O Counts --
 Read Syscall Count                   : 0
 Write Syscall Count                  : 0
 Block I/O Count                      : 0
 io_uring Completion Count            : 0

-- Total I/O Time (block device) --
 Total Block I/O Time           : 0

-- Page Faults & Bytes --
 Page Fault Count               : 0
 Read Bytes                     : 0
 Write Bytes                    : 0
 Block Read Bytes               : 0
 Block Write Bytes              : 0
[===============================================]

[===============================================]
Result of node_idx 24 in node_object 0: Multiply (ND)

-- Elapsed Time Analysis --
 Wall-clock Time                      : 5 us
 - Non I/O Handling Time (Estimated)  : 5 us
 - I/O Handling Time                  : 0 us
        - Read Syscall                : 0 us
        - Write Syscall               : 0 us
        - Page Fault                  : 0 us
        - io_uring                    : 0 us

-- I/O Counts --
 Read Syscall Count                   : 0
 Write Syscall Count                  : 0
 Block I/O Count                      : 0
 io_uring Completion Count            : 0

-- Total I/O Time (block device) --
 Total Block I/O Time           : 0

-- Page Faults & Bytes --
 Page Fault Count               : 0
 Read Bytes                     : 0
 Write Bytes                    : 0
 Block Read Bytes               : 0
 Block Write Bytes              : 0
[===============================================]

[===============================================]
Result of node_idx 25 in node_object 0: Add (ND)

-- Elapsed Time Analysis --
 Wall-clock Time                      : 6 us
 - Non I/O Handling Time (Estimated)  : 6 us
 - I/O Handling Time                  : 0 us
        - Read Syscall                : 0 us
        - Write Syscall               : 0 us
        - Page Fault                  : 0 us
        - io_uring                    : 0 us

-- I/O Counts --
 Read Syscall Count                   : 0
 Write Syscall Count                  : 0
 Block I/O Count                      : 0
 io_uring Completion Count            : 0

-- Total I/O Time (block device) --
 Total Block I/O Time           : 0

-- Page Faults & Bytes --
 Page Fault Count               : 0
 Read Bytes                     : 0
 Write Bytes                    : 0
 Block Read Bytes               : 0
 Block Write Bytes              : 0
[===============================================]

[===============================================]
Result of node_idx 26 in node_object 0: Copy (NC, X32)

-- Elapsed Time Analysis --
 Wall-clock Time                      : 5 us
 - Non I/O Handling Time (Estimated)  : 5 us
 - I/O Handling Time                  : 0 us
        - Read Syscall                : 0 us
        - Write Syscall               : 0 us
        - Page Fault                  : 0 us
        - io_uring                    : 0 us

-- I/O Counts --
 Read Syscall Count                   : 0
 Write Syscall Count                  : 0
 Block I/O Count                      : 0
 io_uring Completion Count            : 0

-- Total I/O Time (block device) --
 Total Block I/O Time           : 0

-- Page Faults & Bytes --
 Page Fault Count               : 0
 Read Bytes                     : 0
 Write Bytes                    : 0
 Block Read Bytes               : 0
 Block Write Bytes              : 0
[===============================================]

[===============================================]
Result of node_idx 26 in node_object 1: Copy (NC, X32)

-- Elapsed Time Analysis --
 Wall-clock Time                      : 6 us
 - Non I/O Handling Time (Estimated)  : 6 us
 - I/O Handling Time                  : 0 us
        - Read Syscall                : 0 us
        - Write Syscall               : 0 us
        - Page Fault                  : 0 us
        - io_uring                    : 0 us

-- I/O Counts --
 Read Syscall Count                   : 0
 Write Syscall Count                  : 0
 Block I/O Count                      : 0
 io_uring Completion Count            : 0

-- Total I/O Time (block device) --
 Total Block I/O Time           : 0

-- Page Faults & Bytes --
 Page Fault Count               : 0
 Read Bytes                     : 0
 Write Bytes                    : 0
 Block Read Bytes               : 0
 Block Write Bytes              : 0
[===============================================]

[===============================================]
Result of node_idx 27 in node_object 0: Transpose (ND, X32)

-- Elapsed Time Analysis --
 Wall-clock Time                      : 4 us
 - Non I/O Handling Time (Estimated)  : 4 us
 - I/O Handling Time                  : 0 us
        - Read Syscall                : 0 us
        - Write Syscall               : 0 us
        - Page Fault                  : 0 us
        - io_uring                    : 0 us

-- I/O Counts --
 Read Syscall Count                   : 0
 Write Syscall Count                  : 0
 Block I/O Count                      : 0
 io_uring Completion Count            : 0

-- Total I/O Time (block device) --
 Total Block I/O Time           : 0

-- Page Faults & Bytes --
 Page Fault Count               : 0
 Read Bytes                     : 0
 Write Bytes                    : 0
 Block Read Bytes               : 0
 Block Write Bytes              : 0
[===============================================]

[===============================================]
Result of node_idx 0 in node_object 0: Multiply (ND)

-- Elapsed Time Analysis --
 Wall-clock Time                      : 6 us
 - Non I/O Handling Time (Estimated)  : 6 us
 - I/O Handling Time                  : 0 us
        - Read Syscall                : 0 us
        - Write Syscall               : 0 us
        - Page Fault                  : 0 us
        - io_uring                    : 0 us

-- I/O Counts --
 Read Syscall Count                   : 0
 Write Syscall Count                  : 0
 Block I/O Count                      : 0
 io_uring Completion Count            : 0

-- Total I/O Time (block device) --
 Total Block I/O Time           : 0

-- Page Faults & Bytes --
 Page Fault Count               : 0
 Read Bytes                     : 0
 Write Bytes                    : 0
 Block Read Bytes               : 0
 Block Write Bytes              : 0
[===============================================]

[===============================================]
Result of node_idx 1 in node_object 0: Transpose (ND, X32)

-- Elapsed Time Analysis --
 Wall-clock Time                      : 5 us
 - Non I/O Handling Time (Estimated)  : 5 us
 - I/O Handling Time                  : 0 us
        - Read Syscall                : 0 us
        - Write Syscall               : 0 us
        - Page Fault                  : 0 us
        - io_uring                    : 0 us

-- I/O Counts --
 Read Syscall Count                   : 0
 Write Syscall Count                  : 0
 Block I/O Count                      : 0
 io_uring Completion Count            : 0

-- Total I/O Time (block device) --
 Total Block I/O Time           : 0

-- Page Faults & Bytes --
 Page Fault Count               : 0
 Read Bytes                     : 0
 Write Bytes                    : 0
 Block Read Bytes               : 0
 Block Write Bytes              : 0
[===============================================]

[===============================================]
Result of node_idx 2 in node_object 0: Transpose (ND, X32)

-- Elapsed Time Analysis --
 Wall-clock Time                      : 28 us
 - Non I/O Handling Time (Estimated)  : 28 us
 - I/O Handling Time                  : 0 us
        - Read Syscall                : 0 us
        - Write Syscall               : 0 us
        - Page Fault                  : 0 us
        - io_uring                    : 0 us

-- I/O Counts --
 Read Syscall Count                   : 0
 Write Syscall Count                  : 0
 Block I/O Count                      : 0
 io_uring Completion Count            : 0

-- Total I/O Time (block device) --
 Total Block I/O Time           : 0

-- Page Faults & Bytes --
 Page Fault Count               : 0
 Read Bytes                     : 0
 Write Bytes                    : 0
 Block Read Bytes               : 0
 Block Write Bytes              : 0
[===============================================]

[===============================================]
Result of node_idx 3 in node_object 0: Static Reshape (NC)

-- Elapsed Time Analysis --
 Wall-clock Time                      : 3 us
 - Non I/O Handling Time (Estimated)  : 3 us
 - I/O Handling Time                  : 0 us
        - Read Syscall                : 0 us
        - Write Syscall               : 0 us
        - Page Fault                  : 0 us
        - io_uring                    : 0 us

-- I/O Counts --
 Read Syscall Count                   : 0
 Write Syscall Count                  : 0
 Block I/O Count                      : 0
 io_uring Completion Count            : 0

-- Total I/O Time (block device) --
 Total Block I/O Time           : 0

-- Page Faults & Bytes --
 Page Fault Count               : 0
 Read Bytes                     : 0
 Write Bytes                    : 0
 Block Read Bytes               : 0
 Block Write Bytes              : 0
[===============================================]

[===============================================]
Result of node_idx 4 in node_object 0: Static Reshape (NC)

-- Elapsed Time Analysis --
 Wall-clock Time                      : 3 us
 - Non I/O Handling Time (Estimated)  : 3 us
 - I/O Handling Time                  : 0 us
        - Read Syscall                : 0 us
        - Write Syscall               : 0 us
        - Page Fault                  : 0 us
        - io_uring                    : 0 us

-- I/O Counts --
 Read Syscall Count                   : 0
 Write Syscall Count                  : 0
 Block I/O Count                      : 0
 io_uring Completion Count            : 0

-- Total I/O Time (block device) --
 Total Block I/O Time           : 0

-- Page Faults & Bytes --
 Page Fault Count               : 0
 Read Bytes                     : 0
 Write Bytes                    : 0
 Block Read Bytes               : 0
 Block Write Bytes              : 0
[===============================================]

[===============================================]
Result of node_idx 5 in node_object 0: Batch Matrix Multiply (NC, F32)

-- Elapsed Time Analysis --
 Wall-clock Time                      : 68 us
 - Non I/O Handling Time (Estimated)  : 68 us
 - I/O Handling Time                  : 0 us
        - Read Syscall                : 0 us
        - Write Syscall               : 0 us
        - Page Fault                  : 0 us
        - io_uring                    : 0 us

-- I/O Counts --
 Read Syscall Count                   : 0
 Write Syscall Count                  : 0
 Block I/O Count                      : 0
 io_uring Completion Count            : 0

-- Total I/O Time (block device) --
 Total Block I/O Time           : 0

-- Page Faults & Bytes --
 Page Fault Count               : 0
 Read Bytes                     : 0
 Write Bytes                    : 0
 Block Read Bytes               : 0
 Block Write Bytes              : 0
[===============================================]

[===============================================]
Result of node_idx 6 in node_object 0: Static Reshape (NC)

-- Elapsed Time Analysis --
 Wall-clock Time                      : 3 us
 - Non I/O Handling Time (Estimated)  : 3 us
 - I/O Handling Time                  : 0 us
        - Read Syscall                : 0 us
        - Write Syscall               : 0 us
        - Page Fault                  : 0 us
        - io_uring                    : 0 us

-- I/O Counts --
 Read Syscall Count                   : 0
 Write Syscall Count                  : 0
 Block I/O Count                      : 0
 io_uring Completion Count            : 0

-- Total I/O Time (block device) --
 Total Block I/O Time           : 0

-- Page Faults & Bytes --
 Page Fault Count               : 0
 Read Bytes                     : 0
 Write Bytes                    : 0
 Block Read Bytes               : 0
 Block Write Bytes              : 0
[===============================================]

[===============================================]
Result of node_idx 7 in node_object 0: Add (ND)

-- Elapsed Time Analysis --
 Wall-clock Time                      : 9 us
 - Non I/O Handling Time (Estimated)  : 9 us
 - I/O Handling Time                  : 0 us
        - Read Syscall                : 0 us
        - Write Syscall               : 0 us
        - Page Fault                  : 0 us
        - io_uring                    : 0 us

-- I/O Counts --
 Read Syscall Count                   : 0
 Write Syscall Count                  : 0
 Block I/O Count                      : 0
 io_uring Completion Count            : 0

-- Total I/O Time (block device) --
 Total Block I/O Time           : 0

-- Page Faults & Bytes --
 Page Fault Count               : 0
 Read Bytes                     : 0
 Write Bytes                    : 0
 Block Read Bytes               : 0
 Block Write Bytes              : 0
[===============================================]

[===============================================]
Result of node_idx 8 in node_object 0: Softmax (NC, F32)

-- Elapsed Time Analysis --
 Wall-clock Time                      : 15 us
 - Non I/O Handling Time (Estimated)  : 15 us
 - I/O Handling Time                  : 0 us
        - Read Syscall                : 0 us
        - Write Syscall               : 0 us
        - Page Fault                  : 0 us
        - io_uring                    : 0 us

-- I/O Counts --
 Read Syscall Count                   : 0
 Write Syscall Count                  : 0
 Block I/O Count                      : 0
 io_uring Completion Count            : 0

-- Total I/O Time (block device) --
 Total Block I/O Time           : 0

-- Page Faults & Bytes --
 Page Fault Count               : 0
 Read Bytes                     : 0
 Write Bytes                    : 0
 Block Read Bytes               : 0
 Block Write Bytes              : 0
[===============================================]

[===============================================]
Result of node_idx 9 in node_object 0: Transpose (ND, X32)

-- Elapsed Time Analysis --
 Wall-clock Time                      : 40 us
 - Non I/O Handling Time (Estimated)  : 40 us
 - I/O Handling Time                  : 0 us
        - Read Syscall                : 0 us
        - Write Syscall               : 0 us
        - Page Fault                  : 0 us
        - io_uring                    : 0 us

-- I/O Counts --
 Read Syscall Count                   : 0
 Write Syscall Count                  : 0
 Block I/O Count                      : 0
 io_uring Completion Count            : 0

-- Total I/O Time (block device) --
 Total Block I/O Time           : 0

-- Page Faults & Bytes --
 Page Fault Count               : 0
 Read Bytes                     : 0
 Write Bytes                    : 0
 Block Read Bytes               : 0
 Block Write Bytes              : 0
[===============================================]

[===============================================]
Result of node_idx 10 in node_object 0: Static Reshape (NC)

-- Elapsed Time Analysis --
 Wall-clock Time                      : 3 us
 - Non I/O Handling Time (Estimated)  : 3 us
 - I/O Handling Time                  : 0 us
        - Read Syscall                : 0 us
        - Write Syscall               : 0 us
        - Page Fault                  : 0 us
        - io_uring                    : 0 us

-- I/O Counts --
 Read Syscall Count                   : 0
 Write Syscall Count                  : 0
 Block I/O Count                      : 0
 io_uring Completion Count            : 0

-- Total I/O Time (block device) --
 Total Block I/O Time           : 0

-- Page Faults & Bytes --
 Page Fault Count               : 0
 Read Bytes                     : 0
 Write Bytes                    : 0
 Block Read Bytes               : 0
 Block Write Bytes              : 0
[===============================================]

[===============================================]
Result of node_idx 11 in node_object 0: Static Reshape (NC)

-- Elapsed Time Analysis --
 Wall-clock Time                      : 3 us
 - Non I/O Handling Time (Estimated)  : 3 us
 - I/O Handling Time                  : 0 us
        - Read Syscall                : 0 us
        - Write Syscall               : 0 us
        - Page Fault                  : 0 us
        - io_uring                    : 0 us

-- I/O Counts --
 Read Syscall Count                   : 0
 Write Syscall Count                  : 0
 Block I/O Count                      : 0
 io_uring Completion Count            : 0

-- Total I/O Time (block device) --
 Total Block I/O Time           : 0

-- Page Faults & Bytes --
 Page Fault Count               : 0
 Read Bytes                     : 0
 Write Bytes                    : 0
 Block Read Bytes               : 0
 Block Write Bytes              : 0
[===============================================]

[===============================================]
Result of node_idx 12 in node_object 0: Batch Matrix Multiply (NC, F32)

-- Elapsed Time Analysis --
 Wall-clock Time                      : 70 us
 - Non I/O Handling Time (Estimated)  : 70 us
 - I/O Handling Time                  : 0 us
        - Read Syscall                : 0 us
        - Write Syscall               : 0 us
        - Page Fault                  : 0 us
        - io_uring                    : 0 us

-- I/O Counts --
 Read Syscall Count                   : 0
 Write Syscall Count                  : 0
 Block I/O Count                      : 0
 io_uring Completion Count            : 0

-- Total I/O Time (block device) --
 Total Block I/O Time           : 0

-- Page Faults & Bytes --
 Page Fault Count               : 0
 Read Bytes                     : 0
 Write Bytes                    : 0
 Block Read Bytes               : 0
 Block Write Bytes              : 0
[===============================================]

[===============================================]
Result of node_idx 13 in node_object 0: Static Reshape (NC)

-- Elapsed Time Analysis --
 Wall-clock Time                      : 3 us
 - Non I/O Handling Time (Estimated)  : 3 us
 - I/O Handling Time                  : 0 us
        - Read Syscall                : 0 us
        - Write Syscall               : 0 us
        - Page Fault                  : 0 us
        - io_uring                    : 0 us

-- I/O Counts --
 Read Syscall Count                   : 0
 Write Syscall Count                  : 0
 Block I/O Count                      : 0
 io_uring Completion Count            : 0

-- Total I/O Time (block device) --
 Total Block I/O Time           : 0

-- Page Faults & Bytes --
 Page Fault Count               : 0
 Read Bytes                     : 0
 Write Bytes                    : 0
 Block Read Bytes               : 0
 Block Write Bytes              : 0
[===============================================]

[===============================================]
Result of node_idx 14 in node_object 0: Transpose (ND, X32)

-- Elapsed Time Analysis --
 Wall-clock Time                      : 4 us
 - Non I/O Handling Time (Estimated)  : 4 us
 - I/O Handling Time                  : 0 us
        - Read Syscall                : 0 us
        - Write Syscall               : 0 us
        - Page Fault                  : 0 us
        - io_uring                    : 0 us

-- I/O Counts --
 Read Syscall Count                   : 0
 Write Syscall Count                  : 0
 Block I/O Count                      : 0
 io_uring Completion Count            : 0

-- Total I/O Time (block device) --
 Total Block I/O Time           : 0

-- Page Faults & Bytes --
 Page Fault Count               : 0
 Read Bytes                     : 0
 Write Bytes                    : 0
 Block Read Bytes               : 0
 Block Write Bytes              : 0
[===============================================]

[===============================================]
Result of node_idx 15 in node_object 0: Static Reshape (NC)

-- Elapsed Time Analysis --
 Wall-clock Time                      : 3 us
 - Non I/O Handling Time (Estimated)  : 3 us
 - I/O Handling Time                  : 0 us
        - Read Syscall                : 0 us
        - Write Syscall               : 0 us
        - Page Fault                  : 0 us
        - io_uring                    : 0 us

-- I/O Counts --
 Read Syscall Count                   : 0
 Write Syscall Count                  : 0
 Block I/O Count                      : 0
 io_uring Completion Count            : 0

-- Total I/O Time (block device) --
 Total Block I/O Time           : 0

-- Page Faults & Bytes --
 Page Fault Count               : 0
 Read Bytes                     : 0
 Write Bytes                    : 0
 Block Read Bytes               : 0
 Block Write Bytes              : 0
[===============================================]

[===============================================]
Result of node_idx 16 in node_object 0: Fully Connected (NC, QDU8, F32, QC8W)

-- Elapsed Time Analysis --
 Wall-clock Time                      : 703 us
 - Non I/O Handling Time (Estimated)  : 102 us
 - I/O Handling Time                  : 601 us
        - Read Syscall                : 0 us
        - Write Syscall               : 0 us
        - Page Fault                  : 601 us
        - io_uring                    : 0 us

-- I/O Counts --
 Read Syscall Count                   : 0
 Write Syscall Count                  : 0
 Block I/O Count                      : 0
 io_uring Completion Count            : 0

-- Total I/O Time (block device) --
 Total Block I/O Time           : 0

-- Page Faults & Bytes --
 Page Fault Count               : 5
 Read Bytes                     : 0
 Write Bytes                    : 0
 Block Read Bytes               : 0
 Block Write Bytes              : 0
[===============================================]

[===============================================]
Result of node_idx 17 in node_object 0: Add (ND)

-- Elapsed Time Analysis --
 Wall-clock Time                      : 23 us
 - Non I/O Handling Time (Estimated)  : 23 us
 - I/O Handling Time                  : 0 us
        - Read Syscall                : 0 us
        - Write Syscall               : 0 us
        - Page Fault                  : 0 us
        - io_uring                    : 0 us

-- I/O Counts --
 Read Syscall Count                   : 0
 Write Syscall Count                  : 0
 Block I/O Count                      : 0
 io_uring Completion Count            : 0

-- Total I/O Time (block device) --
 Total Block I/O Time           : 0

-- Page Faults & Bytes --
 Page Fault Count               : 0
 Read Bytes                     : 0
 Write Bytes                    : 0
 Block Read Bytes               : 0
 Block Write Bytes              : 0
[===============================================]

[===============================================]
Result of node_idx 0 in node_object 0: Multiply (ND)

-- Elapsed Time Analysis --
 Wall-clock Time                      : 11 us
 - Non I/O Handling Time (Estimated)  : 11 us
 - I/O Handling Time                  : 0 us
        - Read Syscall                : 0 us
        - Write Syscall               : 0 us
        - Page Fault                  : 0 us
        - io_uring                    : 0 us

-- I/O Counts --
 Read Syscall Count                   : 0
 Write Syscall Count                  : 0
 Block I/O Count                      : 0
 io_uring Completion Count            : 0

-- Total I/O Time (block device) --
 Total Block I/O Time           : 0

-- Page Faults & Bytes --
 Page Fault Count               : 0
 Read Bytes                     : 0
 Write Bytes                    : 0
 Block Read Bytes               : 0
 Block Write Bytes              : 0
[===============================================]

[===============================================]
Result of node_idx 1 in node_object 0: Sum (ND)

-- Elapsed Time Analysis --
 Wall-clock Time                      : 8 us
 - Non I/O Handling Time (Estimated)  : 8 us
 - I/O Handling Time                  : 0 us
        - Read Syscall                : 0 us
        - Write Syscall               : 0 us
        - Page Fault                  : 0 us
        - io_uring                    : 0 us

-- I/O Counts --
 Read Syscall Count                   : 0
 Write Syscall Count                  : 0
 Block I/O Count                      : 0
 io_uring Completion Count            : 0

-- Total I/O Time (block device) --
 Total Block I/O Time           : 0

-- Page Faults & Bytes --
 Page Fault Count               : 0
 Read Bytes                     : 0
 Write Bytes                    : 0
 Block Read Bytes               : 0
 Block Write Bytes              : 0
[===============================================]

[===============================================]
Result of node_idx 2 in node_object 0: Multiply (ND)

-- Elapsed Time Analysis --
 Wall-clock Time                      : 4 us
 - Non I/O Handling Time (Estimated)  : 4 us
 - I/O Handling Time                  : 0 us
        - Read Syscall                : 0 us
        - Write Syscall               : 0 us
        - Page Fault                  : 0 us
        - io_uring                    : 0 us

-- I/O Counts --
 Read Syscall Count                   : 0
 Write Syscall Count                  : 0
 Block I/O Count                      : 0
 io_uring Completion Count            : 0

-- Total I/O Time (block device) --
 Total Block I/O Time           : 0

-- Page Faults & Bytes --
 Page Fault Count               : 0
 Read Bytes                     : 0
 Write Bytes                    : 0
 Block Read Bytes               : 0
 Block Write Bytes              : 0
[===============================================]

[===============================================]
Result of node_idx 3 in node_object 0: Add (ND)

-- Elapsed Time Analysis --
 Wall-clock Time                      : 4 us
 - Non I/O Handling Time (Estimated)  : 4 us
 - I/O Handling Time                  : 0 us
        - Read Syscall                : 0 us
        - Write Syscall               : 0 us
        - Page Fault                  : 0 us
        - io_uring                    : 0 us

-- I/O Counts --
 Read Syscall Count                   : 0
 Write Syscall Count                  : 0
 Block I/O Count                      : 0
 io_uring Completion Count            : 0

-- Total I/O Time (block device) --
 Total Block I/O Time           : 0

-- Page Faults & Bytes --
 Page Fault Count               : 0
 Read Bytes                     : 0
 Write Bytes                    : 0
 Block Read Bytes               : 0
 Block Write Bytes              : 0
[===============================================]

[===============================================]
Result of node_idx 4 in node_object 0: Static Reshape (NC)

-- Elapsed Time Analysis --
 Wall-clock Time                      : 3 us
 - Non I/O Handling Time (Estimated)  : 3 us
 - I/O Handling Time                  : 0 us
        - Read Syscall                : 0 us
        - Write Syscall               : 0 us
        - Page Fault                  : 0 us
        - io_uring                    : 0 us

-- I/O Counts --
 Read Syscall Count                   : 0
 Write Syscall Count                  : 0
 Block I/O Count                      : 0
 io_uring Completion Count            : 0

-- Total I/O Time (block device) --
 Total Block I/O Time           : 0

-- Page Faults & Bytes --
 Page Fault Count               : 0
 Read Bytes                     : 0
 Write Bytes                    : 0
 Block Read Bytes               : 0
 Block Write Bytes              : 0
[===============================================]

[===============================================]
Result of node_idx 5 in node_object 0: Reciprocal Square Root (NC)

-- Elapsed Time Analysis --
 Wall-clock Time                      : 4 us
 - Non I/O Handling Time (Estimated)  : 4 us
 - I/O Handling Time                  : 0 us
        - Read Syscall                : 0 us
        - Write Syscall               : 0 us
        - Page Fault                  : 0 us
        - io_uring                    : 0 us

-- I/O Counts --
 Read Syscall Count                   : 0
 Write Syscall Count                  : 0
 Block I/O Count                      : 0
 io_uring Completion Count            : 0

-- Total I/O Time (block device) --
 Total Block I/O Time           : 0

-- Page Faults & Bytes --
 Page Fault Count               : 0
 Read Bytes                     : 0
 Write Bytes                    : 0
 Block Read Bytes               : 0
 Block Write Bytes              : 0
[===============================================]

[===============================================]
Result of node_idx 6 in node_object 0: Multiply (ND)

-- Elapsed Time Analysis --
 Wall-clock Time                      : 5 us
 - Non I/O Handling Time (Estimated)  : 5 us
 - I/O Handling Time                  : 0 us
        - Read Syscall                : 0 us
        - Write Syscall               : 0 us
        - Page Fault                  : 0 us
        - io_uring                    : 0 us

-- I/O Counts --
 Read Syscall Count                   : 0
 Write Syscall Count                  : 0
 Block I/O Count                      : 0
 io_uring Completion Count            : 0

-- Total I/O Time (block device) --
 Total Block I/O Time           : 0

-- Page Faults & Bytes --
 Page Fault Count               : 0
 Read Bytes                     : 0
 Write Bytes                    : 0
 Block Read Bytes               : 0
 Block Write Bytes              : 0
[===============================================]

[===============================================]
Result of node_idx 7 in node_object 0: Multiply (ND)

-- Elapsed Time Analysis --
 Wall-clock Time                      : 5 us
 - Non I/O Handling Time (Estimated)  : 5 us
 - I/O Handling Time                  : 0 us
        - Read Syscall                : 0 us
        - Write Syscall               : 0 us
        - Page Fault                  : 0 us
        - io_uring                    : 0 us

-- I/O Counts --
 Read Syscall Count                   : 0
 Write Syscall Count                  : 0
 Block I/O Count                      : 0
 io_uring Completion Count            : 0

-- Total I/O Time (block device) --
 Total Block I/O Time           : 0

-- Page Faults & Bytes --
 Page Fault Count               : 0
 Read Bytes                     : 0
 Write Bytes                    : 0
 Block Read Bytes               : 0
 Block Write Bytes              : 0
[===============================================]

[===============================================]
Result of node_idx 0 in node_object 0: Fully Connected (NC, QDU8, F32, QC8W)

-- Elapsed Time Analysis --
 Wall-clock Time                      : 1440 us
 - Non I/O Handling Time (Estimated)  : 41 us
 - I/O Handling Time                  : 1399 us
        - Read Syscall                : 0 us
        - Write Syscall               : 0 us
        - Page Fault                  : 1399 us
        - io_uring                    : 0 us

-- I/O Counts --
 Read Syscall Count                   : 0
 Write Syscall Count                  : 0
 Block I/O Count                      : 3
 io_uring Completion Count            : 0

-- Total I/O Time (block device) --
 Total Block I/O Time           : 950

-- Page Faults & Bytes --
 Page Fault Count               : 8
 Read Bytes                     : 0
 Write Bytes                    : 0
 Block Read Bytes               : 167936
 Block Write Bytes              : 0
[===============================================]

[===============================================]
Result of node_idx 1 in node_object 0: Sigmoid (NC)

-- Elapsed Time Analysis --
 Wall-clock Time                      : 123 us
 - Non I/O Handling Time (Estimated)  : 123 us
 - I/O Handling Time                  : 0 us
        - Read Syscall                : 0 us
        - Write Syscall               : 0 us
        - Page Fault                  : 0 us
        - io_uring                    : 0 us

-- I/O Counts --
 Read Syscall Count                   : 0
 Write Syscall Count                  : 0
 Block I/O Count                      : 0
 io_uring Completion Count            : 0

-- Total I/O Time (block device) --
 Total Block I/O Time           : 0

-- Page Faults & Bytes --
 Page Fault Count               : 0
 Read Bytes                     : 0
 Write Bytes                    : 0
 Block Read Bytes               : 0
 Block Write Bytes              : 0
[===============================================]

[===============================================]
Result of node_idx 2 in node_object 0: Multiply (ND)

-- Elapsed Time Analysis --
 Wall-clock Time                      : 105 us
 - Non I/O Handling Time (Estimated)  : 105 us
 - I/O Handling Time                  : 0 us
        - Read Syscall                : 0 us
        - Write Syscall               : 0 us
        - Page Fault                  : 0 us
        - io_uring                    : 0 us

-- I/O Counts --
 Read Syscall Count                   : 0
 Write Syscall Count                  : 0
 Block I/O Count                      : 0
 io_uring Completion Count            : 0

-- Total I/O Time (block device) --
 Total Block I/O Time           : 0

-- Page Faults & Bytes --
 Page Fault Count               : 0
 Read Bytes                     : 0
 Write Bytes                    : 0
 Block Read Bytes               : 0
 Block Write Bytes              : 0
[===============================================]

[===============================================]
Result of node_idx 3 in node_object 0: Fully Connected (NC, QDU8, F32, QC8W)

-- Elapsed Time Analysis --
 Wall-clock Time                      : 886 us
 - Non I/O Handling Time (Estimated)  : 210 us
 - I/O Handling Time                  : 676 us
        - Read Syscall                : 0 us
        - Write Syscall               : 0 us
        - Page Fault                  : 676 us
        - io_uring                    : 0 us

-- I/O Counts --
 Read Syscall Count                   : 0
 Write Syscall Count                  : 0
 Block I/O Count                      : 2
 io_uring Completion Count            : 0

-- Total I/O Time (block device) --
 Total Block I/O Time           : 953

-- Page Faults & Bytes --
 Page Fault Count               : 5
 Read Bytes                     : 0
 Write Bytes                    : 0
 Block Read Bytes               : 106496
 Block Write Bytes              : 0
[===============================================]

[===============================================]
Result of node_idx 4 in node_object 0: Multiply (ND)

-- Elapsed Time Analysis --
 Wall-clock Time                      : 111 us
 - Non I/O Handling Time (Estimated)  : 111 us
 - I/O Handling Time                  : 0 us
        - Read Syscall                : 0 us
        - Write Syscall               : 0 us
        - Page Fault                  : 0 us
        - io_uring                    : 0 us

-- I/O Counts --
 Read Syscall Count                   : 0
 Write Syscall Count                  : 0
 Block I/O Count                      : 0
 io_uring Completion Count            : 0

-- Total I/O Time (block device) --
 Total Block I/O Time           : 0

-- Page Faults & Bytes --
 Page Fault Count               : 0
 Read Bytes                     : 0
 Write Bytes                    : 0
 Block Read Bytes               : 0
 Block Write Bytes              : 0
[===============================================]

[===============================================]
Result of node_idx 5 in node_object 0: Fully Connected (NC, QDU8, F32, QC8W)

-- Elapsed Time Analysis --
 Wall-clock Time                      : 1171 us
 - Non I/O Handling Time (Estimated)  : 152 us
 - I/O Handling Time                  : 1019 us
        - Read Syscall                : 0 us
        - Write Syscall               : 0 us
        - Page Fault                  : 1019 us
        - io_uring                    : 0 us

-- I/O Counts --
 Read Syscall Count                   : 0
 Write Syscall Count                  : 0
 Block I/O Count                      : 2
 io_uring Completion Count            : 0

-- Total I/O Time (block device) --
 Total Block I/O Time           : 706

-- Page Faults & Bytes --
 Page Fault Count               : 8
 Read Bytes                     : 0
 Write Bytes                    : 0
 Block Read Bytes               : 57344
 Block Write Bytes              : 0
[===============================================]

[===============================================]
Result of node_idx 6 in node_object 0: Add (ND)

-- Elapsed Time Analysis --
 Wall-clock Time                      : 39 us
 - Non I/O Handling Time (Estimated)  : 39 us
 - I/O Handling Time                  : 0 us
        - Read Syscall                : 0 us
        - Write Syscall               : 0 us
        - Page Fault                  : 0 us
        - io_uring                    : 0 us

-- I/O Counts --
 Read Syscall Count                   : 0
 Write Syscall Count                  : 0
 Block I/O Count                      : 0
 io_uring Completion Count            : 0

-- Total I/O Time (block device) --
 Total Block I/O Time           : 0

-- Page Faults & Bytes --
 Page Fault Count               : 0
 Read Bytes                     : 0
 Write Bytes                    : 0
 Block Read Bytes               : 0
 Block Write Bytes              : 0
[===============================================]

[===============================================]
Result of node_idx 0 in node_object 0: Multiply (ND)

-- Elapsed Time Analysis --
 Wall-clock Time                      : 92 us
 - Non I/O Handling Time (Estimated)  : 92 us
 - I/O Handling Time                  : 0 us
        - Read Syscall                : 0 us
        - Write Syscall               : 0 us
        - Page Fault                  : 0 us
        - io_uring                    : 0 us

-- I/O Counts --
 Read Syscall Count                   : 0
 Write Syscall Count                  : 0
 Block I/O Count                      : 0
 io_uring Completion Count            : 0

-- Total I/O Time (block device) --
 Total Block I/O Time           : 0

-- Page Faults & Bytes --
 Page Fault Count               : 0
 Read Bytes                     : 0
 Write Bytes                    : 0
 Block Read Bytes               : 0
 Block Write Bytes              : 0
[===============================================]

[===============================================]
Result of node_idx 1 in node_object 0: Sum (ND)

-- Elapsed Time Analysis --
 Wall-clock Time                      : 121 us
 - Non I/O Handling Time (Estimated)  : 121 us
 - I/O Handling Time                  : 0 us
        - Read Syscall                : 0 us
        - Write Syscall               : 0 us
        - Page Fault                  : 0 us
        - io_uring                    : 0 us

-- I/O Counts --
 Read Syscall Count                   : 0
 Write Syscall Count                  : 0
 Block I/O Count                      : 0
 io_uring Completion Count            : 0

-- Total I/O Time (block device) --
 Total Block I/O Time           : 0

-- Page Faults & Bytes --
 Page Fault Count               : 0
 Read Bytes                     : 0
 Write Bytes                    : 0
 Block Read Bytes               : 0
 Block Write Bytes              : 0
[===============================================]

[===============================================]
Result of node_idx 2 in node_object 0: Multiply (ND)

-- Elapsed Time Analysis --
 Wall-clock Time                      : 5 us
 - Non I/O Handling Time (Estimated)  : 5 us
 - I/O Handling Time                  : 0 us
        - Read Syscall                : 0 us
        - Write Syscall               : 0 us
        - Page Fault                  : 0 us
        - io_uring                    : 0 us

-- I/O Counts --
 Read Syscall Count                   : 0
 Write Syscall Count                  : 0
 Block I/O Count                      : 0
 io_uring Completion Count            : 0

-- Total I/O Time (block device) --
 Total Block I/O Time           : 0

-- Page Faults & Bytes --
 Page Fault Count               : 0
 Read Bytes                     : 0
 Write Bytes                    : 0
 Block Read Bytes               : 0
 Block Write Bytes              : 0
[===============================================]

[===============================================]
Result of node_idx 3 in node_object 0: Add (ND)

-- Elapsed Time Analysis --
 Wall-clock Time                      : 3 us
 - Non I/O Handling Time (Estimated)  : 3 us
 - I/O Handling Time                  : 0 us
        - Read Syscall                : 0 us
        - Write Syscall               : 0 us
        - Page Fault                  : 0 us
        - io_uring                    : 0 us

-- I/O Counts --
 Read Syscall Count                   : 0
 Write Syscall Count                  : 0
 Block I/O Count                      : 0
 io_uring Completion Count            : 0

-- Total I/O Time (block device) --
 Total Block I/O Time           : 0

-- Page Faults & Bytes --
 Page Fault Count               : 0
 Read Bytes                     : 0
 Write Bytes                    : 0
 Block Read Bytes               : 0
 Block Write Bytes              : 0
[===============================================]

[===============================================]
Result of node_idx 4 in node_object 0: Static Reshape (NC)

-- Elapsed Time Analysis --
 Wall-clock Time                      : 3 us
 - Non I/O Handling Time (Estimated)  : 3 us
 - I/O Handling Time                  : 0 us
        - Read Syscall                : 0 us
        - Write Syscall               : 0 us
        - Page Fault                  : 0 us
        - io_uring                    : 0 us

-- I/O Counts --
 Read Syscall Count                   : 0
 Write Syscall Count                  : 0
 Block I/O Count                      : 0
 io_uring Completion Count            : 0

-- Total I/O Time (block device) --
 Total Block I/O Time           : 0

-- Page Faults & Bytes --
 Page Fault Count               : 0
 Read Bytes                     : 0
 Write Bytes                    : 0
 Block Read Bytes               : 0
 Block Write Bytes              : 0
[===============================================]

[===============================================]
Result of node_idx 5 in node_object 0: Reciprocal Square Root (NC)

-- Elapsed Time Analysis --
 Wall-clock Time                      : 3 us
 - Non I/O Handling Time (Estimated)  : 3 us
 - I/O Handling Time                  : 0 us
        - Read Syscall                : 0 us
        - Write Syscall               : 0 us
        - Page Fault                  : 0 us
        - io_uring                    : 0 us

-- I/O Counts --
 Read Syscall Count                   : 0
 Write Syscall Count                  : 0
 Block I/O Count                      : 0
 io_uring Completion Count            : 0

-- Total I/O Time (block device) --
 Total Block I/O Time           : 0

-- Page Faults & Bytes --
 Page Fault Count               : 0
 Read Bytes                     : 0
 Write Bytes                    : 0
 Block Read Bytes               : 0
 Block Write Bytes              : 0
[===============================================]

[===============================================]
Result of node_idx 6 in node_object 0: Multiply (ND)

-- Elapsed Time Analysis --
 Wall-clock Time                      : 104 us
 - Non I/O Handling Time (Estimated)  : 104 us
 - I/O Handling Time                  : 0 us
        - Read Syscall                : 0 us
        - Write Syscall               : 0 us
        - Page Fault                  : 0 us
        - io_uring                    : 0 us

-- I/O Counts --
 Read Syscall Count                   : 0
 Write Syscall Count                  : 0
 Block I/O Count                      : 0
 io_uring Completion Count            : 0

-- Total I/O Time (block device) --
 Total Block I/O Time           : 0

-- Page Faults & Bytes --
 Page Fault Count               : 0
 Read Bytes                     : 0
 Write Bytes                    : 0
 Block Read Bytes               : 0
 Block Write Bytes              : 0
[===============================================]

[===============================================]
Result of node_idx 7 in node_object 0: Multiply (ND)

-- Elapsed Time Analysis --
 Wall-clock Time                      : 16 us
 - Non I/O Handling Time (Estimated)  : 16 us
 - I/O Handling Time                  : 0 us
        - Read Syscall                : 0 us
        - Write Syscall               : 0 us
        - Page Fault                  : 0 us
        - io_uring                    : 0 us

-- I/O Counts --
 Read Syscall Count                   : 0
 Write Syscall Count                  : 0
 Block I/O Count                      : 0
 io_uring Completion Count            : 0

-- Total I/O Time (block device) --
 Total Block I/O Time           : 0

-- Page Faults & Bytes --
 Page Fault Count               : 0
 Read Bytes                     : 0
 Write Bytes                    : 0
 Block Read Bytes               : 0
 Block Write Bytes              : 0
[===============================================]

[===============================================]
Result of node_idx 0 in node_object 0: Fully Connected (NC, QDU8, F32, QC8W)

-- Elapsed Time Analysis --
 Wall-clock Time                      : 687 us
 - Non I/O Handling Time (Estimated)  : 206 us
 - I/O Handling Time                  : 481 us
        - Read Syscall                : 0 us
        - Write Syscall               : 0 us
        - Page Fault                  : 481 us
        - io_uring                    : 0 us

-- I/O Counts --
 Read Syscall Count                   : 0
 Write Syscall Count                  : 0
 Block I/O Count                      : 2
 io_uring Completion Count            : 0

-- Total I/O Time (block device) --
 Total Block I/O Time           : 522

-- Page Faults & Bytes --
 Page Fault Count               : 6
 Read Bytes                     : 0
 Write Bytes                    : 0
 Block Read Bytes               : 81920
 Block Write Bytes              : 0
[===============================================]

[===============================================]
Result of node_idx 1 in node_object 0: Static Reshape (NC)

-- Elapsed Time Analysis --
 Wall-clock Time                      : 87 us
 - Non I/O Handling Time (Estimated)  : 87 us
 - I/O Handling Time                  : 0 us
        - Read Syscall                : 0 us
        - Write Syscall               : 0 us
        - Page Fault                  : 0 us
        - io_uring                    : 0 us

-- I/O Counts --
 Read Syscall Count                   : 0
 Write Syscall Count                  : 0
 Block I/O Count                      : 0
 io_uring Completion Count            : 0

-- Total I/O Time (block device) --
 Total Block I/O Time           : 0

-- Page Faults & Bytes --
 Page Fault Count               : 0
 Read Bytes                     : 0
 Write Bytes                    : 0
 Block Read Bytes               : 0
 Block Write Bytes              : 0
[===============================================]

[===============================================]
Result of node_idx 2 in node_object 0: Slice (ND, X32)

-- Elapsed Time Analysis --
 Wall-clock Time                      : 18 us
 - Non I/O Handling Time (Estimated)  : 18 us
 - I/O Handling Time                  : 0 us
        - Read Syscall                : 0 us
        - Write Syscall               : 0 us
        - Page Fault                  : 0 us
        - io_uring                    : 0 us

-- I/O Counts --
 Read Syscall Count                   : 0
 Write Syscall Count                  : 0
 Block I/O Count                      : 0
 io_uring Completion Count            : 0

-- Total I/O Time (block device) --
 Total Block I/O Time           : 0

-- Page Faults & Bytes --
 Page Fault Count               : 0
 Read Bytes                     : 0
 Write Bytes                    : 0
 Block Read Bytes               : 0
 Block Write Bytes              : 0
[===============================================]

[===============================================]
Result of node_idx 3 in node_object 0: Slice (ND, X32)

-- Elapsed Time Analysis --
 Wall-clock Time                      : 8 us
 - Non I/O Handling Time (Estimated)  : 8 us
 - I/O Handling Time                  : 0 us
        - Read Syscall                : 0 us
        - Write Syscall               : 0 us
        - Page Fault                  : 0 us
        - io_uring                    : 0 us

-- I/O Counts --
 Read Syscall Count                   : 0
 Write Syscall Count                  : 0
 Block I/O Count                      : 0
 io_uring Completion Count            : 0

-- Total I/O Time (block device) --
 Total Block I/O Time           : 0

-- Page Faults & Bytes --
 Page Fault Count               : 0
 Read Bytes                     : 0
 Write Bytes                    : 0
 Block Read Bytes               : 0
 Block Write Bytes              : 0
[===============================================]

[===============================================]
Result of node_idx 4 in node_object 0: Slice (ND, X32)

-- Elapsed Time Analysis --
 Wall-clock Time                      : 8 us
 - Non I/O Handling Time (Estimated)  : 8 us
 - I/O Handling Time                  : 0 us
        - Read Syscall                : 0 us
        - Write Syscall               : 0 us
        - Page Fault                  : 0 us
        - io_uring                    : 0 us

-- I/O Counts --
 Read Syscall Count                   : 0
 Write Syscall Count                  : 0
 Block I/O Count                      : 0
 io_uring Completion Count            : 0

-- Total I/O Time (block device) --
 Total Block I/O Time           : 0

-- Page Faults & Bytes --
 Page Fault Count               : 0
 Read Bytes                     : 0
 Write Bytes                    : 0
 Block Read Bytes               : 0
 Block Write Bytes              : 0
[===============================================]

[===============================================]
Result of node_idx 5 in node_object 0: Static Reshape (NC)

-- Elapsed Time Analysis --
 Wall-clock Time                      : 3 us
 - Non I/O Handling Time (Estimated)  : 3 us
 - I/O Handling Time                  : 0 us
        - Read Syscall                : 0 us
        - Write Syscall               : 0 us
        - Page Fault                  : 0 us
        - io_uring                    : 0 us

-- I/O Counts --
 Read Syscall Count                   : 0
 Write Syscall Count                  : 0
 Block I/O Count                      : 0
 io_uring Completion Count            : 0

-- Total I/O Time (block device) --
 Total Block I/O Time           : 0

-- Page Faults & Bytes --
 Page Fault Count               : 0
 Read Bytes                     : 0
 Write Bytes                    : 0
 Block Read Bytes               : 0
 Block Write Bytes              : 0
[===============================================]

[===============================================]
Result of node_idx 6 in node_object 0: Transpose (ND, X32)

-- Elapsed Time Analysis --
 Wall-clock Time                      : 6 us
 - Non I/O Handling Time (Estimated)  : 6 us
 - I/O Handling Time                  : 0 us
        - Read Syscall                : 0 us
        - Write Syscall               : 0 us
        - Page Fault                  : 0 us
        - io_uring                    : 0 us

-- I/O Counts --
 Read Syscall Count                   : 0
 Write Syscall Count                  : 0
 Block I/O Count                      : 0
 io_uring Completion Count            : 0

-- Total I/O Time (block device) --
 Total Block I/O Time           : 0

-- Page Faults & Bytes --
 Page Fault Count               : 0
 Read Bytes                     : 0
 Write Bytes                    : 0
 Block Read Bytes               : 0
 Block Write Bytes              : 0
[===============================================]

[===============================================]
Result of node_idx 7 in node_object 0: Slice (ND, X32)

-- Elapsed Time Analysis --
 Wall-clock Time                      : 9 us
 - Non I/O Handling Time (Estimated)  : 9 us
 - I/O Handling Time                  : 0 us
        - Read Syscall                : 0 us
        - Write Syscall               : 0 us
        - Page Fault                  : 0 us
        - io_uring                    : 0 us

-- I/O Counts --
 Read Syscall Count                   : 0
 Write Syscall Count                  : 0
 Block I/O Count                      : 0
 io_uring Completion Count            : 0

-- Total I/O Time (block device) --
 Total Block I/O Time           : 0

-- Page Faults & Bytes --
 Page Fault Count               : 0
 Read Bytes                     : 0
 Write Bytes                    : 0
 Block Read Bytes               : 0
 Block Write Bytes              : 0
[===============================================]

[===============================================]
Result of node_idx 8 in node_object 0: Slice (ND, X32)

-- Elapsed Time Analysis --
 Wall-clock Time                      : 8 us
 - Non I/O Handling Time (Estimated)  : 8 us
 - I/O Handling Time                  : 0 us
        - Read Syscall                : 0 us
        - Write Syscall               : 0 us
        - Page Fault                  : 0 us
        - io_uring                    : 0 us

-- I/O Counts --
 Read Syscall Count                   : 0
 Write Syscall Count                  : 0
 Block I/O Count                      : 0
 io_uring Completion Count            : 0

-- Total I/O Time (block device) --
 Total Block I/O Time           : 0

-- Page Faults & Bytes --
 Page Fault Count               : 0
 Read Bytes                     : 0
 Write Bytes                    : 0
 Block Read Bytes               : 0
 Block Write Bytes              : 0
[===============================================]

[===============================================]
Result of node_idx 9 in node_object 0: Multiply (ND)

-- Elapsed Time Analysis --
 Wall-clock Time                      : 5 us
 - Non I/O Handling Time (Estimated)  : 5 us
 - I/O Handling Time                  : 0 us
        - Read Syscall                : 0 us
        - Write Syscall               : 0 us
        - Page Fault                  : 0 us
        - io_uring                    : 0 us

-- I/O Counts --
 Read Syscall Count                   : 0
 Write Syscall Count                  : 0
 Block I/O Count                      : 0
 io_uring Completion Count            : 0

-- Total I/O Time (block device) --
 Total Block I/O Time           : 0

-- Page Faults & Bytes --
 Page Fault Count               : 0
 Read Bytes                     : 0
 Write Bytes                    : 0
 Block Read Bytes               : 0
 Block Write Bytes              : 0
[===============================================]

[===============================================]
Result of node_idx 10 in node_object 0: Multiply (ND)

-- Elapsed Time Analysis --
 Wall-clock Time                      : 6 us
 - Non I/O Handling Time (Estimated)  : 6 us
 - I/O Handling Time                  : 0 us
        - Read Syscall                : 0 us
        - Write Syscall               : 0 us
        - Page Fault                  : 0 us
        - io_uring                    : 0 us

-- I/O Counts --
 Read Syscall Count                   : 0
 Write Syscall Count                  : 0
 Block I/O Count                      : 0
 io_uring Completion Count            : 0

-- Total I/O Time (block device) --
 Total Block I/O Time           : 0

-- Page Faults & Bytes --
 Page Fault Count               : 0
 Read Bytes                     : 0
 Write Bytes                    : 0
 Block Read Bytes               : 0
 Block Write Bytes              : 0
[===============================================]

[===============================================]
Result of node_idx 11 in node_object 0: Subtract (ND)

-- Elapsed Time Analysis --
 Wall-clock Time                      : 6 us
 - Non I/O Handling Time (Estimated)  : 6 us
 - I/O Handling Time                  : 0 us
        - Read Syscall                : 0 us
        - Write Syscall               : 0 us
        - Page Fault                  : 0 us
        - io_uring                    : 0 us

-- I/O Counts --
 Read Syscall Count                   : 0
 Write Syscall Count                  : 0
 Block I/O Count                      : 0
 io_uring Completion Count            : 0

-- Total I/O Time (block device) --
 Total Block I/O Time           : 0

-- Page Faults & Bytes --
 Page Fault Count               : 0
 Read Bytes                     : 0
 Write Bytes                    : 0
 Block Read Bytes               : 0
 Block Write Bytes              : 0
[===============================================]

[===============================================]
Result of node_idx 12 in node_object 0: Multiply (ND)

-- Elapsed Time Analysis --
 Wall-clock Time                      : 5 us
 - Non I/O Handling Time (Estimated)  : 5 us
 - I/O Handling Time                  : 0 us
        - Read Syscall                : 0 us
        - Write Syscall               : 0 us
        - Page Fault                  : 0 us
        - io_uring                    : 0 us

-- I/O Counts --
 Read Syscall Count                   : 0
 Write Syscall Count                  : 0
 Block I/O Count                      : 0
 io_uring Completion Count            : 0

-- Total I/O Time (block device) --
 Total Block I/O Time           : 0

-- Page Faults & Bytes --
 Page Fault Count               : 0
 Read Bytes                     : 0
 Write Bytes                    : 0
 Block Read Bytes               : 0
 Block Write Bytes              : 0
[===============================================]

[===============================================]
Result of node_idx 13 in node_object 0: Multiply (ND)

-- Elapsed Time Analysis --
 Wall-clock Time                      : 10 us
 - Non I/O Handling Time (Estimated)  : 10 us
 - I/O Handling Time                  : 0 us
        - Read Syscall                : 0 us
        - Write Syscall               : 0 us
        - Page Fault                  : 0 us
        - io_uring                    : 0 us

-- I/O Counts --
 Read Syscall Count                   : 0
 Write Syscall Count                  : 0
 Block I/O Count                      : 0
 io_uring Completion Count            : 0

-- Total I/O Time (block device) --
 Total Block I/O Time           : 0

-- Page Faults & Bytes --
 Page Fault Count               : 0
 Read Bytes                     : 0
 Write Bytes                    : 0
 Block Read Bytes               : 0
 Block Write Bytes              : 0
[===============================================]

[===============================================]
Result of node_idx 14 in node_object 0: Add (ND)

-- Elapsed Time Analysis --
 Wall-clock Time                      : 6 us
 - Non I/O Handling Time (Estimated)  : 6 us
 - I/O Handling Time                  : 0 us
        - Read Syscall                : 0 us
        - Write Syscall               : 0 us
        - Page Fault                  : 0 us
        - io_uring                    : 0 us

-- I/O Counts --
 Read Syscall Count                   : 0
 Write Syscall Count                  : 0
 Block I/O Count                      : 0
 io_uring Completion Count            : 0

-- Total I/O Time (block device) --
 Total Block I/O Time           : 0

-- Page Faults & Bytes --
 Page Fault Count               : 0
 Read Bytes                     : 0
 Write Bytes                    : 0
 Block Read Bytes               : 0
 Block Write Bytes              : 0
[===============================================]

[===============================================]
Result of node_idx 15 in node_object 0: Copy (NC, X32)

-- Elapsed Time Analysis --
 Wall-clock Time                      : 6 us
 - Non I/O Handling Time (Estimated)  : 6 us
 - I/O Handling Time                  : 0 us
        - Read Syscall                : 0 us
        - Write Syscall               : 0 us
        - Page Fault                  : 0 us
        - io_uring                    : 0 us

-- I/O Counts --
 Read Syscall Count                   : 0
 Write Syscall Count                  : 0
 Block I/O Count                      : 0
 io_uring Completion Count            : 0

-- Total I/O Time (block device) --
 Total Block I/O Time           : 0

-- Page Faults & Bytes --
 Page Fault Count               : 0
 Read Bytes                     : 0
 Write Bytes                    : 0
 Block Read Bytes               : 0
 Block Write Bytes              : 0
[===============================================]

[===============================================]
Result of node_idx 15 in node_object 1: Copy (NC, X32)

-- Elapsed Time Analysis --
 Wall-clock Time                      : 5 us
 - Non I/O Handling Time (Estimated)  : 5 us
 - I/O Handling Time                  : 0 us
        - Read Syscall                : 0 us
        - Write Syscall               : 0 us
        - Page Fault                  : 0 us
        - io_uring                    : 0 us

-- I/O Counts --
 Read Syscall Count                   : 0
 Write Syscall Count                  : 0
 Block I/O Count                      : 0
 io_uring Completion Count            : 0

-- Total I/O Time (block device) --
 Total Block I/O Time           : 0

-- Page Faults & Bytes --
 Page Fault Count               : 0
 Read Bytes                     : 0
 Write Bytes                    : 0
 Block Read Bytes               : 0
 Block Write Bytes              : 0
[===============================================]

[===============================================]
Result of node_idx 16 in node_object 0: Transpose (ND, X32)

-- Elapsed Time Analysis --
 Wall-clock Time                      : 5 us
 - Non I/O Handling Time (Estimated)  : 5 us
 - I/O Handling Time                  : 0 us
        - Read Syscall                : 0 us
        - Write Syscall               : 0 us
        - Page Fault                  : 0 us
        - io_uring                    : 0 us

-- I/O Counts --
 Read Syscall Count                   : 0
 Write Syscall Count                  : 0
 Block I/O Count                      : 0
 io_uring Completion Count            : 0

-- Total I/O Time (block device) --
 Total Block I/O Time           : 0

-- Page Faults & Bytes --
 Page Fault Count               : 0
 Read Bytes                     : 0
 Write Bytes                    : 0
 Block Read Bytes               : 0
 Block Write Bytes              : 0
[===============================================]

[===============================================]
Result of node_idx 17 in node_object 0: Transpose (ND, X32)

-- Elapsed Time Analysis --
 Wall-clock Time                      : 4 us
 - Non I/O Handling Time (Estimated)  : 4 us
 - I/O Handling Time                  : 0 us
        - Read Syscall                : 0 us
        - Write Syscall               : 0 us
        - Page Fault                  : 0 us
        - io_uring                    : 0 us

-- I/O Counts --
 Read Syscall Count                   : 0
 Write Syscall Count                  : 0
 Block I/O Count                      : 0
 io_uring Completion Count            : 0

-- Total I/O Time (block device) --
 Total Block I/O Time           : 0

-- Page Faults & Bytes --
 Page Fault Count               : 0
 Read Bytes                     : 0
 Write Bytes                    : 0
 Block Read Bytes               : 0
 Block Write Bytes              : 0
[===============================================]

[===============================================]
Result of node_idx 18 in node_object 0: Slice (ND, X32)

-- Elapsed Time Analysis --
 Wall-clock Time                      : 7 us
 - Non I/O Handling Time (Estimated)  : 7 us
 - I/O Handling Time                  : 0 us
        - Read Syscall                : 0 us
        - Write Syscall               : 0 us
        - Page Fault                  : 0 us
        - io_uring                    : 0 us

-- I/O Counts --
 Read Syscall Count                   : 0
 Write Syscall Count                  : 0
 Block I/O Count                      : 0
 io_uring Completion Count            : 0

-- Total I/O Time (block device) --
 Total Block I/O Time           : 0

-- Page Faults & Bytes --
 Page Fault Count               : 0
 Read Bytes                     : 0
 Write Bytes                    : 0
 Block Read Bytes               : 0
 Block Write Bytes              : 0
[===============================================]

[===============================================]
Result of node_idx 19 in node_object 0: Slice (ND, X32)

-- Elapsed Time Analysis --
 Wall-clock Time                      : 7 us
 - Non I/O Handling Time (Estimated)  : 7 us
 - I/O Handling Time                  : 0 us
        - Read Syscall                : 0 us
        - Write Syscall               : 0 us
        - Page Fault                  : 0 us
        - io_uring                    : 0 us

-- I/O Counts --
 Read Syscall Count                   : 0
 Write Syscall Count                  : 0
 Block I/O Count                      : 0
 io_uring Completion Count            : 0

-- Total I/O Time (block device) --
 Total Block I/O Time           : 0

-- Page Faults & Bytes --
 Page Fault Count               : 0
 Read Bytes                     : 0
 Write Bytes                    : 0
 Block Read Bytes               : 0
 Block Write Bytes              : 0
[===============================================]

[===============================================]
Result of node_idx 20 in node_object 0: Multiply (ND)

-- Elapsed Time Analysis --
 Wall-clock Time                      : 5 us
 - Non I/O Handling Time (Estimated)  : 5 us
 - I/O Handling Time                  : 0 us
        - Read Syscall                : 0 us
        - Write Syscall               : 0 us
        - Page Fault                  : 0 us
        - io_uring                    : 0 us

-- I/O Counts --
 Read Syscall Count                   : 0
 Write Syscall Count                  : 0
 Block I/O Count                      : 0
 io_uring Completion Count            : 0

-- Total I/O Time (block device) --
 Total Block I/O Time           : 0

-- Page Faults & Bytes --
 Page Fault Count               : 0
 Read Bytes                     : 0
 Write Bytes                    : 0
 Block Read Bytes               : 0
 Block Write Bytes              : 0
[===============================================]

[===============================================]
Result of node_idx 21 in node_object 0: Multiply (ND)

-- Elapsed Time Analysis --
 Wall-clock Time                      : 5 us
 - Non I/O Handling Time (Estimated)  : 5 us
 - I/O Handling Time                  : 0 us
        - Read Syscall                : 0 us
        - Write Syscall               : 0 us
        - Page Fault                  : 0 us
        - io_uring                    : 0 us

-- I/O Counts --
 Read Syscall Count                   : 0
 Write Syscall Count                  : 0
 Block I/O Count                      : 0
 io_uring Completion Count            : 0

-- Total I/O Time (block device) --
 Total Block I/O Time           : 0

-- Page Faults & Bytes --
 Page Fault Count               : 0
 Read Bytes                     : 0
 Write Bytes                    : 0
 Block Read Bytes               : 0
 Block Write Bytes              : 0
[===============================================]

[===============================================]
Result of node_idx 22 in node_object 0: Subtract (ND)

-- Elapsed Time Analysis --
 Wall-clock Time                      : 6 us
 - Non I/O Handling Time (Estimated)  : 6 us
 - I/O Handling Time                  : 0 us
        - Read Syscall                : 0 us
        - Write Syscall               : 0 us
        - Page Fault                  : 0 us
        - io_uring                    : 0 us

-- I/O Counts --
 Read Syscall Count                   : 0
 Write Syscall Count                  : 0
 Block I/O Count                      : 0
 io_uring Completion Count            : 0

-- Total I/O Time (block device) --
 Total Block I/O Time           : 0

-- Page Faults & Bytes --
 Page Fault Count               : 0
 Read Bytes                     : 0
 Write Bytes                    : 0
 Block Read Bytes               : 0
 Block Write Bytes              : 0
[===============================================]

[===============================================]
Result of node_idx 23 in node_object 0: Multiply (ND)

-- Elapsed Time Analysis --
 Wall-clock Time                      : 5 us
 - Non I/O Handling Time (Estimated)  : 5 us
 - I/O Handling Time                  : 0 us
        - Read Syscall                : 0 us
        - Write Syscall               : 0 us
        - Page Fault                  : 0 us
        - io_uring                    : 0 us

-- I/O Counts --
 Read Syscall Count                   : 0
 Write Syscall Count                  : 0
 Block I/O Count                      : 0
 io_uring Completion Count            : 0

-- Total I/O Time (block device) --
 Total Block I/O Time           : 0

-- Page Faults & Bytes --
 Page Fault Count               : 0
 Read Bytes                     : 0
 Write Bytes                    : 0
 Block Read Bytes               : 0
 Block Write Bytes              : 0
[===============================================]

[===============================================]
Result of node_idx 24 in node_object 0: Multiply (ND)

-- Elapsed Time Analysis --
 Wall-clock Time                      : 5 us
 - Non I/O Handling Time (Estimated)  : 5 us
 - I/O Handling Time                  : 0 us
        - Read Syscall                : 0 us
        - Write Syscall               : 0 us
        - Page Fault                  : 0 us
        - io_uring                    : 0 us

-- I/O Counts --
 Read Syscall Count                   : 0
 Write Syscall Count                  : 0
 Block I/O Count                      : 0
 io_uring Completion Count            : 0

-- Total I/O Time (block device) --
 Total Block I/O Time           : 0

-- Page Faults & Bytes --
 Page Fault Count               : 0
 Read Bytes                     : 0
 Write Bytes                    : 0
 Block Read Bytes               : 0
 Block Write Bytes              : 0
[===============================================]

[===============================================]
Result of node_idx 25 in node_object 0: Add (ND)

-- Elapsed Time Analysis --
 Wall-clock Time                      : 5 us
 - Non I/O Handling Time (Estimated)  : 5 us
 - I/O Handling Time                  : 0 us
        - Read Syscall                : 0 us
        - Write Syscall               : 0 us
        - Page Fault                  : 0 us
        - io_uring                    : 0 us

-- I/O Counts --
 Read Syscall Count                   : 0
 Write Syscall Count                  : 0
 Block I/O Count                      : 0
 io_uring Completion Count            : 0

-- Total I/O Time (block device) --
 Total Block I/O Time           : 0

-- Page Faults & Bytes --
 Page Fault Count               : 0
 Read Bytes                     : 0
 Write Bytes                    : 0
 Block Read Bytes               : 0
 Block Write Bytes              : 0
[===============================================]

[===============================================]
Result of node_idx 26 in node_object 0: Copy (NC, X32)

-- Elapsed Time Analysis --
 Wall-clock Time                      : 5 us
 - Non I/O Handling Time (Estimated)  : 5 us
 - I/O Handling Time                  : 0 us
        - Read Syscall                : 0 us
        - Write Syscall               : 0 us
        - Page Fault                  : 0 us
        - io_uring                    : 0 us

-- I/O Counts --
 Read Syscall Count                   : 0
 Write Syscall Count                  : 0
 Block I/O Count                      : 0
 io_uring Completion Count            : 0

-- Total I/O Time (block device) --
 Total Block I/O Time           : 0

-- Page Faults & Bytes --
 Page Fault Count               : 0
 Read Bytes                     : 0
 Write Bytes                    : 0
 Block Read Bytes               : 0
 Block Write Bytes              : 0
[===============================================]

[===============================================]
Result of node_idx 26 in node_object 1: Copy (NC, X32)

-- Elapsed Time Analysis --
 Wall-clock Time                      : 5 us
 - Non I/O Handling Time (Estimated)  : 5 us
 - I/O Handling Time                  : 0 us
        - Read Syscall                : 0 us
        - Write Syscall               : 0 us
        - Page Fault                  : 0 us
        - io_uring                    : 0 us

-- I/O Counts --
 Read Syscall Count                   : 0
 Write Syscall Count                  : 0
 Block I/O Count                      : 0
 io_uring Completion Count            : 0

-- Total I/O Time (block device) --
 Total Block I/O Time           : 0

-- Page Faults & Bytes --
 Page Fault Count               : 0
 Read Bytes                     : 0
 Write Bytes                    : 0
 Block Read Bytes               : 0
 Block Write Bytes              : 0
[===============================================]

[===============================================]
Result of node_idx 27 in node_object 0: Transpose (ND, X32)

-- Elapsed Time Analysis --
 Wall-clock Time                      : 4 us
 - Non I/O Handling Time (Estimated)  : 4 us
 - I/O Handling Time                  : 0 us
        - Read Syscall                : 0 us
        - Write Syscall               : 0 us
        - Page Fault                  : 0 us
        - io_uring                    : 0 us

-- I/O Counts --
 Read Syscall Count                   : 0
 Write Syscall Count                  : 0
 Block I/O Count                      : 0
 io_uring Completion Count            : 0

-- Total I/O Time (block device) --
 Total Block I/O Time           : 0

-- Page Faults & Bytes --
 Page Fault Count               : 0
 Read Bytes                     : 0
 Write Bytes                    : 0
 Block Read Bytes               : 0
 Block Write Bytes              : 0
[===============================================]

[===============================================]
Result of node_idx 0 in node_object 0: Multiply (ND)

-- Elapsed Time Analysis --
 Wall-clock Time                      : 5 us
 - Non I/O Handling Time (Estimated)  : 5 us
 - I/O Handling Time                  : 0 us
        - Read Syscall                : 0 us
        - Write Syscall               : 0 us
        - Page Fault                  : 0 us
        - io_uring                    : 0 us

-- I/O Counts --
 Read Syscall Count                   : 0
 Write Syscall Count                  : 0
 Block I/O Count                      : 0
 io_uring Completion Count            : 0

-- Total I/O Time (block device) --
 Total Block I/O Time           : 0

-- Page Faults & Bytes --
 Page Fault Count               : 0
 Read Bytes                     : 0
 Write Bytes                    : 0
 Block Read Bytes               : 0
 Block Write Bytes              : 0
[===============================================]

[===============================================]
Result of node_idx 1 in node_object 0: Transpose (ND, X32)

-- Elapsed Time Analysis --
 Wall-clock Time                      : 5 us
 - Non I/O Handling Time (Estimated)  : 5 us
 - I/O Handling Time                  : 0 us
        - Read Syscall                : 0 us
        - Write Syscall               : 0 us
        - Page Fault                  : 0 us
        - io_uring                    : 0 us

-- I/O Counts --
 Read Syscall Count                   : 0
 Write Syscall Count                  : 0
 Block I/O Count                      : 0
 io_uring Completion Count            : 0

-- Total I/O Time (block device) --
 Total Block I/O Time           : 0

-- Page Faults & Bytes --
 Page Fault Count               : 0
 Read Bytes                     : 0
 Write Bytes                    : 0
 Block Read Bytes               : 0
 Block Write Bytes              : 0
[===============================================]

[===============================================]
Result of node_idx 2 in node_object 0: Transpose (ND, X32)

-- Elapsed Time Analysis --
 Wall-clock Time                      : 27 us
 - Non I/O Handling Time (Estimated)  : 27 us
 - I/O Handling Time                  : 0 us
        - Read Syscall                : 0 us
        - Write Syscall               : 0 us
        - Page Fault                  : 0 us
        - io_uring                    : 0 us

-- I/O Counts --
 Read Syscall Count                   : 0
 Write Syscall Count                  : 0
 Block I/O Count                      : 0
 io_uring Completion Count            : 0

-- Total I/O Time (block device) --
 Total Block I/O Time           : 0

-- Page Faults & Bytes --
 Page Fault Count               : 0
 Read Bytes                     : 0
 Write Bytes                    : 0
 Block Read Bytes               : 0
 Block Write Bytes              : 0
[===============================================]

[===============================================]
Result of node_idx 3 in node_object 0: Static Reshape (NC)

-- Elapsed Time Analysis --
 Wall-clock Time                      : 3 us
 - Non I/O Handling Time (Estimated)  : 3 us
 - I/O Handling Time                  : 0 us
        - Read Syscall                : 0 us
        - Write Syscall               : 0 us
        - Page Fault                  : 0 us
        - io_uring                    : 0 us

-- I/O Counts --
 Read Syscall Count                   : 0
 Write Syscall Count                  : 0
 Block I/O Count                      : 0
 io_uring Completion Count            : 0

-- Total I/O Time (block device) --
 Total Block I/O Time           : 0

-- Page Faults & Bytes --
 Page Fault Count               : 0
 Read Bytes                     : 0
 Write Bytes                    : 0
 Block Read Bytes               : 0
 Block Write Bytes              : 0
[===============================================]

[===============================================]
Result of node_idx 4 in node_object 0: Static Reshape (NC)

-- Elapsed Time Analysis --
 Wall-clock Time                      : 3 us
 - Non I/O Handling Time (Estimated)  : 3 us
 - I/O Handling Time                  : 0 us
        - Read Syscall                : 0 us
        - Write Syscall               : 0 us
        - Page Fault                  : 0 us
        - io_uring                    : 0 us

-- I/O Counts --
 Read Syscall Count                   : 0
 Write Syscall Count                  : 0
 Block I/O Count                      : 0
 io_uring Completion Count            : 0

-- Total I/O Time (block device) --
 Total Block I/O Time           : 0

-- Page Faults & Bytes --
 Page Fault Count               : 0
 Read Bytes                     : 0
 Write Bytes                    : 0
 Block Read Bytes               : 0
 Block Write Bytes              : 0
[===============================================]

[===============================================]
Result of node_idx 5 in node_object 0: Batch Matrix Multiply (NC, F32)

-- Elapsed Time Analysis --
 Wall-clock Time                      : 74 us
 - Non I/O Handling Time (Estimated)  : 74 us
 - I/O Handling Time                  : 0 us
        - Read Syscall                : 0 us
        - Write Syscall               : 0 us
        - Page Fault                  : 0 us
        - io_uring                    : 0 us

-- I/O Counts --
 Read Syscall Count                   : 0
 Write Syscall Count                  : 0
 Block I/O Count                      : 0
 io_uring Completion Count            : 0

-- Total I/O Time (block device) --
 Total Block I/O Time           : 0

-- Page Faults & Bytes --
 Page Fault Count               : 0
 Read Bytes                     : 0
 Write Bytes                    : 0
 Block Read Bytes               : 0
 Block Write Bytes              : 0
[===============================================]

[===============================================]
Result of node_idx 6 in node_object 0: Static Reshape (NC)

-- Elapsed Time Analysis --
 Wall-clock Time                      : 3 us
 - Non I/O Handling Time (Estimated)  : 3 us
 - I/O Handling Time                  : 0 us
        - Read Syscall                : 0 us
        - Write Syscall               : 0 us
        - Page Fault                  : 0 us
        - io_uring                    : 0 us

-- I/O Counts --
 Read Syscall Count                   : 0
 Write Syscall Count                  : 0
 Block I/O Count                      : 0
 io_uring Completion Count            : 0

-- Total I/O Time (block device) --
 Total Block I/O Time           : 0

-- Page Faults & Bytes --
 Page Fault Count               : 0
 Read Bytes                     : 0
 Write Bytes                    : 0
 Block Read Bytes               : 0
 Block Write Bytes              : 0
[===============================================]

[===============================================]
Result of node_idx 7 in node_object 0: Add (ND)

-- Elapsed Time Analysis --
 Wall-clock Time                      : 9 us
 - Non I/O Handling Time (Estimated)  : 9 us
 - I/O Handling Time                  : 0 us
        - Read Syscall                : 0 us
        - Write Syscall               : 0 us
        - Page Fault                  : 0 us
        - io_uring                    : 0 us

-- I/O Counts --
 Read Syscall Count                   : 0
 Write Syscall Count                  : 0
 Block I/O Count                      : 0
 io_uring Completion Count            : 0

-- Total I/O Time (block device) --
 Total Block I/O Time           : 0

-- Page Faults & Bytes --
 Page Fault Count               : 0
 Read Bytes                     : 0
 Write Bytes                    : 0
 Block Read Bytes               : 0
 Block Write Bytes              : 0
[===============================================]

[===============================================]
Result of node_idx 8 in node_object 0: Softmax (NC, F32)

-- Elapsed Time Analysis --
 Wall-clock Time                      : 14 us
 - Non I/O Handling Time (Estimated)  : 14 us
 - I/O Handling Time                  : 0 us
        - Read Syscall                : 0 us
        - Write Syscall               : 0 us
        - Page Fault                  : 0 us
        - io_uring                    : 0 us

-- I/O Counts --
 Read Syscall Count                   : 0
 Write Syscall Count                  : 0
 Block I/O Count                      : 0
 io_uring Completion Count            : 0

-- Total I/O Time (block device) --
 Total Block I/O Time           : 0

-- Page Faults & Bytes --
 Page Fault Count               : 0
 Read Bytes                     : 0
 Write Bytes                    : 0
 Block Read Bytes               : 0
 Block Write Bytes              : 0
[===============================================]

[===============================================]
Result of node_idx 9 in node_object 0: Transpose (ND, X32)

-- Elapsed Time Analysis --
 Wall-clock Time                      : 35 us
 - Non I/O Handling Time (Estimated)  : 35 us
 - I/O Handling Time                  : 0 us
        - Read Syscall                : 0 us
        - Write Syscall               : 0 us
        - Page Fault                  : 0 us
        - io_uring                    : 0 us

-- I/O Counts --
 Read Syscall Count                   : 0
 Write Syscall Count                  : 0
 Block I/O Count                      : 0
 io_uring Completion Count            : 0

-- Total I/O Time (block device) --
 Total Block I/O Time           : 0

-- Page Faults & Bytes --
 Page Fault Count               : 0
 Read Bytes                     : 0
 Write Bytes                    : 0
 Block Read Bytes               : 0
 Block Write Bytes              : 0
[===============================================]

[===============================================]
Result of node_idx 10 in node_object 0: Static Reshape (NC)

-- Elapsed Time Analysis --
 Wall-clock Time                      : 3 us
 - Non I/O Handling Time (Estimated)  : 3 us
 - I/O Handling Time                  : 0 us
        - Read Syscall                : 0 us
        - Write Syscall               : 0 us
        - Page Fault                  : 0 us
        - io_uring                    : 0 us

-- I/O Counts --
 Read Syscall Count                   : 0
 Write Syscall Count                  : 0
 Block I/O Count                      : 0
 io_uring Completion Count            : 0

-- Total I/O Time (block device) --
 Total Block I/O Time           : 0

-- Page Faults & Bytes --
 Page Fault Count               : 0
 Read Bytes                     : 0
 Write Bytes                    : 0
 Block Read Bytes               : 0
 Block Write Bytes              : 0
[===============================================]

[===============================================]
Result of node_idx 11 in node_object 0: Static Reshape (NC)

-- Elapsed Time Analysis --
 Wall-clock Time                      : 3 us
 - Non I/O Handling Time (Estimated)  : 3 us
 - I/O Handling Time                  : 0 us
        - Read Syscall                : 0 us
        - Write Syscall               : 0 us
        - Page Fault                  : 0 us
        - io_uring                    : 0 us

-- I/O Counts --
 Read Syscall Count                   : 0
 Write Syscall Count                  : 0
 Block I/O Count                      : 0
 io_uring Completion Count            : 0

-- Total I/O Time (block device) --
 Total Block I/O Time           : 0

-- Page Faults & Bytes --
 Page Fault Count               : 0
 Read Bytes                     : 0
 Write Bytes                    : 0
 Block Read Bytes               : 0
 Block Write Bytes              : 0
[===============================================]

[===============================================]
Result of node_idx 12 in node_object 0: Batch Matrix Multiply (NC, F32)

-- Elapsed Time Analysis --
 Wall-clock Time                      : 65 us
 - Non I/O Handling Time (Estimated)  : 65 us
 - I/O Handling Time                  : 0 us
        - Read Syscall                : 0 us
        - Write Syscall               : 0 us
        - Page Fault                  : 0 us
        - io_uring                    : 0 us

-- I/O Counts --
 Read Syscall Count                   : 0
 Write Syscall Count                  : 0
 Block I/O Count                      : 0
 io_uring Completion Count            : 0

-- Total I/O Time (block device) --
 Total Block I/O Time           : 0

-- Page Faults & Bytes --
 Page Fault Count               : 0
 Read Bytes                     : 0
 Write Bytes                    : 0
 Block Read Bytes               : 0
 Block Write Bytes              : 0
[===============================================]

[===============================================]
Result of node_idx 13 in node_object 0: Static Reshape (NC)

-- Elapsed Time Analysis --
 Wall-clock Time                      : 3 us
 - Non I/O Handling Time (Estimated)  : 3 us
 - I/O Handling Time                  : 0 us
        - Read Syscall                : 0 us
        - Write Syscall               : 0 us
        - Page Fault                  : 0 us
        - io_uring                    : 0 us

-- I/O Counts --
 Read Syscall Count                   : 0
 Write Syscall Count                  : 0
 Block I/O Count                      : 0
 io_uring Completion Count            : 0

-- Total I/O Time (block device) --
 Total Block I/O Time           : 0

-- Page Faults & Bytes --
 Page Fault Count               : 0
 Read Bytes                     : 0
 Write Bytes                    : 0
 Block Read Bytes               : 0
 Block Write Bytes              : 0
[===============================================]

[===============================================]
Result of node_idx 14 in node_object 0: Transpose (ND, X32)

-- Elapsed Time Analysis --
 Wall-clock Time                      : 5 us
 - Non I/O Handling Time (Estimated)  : 5 us
 - I/O Handling Time                  : 0 us
        - Read Syscall                : 0 us
        - Write Syscall               : 0 us
        - Page Fault                  : 0 us
        - io_uring                    : 0 us

-- I/O Counts --
 Read Syscall Count                   : 0
 Write Syscall Count                  : 0
 Block I/O Count                      : 0
 io_uring Completion Count            : 0

-- Total I/O Time (block device) --
 Total Block I/O Time           : 0

-- Page Faults & Bytes --
 Page Fault Count               : 0
 Read Bytes                     : 0
 Write Bytes                    : 0
 Block Read Bytes               : 0
 Block Write Bytes              : 0
[===============================================]

[===============================================]
Result of node_idx 15 in node_object 0: Static Reshape (NC)

-- Elapsed Time Analysis --
 Wall-clock Time                      : 3 us
 - Non I/O Handling Time (Estimated)  : 3 us
 - I/O Handling Time                  : 0 us
        - Read Syscall                : 0 us
        - Write Syscall               : 0 us
        - Page Fault                  : 0 us
        - io_uring                    : 0 us

-- I/O Counts --
 Read Syscall Count                   : 0
 Write Syscall Count                  : 0
 Block I/O Count                      : 0
 io_uring Completion Count            : 0

-- Total I/O Time (block device) --
 Total Block I/O Time           : 0

-- Page Faults & Bytes --
 Page Fault Count               : 0
 Read Bytes                     : 0
 Write Bytes                    : 0
 Block Read Bytes               : 0
 Block Write Bytes              : 0
[===============================================]

[===============================================]
Result of node_idx 16 in node_object 0: Fully Connected (NC, QDU8, F32, QC8W)

-- Elapsed Time Analysis --
 Wall-clock Time                      : 477 us
 - Non I/O Handling Time (Estimated)  : 19 us
 - I/O Handling Time                  : 458 us
        - Read Syscall                : 0 us
        - Write Syscall               : 0 us
        - Page Fault                  : 458 us
        - io_uring                    : 0 us

-- I/O Counts --
 Read Syscall Count                   : 0
 Write Syscall Count                  : 0
 Block I/O Count                      : 2
 io_uring Completion Count            : 0

-- Total I/O Time (block device) --
 Total Block I/O Time           : 663

-- Page Faults & Bytes --
 Page Fault Count               : 4
 Read Bytes                     : 0
 Write Bytes                    : 0
 Block Read Bytes               : 36864
 Block Write Bytes              : 0
[===============================================]

[===============================================]
Result of node_idx 17 in node_object 0: Add (ND)

-- Elapsed Time Analysis --
 Wall-clock Time                      : 18 us
 - Non I/O Handling Time (Estimated)  : 18 us
 - I/O Handling Time                  : 0 us
        - Read Syscall                : 0 us
        - Write Syscall               : 0 us
        - Page Fault                  : 0 us
        - io_uring                    : 0 us

-- I/O Counts --
 Read Syscall Count                   : 0
 Write Syscall Count                  : 0
 Block I/O Count                      : 0
 io_uring Completion Count            : 0

-- Total I/O Time (block device) --
 Total Block I/O Time           : 0

-- Page Faults & Bytes --
 Page Fault Count               : 0
 Read Bytes                     : 0
 Write Bytes                    : 0
 Block Read Bytes               : 0
 Block Write Bytes              : 0
[===============================================]

[===============================================]
Result of node_idx 0 in node_object 0: Multiply (ND)

-- Elapsed Time Analysis --
 Wall-clock Time                      : 83 us
 - Non I/O Handling Time (Estimated)  : 83 us
 - I/O Handling Time                  : 0 us
        - Read Syscall                : 0 us
        - Write Syscall               : 0 us
        - Page Fault                  : 0 us
        - io_uring                    : 0 us

-- I/O Counts --
 Read Syscall Count                   : 0
 Write Syscall Count                  : 0
 Block I/O Count                      : 0
 io_uring Completion Count            : 0

-- Total I/O Time (block device) --
 Total Block I/O Time           : 0

-- Page Faults & Bytes --
 Page Fault Count               : 0
 Read Bytes                     : 0
 Write Bytes                    : 0
 Block Read Bytes               : 0
 Block Write Bytes              : 0
[===============================================]

[===============================================]
Result of node_idx 1 in node_object 0: Sum (ND)

-- Elapsed Time Analysis --
 Wall-clock Time                      : 90 us
 - Non I/O Handling Time (Estimated)  : 90 us
 - I/O Handling Time                  : 0 us
        - Read Syscall                : 0 us
        - Write Syscall               : 0 us
        - Page Fault                  : 0 us
        - io_uring                    : 0 us

-- I/O Counts --
 Read Syscall Count                   : 0
 Write Syscall Count                  : 0
 Block I/O Count                      : 0
 io_uring Completion Count            : 0

-- Total I/O Time (block device) --
 Total Block I/O Time           : 0

-- Page Faults & Bytes --
 Page Fault Count               : 0
 Read Bytes                     : 0
 Write Bytes                    : 0
 Block Read Bytes               : 0
 Block Write Bytes              : 0
[===============================================]

[===============================================]
Result of node_idx 2 in node_object 0: Multiply (ND)

-- Elapsed Time Analysis --
 Wall-clock Time                      : 3 us
 - Non I/O Handling Time (Estimated)  : 3 us
 - I/O Handling Time                  : 0 us
        - Read Syscall                : 0 us
        - Write Syscall               : 0 us
        - Page Fault                  : 0 us
        - io_uring                    : 0 us

-- I/O Counts --
 Read Syscall Count                   : 0
 Write Syscall Count                  : 0
 Block I/O Count                      : 0
 io_uring Completion Count            : 0

-- Total I/O Time (block device) --
 Total Block I/O Time           : 0

-- Page Faults & Bytes --
 Page Fault Count               : 0
 Read Bytes                     : 0
 Write Bytes                    : 0
 Block Read Bytes               : 0
 Block Write Bytes              : 0
[===============================================]

[===============================================]
Result of node_idx 3 in node_object 0: Add (ND)

-- Elapsed Time Analysis --
 Wall-clock Time                      : 2 us
 - Non I/O Handling Time (Estimated)  : 2 us
 - I/O Handling Time                  : 0 us
        - Read Syscall                : 0 us
        - Write Syscall               : 0 us
        - Page Fault                  : 0 us
        - io_uring                    : 0 us

-- I/O Counts --
 Read Syscall Count                   : 0
 Write Syscall Count                  : 0
 Block I/O Count                      : 0
 io_uring Completion Count            : 0

-- Total I/O Time (block device) --
 Total Block I/O Time           : 0

-- Page Faults & Bytes --
 Page Fault Count               : 0
 Read Bytes                     : 0
 Write Bytes                    : 0
 Block Read Bytes               : 0
 Block Write Bytes              : 0
[===============================================]

[===============================================]
Result of node_idx 4 in node_object 0: Static Reshape (NC)

-- Elapsed Time Analysis --
 Wall-clock Time                      : 2 us
 - Non I/O Handling Time (Estimated)  : 2 us
 - I/O Handling Time                  : 0 us
        - Read Syscall                : 0 us
        - Write Syscall               : 0 us
        - Page Fault                  : 0 us
        - io_uring                    : 0 us

-- I/O Counts --
 Read Syscall Count                   : 0
 Write Syscall Count                  : 0
 Block I/O Count                      : 0
 io_uring Completion Count            : 0

-- Total I/O Time (block device) --
 Total Block I/O Time           : 0

-- Page Faults & Bytes --
 Page Fault Count               : 0
 Read Bytes                     : 0
 Write Bytes                    : 0
 Block Read Bytes               : 0
 Block Write Bytes              : 0
[===============================================]

[===============================================]
Result of node_idx 5 in node_object 0: Reciprocal Square Root (NC)

-- Elapsed Time Analysis --
 Wall-clock Time                      : 2 us
 - Non I/O Handling Time (Estimated)  : 2 us
 - I/O Handling Time                  : 0 us
        - Read Syscall                : 0 us
        - Write Syscall               : 0 us
        - Page Fault                  : 0 us
        - io_uring                    : 0 us

-- I/O Counts --
 Read Syscall Count                   : 0
 Write Syscall Count                  : 0
 Block I/O Count                      : 0
 io_uring Completion Count            : 0

-- Total I/O Time (block device) --
 Total Block I/O Time           : 0

-- Page Faults & Bytes --
 Page Fault Count               : 0
 Read Bytes                     : 0
 Write Bytes                    : 0
 Block Read Bytes               : 0
 Block Write Bytes              : 0
[===============================================]

[===============================================]
Result of node_idx 6 in node_object 0: Multiply (ND)

-- Elapsed Time Analysis --
 Wall-clock Time                      : 82 us
 - Non I/O Handling Time (Estimated)  : 82 us
 - I/O Handling Time                  : 0 us
        - Read Syscall                : 0 us
        - Write Syscall               : 0 us
        - Page Fault                  : 0 us
        - io_uring                    : 0 us

-- I/O Counts --
 Read Syscall Count                   : 0
 Write Syscall Count                  : 0
 Block I/O Count                      : 0
 io_uring Completion Count            : 0

-- Total I/O Time (block device) --
 Total Block I/O Time           : 0

-- Page Faults & Bytes --
 Page Fault Count               : 0
 Read Bytes                     : 0
 Write Bytes                    : 0
 Block Read Bytes               : 0
 Block Write Bytes              : 0
[===============================================]

[===============================================]
Result of node_idx 7 in node_object 0: Multiply (ND)

-- Elapsed Time Analysis --
 Wall-clock Time                      : 13 us
 - Non I/O Handling Time (Estimated)  : 13 us
 - I/O Handling Time                  : 0 us
        - Read Syscall                : 0 us
        - Write Syscall               : 0 us
        - Page Fault                  : 0 us
        - io_uring                    : 0 us

-- I/O Counts --
 Read Syscall Count                   : 0
 Write Syscall Count                  : 0
 Block I/O Count                      : 0
 io_uring Completion Count            : 0

-- Total I/O Time (block device) --
 Total Block I/O Time           : 0

-- Page Faults & Bytes --
 Page Fault Count               : 0
 Read Bytes                     : 0
 Write Bytes                    : 0
 Block Read Bytes               : 0
 Block Write Bytes              : 0
[===============================================]

[===============================================]
Result of node_idx 0 in node_object 0: Fully Connected (NC, QDU8, F32, QC8W)

-- Elapsed Time Analysis --
 Wall-clock Time                      : 1053 us
 - Non I/O Handling Time (Estimated)  : 134 us
 - I/O Handling Time                  : 919 us
        - Read Syscall                : 0 us
        - Write Syscall               : 0 us
        - Page Fault                  : 919 us
        - io_uring                    : 0 us

-- I/O Counts --
 Read Syscall Count                   : 0
 Write Syscall Count                  : 0
 Block I/O Count                      : 3
 io_uring Completion Count            : 0

-- Total I/O Time (block device) --
 Total Block I/O Time           : 402

-- Page Faults & Bytes --
 Page Fault Count               : 12
 Read Bytes                     : 0
 Write Bytes                    : 0
 Block Read Bytes               : 65536
 Block Write Bytes              : 0
[===============================================]

[===============================================]
Result of node_idx 1 in node_object 0: Sigmoid (NC)

-- Elapsed Time Analysis --
 Wall-clock Time                      : 89 us
 - Non I/O Handling Time (Estimated)  : 89 us
 - I/O Handling Time                  : 0 us
        - Read Syscall                : 0 us
        - Write Syscall               : 0 us
        - Page Fault                  : 0 us
        - io_uring                    : 0 us

-- I/O Counts --
 Read Syscall Count                   : 0
 Write Syscall Count                  : 0
 Block I/O Count                      : 0
 io_uring Completion Count            : 0

-- Total I/O Time (block device) --
 Total Block I/O Time           : 253

-- Page Faults & Bytes --
 Page Fault Count               : 0
 Read Bytes                     : 0
 Write Bytes                    : 0
 Block Read Bytes               : 28672
 Block Write Bytes              : 0
[===============================================]

[===============================================]
Result of node_idx 2 in node_object 0: Multiply (ND)

-- Elapsed Time Analysis --
 Wall-clock Time                      : 136 us
 - Non I/O Handling Time (Estimated)  : 136 us
 - I/O Handling Time                  : 0 us
        - Read Syscall                : 0 us
        - Write Syscall               : 0 us
        - Page Fault                  : 0 us
        - io_uring                    : 0 us

-- I/O Counts --
 Read Syscall Count                   : 0
 Write Syscall Count                  : 0
 Block I/O Count                      : 0
 io_uring Completion Count            : 0

-- Total I/O Time (block device) --
 Total Block I/O Time           : 0

-- Page Faults & Bytes --
 Page Fault Count               : 0
 Read Bytes                     : 0
 Write Bytes                    : 0
 Block Read Bytes               : 0
 Block Write Bytes              : 0
[===============================================]

[===============================================]
Result of node_idx 3 in node_object 0: Fully Connected (NC, QDU8, F32, QC8W)

-- Elapsed Time Analysis --
 Wall-clock Time                      : 1164 us
 - Non I/O Handling Time (Estimated)  : 43 us
 - I/O Handling Time                  : 1121 us
        - Read Syscall                : 0 us
        - Write Syscall               : 0 us
        - Page Fault                  : 1121 us
        - io_uring                    : 0 us

-- I/O Counts --
 Read Syscall Count                   : 0
 Write Syscall Count                  : 0
 Block I/O Count                      : 4
 io_uring Completion Count            : 0

-- Total I/O Time (block device) --
 Total Block I/O Time           : 754

-- Page Faults & Bytes --
 Page Fault Count               : 8
 Read Bytes                     : 0
 Write Bytes                    : 0
 Block Read Bytes               : 32768
 Block Write Bytes              : 0
[===============================================]

[===============================================]
Result of node_idx 4 in node_object 0: Multiply (ND)

-- Elapsed Time Analysis --
 Wall-clock Time                      : 19 us
 - Non I/O Handling Time (Estimated)  : 19 us
 - I/O Handling Time                  : 0 us
        - Read Syscall                : 0 us
        - Write Syscall               : 0 us
        - Page Fault                  : 0 us
        - io_uring                    : 0 us

-- I/O Counts --
 Read Syscall Count                   : 0
 Write Syscall Count                  : 0
 Block I/O Count                      : 0
 io_uring Completion Count            : 0

-- Total I/O Time (block device) --
 Total Block I/O Time           : 0

-- Page Faults & Bytes --
 Page Fault Count               : 0
 Read Bytes                     : 0
 Write Bytes                    : 0
 Block Read Bytes               : 0
 Block Write Bytes              : 0
[===============================================]

[===============================================]
Result of node_idx 5 in node_object 0: Fully Connected (NC, QDU8, F32, QC8W)

-- Elapsed Time Analysis --
 Wall-clock Time                      : 871 us
 - Non I/O Handling Time (Estimated)  : 109 us
 - I/O Handling Time                  : 762 us
        - Read Syscall                : 0 us
        - Write Syscall               : 0 us
        - Page Fault                  : 762 us
        - io_uring                    : 0 us

-- I/O Counts --
 Read Syscall Count                   : 0
 Write Syscall Count                  : 0
 Block I/O Count                      : 1
 io_uring Completion Count            : 0

-- Total I/O Time (block device) --
 Total Block I/O Time           : 1112

-- Page Faults & Bytes --
 Page Fault Count               : 3
 Read Bytes                     : 0
 Write Bytes                    : 0
 Block Read Bytes               : 180224
 Block Write Bytes              : 0
[===============================================]

[===============================================]
Result of node_idx 6 in node_object 0: Add (ND)

-- Elapsed Time Analysis --
 Wall-clock Time                      : 25 us
 - Non I/O Handling Time (Estimated)  : 25 us
 - I/O Handling Time                  : 0 us
        - Read Syscall                : 0 us
        - Write Syscall               : 0 us
        - Page Fault                  : 0 us
        - io_uring                    : 0 us

-- I/O Counts --
 Read Syscall Count                   : 0
 Write Syscall Count                  : 0
 Block I/O Count                      : 0
 io_uring Completion Count            : 0

-- Total I/O Time (block device) --
 Total Block I/O Time           : 0

-- Page Faults & Bytes --
 Page Fault Count               : 0
 Read Bytes                     : 0
 Write Bytes                    : 0
 Block Read Bytes               : 0
 Block Write Bytes              : 0
[===============================================]

[===============================================]
Result of node_idx 0 in node_object 0: Multiply (ND)

-- Elapsed Time Analysis --
 Wall-clock Time                      : 139 us
 - Non I/O Handling Time (Estimated)  : 139 us
 - I/O Handling Time                  : 0 us
        - Read Syscall                : 0 us
        - Write Syscall               : 0 us
        - Page Fault                  : 0 us
        - io_uring                    : 0 us

-- I/O Counts --
 Read Syscall Count                   : 0
 Write Syscall Count                  : 0
 Block I/O Count                      : 0
 io_uring Completion Count            : 0

-- Total I/O Time (block device) --
 Total Block I/O Time           : 0

-- Page Faults & Bytes --
 Page Fault Count               : 0
 Read Bytes                     : 0
 Write Bytes                    : 0
 Block Read Bytes               : 0
 Block Write Bytes              : 0
[===============================================]

[===============================================]
Result of node_idx 1 in node_object 0: Sum (ND)

-- Elapsed Time Analysis --
 Wall-clock Time                      : 97 us
 - Non I/O Handling Time (Estimated)  : 97 us
 - I/O Handling Time                  : 0 us
        - Read Syscall                : 0 us
        - Write Syscall               : 0 us
        - Page Fault                  : 0 us
        - io_uring                    : 0 us

-- I/O Counts --
 Read Syscall Count                   : 0
 Write Syscall Count                  : 0
 Block I/O Count                      : 0
 io_uring Completion Count            : 0

-- Total I/O Time (block device) --
 Total Block I/O Time           : 0

-- Page Faults & Bytes --
 Page Fault Count               : 0
 Read Bytes                     : 0
 Write Bytes                    : 0
 Block Read Bytes               : 0
 Block Write Bytes              : 0
[===============================================]

[===============================================]
Result of node_idx 2 in node_object 0: Multiply (ND)

-- Elapsed Time Analysis --
 Wall-clock Time                      : 4 us
 - Non I/O Handling Time (Estimated)  : 4 us
 - I/O Handling Time                  : 0 us
        - Read Syscall                : 0 us
        - Write Syscall               : 0 us
        - Page Fault                  : 0 us
        - io_uring                    : 0 us

-- I/O Counts --
 Read Syscall Count                   : 0
 Write Syscall Count                  : 0
 Block I/O Count                      : 0
 io_uring Completion Count            : 0

-- Total I/O Time (block device) --
 Total Block I/O Time           : 0

-- Page Faults & Bytes --
 Page Fault Count               : 0
 Read Bytes                     : 0
 Write Bytes                    : 0
 Block Read Bytes               : 0
 Block Write Bytes              : 0
[===============================================]

[===============================================]
Result of node_idx 3 in node_object 0: Add (ND)

-- Elapsed Time Analysis --
 Wall-clock Time                      : 2 us
 - Non I/O Handling Time (Estimated)  : 2 us
 - I/O Handling Time                  : 0 us
        - Read Syscall                : 0 us
        - Write Syscall               : 0 us
        - Page Fault                  : 0 us
        - io_uring                    : 0 us

-- I/O Counts --
 Read Syscall Count                   : 0
 Write Syscall Count                  : 0
 Block I/O Count                      : 0
 io_uring Completion Count            : 0

-- Total I/O Time (block device) --
 Total Block I/O Time           : 0

-- Page Faults & Bytes --
 Page Fault Count               : 0
 Read Bytes                     : 0
 Write Bytes                    : 0
 Block Read Bytes               : 0
 Block Write Bytes              : 0
[===============================================]

[===============================================]
Result of node_idx 4 in node_object 0: Static Reshape (NC)

-- Elapsed Time Analysis --
 Wall-clock Time                      : 3 us
 - Non I/O Handling Time (Estimated)  : 3 us
 - I/O Handling Time                  : 0 us
        - Read Syscall                : 0 us
        - Write Syscall               : 0 us
        - Page Fault                  : 0 us
        - io_uring                    : 0 us

-- I/O Counts --
 Read Syscall Count                   : 0
 Write Syscall Count                  : 0
 Block I/O Count                      : 0
 io_uring Completion Count            : 0

-- Total I/O Time (block device) --
 Total Block I/O Time           : 0

-- Page Faults & Bytes --
 Page Fault Count               : 0
 Read Bytes                     : 0
 Write Bytes                    : 0
 Block Read Bytes               : 0
 Block Write Bytes              : 0
[===============================================]

[===============================================]
Result of node_idx 5 in node_object 0: Reciprocal Square Root (NC)

-- Elapsed Time Analysis --
 Wall-clock Time                      : 3 us
 - Non I/O Handling Time (Estimated)  : 3 us
 - I/O Handling Time                  : 0 us
        - Read Syscall                : 0 us
        - Write Syscall               : 0 us
        - Page Fault                  : 0 us
        - io_uring                    : 0 us

-- I/O Counts --
 Read Syscall Count                   : 0
 Write Syscall Count                  : 0
 Block I/O Count                      : 0
 io_uring Completion Count            : 0

-- Total I/O Time (block device) --
 Total Block I/O Time           : 0

-- Page Faults & Bytes --
 Page Fault Count               : 0
 Read Bytes                     : 0
 Write Bytes                    : 0
 Block Read Bytes               : 0
 Block Write Bytes              : 0
[===============================================]

[===============================================]
Result of node_idx 6 in node_object 0: Multiply (ND)

-- Elapsed Time Analysis --
 Wall-clock Time                      : 99 us
 - Non I/O Handling Time (Estimated)  : 99 us
 - I/O Handling Time                  : 0 us
        - Read Syscall                : 0 us
        - Write Syscall               : 0 us
        - Page Fault                  : 0 us
        - io_uring                    : 0 us

-- I/O Counts --
 Read Syscall Count                   : 0
 Write Syscall Count                  : 0
 Block I/O Count                      : 0
 io_uring Completion Count            : 0

-- Total I/O Time (block device) --
 Total Block I/O Time           : 0

-- Page Faults & Bytes --
 Page Fault Count               : 0
 Read Bytes                     : 0
 Write Bytes                    : 0
 Block Read Bytes               : 0
 Block Write Bytes              : 0
[===============================================]

[===============================================]
Result of node_idx 7 in node_object 0: Multiply (ND)

-- Elapsed Time Analysis --
 Wall-clock Time                      : 14 us
 - Non I/O Handling Time (Estimated)  : 14 us
 - I/O Handling Time                  : 0 us
        - Read Syscall                : 0 us
        - Write Syscall               : 0 us
        - Page Fault                  : 0 us
        - io_uring                    : 0 us

-- I/O Counts --
 Read Syscall Count                   : 0
 Write Syscall Count                  : 0
 Block I/O Count                      : 0
 io_uring Completion Count            : 0

-- Total I/O Time (block device) --
 Total Block I/O Time           : 0

-- Page Faults & Bytes --
 Page Fault Count               : 0
 Read Bytes                     : 0
 Write Bytes                    : 0
 Block Read Bytes               : 0
 Block Write Bytes              : 0
[===============================================]

[===============================================]
Result of node_idx 0 in node_object 0: Fully Connected (NC, QDU8, F32, QC8W)

-- Elapsed Time Analysis --
 Wall-clock Time                      : 875 us
 - Non I/O Handling Time (Estimated)  : 172 us
 - I/O Handling Time                  : 703 us
        - Read Syscall                : 0 us
        - Write Syscall               : 0 us
        - Page Fault                  : 703 us
        - io_uring                    : 0 us

-- I/O Counts --
 Read Syscall Count                   : 0
 Write Syscall Count                  : 0
 Block I/O Count                      : 2
 io_uring Completion Count            : 0

-- Total I/O Time (block device) --
 Total Block I/O Time           : 352

-- Page Faults & Bytes --
 Page Fault Count               : 6
 Read Bytes                     : 0
 Write Bytes                    : 0
 Block Read Bytes               : 32768
 Block Write Bytes              : 0
[===============================================]

[===============================================]
Result of node_idx 1 in node_object 0: Static Reshape (NC)

-- Elapsed Time Analysis --
 Wall-clock Time                      : 94 us
 - Non I/O Handling Time (Estimated)  : 94 us
 - I/O Handling Time                  : 0 us
        - Read Syscall                : 0 us
        - Write Syscall               : 0 us
        - Page Fault                  : 0 us
        - io_uring                    : 0 us

-- I/O Counts --
 Read Syscall Count                   : 0
 Write Syscall Count                  : 0
 Block I/O Count                      : 0
 io_uring Completion Count            : 0

-- Total I/O Time (block device) --
 Total Block I/O Time           : 0

-- Page Faults & Bytes --
 Page Fault Count               : 0
 Read Bytes                     : 0
 Write Bytes                    : 0
 Block Read Bytes               : 0
 Block Write Bytes              : 0
[===============================================]

[===============================================]
Result of node_idx 2 in node_object 0: Slice (ND, X32)

-- Elapsed Time Analysis --
 Wall-clock Time                      : 85 us
 - Non I/O Handling Time (Estimated)  : 85 us
 - I/O Handling Time                  : 0 us
        - Read Syscall                : 0 us
        - Write Syscall               : 0 us
        - Page Fault                  : 0 us
        - io_uring                    : 0 us

-- I/O Counts --
 Read Syscall Count                   : 0
 Write Syscall Count                  : 0
 Block I/O Count                      : 0
 io_uring Completion Count            : 0

-- Total I/O Time (block device) --
 Total Block I/O Time           : 0

-- Page Faults & Bytes --
 Page Fault Count               : 0
 Read Bytes                     : 0
 Write Bytes                    : 0
 Block Read Bytes               : 0
 Block Write Bytes              : 0
[===============================================]

[===============================================]
Result of node_idx 3 in node_object 0: Slice (ND, X32)

-- Elapsed Time Analysis --
 Wall-clock Time                      : 83 us
 - Non I/O Handling Time (Estimated)  : 83 us
 - I/O Handling Time                  : 0 us
        - Read Syscall                : 0 us
        - Write Syscall               : 0 us
        - Page Fault                  : 0 us
        - io_uring                    : 0 us

-- I/O Counts --
 Read Syscall Count                   : 0
 Write Syscall Count                  : 0
 Block I/O Count                      : 0
 io_uring Completion Count            : 0

-- Total I/O Time (block device) --
 Total Block I/O Time           : 0

-- Page Faults & Bytes --
 Page Fault Count               : 0
 Read Bytes                     : 0
 Write Bytes                    : 0
 Block Read Bytes               : 0
 Block Write Bytes              : 0
[===============================================]

[===============================================]
Result of node_idx 4 in node_object 0: Slice (ND, X32)

-- Elapsed Time Analysis --
 Wall-clock Time                      : 84 us
 - Non I/O Handling Time (Estimated)  : 84 us
 - I/O Handling Time                  : 0 us
        - Read Syscall                : 0 us
        - Write Syscall               : 0 us
        - Page Fault                  : 0 us
        - io_uring                    : 0 us

-- I/O Counts --
 Read Syscall Count                   : 0
 Write Syscall Count                  : 0
 Block I/O Count                      : 0
 io_uring Completion Count            : 0

-- Total I/O Time (block device) --
 Total Block I/O Time           : 0

-- Page Faults & Bytes --
 Page Fault Count               : 0
 Read Bytes                     : 0
 Write Bytes                    : 0
 Block Read Bytes               : 0
 Block Write Bytes              : 0
[===============================================]

[===============================================]
Result of node_idx 5 in node_object 0: Static Reshape (NC)

-- Elapsed Time Analysis --
 Wall-clock Time                      : 4 us
 - Non I/O Handling Time (Estimated)  : 4 us
 - I/O Handling Time                  : 0 us
        - Read Syscall                : 0 us
        - Write Syscall               : 0 us
        - Page Fault                  : 0 us
        - io_uring                    : 0 us

-- I/O Counts --
 Read Syscall Count                   : 0
 Write Syscall Count                  : 0
 Block I/O Count                      : 0
 io_uring Completion Count            : 0

-- Total I/O Time (block device) --
 Total Block I/O Time           : 0

-- Page Faults & Bytes --
 Page Fault Count               : 0
 Read Bytes                     : 0
 Write Bytes                    : 0
 Block Read Bytes               : 0
 Block Write Bytes              : 0
[===============================================]

[===============================================]
Result of node_idx 6 in node_object 0: Transpose (ND, X32)

-- Elapsed Time Analysis --
 Wall-clock Time                      : 4 us
 - Non I/O Handling Time (Estimated)  : 4 us
 - I/O Handling Time                  : 0 us
        - Read Syscall                : 0 us
        - Write Syscall               : 0 us
        - Page Fault                  : 0 us
        - io_uring                    : 0 us

-- I/O Counts --
 Read Syscall Count                   : 0
 Write Syscall Count                  : 0
 Block I/O Count                      : 0
 io_uring Completion Count            : 0

-- Total I/O Time (block device) --
 Total Block I/O Time           : 0

-- Page Faults & Bytes --
 Page Fault Count               : 0
 Read Bytes                     : 0
 Write Bytes                    : 0
 Block Read Bytes               : 0
 Block Write Bytes              : 0
[===============================================]

[===============================================]
Result of node_idx 7 in node_object 0: Slice (ND, X32)

-- Elapsed Time Analysis --
 Wall-clock Time                      : 88 us
 - Non I/O Handling Time (Estimated)  : 88 us
 - I/O Handling Time                  : 0 us
        - Read Syscall                : 0 us
        - Write Syscall               : 0 us
        - Page Fault                  : 0 us
        - io_uring                    : 0 us

-- I/O Counts --
 Read Syscall Count                   : 0
 Write Syscall Count                  : 0
 Block I/O Count                      : 0
 io_uring Completion Count            : 0

-- Total I/O Time (block device) --
 Total Block I/O Time           : 0

-- Page Faults & Bytes --
 Page Fault Count               : 0
 Read Bytes                     : 0
 Write Bytes                    : 0
 Block Read Bytes               : 0
 Block Write Bytes              : 0
[===============================================]

[===============================================]
Result of node_idx 8 in node_object 0: Slice (ND, X32)

-- Elapsed Time Analysis --
 Wall-clock Time                      : 91 us
 - Non I/O Handling Time (Estimated)  : 91 us
 - I/O Handling Time                  : 0 us
        - Read Syscall                : 0 us
        - Write Syscall               : 0 us
        - Page Fault                  : 0 us
        - io_uring                    : 0 us

-- I/O Counts --
 Read Syscall Count                   : 0
 Write Syscall Count                  : 0
 Block I/O Count                      : 0
 io_uring Completion Count            : 0

-- Total I/O Time (block device) --
 Total Block I/O Time           : 0

-- Page Faults & Bytes --
 Page Fault Count               : 0
 Read Bytes                     : 0
 Write Bytes                    : 0
 Block Read Bytes               : 0
 Block Write Bytes              : 0
[===============================================]

[===============================================]
Result of node_idx 9 in node_object 0: Multiply (ND)

-- Elapsed Time Analysis --
 Wall-clock Time                      : 96 us
 - Non I/O Handling Time (Estimated)  : 96 us
 - I/O Handling Time                  : 0 us
        - Read Syscall                : 0 us
        - Write Syscall               : 0 us
        - Page Fault                  : 0 us
        - io_uring                    : 0 us

-- I/O Counts --
 Read Syscall Count                   : 0
 Write Syscall Count                  : 0
 Block I/O Count                      : 0
 io_uring Completion Count            : 0

-- Total I/O Time (block device) --
 Total Block I/O Time           : 0

-- Page Faults & Bytes --
 Page Fault Count               : 0
 Read Bytes                     : 0
 Write Bytes                    : 0
 Block Read Bytes               : 0
 Block Write Bytes              : 0
[===============================================]

[===============================================]
Result of node_idx 10 in node_object 0: Multiply (ND)

-- Elapsed Time Analysis --
 Wall-clock Time                      : 118 us
 - Non I/O Handling Time (Estimated)  : 118 us
 - I/O Handling Time                  : 0 us
        - Read Syscall                : 0 us
        - Write Syscall               : 0 us
        - Page Fault                  : 0 us
        - io_uring                    : 0 us

-- I/O Counts --
 Read Syscall Count                   : 0
 Write Syscall Count                  : 0
 Block I/O Count                      : 0
 io_uring Completion Count            : 0

-- Total I/O Time (block device) --
 Total Block I/O Time           : 0

-- Page Faults & Bytes --
 Page Fault Count               : 0
 Read Bytes                     : 0
 Write Bytes                    : 0
 Block Read Bytes               : 0
 Block Write Bytes              : 0
[===============================================]

[===============================================]
Result of node_idx 11 in node_object 0: Subtract (ND)

-- Elapsed Time Analysis --
 Wall-clock Time                      : 102 us
 - Non I/O Handling Time (Estimated)  : 102 us
 - I/O Handling Time                  : 0 us
        - Read Syscall                : 0 us
        - Write Syscall               : 0 us
        - Page Fault                  : 0 us
        - io_uring                    : 0 us

-- I/O Counts --
 Read Syscall Count                   : 0
 Write Syscall Count                  : 0
 Block I/O Count                      : 0
 io_uring Completion Count            : 0

-- Total I/O Time (block device) --
 Total Block I/O Time           : 0

-- Page Faults & Bytes --
 Page Fault Count               : 0
 Read Bytes                     : 0
 Write Bytes                    : 0
 Block Read Bytes               : 0
 Block Write Bytes              : 0
[===============================================]

[===============================================]
Result of node_idx 12 in node_object 0: Multiply (ND)

-- Elapsed Time Analysis --
 Wall-clock Time                      : 164 us
 - Non I/O Handling Time (Estimated)  : 164 us
 - I/O Handling Time                  : 0 us
        - Read Syscall                : 0 us
        - Write Syscall               : 0 us
        - Page Fault                  : 0 us
        - io_uring                    : 0 us

-- I/O Counts --
 Read Syscall Count                   : 0
 Write Syscall Count                  : 0
 Block I/O Count                      : 0
 io_uring Completion Count            : 0

-- Total I/O Time (block device) --
 Total Block I/O Time           : 0

-- Page Faults & Bytes --
 Page Fault Count               : 0
 Read Bytes                     : 0
 Write Bytes                    : 0
 Block Read Bytes               : 0
 Block Write Bytes              : 0
[===============================================]

[===============================================]
Result of node_idx 13 in node_object 0: Multiply (ND)

-- Elapsed Time Analysis --
 Wall-clock Time                      : 92 us
 - Non I/O Handling Time (Estimated)  : 92 us
 - I/O Handling Time                  : 0 us
        - Read Syscall                : 0 us
        - Write Syscall               : 0 us
        - Page Fault                  : 0 us
        - io_uring                    : 0 us

-- I/O Counts --
 Read Syscall Count                   : 0
 Write Syscall Count                  : 0
 Block I/O Count                      : 0
 io_uring Completion Count            : 0

-- Total I/O Time (block device) --
 Total Block I/O Time           : 0

-- Page Faults & Bytes --
 Page Fault Count               : 0
 Read Bytes                     : 0
 Write Bytes                    : 0
 Block Read Bytes               : 0
 Block Write Bytes              : 0
[===============================================]

[===============================================]
Result of node_idx 14 in node_object 0: Add (ND)

-- Elapsed Time Analysis --
 Wall-clock Time                      : 95 us
 - Non I/O Handling Time (Estimated)  : 95 us
 - I/O Handling Time                  : 0 us
        - Read Syscall                : 0 us
        - Write Syscall               : 0 us
        - Page Fault                  : 0 us
        - io_uring                    : 0 us

-- I/O Counts --
 Read Syscall Count                   : 0
 Write Syscall Count                  : 0
 Block I/O Count                      : 0
 io_uring Completion Count            : 0

-- Total I/O Time (block device) --
 Total Block I/O Time           : 0

-- Page Faults & Bytes --
 Page Fault Count               : 0
 Read Bytes                     : 0
 Write Bytes                    : 0
 Block Read Bytes               : 0
 Block Write Bytes              : 0
[===============================================]

[===============================================]
Result of node_idx 15 in node_object 0: Copy (NC, X32)

-- Elapsed Time Analysis --
 Wall-clock Time                      : 88 us
 - Non I/O Handling Time (Estimated)  : 88 us
 - I/O Handling Time                  : 0 us
        - Read Syscall                : 0 us
        - Write Syscall               : 0 us
        - Page Fault                  : 0 us
        - io_uring                    : 0 us

-- I/O Counts --
 Read Syscall Count                   : 0
 Write Syscall Count                  : 0
 Block I/O Count                      : 0
 io_uring Completion Count            : 0

-- Total I/O Time (block device) --
 Total Block I/O Time           : 0

-- Page Faults & Bytes --
 Page Fault Count               : 0
 Read Bytes                     : 0
 Write Bytes                    : 0
 Block Read Bytes               : 0
 Block Write Bytes              : 0
[===============================================]

[===============================================]
Result of node_idx 15 in node_object 1: Copy (NC, X32)

-- Elapsed Time Analysis --
 Wall-clock Time                      : 90 us
 - Non I/O Handling Time (Estimated)  : 90 us
 - I/O Handling Time                  : 0 us
        - Read Syscall                : 0 us
        - Write Syscall               : 0 us
        - Page Fault                  : 0 us
        - io_uring                    : 0 us

-- I/O Counts --
 Read Syscall Count                   : 0
 Write Syscall Count                  : 0
 Block I/O Count                      : 0
 io_uring Completion Count            : 0

-- Total I/O Time (block device) --
 Total Block I/O Time           : 0

-- Page Faults & Bytes --
 Page Fault Count               : 0
 Read Bytes                     : 0
 Write Bytes                    : 0
 Block Read Bytes               : 0
 Block Write Bytes              : 0
[===============================================]

[===============================================]
Result of node_idx 16 in node_object 0: Transpose (ND, X32)

-- Elapsed Time Analysis --
 Wall-clock Time                      : 6 us
 - Non I/O Handling Time (Estimated)  : 6 us
 - I/O Handling Time                  : 0 us
        - Read Syscall                : 0 us
        - Write Syscall               : 0 us
        - Page Fault                  : 0 us
        - io_uring                    : 0 us

-- I/O Counts --
 Read Syscall Count                   : 0
 Write Syscall Count                  : 0
 Block I/O Count                      : 0
 io_uring Completion Count            : 0

-- Total I/O Time (block device) --
 Total Block I/O Time           : 0

-- Page Faults & Bytes --
 Page Fault Count               : 0
 Read Bytes                     : 0
 Write Bytes                    : 0
 Block Read Bytes               : 0
 Block Write Bytes              : 0
[===============================================]

[===============================================]
Result of node_idx 17 in node_object 0: Transpose (ND, X32)

-- Elapsed Time Analysis --
 Wall-clock Time                      : 3 us
 - Non I/O Handling Time (Estimated)  : 3 us
 - I/O Handling Time                  : 0 us
        - Read Syscall                : 0 us
        - Write Syscall               : 0 us
        - Page Fault                  : 0 us
        - io_uring                    : 0 us

-- I/O Counts --
 Read Syscall Count                   : 0
 Write Syscall Count                  : 0
 Block I/O Count                      : 0
 io_uring Completion Count            : 0

-- Total I/O Time (block device) --
 Total Block I/O Time           : 0

-- Page Faults & Bytes --
 Page Fault Count               : 0
 Read Bytes                     : 0
 Write Bytes                    : 0
 Block Read Bytes               : 0
 Block Write Bytes              : 0
[===============================================]

[===============================================]
Result of node_idx 18 in node_object 0: Slice (ND, X32)

-- Elapsed Time Analysis --
 Wall-clock Time                      : 90 us
 - Non I/O Handling Time (Estimated)  : 90 us
 - I/O Handling Time                  : 0 us
        - Read Syscall                : 0 us
        - Write Syscall               : 0 us
        - Page Fault                  : 0 us
        - io_uring                    : 0 us

-- I/O Counts --
 Read Syscall Count                   : 0
 Write Syscall Count                  : 0
 Block I/O Count                      : 0
 io_uring Completion Count            : 0

-- Total I/O Time (block device) --
 Total Block I/O Time           : 0

-- Page Faults & Bytes --
 Page Fault Count               : 0
 Read Bytes                     : 0
 Write Bytes                    : 0
 Block Read Bytes               : 0
 Block Write Bytes              : 0
[===============================================]

[===============================================]
Result of node_idx 19 in node_object 0: Slice (ND, X32)

-- Elapsed Time Analysis --
 Wall-clock Time                      : 102 us
 - Non I/O Handling Time (Estimated)  : 102 us
 - I/O Handling Time                  : 0 us
        - Read Syscall                : 0 us
        - Write Syscall               : 0 us
        - Page Fault                  : 0 us
        - io_uring                    : 0 us

-- I/O Counts --
 Read Syscall Count                   : 0
 Write Syscall Count                  : 0
 Block I/O Count                      : 0
 io_uring Completion Count            : 0

-- Total I/O Time (block device) --
 Total Block I/O Time           : 0

-- Page Faults & Bytes --
 Page Fault Count               : 0
 Read Bytes                     : 0
 Write Bytes                    : 0
 Block Read Bytes               : 0
 Block Write Bytes              : 0
[===============================================]

[===============================================]
Result of node_idx 20 in node_object 0: Multiply (ND)

-- Elapsed Time Analysis --
 Wall-clock Time                      : 92 us
 - Non I/O Handling Time (Estimated)  : 92 us
 - I/O Handling Time                  : 0 us
        - Read Syscall                : 0 us
        - Write Syscall               : 0 us
        - Page Fault                  : 0 us
        - io_uring                    : 0 us

-- I/O Counts --
 Read Syscall Count                   : 0
 Write Syscall Count                  : 0
 Block I/O Count                      : 0
 io_uring Completion Count            : 0

-- Total I/O Time (block device) --
 Total Block I/O Time           : 0

-- Page Faults & Bytes --
 Page Fault Count               : 0
 Read Bytes                     : 0
 Write Bytes                    : 0
 Block Read Bytes               : 0
 Block Write Bytes              : 0
[===============================================]

[===============================================]
Result of node_idx 21 in node_object 0: Multiply (ND)

-- Elapsed Time Analysis --
 Wall-clock Time                      : 91 us
 - Non I/O Handling Time (Estimated)  : 91 us
 - I/O Handling Time                  : 0 us
        - Read Syscall                : 0 us
        - Write Syscall               : 0 us
        - Page Fault                  : 0 us
        - io_uring                    : 0 us

-- I/O Counts --
 Read Syscall Count                   : 0
 Write Syscall Count                  : 0
 Block I/O Count                      : 0
 io_uring Completion Count            : 0

-- Total I/O Time (block device) --
 Total Block I/O Time           : 0

-- Page Faults & Bytes --
 Page Fault Count               : 0
 Read Bytes                     : 0
 Write Bytes                    : 0
 Block Read Bytes               : 0
 Block Write Bytes              : 0
[===============================================]

[===============================================]
Result of node_idx 22 in node_object 0: Subtract (ND)

-- Elapsed Time Analysis --
 Wall-clock Time                      : 94 us
 - Non I/O Handling Time (Estimated)  : 94 us
 - I/O Handling Time                  : 0 us
        - Read Syscall                : 0 us
        - Write Syscall               : 0 us
        - Page Fault                  : 0 us
        - io_uring                    : 0 us

-- I/O Counts --
 Read Syscall Count                   : 0
 Write Syscall Count                  : 0
 Block I/O Count                      : 0
 io_uring Completion Count            : 0

-- Total I/O Time (block device) --
 Total Block I/O Time           : 0

-- Page Faults & Bytes --
 Page Fault Count               : 0
 Read Bytes                     : 0
 Write Bytes                    : 0
 Block Read Bytes               : 0
 Block Write Bytes              : 0
[===============================================]

[===============================================]
Result of node_idx 23 in node_object 0: Multiply (ND)

-- Elapsed Time Analysis --
 Wall-clock Time                      : 97 us
 - Non I/O Handling Time (Estimated)  : 97 us
 - I/O Handling Time                  : 0 us
        - Read Syscall                : 0 us
        - Write Syscall               : 0 us
        - Page Fault                  : 0 us
        - io_uring                    : 0 us

-- I/O Counts --
 Read Syscall Count                   : 0
 Write Syscall Count                  : 0
 Block I/O Count                      : 0
 io_uring Completion Count            : 0

-- Total I/O Time (block device) --
 Total Block I/O Time           : 0

-- Page Faults & Bytes --
 Page Fault Count               : 0
 Read Bytes                     : 0
 Write Bytes                    : 0
 Block Read Bytes               : 0
 Block Write Bytes              : 0
[===============================================]

[===============================================]
Result of node_idx 24 in node_object 0: Multiply (ND)

-- Elapsed Time Analysis --
 Wall-clock Time                      : 87 us
 - Non I/O Handling Time (Estimated)  : 87 us
 - I/O Handling Time                  : 0 us
        - Read Syscall                : 0 us
        - Write Syscall               : 0 us
        - Page Fault                  : 0 us
        - io_uring                    : 0 us

-- I/O Counts --
 Read Syscall Count                   : 0
 Write Syscall Count                  : 0
 Block I/O Count                      : 0
 io_uring Completion Count            : 0

-- Total I/O Time (block device) --
 Total Block I/O Time           : 0

-- Page Faults & Bytes --
 Page Fault Count               : 0
 Read Bytes                     : 0
 Write Bytes                    : 0
 Block Read Bytes               : 0
 Block Write Bytes              : 0
[===============================================]

[===============================================]
Result of node_idx 25 in node_object 0: Add (ND)

-- Elapsed Time Analysis --
 Wall-clock Time                      : 97 us
 - Non I/O Handling Time (Estimated)  : 97 us
 - I/O Handling Time                  : 0 us
        - Read Syscall                : 0 us
        - Write Syscall               : 0 us
        - Page Fault                  : 0 us
        - io_uring                    : 0 us

-- I/O Counts --
 Read Syscall Count                   : 0
 Write Syscall Count                  : 0
 Block I/O Count                      : 0
 io_uring Completion Count            : 0

-- Total I/O Time (block device) --
 Total Block I/O Time           : 0

-- Page Faults & Bytes --
 Page Fault Count               : 0
 Read Bytes                     : 0
 Write Bytes                    : 0
 Block Read Bytes               : 0
 Block Write Bytes              : 0
[===============================================]

[===============================================]
Result of node_idx 26 in node_object 0: Copy (NC, X32)

-- Elapsed Time Analysis --
 Wall-clock Time                      : 88 us
 - Non I/O Handling Time (Estimated)  : 88 us
 - I/O Handling Time                  : 0 us
        - Read Syscall                : 0 us
        - Write Syscall               : 0 us
        - Page Fault                  : 0 us
        - io_uring                    : 0 us

-- I/O Counts --
 Read Syscall Count                   : 0
 Write Syscall Count                  : 0
 Block I/O Count                      : 0
 io_uring Completion Count            : 0

-- Total I/O Time (block device) --
 Total Block I/O Time           : 0

-- Page Faults & Bytes --
 Page Fault Count               : 0
 Read Bytes                     : 0
 Write Bytes                    : 0
 Block Read Bytes               : 0
 Block Write Bytes              : 0
[===============================================]

[===============================================]
Result of node_idx 26 in node_object 1: Copy (NC, X32)

-- Elapsed Time Analysis --
 Wall-clock Time                      : 87 us
 - Non I/O Handling Time (Estimated)  : 87 us
 - I/O Handling Time                  : 0 us
        - Read Syscall                : 0 us
        - Write Syscall               : 0 us
        - Page Fault                  : 0 us
        - io_uring                    : 0 us

-- I/O Counts --
 Read Syscall Count                   : 0
 Write Syscall Count                  : 0
 Block I/O Count                      : 0
 io_uring Completion Count            : 0

-- Total I/O Time (block device) --
 Total Block I/O Time           : 0

-- Page Faults & Bytes --
 Page Fault Count               : 0
 Read Bytes                     : 0
 Write Bytes                    : 0
 Block Read Bytes               : 0
 Block Write Bytes              : 0
[===============================================]

[===============================================]
Result of node_idx 27 in node_object 0: Transpose (ND, X32)

-- Elapsed Time Analysis --
 Wall-clock Time                      : 3 us
 - Non I/O Handling Time (Estimated)  : 3 us
 - I/O Handling Time                  : 0 us
        - Read Syscall                : 0 us
        - Write Syscall               : 0 us
        - Page Fault                  : 0 us
        - io_uring                    : 0 us

-- I/O Counts --
 Read Syscall Count                   : 0
 Write Syscall Count                  : 0
 Block I/O Count                      : 0
 io_uring Completion Count            : 0

-- Total I/O Time (block device) --
 Total Block I/O Time           : 0

-- Page Faults & Bytes --
 Page Fault Count               : 0
 Read Bytes                     : 0
 Write Bytes                    : 0
 Block Read Bytes               : 0
 Block Write Bytes              : 0
[===============================================]

[===============================================]
Result of node_idx 0 in node_object 0: Multiply (ND)

-- Elapsed Time Analysis --
 Wall-clock Time                      : 82 us
 - Non I/O Handling Time (Estimated)  : 82 us
 - I/O Handling Time                  : 0 us
        - Read Syscall                : 0 us
        - Write Syscall               : 0 us
        - Page Fault                  : 0 us
        - io_uring                    : 0 us

-- I/O Counts --
 Read Syscall Count                   : 0
 Write Syscall Count                  : 0
 Block I/O Count                      : 0
 io_uring Completion Count            : 0

-- Total I/O Time (block device) --
 Total Block I/O Time           : 0

-- Page Faults & Bytes --
 Page Fault Count               : 0
 Read Bytes                     : 0
 Write Bytes                    : 0
 Block Read Bytes               : 0
 Block Write Bytes              : 0
[===============================================]

[===============================================]
Result of node_idx 1 in node_object 0: Transpose (ND, X32)

-- Elapsed Time Analysis --
 Wall-clock Time                      : 4 us
 - Non I/O Handling Time (Estimated)  : 4 us
 - I/O Handling Time                  : 0 us
        - Read Syscall                : 0 us
        - Write Syscall               : 0 us
        - Page Fault                  : 0 us
        - io_uring                    : 0 us

-- I/O Counts --
 Read Syscall Count                   : 0
 Write Syscall Count                  : 0
 Block I/O Count                      : 0
 io_uring Completion Count            : 0

-- Total I/O Time (block device) --
 Total Block I/O Time           : 0

-- Page Faults & Bytes --
 Page Fault Count               : 0
 Read Bytes                     : 0
 Write Bytes                    : 0
 Block Read Bytes               : 0
 Block Write Bytes              : 0
[===============================================]

[===============================================]
Result of node_idx 2 in node_object 0: Transpose (ND, X32)

-- Elapsed Time Analysis --
 Wall-clock Time                      : 112 us
 - Non I/O Handling Time (Estimated)  : 112 us
 - I/O Handling Time                  : 0 us
        - Read Syscall                : 0 us
        - Write Syscall               : 0 us
        - Page Fault                  : 0 us
        - io_uring                    : 0 us

-- I/O Counts --
 Read Syscall Count                   : 0
 Write Syscall Count                  : 0
 Block I/O Count                      : 0
 io_uring Completion Count            : 0

-- Total I/O Time (block device) --
 Total Block I/O Time           : 0

-- Page Faults & Bytes --
 Page Fault Count               : 0
 Read Bytes                     : 0
 Write Bytes                    : 0
 Block Read Bytes               : 0
 Block Write Bytes              : 0
[===============================================]

[===============================================]
Result of node_idx 3 in node_object 0: Static Reshape (NC)

-- Elapsed Time Analysis --
 Wall-clock Time                      : 2 us
 - Non I/O Handling Time (Estimated)  : 2 us
 - I/O Handling Time                  : 0 us
        - Read Syscall                : 0 us
        - Write Syscall               : 0 us
        - Page Fault                  : 0 us
        - io_uring                    : 0 us

-- I/O Counts --
 Read Syscall Count                   : 0
 Write Syscall Count                  : 0
 Block I/O Count                      : 0
 io_uring Completion Count            : 0

-- Total I/O Time (block device) --
 Total Block I/O Time           : 0

-- Page Faults & Bytes --
 Page Fault Count               : 0
 Read Bytes                     : 0
 Write Bytes                    : 0
 Block Read Bytes               : 0
 Block Write Bytes              : 0
[===============================================]

[===============================================]
Result of node_idx 4 in node_object 0: Static Reshape (NC)

-- Elapsed Time Analysis --
 Wall-clock Time                      : 2 us
 - Non I/O Handling Time (Estimated)  : 2 us
 - I/O Handling Time                  : 0 us
        - Read Syscall                : 0 us
        - Write Syscall               : 0 us
        - Page Fault                  : 0 us
        - io_uring                    : 0 us

-- I/O Counts --
 Read Syscall Count                   : 0
 Write Syscall Count                  : 0
 Block I/O Count                      : 0
 io_uring Completion Count            : 0

-- Total I/O Time (block device) --
 Total Block I/O Time           : 0

-- Page Faults & Bytes --
 Page Fault Count               : 0
 Read Bytes                     : 0
 Write Bytes                    : 0
 Block Read Bytes               : 0
 Block Write Bytes              : 0
[===============================================]

[===============================================]
Result of node_idx 5 in node_object 0: Batch Matrix Multiply (NC, F32)

-- Elapsed Time Analysis --
 Wall-clock Time                      : 248 us
 - Non I/O Handling Time (Estimated)  : 248 us
 - I/O Handling Time                  : 0 us
        - Read Syscall                : 0 us
        - Write Syscall               : 0 us
        - Page Fault                  : 0 us
        - io_uring                    : 0 us

-- I/O Counts --
 Read Syscall Count                   : 0
 Write Syscall Count                  : 0
 Block I/O Count                      : 0
 io_uring Completion Count            : 0

-- Total I/O Time (block device) --
 Total Block I/O Time           : 0

-- Page Faults & Bytes --
 Page Fault Count               : 0
 Read Bytes                     : 0
 Write Bytes                    : 0
 Block Read Bytes               : 0
 Block Write Bytes              : 0
[===============================================]

[===============================================]
Result of node_idx 6 in node_object 0: Static Reshape (NC)

-- Elapsed Time Analysis --
 Wall-clock Time                      : 4 us
 - Non I/O Handling Time (Estimated)  : 4 us
 - I/O Handling Time                  : 0 us
        - Read Syscall                : 0 us
        - Write Syscall               : 0 us
        - Page Fault                  : 0 us
        - io_uring                    : 0 us

-- I/O Counts --
 Read Syscall Count                   : 0
 Write Syscall Count                  : 0
 Block I/O Count                      : 0
 io_uring Completion Count            : 0

-- Total I/O Time (block device) --
 Total Block I/O Time           : 0

-- Page Faults & Bytes --
 Page Fault Count               : 0
 Read Bytes                     : 0
 Write Bytes                    : 0
 Block Read Bytes               : 0
 Block Write Bytes              : 0
[===============================================]

[===============================================]
Result of node_idx 7 in node_object 0: Add (ND)

-- Elapsed Time Analysis --
 Wall-clock Time                      : 100 us
 - Non I/O Handling Time (Estimated)  : 100 us
 - I/O Handling Time                  : 0 us
        - Read Syscall                : 0 us
        - Write Syscall               : 0 us
        - Page Fault                  : 0 us
        - io_uring                    : 0 us

-- I/O Counts --
 Read Syscall Count                   : 0
 Write Syscall Count                  : 0
 Block I/O Count                      : 0
 io_uring Completion Count            : 0

-- Total I/O Time (block device) --
 Total Block I/O Time           : 0

-- Page Faults & Bytes --
 Page Fault Count               : 0
 Read Bytes                     : 0
 Write Bytes                    : 0
 Block Read Bytes               : 0
 Block Write Bytes              : 0
[===============================================]

[===============================================]
Result of node_idx 8 in node_object 0: Softmax (NC, F32)

-- Elapsed Time Analysis --
 Wall-clock Time                      : 103 us
 - Non I/O Handling Time (Estimated)  : 103 us
 - I/O Handling Time                  : 0 us
        - Read Syscall                : 0 us
        - Write Syscall               : 0 us
        - Page Fault                  : 0 us
        - io_uring                    : 0 us

-- I/O Counts --
 Read Syscall Count                   : 0
 Write Syscall Count                  : 0
 Block I/O Count                      : 0
 io_uring Completion Count            : 0

-- Total I/O Time (block device) --
 Total Block I/O Time           : 0

-- Page Faults & Bytes --
 Page Fault Count               : 0
 Read Bytes                     : 0
 Write Bytes                    : 0
 Block Read Bytes               : 0
 Block Write Bytes              : 0
[===============================================]

[===============================================]
Result of node_idx 9 in node_object 0: Transpose (ND, X32)

-- Elapsed Time Analysis --
 Wall-clock Time                      : 128 us
 - Non I/O Handling Time (Estimated)  : 128 us
 - I/O Handling Time                  : 0 us
        - Read Syscall                : 0 us
        - Write Syscall               : 0 us
        - Page Fault                  : 0 us
        - io_uring                    : 0 us

-- I/O Counts --
 Read Syscall Count                   : 0
 Write Syscall Count                  : 0
 Block I/O Count                      : 0
 io_uring Completion Count            : 0

-- Total I/O Time (block device) --
 Total Block I/O Time           : 0

-- Page Faults & Bytes --
 Page Fault Count               : 0
 Read Bytes                     : 0
 Write Bytes                    : 0
 Block Read Bytes               : 0
 Block Write Bytes              : 0
[===============================================]

[===============================================]
Result of node_idx 10 in node_object 0: Static Reshape (NC)

-- Elapsed Time Analysis --
 Wall-clock Time                      : 3 us
 - Non I/O Handling Time (Estimated)  : 3 us
 - I/O Handling Time                  : 0 us
        - Read Syscall                : 0 us
        - Write Syscall               : 0 us
        - Page Fault                  : 0 us
        - io_uring                    : 0 us

-- I/O Counts --
 Read Syscall Count                   : 0
 Write Syscall Count                  : 0
 Block I/O Count                      : 0
 io_uring Completion Count            : 0

-- Total I/O Time (block device) --
 Total Block I/O Time           : 0

-- Page Faults & Bytes --
 Page Fault Count               : 0
 Read Bytes                     : 0
 Write Bytes                    : 0
 Block Read Bytes               : 0
 Block Write Bytes              : 0
[===============================================]

[===============================================]
Result of node_idx 11 in node_object 0: Static Reshape (NC)

-- Elapsed Time Analysis --
 Wall-clock Time                      : 6 us
 - Non I/O Handling Time (Estimated)  : 6 us
 - I/O Handling Time                  : 0 us
        - Read Syscall                : 0 us
        - Write Syscall               : 0 us
        - Page Fault                  : 0 us
        - io_uring                    : 0 us

-- I/O Counts --
 Read Syscall Count                   : 0
 Write Syscall Count                  : 0
 Block I/O Count                      : 0
 io_uring Completion Count            : 0

-- Total I/O Time (block device) --
 Total Block I/O Time           : 0

-- Page Faults & Bytes --
 Page Fault Count               : 0
 Read Bytes                     : 0
 Write Bytes                    : 0
 Block Read Bytes               : 0
 Block Write Bytes              : 0
[===============================================]

[===============================================]
Result of node_idx 12 in node_object 0: Batch Matrix Multiply (NC, F32)

-- Elapsed Time Analysis --
 Wall-clock Time                      : 228 us
 - Non I/O Handling Time (Estimated)  : 228 us
 - I/O Handling Time                  : 0 us
        - Read Syscall                : 0 us
        - Write Syscall               : 0 us
        - Page Fault                  : 0 us
        - io_uring                    : 0 us

-- I/O Counts --
 Read Syscall Count                   : 0
 Write Syscall Count                  : 0
 Block I/O Count                      : 0
 io_uring Completion Count            : 0

-- Total I/O Time (block device) --
 Total Block I/O Time           : 0

-- Page Faults & Bytes --
 Page Fault Count               : 0
 Read Bytes                     : 0
 Write Bytes                    : 0
 Block Read Bytes               : 0
 Block Write Bytes              : 0
[===============================================]

[===============================================]
Result of node_idx 13 in node_object 0: Static Reshape (NC)

-- Elapsed Time Analysis --
 Wall-clock Time                      : 2 us
 - Non I/O Handling Time (Estimated)  : 2 us
 - I/O Handling Time                  : 0 us
        - Read Syscall                : 0 us
        - Write Syscall               : 0 us
        - Page Fault                  : 0 us
        - io_uring                    : 0 us

-- I/O Counts --
 Read Syscall Count                   : 0
 Write Syscall Count                  : 0
 Block I/O Count                      : 0
 io_uring Completion Count            : 0

-- Total I/O Time (block device) --
 Total Block I/O Time           : 0

-- Page Faults & Bytes --
 Page Fault Count               : 0
 Read Bytes                     : 0
 Write Bytes                    : 0
 Block Read Bytes               : 0
 Block Write Bytes              : 0
[===============================================]

[===============================================]
Result of node_idx 14 in node_object 0: Transpose (ND, X32)

-- Elapsed Time Analysis --
 Wall-clock Time                      : 4 us
 - Non I/O Handling Time (Estimated)  : 4 us
 - I/O Handling Time                  : 0 us
        - Read Syscall                : 0 us
        - Write Syscall               : 0 us
        - Page Fault                  : 0 us
        - io_uring                    : 0 us

-- I/O Counts --
 Read Syscall Count                   : 0
 Write Syscall Count                  : 0
 Block I/O Count                      : 0
 io_uring Completion Count            : 0

-- Total I/O Time (block device) --
 Total Block I/O Time           : 0

-- Page Faults & Bytes --
 Page Fault Count               : 0
 Read Bytes                     : 0
 Write Bytes                    : 0
 Block Read Bytes               : 0
 Block Write Bytes              : 0
[===============================================]

[===============================================]
Result of node_idx 15 in node_object 0: Static Reshape (NC)

-- Elapsed Time Analysis --
 Wall-clock Time                      : 3 us
 - Non I/O Handling Time (Estimated)  : 3 us
 - I/O Handling Time                  : 0 us
        - Read Syscall                : 0 us
        - Write Syscall               : 0 us
        - Page Fault                  : 0 us
        - io_uring                    : 0 us

-- I/O Counts --
 Read Syscall Count                   : 0
 Write Syscall Count                  : 0
 Block I/O Count                      : 0
 io_uring Completion Count            : 0

-- Total I/O Time (block device) --
 Total Block I/O Time           : 0

-- Page Faults & Bytes --
 Page Fault Count               : 0
 Read Bytes                     : 0
 Write Bytes                    : 0
 Block Read Bytes               : 0
 Block Write Bytes              : 0
[===============================================]

[===============================================]
Result of node_idx 16 in node_object 0: Fully Connected (NC, QDU8, F32, QC8W)

-- Elapsed Time Analysis --
 Wall-clock Time                      : 592 us
 - Non I/O Handling Time (Estimated)  : 119 us
 - I/O Handling Time                  : 473 us
        - Read Syscall                : 0 us
        - Write Syscall               : 0 us
        - Page Fault                  : 473 us
        - io_uring                    : 0 us

-- I/O Counts --
 Read Syscall Count                   : 0
 Write Syscall Count                  : 0
 Block I/O Count                      : 0
 io_uring Completion Count            : 0

-- Total I/O Time (block device) --
 Total Block I/O Time           : 0

-- Page Faults & Bytes --
 Page Fault Count               : 4
 Read Bytes                     : 0
 Write Bytes                    : 0
 Block Read Bytes               : 0
 Block Write Bytes              : 0
[===============================================]

[===============================================]
Result of node_idx 17 in node_object 0: Add (ND)

-- Elapsed Time Analysis --
 Wall-clock Time                      : 15 us
 - Non I/O Handling Time (Estimated)  : 15 us
 - I/O Handling Time                  : 0 us
        - Read Syscall                : 0 us
        - Write Syscall               : 0 us
        - Page Fault                  : 0 us
        - io_uring                    : 0 us

-- I/O Counts --
 Read Syscall Count                   : 0
 Write Syscall Count                  : 0
 Block I/O Count                      : 0
 io_uring Completion Count            : 0

-- Total I/O Time (block device) --
 Total Block I/O Time           : 0

-- Page Faults & Bytes --
 Page Fault Count               : 0
 Read Bytes                     : 0
 Write Bytes                    : 0
 Block Read Bytes               : 0
 Block Write Bytes              : 0
[===============================================]

[===============================================]
Result of node_idx 0 in node_object 0: Multiply (ND)

-- Elapsed Time Analysis --
 Wall-clock Time                      : 100 us
 - Non I/O Handling Time (Estimated)  : 100 us
 - I/O Handling Time                  : 0 us
        - Read Syscall                : 0 us
        - Write Syscall               : 0 us
        - Page Fault                  : 0 us
        - io_uring                    : 0 us

-- I/O Counts --
 Read Syscall Count                   : 0
 Write Syscall Count                  : 0
 Block I/O Count                      : 0
 io_uring Completion Count            : 0

-- Total I/O Time (block device) --
 Total Block I/O Time           : 0

-- Page Faults & Bytes --
 Page Fault Count               : 0
 Read Bytes                     : 0
 Write Bytes                    : 0
 Block Read Bytes               : 0
 Block Write Bytes              : 0
[===============================================]

[===============================================]
Result of node_idx 1 in node_object 0: Sum (ND)

-- Elapsed Time Analysis --
 Wall-clock Time                      : 98 us
 - Non I/O Handling Time (Estimated)  : 98 us
 - I/O Handling Time                  : 0 us
        - Read Syscall                : 0 us
        - Write Syscall               : 0 us
        - Page Fault                  : 0 us
        - io_uring                    : 0 us

-- I/O Counts --
 Read Syscall Count                   : 0
 Write Syscall Count                  : 0
 Block I/O Count                      : 0
 io_uring Completion Count            : 0

-- Total I/O Time (block device) --
 Total Block I/O Time           : 0

-- Page Faults & Bytes --
 Page Fault Count               : 0
 Read Bytes                     : 0
 Write Bytes                    : 0
 Block Read Bytes               : 0
 Block Write Bytes              : 0
[===============================================]

[===============================================]
Result of node_idx 2 in node_object 0: Multiply (ND)

-- Elapsed Time Analysis --
 Wall-clock Time                      : 3 us
 - Non I/O Handling Time (Estimated)  : 3 us
 - I/O Handling Time                  : 0 us
        - Read Syscall                : 0 us
        - Write Syscall               : 0 us
        - Page Fault                  : 0 us
        - io_uring                    : 0 us

-- I/O Counts --
 Read Syscall Count                   : 0
 Write Syscall Count                  : 0
 Block I/O Count                      : 0
 io_uring Completion Count            : 0

-- Total I/O Time (block device) --
 Total Block I/O Time           : 0

-- Page Faults & Bytes --
 Page Fault Count               : 0
 Read Bytes                     : 0
 Write Bytes                    : 0
 Block Read Bytes               : 0
 Block Write Bytes              : 0
[===============================================]

[===============================================]
Result of node_idx 3 in node_object 0: Add (ND)

-- Elapsed Time Analysis --
 Wall-clock Time                      : 2 us
 - Non I/O Handling Time (Estimated)  : 2 us
 - I/O Handling Time                  : 0 us
        - Read Syscall                : 0 us
        - Write Syscall               : 0 us
        - Page Fault                  : 0 us
        - io_uring                    : 0 us

-- I/O Counts --
 Read Syscall Count                   : 0
 Write Syscall Count                  : 0
 Block I/O Count                      : 0
 io_uring Completion Count            : 0

-- Total I/O Time (block device) --
 Total Block I/O Time           : 0

-- Page Faults & Bytes --
 Page Fault Count               : 0
 Read Bytes                     : 0
 Write Bytes                    : 0
 Block Read Bytes               : 0
 Block Write Bytes              : 0
[===============================================]

[===============================================]
Result of node_idx 4 in node_object 0: Static Reshape (NC)

-- Elapsed Time Analysis --
 Wall-clock Time                      : 15 us
 - Non I/O Handling Time (Estimated)  : 15 us
 - I/O Handling Time                  : 0 us
        - Read Syscall                : 0 us
        - Write Syscall               : 0 us
        - Page Fault                  : 0 us
        - io_uring                    : 0 us

-- I/O Counts --
 Read Syscall Count                   : 0
 Write Syscall Count                  : 0
 Block I/O Count                      : 0
 io_uring Completion Count            : 0

-- Total I/O Time (block device) --
 Total Block I/O Time           : 0

-- Page Faults & Bytes --
 Page Fault Count               : 0
 Read Bytes                     : 0
 Write Bytes                    : 0
 Block Read Bytes               : 0
 Block Write Bytes              : 0
[===============================================]

[===============================================]
Result of node_idx 5 in node_object 0: Reciprocal Square Root (NC)

-- Elapsed Time Analysis --
 Wall-clock Time                      : 3 us
 - Non I/O Handling Time (Estimated)  : 3 us
 - I/O Handling Time                  : 0 us
        - Read Syscall                : 0 us
        - Write Syscall               : 0 us
        - Page Fault                  : 0 us
        - io_uring                    : 0 us

-- I/O Counts --
 Read Syscall Count                   : 0
 Write Syscall Count                  : 0
 Block I/O Count                      : 0
 io_uring Completion Count            : 0

-- Total I/O Time (block device) --
 Total Block I/O Time           : 0

-- Page Faults & Bytes --
 Page Fault Count               : 0
 Read Bytes                     : 0
 Write Bytes                    : 0
 Block Read Bytes               : 0
 Block Write Bytes              : 0
[===============================================]

[===============================================]
Result of node_idx 6 in node_object 0: Multiply (ND)

-- Elapsed Time Analysis --
 Wall-clock Time                      : 94 us
 - Non I/O Handling Time (Estimated)  : 94 us
 - I/O Handling Time                  : 0 us
        - Read Syscall                : 0 us
        - Write Syscall               : 0 us
        - Page Fault                  : 0 us
        - io_uring                    : 0 us

-- I/O Counts --
 Read Syscall Count                   : 0
 Write Syscall Count                  : 0
 Block I/O Count                      : 0
 io_uring Completion Count            : 0

-- Total I/O Time (block device) --
 Total Block I/O Time           : 0

-- Page Faults & Bytes --
 Page Fault Count               : 0
 Read Bytes                     : 0
 Write Bytes                    : 0
 Block Read Bytes               : 0
 Block Write Bytes              : 0
[===============================================]

[===============================================]
Result of node_idx 7 in node_object 0: Multiply (ND)

-- Elapsed Time Analysis --
 Wall-clock Time                      : 17 us
 - Non I/O Handling Time (Estimated)  : 17 us
 - I/O Handling Time                  : 0 us
        - Read Syscall                : 0 us
        - Write Syscall               : 0 us
        - Page Fault                  : 0 us
        - io_uring                    : 0 us

-- I/O Counts --
 Read Syscall Count                   : 0
 Write Syscall Count                  : 0
 Block I/O Count                      : 0
 io_uring Completion Count            : 0

-- Total I/O Time (block device) --
 Total Block I/O Time           : 0

-- Page Faults & Bytes --
 Page Fault Count               : 0
 Read Bytes                     : 0
 Write Bytes                    : 0
 Block Read Bytes               : 0
 Block Write Bytes              : 0
[===============================================]

[===============================================]
Result of node_idx 0 in node_object 0: Fully Connected (NC, QDU8, F32, QC8W)

-- Elapsed Time Analysis --
 Wall-clock Time                      : 1029 us
 - Non I/O Handling Time (Estimated)  : 129 us
 - I/O Handling Time                  : 900 us
        - Read Syscall                : 0 us
        - Write Syscall               : 0 us
        - Page Fault                  : 900 us
        - io_uring                    : 0 us

-- I/O Counts --
 Read Syscall Count                   : 0
 Write Syscall Count                  : 0
 Block I/O Count                      : 2
 io_uring Completion Count            : 0

-- Total I/O Time (block device) --
 Total Block I/O Time           : 160

-- Page Faults & Bytes --
 Page Fault Count               : 9
 Read Bytes                     : 0
 Write Bytes                    : 0
 Block Read Bytes               : 16384
 Block Write Bytes              : 0
[===============================================]

[===============================================]
Result of node_idx 1 in node_object 0: Sigmoid (NC)

-- Elapsed Time Analysis --
 Wall-clock Time                      : 89 us
 - Non I/O Handling Time (Estimated)  : 89 us
 - I/O Handling Time                  : 0 us
        - Read Syscall                : 0 us
        - Write Syscall               : 0 us
        - Page Fault                  : 0 us
        - io_uring                    : 0 us

-- I/O Counts --
 Read Syscall Count                   : 0
 Write Syscall Count                  : 0
 Block I/O Count                      : 0
 io_uring Completion Count            : 0

-- Total I/O Time (block device) --
 Total Block I/O Time           : 0

-- Page Faults & Bytes --
 Page Fault Count               : 0
 Read Bytes                     : 0
 Write Bytes                    : 0
 Block Read Bytes               : 0
 Block Write Bytes              : 0
[===============================================]

[===============================================]
Result of node_idx 2 in node_object 0: Multiply (ND)

-- Elapsed Time Analysis --
 Wall-clock Time                      : 100 us
 - Non I/O Handling Time (Estimated)  : 100 us
 - I/O Handling Time                  : 0 us
        - Read Syscall                : 0 us
        - Write Syscall               : 0 us
        - Page Fault                  : 0 us
        - io_uring                    : 0 us

-- I/O Counts --
 Read Syscall Count                   : 0
 Write Syscall Count                  : 0
 Block I/O Count                      : 0
 io_uring Completion Count            : 0

-- Total I/O Time (block device) --
 Total Block I/O Time           : 0

-- Page Faults & Bytes --
 Page Fault Count               : 0
 Read Bytes                     : 0
 Write Bytes                    : 0
 Block Read Bytes               : 0
 Block Write Bytes              : 0
[===============================================]

[===============================================]
Result of node_idx 3 in node_object 0: Fully Connected (NC, QDU8, F32, QC8W)

-- Elapsed Time Analysis --
 Wall-clock Time                      : 817 us
 - Non I/O Handling Time (Estimated)  : 126 us
 - I/O Handling Time                  : 691 us
        - Read Syscall                : 0 us
        - Write Syscall               : 0 us
        - Page Fault                  : 691 us
        - io_uring                    : 0 us

-- I/O Counts --
 Read Syscall Count                   : 0
 Write Syscall Count                  : 0
 Block I/O Count                      : 1
 io_uring Completion Count            : 0

-- Total I/O Time (block device) --
 Total Block I/O Time           : 1202

-- Page Faults & Bytes --
 Page Fault Count               : 2
 Read Bytes                     : 0
 Write Bytes                    : 0
 Block Read Bytes               : 262144
 Block Write Bytes              : 0
[===============================================]

[===============================================]
Result of node_idx 4 in node_object 0: Multiply (ND)

-- Elapsed Time Analysis --
 Wall-clock Time                      : 97 us
 - Non I/O Handling Time (Estimated)  : 97 us
 - I/O Handling Time                  : 0 us
        - Read Syscall                : 0 us
        - Write Syscall               : 0 us
        - Page Fault                  : 0 us
        - io_uring                    : 0 us

-- I/O Counts --
 Read Syscall Count                   : 0
 Write Syscall Count                  : 0
 Block I/O Count                      : 0
 io_uring Completion Count            : 0

-- Total I/O Time (block device) --
 Total Block I/O Time           : 0

-- Page Faults & Bytes --
 Page Fault Count               : 0
 Read Bytes                     : 0
 Write Bytes                    : 0
 Block Read Bytes               : 0
 Block Write Bytes              : 0
[===============================================]

[===============================================]
Result of node_idx 5 in node_object 0: Fully Connected (NC, QDU8, F32, QC8W)

-- Elapsed Time Analysis --
 Wall-clock Time                      : 1251 us
 - Non I/O Handling Time (Estimated)  : 142 us
 - I/O Handling Time                  : 1109 us
        - Read Syscall                : 0 us
        - Write Syscall               : 0 us
        - Page Fault                  : 1109 us
        - io_uring                    : 0 us

-- I/O Counts --
 Read Syscall Count                   : 0
 Write Syscall Count                  : 0
 Block I/O Count                      : 2
 io_uring Completion Count            : 0

-- Total I/O Time (block device) --
 Total Block I/O Time           : 109

-- Page Faults & Bytes --
 Page Fault Count               : 8
 Read Bytes                     : 0
 Write Bytes                    : 0
 Block Read Bytes               : 12288
 Block Write Bytes              : 0
[===============================================]

[===============================================]
Result of node_idx 6 in node_object 0: Add (ND)

-- Elapsed Time Analysis --
 Wall-clock Time                      : 36 us
 - Non I/O Handling Time (Estimated)  : 36 us
 - I/O Handling Time                  : 0 us
        - Read Syscall                : 0 us
        - Write Syscall               : 0 us
        - Page Fault                  : 0 us
        - io_uring                    : 0 us

-- I/O Counts --
 Read Syscall Count                   : 0
 Write Syscall Count                  : 0
 Block I/O Count                      : 0
 io_uring Completion Count            : 0

-- Total I/O Time (block device) --
 Total Block I/O Time           : 0

-- Page Faults & Bytes --
 Page Fault Count               : 0
 Read Bytes                     : 0
 Write Bytes                    : 0
 Block Read Bytes               : 0
 Block Write Bytes              : 0
[===============================================]

[===============================================]
Result of node_idx 0 in node_object 0: Multiply (ND)

-- Elapsed Time Analysis --
 Wall-clock Time                      : 91 us
 - Non I/O Handling Time (Estimated)  : 91 us
 - I/O Handling Time                  : 0 us
        - Read Syscall                : 0 us
        - Write Syscall               : 0 us
        - Page Fault                  : 0 us
        - io_uring                    : 0 us

-- I/O Counts --
 Read Syscall Count                   : 0
 Write Syscall Count                  : 0
 Block I/O Count                      : 0
 io_uring Completion Count            : 0

-- Total I/O Time (block device) --
 Total Block I/O Time           : 391

-- Page Faults & Bytes --
 Page Fault Count               : 0
 Read Bytes                     : 0
 Write Bytes                    : 0
 Block Read Bytes               : 131072
 Block Write Bytes              : 0
[===============================================]

[===============================================]
Result of node_idx 1 in node_object 0: Sum (ND)

-- Elapsed Time Analysis --
 Wall-clock Time                      : 105 us
 - Non I/O Handling Time (Estimated)  : 105 us
 - I/O Handling Time                  : 0 us
        - Read Syscall                : 0 us
        - Write Syscall               : 0 us
        - Page Fault                  : 0 us
        - io_uring                    : 0 us

-- I/O Counts --
 Read Syscall Count                   : 0
 Write Syscall Count                  : 0
 Block I/O Count                      : 0
 io_uring Completion Count            : 0

-- Total I/O Time (block device) --
 Total Block I/O Time           : 0

-- Page Faults & Bytes --
 Page Fault Count               : 0
 Read Bytes                     : 0
 Write Bytes                    : 0
 Block Read Bytes               : 0
 Block Write Bytes              : 0
[===============================================]

[===============================================]
Result of node_idx 2 in node_object 0: Multiply (ND)

-- Elapsed Time Analysis --
 Wall-clock Time                      : 4 us
 - Non I/O Handling Time (Estimated)  : 4 us
 - I/O Handling Time                  : 0 us
        - Read Syscall                : 0 us
        - Write Syscall               : 0 us
        - Page Fault                  : 0 us
        - io_uring                    : 0 us

-- I/O Counts --
 Read Syscall Count                   : 0
 Write Syscall Count                  : 0
 Block I/O Count                      : 0
 io_uring Completion Count            : 0

-- Total I/O Time (block device) --
 Total Block I/O Time           : 0

-- Page Faults & Bytes --
 Page Fault Count               : 0
 Read Bytes                     : 0
 Write Bytes                    : 0
 Block Read Bytes               : 0
 Block Write Bytes              : 0
[===============================================]

[===============================================]
Result of node_idx 3 in node_object 0: Add (ND)

-- Elapsed Time Analysis --
 Wall-clock Time                      : 3 us
 - Non I/O Handling Time (Estimated)  : 3 us
 - I/O Handling Time                  : 0 us
        - Read Syscall                : 0 us
        - Write Syscall               : 0 us
        - Page Fault                  : 0 us
        - io_uring                    : 0 us

-- I/O Counts --
 Read Syscall Count                   : 0
 Write Syscall Count                  : 0
 Block I/O Count                      : 0
 io_uring Completion Count            : 0

-- Total I/O Time (block device) --
 Total Block I/O Time           : 0

-- Page Faults & Bytes --
 Page Fault Count               : 0
 Read Bytes                     : 0
 Write Bytes                    : 0
 Block Read Bytes               : 0
 Block Write Bytes              : 0
[===============================================]

[===============================================]
Result of node_idx 4 in node_object 0: Static Reshape (NC)

-- Elapsed Time Analysis --
 Wall-clock Time                      : 3 us
 - Non I/O Handling Time (Estimated)  : 3 us
 - I/O Handling Time                  : 0 us
        - Read Syscall                : 0 us
        - Write Syscall               : 0 us
        - Page Fault                  : 0 us
        - io_uring                    : 0 us

-- I/O Counts --
 Read Syscall Count                   : 0
 Write Syscall Count                  : 0
 Block I/O Count                      : 0
 io_uring Completion Count            : 0

-- Total I/O Time (block device) --
 Total Block I/O Time           : 0

-- Page Faults & Bytes --
 Page Fault Count               : 0
 Read Bytes                     : 0
 Write Bytes                    : 0
 Block Read Bytes               : 0
 Block Write Bytes              : 0
[===============================================]

[===============================================]
Result of node_idx 5 in node_object 0: Reciprocal Square Root (NC)

-- Elapsed Time Analysis --
 Wall-clock Time                      : 4 us
 - Non I/O Handling Time (Estimated)  : 4 us
 - I/O Handling Time                  : 0 us
        - Read Syscall                : 0 us
        - Write Syscall               : 0 us
        - Page Fault                  : 0 us
        - io_uring                    : 0 us

-- I/O Counts --
 Read Syscall Count                   : 0
 Write Syscall Count                  : 0
 Block I/O Count                      : 0
 io_uring Completion Count            : 0

-- Total I/O Time (block device) --
 Total Block I/O Time           : 0

-- Page Faults & Bytes --
 Page Fault Count               : 0
 Read Bytes                     : 0
 Write Bytes                    : 0
 Block Read Bytes               : 0
 Block Write Bytes              : 0
[===============================================]

[===============================================]
Result of node_idx 6 in node_object 0: Multiply (ND)

-- Elapsed Time Analysis --
 Wall-clock Time                      : 53 us
 - Non I/O Handling Time (Estimated)  : 53 us
 - I/O Handling Time                  : 0 us
        - Read Syscall                : 0 us
        - Write Syscall               : 0 us
        - Page Fault                  : 0 us
        - io_uring                    : 0 us

-- I/O Counts --
 Read Syscall Count                   : 0
 Write Syscall Count                  : 0
 Block I/O Count                      : 0
 io_uring Completion Count            : 0

-- Total I/O Time (block device) --
 Total Block I/O Time           : 0

-- Page Faults & Bytes --
 Page Fault Count               : 0
 Read Bytes                     : 0
 Write Bytes                    : 0
 Block Read Bytes               : 0
 Block Write Bytes              : 0
[===============================================]

[===============================================]
Result of node_idx 7 in node_object 0: Multiply (ND)

-- Elapsed Time Analysis --
 Wall-clock Time                      : 6 us
 - Non I/O Handling Time (Estimated)  : 6 us
 - I/O Handling Time                  : 0 us
        - Read Syscall                : 0 us
        - Write Syscall               : 0 us
        - Page Fault                  : 0 us
        - io_uring                    : 0 us

-- I/O Counts --
 Read Syscall Count                   : 0
 Write Syscall Count                  : 0
 Block I/O Count                      : 0
 io_uring Completion Count            : 0

-- Total I/O Time (block device) --
 Total Block I/O Time           : 0

-- Page Faults & Bytes --
 Page Fault Count               : 0
 Read Bytes                     : 0
 Write Bytes                    : 0
 Block Read Bytes               : 0
 Block Write Bytes              : 0
[===============================================]

[===============================================]
Result of node_idx 0 in node_object 0: Fully Connected (NC, QDU8, F32, QC8W)

-- Elapsed Time Analysis --
 Wall-clock Time                      : 374 us
 - Non I/O Handling Time (Estimated)  : 102 us
 - I/O Handling Time                  : 272 us
        - Read Syscall                : 0 us
        - Write Syscall               : 0 us
        - Page Fault                  : 272 us
        - io_uring                    : 0 us

-- I/O Counts --
 Read Syscall Count                   : 0
 Write Syscall Count                  : 0
 Block I/O Count                      : 4
 io_uring Completion Count            : 0

-- Total I/O Time (block device) --
 Total Block I/O Time           : 607

-- Page Faults & Bytes --
 Page Fault Count               : 6
 Read Bytes                     : 0
 Write Bytes                    : 0
 Block Read Bytes               : 94208
 Block Write Bytes              : 0
[===============================================]

[===============================================]
Result of node_idx 1 in node_object 0: Static Reshape (NC)

-- Elapsed Time Analysis --
 Wall-clock Time                      : 112 us
 - Non I/O Handling Time (Estimated)  : 112 us
 - I/O Handling Time                  : 0 us
        - Read Syscall                : 0 us
        - Write Syscall               : 0 us
        - Page Fault                  : 0 us
        - io_uring                    : 0 us

-- I/O Counts --
 Read Syscall Count                   : 0
 Write Syscall Count                  : 0
 Block I/O Count                      : 0
 io_uring Completion Count            : 0

-- Total I/O Time (block device) --
 Total Block I/O Time           : 203

-- Page Faults & Bytes --
 Page Fault Count               : 0
 Read Bytes                     : 0
 Write Bytes                    : 0
 Block Read Bytes               : 114688
 Block Write Bytes              : 0
[===============================================]

[===============================================]
Result of node_idx 2 in node_object 0: Slice (ND, X32)

-- Elapsed Time Analysis --
 Wall-clock Time                      : 19 us
 - Non I/O Handling Time (Estimated)  : 19 us
 - I/O Handling Time                  : 0 us
        - Read Syscall                : 0 us
        - Write Syscall               : 0 us
        - Page Fault                  : 0 us
        - io_uring                    : 0 us

-- I/O Counts --
 Read Syscall Count                   : 0
 Write Syscall Count                  : 0
 Block I/O Count                      : 0
 io_uring Completion Count            : 0

-- Total I/O Time (block device) --
 Total Block I/O Time           : 0

-- Page Faults & Bytes --
 Page Fault Count               : 0
 Read Bytes                     : 0
 Write Bytes                    : 0
 Block Read Bytes               : 0
 Block Write Bytes              : 0
[===============================================]

[===============================================]
Result of node_idx 3 in node_object 0: Slice (ND, X32)

-- Elapsed Time Analysis --
 Wall-clock Time                      : 7 us
 - Non I/O Handling Time (Estimated)  : 7 us
 - I/O Handling Time                  : 0 us
        - Read Syscall                : 0 us
        - Write Syscall               : 0 us
        - Page Fault                  : 0 us
        - io_uring                    : 0 us

-- I/O Counts --
 Read Syscall Count                   : 0
 Write Syscall Count                  : 0
 Block I/O Count                      : 0
 io_uring Completion Count            : 0

-- Total I/O Time (block device) --
 Total Block I/O Time           : 0

-- Page Faults & Bytes --
 Page Fault Count               : 0
 Read Bytes                     : 0
 Write Bytes                    : 0
 Block Read Bytes               : 0
 Block Write Bytes              : 0
[===============================================]

[===============================================]
Result of node_idx 4 in node_object 0: Slice (ND, X32)

-- Elapsed Time Analysis --
 Wall-clock Time                      : 7 us
 - Non I/O Handling Time (Estimated)  : 7 us
 - I/O Handling Time                  : 0 us
        - Read Syscall                : 0 us
        - Write Syscall               : 0 us
        - Page Fault                  : 0 us
        - io_uring                    : 0 us

-- I/O Counts --
 Read Syscall Count                   : 0
 Write Syscall Count                  : 0
 Block I/O Count                      : 0
 io_uring Completion Count            : 0

-- Total I/O Time (block device) --
 Total Block I/O Time           : 0

-- Page Faults & Bytes --
 Page Fault Count               : 0
 Read Bytes                     : 0
 Write Bytes                    : 0
 Block Read Bytes               : 0
 Block Write Bytes              : 0
[===============================================]

[===============================================]
Result of node_idx 5 in node_object 0: Static Reshape (NC)

-- Elapsed Time Analysis --
 Wall-clock Time                      : 3 us
 - Non I/O Handling Time (Estimated)  : 3 us
 - I/O Handling Time                  : 0 us
        - Read Syscall                : 0 us
        - Write Syscall               : 0 us
        - Page Fault                  : 0 us
        - io_uring                    : 0 us

-- I/O Counts --
 Read Syscall Count                   : 0
 Write Syscall Count                  : 0
 Block I/O Count                      : 0
 io_uring Completion Count            : 0

-- Total I/O Time (block device) --
 Total Block I/O Time           : 0

-- Page Faults & Bytes --
 Page Fault Count               : 0
 Read Bytes                     : 0
 Write Bytes                    : 0
 Block Read Bytes               : 0
 Block Write Bytes              : 0
[===============================================]

[===============================================]
Result of node_idx 6 in node_object 0: Transpose (ND, X32)

-- Elapsed Time Analysis --
 Wall-clock Time                      : 5 us
 - Non I/O Handling Time (Estimated)  : 5 us
 - I/O Handling Time                  : 0 us
        - Read Syscall                : 0 us
        - Write Syscall               : 0 us
        - Page Fault                  : 0 us
        - io_uring                    : 0 us

-- I/O Counts --
 Read Syscall Count                   : 0
 Write Syscall Count                  : 0
 Block I/O Count                      : 0
 io_uring Completion Count            : 0

-- Total I/O Time (block device) --
 Total Block I/O Time           : 0

-- Page Faults & Bytes --
 Page Fault Count               : 0
 Read Bytes                     : 0
 Write Bytes                    : 0
 Block Read Bytes               : 0
 Block Write Bytes              : 0
[===============================================]

[===============================================]
Result of node_idx 7 in node_object 0: Slice (ND, X32)

-- Elapsed Time Analysis --
 Wall-clock Time                      : 9 us
 - Non I/O Handling Time (Estimated)  : 9 us
 - I/O Handling Time                  : 0 us
        - Read Syscall                : 0 us
        - Write Syscall               : 0 us
        - Page Fault                  : 0 us
        - io_uring                    : 0 us

-- I/O Counts --
 Read Syscall Count                   : 0
 Write Syscall Count                  : 0
 Block I/O Count                      : 0
 io_uring Completion Count            : 0

-- Total I/O Time (block device) --
 Total Block I/O Time           : 0

-- Page Faults & Bytes --
 Page Fault Count               : 0
 Read Bytes                     : 0
 Write Bytes                    : 0
 Block Read Bytes               : 0
 Block Write Bytes              : 0
[===============================================]

[===============================================]
Result of node_idx 8 in node_object 0: Slice (ND, X32)

-- Elapsed Time Analysis --
 Wall-clock Time                      : 8 us
 - Non I/O Handling Time (Estimated)  : 8 us
 - I/O Handling Time                  : 0 us
        - Read Syscall                : 0 us
        - Write Syscall               : 0 us
        - Page Fault                  : 0 us
        - io_uring                    : 0 us

-- I/O Counts --
 Read Syscall Count                   : 0
 Write Syscall Count                  : 0
 Block I/O Count                      : 0
 io_uring Completion Count            : 0

-- Total I/O Time (block device) --
 Total Block I/O Time           : 0

-- Page Faults & Bytes --
 Page Fault Count               : 0
 Read Bytes                     : 0
 Write Bytes                    : 0
 Block Read Bytes               : 0
 Block Write Bytes              : 0
[===============================================]

[===============================================]
Result of node_idx 9 in node_object 0: Multiply (ND)

-- Elapsed Time Analysis --
 Wall-clock Time                      : 6 us
 - Non I/O Handling Time (Estimated)  : 6 us
 - I/O Handling Time                  : 0 us
        - Read Syscall                : 0 us
        - Write Syscall               : 0 us
        - Page Fault                  : 0 us
        - io_uring                    : 0 us

-- I/O Counts --
 Read Syscall Count                   : 0
 Write Syscall Count                  : 0
 Block I/O Count                      : 0
 io_uring Completion Count            : 0

-- Total I/O Time (block device) --
 Total Block I/O Time           : 0

-- Page Faults & Bytes --
 Page Fault Count               : 0
 Read Bytes                     : 0
 Write Bytes                    : 0
 Block Read Bytes               : 0
 Block Write Bytes              : 0
[===============================================]

[===============================================]
Result of node_idx 10 in node_object 0: Multiply (ND)

-- Elapsed Time Analysis --
 Wall-clock Time                      : 5 us
 - Non I/O Handling Time (Estimated)  : 5 us
 - I/O Handling Time                  : 0 us
        - Read Syscall                : 0 us
        - Write Syscall               : 0 us
        - Page Fault                  : 0 us
        - io_uring                    : 0 us

-- I/O Counts --
 Read Syscall Count                   : 0
 Write Syscall Count                  : 0
 Block I/O Count                      : 0
 io_uring Completion Count            : 0

-- Total I/O Time (block device) --
 Total Block I/O Time           : 0

-- Page Faults & Bytes --
 Page Fault Count               : 0
 Read Bytes                     : 0
 Write Bytes                    : 0
 Block Read Bytes               : 0
 Block Write Bytes              : 0
[===============================================]

[===============================================]
Result of node_idx 11 in node_object 0: Subtract (ND)

-- Elapsed Time Analysis --
 Wall-clock Time                      : 7 us
 - Non I/O Handling Time (Estimated)  : 7 us
 - I/O Handling Time                  : 0 us
        - Read Syscall                : 0 us
        - Write Syscall               : 0 us
        - Page Fault                  : 0 us
        - io_uring                    : 0 us

-- I/O Counts --
 Read Syscall Count                   : 0
 Write Syscall Count                  : 0
 Block I/O Count                      : 0
 io_uring Completion Count            : 0

-- Total I/O Time (block device) --
 Total Block I/O Time           : 0

-- Page Faults & Bytes --
 Page Fault Count               : 0
 Read Bytes                     : 0
 Write Bytes                    : 0
 Block Read Bytes               : 0
 Block Write Bytes              : 0
[===============================================]

[===============================================]
Result of node_idx 12 in node_object 0: Multiply (ND)

-- Elapsed Time Analysis --
 Wall-clock Time                      : 6 us
 - Non I/O Handling Time (Estimated)  : 6 us
 - I/O Handling Time                  : 0 us
        - Read Syscall                : 0 us
        - Write Syscall               : 0 us
        - Page Fault                  : 0 us
        - io_uring                    : 0 us

-- I/O Counts --
 Read Syscall Count                   : 0
 Write Syscall Count                  : 0
 Block I/O Count                      : 0
 io_uring Completion Count            : 0

-- Total I/O Time (block device) --
 Total Block I/O Time           : 0

-- Page Faults & Bytes --
 Page Fault Count               : 0
 Read Bytes                     : 0
 Write Bytes                    : 0
 Block Read Bytes               : 0
 Block Write Bytes              : 0
[===============================================]

[===============================================]
Result of node_idx 13 in node_object 0: Multiply (ND)

-- Elapsed Time Analysis --
 Wall-clock Time                      : 5 us
 - Non I/O Handling Time (Estimated)  : 5 us
 - I/O Handling Time                  : 0 us
        - Read Syscall                : 0 us
        - Write Syscall               : 0 us
        - Page Fault                  : 0 us
        - io_uring                    : 0 us

-- I/O Counts --
 Read Syscall Count                   : 0
 Write Syscall Count                  : 0
 Block I/O Count                      : 0
 io_uring Completion Count            : 0

-- Total I/O Time (block device) --
 Total Block I/O Time           : 0

-- Page Faults & Bytes --
 Page Fault Count               : 0
 Read Bytes                     : 0
 Write Bytes                    : 0
 Block Read Bytes               : 0
 Block Write Bytes              : 0
[===============================================]

[===============================================]
Result of node_idx 14 in node_object 0: Add (ND)

-- Elapsed Time Analysis --
 Wall-clock Time                      : 7 us
 - Non I/O Handling Time (Estimated)  : 7 us
 - I/O Handling Time                  : 0 us
        - Read Syscall                : 0 us
        - Write Syscall               : 0 us
        - Page Fault                  : 0 us
        - io_uring                    : 0 us

-- I/O Counts --
 Read Syscall Count                   : 0
 Write Syscall Count                  : 0
 Block I/O Count                      : 0
 io_uring Completion Count            : 0

-- Total I/O Time (block device) --
 Total Block I/O Time           : 0

-- Page Faults & Bytes --
 Page Fault Count               : 0
 Read Bytes                     : 0
 Write Bytes                    : 0
 Block Read Bytes               : 0
 Block Write Bytes              : 0
[===============================================]

[===============================================]
Result of node_idx 15 in node_object 0: Copy (NC, X32)

-- Elapsed Time Analysis --
 Wall-clock Time                      : 6 us
 - Non I/O Handling Time (Estimated)  : 6 us
 - I/O Handling Time                  : 0 us
        - Read Syscall                : 0 us
        - Write Syscall               : 0 us
        - Page Fault                  : 0 us
        - io_uring                    : 0 us

-- I/O Counts --
 Read Syscall Count                   : 0
 Write Syscall Count                  : 0
 Block I/O Count                      : 0
 io_uring Completion Count            : 0

-- Total I/O Time (block device) --
 Total Block I/O Time           : 0

-- Page Faults & Bytes --
 Page Fault Count               : 0
 Read Bytes                     : 0
 Write Bytes                    : 0
 Block Read Bytes               : 0
 Block Write Bytes              : 0
[===============================================]

[===============================================]
Result of node_idx 15 in node_object 1: Copy (NC, X32)

-- Elapsed Time Analysis --
 Wall-clock Time                      : 6 us
 - Non I/O Handling Time (Estimated)  : 6 us
 - I/O Handling Time                  : 0 us
        - Read Syscall                : 0 us
        - Write Syscall               : 0 us
        - Page Fault                  : 0 us
        - io_uring                    : 0 us

-- I/O Counts --
 Read Syscall Count                   : 0
 Write Syscall Count                  : 0
 Block I/O Count                      : 0
 io_uring Completion Count            : 0

-- Total I/O Time (block device) --
 Total Block I/O Time           : 0

-- Page Faults & Bytes --
 Page Fault Count               : 0
 Read Bytes                     : 0
 Write Bytes                    : 0
 Block Read Bytes               : 0
 Block Write Bytes              : 0
[===============================================]

[===============================================]
Result of node_idx 16 in node_object 0: Transpose (ND, X32)

-- Elapsed Time Analysis --
 Wall-clock Time                      : 5 us
 - Non I/O Handling Time (Estimated)  : 5 us
 - I/O Handling Time                  : 0 us
        - Read Syscall                : 0 us
        - Write Syscall               : 0 us
        - Page Fault                  : 0 us
        - io_uring                    : 0 us

-- I/O Counts --
 Read Syscall Count                   : 0
 Write Syscall Count                  : 0
 Block I/O Count                      : 0
 io_uring Completion Count            : 0

-- Total I/O Time (block device) --
 Total Block I/O Time           : 0

-- Page Faults & Bytes --
 Page Fault Count               : 0
 Read Bytes                     : 0
 Write Bytes                    : 0
 Block Read Bytes               : 0
 Block Write Bytes              : 0
[===============================================]

[===============================================]
Result of node_idx 17 in node_object 0: Transpose (ND, X32)

-- Elapsed Time Analysis --
 Wall-clock Time                      : 4 us
 - Non I/O Handling Time (Estimated)  : 4 us
 - I/O Handling Time                  : 0 us
        - Read Syscall                : 0 us
        - Write Syscall               : 0 us
        - Page Fault                  : 0 us
        - io_uring                    : 0 us

-- I/O Counts --
 Read Syscall Count                   : 0
 Write Syscall Count                  : 0
 Block I/O Count                      : 0
 io_uring Completion Count            : 0

-- Total I/O Time (block device) --
 Total Block I/O Time           : 0

-- Page Faults & Bytes --
 Page Fault Count               : 0
 Read Bytes                     : 0
 Write Bytes                    : 0
 Block Read Bytes               : 0
 Block Write Bytes              : 0
[===============================================]

[===============================================]
Result of node_idx 18 in node_object 0: Slice (ND, X32)

-- Elapsed Time Analysis --
 Wall-clock Time                      : 7 us
 - Non I/O Handling Time (Estimated)  : 7 us
 - I/O Handling Time                  : 0 us
        - Read Syscall                : 0 us
        - Write Syscall               : 0 us
        - Page Fault                  : 0 us
        - io_uring                    : 0 us

-- I/O Counts --
 Read Syscall Count                   : 0
 Write Syscall Count                  : 0
 Block I/O Count                      : 0
 io_uring Completion Count            : 0

-- Total I/O Time (block device) --
 Total Block I/O Time           : 0

-- Page Faults & Bytes --
 Page Fault Count               : 0
 Read Bytes                     : 0
 Write Bytes                    : 0
 Block Read Bytes               : 0
 Block Write Bytes              : 0
[===============================================]

[===============================================]
Result of node_idx 19 in node_object 0: Slice (ND, X32)

-- Elapsed Time Analysis --
 Wall-clock Time                      : 7 us
 - Non I/O Handling Time (Estimated)  : 7 us
 - I/O Handling Time                  : 0 us
        - Read Syscall                : 0 us
        - Write Syscall               : 0 us
        - Page Fault                  : 0 us
        - io_uring                    : 0 us

-- I/O Counts --
 Read Syscall Count                   : 0
 Write Syscall Count                  : 0
 Block I/O Count                      : 0
 io_uring Completion Count            : 0

-- Total I/O Time (block device) --
 Total Block I/O Time           : 0

-- Page Faults & Bytes --
 Page Fault Count               : 0
 Read Bytes                     : 0
 Write Bytes                    : 0
 Block Read Bytes               : 0
 Block Write Bytes              : 0
[===============================================]

[===============================================]
Result of node_idx 20 in node_object 0: Multiply (ND)

-- Elapsed Time Analysis --
 Wall-clock Time                      : 6 us
 - Non I/O Handling Time (Estimated)  : 6 us
 - I/O Handling Time                  : 0 us
        - Read Syscall                : 0 us
        - Write Syscall               : 0 us
        - Page Fault                  : 0 us
        - io_uring                    : 0 us

-- I/O Counts --
 Read Syscall Count                   : 0
 Write Syscall Count                  : 0
 Block I/O Count                      : 0
 io_uring Completion Count            : 0

-- Total I/O Time (block device) --
 Total Block I/O Time           : 0

-- Page Faults & Bytes --
 Page Fault Count               : 0
 Read Bytes                     : 0
 Write Bytes                    : 0
 Block Read Bytes               : 0
 Block Write Bytes              : 0
[===============================================]

[===============================================]
Result of node_idx 21 in node_object 0: Multiply (ND)

-- Elapsed Time Analysis --
 Wall-clock Time                      : 5 us
 - Non I/O Handling Time (Estimated)  : 5 us
 - I/O Handling Time                  : 0 us
        - Read Syscall                : 0 us
        - Write Syscall               : 0 us
        - Page Fault                  : 0 us
        - io_uring                    : 0 us

-- I/O Counts --
 Read Syscall Count                   : 0
 Write Syscall Count                  : 0
 Block I/O Count                      : 0
 io_uring Completion Count            : 0

-- Total I/O Time (block device) --
 Total Block I/O Time           : 0

-- Page Faults & Bytes --
 Page Fault Count               : 0
 Read Bytes                     : 0
 Write Bytes                    : 0
 Block Read Bytes               : 0
 Block Write Bytes              : 0
[===============================================]

[===============================================]
Result of node_idx 22 in node_object 0: Subtract (ND)

-- Elapsed Time Analysis --
 Wall-clock Time                      : 6 us
 - Non I/O Handling Time (Estimated)  : 6 us
 - I/O Handling Time                  : 0 us
        - Read Syscall                : 0 us
        - Write Syscall               : 0 us
        - Page Fault                  : 0 us
        - io_uring                    : 0 us

-- I/O Counts --
 Read Syscall Count                   : 0
 Write Syscall Count                  : 0
 Block I/O Count                      : 0
 io_uring Completion Count            : 0

-- Total I/O Time (block device) --
 Total Block I/O Time           : 0

-- Page Faults & Bytes --
 Page Fault Count               : 0
 Read Bytes                     : 0
 Write Bytes                    : 0
 Block Read Bytes               : 0
 Block Write Bytes              : 0
[===============================================]

[===============================================]
Result of node_idx 23 in node_object 0: Multiply (ND)

-- Elapsed Time Analysis --
 Wall-clock Time                      : 5 us
 - Non I/O Handling Time (Estimated)  : 5 us
 - I/O Handling Time                  : 0 us
        - Read Syscall                : 0 us
        - Write Syscall               : 0 us
        - Page Fault                  : 0 us
        - io_uring                    : 0 us

-- I/O Counts --
 Read Syscall Count                   : 0
 Write Syscall Count                  : 0
 Block I/O Count                      : 0
 io_uring Completion Count            : 0

-- Total I/O Time (block device) --
 Total Block I/O Time           : 0

-- Page Faults & Bytes --
 Page Fault Count               : 0
 Read Bytes                     : 0
 Write Bytes                    : 0
 Block Read Bytes               : 0
 Block Write Bytes              : 0
[===============================================]

[===============================================]
Result of node_idx 24 in node_object 0: Multiply (ND)

-- Elapsed Time Analysis --
 Wall-clock Time                      : 5 us
 - Non I/O Handling Time (Estimated)  : 5 us
 - I/O Handling Time                  : 0 us
        - Read Syscall                : 0 us
        - Write Syscall               : 0 us
        - Page Fault                  : 0 us
        - io_uring                    : 0 us

-- I/O Counts --
 Read Syscall Count                   : 0
 Write Syscall Count                  : 0
 Block I/O Count                      : 0
 io_uring Completion Count            : 0

-- Total I/O Time (block device) --
 Total Block I/O Time           : 0

-- Page Faults & Bytes --
 Page Fault Count               : 0
 Read Bytes                     : 0
 Write Bytes                    : 0
 Block Read Bytes               : 0
 Block Write Bytes              : 0
[===============================================]

[===============================================]
Result of node_idx 25 in node_object 0: Add (ND)

-- Elapsed Time Analysis --
 Wall-clock Time                      : 6 us
 - Non I/O Handling Time (Estimated)  : 6 us
 - I/O Handling Time                  : 0 us
        - Read Syscall                : 0 us
        - Write Syscall               : 0 us
        - Page Fault                  : 0 us
        - io_uring                    : 0 us

-- I/O Counts --
 Read Syscall Count                   : 0
 Write Syscall Count                  : 0
 Block I/O Count                      : 0
 io_uring Completion Count            : 0

-- Total I/O Time (block device) --
 Total Block I/O Time           : 0

-- Page Faults & Bytes --
 Page Fault Count               : 0
 Read Bytes                     : 0
 Write Bytes                    : 0
 Block Read Bytes               : 0
 Block Write Bytes              : 0
[===============================================]

[===============================================]
Result of node_idx 26 in node_object 0: Copy (NC, X32)

-- Elapsed Time Analysis --
 Wall-clock Time                      : 5 us
 - Non I/O Handling Time (Estimated)  : 5 us
 - I/O Handling Time                  : 0 us
        - Read Syscall                : 0 us
        - Write Syscall               : 0 us
        - Page Fault                  : 0 us
        - io_uring                    : 0 us

-- I/O Counts --
 Read Syscall Count                   : 0
 Write Syscall Count                  : 0
 Block I/O Count                      : 0
 io_uring Completion Count            : 0

-- Total I/O Time (block device) --
 Total Block I/O Time           : 0

-- Page Faults & Bytes --
 Page Fault Count               : 0
 Read Bytes                     : 0
 Write Bytes                    : 0
 Block Read Bytes               : 0
 Block Write Bytes              : 0
[===============================================]

[===============================================]
Result of node_idx 26 in node_object 1: Copy (NC, X32)

-- Elapsed Time Analysis --
 Wall-clock Time                      : 6 us
 - Non I/O Handling Time (Estimated)  : 6 us
 - I/O Handling Time                  : 0 us
        - Read Syscall                : 0 us
        - Write Syscall               : 0 us
        - Page Fault                  : 0 us
        - io_uring                    : 0 us

-- I/O Counts --
 Read Syscall Count                   : 0
 Write Syscall Count                  : 0
 Block I/O Count                      : 0
 io_uring Completion Count            : 0

-- Total I/O Time (block device) --
 Total Block I/O Time           : 0

-- Page Faults & Bytes --
 Page Fault Count               : 0
 Read Bytes                     : 0
 Write Bytes                    : 0
 Block Read Bytes               : 0
 Block Write Bytes              : 0
[===============================================]

[===============================================]
Result of node_idx 27 in node_object 0: Transpose (ND, X32)

-- Elapsed Time Analysis --
 Wall-clock Time                      : 4 us
 - Non I/O Handling Time (Estimated)  : 4 us
 - I/O Handling Time                  : 0 us
        - Read Syscall                : 0 us
        - Write Syscall               : 0 us
        - Page Fault                  : 0 us
        - io_uring                    : 0 us

-- I/O Counts --
 Read Syscall Count                   : 0
 Write Syscall Count                  : 0
 Block I/O Count                      : 0
 io_uring Completion Count            : 0

-- Total I/O Time (block device) --
 Total Block I/O Time           : 0

-- Page Faults & Bytes --
 Page Fault Count               : 0
 Read Bytes                     : 0
 Write Bytes                    : 0
 Block Read Bytes               : 0
 Block Write Bytes              : 0
[===============================================]

[===============================================]
Result of node_idx 0 in node_object 0: Multiply (ND)

-- Elapsed Time Analysis --
 Wall-clock Time                      : 6 us
 - Non I/O Handling Time (Estimated)  : 6 us
 - I/O Handling Time                  : 0 us
        - Read Syscall                : 0 us
        - Write Syscall               : 0 us
        - Page Fault                  : 0 us
        - io_uring                    : 0 us

-- I/O Counts --
 Read Syscall Count                   : 0
 Write Syscall Count                  : 0
 Block I/O Count                      : 0
 io_uring Completion Count            : 0

-- Total I/O Time (block device) --
 Total Block I/O Time           : 0

-- Page Faults & Bytes --
 Page Fault Count               : 0
 Read Bytes                     : 0
 Write Bytes                    : 0
 Block Read Bytes               : 0
 Block Write Bytes              : 0
[===============================================]

[===============================================]
Result of node_idx 1 in node_object 0: Transpose (ND, X32)

-- Elapsed Time Analysis --
 Wall-clock Time                      : 5 us
 - Non I/O Handling Time (Estimated)  : 5 us
 - I/O Handling Time                  : 0 us
        - Read Syscall                : 0 us
        - Write Syscall               : 0 us
        - Page Fault                  : 0 us
        - io_uring                    : 0 us

-- I/O Counts --
 Read Syscall Count                   : 0
 Write Syscall Count                  : 0
 Block I/O Count                      : 0
 io_uring Completion Count            : 0

-- Total I/O Time (block device) --
 Total Block I/O Time           : 0

-- Page Faults & Bytes --
 Page Fault Count               : 0
 Read Bytes                     : 0
 Write Bytes                    : 0
 Block Read Bytes               : 0
 Block Write Bytes              : 0
[===============================================]

[===============================================]
Result of node_idx 2 in node_object 0: Transpose (ND, X32)

-- Elapsed Time Analysis --
 Wall-clock Time                      : 27 us
 - Non I/O Handling Time (Estimated)  : 27 us
 - I/O Handling Time                  : 0 us
        - Read Syscall                : 0 us
        - Write Syscall               : 0 us
        - Page Fault                  : 0 us
        - io_uring                    : 0 us

-- I/O Counts --
 Read Syscall Count                   : 0
 Write Syscall Count                  : 0
 Block I/O Count                      : 0
 io_uring Completion Count            : 0

-- Total I/O Time (block device) --
 Total Block I/O Time           : 0

-- Page Faults & Bytes --
 Page Fault Count               : 0
 Read Bytes                     : 0
 Write Bytes                    : 0
 Block Read Bytes               : 0
 Block Write Bytes              : 0
[===============================================]

[===============================================]
Result of node_idx 3 in node_object 0: Static Reshape (NC)

-- Elapsed Time Analysis --
 Wall-clock Time                      : 3 us
 - Non I/O Handling Time (Estimated)  : 3 us
 - I/O Handling Time                  : 0 us
        - Read Syscall                : 0 us
        - Write Syscall               : 0 us
        - Page Fault                  : 0 us
        - io_uring                    : 0 us

-- I/O Counts --
 Read Syscall Count                   : 0
 Write Syscall Count                  : 0
 Block I/O Count                      : 0
 io_uring Completion Count            : 0

-- Total I/O Time (block device) --
 Total Block I/O Time           : 0

-- Page Faults & Bytes --
 Page Fault Count               : 0
 Read Bytes                     : 0
 Write Bytes                    : 0
 Block Read Bytes               : 0
 Block Write Bytes              : 0
[===============================================]

[===============================================]
Result of node_idx 4 in node_object 0: Static Reshape (NC)

-- Elapsed Time Analysis --
 Wall-clock Time                      : 3 us
 - Non I/O Handling Time (Estimated)  : 3 us
 - I/O Handling Time                  : 0 us
        - Read Syscall                : 0 us
        - Write Syscall               : 0 us
        - Page Fault                  : 0 us
        - io_uring                    : 0 us

-- I/O Counts --
 Read Syscall Count                   : 0
 Write Syscall Count                  : 0
 Block I/O Count                      : 0
 io_uring Completion Count            : 0

-- Total I/O Time (block device) --
 Total Block I/O Time           : 0

-- Page Faults & Bytes --
 Page Fault Count               : 0
 Read Bytes                     : 0
 Write Bytes                    : 0
 Block Read Bytes               : 0
 Block Write Bytes              : 0
[===============================================]

[===============================================]
Result of node_idx 5 in node_object 0: Batch Matrix Multiply (NC, F32)

-- Elapsed Time Analysis --
 Wall-clock Time                      : 71 us
 - Non I/O Handling Time (Estimated)  : 71 us
 - I/O Handling Time                  : 0 us
        - Read Syscall                : 0 us
        - Write Syscall               : 0 us
        - Page Fault                  : 0 us
        - io_uring                    : 0 us

-- I/O Counts --
 Read Syscall Count                   : 0
 Write Syscall Count                  : 0
 Block I/O Count                      : 0
 io_uring Completion Count            : 0

-- Total I/O Time (block device) --
 Total Block I/O Time           : 0

-- Page Faults & Bytes --
 Page Fault Count               : 0
 Read Bytes                     : 0
 Write Bytes                    : 0
 Block Read Bytes               : 0
 Block Write Bytes              : 0
[===============================================]

[===============================================]
Result of node_idx 6 in node_object 0: Static Reshape (NC)

-- Elapsed Time Analysis --
 Wall-clock Time                      : 3 us
 - Non I/O Handling Time (Estimated)  : 3 us
 - I/O Handling Time                  : 0 us
        - Read Syscall                : 0 us
        - Write Syscall               : 0 us
        - Page Fault                  : 0 us
        - io_uring                    : 0 us

-- I/O Counts --
 Read Syscall Count                   : 0
 Write Syscall Count                  : 0
 Block I/O Count                      : 0
 io_uring Completion Count            : 0

-- Total I/O Time (block device) --
 Total Block I/O Time           : 0

-- Page Faults & Bytes --
 Page Fault Count               : 0
 Read Bytes                     : 0
 Write Bytes                    : 0
 Block Read Bytes               : 0
 Block Write Bytes              : 0
[===============================================]

[===============================================]
Result of node_idx 7 in node_object 0: Add (ND)

-- Elapsed Time Analysis --
 Wall-clock Time                      : 9 us
 - Non I/O Handling Time (Estimated)  : 9 us
 - I/O Handling Time                  : 0 us
        - Read Syscall                : 0 us
        - Write Syscall               : 0 us
        - Page Fault                  : 0 us
        - io_uring                    : 0 us

-- I/O Counts --
 Read Syscall Count                   : 0
 Write Syscall Count                  : 0
 Block I/O Count                      : 0
 io_uring Completion Count            : 0

-- Total I/O Time (block device) --
 Total Block I/O Time           : 0

-- Page Faults & Bytes --
 Page Fault Count               : 0
 Read Bytes                     : 0
 Write Bytes                    : 0
 Block Read Bytes               : 0
 Block Write Bytes              : 0
[===============================================]

[===============================================]
Result of node_idx 8 in node_object 0: Softmax (NC, F32)

-- Elapsed Time Analysis --
 Wall-clock Time                      : 15 us
 - Non I/O Handling Time (Estimated)  : 15 us
 - I/O Handling Time                  : 0 us
        - Read Syscall                : 0 us
        - Write Syscall               : 0 us
        - Page Fault                  : 0 us
        - io_uring                    : 0 us

-- I/O Counts --
 Read Syscall Count                   : 0
 Write Syscall Count                  : 0
 Block I/O Count                      : 0
 io_uring Completion Count            : 0

-- Total I/O Time (block device) --
 Total Block I/O Time           : 0

-- Page Faults & Bytes --
 Page Fault Count               : 0
 Read Bytes                     : 0
 Write Bytes                    : 0
 Block Read Bytes               : 0
 Block Write Bytes              : 0
[===============================================]

[===============================================]
Result of node_idx 9 in node_object 0: Transpose (ND, X32)

-- Elapsed Time Analysis --
 Wall-clock Time                      : 35 us
 - Non I/O Handling Time (Estimated)  : 35 us
 - I/O Handling Time                  : 0 us
        - Read Syscall                : 0 us
        - Write Syscall               : 0 us
        - Page Fault                  : 0 us
        - io_uring                    : 0 us

-- I/O Counts --
 Read Syscall Count                   : 0
 Write Syscall Count                  : 0
 Block I/O Count                      : 0
 io_uring Completion Count            : 0

-- Total I/O Time (block device) --
 Total Block I/O Time           : 0

-- Page Faults & Bytes --
 Page Fault Count               : 0
 Read Bytes                     : 0
 Write Bytes                    : 0
 Block Read Bytes               : 0
 Block Write Bytes              : 0
[===============================================]

[===============================================]
Result of node_idx 10 in node_object 0: Static Reshape (NC)

-- Elapsed Time Analysis --
 Wall-clock Time                      : 4 us
 - Non I/O Handling Time (Estimated)  : 4 us
 - I/O Handling Time                  : 0 us
        - Read Syscall                : 0 us
        - Write Syscall               : 0 us
        - Page Fault                  : 0 us
        - io_uring                    : 0 us

-- I/O Counts --
 Read Syscall Count                   : 0
 Write Syscall Count                  : 0
 Block I/O Count                      : 0
 io_uring Completion Count            : 0

-- Total I/O Time (block device) --
 Total Block I/O Time           : 0

-- Page Faults & Bytes --
 Page Fault Count               : 0
 Read Bytes                     : 0
 Write Bytes                    : 0
 Block Read Bytes               : 0
 Block Write Bytes              : 0
[===============================================]

[===============================================]
Result of node_idx 11 in node_object 0: Static Reshape (NC)

-- Elapsed Time Analysis --
 Wall-clock Time                      : 3 us
 - Non I/O Handling Time (Estimated)  : 3 us
 - I/O Handling Time                  : 0 us
        - Read Syscall                : 0 us
        - Write Syscall               : 0 us
        - Page Fault                  : 0 us
        - io_uring                    : 0 us

-- I/O Counts --
 Read Syscall Count                   : 0
 Write Syscall Count                  : 0
 Block I/O Count                      : 0
 io_uring Completion Count            : 0

-- Total I/O Time (block device) --
 Total Block I/O Time           : 0

-- Page Faults & Bytes --
 Page Fault Count               : 0
 Read Bytes                     : 0
 Write Bytes                    : 0
 Block Read Bytes               : 0
 Block Write Bytes              : 0
[===============================================]

[===============================================]
Result of node_idx 12 in node_object 0: Batch Matrix Multiply (NC, F32)

-- Elapsed Time Analysis --
 Wall-clock Time                      : 66 us
 - Non I/O Handling Time (Estimated)  : 66 us
 - I/O Handling Time                  : 0 us
        - Read Syscall                : 0 us
        - Write Syscall               : 0 us
        - Page Fault                  : 0 us
        - io_uring                    : 0 us

-- I/O Counts --
 Read Syscall Count                   : 0
 Write Syscall Count                  : 0
 Block I/O Count                      : 0
 io_uring Completion Count            : 0

-- Total I/O Time (block device) --
 Total Block I/O Time           : 0

-- Page Faults & Bytes --
 Page Fault Count               : 0
 Read Bytes                     : 0
 Write Bytes                    : 0
 Block Read Bytes               : 0
 Block Write Bytes              : 0
[===============================================]

[===============================================]
Result of node_idx 13 in node_object 0: Static Reshape (NC)

-- Elapsed Time Analysis --
 Wall-clock Time                      : 3 us
 - Non I/O Handling Time (Estimated)  : 3 us
 - I/O Handling Time                  : 0 us
        - Read Syscall                : 0 us
        - Write Syscall               : 0 us
        - Page Fault                  : 0 us
        - io_uring                    : 0 us

-- I/O Counts --
 Read Syscall Count                   : 0
 Write Syscall Count                  : 0
 Block I/O Count                      : 0
 io_uring Completion Count            : 0

-- Total I/O Time (block device) --
 Total Block I/O Time           : 0

-- Page Faults & Bytes --
 Page Fault Count               : 0
 Read Bytes                     : 0
 Write Bytes                    : 0
 Block Read Bytes               : 0
 Block Write Bytes              : 0
[===============================================]

[===============================================]
Result of node_idx 14 in node_object 0: Transpose (ND, X32)

-- Elapsed Time Analysis --
 Wall-clock Time                      : 5 us
 - Non I/O Handling Time (Estimated)  : 5 us
 - I/O Handling Time                  : 0 us
        - Read Syscall                : 0 us
        - Write Syscall               : 0 us
        - Page Fault                  : 0 us
        - io_uring                    : 0 us

-- I/O Counts --
 Read Syscall Count                   : 0
 Write Syscall Count                  : 0
 Block I/O Count                      : 0
 io_uring Completion Count            : 0

-- Total I/O Time (block device) --
 Total Block I/O Time           : 0

-- Page Faults & Bytes --
 Page Fault Count               : 0
 Read Bytes                     : 0
 Write Bytes                    : 0
 Block Read Bytes               : 0
 Block Write Bytes              : 0
[===============================================]

[===============================================]
Result of node_idx 15 in node_object 0: Static Reshape (NC)

-- Elapsed Time Analysis --
 Wall-clock Time                      : 3 us
 - Non I/O Handling Time (Estimated)  : 3 us
 - I/O Handling Time                  : 0 us
        - Read Syscall                : 0 us
        - Write Syscall               : 0 us
        - Page Fault                  : 0 us
        - io_uring                    : 0 us

-- I/O Counts --
 Read Syscall Count                   : 0
 Write Syscall Count                  : 0
 Block I/O Count                      : 0
 io_uring Completion Count            : 0

-- Total I/O Time (block device) --
 Total Block I/O Time           : 0

-- Page Faults & Bytes --
 Page Fault Count               : 0
 Read Bytes                     : 0
 Write Bytes                    : 0
 Block Read Bytes               : 0
 Block Write Bytes              : 0
[===============================================]

[===============================================]
Result of node_idx 16 in node_object 0: Fully Connected (NC, QDU8, F32, QC8W)

-- Elapsed Time Analysis --
 Wall-clock Time                      : 334 us
 - Non I/O Handling Time (Estimated)  : 77 us
 - I/O Handling Time                  : 257 us
        - Read Syscall                : 0 us
        - Write Syscall               : 0 us
        - Page Fault                  : 257 us
        - io_uring                    : 0 us

-- I/O Counts --
 Read Syscall Count                   : 0
 Write Syscall Count                  : 0
 Block I/O Count                      : 2
 io_uring Completion Count            : 0

-- Total I/O Time (block device) --
 Total Block I/O Time           : 333

-- Page Faults & Bytes --
 Page Fault Count               : 6
 Read Bytes                     : 0
 Write Bytes                    : 0
 Block Read Bytes               : 20480
 Block Write Bytes              : 0
[===============================================]

[===============================================]
Result of node_idx 17 in node_object 0: Add (ND)

-- Elapsed Time Analysis --
 Wall-clock Time                      : 13 us
 - Non I/O Handling Time (Estimated)  : 13 us
 - I/O Handling Time                  : 0 us
        - Read Syscall                : 0 us
        - Write Syscall               : 0 us
        - Page Fault                  : 0 us
        - io_uring                    : 0 us

-- I/O Counts --
 Read Syscall Count                   : 0
 Write Syscall Count                  : 0
 Block I/O Count                      : 0
 io_uring Completion Count            : 0

-- Total I/O Time (block device) --
 Total Block I/O Time           : 0

-- Page Faults & Bytes --
 Page Fault Count               : 0
 Read Bytes                     : 0
 Write Bytes                    : 0
 Block Read Bytes               : 0
 Block Write Bytes              : 0
[===============================================]

[===============================================]
Result of node_idx 0 in node_object 0: Multiply (ND)

-- Elapsed Time Analysis --
 Wall-clock Time                      : 10 us
 - Non I/O Handling Time (Estimated)  : 10 us
 - I/O Handling Time                  : 0 us
        - Read Syscall                : 0 us
        - Write Syscall               : 0 us
        - Page Fault                  : 0 us
        - io_uring                    : 0 us

-- I/O Counts --
 Read Syscall Count                   : 0
 Write Syscall Count                  : 0
 Block I/O Count                      : 0
 io_uring Completion Count            : 0

-- Total I/O Time (block device) --
 Total Block I/O Time           : 0

-- Page Faults & Bytes --
 Page Fault Count               : 0
 Read Bytes                     : 0
 Write Bytes                    : 0
 Block Read Bytes               : 0
 Block Write Bytes              : 0
[===============================================]

[===============================================]
Result of node_idx 1 in node_object 0: Sum (ND)

-- Elapsed Time Analysis --
 Wall-clock Time                      : 7 us
 - Non I/O Handling Time (Estimated)  : 7 us
 - I/O Handling Time                  : 0 us
        - Read Syscall                : 0 us
        - Write Syscall               : 0 us
        - Page Fault                  : 0 us
        - io_uring                    : 0 us

-- I/O Counts --
 Read Syscall Count                   : 0
 Write Syscall Count                  : 0
 Block I/O Count                      : 0
 io_uring Completion Count            : 0

-- Total I/O Time (block device) --
 Total Block I/O Time           : 0

-- Page Faults & Bytes --
 Page Fault Count               : 0
 Read Bytes                     : 0
 Write Bytes                    : 0
 Block Read Bytes               : 0
 Block Write Bytes              : 0
[===============================================]

[===============================================]
Result of node_idx 2 in node_object 0: Multiply (ND)

-- Elapsed Time Analysis --
 Wall-clock Time                      : 3 us
 - Non I/O Handling Time (Estimated)  : 3 us
 - I/O Handling Time                  : 0 us
        - Read Syscall                : 0 us
        - Write Syscall               : 0 us
        - Page Fault                  : 0 us
        - io_uring                    : 0 us

-- I/O Counts --
 Read Syscall Count                   : 0
 Write Syscall Count                  : 0
 Block I/O Count                      : 0
 io_uring Completion Count            : 0

-- Total I/O Time (block device) --
 Total Block I/O Time           : 0

-- Page Faults & Bytes --
 Page Fault Count               : 0
 Read Bytes                     : 0
 Write Bytes                    : 0
 Block Read Bytes               : 0
 Block Write Bytes              : 0
[===============================================]

[===============================================]
Result of node_idx 3 in node_object 0: Add (ND)

-- Elapsed Time Analysis --
 Wall-clock Time                      : 3 us
 - Non I/O Handling Time (Estimated)  : 3 us
 - I/O Handling Time                  : 0 us
        - Read Syscall                : 0 us
        - Write Syscall               : 0 us
        - Page Fault                  : 0 us
        - io_uring                    : 0 us

-- I/O Counts --
 Read Syscall Count                   : 0
 Write Syscall Count                  : 0
 Block I/O Count                      : 0
 io_uring Completion Count            : 0

-- Total I/O Time (block device) --
 Total Block I/O Time           : 0

-- Page Faults & Bytes --
 Page Fault Count               : 0
 Read Bytes                     : 0
 Write Bytes                    : 0
 Block Read Bytes               : 0
 Block Write Bytes              : 0
[===============================================]

[===============================================]
Result of node_idx 4 in node_object 0: Static Reshape (NC)

-- Elapsed Time Analysis --
 Wall-clock Time                      : 3 us
 - Non I/O Handling Time (Estimated)  : 3 us
 - I/O Handling Time                  : 0 us
        - Read Syscall                : 0 us
        - Write Syscall               : 0 us
        - Page Fault                  : 0 us
        - io_uring                    : 0 us

-- I/O Counts --
 Read Syscall Count                   : 0
 Write Syscall Count                  : 0
 Block I/O Count                      : 0
 io_uring Completion Count            : 0

-- Total I/O Time (block device) --
 Total Block I/O Time           : 0

-- Page Faults & Bytes --
 Page Fault Count               : 0
 Read Bytes                     : 0
 Write Bytes                    : 0
 Block Read Bytes               : 0
 Block Write Bytes              : 0
[===============================================]

[===============================================]
Result of node_idx 5 in node_object 0: Reciprocal Square Root (NC)

-- Elapsed Time Analysis --
 Wall-clock Time                      : 3 us
 - Non I/O Handling Time (Estimated)  : 3 us
 - I/O Handling Time                  : 0 us
        - Read Syscall                : 0 us
        - Write Syscall               : 0 us
        - Page Fault                  : 0 us
        - io_uring                    : 0 us

-- I/O Counts --
 Read Syscall Count                   : 0
 Write Syscall Count                  : 0
 Block I/O Count                      : 0
 io_uring Completion Count            : 0

-- Total I/O Time (block device) --
 Total Block I/O Time           : 0

-- Page Faults & Bytes --
 Page Fault Count               : 0
 Read Bytes                     : 0
 Write Bytes                    : 0
 Block Read Bytes               : 0
 Block Write Bytes              : 0
[===============================================]

[===============================================]
Result of node_idx 6 in node_object 0: Multiply (ND)

-- Elapsed Time Analysis --
 Wall-clock Time                      : 5 us
 - Non I/O Handling Time (Estimated)  : 5 us
 - I/O Handling Time                  : 0 us
        - Read Syscall                : 0 us
        - Write Syscall               : 0 us
        - Page Fault                  : 0 us
        - io_uring                    : 0 us

-- I/O Counts --
 Read Syscall Count                   : 0
 Write Syscall Count                  : 0
 Block I/O Count                      : 0
 io_uring Completion Count            : 0

-- Total I/O Time (block device) --
 Total Block I/O Time           : 0

-- Page Faults & Bytes --
 Page Fault Count               : 0
 Read Bytes                     : 0
 Write Bytes                    : 0
 Block Read Bytes               : 0
 Block Write Bytes              : 0
[===============================================]

[===============================================]
Result of node_idx 7 in node_object 0: Multiply (ND)

-- Elapsed Time Analysis --
 Wall-clock Time                      : 5 us
 - Non I/O Handling Time (Estimated)  : 5 us
 - I/O Handling Time                  : 0 us
        - Read Syscall                : 0 us
        - Write Syscall               : 0 us
        - Page Fault                  : 0 us
        - io_uring                    : 0 us

-- I/O Counts --
 Read Syscall Count                   : 0
 Write Syscall Count                  : 0
 Block I/O Count                      : 0
 io_uring Completion Count            : 0

-- Total I/O Time (block device) --
 Total Block I/O Time           : 0

-- Page Faults & Bytes --
 Page Fault Count               : 0
 Read Bytes                     : 0
 Write Bytes                    : 0
 Block Read Bytes               : 0
 Block Write Bytes              : 0
[===============================================]

[===============================================]
Result of node_idx 0 in node_object 0: Fully Connected (NC, QDU8, F32, QC8W)

-- Elapsed Time Analysis --
 Wall-clock Time                      : 1037 us
 - Non I/O Handling Time (Estimated)  : 44 us
 - I/O Handling Time                  : 993 us
        - Read Syscall                : 0 us
        - Write Syscall               : 0 us
        - Page Fault                  : 993 us
        - io_uring                    : 0 us

-- I/O Counts --
 Read Syscall Count                   : 0
 Write Syscall Count                  : 0
 Block I/O Count                      : 1
 io_uring Completion Count            : 0

-- Total I/O Time (block device) --
 Total Block I/O Time           : 230

-- Page Faults & Bytes --
 Page Fault Count               : 7
 Read Bytes                     : 0
 Write Bytes                    : 0
 Block Read Bytes               : 131072
 Block Write Bytes              : 0
[===============================================]

[===============================================]
Result of node_idx 1 in node_object 0: Sigmoid (NC)

-- Elapsed Time Analysis --
 Wall-clock Time                      : 96 us
 - Non I/O Handling Time (Estimated)  : 96 us
 - I/O Handling Time                  : 0 us
        - Read Syscall                : 0 us
        - Write Syscall               : 0 us
        - Page Fault                  : 0 us
        - io_uring                    : 0 us

-- I/O Counts --
 Read Syscall Count                   : 0
 Write Syscall Count                  : 0
 Block I/O Count                      : 0
 io_uring Completion Count            : 0

-- Total I/O Time (block device) --
 Total Block I/O Time           : 0

-- Page Faults & Bytes --
 Page Fault Count               : 0
 Read Bytes                     : 0
 Write Bytes                    : 0
 Block Read Bytes               : 0
 Block Write Bytes              : 0
[===============================================]

[===============================================]
Result of node_idx 2 in node_object 0: Multiply (ND)

-- Elapsed Time Analysis --
 Wall-clock Time                      : 24 us
 - Non I/O Handling Time (Estimated)  : 24 us
 - I/O Handling Time                  : 0 us
        - Read Syscall                : 0 us
        - Write Syscall               : 0 us
        - Page Fault                  : 0 us
        - io_uring                    : 0 us

-- I/O Counts --
 Read Syscall Count                   : 0
 Write Syscall Count                  : 0
 Block I/O Count                      : 0
 io_uring Completion Count            : 0

-- Total I/O Time (block device) --
 Total Block I/O Time           : 0

-- Page Faults & Bytes --
 Page Fault Count               : 0
 Read Bytes                     : 0
 Write Bytes                    : 0
 Block Read Bytes               : 0
 Block Write Bytes              : 0
[===============================================]

[===============================================]
Result of node_idx 3 in node_object 0: Fully Connected (NC, QDU8, F32, QC8W)

-- Elapsed Time Analysis --
 Wall-clock Time                      : 700 us
 - Non I/O Handling Time (Estimated)  : 68 us
 - I/O Handling Time                  : 632 us
        - Read Syscall                : 0 us
        - Write Syscall               : 0 us
        - Page Fault                  : 632 us
        - io_uring                    : 0 us

-- I/O Counts --
 Read Syscall Count                   : 0
 Write Syscall Count                  : 0
 Block I/O Count                      : 2
 io_uring Completion Count            : 0

-- Total I/O Time (block device) --
 Total Block I/O Time           : 559

-- Page Faults & Bytes --
 Page Fault Count               : 9
 Read Bytes                     : 0
 Write Bytes                    : 0
 Block Read Bytes               : 98304
 Block Write Bytes              : 0
[===============================================]

[===============================================]
Result of node_idx 4 in node_object 0: Multiply (ND)

-- Elapsed Time Analysis --
 Wall-clock Time                      : 212 us
 - Non I/O Handling Time (Estimated)  : 212 us
 - I/O Handling Time                  : 0 us
        - Read Syscall                : 0 us
        - Write Syscall               : 0 us
        - Page Fault                  : 0 us
        - io_uring                    : 0 us

-- I/O Counts --
 Read Syscall Count                   : 0
 Write Syscall Count                  : 0
 Block I/O Count                      : 0
 io_uring Completion Count            : 0

-- Total I/O Time (block device) --
 Total Block I/O Time           : 0

-- Page Faults & Bytes --
 Page Fault Count               : 0
 Read Bytes                     : 0
 Write Bytes                    : 0
 Block Read Bytes               : 0
 Block Write Bytes              : 0
[===============================================]

[===============================================]
Result of node_idx 5 in node_object 0: Fully Connected (NC, QDU8, F32, QC8W)

-- Elapsed Time Analysis --
 Wall-clock Time                      : 998 us
 - Non I/O Handling Time (Estimated)  : 128 us
 - I/O Handling Time                  : 870 us
        - Read Syscall                : 0 us
        - Write Syscall               : 0 us
        - Page Fault                  : 870 us
        - io_uring                    : 0 us

-- I/O Counts --
 Read Syscall Count                   : 0
 Write Syscall Count                  : 0
 Block I/O Count                      : 2
 io_uring Completion Count            : 0

-- Total I/O Time (block device) --
 Total Block I/O Time           : 841

-- Page Faults & Bytes --
 Page Fault Count               : 9
 Read Bytes                     : 0
 Write Bytes                    : 0
 Block Read Bytes               : 57344
 Block Write Bytes              : 0
[===============================================]

[===============================================]
Result of node_idx 6 in node_object 0: Add (ND)

-- Elapsed Time Analysis --
 Wall-clock Time                      : 21 us
 - Non I/O Handling Time (Estimated)  : 21 us
 - I/O Handling Time                  : 0 us
        - Read Syscall                : 0 us
        - Write Syscall               : 0 us
        - Page Fault                  : 0 us
        - io_uring                    : 0 us

-- I/O Counts --
 Read Syscall Count                   : 0
 Write Syscall Count                  : 0
 Block I/O Count                      : 0
 io_uring Completion Count            : 0

-- Total I/O Time (block device) --
 Total Block I/O Time           : 0

-- Page Faults & Bytes --
 Page Fault Count               : 0
 Read Bytes                     : 0
 Write Bytes                    : 0
 Block Read Bytes               : 0
 Block Write Bytes              : 0
[===============================================]

[===============================================]
Result of node_idx 0 in node_object 0: Multiply (ND)

-- Elapsed Time Analysis --
 Wall-clock Time                      : 86 us
 - Non I/O Handling Time (Estimated)  : 86 us
 - I/O Handling Time                  : 0 us
        - Read Syscall                : 0 us
        - Write Syscall               : 0 us
        - Page Fault                  : 0 us
        - io_uring                    : 0 us

-- I/O Counts --
 Read Syscall Count                   : 0
 Write Syscall Count                  : 0
 Block I/O Count                      : 0
 io_uring Completion Count            : 0

-- Total I/O Time (block device) --
 Total Block I/O Time           : 0

-- Page Faults & Bytes --
 Page Fault Count               : 0
 Read Bytes                     : 0
 Write Bytes                    : 0
 Block Read Bytes               : 0
 Block Write Bytes              : 0
[===============================================]

[===============================================]
Result of node_idx 1 in node_object 0: Sum (ND)

-- Elapsed Time Analysis --
 Wall-clock Time                      : 108 us
 - Non I/O Handling Time (Estimated)  : 108 us
 - I/O Handling Time                  : 0 us
        - Read Syscall                : 0 us
        - Write Syscall               : 0 us
        - Page Fault                  : 0 us
        - io_uring                    : 0 us

-- I/O Counts --
 Read Syscall Count                   : 0
 Write Syscall Count                  : 0
 Block I/O Count                      : 0
 io_uring Completion Count            : 0

-- Total I/O Time (block device) --
 Total Block I/O Time           : 0

-- Page Faults & Bytes --
 Page Fault Count               : 0
 Read Bytes                     : 0
 Write Bytes                    : 0
 Block Read Bytes               : 0
 Block Write Bytes              : 0
[===============================================]

[===============================================]
Result of node_idx 2 in node_object 0: Multiply (ND)

-- Elapsed Time Analysis --
 Wall-clock Time                      : 4 us
 - Non I/O Handling Time (Estimated)  : 4 us
 - I/O Handling Time                  : 0 us
        - Read Syscall                : 0 us
        - Write Syscall               : 0 us
        - Page Fault                  : 0 us
        - io_uring                    : 0 us

-- I/O Counts --
 Read Syscall Count                   : 0
 Write Syscall Count                  : 0
 Block I/O Count                      : 0
 io_uring Completion Count            : 0

-- Total I/O Time (block device) --
 Total Block I/O Time           : 0

-- Page Faults & Bytes --
 Page Fault Count               : 0
 Read Bytes                     : 0
 Write Bytes                    : 0
 Block Read Bytes               : 0
 Block Write Bytes              : 0
[===============================================]

[===============================================]
Result of node_idx 3 in node_object 0: Add (ND)

-- Elapsed Time Analysis --
 Wall-clock Time                      : 3 us
 - Non I/O Handling Time (Estimated)  : 3 us
 - I/O Handling Time                  : 0 us
        - Read Syscall                : 0 us
        - Write Syscall               : 0 us
        - Page Fault                  : 0 us
        - io_uring                    : 0 us

-- I/O Counts --
 Read Syscall Count                   : 0
 Write Syscall Count                  : 0
 Block I/O Count                      : 0
 io_uring Completion Count            : 0

-- Total I/O Time (block device) --
 Total Block I/O Time           : 0

-- Page Faults & Bytes --
 Page Fault Count               : 0
 Read Bytes                     : 0
 Write Bytes                    : 0
 Block Read Bytes               : 0
 Block Write Bytes              : 0
[===============================================]

[===============================================]
Result of node_idx 4 in node_object 0: Static Reshape (NC)

-- Elapsed Time Analysis --
 Wall-clock Time                      : 2 us
 - Non I/O Handling Time (Estimated)  : 2 us
 - I/O Handling Time                  : 0 us
        - Read Syscall                : 0 us
        - Write Syscall               : 0 us
        - Page Fault                  : 0 us
        - io_uring                    : 0 us

-- I/O Counts --
 Read Syscall Count                   : 0
 Write Syscall Count                  : 0
 Block I/O Count                      : 0
 io_uring Completion Count            : 0

-- Total I/O Time (block device) --
 Total Block I/O Time           : 0

-- Page Faults & Bytes --
 Page Fault Count               : 0
 Read Bytes                     : 0
 Write Bytes                    : 0
 Block Read Bytes               : 0
 Block Write Bytes              : 0
[===============================================]

[===============================================]
Result of node_idx 5 in node_object 0: Reciprocal Square Root (NC)

-- Elapsed Time Analysis --
 Wall-clock Time                      : 2 us
 - Non I/O Handling Time (Estimated)  : 2 us
 - I/O Handling Time                  : 0 us
        - Read Syscall                : 0 us
        - Write Syscall               : 0 us
        - Page Fault                  : 0 us
        - io_uring                    : 0 us

-- I/O Counts --
 Read Syscall Count                   : 0
 Write Syscall Count                  : 0
 Block I/O Count                      : 0
 io_uring Completion Count            : 0

-- Total I/O Time (block device) --
 Total Block I/O Time           : 0

-- Page Faults & Bytes --
 Page Fault Count               : 0
 Read Bytes                     : 0
 Write Bytes                    : 0
 Block Read Bytes               : 0
 Block Write Bytes              : 0
[===============================================]

[===============================================]
Result of node_idx 6 in node_object 0: Multiply (ND)

-- Elapsed Time Analysis --
 Wall-clock Time                      : 89 us
 - Non I/O Handling Time (Estimated)  : 89 us
 - I/O Handling Time                  : 0 us
        - Read Syscall                : 0 us
        - Write Syscall               : 0 us
        - Page Fault                  : 0 us
        - io_uring                    : 0 us

-- I/O Counts --
 Read Syscall Count                   : 0
 Write Syscall Count                  : 0
 Block I/O Count                      : 0
 io_uring Completion Count            : 0

-- Total I/O Time (block device) --
 Total Block I/O Time           : 0

-- Page Faults & Bytes --
 Page Fault Count               : 0
 Read Bytes                     : 0
 Write Bytes                    : 0
 Block Read Bytes               : 0
 Block Write Bytes              : 0
[===============================================]

[===============================================]
Result of node_idx 7 in node_object 0: Multiply (ND)

-- Elapsed Time Analysis --
 Wall-clock Time                      : 15 us
 - Non I/O Handling Time (Estimated)  : 15 us
 - I/O Handling Time                  : 0 us
        - Read Syscall                : 0 us
        - Write Syscall               : 0 us
        - Page Fault                  : 0 us
        - io_uring                    : 0 us

-- I/O Counts --
 Read Syscall Count                   : 0
 Write Syscall Count                  : 0
 Block I/O Count                      : 0
 io_uring Completion Count            : 0

-- Total I/O Time (block device) --
 Total Block I/O Time           : 0

-- Page Faults & Bytes --
 Page Fault Count               : 0
 Read Bytes                     : 0
 Write Bytes                    : 0
 Block Read Bytes               : 0
 Block Write Bytes              : 0
[===============================================]

[===============================================]
Result of node_idx 0 in node_object 0: Fully Connected (NC, QDU8, F32, QC8W)

-- Elapsed Time Analysis --
 Wall-clock Time                      : 469 us
 - Non I/O Handling Time (Estimated)  : 182 us
 - I/O Handling Time                  : 287 us
        - Read Syscall                : 0 us
        - Write Syscall               : 0 us
        - Page Fault                  : 287 us
        - io_uring                    : 0 us

-- I/O Counts --
 Read Syscall Count                   : 0
 Write Syscall Count                  : 0
 Block I/O Count                      : 2
 io_uring Completion Count            : 0

-- Total I/O Time (block device) --
 Total Block I/O Time           : 478

-- Page Faults & Bytes --
 Page Fault Count               : 2
 Read Bytes                     : 0
 Write Bytes                    : 0
 Block Read Bytes               : 94208
 Block Write Bytes              : 0
[===============================================]

[===============================================]
Result of node_idx 1 in node_object 0: Static Reshape (NC)

-- Elapsed Time Analysis --
 Wall-clock Time                      : 95 us
 - Non I/O Handling Time (Estimated)  : 95 us
 - I/O Handling Time                  : 0 us
        - Read Syscall                : 0 us
        - Write Syscall               : 0 us
        - Page Fault                  : 0 us
        - io_uring                    : 0 us

-- I/O Counts --
 Read Syscall Count                   : 0
 Write Syscall Count                  : 0
 Block I/O Count                      : 0
 io_uring Completion Count            : 0

-- Total I/O Time (block device) --
 Total Block I/O Time           : 0

-- Page Faults & Bytes --
 Page Fault Count               : 0
 Read Bytes                     : 0
 Write Bytes                    : 0
 Block Read Bytes               : 0
 Block Write Bytes              : 0
[===============================================]

[===============================================]
Result of node_idx 2 in node_object 0: Slice (ND, X32)

-- Elapsed Time Analysis --
 Wall-clock Time                      : 106 us
 - Non I/O Handling Time (Estimated)  : 106 us
 - I/O Handling Time                  : 0 us
        - Read Syscall                : 0 us
        - Write Syscall               : 0 us
        - Page Fault                  : 0 us
        - io_uring                    : 0 us

-- I/O Counts --
 Read Syscall Count                   : 0
 Write Syscall Count                  : 0
 Block I/O Count                      : 0
 io_uring Completion Count            : 0

-- Total I/O Time (block device) --
 Total Block I/O Time           : 0

-- Page Faults & Bytes --
 Page Fault Count               : 0
 Read Bytes                     : 0
 Write Bytes                    : 0
 Block Read Bytes               : 0
 Block Write Bytes              : 0
[===============================================]

[===============================================]
Result of node_idx 3 in node_object 0: Slice (ND, X32)

-- Elapsed Time Analysis --
 Wall-clock Time                      : 691 us
 - Non I/O Handling Time (Estimated)  : 691 us
 - I/O Handling Time                  : 0 us
        - Read Syscall                : 0 us
        - Write Syscall               : 0 us
        - Page Fault                  : 0 us
        - io_uring                    : 0 us

-- I/O Counts --
 Read Syscall Count                   : 0
 Write Syscall Count                  : 0
 Block I/O Count                      : 0
 io_uring Completion Count            : 0

-- Total I/O Time (block device) --
 Total Block I/O Time           : 0

-- Page Faults & Bytes --
 Page Fault Count               : 0
 Read Bytes                     : 0
 Write Bytes                    : 0
 Block Read Bytes               : 0
 Block Write Bytes              : 0
[===============================================]

[===============================================]
Result of node_idx 4 in node_object 0: Slice (ND, X32)

-- Elapsed Time Analysis --
 Wall-clock Time                      : 79 us
 - Non I/O Handling Time (Estimated)  : 79 us
 - I/O Handling Time                  : 0 us
        - Read Syscall                : 0 us
        - Write Syscall               : 0 us
        - Page Fault                  : 0 us
        - io_uring                    : 0 us

-- I/O Counts --
 Read Syscall Count                   : 0
 Write Syscall Count                  : 0
 Block I/O Count                      : 0
 io_uring Completion Count            : 0

-- Total I/O Time (block device) --
 Total Block I/O Time           : 0

-- Page Faults & Bytes --
 Page Fault Count               : 0
 Read Bytes                     : 0
 Write Bytes                    : 0
 Block Read Bytes               : 0
 Block Write Bytes              : 0
[===============================================]

[===============================================]
Result of node_idx 5 in node_object 0: Static Reshape (NC)

-- Elapsed Time Analysis --
 Wall-clock Time                      : 3 us
 - Non I/O Handling Time (Estimated)  : 3 us
 - I/O Handling Time                  : 0 us
        - Read Syscall                : 0 us
        - Write Syscall               : 0 us
        - Page Fault                  : 0 us
        - io_uring                    : 0 us

-- I/O Counts --
 Read Syscall Count                   : 0
 Write Syscall Count                  : 0
 Block I/O Count                      : 0
 io_uring Completion Count            : 0

-- Total I/O Time (block device) --
 Total Block I/O Time           : 0

-- Page Faults & Bytes --
 Page Fault Count               : 0
 Read Bytes                     : 0
 Write Bytes                    : 0
 Block Read Bytes               : 0
 Block Write Bytes              : 0
[===============================================]

[===============================================]
Result of node_idx 6 in node_object 0: Transpose (ND, X32)

-- Elapsed Time Analysis --
 Wall-clock Time                      : 5 us
 - Non I/O Handling Time (Estimated)  : 5 us
 - I/O Handling Time                  : 0 us
        - Read Syscall                : 0 us
        - Write Syscall               : 0 us
        - Page Fault                  : 0 us
        - io_uring                    : 0 us

-- I/O Counts --
 Read Syscall Count                   : 0
 Write Syscall Count                  : 0
 Block I/O Count                      : 0
 io_uring Completion Count            : 0

-- Total I/O Time (block device) --
 Total Block I/O Time           : 0

-- Page Faults & Bytes --
 Page Fault Count               : 0
 Read Bytes                     : 0
 Write Bytes                    : 0
 Block Read Bytes               : 0
 Block Write Bytes              : 0
[===============================================]

[===============================================]
Result of node_idx 7 in node_object 0: Slice (ND, X32)

-- Elapsed Time Analysis --
 Wall-clock Time                      : 84 us
 - Non I/O Handling Time (Estimated)  : 84 us
 - I/O Handling Time                  : 0 us
        - Read Syscall                : 0 us
        - Write Syscall               : 0 us
        - Page Fault                  : 0 us
        - io_uring                    : 0 us

-- I/O Counts --
 Read Syscall Count                   : 0
 Write Syscall Count                  : 0
 Block I/O Count                      : 0
 io_uring Completion Count            : 0

-- Total I/O Time (block device) --
 Total Block I/O Time           : 0

-- Page Faults & Bytes --
 Page Fault Count               : 0
 Read Bytes                     : 0
 Write Bytes                    : 0
 Block Read Bytes               : 0
 Block Write Bytes              : 0
[===============================================]

[===============================================]
Result of node_idx 8 in node_object 0: Slice (ND, X32)

-- Elapsed Time Analysis --
 Wall-clock Time                      : 90 us
 - Non I/O Handling Time (Estimated)  : 90 us
 - I/O Handling Time                  : 0 us
        - Read Syscall                : 0 us
        - Write Syscall               : 0 us
        - Page Fault                  : 0 us
        - io_uring                    : 0 us

-- I/O Counts --
 Read Syscall Count                   : 0
 Write Syscall Count                  : 0
 Block I/O Count                      : 0
 io_uring Completion Count            : 0

-- Total I/O Time (block device) --
 Total Block I/O Time           : 0

-- Page Faults & Bytes --
 Page Fault Count               : 0
 Read Bytes                     : 0
 Write Bytes                    : 0
 Block Read Bytes               : 0
 Block Write Bytes              : 0
[===============================================]

[===============================================]
Result of node_idx 9 in node_object 0: Multiply (ND)

-- Elapsed Time Analysis --
 Wall-clock Time                      : 203 us
 - Non I/O Handling Time (Estimated)  : 203 us
 - I/O Handling Time                  : 0 us
        - Read Syscall                : 0 us
        - Write Syscall               : 0 us
        - Page Fault                  : 0 us
        - io_uring                    : 0 us

-- I/O Counts --
 Read Syscall Count                   : 0
 Write Syscall Count                  : 0
 Block I/O Count                      : 0
 io_uring Completion Count            : 0

-- Total I/O Time (block device) --
 Total Block I/O Time           : 0

-- Page Faults & Bytes --
 Page Fault Count               : 0
 Read Bytes                     : 0
 Write Bytes                    : 0
 Block Read Bytes               : 0
 Block Write Bytes              : 0
[===============================================]

[===============================================]
Result of node_idx 10 in node_object 0: Multiply (ND)

-- Elapsed Time Analysis --
 Wall-clock Time                      : 93 us
 - Non I/O Handling Time (Estimated)  : 93 us
 - I/O Handling Time                  : 0 us
        - Read Syscall                : 0 us
        - Write Syscall               : 0 us
        - Page Fault                  : 0 us
        - io_uring                    : 0 us

-- I/O Counts --
 Read Syscall Count                   : 0
 Write Syscall Count                  : 0
 Block I/O Count                      : 0
 io_uring Completion Count            : 0

-- Total I/O Time (block device) --
 Total Block I/O Time           : 0

-- Page Faults & Bytes --
 Page Fault Count               : 0
 Read Bytes                     : 0
 Write Bytes                    : 0
 Block Read Bytes               : 0
 Block Write Bytes              : 0
[===============================================]

[===============================================]
Result of node_idx 11 in node_object 0: Subtract (ND)

-- Elapsed Time Analysis --
 Wall-clock Time                      : 104 us
 - Non I/O Handling Time (Estimated)  : 104 us
 - I/O Handling Time                  : 0 us
        - Read Syscall                : 0 us
        - Write Syscall               : 0 us
        - Page Fault                  : 0 us
        - io_uring                    : 0 us

-- I/O Counts --
 Read Syscall Count                   : 0
 Write Syscall Count                  : 0
 Block I/O Count                      : 0
 io_uring Completion Count            : 0

-- Total I/O Time (block device) --
 Total Block I/O Time           : 0

-- Page Faults & Bytes --
 Page Fault Count               : 0
 Read Bytes                     : 0
 Write Bytes                    : 0
 Block Read Bytes               : 0
 Block Write Bytes              : 0
[===============================================]

[===============================================]
Result of node_idx 12 in node_object 0: Multiply (ND)

-- Elapsed Time Analysis --
 Wall-clock Time                      : 98 us
 - Non I/O Handling Time (Estimated)  : 98 us
 - I/O Handling Time                  : 0 us
        - Read Syscall                : 0 us
        - Write Syscall               : 0 us
        - Page Fault                  : 0 us
        - io_uring                    : 0 us

-- I/O Counts --
 Read Syscall Count                   : 0
 Write Syscall Count                  : 0
 Block I/O Count                      : 0
 io_uring Completion Count            : 0

-- Total I/O Time (block device) --
 Total Block I/O Time           : 0

-- Page Faults & Bytes --
 Page Fault Count               : 0
 Read Bytes                     : 0
 Write Bytes                    : 0
 Block Read Bytes               : 0
 Block Write Bytes              : 0
[===============================================]

[===============================================]
Result of node_idx 13 in node_object 0: Multiply (ND)

-- Elapsed Time Analysis --
 Wall-clock Time                      : 89 us
 - Non I/O Handling Time (Estimated)  : 89 us
 - I/O Handling Time                  : 0 us
        - Read Syscall                : 0 us
        - Write Syscall               : 0 us
        - Page Fault                  : 0 us
        - io_uring                    : 0 us

-- I/O Counts --
 Read Syscall Count                   : 0
 Write Syscall Count                  : 0
 Block I/O Count                      : 0
 io_uring Completion Count            : 0

-- Total I/O Time (block device) --
 Total Block I/O Time           : 0

-- Page Faults & Bytes --
 Page Fault Count               : 0
 Read Bytes                     : 0
 Write Bytes                    : 0
 Block Read Bytes               : 0
 Block Write Bytes              : 0
[===============================================]

[===============================================]
Result of node_idx 14 in node_object 0: Add (ND)

-- Elapsed Time Analysis --
 Wall-clock Time                      : 82 us
 - Non I/O Handling Time (Estimated)  : 82 us
 - I/O Handling Time                  : 0 us
        - Read Syscall                : 0 us
        - Write Syscall               : 0 us
        - Page Fault                  : 0 us
        - io_uring                    : 0 us

-- I/O Counts --
 Read Syscall Count                   : 0
 Write Syscall Count                  : 0
 Block I/O Count                      : 0
 io_uring Completion Count            : 0

-- Total I/O Time (block device) --
 Total Block I/O Time           : 0

-- Page Faults & Bytes --
 Page Fault Count               : 0
 Read Bytes                     : 0
 Write Bytes                    : 0
 Block Read Bytes               : 0
 Block Write Bytes              : 0
[===============================================]

[===============================================]
Result of node_idx 15 in node_object 0: Copy (NC, X32)

-- Elapsed Time Analysis --
 Wall-clock Time                      : 85 us
 - Non I/O Handling Time (Estimated)  : 85 us
 - I/O Handling Time                  : 0 us
        - Read Syscall                : 0 us
        - Write Syscall               : 0 us
        - Page Fault                  : 0 us
        - io_uring                    : 0 us

-- I/O Counts --
 Read Syscall Count                   : 0
 Write Syscall Count                  : 0
 Block I/O Count                      : 0
 io_uring Completion Count            : 0

-- Total I/O Time (block device) --
 Total Block I/O Time           : 0

-- Page Faults & Bytes --
 Page Fault Count               : 0
 Read Bytes                     : 0
 Write Bytes                    : 0
 Block Read Bytes               : 0
 Block Write Bytes              : 0
[===============================================]

[===============================================]
Result of node_idx 15 in node_object 1: Copy (NC, X32)

-- Elapsed Time Analysis --
 Wall-clock Time                      : 121 us
 - Non I/O Handling Time (Estimated)  : 121 us
 - I/O Handling Time                  : 0 us
        - Read Syscall                : 0 us
        - Write Syscall               : 0 us
        - Page Fault                  : 0 us
        - io_uring                    : 0 us

-- I/O Counts --
 Read Syscall Count                   : 0
 Write Syscall Count                  : 0
 Block I/O Count                      : 0
 io_uring Completion Count            : 0

-- Total I/O Time (block device) --
 Total Block I/O Time           : 0

-- Page Faults & Bytes --
 Page Fault Count               : 0
 Read Bytes                     : 0
 Write Bytes                    : 0
 Block Read Bytes               : 0
 Block Write Bytes              : 0
[===============================================]

[===============================================]
Result of node_idx 16 in node_object 0: Transpose (ND, X32)

-- Elapsed Time Analysis --
 Wall-clock Time                      : 6 us
 - Non I/O Handling Time (Estimated)  : 6 us
 - I/O Handling Time                  : 0 us
        - Read Syscall                : 0 us
        - Write Syscall               : 0 us
        - Page Fault                  : 0 us
        - io_uring                    : 0 us

-- I/O Counts --
 Read Syscall Count                   : 0
 Write Syscall Count                  : 0
 Block I/O Count                      : 0
 io_uring Completion Count            : 0

-- Total I/O Time (block device) --
 Total Block I/O Time           : 0

-- Page Faults & Bytes --
 Page Fault Count               : 0
 Read Bytes                     : 0
 Write Bytes                    : 0
 Block Read Bytes               : 0
 Block Write Bytes              : 0
[===============================================]

[===============================================]
Result of node_idx 17 in node_object 0: Transpose (ND, X32)

-- Elapsed Time Analysis --
 Wall-clock Time                      : 5 us
 - Non I/O Handling Time (Estimated)  : 5 us
 - I/O Handling Time                  : 0 us
        - Read Syscall                : 0 us
        - Write Syscall               : 0 us
        - Page Fault                  : 0 us
        - io_uring                    : 0 us

-- I/O Counts --
 Read Syscall Count                   : 0
 Write Syscall Count                  : 0
 Block I/O Count                      : 0
 io_uring Completion Count            : 0

-- Total I/O Time (block device) --
 Total Block I/O Time           : 0

-- Page Faults & Bytes --
 Page Fault Count               : 0
 Read Bytes                     : 0
 Write Bytes                    : 0
 Block Read Bytes               : 0
 Block Write Bytes              : 0
[===============================================]

[===============================================]
Result of node_idx 18 in node_object 0: Slice (ND, X32)

-- Elapsed Time Analysis --
 Wall-clock Time                      : 97 us
 - Non I/O Handling Time (Estimated)  : 97 us
 - I/O Handling Time                  : 0 us
        - Read Syscall                : 0 us
        - Write Syscall               : 0 us
        - Page Fault                  : 0 us
        - io_uring                    : 0 us

-- I/O Counts --
 Read Syscall Count                   : 0
 Write Syscall Count                  : 0
 Block I/O Count                      : 0
 io_uring Completion Count            : 0

-- Total I/O Time (block device) --
 Total Block I/O Time           : 0

-- Page Faults & Bytes --
 Page Fault Count               : 0
 Read Bytes                     : 0
 Write Bytes                    : 0
 Block Read Bytes               : 0
 Block Write Bytes              : 0
[===============================================]

[===============================================]
Result of node_idx 19 in node_object 0: Slice (ND, X32)

-- Elapsed Time Analysis --
 Wall-clock Time                      : 81 us
 - Non I/O Handling Time (Estimated)  : 81 us
 - I/O Handling Time                  : 0 us
        - Read Syscall                : 0 us
        - Write Syscall               : 0 us
        - Page Fault                  : 0 us
        - io_uring                    : 0 us

-- I/O Counts --
 Read Syscall Count                   : 0
 Write Syscall Count                  : 0
 Block I/O Count                      : 0
 io_uring Completion Count            : 0

-- Total I/O Time (block device) --
 Total Block I/O Time           : 0

-- Page Faults & Bytes --
 Page Fault Count               : 0
 Read Bytes                     : 0
 Write Bytes                    : 0
 Block Read Bytes               : 0
 Block Write Bytes              : 0
[===============================================]

[===============================================]
Result of node_idx 20 in node_object 0: Multiply (ND)

-- Elapsed Time Analysis --
 Wall-clock Time                      : 97 us
 - Non I/O Handling Time (Estimated)  : 97 us
 - I/O Handling Time                  : 0 us
        - Read Syscall                : 0 us
        - Write Syscall               : 0 us
        - Page Fault                  : 0 us
        - io_uring                    : 0 us

-- I/O Counts --
 Read Syscall Count                   : 0
 Write Syscall Count                  : 0
 Block I/O Count                      : 0
 io_uring Completion Count            : 0

-- Total I/O Time (block device) --
 Total Block I/O Time           : 0

-- Page Faults & Bytes --
 Page Fault Count               : 0
 Read Bytes                     : 0
 Write Bytes                    : 0
 Block Read Bytes               : 0
 Block Write Bytes              : 0
[===============================================]

[===============================================]
Result of node_idx 21 in node_object 0: Multiply (ND)

-- Elapsed Time Analysis --
 Wall-clock Time                      : 87 us
 - Non I/O Handling Time (Estimated)  : 87 us
 - I/O Handling Time                  : 0 us
        - Read Syscall                : 0 us
        - Write Syscall               : 0 us
        - Page Fault                  : 0 us
        - io_uring                    : 0 us

-- I/O Counts --
 Read Syscall Count                   : 0
 Write Syscall Count                  : 0
 Block I/O Count                      : 0
 io_uring Completion Count            : 0

-- Total I/O Time (block device) --
 Total Block I/O Time           : 0

-- Page Faults & Bytes --
 Page Fault Count               : 0
 Read Bytes                     : 0
 Write Bytes                    : 0
 Block Read Bytes               : 0
 Block Write Bytes              : 0
[===============================================]

[===============================================]
Result of node_idx 22 in node_object 0: Subtract (ND)

-- Elapsed Time Analysis --
 Wall-clock Time                      : 103 us
 - Non I/O Handling Time (Estimated)  : 103 us
 - I/O Handling Time                  : 0 us
        - Read Syscall                : 0 us
        - Write Syscall               : 0 us
        - Page Fault                  : 0 us
        - io_uring                    : 0 us

-- I/O Counts --
 Read Syscall Count                   : 0
 Write Syscall Count                  : 0
 Block I/O Count                      : 0
 io_uring Completion Count            : 0

-- Total I/O Time (block device) --
 Total Block I/O Time           : 0

-- Page Faults & Bytes --
 Page Fault Count               : 0
 Read Bytes                     : 0
 Write Bytes                    : 0
 Block Read Bytes               : 0
 Block Write Bytes              : 0
[===============================================]

[===============================================]
Result of node_idx 23 in node_object 0: Multiply (ND)

-- Elapsed Time Analysis --
 Wall-clock Time                      : 90 us
 - Non I/O Handling Time (Estimated)  : 90 us
 - I/O Handling Time                  : 0 us
        - Read Syscall                : 0 us
        - Write Syscall               : 0 us
        - Page Fault                  : 0 us
        - io_uring                    : 0 us

-- I/O Counts --
 Read Syscall Count                   : 0
 Write Syscall Count                  : 0
 Block I/O Count                      : 0
 io_uring Completion Count            : 0

-- Total I/O Time (block device) --
 Total Block I/O Time           : 0

-- Page Faults & Bytes --
 Page Fault Count               : 0
 Read Bytes                     : 0
 Write Bytes                    : 0
 Block Read Bytes               : 0
 Block Write Bytes              : 0
[===============================================]

[===============================================]
Result of node_idx 24 in node_object 0: Multiply (ND)

-- Elapsed Time Analysis --
 Wall-clock Time                      : 79 us
 - Non I/O Handling Time (Estimated)  : 79 us
 - I/O Handling Time                  : 0 us
        - Read Syscall                : 0 us
        - Write Syscall               : 0 us
        - Page Fault                  : 0 us
        - io_uring                    : 0 us

-- I/O Counts --
 Read Syscall Count                   : 0
 Write Syscall Count                  : 0
 Block I/O Count                      : 0
 io_uring Completion Count            : 0

-- Total I/O Time (block device) --
 Total Block I/O Time           : 0

-- Page Faults & Bytes --
 Page Fault Count               : 0
 Read Bytes                     : 0
 Write Bytes                    : 0
 Block Read Bytes               : 0
 Block Write Bytes              : 0
[===============================================]

[===============================================]
Result of node_idx 25 in node_object 0: Add (ND)

-- Elapsed Time Analysis --
 Wall-clock Time                      : 73 us
 - Non I/O Handling Time (Estimated)  : 73 us
 - I/O Handling Time                  : 0 us
        - Read Syscall                : 0 us
        - Write Syscall               : 0 us
        - Page Fault                  : 0 us
        - io_uring                    : 0 us

-- I/O Counts --
 Read Syscall Count                   : 0
 Write Syscall Count                  : 0
 Block I/O Count                      : 0
 io_uring Completion Count            : 0

-- Total I/O Time (block device) --
 Total Block I/O Time           : 0

-- Page Faults & Bytes --
 Page Fault Count               : 0
 Read Bytes                     : 0
 Write Bytes                    : 0
 Block Read Bytes               : 0
 Block Write Bytes              : 0
[===============================================]

[===============================================]
Result of node_idx 26 in node_object 0: Copy (NC, X32)

-- Elapsed Time Analysis --
 Wall-clock Time                      : 82 us
 - Non I/O Handling Time (Estimated)  : 82 us
 - I/O Handling Time                  : 0 us
        - Read Syscall                : 0 us
        - Write Syscall               : 0 us
        - Page Fault                  : 0 us
        - io_uring                    : 0 us

-- I/O Counts --
 Read Syscall Count                   : 0
 Write Syscall Count                  : 0
 Block I/O Count                      : 0
 io_uring Completion Count            : 0

-- Total I/O Time (block device) --
 Total Block I/O Time           : 0

-- Page Faults & Bytes --
 Page Fault Count               : 0
 Read Bytes                     : 0
 Write Bytes                    : 0
 Block Read Bytes               : 0
 Block Write Bytes              : 0
[===============================================]

[===============================================]
Result of node_idx 26 in node_object 1: Copy (NC, X32)

-- Elapsed Time Analysis --
 Wall-clock Time                      : 83 us
 - Non I/O Handling Time (Estimated)  : 83 us
 - I/O Handling Time                  : 0 us
        - Read Syscall                : 0 us
        - Write Syscall               : 0 us
        - Page Fault                  : 0 us
        - io_uring                    : 0 us

-- I/O Counts --
 Read Syscall Count                   : 0
 Write Syscall Count                  : 0
 Block I/O Count                      : 0
 io_uring Completion Count            : 0

-- Total I/O Time (block device) --
 Total Block I/O Time           : 0

-- Page Faults & Bytes --
 Page Fault Count               : 0
 Read Bytes                     : 0
 Write Bytes                    : 0
 Block Read Bytes               : 0
 Block Write Bytes              : 0
[===============================================]

[===============================================]
Result of node_idx 27 in node_object 0: Transpose (ND, X32)

-- Elapsed Time Analysis --
 Wall-clock Time                      : 3 us
 - Non I/O Handling Time (Estimated)  : 3 us
 - I/O Handling Time                  : 0 us
        - Read Syscall                : 0 us
        - Write Syscall               : 0 us
        - Page Fault                  : 0 us
        - io_uring                    : 0 us

-- I/O Counts --
 Read Syscall Count                   : 0
 Write Syscall Count                  : 0
 Block I/O Count                      : 0
 io_uring Completion Count            : 0

-- Total I/O Time (block device) --
 Total Block I/O Time           : 0

-- Page Faults & Bytes --
 Page Fault Count               : 0
 Read Bytes                     : 0
 Write Bytes                    : 0
 Block Read Bytes               : 0
 Block Write Bytes              : 0
[===============================================]

[===============================================]
Result of node_idx 0 in node_object 0: Multiply (ND)

-- Elapsed Time Analysis --
 Wall-clock Time                      : 88 us
 - Non I/O Handling Time (Estimated)  : 88 us
 - I/O Handling Time                  : 0 us
        - Read Syscall                : 0 us
        - Write Syscall               : 0 us
        - Page Fault                  : 0 us
        - io_uring                    : 0 us

-- I/O Counts --
 Read Syscall Count                   : 0
 Write Syscall Count                  : 0
 Block I/O Count                      : 0
 io_uring Completion Count            : 0

-- Total I/O Time (block device) --
 Total Block I/O Time           : 0

-- Page Faults & Bytes --
 Page Fault Count               : 0
 Read Bytes                     : 0
 Write Bytes                    : 0
 Block Read Bytes               : 0
 Block Write Bytes              : 0
[===============================================]

[===============================================]
Result of node_idx 1 in node_object 0: Transpose (ND, X32)

-- Elapsed Time Analysis --
 Wall-clock Time                      : 4 us
 - Non I/O Handling Time (Estimated)  : 4 us
 - I/O Handling Time                  : 0 us
        - Read Syscall                : 0 us
        - Write Syscall               : 0 us
        - Page Fault                  : 0 us
        - io_uring                    : 0 us

-- I/O Counts --
 Read Syscall Count                   : 0
 Write Syscall Count                  : 0
 Block I/O Count                      : 0
 io_uring Completion Count            : 0

-- Total I/O Time (block device) --
 Total Block I/O Time           : 0

-- Page Faults & Bytes --
 Page Fault Count               : 0
 Read Bytes                     : 0
 Write Bytes                    : 0
 Block Read Bytes               : 0
 Block Write Bytes              : 0
[===============================================]

[===============================================]
Result of node_idx 2 in node_object 0: Transpose (ND, X32)

-- Elapsed Time Analysis --
 Wall-clock Time                      : 89 us
 - Non I/O Handling Time (Estimated)  : 89 us
 - I/O Handling Time                  : 0 us
        - Read Syscall                : 0 us
        - Write Syscall               : 0 us
        - Page Fault                  : 0 us
        - io_uring                    : 0 us

-- I/O Counts --
 Read Syscall Count                   : 0
 Write Syscall Count                  : 0
 Block I/O Count                      : 0
 io_uring Completion Count            : 0

-- Total I/O Time (block device) --
 Total Block I/O Time           : 0

-- Page Faults & Bytes --
 Page Fault Count               : 0
 Read Bytes                     : 0
 Write Bytes                    : 0
 Block Read Bytes               : 0
 Block Write Bytes              : 0
[===============================================]

[===============================================]
Result of node_idx 3 in node_object 0: Static Reshape (NC)

-- Elapsed Time Analysis --
 Wall-clock Time                      : 3 us
 - Non I/O Handling Time (Estimated)  : 3 us
 - I/O Handling Time                  : 0 us
        - Read Syscall                : 0 us
        - Write Syscall               : 0 us
        - Page Fault                  : 0 us
        - io_uring                    : 0 us

-- I/O Counts --
 Read Syscall Count                   : 0
 Write Syscall Count                  : 0
 Block I/O Count                      : 0
 io_uring Completion Count            : 0

-- Total I/O Time (block device) --
 Total Block I/O Time           : 0

-- Page Faults & Bytes --
 Page Fault Count               : 0
 Read Bytes                     : 0
 Write Bytes                    : 0
 Block Read Bytes               : 0
 Block Write Bytes              : 0
[===============================================]

[===============================================]
Result of node_idx 4 in node_object 0: Static Reshape (NC)

-- Elapsed Time Analysis --
 Wall-clock Time                      : 3 us
 - Non I/O Handling Time (Estimated)  : 3 us
 - I/O Handling Time                  : 0 us
        - Read Syscall                : 0 us
        - Write Syscall               : 0 us
        - Page Fault                  : 0 us
        - io_uring                    : 0 us

-- I/O Counts --
 Read Syscall Count                   : 0
 Write Syscall Count                  : 0
 Block I/O Count                      : 0
 io_uring Completion Count            : 0

-- Total I/O Time (block device) --
 Total Block I/O Time           : 0

-- Page Faults & Bytes --
 Page Fault Count               : 0
 Read Bytes                     : 0
 Write Bytes                    : 0
 Block Read Bytes               : 0
 Block Write Bytes              : 0
[===============================================]

[===============================================]
Result of node_idx 5 in node_object 0: Batch Matrix Multiply (NC, F32)

-- Elapsed Time Analysis --
 Wall-clock Time                      : 207 us
 - Non I/O Handling Time (Estimated)  : 207 us
 - I/O Handling Time                  : 0 us
        - Read Syscall                : 0 us
        - Write Syscall               : 0 us
        - Page Fault                  : 0 us
        - io_uring                    : 0 us

-- I/O Counts --
 Read Syscall Count                   : 0
 Write Syscall Count                  : 0
 Block I/O Count                      : 0
 io_uring Completion Count            : 0

-- Total I/O Time (block device) --
 Total Block I/O Time           : 0

-- Page Faults & Bytes --
 Page Fault Count               : 0
 Read Bytes                     : 0
 Write Bytes                    : 0
 Block Read Bytes               : 0
 Block Write Bytes              : 0
[===============================================]

[===============================================]
Result of node_idx 6 in node_object 0: Static Reshape (NC)

-- Elapsed Time Analysis --
 Wall-clock Time                      : 2 us
 - Non I/O Handling Time (Estimated)  : 2 us
 - I/O Handling Time                  : 0 us
        - Read Syscall                : 0 us
        - Write Syscall               : 0 us
        - Page Fault                  : 0 us
        - io_uring                    : 0 us

-- I/O Counts --
 Read Syscall Count                   : 0
 Write Syscall Count                  : 0
 Block I/O Count                      : 0
 io_uring Completion Count            : 0

-- Total I/O Time (block device) --
 Total Block I/O Time           : 0

-- Page Faults & Bytes --
 Page Fault Count               : 0
 Read Bytes                     : 0
 Write Bytes                    : 0
 Block Read Bytes               : 0
 Block Write Bytes              : 0
[===============================================]

[===============================================]
Result of node_idx 7 in node_object 0: Add (ND)

-- Elapsed Time Analysis --
 Wall-clock Time                      : 85 us
 - Non I/O Handling Time (Estimated)  : 85 us
 - I/O Handling Time                  : 0 us
        - Read Syscall                : 0 us
        - Write Syscall               : 0 us
        - Page Fault                  : 0 us
        - io_uring                    : 0 us

-- I/O Counts --
 Read Syscall Count                   : 0
 Write Syscall Count                  : 0
 Block I/O Count                      : 0
 io_uring Completion Count            : 0

-- Total I/O Time (block device) --
 Total Block I/O Time           : 0

-- Page Faults & Bytes --
 Page Fault Count               : 0
 Read Bytes                     : 0
 Write Bytes                    : 0
 Block Read Bytes               : 0
 Block Write Bytes              : 0
[===============================================]

[===============================================]
Result of node_idx 8 in node_object 0: Softmax (NC, F32)

-- Elapsed Time Analysis --
 Wall-clock Time                      : 101 us
 - Non I/O Handling Time (Estimated)  : 101 us
 - I/O Handling Time                  : 0 us
        - Read Syscall                : 0 us
        - Write Syscall               : 0 us
        - Page Fault                  : 0 us
        - io_uring                    : 0 us

-- I/O Counts --
 Read Syscall Count                   : 0
 Write Syscall Count                  : 0
 Block I/O Count                      : 0
 io_uring Completion Count            : 0

-- Total I/O Time (block device) --
 Total Block I/O Time           : 0

-- Page Faults & Bytes --
 Page Fault Count               : 0
 Read Bytes                     : 0
 Write Bytes                    : 0
 Block Read Bytes               : 0
 Block Write Bytes              : 0
[===============================================]

[===============================================]
Result of node_idx 9 in node_object 0: Transpose (ND, X32)

-- Elapsed Time Analysis --
 Wall-clock Time                      : 114 us
 - Non I/O Handling Time (Estimated)  : 114 us
 - I/O Handling Time                  : 0 us
        - Read Syscall                : 0 us
        - Write Syscall               : 0 us
        - Page Fault                  : 0 us
        - io_uring                    : 0 us

-- I/O Counts --
 Read Syscall Count                   : 0
 Write Syscall Count                  : 0
 Block I/O Count                      : 0
 io_uring Completion Count            : 0

-- Total I/O Time (block device) --
 Total Block I/O Time           : 0

-- Page Faults & Bytes --
 Page Fault Count               : 0
 Read Bytes                     : 0
 Write Bytes                    : 0
 Block Read Bytes               : 0
 Block Write Bytes              : 0
[===============================================]

[===============================================]
Result of node_idx 10 in node_object 0: Static Reshape (NC)

-- Elapsed Time Analysis --
 Wall-clock Time                      : 2 us
 - Non I/O Handling Time (Estimated)  : 2 us
 - I/O Handling Time                  : 0 us
        - Read Syscall                : 0 us
        - Write Syscall               : 0 us
        - Page Fault                  : 0 us
        - io_uring                    : 0 us

-- I/O Counts --
 Read Syscall Count                   : 0
 Write Syscall Count                  : 0
 Block I/O Count                      : 0
 io_uring Completion Count            : 0

-- Total I/O Time (block device) --
 Total Block I/O Time           : 0

-- Page Faults & Bytes --
 Page Fault Count               : 0
 Read Bytes                     : 0
 Write Bytes                    : 0
 Block Read Bytes               : 0
 Block Write Bytes              : 0
[===============================================]

[===============================================]
Result of node_idx 11 in node_object 0: Static Reshape (NC)

-- Elapsed Time Analysis --
 Wall-clock Time                      : 2 us
 - Non I/O Handling Time (Estimated)  : 2 us
 - I/O Handling Time                  : 0 us
        - Read Syscall                : 0 us
        - Write Syscall               : 0 us
        - Page Fault                  : 0 us
        - io_uring                    : 0 us

-- I/O Counts --
 Read Syscall Count                   : 0
 Write Syscall Count                  : 0
 Block I/O Count                      : 0
 io_uring Completion Count            : 0

-- Total I/O Time (block device) --
 Total Block I/O Time           : 0

-- Page Faults & Bytes --
 Page Fault Count               : 0
 Read Bytes                     : 0
 Write Bytes                    : 0
 Block Read Bytes               : 0
 Block Write Bytes              : 0
[===============================================]

[===============================================]
Result of node_idx 12 in node_object 0: Batch Matrix Multiply (NC, F32)

-- Elapsed Time Analysis --
 Wall-clock Time                      : 230 us
 - Non I/O Handling Time (Estimated)  : 230 us
 - I/O Handling Time                  : 0 us
        - Read Syscall                : 0 us
        - Write Syscall               : 0 us
        - Page Fault                  : 0 us
        - io_uring                    : 0 us

-- I/O Counts --
 Read Syscall Count                   : 0
 Write Syscall Count                  : 0
 Block I/O Count                      : 0
 io_uring Completion Count            : 0

-- Total I/O Time (block device) --
 Total Block I/O Time           : 0

-- Page Faults & Bytes --
 Page Fault Count               : 0
 Read Bytes                     : 0
 Write Bytes                    : 0
 Block Read Bytes               : 0
 Block Write Bytes              : 0
[===============================================]

[===============================================]
Result of node_idx 13 in node_object 0: Static Reshape (NC)

-- Elapsed Time Analysis --
 Wall-clock Time                      : 2 us
 - Non I/O Handling Time (Estimated)  : 2 us
 - I/O Handling Time                  : 0 us
        - Read Syscall                : 0 us
        - Write Syscall               : 0 us
        - Page Fault                  : 0 us
        - io_uring                    : 0 us

-- I/O Counts --
 Read Syscall Count                   : 0
 Write Syscall Count                  : 0
 Block I/O Count                      : 0
 io_uring Completion Count            : 0

-- Total I/O Time (block device) --
 Total Block I/O Time           : 0

-- Page Faults & Bytes --
 Page Fault Count               : 0
 Read Bytes                     : 0
 Write Bytes                    : 0
 Block Read Bytes               : 0
 Block Write Bytes              : 0
[===============================================]

[===============================================]
Result of node_idx 14 in node_object 0: Transpose (ND, X32)

-- Elapsed Time Analysis --
 Wall-clock Time                      : 4 us
 - Non I/O Handling Time (Estimated)  : 4 us
 - I/O Handling Time                  : 0 us
        - Read Syscall                : 0 us
        - Write Syscall               : 0 us
        - Page Fault                  : 0 us
        - io_uring                    : 0 us

-- I/O Counts --
 Read Syscall Count                   : 0
 Write Syscall Count                  : 0
 Block I/O Count                      : 0
 io_uring Completion Count            : 0

-- Total I/O Time (block device) --
 Total Block I/O Time           : 0

-- Page Faults & Bytes --
 Page Fault Count               : 0
 Read Bytes                     : 0
 Write Bytes                    : 0
 Block Read Bytes               : 0
 Block Write Bytes              : 0
[===============================================]

[===============================================]
Result of node_idx 15 in node_object 0: Static Reshape (NC)

-- Elapsed Time Analysis --
 Wall-clock Time                      : 2 us
 - Non I/O Handling Time (Estimated)  : 2 us
 - I/O Handling Time                  : 0 us
        - Read Syscall                : 0 us
        - Write Syscall               : 0 us
        - Page Fault                  : 0 us
        - io_uring                    : 0 us

-- I/O Counts --
 Read Syscall Count                   : 0
 Write Syscall Count                  : 0
 Block I/O Count                      : 0
 io_uring Completion Count            : 0

-- Total I/O Time (block device) --
 Total Block I/O Time           : 0

-- Page Faults & Bytes --
 Page Fault Count               : 0
 Read Bytes                     : 0
 Write Bytes                    : 0
 Block Read Bytes               : 0
 Block Write Bytes              : 0
[===============================================]

[===============================================]
Result of node_idx 16 in node_object 0: Fully Connected (NC, QDU8, F32, QC8W)

-- Elapsed Time Analysis --
 Wall-clock Time                      : 566 us
 - Non I/O Handling Time (Estimated)  : 96 us
 - I/O Handling Time                  : 470 us
        - Read Syscall                : 0 us
        - Write Syscall               : 0 us
        - Page Fault                  : 470 us
        - io_uring                    : 0 us

-- I/O Counts --
 Read Syscall Count                   : 0
 Write Syscall Count                  : 0
 Block I/O Count                      : 2
 io_uring Completion Count            : 0

-- Total I/O Time (block device) --
 Total Block I/O Time           : 793

-- Page Faults & Bytes --
 Page Fault Count               : 2
 Read Bytes                     : 0
 Write Bytes                    : 0
 Block Read Bytes               : 61440
 Block Write Bytes              : 0
[===============================================]

[===============================================]
Result of node_idx 17 in node_object 0: Add (ND)

-- Elapsed Time Analysis --
 Wall-clock Time                      : 16 us
 - Non I/O Handling Time (Estimated)  : 16 us
 - I/O Handling Time                  : 0 us
        - Read Syscall                : 0 us
        - Write Syscall               : 0 us
        - Page Fault                  : 0 us
        - io_uring                    : 0 us

-- I/O Counts --
 Read Syscall Count                   : 0
 Write Syscall Count                  : 0
 Block I/O Count                      : 0
 io_uring Completion Count            : 0

-- Total I/O Time (block device) --
 Total Block I/O Time           : 0

-- Page Faults & Bytes --
 Page Fault Count               : 0
 Read Bytes                     : 0
 Write Bytes                    : 0
 Block Read Bytes               : 0
 Block Write Bytes              : 0
[===============================================]

[===============================================]
Result of node_idx 0 in node_object 0: Multiply (ND)

-- Elapsed Time Analysis --
 Wall-clock Time                      : 104 us
 - Non I/O Handling Time (Estimated)  : 104 us
 - I/O Handling Time                  : 0 us
        - Read Syscall                : 0 us
        - Write Syscall               : 0 us
        - Page Fault                  : 0 us
        - io_uring                    : 0 us

-- I/O Counts --
 Read Syscall Count                   : 0
 Write Syscall Count                  : 0
 Block I/O Count                      : 0
 io_uring Completion Count            : 0

-- Total I/O Time (block device) --
 Total Block I/O Time           : 0

-- Page Faults & Bytes --
 Page Fault Count               : 0
 Read Bytes                     : 0
 Write Bytes                    : 0
 Block Read Bytes               : 0
 Block Write Bytes              : 0
[===============================================]

[===============================================]
Result of node_idx 1 in node_object 0: Sum (ND)

-- Elapsed Time Analysis --
 Wall-clock Time                      : 86 us
 - Non I/O Handling Time (Estimated)  : 86 us
 - I/O Handling Time                  : 0 us
        - Read Syscall                : 0 us
        - Write Syscall               : 0 us
        - Page Fault                  : 0 us
        - io_uring                    : 0 us

-- I/O Counts --
 Read Syscall Count                   : 0
 Write Syscall Count                  : 0
 Block I/O Count                      : 0
 io_uring Completion Count            : 0

-- Total I/O Time (block device) --
 Total Block I/O Time           : 0

-- Page Faults & Bytes --
 Page Fault Count               : 0
 Read Bytes                     : 0
 Write Bytes                    : 0
 Block Read Bytes               : 0
 Block Write Bytes              : 0
[===============================================]

[===============================================]
Result of node_idx 2 in node_object 0: Multiply (ND)

-- Elapsed Time Analysis --
 Wall-clock Time                      : 3 us
 - Non I/O Handling Time (Estimated)  : 3 us
 - I/O Handling Time                  : 0 us
        - Read Syscall                : 0 us
        - Write Syscall               : 0 us
        - Page Fault                  : 0 us
        - io_uring                    : 0 us

-- I/O Counts --
 Read Syscall Count                   : 0
 Write Syscall Count                  : 0
 Block I/O Count                      : 0
 io_uring Completion Count            : 0

-- Total I/O Time (block device) --
 Total Block I/O Time           : 0

-- Page Faults & Bytes --
 Page Fault Count               : 0
 Read Bytes                     : 0
 Write Bytes                    : 0
 Block Read Bytes               : 0
 Block Write Bytes              : 0
[===============================================]

[===============================================]
Result of node_idx 3 in node_object 0: Add (ND)

-- Elapsed Time Analysis --
 Wall-clock Time                      : 3 us
 - Non I/O Handling Time (Estimated)  : 3 us
 - I/O Handling Time                  : 0 us
        - Read Syscall                : 0 us
        - Write Syscall               : 0 us
        - Page Fault                  : 0 us
        - io_uring                    : 0 us

-- I/O Counts --
 Read Syscall Count                   : 0
 Write Syscall Count                  : 0
 Block I/O Count                      : 0
 io_uring Completion Count            : 0

-- Total I/O Time (block device) --
 Total Block I/O Time           : 0

-- Page Faults & Bytes --
 Page Fault Count               : 0
 Read Bytes                     : 0
 Write Bytes                    : 0
 Block Read Bytes               : 0
 Block Write Bytes              : 0
[===============================================]

[===============================================]
Result of node_idx 4 in node_object 0: Static Reshape (NC)

-- Elapsed Time Analysis --
 Wall-clock Time                      : 2 us
 - Non I/O Handling Time (Estimated)  : 2 us
 - I/O Handling Time                  : 0 us
        - Read Syscall                : 0 us
        - Write Syscall               : 0 us
        - Page Fault                  : 0 us
        - io_uring                    : 0 us

-- I/O Counts --
 Read Syscall Count                   : 0
 Write Syscall Count                  : 0
 Block I/O Count                      : 0
 io_uring Completion Count            : 0

-- Total I/O Time (block device) --
 Total Block I/O Time           : 0

-- Page Faults & Bytes --
 Page Fault Count               : 0
 Read Bytes                     : 0
 Write Bytes                    : 0
 Block Read Bytes               : 0
 Block Write Bytes              : 0
[===============================================]

[===============================================]
Result of node_idx 5 in node_object 0: Reciprocal Square Root (NC)

-- Elapsed Time Analysis --
 Wall-clock Time                      : 3 us
 - Non I/O Handling Time (Estimated)  : 3 us
 - I/O Handling Time                  : 0 us
        - Read Syscall                : 0 us
        - Write Syscall               : 0 us
        - Page Fault                  : 0 us
        - io_uring                    : 0 us

-- I/O Counts --
 Read Syscall Count                   : 0
 Write Syscall Count                  : 0
 Block I/O Count                      : 0
 io_uring Completion Count            : 0

-- Total I/O Time (block device) --
 Total Block I/O Time           : 0

-- Page Faults & Bytes --
 Page Fault Count               : 0
 Read Bytes                     : 0
 Write Bytes                    : 0
 Block Read Bytes               : 0
 Block Write Bytes              : 0
[===============================================]

[===============================================]
Result of node_idx 6 in node_object 0: Multiply (ND)

-- Elapsed Time Analysis --
 Wall-clock Time                      : 99 us
 - Non I/O Handling Time (Estimated)  : 99 us
 - I/O Handling Time                  : 0 us
        - Read Syscall                : 0 us
        - Write Syscall               : 0 us
        - Page Fault                  : 0 us
        - io_uring                    : 0 us

-- I/O Counts --
 Read Syscall Count                   : 0
 Write Syscall Count                  : 0
 Block I/O Count                      : 0
 io_uring Completion Count            : 0

-- Total I/O Time (block device) --
 Total Block I/O Time           : 0

-- Page Faults & Bytes --
 Page Fault Count               : 0
 Read Bytes                     : 0
 Write Bytes                    : 0
 Block Read Bytes               : 0
 Block Write Bytes              : 0
[===============================================]

[===============================================]
Result of node_idx 7 in node_object 0: Multiply (ND)

-- Elapsed Time Analysis --
 Wall-clock Time                      : 13 us
 - Non I/O Handling Time (Estimated)  : 13 us
 - I/O Handling Time                  : 0 us
        - Read Syscall                : 0 us
        - Write Syscall               : 0 us
        - Page Fault                  : 0 us
        - io_uring                    : 0 us

-- I/O Counts --
 Read Syscall Count                   : 0
 Write Syscall Count                  : 0
 Block I/O Count                      : 0
 io_uring Completion Count            : 0

-- Total I/O Time (block device) --
 Total Block I/O Time           : 0

-- Page Faults & Bytes --
 Page Fault Count               : 0
 Read Bytes                     : 0
 Write Bytes                    : 0
 Block Read Bytes               : 0
 Block Write Bytes              : 0
[===============================================]

[===============================================]
Result of node_idx 0 in node_object 0: Fully Connected (NC, QDU8, F32, QC8W)

-- Elapsed Time Analysis --
 Wall-clock Time                      : 939 us
 - Non I/O Handling Time (Estimated)  : 131 us
 - I/O Handling Time                  : 808 us
        - Read Syscall                : 0 us
        - Write Syscall               : 0 us
        - Page Fault                  : 808 us
        - io_uring                    : 0 us

-- I/O Counts --
 Read Syscall Count                   : 0
 Write Syscall Count                  : 0
 Block I/O Count                      : 2
 io_uring Completion Count            : 0

-- Total I/O Time (block device) --
 Total Block I/O Time           : 411

-- Page Faults & Bytes --
 Page Fault Count               : 8
 Read Bytes                     : 0
 Write Bytes                    : 0
 Block Read Bytes               : 147456
 Block Write Bytes              : 0
[===============================================]

[===============================================]
Result of node_idx 1 in node_object 0: Sigmoid (NC)

-- Elapsed Time Analysis --
 Wall-clock Time                      : 84 us
 - Non I/O Handling Time (Estimated)  : 84 us
 - I/O Handling Time                  : 0 us
        - Read Syscall                : 0 us
        - Write Syscall               : 0 us
        - Page Fault                  : 0 us
        - io_uring                    : 0 us

-- I/O Counts --
 Read Syscall Count                   : 0
 Write Syscall Count                  : 0
 Block I/O Count                      : 0
 io_uring Completion Count            : 0

-- Total I/O Time (block device) --
 Total Block I/O Time           : 0

-- Page Faults & Bytes --
 Page Fault Count               : 0
 Read Bytes                     : 0
 Write Bytes                    : 0
 Block Read Bytes               : 0
 Block Write Bytes              : 0
[===============================================]

[===============================================]
Result of node_idx 2 in node_object 0: Multiply (ND)

-- Elapsed Time Analysis --
 Wall-clock Time                      : 104 us
 - Non I/O Handling Time (Estimated)  : 104 us
 - I/O Handling Time                  : 0 us
        - Read Syscall                : 0 us
        - Write Syscall               : 0 us
        - Page Fault                  : 0 us
        - io_uring                    : 0 us

-- I/O Counts --
 Read Syscall Count                   : 0
 Write Syscall Count                  : 0
 Block I/O Count                      : 0
 io_uring Completion Count            : 0

-- Total I/O Time (block device) --
 Total Block I/O Time           : 0

-- Page Faults & Bytes --
 Page Fault Count               : 0
 Read Bytes                     : 0
 Write Bytes                    : 0
 Block Read Bytes               : 0
 Block Write Bytes              : 0
[===============================================]

[===============================================]
Result of node_idx 3 in node_object 0: Fully Connected (NC, QDU8, F32, QC8W)

-- Elapsed Time Analysis --
 Wall-clock Time                      : 1014 us
 - Non I/O Handling Time (Estimated)  : 241 us
 - I/O Handling Time                  : 773 us
        - Read Syscall                : 0 us
        - Write Syscall               : 0 us
        - Page Fault                  : 773 us
        - io_uring                    : 0 us

-- I/O Counts --
 Read Syscall Count                   : 0
 Write Syscall Count                  : 0
 Block I/O Count                      : 1
 io_uring Completion Count            : 0

-- Total I/O Time (block device) --
 Total Block I/O Time           : 411

-- Page Faults & Bytes --
 Page Fault Count               : 6
 Read Bytes                     : 0
 Write Bytes                    : 0
 Block Read Bytes               : 131072
 Block Write Bytes              : 0
[===============================================]

[===============================================]
Result of node_idx 4 in node_object 0: Multiply (ND)

-- Elapsed Time Analysis --
 Wall-clock Time                      : 92 us
 - Non I/O Handling Time (Estimated)  : 92 us
 - I/O Handling Time                  : 0 us
        - Read Syscall                : 0 us
        - Write Syscall               : 0 us
        - Page Fault                  : 0 us
        - io_uring                    : 0 us

-- I/O Counts --
 Read Syscall Count                   : 0
 Write Syscall Count                  : 0
 Block I/O Count                      : 0
 io_uring Completion Count            : 0

-- Total I/O Time (block device) --
 Total Block I/O Time           : 0

-- Page Faults & Bytes --
 Page Fault Count               : 0
 Read Bytes                     : 0
 Write Bytes                    : 0
 Block Read Bytes               : 0
 Block Write Bytes              : 0
[===============================================]

[===============================================]
Result of node_idx 5 in node_object 0: Fully Connected (NC, QDU8, F32, QC8W)

-- Elapsed Time Analysis --
 Wall-clock Time                      : 942 us
 - Non I/O Handling Time (Estimated)  : 126 us
 - I/O Handling Time                  : 816 us
        - Read Syscall                : 0 us
        - Write Syscall               : 0 us
        - Page Fault                  : 816 us
        - io_uring                    : 0 us

-- I/O Counts --
 Read Syscall Count                   : 0
 Write Syscall Count                  : 0
 Block I/O Count                      : 1
 io_uring Completion Count            : 0

-- Total I/O Time (block device) --
 Total Block I/O Time           : 610

-- Page Faults & Bytes --
 Page Fault Count               : 4
 Read Bytes                     : 0
 Write Bytes                    : 0
 Block Read Bytes               : 53248
 Block Write Bytes              : 0
[===============================================]

[===============================================]
Result of node_idx 6 in node_object 0: Add (ND)

-- Elapsed Time Analysis --
 Wall-clock Time                      : 26 us
 - Non I/O Handling Time (Estimated)  : 26 us
 - I/O Handling Time                  : 0 us
        - Read Syscall                : 0 us
        - Write Syscall               : 0 us
        - Page Fault                  : 0 us
        - io_uring                    : 0 us

-- I/O Counts --
 Read Syscall Count                   : 0
 Write Syscall Count                  : 0
 Block I/O Count                      : 0
 io_uring Completion Count            : 0

-- Total I/O Time (block device) --
 Total Block I/O Time           : 0

-- Page Faults & Bytes --
 Page Fault Count               : 0
 Read Bytes                     : 0
 Write Bytes                    : 0
 Block Read Bytes               : 0
 Block Write Bytes              : 0
[===============================================]

[===============================================]
Result of node_idx 0 in node_object 0: Multiply (ND)

-- Elapsed Time Analysis --
 Wall-clock Time                      : 90 us
 - Non I/O Handling Time (Estimated)  : 90 us
 - I/O Handling Time                  : 0 us
        - Read Syscall                : 0 us
        - Write Syscall               : 0 us
        - Page Fault                  : 0 us
        - io_uring                    : 0 us

-- I/O Counts --
 Read Syscall Count                   : 0
 Write Syscall Count                  : 0
 Block I/O Count                      : 0
 io_uring Completion Count            : 0

-- Total I/O Time (block device) --
 Total Block I/O Time           : 0

-- Page Faults & Bytes --
 Page Fault Count               : 0
 Read Bytes                     : 0
 Write Bytes                    : 0
 Block Read Bytes               : 0
 Block Write Bytes              : 0
[===============================================]

[===============================================]
Result of node_idx 1 in node_object 0: Sum (ND)

-- Elapsed Time Analysis --
 Wall-clock Time                      : 112 us
 - Non I/O Handling Time (Estimated)  : 112 us
 - I/O Handling Time                  : 0 us
        - Read Syscall                : 0 us
        - Write Syscall               : 0 us
        - Page Fault                  : 0 us
        - io_uring                    : 0 us

-- I/O Counts --
 Read Syscall Count                   : 0
 Write Syscall Count                  : 0
 Block I/O Count                      : 0
 io_uring Completion Count            : 0

-- Total I/O Time (block device) --
 Total Block I/O Time           : 0

-- Page Faults & Bytes --
 Page Fault Count               : 0
 Read Bytes                     : 0
 Write Bytes                    : 0
 Block Read Bytes               : 0
 Block Write Bytes              : 0
[===============================================]

[===============================================]
Result of node_idx 2 in node_object 0: Multiply (ND)

-- Elapsed Time Analysis --
 Wall-clock Time                      : 4 us
 - Non I/O Handling Time (Estimated)  : 4 us
 - I/O Handling Time                  : 0 us
        - Read Syscall                : 0 us
        - Write Syscall               : 0 us
        - Page Fault                  : 0 us
        - io_uring                    : 0 us

-- I/O Counts --
 Read Syscall Count                   : 0
 Write Syscall Count                  : 0
 Block I/O Count                      : 0
 io_uring Completion Count            : 0

-- Total I/O Time (block device) --
 Total Block I/O Time           : 0

-- Page Faults & Bytes --
 Page Fault Count               : 0
 Read Bytes                     : 0
 Write Bytes                    : 0
 Block Read Bytes               : 0
 Block Write Bytes              : 0
[===============================================]

[===============================================]
Result of node_idx 3 in node_object 0: Add (ND)

-- Elapsed Time Analysis --
 Wall-clock Time                      : 3 us
 - Non I/O Handling Time (Estimated)  : 3 us
 - I/O Handling Time                  : 0 us
        - Read Syscall                : 0 us
        - Write Syscall               : 0 us
        - Page Fault                  : 0 us
        - io_uring                    : 0 us

-- I/O Counts --
 Read Syscall Count                   : 0
 Write Syscall Count                  : 0
 Block I/O Count                      : 0
 io_uring Completion Count            : 0

-- Total I/O Time (block device) --
 Total Block I/O Time           : 0

-- Page Faults & Bytes --
 Page Fault Count               : 0
 Read Bytes                     : 0
 Write Bytes                    : 0
 Block Read Bytes               : 0
 Block Write Bytes              : 0
[===============================================]

[===============================================]
Result of node_idx 4 in node_object 0: Static Reshape (NC)

-- Elapsed Time Analysis --
 Wall-clock Time                      : 3 us
 - Non I/O Handling Time (Estimated)  : 3 us
 - I/O Handling Time                  : 0 us
        - Read Syscall                : 0 us
        - Write Syscall               : 0 us
        - Page Fault                  : 0 us
        - io_uring                    : 0 us

-- I/O Counts --
 Read Syscall Count                   : 0
 Write Syscall Count                  : 0
 Block I/O Count                      : 0
 io_uring Completion Count            : 0

-- Total I/O Time (block device) --
 Total Block I/O Time           : 0

-- Page Faults & Bytes --
 Page Fault Count               : 0
 Read Bytes                     : 0
 Write Bytes                    : 0
 Block Read Bytes               : 0
 Block Write Bytes              : 0
[===============================================]

[===============================================]
Result of node_idx 5 in node_object 0: Reciprocal Square Root (NC)

-- Elapsed Time Analysis --
 Wall-clock Time                      : 3 us
 - Non I/O Handling Time (Estimated)  : 3 us
 - I/O Handling Time                  : 0 us
        - Read Syscall                : 0 us
        - Write Syscall               : 0 us
        - Page Fault                  : 0 us
        - io_uring                    : 0 us

-- I/O Counts --
 Read Syscall Count                   : 0
 Write Syscall Count                  : 0
 Block I/O Count                      : 0
 io_uring Completion Count            : 0

-- Total I/O Time (block device) --
 Total Block I/O Time           : 0

-- Page Faults & Bytes --
 Page Fault Count               : 0
 Read Bytes                     : 0
 Write Bytes                    : 0
 Block Read Bytes               : 0
 Block Write Bytes              : 0
[===============================================]

[===============================================]
Result of node_idx 6 in node_object 0: Multiply (ND)

-- Elapsed Time Analysis --
 Wall-clock Time                      : 98 us
 - Non I/O Handling Time (Estimated)  : 98 us
 - I/O Handling Time                  : 0 us
        - Read Syscall                : 0 us
        - Write Syscall               : 0 us
        - Page Fault                  : 0 us
        - io_uring                    : 0 us

-- I/O Counts --
 Read Syscall Count                   : 0
 Write Syscall Count                  : 0
 Block I/O Count                      : 0
 io_uring Completion Count            : 0

-- Total I/O Time (block device) --
 Total Block I/O Time           : 0

-- Page Faults & Bytes --
 Page Fault Count               : 0
 Read Bytes                     : 0
 Write Bytes                    : 0
 Block Read Bytes               : 0
 Block Write Bytes              : 0
[===============================================]

[===============================================]
Result of node_idx 7 in node_object 0: Multiply (ND)

-- Elapsed Time Analysis --
 Wall-clock Time                      : 14 us
 - Non I/O Handling Time (Estimated)  : 14 us
 - I/O Handling Time                  : 0 us
        - Read Syscall                : 0 us
        - Write Syscall               : 0 us
        - Page Fault                  : 0 us
        - io_uring                    : 0 us

-- I/O Counts --
 Read Syscall Count                   : 0
 Write Syscall Count                  : 0
 Block I/O Count                      : 0
 io_uring Completion Count            : 0

-- Total I/O Time (block device) --
 Total Block I/O Time           : 0

-- Page Faults & Bytes --
 Page Fault Count               : 0
 Read Bytes                     : 0
 Write Bytes                    : 0
 Block Read Bytes               : 0
 Block Write Bytes              : 0
[===============================================]

[===============================================]
Result of node_idx 0 in node_object 0: Fully Connected (NC, QDU8, F32, QC8W)

-- Elapsed Time Analysis --
 Wall-clock Time                      : 720 us
 - Non I/O Handling Time (Estimated)  : 191 us
 - I/O Handling Time                  : 529 us
        - Read Syscall                : 0 us
        - Write Syscall               : 0 us
        - Page Fault                  : 529 us
        - io_uring                    : 0 us

-- I/O Counts --
 Read Syscall Count                   : 0
 Write Syscall Count                  : 0
 Block I/O Count                      : 1
 io_uring Completion Count            : 0

-- Total I/O Time (block device) --
 Total Block I/O Time           : 86

-- Page Faults & Bytes --
 Page Fault Count               : 5
 Read Bytes                     : 0
 Write Bytes                    : 0
 Block Read Bytes               : 20480
 Block Write Bytes              : 0
[===============================================]

[===============================================]
Result of node_idx 1 in node_object 0: Static Reshape (NC)

-- Elapsed Time Analysis --
 Wall-clock Time                      : 92 us
 - Non I/O Handling Time (Estimated)  : 92 us
 - I/O Handling Time                  : 0 us
        - Read Syscall                : 0 us
        - Write Syscall               : 0 us
        - Page Fault                  : 0 us
        - io_uring                    : 0 us

-- I/O Counts --
 Read Syscall Count                   : 0
 Write Syscall Count                  : 0
 Block I/O Count                      : 0
 io_uring Completion Count            : 0

-- Total I/O Time (block device) --
 Total Block I/O Time           : 0

-- Page Faults & Bytes --
 Page Fault Count               : 0
 Read Bytes                     : 0
 Write Bytes                    : 0
 Block Read Bytes               : 0
 Block Write Bytes              : 0
[===============================================]

[===============================================]
Result of node_idx 2 in node_object 0: Slice (ND, X32)

-- Elapsed Time Analysis --
 Wall-clock Time                      : 93 us
 - Non I/O Handling Time (Estimated)  : 93 us
 - I/O Handling Time                  : 0 us
        - Read Syscall                : 0 us
        - Write Syscall               : 0 us
        - Page Fault                  : 0 us
        - io_uring                    : 0 us

-- I/O Counts --
 Read Syscall Count                   : 0
 Write Syscall Count                  : 0
 Block I/O Count                      : 0
 io_uring Completion Count            : 0

-- Total I/O Time (block device) --
 Total Block I/O Time           : 0

-- Page Faults & Bytes --
 Page Fault Count               : 0
 Read Bytes                     : 0
 Write Bytes                    : 0
 Block Read Bytes               : 0
 Block Write Bytes              : 0
[===============================================]

[===============================================]
Result of node_idx 3 in node_object 0: Slice (ND, X32)

-- Elapsed Time Analysis --
 Wall-clock Time                      : 85 us
 - Non I/O Handling Time (Estimated)  : 85 us
 - I/O Handling Time                  : 0 us
        - Read Syscall                : 0 us
        - Write Syscall               : 0 us
        - Page Fault                  : 0 us
        - io_uring                    : 0 us

-- I/O Counts --
 Read Syscall Count                   : 0
 Write Syscall Count                  : 0
 Block I/O Count                      : 0
 io_uring Completion Count            : 0

-- Total I/O Time (block device) --
 Total Block I/O Time           : 0

-- Page Faults & Bytes --
 Page Fault Count               : 0
 Read Bytes                     : 0
 Write Bytes                    : 0
 Block Read Bytes               : 0
 Block Write Bytes              : 0
[===============================================]

[===============================================]
Result of node_idx 4 in node_object 0: Slice (ND, X32)

-- Elapsed Time Analysis --
 Wall-clock Time                      : 100 us
 - Non I/O Handling Time (Estimated)  : 100 us
 - I/O Handling Time                  : 0 us
        - Read Syscall                : 0 us
        - Write Syscall               : 0 us
        - Page Fault                  : 0 us
        - io_uring                    : 0 us

-- I/O Counts --
 Read Syscall Count                   : 0
 Write Syscall Count                  : 0
 Block I/O Count                      : 0
 io_uring Completion Count            : 0

-- Total I/O Time (block device) --
 Total Block I/O Time           : 0

-- Page Faults & Bytes --
 Page Fault Count               : 0
 Read Bytes                     : 0
 Write Bytes                    : 0
 Block Read Bytes               : 0
 Block Write Bytes              : 0
[===============================================]

[===============================================]
Result of node_idx 5 in node_object 0: Static Reshape (NC)

-- Elapsed Time Analysis --
 Wall-clock Time                      : 4 us
 - Non I/O Handling Time (Estimated)  : 4 us
 - I/O Handling Time                  : 0 us
        - Read Syscall                : 0 us
        - Write Syscall               : 0 us
        - Page Fault                  : 0 us
        - io_uring                    : 0 us

-- I/O Counts --
 Read Syscall Count                   : 0
 Write Syscall Count                  : 0
 Block I/O Count                      : 0
 io_uring Completion Count            : 0

-- Total I/O Time (block device) --
 Total Block I/O Time           : 0

-- Page Faults & Bytes --
 Page Fault Count               : 0
 Read Bytes                     : 0
 Write Bytes                    : 0
 Block Read Bytes               : 0
 Block Write Bytes              : 0
[===============================================]

[===============================================]
Result of node_idx 6 in node_object 0: Transpose (ND, X32)

-- Elapsed Time Analysis --
 Wall-clock Time                      : 3 us
 - Non I/O Handling Time (Estimated)  : 3 us
 - I/O Handling Time                  : 0 us
        - Read Syscall                : 0 us
        - Write Syscall               : 0 us
        - Page Fault                  : 0 us
        - io_uring                    : 0 us

-- I/O Counts --
 Read Syscall Count                   : 0
 Write Syscall Count                  : 0
 Block I/O Count                      : 0
 io_uring Completion Count            : 0

-- Total I/O Time (block device) --
 Total Block I/O Time           : 0

-- Page Faults & Bytes --
 Page Fault Count               : 0
 Read Bytes                     : 0
 Write Bytes                    : 0
 Block Read Bytes               : 0
 Block Write Bytes              : 0
[===============================================]

[===============================================]
Result of node_idx 7 in node_object 0: Slice (ND, X32)

-- Elapsed Time Analysis --
 Wall-clock Time                      : 89 us
 - Non I/O Handling Time (Estimated)  : 89 us
 - I/O Handling Time                  : 0 us
        - Read Syscall                : 0 us
        - Write Syscall               : 0 us
        - Page Fault                  : 0 us
        - io_uring                    : 0 us

-- I/O Counts --
 Read Syscall Count                   : 0
 Write Syscall Count                  : 0
 Block I/O Count                      : 0
 io_uring Completion Count            : 0

-- Total I/O Time (block device) --
 Total Block I/O Time           : 0

-- Page Faults & Bytes --
 Page Fault Count               : 0
 Read Bytes                     : 0
 Write Bytes                    : 0
 Block Read Bytes               : 0
 Block Write Bytes              : 0
[===============================================]

[===============================================]
Result of node_idx 8 in node_object 0: Slice (ND, X32)

-- Elapsed Time Analysis --
 Wall-clock Time                      : 105 us
 - Non I/O Handling Time (Estimated)  : 105 us
 - I/O Handling Time                  : 0 us
        - Read Syscall                : 0 us
        - Write Syscall               : 0 us
        - Page Fault                  : 0 us
        - io_uring                    : 0 us

-- I/O Counts --
 Read Syscall Count                   : 0
 Write Syscall Count                  : 0
 Block I/O Count                      : 0
 io_uring Completion Count            : 0

-- Total I/O Time (block device) --
 Total Block I/O Time           : 0

-- Page Faults & Bytes --
 Page Fault Count               : 0
 Read Bytes                     : 0
 Write Bytes                    : 0
 Block Read Bytes               : 0
 Block Write Bytes              : 0
[===============================================]

[===============================================]
Result of node_idx 9 in node_object 0: Multiply (ND)

-- Elapsed Time Analysis --
 Wall-clock Time                      : 92 us
 - Non I/O Handling Time (Estimated)  : 92 us
 - I/O Handling Time                  : 0 us
        - Read Syscall                : 0 us
        - Write Syscall               : 0 us
        - Page Fault                  : 0 us
        - io_uring                    : 0 us

-- I/O Counts --
 Read Syscall Count                   : 0
 Write Syscall Count                  : 0
 Block I/O Count                      : 0
 io_uring Completion Count            : 0

-- Total I/O Time (block device) --
 Total Block I/O Time           : 0

-- Page Faults & Bytes --
 Page Fault Count               : 0
 Read Bytes                     : 0
 Write Bytes                    : 0
 Block Read Bytes               : 0
 Block Write Bytes              : 0
[===============================================]

[===============================================]
Result of node_idx 10 in node_object 0: Multiply (ND)

-- Elapsed Time Analysis --
 Wall-clock Time                      : 84 us
 - Non I/O Handling Time (Estimated)  : 84 us
 - I/O Handling Time                  : 0 us
        - Read Syscall                : 0 us
        - Write Syscall               : 0 us
        - Page Fault                  : 0 us
        - io_uring                    : 0 us

-- I/O Counts --
 Read Syscall Count                   : 0
 Write Syscall Count                  : 0
 Block I/O Count                      : 0
 io_uring Completion Count            : 0

-- Total I/O Time (block device) --
 Total Block I/O Time           : 0

-- Page Faults & Bytes --
 Page Fault Count               : 0
 Read Bytes                     : 0
 Write Bytes                    : 0
 Block Read Bytes               : 0
 Block Write Bytes              : 0
[===============================================]

[===============================================]
Result of node_idx 11 in node_object 0: Subtract (ND)

-- Elapsed Time Analysis --
 Wall-clock Time                      : 92 us
 - Non I/O Handling Time (Estimated)  : 92 us
 - I/O Handling Time                  : 0 us
        - Read Syscall                : 0 us
        - Write Syscall               : 0 us
        - Page Fault                  : 0 us
        - io_uring                    : 0 us

-- I/O Counts --
 Read Syscall Count                   : 0
 Write Syscall Count                  : 0
 Block I/O Count                      : 0
 io_uring Completion Count            : 0

-- Total I/O Time (block device) --
 Total Block I/O Time           : 0

-- Page Faults & Bytes --
 Page Fault Count               : 0
 Read Bytes                     : 0
 Write Bytes                    : 0
 Block Read Bytes               : 0
 Block Write Bytes              : 0
[===============================================]

[===============================================]
Result of node_idx 12 in node_object 0: Multiply (ND)

-- Elapsed Time Analysis --
 Wall-clock Time                      : 91 us
 - Non I/O Handling Time (Estimated)  : 91 us
 - I/O Handling Time                  : 0 us
        - Read Syscall                : 0 us
        - Write Syscall               : 0 us
        - Page Fault                  : 0 us
        - io_uring                    : 0 us

-- I/O Counts --
 Read Syscall Count                   : 0
 Write Syscall Count                  : 0
 Block I/O Count                      : 0
 io_uring Completion Count            : 0

-- Total I/O Time (block device) --
 Total Block I/O Time           : 0

-- Page Faults & Bytes --
 Page Fault Count               : 0
 Read Bytes                     : 0
 Write Bytes                    : 0
 Block Read Bytes               : 0
 Block Write Bytes              : 0
[===============================================]

[===============================================]
Result of node_idx 13 in node_object 0: Multiply (ND)

-- Elapsed Time Analysis --
 Wall-clock Time                      : 86 us
 - Non I/O Handling Time (Estimated)  : 86 us
 - I/O Handling Time                  : 0 us
        - Read Syscall                : 0 us
        - Write Syscall               : 0 us
        - Page Fault                  : 0 us
        - io_uring                    : 0 us

-- I/O Counts --
 Read Syscall Count                   : 0
 Write Syscall Count                  : 0
 Block I/O Count                      : 0
 io_uring Completion Count            : 0

-- Total I/O Time (block device) --
 Total Block I/O Time           : 0

-- Page Faults & Bytes --
 Page Fault Count               : 0
 Read Bytes                     : 0
 Write Bytes                    : 0
 Block Read Bytes               : 0
 Block Write Bytes              : 0
[===============================================]

[===============================================]
Result of node_idx 14 in node_object 0: Add (ND)

-- Elapsed Time Analysis --
 Wall-clock Time                      : 90 us
 - Non I/O Handling Time (Estimated)  : 90 us
 - I/O Handling Time                  : 0 us
        - Read Syscall                : 0 us
        - Write Syscall               : 0 us
        - Page Fault                  : 0 us
        - io_uring                    : 0 us

-- I/O Counts --
 Read Syscall Count                   : 0
 Write Syscall Count                  : 0
 Block I/O Count                      : 0
 io_uring Completion Count            : 0

-- Total I/O Time (block device) --
 Total Block I/O Time           : 0

-- Page Faults & Bytes --
 Page Fault Count               : 0
 Read Bytes                     : 0
 Write Bytes                    : 0
 Block Read Bytes               : 0
 Block Write Bytes              : 0
[===============================================]

[===============================================]
Result of node_idx 15 in node_object 0: Copy (NC, X32)

-- Elapsed Time Analysis --
 Wall-clock Time                      : 77 us
 - Non I/O Handling Time (Estimated)  : 77 us
 - I/O Handling Time                  : 0 us
        - Read Syscall                : 0 us
        - Write Syscall               : 0 us
        - Page Fault                  : 0 us
        - io_uring                    : 0 us

-- I/O Counts --
 Read Syscall Count                   : 0
 Write Syscall Count                  : 0
 Block I/O Count                      : 0
 io_uring Completion Count            : 0

-- Total I/O Time (block device) --
 Total Block I/O Time           : 0

-- Page Faults & Bytes --
 Page Fault Count               : 0
 Read Bytes                     : 0
 Write Bytes                    : 0
 Block Read Bytes               : 0
 Block Write Bytes              : 0
[===============================================]

[===============================================]
Result of node_idx 15 in node_object 1: Copy (NC, X32)

-- Elapsed Time Analysis --
 Wall-clock Time                      : 96 us
 - Non I/O Handling Time (Estimated)  : 96 us
 - I/O Handling Time                  : 0 us
        - Read Syscall                : 0 us
        - Write Syscall               : 0 us
        - Page Fault                  : 0 us
        - io_uring                    : 0 us

-- I/O Counts --
 Read Syscall Count                   : 0
 Write Syscall Count                  : 0
 Block I/O Count                      : 0
 io_uring Completion Count            : 0

-- Total I/O Time (block device) --
 Total Block I/O Time           : 0

-- Page Faults & Bytes --
 Page Fault Count               : 0
 Read Bytes                     : 0
 Write Bytes                    : 0
 Block Read Bytes               : 0
 Block Write Bytes              : 0
[===============================================]

[===============================================]
Result of node_idx 16 in node_object 0: Transpose (ND, X32)

-- Elapsed Time Analysis --
 Wall-clock Time                      : 5 us
 - Non I/O Handling Time (Estimated)  : 5 us
 - I/O Handling Time                  : 0 us
        - Read Syscall                : 0 us
        - Write Syscall               : 0 us
        - Page Fault                  : 0 us
        - io_uring                    : 0 us

-- I/O Counts --
 Read Syscall Count                   : 0
 Write Syscall Count                  : 0
 Block I/O Count                      : 0
 io_uring Completion Count            : 0

-- Total I/O Time (block device) --
 Total Block I/O Time           : 0

-- Page Faults & Bytes --
 Page Fault Count               : 0
 Read Bytes                     : 0
 Write Bytes                    : 0
 Block Read Bytes               : 0
 Block Write Bytes              : 0
[===============================================]

[===============================================]
Result of node_idx 17 in node_object 0: Transpose (ND, X32)

-- Elapsed Time Analysis --
 Wall-clock Time                      : 3 us
 - Non I/O Handling Time (Estimated)  : 3 us
 - I/O Handling Time                  : 0 us
        - Read Syscall                : 0 us
        - Write Syscall               : 0 us
        - Page Fault                  : 0 us
        - io_uring                    : 0 us

-- I/O Counts --
 Read Syscall Count                   : 0
 Write Syscall Count                  : 0
 Block I/O Count                      : 0
 io_uring Completion Count            : 0

-- Total I/O Time (block device) --
 Total Block I/O Time           : 0

-- Page Faults & Bytes --
 Page Fault Count               : 0
 Read Bytes                     : 0
 Write Bytes                    : 0
 Block Read Bytes               : 0
 Block Write Bytes              : 0
[===============================================]

[===============================================]
Result of node_idx 18 in node_object 0: Slice (ND, X32)

-- Elapsed Time Analysis --
 Wall-clock Time                      : 87 us
 - Non I/O Handling Time (Estimated)  : 87 us
 - I/O Handling Time                  : 0 us
        - Read Syscall                : 0 us
        - Write Syscall               : 0 us
        - Page Fault                  : 0 us
        - io_uring                    : 0 us

-- I/O Counts --
 Read Syscall Count                   : 0
 Write Syscall Count                  : 0
 Block I/O Count                      : 0
 io_uring Completion Count            : 0

-- Total I/O Time (block device) --
 Total Block I/O Time           : 0

-- Page Faults & Bytes --
 Page Fault Count               : 0
 Read Bytes                     : 0
 Write Bytes                    : 0
 Block Read Bytes               : 0
 Block Write Bytes              : 0
[===============================================]

[===============================================]
Result of node_idx 19 in node_object 0: Slice (ND, X32)

-- Elapsed Time Analysis --
 Wall-clock Time                      : 95 us
 - Non I/O Handling Time (Estimated)  : 95 us
 - I/O Handling Time                  : 0 us
        - Read Syscall                : 0 us
        - Write Syscall               : 0 us
        - Page Fault                  : 0 us
        - io_uring                    : 0 us

-- I/O Counts --
 Read Syscall Count                   : 0
 Write Syscall Count                  : 0
 Block I/O Count                      : 0
 io_uring Completion Count            : 0

-- Total I/O Time (block device) --
 Total Block I/O Time           : 0

-- Page Faults & Bytes --
 Page Fault Count               : 0
 Read Bytes                     : 0
 Write Bytes                    : 0
 Block Read Bytes               : 0
 Block Write Bytes              : 0
[===============================================]

[===============================================]
Result of node_idx 20 in node_object 0: Multiply (ND)

-- Elapsed Time Analysis --
 Wall-clock Time                      : 94 us
 - Non I/O Handling Time (Estimated)  : 94 us
 - I/O Handling Time                  : 0 us
        - Read Syscall                : 0 us
        - Write Syscall               : 0 us
        - Page Fault                  : 0 us
        - io_uring                    : 0 us

-- I/O Counts --
 Read Syscall Count                   : 0
 Write Syscall Count                  : 0
 Block I/O Count                      : 0
 io_uring Completion Count            : 0

-- Total I/O Time (block device) --
 Total Block I/O Time           : 0

-- Page Faults & Bytes --
 Page Fault Count               : 0
 Read Bytes                     : 0
 Write Bytes                    : 0
 Block Read Bytes               : 0
 Block Write Bytes              : 0
[===============================================]

[===============================================]
Result of node_idx 21 in node_object 0: Multiply (ND)

-- Elapsed Time Analysis --
 Wall-clock Time                      : 96 us
 - Non I/O Handling Time (Estimated)  : 96 us
 - I/O Handling Time                  : 0 us
        - Read Syscall                : 0 us
        - Write Syscall               : 0 us
        - Page Fault                  : 0 us
        - io_uring                    : 0 us

-- I/O Counts --
 Read Syscall Count                   : 0
 Write Syscall Count                  : 0
 Block I/O Count                      : 0
 io_uring Completion Count            : 0

-- Total I/O Time (block device) --
 Total Block I/O Time           : 0

-- Page Faults & Bytes --
 Page Fault Count               : 0
 Read Bytes                     : 0
 Write Bytes                    : 0
 Block Read Bytes               : 0
 Block Write Bytes              : 0
[===============================================]

[===============================================]
Result of node_idx 22 in node_object 0: Subtract (ND)

-- Elapsed Time Analysis --
 Wall-clock Time                      : 87 us
 - Non I/O Handling Time (Estimated)  : 87 us
 - I/O Handling Time                  : 0 us
        - Read Syscall                : 0 us
        - Write Syscall               : 0 us
        - Page Fault                  : 0 us
        - io_uring                    : 0 us

-- I/O Counts --
 Read Syscall Count                   : 0
 Write Syscall Count                  : 0
 Block I/O Count                      : 0
 io_uring Completion Count            : 0

-- Total I/O Time (block device) --
 Total Block I/O Time           : 0

-- Page Faults & Bytes --
 Page Fault Count               : 0
 Read Bytes                     : 0
 Write Bytes                    : 0
 Block Read Bytes               : 0
 Block Write Bytes              : 0
[===============================================]

[===============================================]
Result of node_idx 23 in node_object 0: Multiply (ND)

-- Elapsed Time Analysis --
 Wall-clock Time                      : 77 us
 - Non I/O Handling Time (Estimated)  : 77 us
 - I/O Handling Time                  : 0 us
        - Read Syscall                : 0 us
        - Write Syscall               : 0 us
        - Page Fault                  : 0 us
        - io_uring                    : 0 us

-- I/O Counts --
 Read Syscall Count                   : 0
 Write Syscall Count                  : 0
 Block I/O Count                      : 0
 io_uring Completion Count            : 0

-- Total I/O Time (block device) --
 Total Block I/O Time           : 0

-- Page Faults & Bytes --
 Page Fault Count               : 0
 Read Bytes                     : 0
 Write Bytes                    : 0
 Block Read Bytes               : 0
 Block Write Bytes              : 0
[===============================================]

[===============================================]
Result of node_idx 24 in node_object 0: Multiply (ND)

-- Elapsed Time Analysis --
 Wall-clock Time                      : 84 us
 - Non I/O Handling Time (Estimated)  : 84 us
 - I/O Handling Time                  : 0 us
        - Read Syscall                : 0 us
        - Write Syscall               : 0 us
        - Page Fault                  : 0 us
        - io_uring                    : 0 us

-- I/O Counts --
 Read Syscall Count                   : 0
 Write Syscall Count                  : 0
 Block I/O Count                      : 0
 io_uring Completion Count            : 0

-- Total I/O Time (block device) --
 Total Block I/O Time           : 0

-- Page Faults & Bytes --
 Page Fault Count               : 0
 Read Bytes                     : 0
 Write Bytes                    : 0
 Block Read Bytes               : 0
 Block Write Bytes              : 0
[===============================================]

[===============================================]
Result of node_idx 25 in node_object 0: Add (ND)

-- Elapsed Time Analysis --
 Wall-clock Time                      : 94 us
 - Non I/O Handling Time (Estimated)  : 94 us
 - I/O Handling Time                  : 0 us
        - Read Syscall                : 0 us
        - Write Syscall               : 0 us
        - Page Fault                  : 0 us
        - io_uring                    : 0 us

-- I/O Counts --
 Read Syscall Count                   : 0
 Write Syscall Count                  : 0
 Block I/O Count                      : 0
 io_uring Completion Count            : 0

-- Total I/O Time (block device) --
 Total Block I/O Time           : 0

-- Page Faults & Bytes --
 Page Fault Count               : 0
 Read Bytes                     : 0
 Write Bytes                    : 0
 Block Read Bytes               : 0
 Block Write Bytes              : 0
[===============================================]

[===============================================]
Result of node_idx 26 in node_object 0: Copy (NC, X32)

-- Elapsed Time Analysis --
 Wall-clock Time                      : 98 us
 - Non I/O Handling Time (Estimated)  : 98 us
 - I/O Handling Time                  : 0 us
        - Read Syscall                : 0 us
        - Write Syscall               : 0 us
        - Page Fault                  : 0 us
        - io_uring                    : 0 us

-- I/O Counts --
 Read Syscall Count                   : 0
 Write Syscall Count                  : 0
 Block I/O Count                      : 0
 io_uring Completion Count            : 0

-- Total I/O Time (block device) --
 Total Block I/O Time           : 0

-- Page Faults & Bytes --
 Page Fault Count               : 0
 Read Bytes                     : 0
 Write Bytes                    : 0
 Block Read Bytes               : 0
 Block Write Bytes              : 0
[===============================================]

[===============================================]
Result of node_idx 26 in node_object 1: Copy (NC, X32)

-- Elapsed Time Analysis --
 Wall-clock Time                      : 96 us
 - Non I/O Handling Time (Estimated)  : 96 us
 - I/O Handling Time                  : 0 us
        - Read Syscall                : 0 us
        - Write Syscall               : 0 us
        - Page Fault                  : 0 us
        - io_uring                    : 0 us

-- I/O Counts --
 Read Syscall Count                   : 0
 Write Syscall Count                  : 0
 Block I/O Count                      : 0
 io_uring Completion Count            : 0

-- Total I/O Time (block device) --
 Total Block I/O Time           : 0

-- Page Faults & Bytes --
 Page Fault Count               : 0
 Read Bytes                     : 0
 Write Bytes                    : 0
 Block Read Bytes               : 0
 Block Write Bytes              : 0
[===============================================]

[===============================================]
Result of node_idx 27 in node_object 0: Transpose (ND, X32)

-- Elapsed Time Analysis --
 Wall-clock Time                      : 3 us
 - Non I/O Handling Time (Estimated)  : 3 us
 - I/O Handling Time                  : 0 us
        - Read Syscall                : 0 us
        - Write Syscall               : 0 us
        - Page Fault                  : 0 us
        - io_uring                    : 0 us

-- I/O Counts --
 Read Syscall Count                   : 0
 Write Syscall Count                  : 0
 Block I/O Count                      : 0
 io_uring Completion Count            : 0

-- Total I/O Time (block device) --
 Total Block I/O Time           : 0

-- Page Faults & Bytes --
 Page Fault Count               : 0
 Read Bytes                     : 0
 Write Bytes                    : 0
 Block Read Bytes               : 0
 Block Write Bytes              : 0
[===============================================]

[===============================================]
Result of node_idx 0 in node_object 0: Multiply (ND)

-- Elapsed Time Analysis --
 Wall-clock Time                      : 89 us
 - Non I/O Handling Time (Estimated)  : 89 us
 - I/O Handling Time                  : 0 us
        - Read Syscall                : 0 us
        - Write Syscall               : 0 us
        - Page Fault                  : 0 us
        - io_uring                    : 0 us

-- I/O Counts --
 Read Syscall Count                   : 0
 Write Syscall Count                  : 0
 Block I/O Count                      : 0
 io_uring Completion Count            : 0

-- Total I/O Time (block device) --
 Total Block I/O Time           : 0

-- Page Faults & Bytes --
 Page Fault Count               : 0
 Read Bytes                     : 0
 Write Bytes                    : 0
 Block Read Bytes               : 0
 Block Write Bytes              : 0
[===============================================]

[===============================================]
Result of node_idx 1 in node_object 0: Transpose (ND, X32)

-- Elapsed Time Analysis --
 Wall-clock Time                      : 4 us
 - Non I/O Handling Time (Estimated)  : 4 us
 - I/O Handling Time                  : 0 us
        - Read Syscall                : 0 us
        - Write Syscall               : 0 us
        - Page Fault                  : 0 us
        - io_uring                    : 0 us

-- I/O Counts --
 Read Syscall Count                   : 0
 Write Syscall Count                  : 0
 Block I/O Count                      : 0
 io_uring Completion Count            : 0

-- Total I/O Time (block device) --
 Total Block I/O Time           : 0

-- Page Faults & Bytes --
 Page Fault Count               : 0
 Read Bytes                     : 0
 Write Bytes                    : 0
 Block Read Bytes               : 0
 Block Write Bytes              : 0
[===============================================]

[===============================================]
Result of node_idx 2 in node_object 0: Transpose (ND, X32)

-- Elapsed Time Analysis --
 Wall-clock Time                      : 115 us
 - Non I/O Handling Time (Estimated)  : 115 us
 - I/O Handling Time                  : 0 us
        - Read Syscall                : 0 us
        - Write Syscall               : 0 us
        - Page Fault                  : 0 us
        - io_uring                    : 0 us

-- I/O Counts --
 Read Syscall Count                   : 0
 Write Syscall Count                  : 0
 Block I/O Count                      : 0
 io_uring Completion Count            : 0

-- Total I/O Time (block device) --
 Total Block I/O Time           : 0

-- Page Faults & Bytes --
 Page Fault Count               : 0
 Read Bytes                     : 0
 Write Bytes                    : 0
 Block Read Bytes               : 0
 Block Write Bytes              : 0
[===============================================]

[===============================================]
Result of node_idx 3 in node_object 0: Static Reshape (NC)

-- Elapsed Time Analysis --
 Wall-clock Time                      : 3 us
 - Non I/O Handling Time (Estimated)  : 3 us
 - I/O Handling Time                  : 0 us
        - Read Syscall                : 0 us
        - Write Syscall               : 0 us
        - Page Fault                  : 0 us
        - io_uring                    : 0 us

-- I/O Counts --
 Read Syscall Count                   : 0
 Write Syscall Count                  : 0
 Block I/O Count                      : 0
 io_uring Completion Count            : 0

-- Total I/O Time (block device) --
 Total Block I/O Time           : 0

-- Page Faults & Bytes --
 Page Fault Count               : 0
 Read Bytes                     : 0
 Write Bytes                    : 0
 Block Read Bytes               : 0
 Block Write Bytes              : 0
[===============================================]

[===============================================]
Result of node_idx 4 in node_object 0: Static Reshape (NC)

-- Elapsed Time Analysis --
 Wall-clock Time                      : 3 us
 - Non I/O Handling Time (Estimated)  : 3 us
 - I/O Handling Time                  : 0 us
        - Read Syscall                : 0 us
        - Write Syscall               : 0 us
        - Page Fault                  : 0 us
        - io_uring                    : 0 us

-- I/O Counts --
 Read Syscall Count                   : 0
 Write Syscall Count                  : 0
 Block I/O Count                      : 0
 io_uring Completion Count            : 0

-- Total I/O Time (block device) --
 Total Block I/O Time           : 0

-- Page Faults & Bytes --
 Page Fault Count               : 0
 Read Bytes                     : 0
 Write Bytes                    : 0
 Block Read Bytes               : 0
 Block Write Bytes              : 0
[===============================================]

[===============================================]
Result of node_idx 5 in node_object 0: Batch Matrix Multiply (NC, F32)

-- Elapsed Time Analysis --
 Wall-clock Time                      : 248 us
 - Non I/O Handling Time (Estimated)  : 248 us
 - I/O Handling Time                  : 0 us
        - Read Syscall                : 0 us
        - Write Syscall               : 0 us
        - Page Fault                  : 0 us
        - io_uring                    : 0 us

-- I/O Counts --
 Read Syscall Count                   : 0
 Write Syscall Count                  : 0
 Block I/O Count                      : 0
 io_uring Completion Count            : 0

-- Total I/O Time (block device) --
 Total Block I/O Time           : 0

-- Page Faults & Bytes --
 Page Fault Count               : 0
 Read Bytes                     : 0
 Write Bytes                    : 0
 Block Read Bytes               : 0
 Block Write Bytes              : 0
[===============================================]

[===============================================]
Result of node_idx 6 in node_object 0: Static Reshape (NC)

-- Elapsed Time Analysis --
 Wall-clock Time                      : 3 us
 - Non I/O Handling Time (Estimated)  : 3 us
 - I/O Handling Time                  : 0 us
        - Read Syscall                : 0 us
        - Write Syscall               : 0 us
        - Page Fault                  : 0 us
        - io_uring                    : 0 us

-- I/O Counts --
 Read Syscall Count                   : 0
 Write Syscall Count                  : 0
 Block I/O Count                      : 0
 io_uring Completion Count            : 0

-- Total I/O Time (block device) --
 Total Block I/O Time           : 0

-- Page Faults & Bytes --
 Page Fault Count               : 0
 Read Bytes                     : 0
 Write Bytes                    : 0
 Block Read Bytes               : 0
 Block Write Bytes              : 0
[===============================================]

[===============================================]
Result of node_idx 7 in node_object 0: Add (ND)

-- Elapsed Time Analysis --
 Wall-clock Time                      : 99 us
 - Non I/O Handling Time (Estimated)  : 99 us
 - I/O Handling Time                  : 0 us
        - Read Syscall                : 0 us
        - Write Syscall               : 0 us
        - Page Fault                  : 0 us
        - io_uring                    : 0 us

-- I/O Counts --
 Read Syscall Count                   : 0
 Write Syscall Count                  : 0
 Block I/O Count                      : 0
 io_uring Completion Count            : 0

-- Total I/O Time (block device) --
 Total Block I/O Time           : 0

-- Page Faults & Bytes --
 Page Fault Count               : 0
 Read Bytes                     : 0
 Write Bytes                    : 0
 Block Read Bytes               : 0
 Block Write Bytes              : 0
[===============================================]

[===============================================]
Result of node_idx 8 in node_object 0: Softmax (NC, F32)

-- Elapsed Time Analysis --
 Wall-clock Time                      : 170 us
 - Non I/O Handling Time (Estimated)  : 170 us
 - I/O Handling Time                  : 0 us
        - Read Syscall                : 0 us
        - Write Syscall               : 0 us
        - Page Fault                  : 0 us
        - io_uring                    : 0 us

-- I/O Counts --
 Read Syscall Count                   : 0
 Write Syscall Count                  : 0
 Block I/O Count                      : 0
 io_uring Completion Count            : 0

-- Total I/O Time (block device) --
 Total Block I/O Time           : 0

-- Page Faults & Bytes --
 Page Fault Count               : 0
 Read Bytes                     : 0
 Write Bytes                    : 0
 Block Read Bytes               : 0
 Block Write Bytes              : 0
[===============================================]

[===============================================]
Result of node_idx 9 in node_object 0: Transpose (ND, X32)

-- Elapsed Time Analysis --
 Wall-clock Time                      : 117 us
 - Non I/O Handling Time (Estimated)  : 117 us
 - I/O Handling Time                  : 0 us
        - Read Syscall                : 0 us
        - Write Syscall               : 0 us
        - Page Fault                  : 0 us
        - io_uring                    : 0 us

-- I/O Counts --
 Read Syscall Count                   : 0
 Write Syscall Count                  : 0
 Block I/O Count                      : 0
 io_uring Completion Count            : 0

-- Total I/O Time (block device) --
 Total Block I/O Time           : 0

-- Page Faults & Bytes --
 Page Fault Count               : 0
 Read Bytes                     : 0
 Write Bytes                    : 0
 Block Read Bytes               : 0
 Block Write Bytes              : 0
[===============================================]

[===============================================]
Result of node_idx 10 in node_object 0: Static Reshape (NC)

-- Elapsed Time Analysis --
 Wall-clock Time                      : 3 us
 - Non I/O Handling Time (Estimated)  : 3 us
 - I/O Handling Time                  : 0 us
        - Read Syscall                : 0 us
        - Write Syscall               : 0 us
        - Page Fault                  : 0 us
        - io_uring                    : 0 us

-- I/O Counts --
 Read Syscall Count                   : 0
 Write Syscall Count                  : 0
 Block I/O Count                      : 0
 io_uring Completion Count            : 0

-- Total I/O Time (block device) --
 Total Block I/O Time           : 0

-- Page Faults & Bytes --
 Page Fault Count               : 0
 Read Bytes                     : 0
 Write Bytes                    : 0
 Block Read Bytes               : 0
 Block Write Bytes              : 0
[===============================================]

[===============================================]
Result of node_idx 11 in node_object 0: Static Reshape (NC)

-- Elapsed Time Analysis --
 Wall-clock Time                      : 2 us
 - Non I/O Handling Time (Estimated)  : 2 us
 - I/O Handling Time                  : 0 us
        - Read Syscall                : 0 us
        - Write Syscall               : 0 us
        - Page Fault                  : 0 us
        - io_uring                    : 0 us

-- I/O Counts --
 Read Syscall Count                   : 0
 Write Syscall Count                  : 0
 Block I/O Count                      : 0
 io_uring Completion Count            : 0

-- Total I/O Time (block device) --
 Total Block I/O Time           : 0

-- Page Faults & Bytes --
 Page Fault Count               : 0
 Read Bytes                     : 0
 Write Bytes                    : 0
 Block Read Bytes               : 0
 Block Write Bytes              : 0
[===============================================]

[===============================================]
Result of node_idx 12 in node_object 0: Batch Matrix Multiply (NC, F32)

-- Elapsed Time Analysis --
 Wall-clock Time                      : 232 us
 - Non I/O Handling Time (Estimated)  : 232 us
 - I/O Handling Time                  : 0 us
        - Read Syscall                : 0 us
        - Write Syscall               : 0 us
        - Page Fault                  : 0 us
        - io_uring                    : 0 us

-- I/O Counts --
 Read Syscall Count                   : 0
 Write Syscall Count                  : 0
 Block I/O Count                      : 0
 io_uring Completion Count            : 0

-- Total I/O Time (block device) --
 Total Block I/O Time           : 0

-- Page Faults & Bytes --
 Page Fault Count               : 0
 Read Bytes                     : 0
 Write Bytes                    : 0
 Block Read Bytes               : 0
 Block Write Bytes              : 0
[===============================================]

[===============================================]
Result of node_idx 13 in node_object 0: Static Reshape (NC)

-- Elapsed Time Analysis --
 Wall-clock Time                      : 3 us
 - Non I/O Handling Time (Estimated)  : 3 us
 - I/O Handling Time                  : 0 us
        - Read Syscall                : 0 us
        - Write Syscall               : 0 us
        - Page Fault                  : 0 us
        - io_uring                    : 0 us

-- I/O Counts --
 Read Syscall Count                   : 0
 Write Syscall Count                  : 0
 Block I/O Count                      : 0
 io_uring Completion Count            : 0

-- Total I/O Time (block device) --
 Total Block I/O Time           : 0

-- Page Faults & Bytes --
 Page Fault Count               : 0
 Read Bytes                     : 0
 Write Bytes                    : 0
 Block Read Bytes               : 0
 Block Write Bytes              : 0
[===============================================]

[===============================================]
Result of node_idx 14 in node_object 0: Transpose (ND, X32)

-- Elapsed Time Analysis --
 Wall-clock Time                      : 5 us
 - Non I/O Handling Time (Estimated)  : 5 us
 - I/O Handling Time                  : 0 us
        - Read Syscall                : 0 us
        - Write Syscall               : 0 us
        - Page Fault                  : 0 us
        - io_uring                    : 0 us

-- I/O Counts --
 Read Syscall Count                   : 0
 Write Syscall Count                  : 0
 Block I/O Count                      : 0
 io_uring Completion Count            : 0

-- Total I/O Time (block device) --
 Total Block I/O Time           : 0

-- Page Faults & Bytes --
 Page Fault Count               : 0
 Read Bytes                     : 0
 Write Bytes                    : 0
 Block Read Bytes               : 0
 Block Write Bytes              : 0
[===============================================]

[===============================================]
Result of node_idx 15 in node_object 0: Static Reshape (NC)

-- Elapsed Time Analysis --
 Wall-clock Time                      : 3 us
 - Non I/O Handling Time (Estimated)  : 3 us
 - I/O Handling Time                  : 0 us
        - Read Syscall                : 0 us
        - Write Syscall               : 0 us
        - Page Fault                  : 0 us
        - io_uring                    : 0 us

-- I/O Counts --
 Read Syscall Count                   : 0
 Write Syscall Count                  : 0
 Block I/O Count                      : 0
 io_uring Completion Count            : 0

-- Total I/O Time (block device) --
 Total Block I/O Time           : 0

-- Page Faults & Bytes --
 Page Fault Count               : 0
 Read Bytes                     : 0
 Write Bytes                    : 0
 Block Read Bytes               : 0
 Block Write Bytes              : 0
[===============================================]

[===============================================]
Result of node_idx 16 in node_object 0: Fully Connected (NC, QDU8, F32, QC8W)

-- Elapsed Time Analysis --
 Wall-clock Time                      : 536 us
 - Non I/O Handling Time (Estimated)  : 121 us
 - I/O Handling Time                  : 415 us
        - Read Syscall                : 0 us
        - Write Syscall               : 0 us
        - Page Fault                  : 415 us
        - io_uring                    : 0 us

-- I/O Counts --
 Read Syscall Count                   : 0
 Write Syscall Count                  : 0
 Block I/O Count                      : 3
 io_uring Completion Count            : 0

-- Total I/O Time (block device) --
 Total Block I/O Time           : 726

-- Page Faults & Bytes --
 Page Fault Count               : 5
 Read Bytes                     : 0
 Write Bytes                    : 0
 Block Read Bytes               : 118784
 Block Write Bytes              : 0
[===============================================]

[===============================================]
Result of node_idx 17 in node_object 0: Add (ND)

-- Elapsed Time Analysis --
 Wall-clock Time                      : 20 us
 - Non I/O Handling Time (Estimated)  : 20 us
 - I/O Handling Time                  : 0 us
        - Read Syscall                : 0 us
        - Write Syscall               : 0 us
        - Page Fault                  : 0 us
        - io_uring                    : 0 us

-- I/O Counts --
 Read Syscall Count                   : 0
 Write Syscall Count                  : 0
 Block I/O Count                      : 0
 io_uring Completion Count            : 0

-- Total I/O Time (block device) --
 Total Block I/O Time           : 0

-- Page Faults & Bytes --
 Page Fault Count               : 0
 Read Bytes                     : 0
 Write Bytes                    : 0
 Block Read Bytes               : 0
 Block Write Bytes              : 0
[===============================================]

[===============================================]
Result of node_idx 0 in node_object 0: Multiply (ND)

-- Elapsed Time Analysis --
 Wall-clock Time                      : 92 us
 - Non I/O Handling Time (Estimated)  : 92 us
 - I/O Handling Time                  : 0 us
        - Read Syscall                : 0 us
        - Write Syscall               : 0 us
        - Page Fault                  : 0 us
        - io_uring                    : 0 us

-- I/O Counts --
 Read Syscall Count                   : 0
 Write Syscall Count                  : 0
 Block I/O Count                      : 0
 io_uring Completion Count            : 0

-- Total I/O Time (block device) --
 Total Block I/O Time           : 0

-- Page Faults & Bytes --
 Page Fault Count               : 0
 Read Bytes                     : 0
 Write Bytes                    : 0
 Block Read Bytes               : 0
 Block Write Bytes              : 0
[===============================================]

[===============================================]
Result of node_idx 1 in node_object 0: Sum (ND)

-- Elapsed Time Analysis --
 Wall-clock Time                      : 115 us
 - Non I/O Handling Time (Estimated)  : 115 us
 - I/O Handling Time                  : 0 us
        - Read Syscall                : 0 us
        - Write Syscall               : 0 us
        - Page Fault                  : 0 us
        - io_uring                    : 0 us

-- I/O Counts --
 Read Syscall Count                   : 0
 Write Syscall Count                  : 0
 Block I/O Count                      : 0
 io_uring Completion Count            : 0

-- Total I/O Time (block device) --
 Total Block I/O Time           : 0

-- Page Faults & Bytes --
 Page Fault Count               : 0
 Read Bytes                     : 0
 Write Bytes                    : 0
 Block Read Bytes               : 0
 Block Write Bytes              : 0
[===============================================]

[===============================================]
Result of node_idx 2 in node_object 0: Multiply (ND)

-- Elapsed Time Analysis --
 Wall-clock Time                      : 4 us
 - Non I/O Handling Time (Estimated)  : 4 us
 - I/O Handling Time                  : 0 us
        - Read Syscall                : 0 us
        - Write Syscall               : 0 us
        - Page Fault                  : 0 us
        - io_uring                    : 0 us

-- I/O Counts --
 Read Syscall Count                   : 0
 Write Syscall Count                  : 0
 Block I/O Count                      : 0
 io_uring Completion Count            : 0

-- Total I/O Time (block device) --
 Total Block I/O Time           : 0

-- Page Faults & Bytes --
 Page Fault Count               : 0
 Read Bytes                     : 0
 Write Bytes                    : 0
 Block Read Bytes               : 0
 Block Write Bytes              : 0
[===============================================]

[===============================================]
Result of node_idx 3 in node_object 0: Add (ND)

-- Elapsed Time Analysis --
 Wall-clock Time                      : 3 us
 - Non I/O Handling Time (Estimated)  : 3 us
 - I/O Handling Time                  : 0 us
        - Read Syscall                : 0 us
        - Write Syscall               : 0 us
        - Page Fault                  : 0 us
        - io_uring                    : 0 us

-- I/O Counts --
 Read Syscall Count                   : 0
 Write Syscall Count                  : 0
 Block I/O Count                      : 0
 io_uring Completion Count            : 0

-- Total I/O Time (block device) --
 Total Block I/O Time           : 0

-- Page Faults & Bytes --
 Page Fault Count               : 0
 Read Bytes                     : 0
 Write Bytes                    : 0
 Block Read Bytes               : 0
 Block Write Bytes              : 0
[===============================================]

[===============================================]
Result of node_idx 4 in node_object 0: Static Reshape (NC)

-- Elapsed Time Analysis --
 Wall-clock Time                      : 3 us
 - Non I/O Handling Time (Estimated)  : 3 us
 - I/O Handling Time                  : 0 us
        - Read Syscall                : 0 us
        - Write Syscall               : 0 us
        - Page Fault                  : 0 us
        - io_uring                    : 0 us

-- I/O Counts --
 Read Syscall Count                   : 0
 Write Syscall Count                  : 0
 Block I/O Count                      : 0
 io_uring Completion Count            : 0

-- Total I/O Time (block device) --
 Total Block I/O Time           : 0

-- Page Faults & Bytes --
 Page Fault Count               : 0
 Read Bytes                     : 0
 Write Bytes                    : 0
 Block Read Bytes               : 0
 Block Write Bytes              : 0
[===============================================]

[===============================================]
Result of node_idx 5 in node_object 0: Reciprocal Square Root (NC)

-- Elapsed Time Analysis --
 Wall-clock Time                      : 3 us
 - Non I/O Handling Time (Estimated)  : 3 us
 - I/O Handling Time                  : 0 us
        - Read Syscall                : 0 us
        - Write Syscall               : 0 us
        - Page Fault                  : 0 us
        - io_uring                    : 0 us

-- I/O Counts --
 Read Syscall Count                   : 0
 Write Syscall Count                  : 0
 Block I/O Count                      : 0
 io_uring Completion Count            : 0

-- Total I/O Time (block device) --
 Total Block I/O Time           : 0

-- Page Faults & Bytes --
 Page Fault Count               : 0
 Read Bytes                     : 0
 Write Bytes                    : 0
 Block Read Bytes               : 0
 Block Write Bytes              : 0
[===============================================]

[===============================================]
Result of node_idx 6 in node_object 0: Multiply (ND)

-- Elapsed Time Analysis --
 Wall-clock Time                      : 105 us
 - Non I/O Handling Time (Estimated)  : 105 us
 - I/O Handling Time                  : 0 us
        - Read Syscall                : 0 us
        - Write Syscall               : 0 us
        - Page Fault                  : 0 us
        - io_uring                    : 0 us

-- I/O Counts --
 Read Syscall Count                   : 0
 Write Syscall Count                  : 0
 Block I/O Count                      : 0
 io_uring Completion Count            : 0

-- Total I/O Time (block device) --
 Total Block I/O Time           : 0

-- Page Faults & Bytes --
 Page Fault Count               : 0
 Read Bytes                     : 0
 Write Bytes                    : 0
 Block Read Bytes               : 0
 Block Write Bytes              : 0
[===============================================]

[===============================================]
Result of node_idx 7 in node_object 0: Multiply (ND)

-- Elapsed Time Analysis --
 Wall-clock Time                      : 16 us
 - Non I/O Handling Time (Estimated)  : 16 us
 - I/O Handling Time                  : 0 us
        - Read Syscall                : 0 us
        - Write Syscall               : 0 us
        - Page Fault                  : 0 us
        - io_uring                    : 0 us

-- I/O Counts --
 Read Syscall Count                   : 0
 Write Syscall Count                  : 0
 Block I/O Count                      : 0
 io_uring Completion Count            : 0

-- Total I/O Time (block device) --
 Total Block I/O Time           : 0

-- Page Faults & Bytes --
 Page Fault Count               : 0
 Read Bytes                     : 0
 Write Bytes                    : 0
 Block Read Bytes               : 0
 Block Write Bytes              : 0
[===============================================]

[===============================================]
Result of node_idx 0 in node_object 0: Fully Connected (NC, QDU8, F32, QC8W)

-- Elapsed Time Analysis --
 Wall-clock Time                      : 1172 us
 - Non I/O Handling Time (Estimated)  : 127 us
 - I/O Handling Time                  : 1045 us
        - Read Syscall                : 0 us
        - Write Syscall               : 0 us
        - Page Fault                  : 1045 us
        - io_uring                    : 0 us

-- I/O Counts --
 Read Syscall Count                   : 0
 Write Syscall Count                  : 0
 Block I/O Count                      : 1
 io_uring Completion Count            : 0

-- Total I/O Time (block device) --
 Total Block I/O Time           : 379

-- Page Faults & Bytes --
 Page Fault Count               : 6
 Read Bytes                     : 0
 Write Bytes                    : 0
 Block Read Bytes               : 24576
 Block Write Bytes              : 0
[===============================================]

[===============================================]
Result of node_idx 1 in node_object 0: Sigmoid (NC)

-- Elapsed Time Analysis --
 Wall-clock Time                      : 104 us
 - Non I/O Handling Time (Estimated)  : 104 us
 - I/O Handling Time                  : 0 us
        - Read Syscall                : 0 us
        - Write Syscall               : 0 us
        - Page Fault                  : 0 us
        - io_uring                    : 0 us

-- I/O Counts --
 Read Syscall Count                   : 0
 Write Syscall Count                  : 0
 Block I/O Count                      : 0
 io_uring Completion Count            : 0

-- Total I/O Time (block device) --
 Total Block I/O Time           : 0

-- Page Faults & Bytes --
 Page Fault Count               : 0
 Read Bytes                     : 0
 Write Bytes                    : 0
 Block Read Bytes               : 0
 Block Write Bytes              : 0
[===============================================]

[===============================================]
Result of node_idx 2 in node_object 0: Multiply (ND)

-- Elapsed Time Analysis --
 Wall-clock Time                      : 93 us
 - Non I/O Handling Time (Estimated)  : 93 us
 - I/O Handling Time                  : 0 us
        - Read Syscall                : 0 us
        - Write Syscall               : 0 us
        - Page Fault                  : 0 us
        - io_uring                    : 0 us

-- I/O Counts --
 Read Syscall Count                   : 0
 Write Syscall Count                  : 0
 Block I/O Count                      : 0
 io_uring Completion Count            : 0

-- Total I/O Time (block device) --
 Total Block I/O Time           : 0

-- Page Faults & Bytes --
 Page Fault Count               : 0
 Read Bytes                     : 0
 Write Bytes                    : 0
 Block Read Bytes               : 0
 Block Write Bytes              : 0
[===============================================]

[===============================================]
Result of node_idx 3 in node_object 0: Fully Connected (NC, QDU8, F32, QC8W)

-- Elapsed Time Analysis --
 Wall-clock Time                      : 805 us
 - Non I/O Handling Time (Estimated)  : 167 us
 - I/O Handling Time                  : 638 us
        - Read Syscall                : 0 us
        - Write Syscall               : 0 us
        - Page Fault                  : 638 us
        - io_uring                    : 0 us

-- I/O Counts --
 Read Syscall Count                   : 0
 Write Syscall Count                  : 0
 Block I/O Count                      : 2
 io_uring Completion Count            : 0

-- Total I/O Time (block device) --
 Total Block I/O Time           : 431

-- Page Faults & Bytes --
 Page Fault Count               : 10
 Read Bytes                     : 0
 Write Bytes                    : 0
 Block Read Bytes               : 147456
 Block Write Bytes              : 0
[===============================================]

[===============================================]
Result of node_idx 4 in node_object 0: Multiply (ND)

-- Elapsed Time Analysis --
 Wall-clock Time                      : 15 us
 - Non I/O Handling Time (Estimated)  : 15 us
 - I/O Handling Time                  : 0 us
        - Read Syscall                : 0 us
        - Write Syscall               : 0 us
        - Page Fault                  : 0 us
        - io_uring                    : 0 us

-- I/O Counts --
 Read Syscall Count                   : 0
 Write Syscall Count                  : 0
 Block I/O Count                      : 0
 io_uring Completion Count            : 0

-- Total I/O Time (block device) --
 Total Block I/O Time           : 0

-- Page Faults & Bytes --
 Page Fault Count               : 0
 Read Bytes                     : 0
 Write Bytes                    : 0
 Block Read Bytes               : 0
 Block Write Bytes              : 0
[===============================================]

[===============================================]
Result of node_idx 5 in node_object 0: Fully Connected (NC, QDU8, F32, QC8W)

-- Elapsed Time Analysis --
 Wall-clock Time                      : 897 us
 - Non I/O Handling Time (Estimated)  : 34 us
 - I/O Handling Time                  : 863 us
        - Read Syscall                : 0 us
        - Write Syscall               : 0 us
        - Page Fault                  : 863 us
        - io_uring                    : 0 us

-- I/O Counts --
 Read Syscall Count                   : 0
 Write Syscall Count                  : 0
 Block I/O Count                      : 3
 io_uring Completion Count            : 0

-- Total I/O Time (block device) --
 Total Block I/O Time           : 1180

-- Page Faults & Bytes --
 Page Fault Count               : 9
 Read Bytes                     : 0
 Write Bytes                    : 0
 Block Read Bytes               : 229376
 Block Write Bytes              : 0
[===============================================]

[===============================================]
Result of node_idx 6 in node_object 0: Add (ND)

-- Elapsed Time Analysis --
 Wall-clock Time                      : 16 us
 - Non I/O Handling Time (Estimated)  : 16 us
 - I/O Handling Time                  : 0 us
        - Read Syscall                : 0 us
        - Write Syscall               : 0 us
        - Page Fault                  : 0 us
        - io_uring                    : 0 us

-- I/O Counts --
 Read Syscall Count                   : 0
 Write Syscall Count                  : 0
 Block I/O Count                      : 0
 io_uring Completion Count            : 0

-- Total I/O Time (block device) --
 Total Block I/O Time           : 0

-- Page Faults & Bytes --
 Page Fault Count               : 0
 Read Bytes                     : 0
 Write Bytes                    : 0
 Block Read Bytes               : 0
 Block Write Bytes              : 0
[===============================================]

[===============================================]
Result of node_idx 0 in node_object 0: Multiply (ND)

-- Elapsed Time Analysis --
 Wall-clock Time                      : 11 us
 - Non I/O Handling Time (Estimated)  : 11 us
 - I/O Handling Time                  : 0 us
        - Read Syscall                : 0 us
        - Write Syscall               : 0 us
        - Page Fault                  : 0 us
        - io_uring                    : 0 us

-- I/O Counts --
 Read Syscall Count                   : 0
 Write Syscall Count                  : 0
 Block I/O Count                      : 0
 io_uring Completion Count            : 0

-- Total I/O Time (block device) --
 Total Block I/O Time           : 0

-- Page Faults & Bytes --
 Page Fault Count               : 0
 Read Bytes                     : 0
 Write Bytes                    : 0
 Block Read Bytes               : 0
 Block Write Bytes              : 0
[===============================================]

[===============================================]
Result of node_idx 1 in node_object 0: Sum (ND)

-- Elapsed Time Analysis --
 Wall-clock Time                      : 7 us
 - Non I/O Handling Time (Estimated)  : 7 us
 - I/O Handling Time                  : 0 us
        - Read Syscall                : 0 us
        - Write Syscall               : 0 us
        - Page Fault                  : 0 us
        - io_uring                    : 0 us

-- I/O Counts --
 Read Syscall Count                   : 0
 Write Syscall Count                  : 0
 Block I/O Count                      : 0
 io_uring Completion Count            : 0

-- Total I/O Time (block device) --
 Total Block I/O Time           : 0

-- Page Faults & Bytes --
 Page Fault Count               : 0
 Read Bytes                     : 0
 Write Bytes                    : 0
 Block Read Bytes               : 0
 Block Write Bytes              : 0
[===============================================]

[===============================================]
Result of node_idx 2 in node_object 0: Multiply (ND)

-- Elapsed Time Analysis --
 Wall-clock Time                      : 4 us
 - Non I/O Handling Time (Estimated)  : 4 us
 - I/O Handling Time                  : 0 us
        - Read Syscall                : 0 us
        - Write Syscall               : 0 us
        - Page Fault                  : 0 us
        - io_uring                    : 0 us

-- I/O Counts --
 Read Syscall Count                   : 0
 Write Syscall Count                  : 0
 Block I/O Count                      : 0
 io_uring Completion Count            : 0

-- Total I/O Time (block device) --
 Total Block I/O Time           : 0

-- Page Faults & Bytes --
 Page Fault Count               : 0
 Read Bytes                     : 0
 Write Bytes                    : 0
 Block Read Bytes               : 0
 Block Write Bytes              : 0
[===============================================]

[===============================================]
Result of node_idx 3 in node_object 0: Add (ND)

-- Elapsed Time Analysis --
 Wall-clock Time                      : 3 us
 - Non I/O Handling Time (Estimated)  : 3 us
 - I/O Handling Time                  : 0 us
        - Read Syscall                : 0 us
        - Write Syscall               : 0 us
        - Page Fault                  : 0 us
        - io_uring                    : 0 us

-- I/O Counts --
 Read Syscall Count                   : 0
 Write Syscall Count                  : 0
 Block I/O Count                      : 0
 io_uring Completion Count            : 0

-- Total I/O Time (block device) --
 Total Block I/O Time           : 0

-- Page Faults & Bytes --
 Page Fault Count               : 0
 Read Bytes                     : 0
 Write Bytes                    : 0
 Block Read Bytes               : 0
 Block Write Bytes              : 0
[===============================================]

[===============================================]
Result of node_idx 4 in node_object 0: Static Reshape (NC)

-- Elapsed Time Analysis --
 Wall-clock Time                      : 3 us
 - Non I/O Handling Time (Estimated)  : 3 us
 - I/O Handling Time                  : 0 us
        - Read Syscall                : 0 us
        - Write Syscall               : 0 us
        - Page Fault                  : 0 us
        - io_uring                    : 0 us

-- I/O Counts --
 Read Syscall Count                   : 0
 Write Syscall Count                  : 0
 Block I/O Count                      : 0
 io_uring Completion Count            : 0

-- Total I/O Time (block device) --
 Total Block I/O Time           : 0

-- Page Faults & Bytes --
 Page Fault Count               : 0
 Read Bytes                     : 0
 Write Bytes                    : 0
 Block Read Bytes               : 0
 Block Write Bytes              : 0
[===============================================]

[===============================================]
Result of node_idx 5 in node_object 0: Reciprocal Square Root (NC)

-- Elapsed Time Analysis --
 Wall-clock Time                      : 4 us
 - Non I/O Handling Time (Estimated)  : 4 us
 - I/O Handling Time                  : 0 us
        - Read Syscall                : 0 us
        - Write Syscall               : 0 us
        - Page Fault                  : 0 us
        - io_uring                    : 0 us

-- I/O Counts --
 Read Syscall Count                   : 0
 Write Syscall Count                  : 0
 Block I/O Count                      : 0
 io_uring Completion Count            : 0

-- Total I/O Time (block device) --
 Total Block I/O Time           : 0

-- Page Faults & Bytes --
 Page Fault Count               : 0
 Read Bytes                     : 0
 Write Bytes                    : 0
 Block Read Bytes               : 0
 Block Write Bytes              : 0
[===============================================]

[===============================================]
Result of node_idx 6 in node_object 0: Multiply (ND)

-- Elapsed Time Analysis --
 Wall-clock Time                      : 5 us
 - Non I/O Handling Time (Estimated)  : 5 us
 - I/O Handling Time                  : 0 us
        - Read Syscall                : 0 us
        - Write Syscall               : 0 us
        - Page Fault                  : 0 us
        - io_uring                    : 0 us

-- I/O Counts --
 Read Syscall Count                   : 0
 Write Syscall Count                  : 0
 Block I/O Count                      : 0
 io_uring Completion Count            : 0

-- Total I/O Time (block device) --
 Total Block I/O Time           : 0

-- Page Faults & Bytes --
 Page Fault Count               : 0
 Read Bytes                     : 0
 Write Bytes                    : 0
 Block Read Bytes               : 0
 Block Write Bytes              : 0
[===============================================]

[===============================================]
Result of node_idx 7 in node_object 0: Multiply (ND)

-- Elapsed Time Analysis --
 Wall-clock Time                      : 6 us
 - Non I/O Handling Time (Estimated)  : 6 us
 - I/O Handling Time                  : 0 us
        - Read Syscall                : 0 us
        - Write Syscall               : 0 us
        - Page Fault                  : 0 us
        - io_uring                    : 0 us

-- I/O Counts --
 Read Syscall Count                   : 0
 Write Syscall Count                  : 0
 Block I/O Count                      : 0
 io_uring Completion Count            : 0

-- Total I/O Time (block device) --
 Total Block I/O Time           : 0

-- Page Faults & Bytes --
 Page Fault Count               : 0
 Read Bytes                     : 0
 Write Bytes                    : 0
 Block Read Bytes               : 0
 Block Write Bytes              : 0
[===============================================]

[===============================================]
Result of node_idx 0 in node_object 0: Fully Connected (NC, QDU8, F32, QC8W)

-- Elapsed Time Analysis --
 Wall-clock Time                      : 509 us
 - Non I/O Handling Time (Estimated)  : 78 us
 - I/O Handling Time                  : 431 us
        - Read Syscall                : 0 us
        - Write Syscall               : 0 us
        - Page Fault                  : 431 us
        - io_uring                    : 0 us

-- I/O Counts --
 Read Syscall Count                   : 0
 Write Syscall Count                  : 0
 Block I/O Count                      : 2
 io_uring Completion Count            : 0

-- Total I/O Time (block device) --
 Total Block I/O Time           : 278

-- Page Faults & Bytes --
 Page Fault Count               : 5
 Read Bytes                     : 0
 Write Bytes                    : 0
 Block Read Bytes               : 24576
 Block Write Bytes              : 0
[===============================================]

[===============================================]
Result of node_idx 1 in node_object 0: Static Reshape (NC)

-- Elapsed Time Analysis --
 Wall-clock Time                      : 93 us
 - Non I/O Handling Time (Estimated)  : 93 us
 - I/O Handling Time                  : 0 us
        - Read Syscall                : 0 us
        - Write Syscall               : 0 us
        - Page Fault                  : 0 us
        - io_uring                    : 0 us

-- I/O Counts --
 Read Syscall Count                   : 0
 Write Syscall Count                  : 0
 Block I/O Count                      : 0
 io_uring Completion Count            : 0

-- Total I/O Time (block device) --
 Total Block I/O Time           : 0

-- Page Faults & Bytes --
 Page Fault Count               : 0
 Read Bytes                     : 0
 Write Bytes                    : 0
 Block Read Bytes               : 0
 Block Write Bytes              : 0
[===============================================]

[===============================================]
Result of node_idx 2 in node_object 0: Slice (ND, X32)

-- Elapsed Time Analysis --
 Wall-clock Time                      : 103 us
 - Non I/O Handling Time (Estimated)  : 103 us
 - I/O Handling Time                  : 0 us
        - Read Syscall                : 0 us
        - Write Syscall               : 0 us
        - Page Fault                  : 0 us
        - io_uring                    : 0 us

-- I/O Counts --
 Read Syscall Count                   : 0
 Write Syscall Count                  : 0
 Block I/O Count                      : 0
 io_uring Completion Count            : 0

-- Total I/O Time (block device) --
 Total Block I/O Time           : 0

-- Page Faults & Bytes --
 Page Fault Count               : 0
 Read Bytes                     : 0
 Write Bytes                    : 0
 Block Read Bytes               : 0
 Block Write Bytes              : 0
[===============================================]

[===============================================]
Result of node_idx 3 in node_object 0: Slice (ND, X32)

-- Elapsed Time Analysis --
 Wall-clock Time                      : 90 us
 - Non I/O Handling Time (Estimated)  : 90 us
 - I/O Handling Time                  : 0 us
        - Read Syscall                : 0 us
        - Write Syscall               : 0 us
        - Page Fault                  : 0 us
        - io_uring                    : 0 us

-- I/O Counts --
 Read Syscall Count                   : 0
 Write Syscall Count                  : 0
 Block I/O Count                      : 0
 io_uring Completion Count            : 0

-- Total I/O Time (block device) --
 Total Block I/O Time           : 0

-- Page Faults & Bytes --
 Page Fault Count               : 0
 Read Bytes                     : 0
 Write Bytes                    : 0
 Block Read Bytes               : 0
 Block Write Bytes              : 0
[===============================================]

[===============================================]
Result of node_idx 4 in node_object 0: Slice (ND, X32)

-- Elapsed Time Analysis --
 Wall-clock Time                      : 90 us
 - Non I/O Handling Time (Estimated)  : 90 us
 - I/O Handling Time                  : 0 us
        - Read Syscall                : 0 us
        - Write Syscall               : 0 us
        - Page Fault                  : 0 us
        - io_uring                    : 0 us

-- I/O Counts --
 Read Syscall Count                   : 0
 Write Syscall Count                  : 0
 Block I/O Count                      : 0
 io_uring Completion Count            : 0

-- Total I/O Time (block device) --
 Total Block I/O Time           : 0

-- Page Faults & Bytes --
 Page Fault Count               : 0
 Read Bytes                     : 0
 Write Bytes                    : 0
 Block Read Bytes               : 0
 Block Write Bytes              : 0
[===============================================]

[===============================================]
Result of node_idx 5 in node_object 0: Static Reshape (NC)

-- Elapsed Time Analysis --
 Wall-clock Time                      : 3 us
 - Non I/O Handling Time (Estimated)  : 3 us
 - I/O Handling Time                  : 0 us
        - Read Syscall                : 0 us
        - Write Syscall               : 0 us
        - Page Fault                  : 0 us
        - io_uring                    : 0 us

-- I/O Counts --
 Read Syscall Count                   : 0
 Write Syscall Count                  : 0
 Block I/O Count                      : 0
 io_uring Completion Count            : 0

-- Total I/O Time (block device) --
 Total Block I/O Time           : 0

-- Page Faults & Bytes --
 Page Fault Count               : 0
 Read Bytes                     : 0
 Write Bytes                    : 0
 Block Read Bytes               : 0
 Block Write Bytes              : 0
[===============================================]

[===============================================]
Result of node_idx 6 in node_object 0: Transpose (ND, X32)

-- Elapsed Time Analysis --
 Wall-clock Time                      : 4 us
 - Non I/O Handling Time (Estimated)  : 4 us
 - I/O Handling Time                  : 0 us
        - Read Syscall                : 0 us
        - Write Syscall               : 0 us
        - Page Fault                  : 0 us
        - io_uring                    : 0 us

-- I/O Counts --
 Read Syscall Count                   : 0
 Write Syscall Count                  : 0
 Block I/O Count                      : 0
 io_uring Completion Count            : 0

-- Total I/O Time (block device) --
 Total Block I/O Time           : 0

-- Page Faults & Bytes --
 Page Fault Count               : 0
 Read Bytes                     : 0
 Write Bytes                    : 0
 Block Read Bytes               : 0
 Block Write Bytes              : 0
[===============================================]

[===============================================]
Result of node_idx 7 in node_object 0: Slice (ND, X32)

-- Elapsed Time Analysis --
 Wall-clock Time                      : 82 us
 - Non I/O Handling Time (Estimated)  : 82 us
 - I/O Handling Time                  : 0 us
        - Read Syscall                : 0 us
        - Write Syscall               : 0 us
        - Page Fault                  : 0 us
        - io_uring                    : 0 us

-- I/O Counts --
 Read Syscall Count                   : 0
 Write Syscall Count                  : 0
 Block I/O Count                      : 0
 io_uring Completion Count            : 0

-- Total I/O Time (block device) --
 Total Block I/O Time           : 0

-- Page Faults & Bytes --
 Page Fault Count               : 0
 Read Bytes                     : 0
 Write Bytes                    : 0
 Block Read Bytes               : 0
 Block Write Bytes              : 0
[===============================================]

[===============================================]
Result of node_idx 8 in node_object 0: Slice (ND, X32)

-- Elapsed Time Analysis --
 Wall-clock Time                      : 95 us
 - Non I/O Handling Time (Estimated)  : 95 us
 - I/O Handling Time                  : 0 us
        - Read Syscall                : 0 us
        - Write Syscall               : 0 us
        - Page Fault                  : 0 us
        - io_uring                    : 0 us

-- I/O Counts --
 Read Syscall Count                   : 0
 Write Syscall Count                  : 0
 Block I/O Count                      : 0
 io_uring Completion Count            : 0

-- Total I/O Time (block device) --
 Total Block I/O Time           : 0

-- Page Faults & Bytes --
 Page Fault Count               : 0
 Read Bytes                     : 0
 Write Bytes                    : 0
 Block Read Bytes               : 0
 Block Write Bytes              : 0
[===============================================]

[===============================================]
Result of node_idx 9 in node_object 0: Multiply (ND)

-- Elapsed Time Analysis --
 Wall-clock Time                      : 95 us
 - Non I/O Handling Time (Estimated)  : 95 us
 - I/O Handling Time                  : 0 us
        - Read Syscall                : 0 us
        - Write Syscall               : 0 us
        - Page Fault                  : 0 us
        - io_uring                    : 0 us

-- I/O Counts --
 Read Syscall Count                   : 0
 Write Syscall Count                  : 0
 Block I/O Count                      : 0
 io_uring Completion Count            : 0

-- Total I/O Time (block device) --
 Total Block I/O Time           : 0

-- Page Faults & Bytes --
 Page Fault Count               : 0
 Read Bytes                     : 0
 Write Bytes                    : 0
 Block Read Bytes               : 0
 Block Write Bytes              : 0
[===============================================]

[===============================================]
Result of node_idx 10 in node_object 0: Multiply (ND)

-- Elapsed Time Analysis --
 Wall-clock Time                      : 86 us
 - Non I/O Handling Time (Estimated)  : 86 us
 - I/O Handling Time                  : 0 us
        - Read Syscall                : 0 us
        - Write Syscall               : 0 us
        - Page Fault                  : 0 us
        - io_uring                    : 0 us

-- I/O Counts --
 Read Syscall Count                   : 0
 Write Syscall Count                  : 0
 Block I/O Count                      : 0
 io_uring Completion Count            : 0

-- Total I/O Time (block device) --
 Total Block I/O Time           : 0

-- Page Faults & Bytes --
 Page Fault Count               : 0
 Read Bytes                     : 0
 Write Bytes                    : 0
 Block Read Bytes               : 0
 Block Write Bytes              : 0
[===============================================]

[===============================================]
Result of node_idx 11 in node_object 0: Subtract (ND)

-- Elapsed Time Analysis --
 Wall-clock Time                      : 12 us
 - Non I/O Handling Time (Estimated)  : 12 us
 - I/O Handling Time                  : 0 us
        - Read Syscall                : 0 us
        - Write Syscall               : 0 us
        - Page Fault                  : 0 us
        - io_uring                    : 0 us

-- I/O Counts --
 Read Syscall Count                   : 0
 Write Syscall Count                  : 0
 Block I/O Count                      : 0
 io_uring Completion Count            : 0

-- Total I/O Time (block device) --
 Total Block I/O Time           : 0

-- Page Faults & Bytes --
 Page Fault Count               : 0
 Read Bytes                     : 0
 Write Bytes                    : 0
 Block Read Bytes               : 0
 Block Write Bytes              : 0
[===============================================]

[===============================================]
Result of node_idx 12 in node_object 0: Multiply (ND)

-- Elapsed Time Analysis --
 Wall-clock Time                      : 6 us
 - Non I/O Handling Time (Estimated)  : 6 us
 - I/O Handling Time                  : 0 us
        - Read Syscall                : 0 us
        - Write Syscall               : 0 us
        - Page Fault                  : 0 us
        - io_uring                    : 0 us

-- I/O Counts --
 Read Syscall Count                   : 0
 Write Syscall Count                  : 0
 Block I/O Count                      : 0
 io_uring Completion Count            : 0

-- Total I/O Time (block device) --
 Total Block I/O Time           : 0

-- Page Faults & Bytes --
 Page Fault Count               : 0
 Read Bytes                     : 0
 Write Bytes                    : 0
 Block Read Bytes               : 0
 Block Write Bytes              : 0
[===============================================]

[===============================================]
Result of node_idx 13 in node_object 0: Multiply (ND)

-- Elapsed Time Analysis --
 Wall-clock Time                      : 5 us
 - Non I/O Handling Time (Estimated)  : 5 us
 - I/O Handling Time                  : 0 us
        - Read Syscall                : 0 us
        - Write Syscall               : 0 us
        - Page Fault                  : 0 us
        - io_uring                    : 0 us

-- I/O Counts --
 Read Syscall Count                   : 0
 Write Syscall Count                  : 0
 Block I/O Count                      : 0
 io_uring Completion Count            : 0

-- Total I/O Time (block device) --
 Total Block I/O Time           : 0

-- Page Faults & Bytes --
 Page Fault Count               : 0
 Read Bytes                     : 0
 Write Bytes                    : 0
 Block Read Bytes               : 0
 Block Write Bytes              : 0
[===============================================]

[===============================================]
Result of node_idx 14 in node_object 0: Add (ND)

-- Elapsed Time Analysis --
 Wall-clock Time                      : 6 us
 - Non I/O Handling Time (Estimated)  : 6 us
 - I/O Handling Time                  : 0 us
        - Read Syscall                : 0 us
        - Write Syscall               : 0 us
        - Page Fault                  : 0 us
        - io_uring                    : 0 us

-- I/O Counts --
 Read Syscall Count                   : 0
 Write Syscall Count                  : 0
 Block I/O Count                      : 0
 io_uring Completion Count            : 0

-- Total I/O Time (block device) --
 Total Block I/O Time           : 0

-- Page Faults & Bytes --
 Page Fault Count               : 0
 Read Bytes                     : 0
 Write Bytes                    : 0
 Block Read Bytes               : 0
 Block Write Bytes              : 0
[===============================================]

[===============================================]
Result of node_idx 15 in node_object 0: Copy (NC, X32)

-- Elapsed Time Analysis --
 Wall-clock Time                      : 6 us
 - Non I/O Handling Time (Estimated)  : 6 us
 - I/O Handling Time                  : 0 us
        - Read Syscall                : 0 us
        - Write Syscall               : 0 us
        - Page Fault                  : 0 us
        - io_uring                    : 0 us

-- I/O Counts --
 Read Syscall Count                   : 0
 Write Syscall Count                  : 0
 Block I/O Count                      : 0
 io_uring Completion Count            : 0

-- Total I/O Time (block device) --
 Total Block I/O Time           : 0

-- Page Faults & Bytes --
 Page Fault Count               : 0
 Read Bytes                     : 0
 Write Bytes                    : 0
 Block Read Bytes               : 0
 Block Write Bytes              : 0
[===============================================]

[===============================================]
Result of node_idx 15 in node_object 1: Copy (NC, X32)

-- Elapsed Time Analysis --
 Wall-clock Time                      : 6 us
 - Non I/O Handling Time (Estimated)  : 6 us
 - I/O Handling Time                  : 0 us
        - Read Syscall                : 0 us
        - Write Syscall               : 0 us
        - Page Fault                  : 0 us
        - io_uring                    : 0 us

-- I/O Counts --
 Read Syscall Count                   : 0
 Write Syscall Count                  : 0
 Block I/O Count                      : 0
 io_uring Completion Count            : 0

-- Total I/O Time (block device) --
 Total Block I/O Time           : 0

-- Page Faults & Bytes --
 Page Fault Count               : 0
 Read Bytes                     : 0
 Write Bytes                    : 0
 Block Read Bytes               : 0
 Block Write Bytes              : 0
[===============================================]

[===============================================]
Result of node_idx 16 in node_object 0: Transpose (ND, X32)

-- Elapsed Time Analysis --
 Wall-clock Time                      : 4 us
 - Non I/O Handling Time (Estimated)  : 4 us
 - I/O Handling Time                  : 0 us
        - Read Syscall                : 0 us
        - Write Syscall               : 0 us
        - Page Fault                  : 0 us
        - io_uring                    : 0 us

-- I/O Counts --
 Read Syscall Count                   : 0
 Write Syscall Count                  : 0
 Block I/O Count                      : 0
 io_uring Completion Count            : 0

-- Total I/O Time (block device) --
 Total Block I/O Time           : 0

-- Page Faults & Bytes --
 Page Fault Count               : 0
 Read Bytes                     : 0
 Write Bytes                    : 0
 Block Read Bytes               : 0
 Block Write Bytes              : 0
[===============================================]

[===============================================]
Result of node_idx 17 in node_object 0: Transpose (ND, X32)

-- Elapsed Time Analysis --
 Wall-clock Time                      : 4 us
 - Non I/O Handling Time (Estimated)  : 4 us
 - I/O Handling Time                  : 0 us
        - Read Syscall                : 0 us
        - Write Syscall               : 0 us
        - Page Fault                  : 0 us
        - io_uring                    : 0 us

-- I/O Counts --
 Read Syscall Count                   : 0
 Write Syscall Count                  : 0
 Block I/O Count                      : 0
 io_uring Completion Count            : 0

-- Total I/O Time (block device) --
 Total Block I/O Time           : 0

-- Page Faults & Bytes --
 Page Fault Count               : 0
 Read Bytes                     : 0
 Write Bytes                    : 0
 Block Read Bytes               : 0
 Block Write Bytes              : 0
[===============================================]

[===============================================]
Result of node_idx 18 in node_object 0: Slice (ND, X32)

-- Elapsed Time Analysis --
 Wall-clock Time                      : 13 us
 - Non I/O Handling Time (Estimated)  : 13 us
 - I/O Handling Time                  : 0 us
        - Read Syscall                : 0 us
        - Write Syscall               : 0 us
        - Page Fault                  : 0 us
        - io_uring                    : 0 us

-- I/O Counts --
 Read Syscall Count                   : 0
 Write Syscall Count                  : 0
 Block I/O Count                      : 0
 io_uring Completion Count            : 0

-- Total I/O Time (block device) --
 Total Block I/O Time           : 0

-- Page Faults & Bytes --
 Page Fault Count               : 0
 Read Bytes                     : 0
 Write Bytes                    : 0
 Block Read Bytes               : 0
 Block Write Bytes              : 0
[===============================================]

[===============================================]
Result of node_idx 19 in node_object 0: Slice (ND, X32)

-- Elapsed Time Analysis --
 Wall-clock Time                      : 7 us
 - Non I/O Handling Time (Estimated)  : 7 us
 - I/O Handling Time                  : 0 us
        - Read Syscall                : 0 us
        - Write Syscall               : 0 us
        - Page Fault                  : 0 us
        - io_uring                    : 0 us

-- I/O Counts --
 Read Syscall Count                   : 0
 Write Syscall Count                  : 0
 Block I/O Count                      : 0
 io_uring Completion Count            : 0

-- Total I/O Time (block device) --
 Total Block I/O Time           : 0

-- Page Faults & Bytes --
 Page Fault Count               : 0
 Read Bytes                     : 0
 Write Bytes                    : 0
 Block Read Bytes               : 0
 Block Write Bytes              : 0
[===============================================]

[===============================================]
Result of node_idx 20 in node_object 0: Multiply (ND)

-- Elapsed Time Analysis --
 Wall-clock Time                      : 6 us
 - Non I/O Handling Time (Estimated)  : 6 us
 - I/O Handling Time                  : 0 us
        - Read Syscall                : 0 us
        - Write Syscall               : 0 us
        - Page Fault                  : 0 us
        - io_uring                    : 0 us

-- I/O Counts --
 Read Syscall Count                   : 0
 Write Syscall Count                  : 0
 Block I/O Count                      : 0
 io_uring Completion Count            : 0

-- Total I/O Time (block device) --
 Total Block I/O Time           : 0

-- Page Faults & Bytes --
 Page Fault Count               : 0
 Read Bytes                     : 0
 Write Bytes                    : 0
 Block Read Bytes               : 0
 Block Write Bytes              : 0
[===============================================]

[===============================================]
Result of node_idx 21 in node_object 0: Multiply (ND)

-- Elapsed Time Analysis --
 Wall-clock Time                      : 6 us
 - Non I/O Handling Time (Estimated)  : 6 us
 - I/O Handling Time                  : 0 us
        - Read Syscall                : 0 us
        - Write Syscall               : 0 us
        - Page Fault                  : 0 us
        - io_uring                    : 0 us

-- I/O Counts --
 Read Syscall Count                   : 0
 Write Syscall Count                  : 0
 Block I/O Count                      : 0
 io_uring Completion Count            : 0

-- Total I/O Time (block device) --
 Total Block I/O Time           : 0

-- Page Faults & Bytes --
 Page Fault Count               : 0
 Read Bytes                     : 0
 Write Bytes                    : 0
 Block Read Bytes               : 0
 Block Write Bytes              : 0
[===============================================]

[===============================================]
Result of node_idx 22 in node_object 0: Subtract (ND)

-- Elapsed Time Analysis --
 Wall-clock Time                      : 6 us
 - Non I/O Handling Time (Estimated)  : 6 us
 - I/O Handling Time                  : 0 us
        - Read Syscall                : 0 us
        - Write Syscall               : 0 us
        - Page Fault                  : 0 us
        - io_uring                    : 0 us

-- I/O Counts --
 Read Syscall Count                   : 0
 Write Syscall Count                  : 0
 Block I/O Count                      : 0
 io_uring Completion Count            : 0

-- Total I/O Time (block device) --
 Total Block I/O Time           : 0

-- Page Faults & Bytes --
 Page Fault Count               : 0
 Read Bytes                     : 0
 Write Bytes                    : 0
 Block Read Bytes               : 0
 Block Write Bytes              : 0
[===============================================]

[===============================================]
Result of node_idx 23 in node_object 0: Multiply (ND)

-- Elapsed Time Analysis --
 Wall-clock Time                      : 5 us
 - Non I/O Handling Time (Estimated)  : 5 us
 - I/O Handling Time                  : 0 us
        - Read Syscall                : 0 us
        - Write Syscall               : 0 us
        - Page Fault                  : 0 us
        - io_uring                    : 0 us

-- I/O Counts --
 Read Syscall Count                   : 0
 Write Syscall Count                  : 0
 Block I/O Count                      : 0
 io_uring Completion Count            : 0

-- Total I/O Time (block device) --
 Total Block I/O Time           : 0

-- Page Faults & Bytes --
 Page Fault Count               : 0
 Read Bytes                     : 0
 Write Bytes                    : 0
 Block Read Bytes               : 0
 Block Write Bytes              : 0
[===============================================]

[===============================================]
Result of node_idx 24 in node_object 0: Multiply (ND)

-- Elapsed Time Analysis --
 Wall-clock Time                      : 5 us
 - Non I/O Handling Time (Estimated)  : 5 us
 - I/O Handling Time                  : 0 us
        - Read Syscall                : 0 us
        - Write Syscall               : 0 us
        - Page Fault                  : 0 us
        - io_uring                    : 0 us

-- I/O Counts --
 Read Syscall Count                   : 0
 Write Syscall Count                  : 0
 Block I/O Count                      : 0
 io_uring Completion Count            : 0

-- Total I/O Time (block device) --
 Total Block I/O Time           : 0

-- Page Faults & Bytes --
 Page Fault Count               : 0
 Read Bytes                     : 0
 Write Bytes                    : 0
 Block Read Bytes               : 0
 Block Write Bytes              : 0
[===============================================]

[===============================================]
Result of node_idx 25 in node_object 0: Add (ND)

-- Elapsed Time Analysis --
 Wall-clock Time                      : 6 us
 - Non I/O Handling Time (Estimated)  : 6 us
 - I/O Handling Time                  : 0 us
        - Read Syscall                : 0 us
        - Write Syscall               : 0 us
        - Page Fault                  : 0 us
        - io_uring                    : 0 us

-- I/O Counts --
 Read Syscall Count                   : 0
 Write Syscall Count                  : 0
 Block I/O Count                      : 0
 io_uring Completion Count            : 0

-- Total I/O Time (block device) --
 Total Block I/O Time           : 0

-- Page Faults & Bytes --
 Page Fault Count               : 0
 Read Bytes                     : 0
 Write Bytes                    : 0
 Block Read Bytes               : 0
 Block Write Bytes              : 0
[===============================================]

[===============================================]
Result of node_idx 26 in node_object 0: Copy (NC, X32)

-- Elapsed Time Analysis --
 Wall-clock Time                      : 6 us
 - Non I/O Handling Time (Estimated)  : 6 us
 - I/O Handling Time                  : 0 us
        - Read Syscall                : 0 us
        - Write Syscall               : 0 us
        - Page Fault                  : 0 us
        - io_uring                    : 0 us

-- I/O Counts --
 Read Syscall Count                   : 0
 Write Syscall Count                  : 0
 Block I/O Count                      : 0
 io_uring Completion Count            : 0

-- Total I/O Time (block device) --
 Total Block I/O Time           : 0

-- Page Faults & Bytes --
 Page Fault Count               : 0
 Read Bytes                     : 0
 Write Bytes                    : 0
 Block Read Bytes               : 0
 Block Write Bytes              : 0
[===============================================]

[===============================================]
Result of node_idx 26 in node_object 1: Copy (NC, X32)

-- Elapsed Time Analysis --
 Wall-clock Time                      : 6 us
 - Non I/O Handling Time (Estimated)  : 6 us
 - I/O Handling Time                  : 0 us
        - Read Syscall                : 0 us
        - Write Syscall               : 0 us
        - Page Fault                  : 0 us
        - io_uring                    : 0 us

-- I/O Counts --
 Read Syscall Count                   : 0
 Write Syscall Count                  : 0
 Block I/O Count                      : 0
 io_uring Completion Count            : 0

-- Total I/O Time (block device) --
 Total Block I/O Time           : 0

-- Page Faults & Bytes --
 Page Fault Count               : 0
 Read Bytes                     : 0
 Write Bytes                    : 0
 Block Read Bytes               : 0
 Block Write Bytes              : 0
[===============================================]

[===============================================]
Result of node_idx 27 in node_object 0: Transpose (ND, X32)

-- Elapsed Time Analysis --
 Wall-clock Time                      : 4 us
 - Non I/O Handling Time (Estimated)  : 4 us
 - I/O Handling Time                  : 0 us
        - Read Syscall                : 0 us
        - Write Syscall               : 0 us
        - Page Fault                  : 0 us
        - io_uring                    : 0 us

-- I/O Counts --
 Read Syscall Count                   : 0
 Write Syscall Count                  : 0
 Block I/O Count                      : 0
 io_uring Completion Count            : 0

-- Total I/O Time (block device) --
 Total Block I/O Time           : 0

-- Page Faults & Bytes --
 Page Fault Count               : 0
 Read Bytes                     : 0
 Write Bytes                    : 0
 Block Read Bytes               : 0
 Block Write Bytes              : 0
[===============================================]

[===============================================]
Result of node_idx 0 in node_object 0: Multiply (ND)

-- Elapsed Time Analysis --
 Wall-clock Time                      : 6 us
 - Non I/O Handling Time (Estimated)  : 6 us
 - I/O Handling Time                  : 0 us
        - Read Syscall                : 0 us
        - Write Syscall               : 0 us
        - Page Fault                  : 0 us
        - io_uring                    : 0 us

-- I/O Counts --
 Read Syscall Count                   : 0
 Write Syscall Count                  : 0
 Block I/O Count                      : 0
 io_uring Completion Count            : 0

-- Total I/O Time (block device) --
 Total Block I/O Time           : 0

-- Page Faults & Bytes --
 Page Fault Count               : 0
 Read Bytes                     : 0
 Write Bytes                    : 0
 Block Read Bytes               : 0
 Block Write Bytes              : 0
[===============================================]

[===============================================]
Result of node_idx 1 in node_object 0: Transpose (ND, X32)

-- Elapsed Time Analysis --
 Wall-clock Time                      : 5 us
 - Non I/O Handling Time (Estimated)  : 5 us
 - I/O Handling Time                  : 0 us
        - Read Syscall                : 0 us
        - Write Syscall               : 0 us
        - Page Fault                  : 0 us
        - io_uring                    : 0 us

-- I/O Counts --
 Read Syscall Count                   : 0
 Write Syscall Count                  : 0
 Block I/O Count                      : 0
 io_uring Completion Count            : 0

-- Total I/O Time (block device) --
 Total Block I/O Time           : 0

-- Page Faults & Bytes --
 Page Fault Count               : 0
 Read Bytes                     : 0
 Write Bytes                    : 0
 Block Read Bytes               : 0
 Block Write Bytes              : 0
[===============================================]

[===============================================]
Result of node_idx 2 in node_object 0: Transpose (ND, X32)

-- Elapsed Time Analysis --
 Wall-clock Time                      : 33 us
 - Non I/O Handling Time (Estimated)  : 33 us
 - I/O Handling Time                  : 0 us
        - Read Syscall                : 0 us
        - Write Syscall               : 0 us
        - Page Fault                  : 0 us
        - io_uring                    : 0 us

-- I/O Counts --
 Read Syscall Count                   : 0
 Write Syscall Count                  : 0
 Block I/O Count                      : 0
 io_uring Completion Count            : 0

-- Total I/O Time (block device) --
 Total Block I/O Time           : 0

-- Page Faults & Bytes --
 Page Fault Count               : 0
 Read Bytes                     : 0
 Write Bytes                    : 0
 Block Read Bytes               : 0
 Block Write Bytes              : 0
[===============================================]

[===============================================]
Result of node_idx 3 in node_object 0: Static Reshape (NC)

-- Elapsed Time Analysis --
 Wall-clock Time                      : 3 us
 - Non I/O Handling Time (Estimated)  : 3 us
 - I/O Handling Time                  : 0 us
        - Read Syscall                : 0 us
        - Write Syscall               : 0 us
        - Page Fault                  : 0 us
        - io_uring                    : 0 us

-- I/O Counts --
 Read Syscall Count                   : 0
 Write Syscall Count                  : 0
 Block I/O Count                      : 0
 io_uring Completion Count            : 0

-- Total I/O Time (block device) --
 Total Block I/O Time           : 0

-- Page Faults & Bytes --
 Page Fault Count               : 0
 Read Bytes                     : 0
 Write Bytes                    : 0
 Block Read Bytes               : 0
 Block Write Bytes              : 0
[===============================================]

[===============================================]
Result of node_idx 4 in node_object 0: Static Reshape (NC)

-- Elapsed Time Analysis --
 Wall-clock Time                      : 3 us
 - Non I/O Handling Time (Estimated)  : 3 us
 - I/O Handling Time                  : 0 us
        - Read Syscall                : 0 us
        - Write Syscall               : 0 us
        - Page Fault                  : 0 us
        - io_uring                    : 0 us

-- I/O Counts --
 Read Syscall Count                   : 0
 Write Syscall Count                  : 0
 Block I/O Count                      : 0
 io_uring Completion Count            : 0

-- Total I/O Time (block device) --
 Total Block I/O Time           : 0

-- Page Faults & Bytes --
 Page Fault Count               : 0
 Read Bytes                     : 0
 Write Bytes                    : 0
 Block Read Bytes               : 0
 Block Write Bytes              : 0
[===============================================]

[===============================================]
Result of node_idx 5 in node_object 0: Batch Matrix Multiply (NC, F32)

-- Elapsed Time Analysis --
 Wall-clock Time                      : 72 us
 - Non I/O Handling Time (Estimated)  : 72 us
 - I/O Handling Time                  : 0 us
        - Read Syscall                : 0 us
        - Write Syscall               : 0 us
        - Page Fault                  : 0 us
        - io_uring                    : 0 us

-- I/O Counts --
 Read Syscall Count                   : 0
 Write Syscall Count                  : 0
 Block I/O Count                      : 0
 io_uring Completion Count            : 0

-- Total I/O Time (block device) --
 Total Block I/O Time           : 0

-- Page Faults & Bytes --
 Page Fault Count               : 0
 Read Bytes                     : 0
 Write Bytes                    : 0
 Block Read Bytes               : 0
 Block Write Bytes              : 0
[===============================================]

[===============================================]
Result of node_idx 6 in node_object 0: Static Reshape (NC)

-- Elapsed Time Analysis --
 Wall-clock Time                      : 4 us
 - Non I/O Handling Time (Estimated)  : 4 us
 - I/O Handling Time                  : 0 us
        - Read Syscall                : 0 us
        - Write Syscall               : 0 us
        - Page Fault                  : 0 us
        - io_uring                    : 0 us

-- I/O Counts --
 Read Syscall Count                   : 0
 Write Syscall Count                  : 0
 Block I/O Count                      : 0
 io_uring Completion Count            : 0

-- Total I/O Time (block device) --
 Total Block I/O Time           : 0

-- Page Faults & Bytes --
 Page Fault Count               : 0
 Read Bytes                     : 0
 Write Bytes                    : 0
 Block Read Bytes               : 0
 Block Write Bytes              : 0
[===============================================]

[===============================================]
Result of node_idx 7 in node_object 0: Add (ND)

-- Elapsed Time Analysis --
 Wall-clock Time                      : 10 us
 - Non I/O Handling Time (Estimated)  : 10 us
 - I/O Handling Time                  : 0 us
        - Read Syscall                : 0 us
        - Write Syscall               : 0 us
        - Page Fault                  : 0 us
        - io_uring                    : 0 us

-- I/O Counts --
 Read Syscall Count                   : 0
 Write Syscall Count                  : 0
 Block I/O Count                      : 0
 io_uring Completion Count            : 0

-- Total I/O Time (block device) --
 Total Block I/O Time           : 0

-- Page Faults & Bytes --
 Page Fault Count               : 0
 Read Bytes                     : 0
 Write Bytes                    : 0
 Block Read Bytes               : 0
 Block Write Bytes              : 0
[===============================================]

[===============================================]
Result of node_idx 8 in node_object 0: Softmax (NC, F32)

-- Elapsed Time Analysis --
 Wall-clock Time                      : 14 us
 - Non I/O Handling Time (Estimated)  : 14 us
 - I/O Handling Time                  : 0 us
        - Read Syscall                : 0 us
        - Write Syscall               : 0 us
        - Page Fault                  : 0 us
        - io_uring                    : 0 us

-- I/O Counts --
 Read Syscall Count                   : 0
 Write Syscall Count                  : 0
 Block I/O Count                      : 0
 io_uring Completion Count            : 0

-- Total I/O Time (block device) --
 Total Block I/O Time           : 0

-- Page Faults & Bytes --
 Page Fault Count               : 0
 Read Bytes                     : 0
 Write Bytes                    : 0
 Block Read Bytes               : 0
 Block Write Bytes              : 0
[===============================================]

[===============================================]
Result of node_idx 9 in node_object 0: Transpose (ND, X32)

-- Elapsed Time Analysis --
 Wall-clock Time                      : 34 us
 - Non I/O Handling Time (Estimated)  : 34 us
 - I/O Handling Time                  : 0 us
        - Read Syscall                : 0 us
        - Write Syscall               : 0 us
        - Page Fault                  : 0 us
        - io_uring                    : 0 us

-- I/O Counts --
 Read Syscall Count                   : 0
 Write Syscall Count                  : 0
 Block I/O Count                      : 0
 io_uring Completion Count            : 0

-- Total I/O Time (block device) --
 Total Block I/O Time           : 0

-- Page Faults & Bytes --
 Page Fault Count               : 0
 Read Bytes                     : 0
 Write Bytes                    : 0
 Block Read Bytes               : 0
 Block Write Bytes              : 0
[===============================================]

[===============================================]
Result of node_idx 10 in node_object 0: Static Reshape (NC)

-- Elapsed Time Analysis --
 Wall-clock Time                      : 4 us
 - Non I/O Handling Time (Estimated)  : 4 us
 - I/O Handling Time                  : 0 us
        - Read Syscall                : 0 us
        - Write Syscall               : 0 us
        - Page Fault                  : 0 us
        - io_uring                    : 0 us

-- I/O Counts --
 Read Syscall Count                   : 0
 Write Syscall Count                  : 0
 Block I/O Count                      : 0
 io_uring Completion Count            : 0

-- Total I/O Time (block device) --
 Total Block I/O Time           : 0

-- Page Faults & Bytes --
 Page Fault Count               : 0
 Read Bytes                     : 0
 Write Bytes                    : 0
 Block Read Bytes               : 0
 Block Write Bytes              : 0
[===============================================]

[===============================================]
Result of node_idx 11 in node_object 0: Static Reshape (NC)

-- Elapsed Time Analysis --
 Wall-clock Time                      : 3 us
 - Non I/O Handling Time (Estimated)  : 3 us
 - I/O Handling Time                  : 0 us
        - Read Syscall                : 0 us
        - Write Syscall               : 0 us
        - Page Fault                  : 0 us
        - io_uring                    : 0 us

-- I/O Counts --
 Read Syscall Count                   : 0
 Write Syscall Count                  : 0
 Block I/O Count                      : 0
 io_uring Completion Count            : 0

-- Total I/O Time (block device) --
 Total Block I/O Time           : 0

-- Page Faults & Bytes --
 Page Fault Count               : 0
 Read Bytes                     : 0
 Write Bytes                    : 0
 Block Read Bytes               : 0
 Block Write Bytes              : 0
[===============================================]

[===============================================]
Result of node_idx 12 in node_object 0: Batch Matrix Multiply (NC, F32)

-- Elapsed Time Analysis --
 Wall-clock Time                      : 65 us
 - Non I/O Handling Time (Estimated)  : 65 us
 - I/O Handling Time                  : 0 us
        - Read Syscall                : 0 us
        - Write Syscall               : 0 us
        - Page Fault                  : 0 us
        - io_uring                    : 0 us

-- I/O Counts --
 Read Syscall Count                   : 0
 Write Syscall Count                  : 0
 Block I/O Count                      : 0
 io_uring Completion Count            : 0

-- Total I/O Time (block device) --
 Total Block I/O Time           : 0

-- Page Faults & Bytes --
 Page Fault Count               : 0
 Read Bytes                     : 0
 Write Bytes                    : 0
 Block Read Bytes               : 0
 Block Write Bytes              : 0
[===============================================]

[===============================================]
Result of node_idx 13 in node_object 0: Static Reshape (NC)

-- Elapsed Time Analysis --
 Wall-clock Time                      : 3 us
 - Non I/O Handling Time (Estimated)  : 3 us
 - I/O Handling Time                  : 0 us
        - Read Syscall                : 0 us
        - Write Syscall               : 0 us
        - Page Fault                  : 0 us
        - io_uring                    : 0 us

-- I/O Counts --
 Read Syscall Count                   : 0
 Write Syscall Count                  : 0
 Block I/O Count                      : 0
 io_uring Completion Count            : 0

-- Total I/O Time (block device) --
 Total Block I/O Time           : 0

-- Page Faults & Bytes --
 Page Fault Count               : 0
 Read Bytes                     : 0
 Write Bytes                    : 0
 Block Read Bytes               : 0
 Block Write Bytes              : 0
[===============================================]

[===============================================]
Result of node_idx 14 in node_object 0: Transpose (ND, X32)

-- Elapsed Time Analysis --
 Wall-clock Time                      : 5 us
 - Non I/O Handling Time (Estimated)  : 5 us
 - I/O Handling Time                  : 0 us
        - Read Syscall                : 0 us
        - Write Syscall               : 0 us
        - Page Fault                  : 0 us
        - io_uring                    : 0 us

-- I/O Counts --
 Read Syscall Count                   : 0
 Write Syscall Count                  : 0
 Block I/O Count                      : 0
 io_uring Completion Count            : 0

-- Total I/O Time (block device) --
 Total Block I/O Time           : 0

-- Page Faults & Bytes --
 Page Fault Count               : 0
 Read Bytes                     : 0
 Write Bytes                    : 0
 Block Read Bytes               : 0
 Block Write Bytes              : 0
[===============================================]

[===============================================]
Result of node_idx 15 in node_object 0: Static Reshape (NC)

-- Elapsed Time Analysis --
 Wall-clock Time                      : 3 us
 - Non I/O Handling Time (Estimated)  : 3 us
 - I/O Handling Time                  : 0 us
        - Read Syscall                : 0 us
        - Write Syscall               : 0 us
        - Page Fault                  : 0 us
        - io_uring                    : 0 us

-- I/O Counts --
 Read Syscall Count                   : 0
 Write Syscall Count                  : 0
 Block I/O Count                      : 0
 io_uring Completion Count            : 0

-- Total I/O Time (block device) --
 Total Block I/O Time           : 0

-- Page Faults & Bytes --
 Page Fault Count               : 0
 Read Bytes                     : 0
 Write Bytes                    : 0
 Block Read Bytes               : 0
 Block Write Bytes              : 0
[===============================================]

[===============================================]
Result of node_idx 16 in node_object 0: Fully Connected (NC, QDU8, F32, QC8W)

-- Elapsed Time Analysis --
 Wall-clock Time                      : 587 us
 - Non I/O Handling Time (Estimated)  : 136 us
 - I/O Handling Time                  : 451 us
        - Read Syscall                : 0 us
        - Write Syscall               : 0 us
        - Page Fault                  : 451 us
        - io_uring                    : 0 us

-- I/O Counts --
 Read Syscall Count                   : 0
 Write Syscall Count                  : 0
 Block I/O Count                      : 0
 io_uring Completion Count            : 0

-- Total I/O Time (block device) --
 Total Block I/O Time           : 0

-- Page Faults & Bytes --
 Page Fault Count               : 6
 Read Bytes                     : 0
 Write Bytes                    : 0
 Block Read Bytes               : 0
 Block Write Bytes              : 0
[===============================================]

[===============================================]
Result of node_idx 17 in node_object 0: Add (ND)

-- Elapsed Time Analysis --
 Wall-clock Time                      : 19 us
 - Non I/O Handling Time (Estimated)  : 19 us
 - I/O Handling Time                  : 0 us
        - Read Syscall                : 0 us
        - Write Syscall               : 0 us
        - Page Fault                  : 0 us
        - io_uring                    : 0 us

-- I/O Counts --
 Read Syscall Count                   : 0
 Write Syscall Count                  : 0
 Block I/O Count                      : 0
 io_uring Completion Count            : 0

-- Total I/O Time (block device) --
 Total Block I/O Time           : 0

-- Page Faults & Bytes --
 Page Fault Count               : 0
 Read Bytes                     : 0
 Write Bytes                    : 0
 Block Read Bytes               : 0
 Block Write Bytes              : 0
[===============================================]

[===============================================]
Result of node_idx 0 in node_object 0: Multiply (ND)

-- Elapsed Time Analysis --
 Wall-clock Time                      : 87 us
 - Non I/O Handling Time (Estimated)  : 87 us
 - I/O Handling Time                  : 0 us
        - Read Syscall                : 0 us
        - Write Syscall               : 0 us
        - Page Fault                  : 0 us
        - io_uring                    : 0 us

-- I/O Counts --
 Read Syscall Count                   : 0
 Write Syscall Count                  : 0
 Block I/O Count                      : 0
 io_uring Completion Count            : 0

-- Total I/O Time (block device) --
 Total Block I/O Time           : 0

-- Page Faults & Bytes --
 Page Fault Count               : 0
 Read Bytes                     : 0
 Write Bytes                    : 0
 Block Read Bytes               : 0
 Block Write Bytes              : 0
[===============================================]

[===============================================]
Result of node_idx 1 in node_object 0: Sum (ND)

-- Elapsed Time Analysis --
 Wall-clock Time                      : 108 us
 - Non I/O Handling Time (Estimated)  : 108 us
 - I/O Handling Time                  : 0 us
        - Read Syscall                : 0 us
        - Write Syscall               : 0 us
        - Page Fault                  : 0 us
        - io_uring                    : 0 us

-- I/O Counts --
 Read Syscall Count                   : 0
 Write Syscall Count                  : 0
 Block I/O Count                      : 0
 io_uring Completion Count            : 0

-- Total I/O Time (block device) --
 Total Block I/O Time           : 0

-- Page Faults & Bytes --
 Page Fault Count               : 0
 Read Bytes                     : 0
 Write Bytes                    : 0
 Block Read Bytes               : 0
 Block Write Bytes              : 0
[===============================================]

[===============================================]
Result of node_idx 2 in node_object 0: Multiply (ND)

-- Elapsed Time Analysis --
 Wall-clock Time                      : 4 us
 - Non I/O Handling Time (Estimated)  : 4 us
 - I/O Handling Time                  : 0 us
        - Read Syscall                : 0 us
        - Write Syscall               : 0 us
        - Page Fault                  : 0 us
        - io_uring                    : 0 us

-- I/O Counts --
 Read Syscall Count                   : 0
 Write Syscall Count                  : 0
 Block I/O Count                      : 0
 io_uring Completion Count            : 0

-- Total I/O Time (block device) --
 Total Block I/O Time           : 0

-- Page Faults & Bytes --
 Page Fault Count               : 0
 Read Bytes                     : 0
 Write Bytes                    : 0
 Block Read Bytes               : 0
 Block Write Bytes              : 0
[===============================================]

[===============================================]
Result of node_idx 3 in node_object 0: Add (ND)

-- Elapsed Time Analysis --
 Wall-clock Time                      : 3 us
 - Non I/O Handling Time (Estimated)  : 3 us
 - I/O Handling Time                  : 0 us
        - Read Syscall                : 0 us
        - Write Syscall               : 0 us
        - Page Fault                  : 0 us
        - io_uring                    : 0 us

-- I/O Counts --
 Read Syscall Count                   : 0
 Write Syscall Count                  : 0
 Block I/O Count                      : 0
 io_uring Completion Count            : 0

-- Total I/O Time (block device) --
 Total Block I/O Time           : 0

-- Page Faults & Bytes --
 Page Fault Count               : 0
 Read Bytes                     : 0
 Write Bytes                    : 0
 Block Read Bytes               : 0
 Block Write Bytes              : 0
[===============================================]

[===============================================]
Result of node_idx 4 in node_object 0: Static Reshape (NC)

-- Elapsed Time Analysis --
 Wall-clock Time                      : 3 us
 - Non I/O Handling Time (Estimated)  : 3 us
 - I/O Handling Time                  : 0 us
        - Read Syscall                : 0 us
        - Write Syscall               : 0 us
        - Page Fault                  : 0 us
        - io_uring                    : 0 us

-- I/O Counts --
 Read Syscall Count                   : 0
 Write Syscall Count                  : 0
 Block I/O Count                      : 0
 io_uring Completion Count            : 0

-- Total I/O Time (block device) --
 Total Block I/O Time           : 0

-- Page Faults & Bytes --
 Page Fault Count               : 0
 Read Bytes                     : 0
 Write Bytes                    : 0
 Block Read Bytes               : 0
 Block Write Bytes              : 0
[===============================================]

[===============================================]
Result of node_idx 5 in node_object 0: Reciprocal Square Root (NC)

-- Elapsed Time Analysis --
 Wall-clock Time                      : 3 us
 - Non I/O Handling Time (Estimated)  : 3 us
 - I/O Handling Time                  : 0 us
        - Read Syscall                : 0 us
        - Write Syscall               : 0 us
        - Page Fault                  : 0 us
        - io_uring                    : 0 us

-- I/O Counts --
 Read Syscall Count                   : 0
 Write Syscall Count                  : 0
 Block I/O Count                      : 0
 io_uring Completion Count            : 0

-- Total I/O Time (block device) --
 Total Block I/O Time           : 0

-- Page Faults & Bytes --
 Page Fault Count               : 0
 Read Bytes                     : 0
 Write Bytes                    : 0
 Block Read Bytes               : 0
 Block Write Bytes              : 0
[===============================================]

[===============================================]
Result of node_idx 6 in node_object 0: Multiply (ND)

-- Elapsed Time Analysis --
 Wall-clock Time                      : 79 us
 - Non I/O Handling Time (Estimated)  : 79 us
 - I/O Handling Time                  : 0 us
        - Read Syscall                : 0 us
        - Write Syscall               : 0 us
        - Page Fault                  : 0 us
        - io_uring                    : 0 us

-- I/O Counts --
 Read Syscall Count                   : 0
 Write Syscall Count                  : 0
 Block I/O Count                      : 0
 io_uring Completion Count            : 0

-- Total I/O Time (block device) --
 Total Block I/O Time           : 0

-- Page Faults & Bytes --
 Page Fault Count               : 0
 Read Bytes                     : 0
 Write Bytes                    : 0
 Block Read Bytes               : 0
 Block Write Bytes              : 0
[===============================================]

[===============================================]
Result of node_idx 7 in node_object 0: Multiply (ND)

-- Elapsed Time Analysis --
 Wall-clock Time                      : 27 us
 - Non I/O Handling Time (Estimated)  : 27 us
 - I/O Handling Time                  : 0 us
        - Read Syscall                : 0 us
        - Write Syscall               : 0 us
        - Page Fault                  : 0 us
        - io_uring                    : 0 us

-- I/O Counts --
 Read Syscall Count                   : 0
 Write Syscall Count                  : 0
 Block I/O Count                      : 0
 io_uring Completion Count            : 0

-- Total I/O Time (block device) --
 Total Block I/O Time           : 0

-- Page Faults & Bytes --
 Page Fault Count               : 0
 Read Bytes                     : 0
 Write Bytes                    : 0
 Block Read Bytes               : 0
 Block Write Bytes              : 0
[===============================================]

[===============================================]
Result of node_idx 0 in node_object 0: Fully Connected (NC, QDU8, F32, QC8W)

-- Elapsed Time Analysis --
 Wall-clock Time                      : 1341 us
 - Non I/O Handling Time (Estimated)  : 118 us
 - I/O Handling Time                  : 1223 us
        - Read Syscall                : 0 us
        - Write Syscall               : 0 us
        - Page Fault                  : 1223 us
        - io_uring                    : 0 us

-- I/O Counts --
 Read Syscall Count                   : 0
 Write Syscall Count                  : 0
 Block I/O Count                      : 1
 io_uring Completion Count            : 0

-- Total I/O Time (block device) --
 Total Block I/O Time           : 0

-- Page Faults & Bytes --
 Page Fault Count               : 7
 Read Bytes                     : 0
 Write Bytes                    : 0
 Block Read Bytes               : 0
 Block Write Bytes              : 0
[===============================================]

[===============================================]
Result of node_idx 1 in node_object 0: Sigmoid (NC)

-- Elapsed Time Analysis --
 Wall-clock Time                      : 91 us
 - Non I/O Handling Time (Estimated)  : 91 us
 - I/O Handling Time                  : 0 us
        - Read Syscall                : 0 us
        - Write Syscall               : 0 us
        - Page Fault                  : 0 us
        - io_uring                    : 0 us

-- I/O Counts --
 Read Syscall Count                   : 0
 Write Syscall Count                  : 0
 Block I/O Count                      : 0
 io_uring Completion Count            : 0

-- Total I/O Time (block device) --
 Total Block I/O Time           : 0

-- Page Faults & Bytes --
 Page Fault Count               : 0
 Read Bytes                     : 0
 Write Bytes                    : 0
 Block Read Bytes               : 0
 Block Write Bytes              : 0
[===============================================]

[===============================================]
Result of node_idx 2 in node_object 0: Multiply (ND)

-- Elapsed Time Analysis --
 Wall-clock Time                      : 96 us
 - Non I/O Handling Time (Estimated)  : 96 us
 - I/O Handling Time                  : 0 us
        - Read Syscall                : 0 us
        - Write Syscall               : 0 us
        - Page Fault                  : 0 us
        - io_uring                    : 0 us

-- I/O Counts --
 Read Syscall Count                   : 0
 Write Syscall Count                  : 0
 Block I/O Count                      : 0
 io_uring Completion Count            : 0

-- Total I/O Time (block device) --
 Total Block I/O Time           : 679

-- Page Faults & Bytes --
 Page Fault Count               : 0
 Read Bytes                     : 0
 Write Bytes                    : 0
 Block Read Bytes               : 131072
 Block Write Bytes              : 0
[===============================================]

[===============================================]
Result of node_idx 3 in node_object 0: Fully Connected (NC, QDU8, F32, QC8W)

-- Elapsed Time Analysis --
 Wall-clock Time                      : 815 us
 - Non I/O Handling Time (Estimated)  : 273 us
 - I/O Handling Time                  : 542 us
        - Read Syscall                : 0 us
        - Write Syscall               : 0 us
        - Page Fault                  : 542 us
        - io_uring                    : 0 us

-- I/O Counts --
 Read Syscall Count                   : 0
 Write Syscall Count                  : 0
 Block I/O Count                      : 2
 io_uring Completion Count            : 0

-- Total I/O Time (block device) --
 Total Block I/O Time           : 723

-- Page Faults & Bytes --
 Page Fault Count               : 4
 Read Bytes                     : 0
 Write Bytes                    : 0
 Block Read Bytes               : 102400
 Block Write Bytes              : 0
[===============================================]

[===============================================]
Result of node_idx 4 in node_object 0: Multiply (ND)

-- Elapsed Time Analysis --
 Wall-clock Time                      : 93 us
 - Non I/O Handling Time (Estimated)  : 93 us
 - I/O Handling Time                  : 0 us
        - Read Syscall                : 0 us
        - Write Syscall               : 0 us
        - Page Fault                  : 0 us
        - io_uring                    : 0 us

-- I/O Counts --
 Read Syscall Count                   : 0
 Write Syscall Count                  : 0
 Block I/O Count                      : 0
 io_uring Completion Count            : 0

-- Total I/O Time (block device) --
 Total Block I/O Time           : 0

-- Page Faults & Bytes --
 Page Fault Count               : 0
 Read Bytes                     : 0
 Write Bytes                    : 0
 Block Read Bytes               : 0
 Block Write Bytes              : 0
[===============================================]

[===============================================]
Result of node_idx 5 in node_object 0: Fully Connected (NC, QDU8, F32, QC8W)

-- Elapsed Time Analysis --
 Wall-clock Time                      : 1296 us
 - Non I/O Handling Time (Estimated)  : 143 us
 - I/O Handling Time                  : 1153 us
        - Read Syscall                : 0 us
        - Write Syscall               : 0 us
        - Page Fault                  : 1153 us
        - io_uring                    : 0 us

-- I/O Counts --
 Read Syscall Count                   : 0
 Write Syscall Count                  : 0
 Block I/O Count                      : 1
 io_uring Completion Count            : 0

-- Total I/O Time (block device) --
 Total Block I/O Time           : 515

-- Page Faults & Bytes --
 Page Fault Count               : 8
 Read Bytes                     : 0
 Write Bytes                    : 0
 Block Read Bytes               : 12288
 Block Write Bytes              : 0
[===============================================]

[===============================================]
Result of node_idx 6 in node_object 0: Add (ND)

-- Elapsed Time Analysis --
 Wall-clock Time                      : 27 us
 - Non I/O Handling Time (Estimated)  : 27 us
 - I/O Handling Time                  : 0 us
        - Read Syscall                : 0 us
        - Write Syscall               : 0 us
        - Page Fault                  : 0 us
        - io_uring                    : 0 us

-- I/O Counts --
 Read Syscall Count                   : 0
 Write Syscall Count                  : 0
 Block I/O Count                      : 0
 io_uring Completion Count            : 0

-- Total I/O Time (block device) --
 Total Block I/O Time           : 0

-- Page Faults & Bytes --
 Page Fault Count               : 0
 Read Bytes                     : 0
 Write Bytes                    : 0
 Block Read Bytes               : 0
 Block Write Bytes              : 0
[===============================================]

[===============================================]
Result of node_idx 0 in node_object 0: Multiply (ND)

-- Elapsed Time Analysis --
 Wall-clock Time                      : 104 us
 - Non I/O Handling Time (Estimated)  : 104 us
 - I/O Handling Time                  : 0 us
        - Read Syscall                : 0 us
        - Write Syscall               : 0 us
        - Page Fault                  : 0 us
        - io_uring                    : 0 us

-- I/O Counts --
 Read Syscall Count                   : 0
 Write Syscall Count                  : 0
 Block I/O Count                      : 0
 io_uring Completion Count            : 0

-- Total I/O Time (block device) --
 Total Block I/O Time           : 0

-- Page Faults & Bytes --
 Page Fault Count               : 0
 Read Bytes                     : 0
 Write Bytes                    : 0
 Block Read Bytes               : 0
 Block Write Bytes              : 0
[===============================================]

[===============================================]
Result of node_idx 1 in node_object 0: Sum (ND)

-- Elapsed Time Analysis --
 Wall-clock Time                      : 106 us
 - Non I/O Handling Time (Estimated)  : 106 us
 - I/O Handling Time                  : 0 us
        - Read Syscall                : 0 us
        - Write Syscall               : 0 us
        - Page Fault                  : 0 us
        - io_uring                    : 0 us

-- I/O Counts --
 Read Syscall Count                   : 0
 Write Syscall Count                  : 0
 Block I/O Count                      : 0
 io_uring Completion Count            : 0

-- Total I/O Time (block device) --
 Total Block I/O Time           : 0

-- Page Faults & Bytes --
 Page Fault Count               : 0
 Read Bytes                     : 0
 Write Bytes                    : 0
 Block Read Bytes               : 0
 Block Write Bytes              : 0
[===============================================]

[===============================================]
Result of node_idx 2 in node_object 0: Multiply (ND)

-- Elapsed Time Analysis --
 Wall-clock Time                      : 3 us
 - Non I/O Handling Time (Estimated)  : 3 us
 - I/O Handling Time                  : 0 us
        - Read Syscall                : 0 us
        - Write Syscall               : 0 us
        - Page Fault                  : 0 us
        - io_uring                    : 0 us

-- I/O Counts --
 Read Syscall Count                   : 0
 Write Syscall Count                  : 0
 Block I/O Count                      : 0
 io_uring Completion Count            : 0

-- Total I/O Time (block device) --
 Total Block I/O Time           : 0

-- Page Faults & Bytes --
 Page Fault Count               : 0
 Read Bytes                     : 0
 Write Bytes                    : 0
 Block Read Bytes               : 0
 Block Write Bytes              : 0
[===============================================]

[===============================================]
Result of node_idx 3 in node_object 0: Add (ND)

-- Elapsed Time Analysis --
 Wall-clock Time                      : 3 us
 - Non I/O Handling Time (Estimated)  : 3 us
 - I/O Handling Time                  : 0 us
        - Read Syscall                : 0 us
        - Write Syscall               : 0 us
        - Page Fault                  : 0 us
        - io_uring                    : 0 us

-- I/O Counts --
 Read Syscall Count                   : 0
 Write Syscall Count                  : 0
 Block I/O Count                      : 0
 io_uring Completion Count            : 0

-- Total I/O Time (block device) --
 Total Block I/O Time           : 0

-- Page Faults & Bytes --
 Page Fault Count               : 0
 Read Bytes                     : 0
 Write Bytes                    : 0
 Block Read Bytes               : 0
 Block Write Bytes              : 0
[===============================================]

[===============================================]
Result of node_idx 4 in node_object 0: Static Reshape (NC)

-- Elapsed Time Analysis --
 Wall-clock Time                      : 2 us
 - Non I/O Handling Time (Estimated)  : 2 us
 - I/O Handling Time                  : 0 us
        - Read Syscall                : 0 us
        - Write Syscall               : 0 us
        - Page Fault                  : 0 us
        - io_uring                    : 0 us

-- I/O Counts --
 Read Syscall Count                   : 0
 Write Syscall Count                  : 0
 Block I/O Count                      : 0
 io_uring Completion Count            : 0

-- Total I/O Time (block device) --
 Total Block I/O Time           : 0

-- Page Faults & Bytes --
 Page Fault Count               : 0
 Read Bytes                     : 0
 Write Bytes                    : 0
 Block Read Bytes               : 0
 Block Write Bytes              : 0
[===============================================]

[===============================================]
Result of node_idx 5 in node_object 0: Reciprocal Square Root (NC)

-- Elapsed Time Analysis --
 Wall-clock Time                      : 3 us
 - Non I/O Handling Time (Estimated)  : 3 us
 - I/O Handling Time                  : 0 us
        - Read Syscall                : 0 us
        - Write Syscall               : 0 us
        - Page Fault                  : 0 us
        - io_uring                    : 0 us

-- I/O Counts --
 Read Syscall Count                   : 0
 Write Syscall Count                  : 0
 Block I/O Count                      : 0
 io_uring Completion Count            : 0

-- Total I/O Time (block device) --
 Total Block I/O Time           : 0

-- Page Faults & Bytes --
 Page Fault Count               : 0
 Read Bytes                     : 0
 Write Bytes                    : 0
 Block Read Bytes               : 0
 Block Write Bytes              : 0
[===============================================]

[===============================================]
Result of node_idx 6 in node_object 0: Multiply (ND)

-- Elapsed Time Analysis --
 Wall-clock Time                      : 97 us
 - Non I/O Handling Time (Estimated)  : 97 us
 - I/O Handling Time                  : 0 us
        - Read Syscall                : 0 us
        - Write Syscall               : 0 us
        - Page Fault                  : 0 us
        - io_uring                    : 0 us

-- I/O Counts --
 Read Syscall Count                   : 0
 Write Syscall Count                  : 0
 Block I/O Count                      : 0
 io_uring Completion Count            : 0

-- Total I/O Time (block device) --
 Total Block I/O Time           : 0

-- Page Faults & Bytes --
 Page Fault Count               : 0
 Read Bytes                     : 0
 Write Bytes                    : 0
 Block Read Bytes               : 0
 Block Write Bytes              : 0
[===============================================]

[===============================================]
Result of node_idx 7 in node_object 0: Multiply (ND)

-- Elapsed Time Analysis --
 Wall-clock Time                      : 17 us
 - Non I/O Handling Time (Estimated)  : 17 us
 - I/O Handling Time                  : 0 us
        - Read Syscall                : 0 us
        - Write Syscall               : 0 us
        - Page Fault                  : 0 us
        - io_uring                    : 0 us

-- I/O Counts --
 Read Syscall Count                   : 0
 Write Syscall Count                  : 0
 Block I/O Count                      : 0
 io_uring Completion Count            : 0

-- Total I/O Time (block device) --
 Total Block I/O Time           : 0

-- Page Faults & Bytes --
 Page Fault Count               : 0
 Read Bytes                     : 0
 Write Bytes                    : 0
 Block Read Bytes               : 0
 Block Write Bytes              : 0
[===============================================]

[===============================================]
Result of node_idx 0 in node_object 0: Fully Connected (NC, QDU8, F32, QC8W)

-- Elapsed Time Analysis --
 Wall-clock Time                      : 742 us
 - Non I/O Handling Time (Estimated)  : 204 us
 - I/O Handling Time                  : 538 us
        - Read Syscall                : 0 us
        - Write Syscall               : 0 us
        - Page Fault                  : 538 us
        - io_uring                    : 0 us

-- I/O Counts --
 Read Syscall Count                   : 0
 Write Syscall Count                  : 0
 Block I/O Count                      : 2
 io_uring Completion Count            : 0

-- Total I/O Time (block device) --
 Total Block I/O Time           : 1003

-- Page Faults & Bytes --
 Page Fault Count               : 2
 Read Bytes                     : 0
 Write Bytes                    : 0
 Block Read Bytes               : 73728
 Block Write Bytes              : 0
[===============================================]

[===============================================]
Result of node_idx 1 in node_object 0: Static Reshape (NC)

-- Elapsed Time Analysis --
 Wall-clock Time                      : 92 us
 - Non I/O Handling Time (Estimated)  : 92 us
 - I/O Handling Time                  : 0 us
        - Read Syscall                : 0 us
        - Write Syscall               : 0 us
        - Page Fault                  : 0 us
        - io_uring                    : 0 us

-- I/O Counts --
 Read Syscall Count                   : 0
 Write Syscall Count                  : 0
 Block I/O Count                      : 0
 io_uring Completion Count            : 0

-- Total I/O Time (block device) --
 Total Block I/O Time           : 0

-- Page Faults & Bytes --
 Page Fault Count               : 0
 Read Bytes                     : 0
 Write Bytes                    : 0
 Block Read Bytes               : 0
 Block Write Bytes              : 0
[===============================================]

[===============================================]
Result of node_idx 2 in node_object 0: Slice (ND, X32)

-- Elapsed Time Analysis --
 Wall-clock Time                      : 95 us
 - Non I/O Handling Time (Estimated)  : 95 us
 - I/O Handling Time                  : 0 us
        - Read Syscall                : 0 us
        - Write Syscall               : 0 us
        - Page Fault                  : 0 us
        - io_uring                    : 0 us

-- I/O Counts --
 Read Syscall Count                   : 0
 Write Syscall Count                  : 0
 Block I/O Count                      : 0
 io_uring Completion Count            : 0

-- Total I/O Time (block device) --
 Total Block I/O Time           : 0

-- Page Faults & Bytes --
 Page Fault Count               : 0
 Read Bytes                     : 0
 Write Bytes                    : 0
 Block Read Bytes               : 0
 Block Write Bytes              : 0
[===============================================]

[===============================================]
Result of node_idx 3 in node_object 0: Slice (ND, X32)

-- Elapsed Time Analysis --
 Wall-clock Time                      : 112 us
 - Non I/O Handling Time (Estimated)  : 112 us
 - I/O Handling Time                  : 0 us
        - Read Syscall                : 0 us
        - Write Syscall               : 0 us
        - Page Fault                  : 0 us
        - io_uring                    : 0 us

-- I/O Counts --
 Read Syscall Count                   : 0
 Write Syscall Count                  : 0
 Block I/O Count                      : 0
 io_uring Completion Count            : 0

-- Total I/O Time (block device) --
 Total Block I/O Time           : 0

-- Page Faults & Bytes --
 Page Fault Count               : 0
 Read Bytes                     : 0
 Write Bytes                    : 0
 Block Read Bytes               : 0
 Block Write Bytes              : 0
[===============================================]

[===============================================]
Result of node_idx 4 in node_object 0: Slice (ND, X32)

-- Elapsed Time Analysis --
 Wall-clock Time                      : 113 us
 - Non I/O Handling Time (Estimated)  : 113 us
 - I/O Handling Time                  : 0 us
        - Read Syscall                : 0 us
        - Write Syscall               : 0 us
        - Page Fault                  : 0 us
        - io_uring                    : 0 us

-- I/O Counts --
 Read Syscall Count                   : 0
 Write Syscall Count                  : 0
 Block I/O Count                      : 0
 io_uring Completion Count            : 0

-- Total I/O Time (block device) --
 Total Block I/O Time           : 0

-- Page Faults & Bytes --
 Page Fault Count               : 0
 Read Bytes                     : 0
 Write Bytes                    : 0
 Block Read Bytes               : 0
 Block Write Bytes              : 0
[===============================================]

[===============================================]
Result of node_idx 5 in node_object 0: Static Reshape (NC)

-- Elapsed Time Analysis --
 Wall-clock Time                      : 6 us
 - Non I/O Handling Time (Estimated)  : 6 us
 - I/O Handling Time                  : 0 us
        - Read Syscall                : 0 us
        - Write Syscall               : 0 us
        - Page Fault                  : 0 us
        - io_uring                    : 0 us

-- I/O Counts --
 Read Syscall Count                   : 0
 Write Syscall Count                  : 0
 Block I/O Count                      : 0
 io_uring Completion Count            : 0

-- Total I/O Time (block device) --
 Total Block I/O Time           : 0

-- Page Faults & Bytes --
 Page Fault Count               : 0
 Read Bytes                     : 0
 Write Bytes                    : 0
 Block Read Bytes               : 0
 Block Write Bytes              : 0
[===============================================]

[===============================================]
Result of node_idx 6 in node_object 0: Transpose (ND, X32)

-- Elapsed Time Analysis --
 Wall-clock Time                      : 5 us
 - Non I/O Handling Time (Estimated)  : 5 us
 - I/O Handling Time                  : 0 us
        - Read Syscall                : 0 us
        - Write Syscall               : 0 us
        - Page Fault                  : 0 us
        - io_uring                    : 0 us

-- I/O Counts --
 Read Syscall Count                   : 0
 Write Syscall Count                  : 0
 Block I/O Count                      : 0
 io_uring Completion Count            : 0

-- Total I/O Time (block device) --
 Total Block I/O Time           : 0

-- Page Faults & Bytes --
 Page Fault Count               : 0
 Read Bytes                     : 0
 Write Bytes                    : 0
 Block Read Bytes               : 0
 Block Write Bytes              : 0
[===============================================]

[===============================================]
Result of node_idx 7 in node_object 0: Slice (ND, X32)

-- Elapsed Time Analysis --
 Wall-clock Time                      : 88 us
 - Non I/O Handling Time (Estimated)  : 88 us
 - I/O Handling Time                  : 0 us
        - Read Syscall                : 0 us
        - Write Syscall               : 0 us
        - Page Fault                  : 0 us
        - io_uring                    : 0 us

-- I/O Counts --
 Read Syscall Count                   : 0
 Write Syscall Count                  : 0
 Block I/O Count                      : 0
 io_uring Completion Count            : 0

-- Total I/O Time (block device) --
 Total Block I/O Time           : 0

-- Page Faults & Bytes --
 Page Fault Count               : 0
 Read Bytes                     : 0
 Write Bytes                    : 0
 Block Read Bytes               : 0
 Block Write Bytes              : 0
[===============================================]

[===============================================]
Result of node_idx 8 in node_object 0: Slice (ND, X32)

-- Elapsed Time Analysis --
 Wall-clock Time                      : 94 us
 - Non I/O Handling Time (Estimated)  : 94 us
 - I/O Handling Time                  : 0 us
        - Read Syscall                : 0 us
        - Write Syscall               : 0 us
        - Page Fault                  : 0 us
        - io_uring                    : 0 us

-- I/O Counts --
 Read Syscall Count                   : 0
 Write Syscall Count                  : 0
 Block I/O Count                      : 0
 io_uring Completion Count            : 0

-- Total I/O Time (block device) --
 Total Block I/O Time           : 0

-- Page Faults & Bytes --
 Page Fault Count               : 0
 Read Bytes                     : 0
 Write Bytes                    : 0
 Block Read Bytes               : 0
 Block Write Bytes              : 0
[===============================================]

[===============================================]
Result of node_idx 9 in node_object 0: Multiply (ND)

-- Elapsed Time Analysis --
 Wall-clock Time                      : 102 us
 - Non I/O Handling Time (Estimated)  : 102 us
 - I/O Handling Time                  : 0 us
        - Read Syscall                : 0 us
        - Write Syscall               : 0 us
        - Page Fault                  : 0 us
        - io_uring                    : 0 us

-- I/O Counts --
 Read Syscall Count                   : 0
 Write Syscall Count                  : 0
 Block I/O Count                      : 0
 io_uring Completion Count            : 0

-- Total I/O Time (block device) --
 Total Block I/O Time           : 0

-- Page Faults & Bytes --
 Page Fault Count               : 0
 Read Bytes                     : 0
 Write Bytes                    : 0
 Block Read Bytes               : 0
 Block Write Bytes              : 0
[===============================================]

[===============================================]
Result of node_idx 10 in node_object 0: Multiply (ND)

-- Elapsed Time Analysis --
 Wall-clock Time                      : 94 us
 - Non I/O Handling Time (Estimated)  : 94 us
 - I/O Handling Time                  : 0 us
        - Read Syscall                : 0 us
        - Write Syscall               : 0 us
        - Page Fault                  : 0 us
        - io_uring                    : 0 us

-- I/O Counts --
 Read Syscall Count                   : 0
 Write Syscall Count                  : 0
 Block I/O Count                      : 0
 io_uring Completion Count            : 0

-- Total I/O Time (block device) --
 Total Block I/O Time           : 0

-- Page Faults & Bytes --
 Page Fault Count               : 0
 Read Bytes                     : 0
 Write Bytes                    : 0
 Block Read Bytes               : 0
 Block Write Bytes              : 0
[===============================================]

[===============================================]
Result of node_idx 11 in node_object 0: Subtract (ND)

-- Elapsed Time Analysis --
 Wall-clock Time                      : 90 us
 - Non I/O Handling Time (Estimated)  : 90 us
 - I/O Handling Time                  : 0 us
        - Read Syscall                : 0 us
        - Write Syscall               : 0 us
        - Page Fault                  : 0 us
        - io_uring                    : 0 us

-- I/O Counts --
 Read Syscall Count                   : 0
 Write Syscall Count                  : 0
 Block I/O Count                      : 0
 io_uring Completion Count            : 0

-- Total I/O Time (block device) --
 Total Block I/O Time           : 0

-- Page Faults & Bytes --
 Page Fault Count               : 0
 Read Bytes                     : 0
 Write Bytes                    : 0
 Block Read Bytes               : 0
 Block Write Bytes              : 0
[===============================================]

[===============================================]
Result of node_idx 12 in node_object 0: Multiply (ND)

-- Elapsed Time Analysis --
 Wall-clock Time                      : 98 us
 - Non I/O Handling Time (Estimated)  : 98 us
 - I/O Handling Time                  : 0 us
        - Read Syscall                : 0 us
        - Write Syscall               : 0 us
        - Page Fault                  : 0 us
        - io_uring                    : 0 us

-- I/O Counts --
 Read Syscall Count                   : 0
 Write Syscall Count                  : 0
 Block I/O Count                      : 0
 io_uring Completion Count            : 0

-- Total I/O Time (block device) --
 Total Block I/O Time           : 0

-- Page Faults & Bytes --
 Page Fault Count               : 0
 Read Bytes                     : 0
 Write Bytes                    : 0
 Block Read Bytes               : 0
 Block Write Bytes              : 0
[===============================================]

[===============================================]
Result of node_idx 13 in node_object 0: Multiply (ND)

-- Elapsed Time Analysis --
 Wall-clock Time                      : 138 us
 - Non I/O Handling Time (Estimated)  : 138 us
 - I/O Handling Time                  : 0 us
        - Read Syscall                : 0 us
        - Write Syscall               : 0 us
        - Page Fault                  : 0 us
        - io_uring                    : 0 us

-- I/O Counts --
 Read Syscall Count                   : 0
 Write Syscall Count                  : 0
 Block I/O Count                      : 0
 io_uring Completion Count            : 0

-- Total I/O Time (block device) --
 Total Block I/O Time           : 0

-- Page Faults & Bytes --
 Page Fault Count               : 0
 Read Bytes                     : 0
 Write Bytes                    : 0
 Block Read Bytes               : 0
 Block Write Bytes              : 0
[===============================================]

[===============================================]
Result of node_idx 14 in node_object 0: Add (ND)

-- Elapsed Time Analysis --
 Wall-clock Time                      : 97 us
 - Non I/O Handling Time (Estimated)  : 97 us
 - I/O Handling Time                  : 0 us
        - Read Syscall                : 0 us
        - Write Syscall               : 0 us
        - Page Fault                  : 0 us
        - io_uring                    : 0 us

-- I/O Counts --
 Read Syscall Count                   : 0
 Write Syscall Count                  : 0
 Block I/O Count                      : 0
 io_uring Completion Count            : 0

-- Total I/O Time (block device) --
 Total Block I/O Time           : 0

-- Page Faults & Bytes --
 Page Fault Count               : 0
 Read Bytes                     : 0
 Write Bytes                    : 0
 Block Read Bytes               : 0
 Block Write Bytes              : 0
[===============================================]

[===============================================]
Result of node_idx 15 in node_object 0: Copy (NC, X32)

-- Elapsed Time Analysis --
 Wall-clock Time                      : 94 us
 - Non I/O Handling Time (Estimated)  : 94 us
 - I/O Handling Time                  : 0 us
        - Read Syscall                : 0 us
        - Write Syscall               : 0 us
        - Page Fault                  : 0 us
        - io_uring                    : 0 us

-- I/O Counts --
 Read Syscall Count                   : 0
 Write Syscall Count                  : 0
 Block I/O Count                      : 0
 io_uring Completion Count            : 0

-- Total I/O Time (block device) --
 Total Block I/O Time           : 0

-- Page Faults & Bytes --
 Page Fault Count               : 0
 Read Bytes                     : 0
 Write Bytes                    : 0
 Block Read Bytes               : 0
 Block Write Bytes              : 0
[===============================================]

[===============================================]
Result of node_idx 15 in node_object 1: Copy (NC, X32)

-- Elapsed Time Analysis --
 Wall-clock Time                      : 101 us
 - Non I/O Handling Time (Estimated)  : 101 us
 - I/O Handling Time                  : 0 us
        - Read Syscall                : 0 us
        - Write Syscall               : 0 us
        - Page Fault                  : 0 us
        - io_uring                    : 0 us

-- I/O Counts --
 Read Syscall Count                   : 0
 Write Syscall Count                  : 0
 Block I/O Count                      : 0
 io_uring Completion Count            : 0

-- Total I/O Time (block device) --
 Total Block I/O Time           : 0

-- Page Faults & Bytes --
 Page Fault Count               : 0
 Read Bytes                     : 0
 Write Bytes                    : 0
 Block Read Bytes               : 0
 Block Write Bytes              : 0
[===============================================]

[===============================================]
Result of node_idx 16 in node_object 0: Transpose (ND, X32)

-- Elapsed Time Analysis --
 Wall-clock Time                      : 6 us
 - Non I/O Handling Time (Estimated)  : 6 us
 - I/O Handling Time                  : 0 us
        - Read Syscall                : 0 us
        - Write Syscall               : 0 us
        - Page Fault                  : 0 us
        - io_uring                    : 0 us

-- I/O Counts --
 Read Syscall Count                   : 0
 Write Syscall Count                  : 0
 Block I/O Count                      : 0
 io_uring Completion Count            : 0

-- Total I/O Time (block device) --
 Total Block I/O Time           : 0

-- Page Faults & Bytes --
 Page Fault Count               : 0
 Read Bytes                     : 0
 Write Bytes                    : 0
 Block Read Bytes               : 0
 Block Write Bytes              : 0
[===============================================]

[===============================================]
Result of node_idx 17 in node_object 0: Transpose (ND, X32)

-- Elapsed Time Analysis --
 Wall-clock Time                      : 3 us
 - Non I/O Handling Time (Estimated)  : 3 us
 - I/O Handling Time                  : 0 us
        - Read Syscall                : 0 us
        - Write Syscall               : 0 us
        - Page Fault                  : 0 us
        - io_uring                    : 0 us

-- I/O Counts --
 Read Syscall Count                   : 0
 Write Syscall Count                  : 0
 Block I/O Count                      : 0
 io_uring Completion Count            : 0

-- Total I/O Time (block device) --
 Total Block I/O Time           : 0

-- Page Faults & Bytes --
 Page Fault Count               : 0
 Read Bytes                     : 0
 Write Bytes                    : 0
 Block Read Bytes               : 0
 Block Write Bytes              : 0
[===============================================]

[===============================================]
Result of node_idx 18 in node_object 0: Slice (ND, X32)

-- Elapsed Time Analysis --
 Wall-clock Time                      : 89 us
 - Non I/O Handling Time (Estimated)  : 89 us
 - I/O Handling Time                  : 0 us
        - Read Syscall                : 0 us
        - Write Syscall               : 0 us
        - Page Fault                  : 0 us
        - io_uring                    : 0 us

-- I/O Counts --
 Read Syscall Count                   : 0
 Write Syscall Count                  : 0
 Block I/O Count                      : 0
 io_uring Completion Count            : 0

-- Total I/O Time (block device) --
 Total Block I/O Time           : 0

-- Page Faults & Bytes --
 Page Fault Count               : 0
 Read Bytes                     : 0
 Write Bytes                    : 0
 Block Read Bytes               : 0
 Block Write Bytes              : 0
[===============================================]

[===============================================]
Result of node_idx 19 in node_object 0: Slice (ND, X32)

-- Elapsed Time Analysis --
 Wall-clock Time                      : 87 us
 - Non I/O Handling Time (Estimated)  : 87 us
 - I/O Handling Time                  : 0 us
        - Read Syscall                : 0 us
        - Write Syscall               : 0 us
        - Page Fault                  : 0 us
        - io_uring                    : 0 us

-- I/O Counts --
 Read Syscall Count                   : 0
 Write Syscall Count                  : 0
 Block I/O Count                      : 0
 io_uring Completion Count            : 0

-- Total I/O Time (block device) --
 Total Block I/O Time           : 0

-- Page Faults & Bytes --
 Page Fault Count               : 0
 Read Bytes                     : 0
 Write Bytes                    : 0
 Block Read Bytes               : 0
 Block Write Bytes              : 0
[===============================================]

[===============================================]
Result of node_idx 20 in node_object 0: Multiply (ND)

-- Elapsed Time Analysis --
 Wall-clock Time                      : 99 us
 - Non I/O Handling Time (Estimated)  : 99 us
 - I/O Handling Time                  : 0 us
        - Read Syscall                : 0 us
        - Write Syscall               : 0 us
        - Page Fault                  : 0 us
        - io_uring                    : 0 us

-- I/O Counts --
 Read Syscall Count                   : 0
 Write Syscall Count                  : 0
 Block I/O Count                      : 0
 io_uring Completion Count            : 0

-- Total I/O Time (block device) --
 Total Block I/O Time           : 0

-- Page Faults & Bytes --
 Page Fault Count               : 0
 Read Bytes                     : 0
 Write Bytes                    : 0
 Block Read Bytes               : 0
 Block Write Bytes              : 0
[===============================================]

[===============================================]
Result of node_idx 21 in node_object 0: Multiply (ND)

-- Elapsed Time Analysis --
 Wall-clock Time                      : 95 us
 - Non I/O Handling Time (Estimated)  : 95 us
 - I/O Handling Time                  : 0 us
        - Read Syscall                : 0 us
        - Write Syscall               : 0 us
        - Page Fault                  : 0 us
        - io_uring                    : 0 us

-- I/O Counts --
 Read Syscall Count                   : 0
 Write Syscall Count                  : 0
 Block I/O Count                      : 0
 io_uring Completion Count            : 0

-- Total I/O Time (block device) --
 Total Block I/O Time           : 0

-- Page Faults & Bytes --
 Page Fault Count               : 0
 Read Bytes                     : 0
 Write Bytes                    : 0
 Block Read Bytes               : 0
 Block Write Bytes              : 0
[===============================================]

[===============================================]
Result of node_idx 22 in node_object 0: Subtract (ND)

-- Elapsed Time Analysis --
 Wall-clock Time                      : 95 us
 - Non I/O Handling Time (Estimated)  : 95 us
 - I/O Handling Time                  : 0 us
        - Read Syscall                : 0 us
        - Write Syscall               : 0 us
        - Page Fault                  : 0 us
        - io_uring                    : 0 us

-- I/O Counts --
 Read Syscall Count                   : 0
 Write Syscall Count                  : 0
 Block I/O Count                      : 0
 io_uring Completion Count            : 0

-- Total I/O Time (block device) --
 Total Block I/O Time           : 0

-- Page Faults & Bytes --
 Page Fault Count               : 0
 Read Bytes                     : 0
 Write Bytes                    : 0
 Block Read Bytes               : 0
 Block Write Bytes              : 0
[===============================================]

[===============================================]
Result of node_idx 23 in node_object 0: Multiply (ND)

-- Elapsed Time Analysis --
 Wall-clock Time                      : 99 us
 - Non I/O Handling Time (Estimated)  : 99 us
 - I/O Handling Time                  : 0 us
        - Read Syscall                : 0 us
        - Write Syscall               : 0 us
        - Page Fault                  : 0 us
        - io_uring                    : 0 us

-- I/O Counts --
 Read Syscall Count                   : 0
 Write Syscall Count                  : 0
 Block I/O Count                      : 0
 io_uring Completion Count            : 0

-- Total I/O Time (block device) --
 Total Block I/O Time           : 0

-- Page Faults & Bytes --
 Page Fault Count               : 0
 Read Bytes                     : 0
 Write Bytes                    : 0
 Block Read Bytes               : 0
 Block Write Bytes              : 0
[===============================================]

[===============================================]
Result of node_idx 24 in node_object 0: Multiply (ND)

-- Elapsed Time Analysis --
 Wall-clock Time                      : 96 us
 - Non I/O Handling Time (Estimated)  : 96 us
 - I/O Handling Time                  : 0 us
        - Read Syscall                : 0 us
        - Write Syscall               : 0 us
        - Page Fault                  : 0 us
        - io_uring                    : 0 us

-- I/O Counts --
 Read Syscall Count                   : 0
 Write Syscall Count                  : 0
 Block I/O Count                      : 0
 io_uring Completion Count            : 0

-- Total I/O Time (block device) --
 Total Block I/O Time           : 0

-- Page Faults & Bytes --
 Page Fault Count               : 0
 Read Bytes                     : 0
 Write Bytes                    : 0
 Block Read Bytes               : 0
 Block Write Bytes              : 0
[===============================================]

[===============================================]
Result of node_idx 25 in node_object 0: Add (ND)

-- Elapsed Time Analysis --
 Wall-clock Time                      : 110 us
 - Non I/O Handling Time (Estimated)  : 110 us
 - I/O Handling Time                  : 0 us
        - Read Syscall                : 0 us
        - Write Syscall               : 0 us
        - Page Fault                  : 0 us
        - io_uring                    : 0 us

-- I/O Counts --
 Read Syscall Count                   : 0
 Write Syscall Count                  : 0
 Block I/O Count                      : 0
 io_uring Completion Count            : 0

-- Total I/O Time (block device) --
 Total Block I/O Time           : 0

-- Page Faults & Bytes --
 Page Fault Count               : 0
 Read Bytes                     : 0
 Write Bytes                    : 0
 Block Read Bytes               : 0
 Block Write Bytes              : 0
[===============================================]

[===============================================]
Result of node_idx 26 in node_object 0: Copy (NC, X32)

-- Elapsed Time Analysis --
 Wall-clock Time                      : 102 us
 - Non I/O Handling Time (Estimated)  : 102 us
 - I/O Handling Time                  : 0 us
        - Read Syscall                : 0 us
        - Write Syscall               : 0 us
        - Page Fault                  : 0 us
        - io_uring                    : 0 us

-- I/O Counts --
 Read Syscall Count                   : 0
 Write Syscall Count                  : 0
 Block I/O Count                      : 0
 io_uring Completion Count            : 0

-- Total I/O Time (block device) --
 Total Block I/O Time           : 0

-- Page Faults & Bytes --
 Page Fault Count               : 0
 Read Bytes                     : 0
 Write Bytes                    : 0
 Block Read Bytes               : 0
 Block Write Bytes              : 0
[===============================================]

[===============================================]
Result of node_idx 26 in node_object 1: Copy (NC, X32)

-- Elapsed Time Analysis --
 Wall-clock Time                      : 13 us
 - Non I/O Handling Time (Estimated)  : 13 us
 - I/O Handling Time                  : 0 us
        - Read Syscall                : 0 us
        - Write Syscall               : 0 us
        - Page Fault                  : 0 us
        - io_uring                    : 0 us

-- I/O Counts --
 Read Syscall Count                   : 0
 Write Syscall Count                  : 0
 Block I/O Count                      : 0
 io_uring Completion Count            : 0

-- Total I/O Time (block device) --
 Total Block I/O Time           : 0

-- Page Faults & Bytes --
 Page Fault Count               : 0
 Read Bytes                     : 0
 Write Bytes                    : 0
 Block Read Bytes               : 0
 Block Write Bytes              : 0
[===============================================]

[===============================================]
Result of node_idx 27 in node_object 0: Transpose (ND, X32)

-- Elapsed Time Analysis --
 Wall-clock Time                      : 4 us
 - Non I/O Handling Time (Estimated)  : 4 us
 - I/O Handling Time                  : 0 us
        - Read Syscall                : 0 us
        - Write Syscall               : 0 us
        - Page Fault                  : 0 us
        - io_uring                    : 0 us

-- I/O Counts --
 Read Syscall Count                   : 0
 Write Syscall Count                  : 0
 Block I/O Count                      : 0
 io_uring Completion Count            : 0

-- Total I/O Time (block device) --
 Total Block I/O Time           : 0

-- Page Faults & Bytes --
 Page Fault Count               : 0
 Read Bytes                     : 0
 Write Bytes                    : 0
 Block Read Bytes               : 0
 Block Write Bytes              : 0
[===============================================]

[===============================================]
Result of node_idx 0 in node_object 0: Multiply (ND)

-- Elapsed Time Analysis --
 Wall-clock Time                      : 6 us
 - Non I/O Handling Time (Estimated)  : 6 us
 - I/O Handling Time                  : 0 us
        - Read Syscall                : 0 us
        - Write Syscall               : 0 us
        - Page Fault                  : 0 us
        - io_uring                    : 0 us

-- I/O Counts --
 Read Syscall Count                   : 0
 Write Syscall Count                  : 0
 Block I/O Count                      : 0
 io_uring Completion Count            : 0

-- Total I/O Time (block device) --
 Total Block I/O Time           : 0

-- Page Faults & Bytes --
 Page Fault Count               : 0
 Read Bytes                     : 0
 Write Bytes                    : 0
 Block Read Bytes               : 0
 Block Write Bytes              : 0
[===============================================]

[===============================================]
Result of node_idx 1 in node_object 0: Transpose (ND, X32)

-- Elapsed Time Analysis --
 Wall-clock Time                      : 5 us
 - Non I/O Handling Time (Estimated)  : 5 us
 - I/O Handling Time                  : 0 us
        - Read Syscall                : 0 us
        - Write Syscall               : 0 us
        - Page Fault                  : 0 us
        - io_uring                    : 0 us

-- I/O Counts --
 Read Syscall Count                   : 0
 Write Syscall Count                  : 0
 Block I/O Count                      : 0
 io_uring Completion Count            : 0

-- Total I/O Time (block device) --
 Total Block I/O Time           : 0

-- Page Faults & Bytes --
 Page Fault Count               : 0
 Read Bytes                     : 0
 Write Bytes                    : 0
 Block Read Bytes               : 0
 Block Write Bytes              : 0
[===============================================]

[===============================================]
Result of node_idx 2 in node_object 0: Transpose (ND, X32)

-- Elapsed Time Analysis --
 Wall-clock Time                      : 27 us
 - Non I/O Handling Time (Estimated)  : 27 us
 - I/O Handling Time                  : 0 us
        - Read Syscall                : 0 us
        - Write Syscall               : 0 us
        - Page Fault                  : 0 us
        - io_uring                    : 0 us

-- I/O Counts --
 Read Syscall Count                   : 0
 Write Syscall Count                  : 0
 Block I/O Count                      : 0
 io_uring Completion Count            : 0

-- Total I/O Time (block device) --
 Total Block I/O Time           : 0

-- Page Faults & Bytes --
 Page Fault Count               : 0
 Read Bytes                     : 0
 Write Bytes                    : 0
 Block Read Bytes               : 0
 Block Write Bytes              : 0
[===============================================]

[===============================================]
Result of node_idx 3 in node_object 0: Static Reshape (NC)

-- Elapsed Time Analysis --
 Wall-clock Time                      : 3 us
 - Non I/O Handling Time (Estimated)  : 3 us
 - I/O Handling Time                  : 0 us
        - Read Syscall                : 0 us
        - Write Syscall               : 0 us
        - Page Fault                  : 0 us
        - io_uring                    : 0 us

-- I/O Counts --
 Read Syscall Count                   : 0
 Write Syscall Count                  : 0
 Block I/O Count                      : 0
 io_uring Completion Count            : 0

-- Total I/O Time (block device) --
 Total Block I/O Time           : 0

-- Page Faults & Bytes --
 Page Fault Count               : 0
 Read Bytes                     : 0
 Write Bytes                    : 0
 Block Read Bytes               : 0
 Block Write Bytes              : 0
[===============================================]

[===============================================]
Result of node_idx 4 in node_object 0: Static Reshape (NC)

-- Elapsed Time Analysis --
 Wall-clock Time                      : 3 us
 - Non I/O Handling Time (Estimated)  : 3 us
 - I/O Handling Time                  : 0 us
        - Read Syscall                : 0 us
        - Write Syscall               : 0 us
        - Page Fault                  : 0 us
        - io_uring                    : 0 us

-- I/O Counts --
 Read Syscall Count                   : 0
 Write Syscall Count                  : 0
 Block I/O Count                      : 0
 io_uring Completion Count            : 0

-- Total I/O Time (block device) --
 Total Block I/O Time           : 0

-- Page Faults & Bytes --
 Page Fault Count               : 0
 Read Bytes                     : 0
 Write Bytes                    : 0
 Block Read Bytes               : 0
 Block Write Bytes              : 0
[===============================================]

[===============================================]
Result of node_idx 5 in node_object 0: Batch Matrix Multiply (NC, F32)

-- Elapsed Time Analysis --
 Wall-clock Time                      : 70 us
 - Non I/O Handling Time (Estimated)  : 70 us
 - I/O Handling Time                  : 0 us
        - Read Syscall                : 0 us
        - Write Syscall               : 0 us
        - Page Fault                  : 0 us
        - io_uring                    : 0 us

-- I/O Counts --
 Read Syscall Count                   : 0
 Write Syscall Count                  : 0
 Block I/O Count                      : 0
 io_uring Completion Count            : 0

-- Total I/O Time (block device) --
 Total Block I/O Time           : 0

-- Page Faults & Bytes --
 Page Fault Count               : 0
 Read Bytes                     : 0
 Write Bytes                    : 0
 Block Read Bytes               : 0
 Block Write Bytes              : 0
[===============================================]

[===============================================]
Result of node_idx 6 in node_object 0: Static Reshape (NC)

-- Elapsed Time Analysis --
 Wall-clock Time                      : 3 us
 - Non I/O Handling Time (Estimated)  : 3 us
 - I/O Handling Time                  : 0 us
        - Read Syscall                : 0 us
        - Write Syscall               : 0 us
        - Page Fault                  : 0 us
        - io_uring                    : 0 us

-- I/O Counts --
 Read Syscall Count                   : 0
 Write Syscall Count                  : 0
 Block I/O Count                      : 0
 io_uring Completion Count            : 0

-- Total I/O Time (block device) --
 Total Block I/O Time           : 0

-- Page Faults & Bytes --
 Page Fault Count               : 0
 Read Bytes                     : 0
 Write Bytes                    : 0
 Block Read Bytes               : 0
 Block Write Bytes              : 0
[===============================================]

[===============================================]
Result of node_idx 7 in node_object 0: Add (ND)

-- Elapsed Time Analysis --
 Wall-clock Time                      : 9 us
 - Non I/O Handling Time (Estimated)  : 9 us
 - I/O Handling Time                  : 0 us
        - Read Syscall                : 0 us
        - Write Syscall               : 0 us
        - Page Fault                  : 0 us
        - io_uring                    : 0 us

-- I/O Counts --
 Read Syscall Count                   : 0
 Write Syscall Count                  : 0
 Block I/O Count                      : 0
 io_uring Completion Count            : 0

-- Total I/O Time (block device) --
 Total Block I/O Time           : 0

-- Page Faults & Bytes --
 Page Fault Count               : 0
 Read Bytes                     : 0
 Write Bytes                    : 0
 Block Read Bytes               : 0
 Block Write Bytes              : 0
[===============================================]

[===============================================]
Result of node_idx 8 in node_object 0: Softmax (NC, F32)

-- Elapsed Time Analysis --
 Wall-clock Time                      : 15 us
 - Non I/O Handling Time (Estimated)  : 15 us
 - I/O Handling Time                  : 0 us
        - Read Syscall                : 0 us
        - Write Syscall               : 0 us
        - Page Fault                  : 0 us
        - io_uring                    : 0 us

-- I/O Counts --
 Read Syscall Count                   : 0
 Write Syscall Count                  : 0
 Block I/O Count                      : 0
 io_uring Completion Count            : 0

-- Total I/O Time (block device) --
 Total Block I/O Time           : 0

-- Page Faults & Bytes --
 Page Fault Count               : 0
 Read Bytes                     : 0
 Write Bytes                    : 0
 Block Read Bytes               : 0
 Block Write Bytes              : 0
[===============================================]

[===============================================]
Result of node_idx 9 in node_object 0: Transpose (ND, X32)

-- Elapsed Time Analysis --
 Wall-clock Time                      : 36 us
 - Non I/O Handling Time (Estimated)  : 36 us
 - I/O Handling Time                  : 0 us
        - Read Syscall                : 0 us
        - Write Syscall               : 0 us
        - Page Fault                  : 0 us
        - io_uring                    : 0 us

-- I/O Counts --
 Read Syscall Count                   : 0
 Write Syscall Count                  : 0
 Block I/O Count                      : 0
 io_uring Completion Count            : 0

-- Total I/O Time (block device) --
 Total Block I/O Time           : 0

-- Page Faults & Bytes --
 Page Fault Count               : 0
 Read Bytes                     : 0
 Write Bytes                    : 0
 Block Read Bytes               : 0
 Block Write Bytes              : 0
[===============================================]

[===============================================]
Result of node_idx 10 in node_object 0: Static Reshape (NC)

-- Elapsed Time Analysis --
 Wall-clock Time                      : 3 us
 - Non I/O Handling Time (Estimated)  : 3 us
 - I/O Handling Time                  : 0 us
        - Read Syscall                : 0 us
        - Write Syscall               : 0 us
        - Page Fault                  : 0 us
        - io_uring                    : 0 us

-- I/O Counts --
 Read Syscall Count                   : 0
 Write Syscall Count                  : 0
 Block I/O Count                      : 0
 io_uring Completion Count            : 0

-- Total I/O Time (block device) --
 Total Block I/O Time           : 0

-- Page Faults & Bytes --
 Page Fault Count               : 0
 Read Bytes                     : 0
 Write Bytes                    : 0
 Block Read Bytes               : 0
 Block Write Bytes              : 0
[===============================================]

[===============================================]
Result of node_idx 11 in node_object 0: Static Reshape (NC)

-- Elapsed Time Analysis --
 Wall-clock Time                      : 3 us
 - Non I/O Handling Time (Estimated)  : 3 us
 - I/O Handling Time                  : 0 us
        - Read Syscall                : 0 us
        - Write Syscall               : 0 us
        - Page Fault                  : 0 us
        - io_uring                    : 0 us

-- I/O Counts --
 Read Syscall Count                   : 0
 Write Syscall Count                  : 0
 Block I/O Count                      : 0
 io_uring Completion Count            : 0

-- Total I/O Time (block device) --
 Total Block I/O Time           : 0

-- Page Faults & Bytes --
 Page Fault Count               : 0
 Read Bytes                     : 0
 Write Bytes                    : 0
 Block Read Bytes               : 0
 Block Write Bytes              : 0
[===============================================]

[===============================================]
Result of node_idx 12 in node_object 0: Batch Matrix Multiply (NC, F32)

-- Elapsed Time Analysis --
 Wall-clock Time                      : 65 us
 - Non I/O Handling Time (Estimated)  : 65 us
 - I/O Handling Time                  : 0 us
        - Read Syscall                : 0 us
        - Write Syscall               : 0 us
        - Page Fault                  : 0 us
        - io_uring                    : 0 us

-- I/O Counts --
 Read Syscall Count                   : 0
 Write Syscall Count                  : 0
 Block I/O Count                      : 0
 io_uring Completion Count            : 0

-- Total I/O Time (block device) --
 Total Block I/O Time           : 0

-- Page Faults & Bytes --
 Page Fault Count               : 0
 Read Bytes                     : 0
 Write Bytes                    : 0
 Block Read Bytes               : 0
 Block Write Bytes              : 0
[===============================================]

[===============================================]
Result of node_idx 13 in node_object 0: Static Reshape (NC)

-- Elapsed Time Analysis --
 Wall-clock Time                      : 3 us
 - Non I/O Handling Time (Estimated)  : 3 us
 - I/O Handling Time                  : 0 us
        - Read Syscall                : 0 us
        - Write Syscall               : 0 us
        - Page Fault                  : 0 us
        - io_uring                    : 0 us

-- I/O Counts --
 Read Syscall Count                   : 0
 Write Syscall Count                  : 0
 Block I/O Count                      : 0
 io_uring Completion Count            : 0

-- Total I/O Time (block device) --
 Total Block I/O Time           : 0

-- Page Faults & Bytes --
 Page Fault Count               : 0
 Read Bytes                     : 0
 Write Bytes                    : 0
 Block Read Bytes               : 0
 Block Write Bytes              : 0
[===============================================]

[===============================================]
Result of node_idx 14 in node_object 0: Transpose (ND, X32)

-- Elapsed Time Analysis --
 Wall-clock Time                      : 5 us
 - Non I/O Handling Time (Estimated)  : 5 us
 - I/O Handling Time                  : 0 us
        - Read Syscall                : 0 us
        - Write Syscall               : 0 us
        - Page Fault                  : 0 us
        - io_uring                    : 0 us

-- I/O Counts --
 Read Syscall Count                   : 0
 Write Syscall Count                  : 0
 Block I/O Count                      : 0
 io_uring Completion Count            : 0

-- Total I/O Time (block device) --
 Total Block I/O Time           : 0

-- Page Faults & Bytes --
 Page Fault Count               : 0
 Read Bytes                     : 0
 Write Bytes                    : 0
 Block Read Bytes               : 0
 Block Write Bytes              : 0
[===============================================]

[===============================================]
Result of node_idx 15 in node_object 0: Static Reshape (NC)

-- Elapsed Time Analysis --
 Wall-clock Time                      : 3 us
 - Non I/O Handling Time (Estimated)  : 3 us
 - I/O Handling Time                  : 0 us
        - Read Syscall                : 0 us
        - Write Syscall               : 0 us
        - Page Fault                  : 0 us
        - io_uring                    : 0 us

-- I/O Counts --
 Read Syscall Count                   : 0
 Write Syscall Count                  : 0
 Block I/O Count                      : 0
 io_uring Completion Count            : 0

-- Total I/O Time (block device) --
 Total Block I/O Time           : 0

-- Page Faults & Bytes --
 Page Fault Count               : 0
 Read Bytes                     : 0
 Write Bytes                    : 0
 Block Read Bytes               : 0
 Block Write Bytes              : 0
[===============================================]

[===============================================]
Result of node_idx 16 in node_object 0: Fully Connected (NC, QDU8, F32, QC8W)

-- Elapsed Time Analysis --
 Wall-clock Time                      : 476 us
 - Non I/O Handling Time (Estimated)  : 103 us
 - I/O Handling Time                  : 373 us
        - Read Syscall                : 0 us
        - Write Syscall               : 0 us
        - Page Fault                  : 373 us
        - io_uring                    : 0 us

-- I/O Counts --
 Read Syscall Count                   : 0
 Write Syscall Count                  : 0
 Block I/O Count                      : 0
 io_uring Completion Count            : 0

-- Total I/O Time (block device) --
 Total Block I/O Time           : 0

-- Page Faults & Bytes --
 Page Fault Count               : 5
 Read Bytes                     : 0
 Write Bytes                    : 0
 Block Read Bytes               : 0
 Block Write Bytes              : 0
[===============================================]

[===============================================]
Result of node_idx 17 in node_object 0: Add (ND)

-- Elapsed Time Analysis --
 Wall-clock Time                      : 20 us
 - Non I/O Handling Time (Estimated)  : 20 us
 - I/O Handling Time                  : 0 us
        - Read Syscall                : 0 us
        - Write Syscall               : 0 us
        - Page Fault                  : 0 us
        - io_uring                    : 0 us

-- I/O Counts --
 Read Syscall Count                   : 0
 Write Syscall Count                  : 0
 Block I/O Count                      : 0
 io_uring Completion Count            : 0

-- Total I/O Time (block device) --
 Total Block I/O Time           : 0

-- Page Faults & Bytes --
 Page Fault Count               : 0
 Read Bytes                     : 0
 Write Bytes                    : 0
 Block Read Bytes               : 0
 Block Write Bytes              : 0
[===============================================]

[===============================================]
Result of node_idx 0 in node_object 0: Multiply (ND)

-- Elapsed Time Analysis --
 Wall-clock Time                      : 94 us
 - Non I/O Handling Time (Estimated)  : 94 us
 - I/O Handling Time                  : 0 us
        - Read Syscall                : 0 us
        - Write Syscall               : 0 us
        - Page Fault                  : 0 us
        - io_uring                    : 0 us

-- I/O Counts --
 Read Syscall Count                   : 0
 Write Syscall Count                  : 0
 Block I/O Count                      : 0
 io_uring Completion Count            : 0

-- Total I/O Time (block device) --
 Total Block I/O Time           : 0

-- Page Faults & Bytes --
 Page Fault Count               : 0
 Read Bytes                     : 0
 Write Bytes                    : 0
 Block Read Bytes               : 0
 Block Write Bytes              : 0
[===============================================]

[===============================================]
Result of node_idx 1 in node_object 0: Sum (ND)

-- Elapsed Time Analysis --
 Wall-clock Time                      : 86 us
 - Non I/O Handling Time (Estimated)  : 86 us
 - I/O Handling Time                  : 0 us
        - Read Syscall                : 0 us
        - Write Syscall               : 0 us
        - Page Fault                  : 0 us
        - io_uring                    : 0 us

-- I/O Counts --
 Read Syscall Count                   : 0
 Write Syscall Count                  : 0
 Block I/O Count                      : 0
 io_uring Completion Count            : 0

-- Total I/O Time (block device) --
 Total Block I/O Time           : 0

-- Page Faults & Bytes --
 Page Fault Count               : 0
 Read Bytes                     : 0
 Write Bytes                    : 0
 Block Read Bytes               : 0
 Block Write Bytes              : 0
[===============================================]

[===============================================]
Result of node_idx 2 in node_object 0: Multiply (ND)

-- Elapsed Time Analysis --
 Wall-clock Time                      : 4 us
 - Non I/O Handling Time (Estimated)  : 4 us
 - I/O Handling Time                  : 0 us
        - Read Syscall                : 0 us
        - Write Syscall               : 0 us
        - Page Fault                  : 0 us
        - io_uring                    : 0 us

-- I/O Counts --
 Read Syscall Count                   : 0
 Write Syscall Count                  : 0
 Block I/O Count                      : 0
 io_uring Completion Count            : 0

-- Total I/O Time (block device) --
 Total Block I/O Time           : 0

-- Page Faults & Bytes --
 Page Fault Count               : 0
 Read Bytes                     : 0
 Write Bytes                    : 0
 Block Read Bytes               : 0
 Block Write Bytes              : 0
[===============================================]

[===============================================]
Result of node_idx 3 in node_object 0: Add (ND)

-- Elapsed Time Analysis --
 Wall-clock Time                      : 3 us
 - Non I/O Handling Time (Estimated)  : 3 us
 - I/O Handling Time                  : 0 us
        - Read Syscall                : 0 us
        - Write Syscall               : 0 us
        - Page Fault                  : 0 us
        - io_uring                    : 0 us

-- I/O Counts --
 Read Syscall Count                   : 0
 Write Syscall Count                  : 0
 Block I/O Count                      : 0
 io_uring Completion Count            : 0

-- Total I/O Time (block device) --
 Total Block I/O Time           : 0

-- Page Faults & Bytes --
 Page Fault Count               : 0
 Read Bytes                     : 0
 Write Bytes                    : 0
 Block Read Bytes               : 0
 Block Write Bytes              : 0
[===============================================]

[===============================================]
Result of node_idx 4 in node_object 0: Static Reshape (NC)

-- Elapsed Time Analysis --
 Wall-clock Time                      : 2 us
 - Non I/O Handling Time (Estimated)  : 2 us
 - I/O Handling Time                  : 0 us
        - Read Syscall                : 0 us
        - Write Syscall               : 0 us
        - Page Fault                  : 0 us
        - io_uring                    : 0 us

-- I/O Counts --
 Read Syscall Count                   : 0
 Write Syscall Count                  : 0
 Block I/O Count                      : 0
 io_uring Completion Count            : 0

-- Total I/O Time (block device) --
 Total Block I/O Time           : 0

-- Page Faults & Bytes --
 Page Fault Count               : 0
 Read Bytes                     : 0
 Write Bytes                    : 0
 Block Read Bytes               : 0
 Block Write Bytes              : 0
[===============================================]

[===============================================]
Result of node_idx 5 in node_object 0: Reciprocal Square Root (NC)

-- Elapsed Time Analysis --
 Wall-clock Time                      : 3 us
 - Non I/O Handling Time (Estimated)  : 3 us
 - I/O Handling Time                  : 0 us
        - Read Syscall                : 0 us
        - Write Syscall               : 0 us
        - Page Fault                  : 0 us
        - io_uring                    : 0 us

-- I/O Counts --
 Read Syscall Count                   : 0
 Write Syscall Count                  : 0
 Block I/O Count                      : 0
 io_uring Completion Count            : 0

-- Total I/O Time (block device) --
 Total Block I/O Time           : 0

-- Page Faults & Bytes --
 Page Fault Count               : 0
 Read Bytes                     : 0
 Write Bytes                    : 0
 Block Read Bytes               : 0
 Block Write Bytes              : 0
[===============================================]

[===============================================]
Result of node_idx 6 in node_object 0: Multiply (ND)

-- Elapsed Time Analysis --
 Wall-clock Time                      : 101 us
 - Non I/O Handling Time (Estimated)  : 101 us
 - I/O Handling Time                  : 0 us
        - Read Syscall                : 0 us
        - Write Syscall               : 0 us
        - Page Fault                  : 0 us
        - io_uring                    : 0 us

-- I/O Counts --
 Read Syscall Count                   : 0
 Write Syscall Count                  : 0
 Block I/O Count                      : 0
 io_uring Completion Count            : 0

-- Total I/O Time (block device) --
 Total Block I/O Time           : 0

-- Page Faults & Bytes --
 Page Fault Count               : 0
 Read Bytes                     : 0
 Write Bytes                    : 0
 Block Read Bytes               : 0
 Block Write Bytes              : 0
[===============================================]

[===============================================]
Result of node_idx 7 in node_object 0: Multiply (ND)

-- Elapsed Time Analysis --
 Wall-clock Time                      : 31 us
 - Non I/O Handling Time (Estimated)  : 31 us
 - I/O Handling Time                  : 0 us
        - Read Syscall                : 0 us
        - Write Syscall               : 0 us
        - Page Fault                  : 0 us
        - io_uring                    : 0 us

-- I/O Counts --
 Read Syscall Count                   : 0
 Write Syscall Count                  : 0
 Block I/O Count                      : 0
 io_uring Completion Count            : 0

-- Total I/O Time (block device) --
 Total Block I/O Time           : 0

-- Page Faults & Bytes --
 Page Fault Count               : 0
 Read Bytes                     : 0
 Write Bytes                    : 0
 Block Read Bytes               : 0
 Block Write Bytes              : 0
[===============================================]

[===============================================]
Result of node_idx 0 in node_object 0: Fully Connected (NC, QDU8, F32, QC8W)

-- Elapsed Time Analysis --
 Wall-clock Time                      : 1045 us
 - Non I/O Handling Time (Estimated)  : 123 us
 - I/O Handling Time                  : 922 us
        - Read Syscall                : 0 us
        - Write Syscall               : 0 us
        - Page Fault                  : 922 us
        - io_uring                    : 0 us

-- I/O Counts --
 Read Syscall Count                   : 0
 Write Syscall Count                  : 0
 Block I/O Count                      : 5
 io_uring Completion Count            : 0

-- Total I/O Time (block device) --
 Total Block I/O Time           : 1075

-- Page Faults & Bytes --
 Page Fault Count               : 8
 Read Bytes                     : 0
 Write Bytes                    : 0
 Block Read Bytes               : 122880
 Block Write Bytes              : 0
[===============================================]

[===============================================]
Result of node_idx 1 in node_object 0: Sigmoid (NC)

-- Elapsed Time Analysis --
 Wall-clock Time                      : 92 us
 - Non I/O Handling Time (Estimated)  : 92 us
 - I/O Handling Time                  : 0 us
        - Read Syscall                : 0 us
        - Write Syscall               : 0 us
        - Page Fault                  : 0 us
        - io_uring                    : 0 us

-- I/O Counts --
 Read Syscall Count                   : 0
 Write Syscall Count                  : 0
 Block I/O Count                      : 0
 io_uring Completion Count            : 0

-- Total I/O Time (block device) --
 Total Block I/O Time           : 0

-- Page Faults & Bytes --
 Page Fault Count               : 0
 Read Bytes                     : 0
 Write Bytes                    : 0
 Block Read Bytes               : 0
 Block Write Bytes              : 0
[===============================================]

[===============================================]
Result of node_idx 2 in node_object 0: Multiply (ND)

-- Elapsed Time Analysis --
 Wall-clock Time                      : 100 us
 - Non I/O Handling Time (Estimated)  : 100 us
 - I/O Handling Time                  : 0 us
        - Read Syscall                : 0 us
        - Write Syscall               : 0 us
        - Page Fault                  : 0 us
        - io_uring                    : 0 us

-- I/O Counts --
 Read Syscall Count                   : 0
 Write Syscall Count                  : 0
 Block I/O Count                      : 0
 io_uring Completion Count            : 0

-- Total I/O Time (block device) --
 Total Block I/O Time           : 0

-- Page Faults & Bytes --
 Page Fault Count               : 0
 Read Bytes                     : 0
 Write Bytes                    : 0
 Block Read Bytes               : 0
 Block Write Bytes              : 0
[===============================================]

[===============================================]
Result of node_idx 3 in node_object 0: Fully Connected (NC, QDU8, F32, QC8W)

-- Elapsed Time Analysis --
 Wall-clock Time                      : 967 us
 - Non I/O Handling Time (Estimated)  : 200 us
 - I/O Handling Time                  : 767 us
        - Read Syscall                : 0 us
        - Write Syscall               : 0 us
        - Page Fault                  : 767 us
        - io_uring                    : 0 us

-- I/O Counts --
 Read Syscall Count                   : 0
 Write Syscall Count                  : 0
 Block I/O Count                      : 1
 io_uring Completion Count            : 0

-- Total I/O Time (block device) --
 Total Block I/O Time           : 342

-- Page Faults & Bytes --
 Page Fault Count               : 7
 Read Bytes                     : 0
 Write Bytes                    : 0
 Block Read Bytes               : 131072
 Block Write Bytes              : 0
[===============================================]

[===============================================]
Result of node_idx 4 in node_object 0: Multiply (ND)

-- Elapsed Time Analysis --
 Wall-clock Time                      : 14 us
 - Non I/O Handling Time (Estimated)  : 14 us
 - I/O Handling Time                  : 0 us
        - Read Syscall                : 0 us
        - Write Syscall               : 0 us
        - Page Fault                  : 0 us
        - io_uring                    : 0 us

-- I/O Counts --
 Read Syscall Count                   : 0
 Write Syscall Count                  : 0
 Block I/O Count                      : 0
 io_uring Completion Count            : 0

-- Total I/O Time (block device) --
 Total Block I/O Time           : 0

-- Page Faults & Bytes --
 Page Fault Count               : 0
 Read Bytes                     : 0
 Write Bytes                    : 0
 Block Read Bytes               : 0
 Block Write Bytes              : 0
[===============================================]

[===============================================]
Result of node_idx 5 in node_object 0: Fully Connected (NC, QDU8, F32, QC8W)

-- Elapsed Time Analysis --
 Wall-clock Time                      : 952 us
 - Non I/O Handling Time (Estimated)  : 39 us
 - I/O Handling Time                  : 913 us
        - Read Syscall                : 0 us
        - Write Syscall               : 0 us
        - Page Fault                  : 913 us
        - io_uring                    : 0 us

-- I/O Counts --
 Read Syscall Count                   : 0
 Write Syscall Count                  : 0
 Block I/O Count                      : 2
 io_uring Completion Count            : 0

-- Total I/O Time (block device) --
 Total Block I/O Time           : 213

-- Page Faults & Bytes --
 Page Fault Count               : 9
 Read Bytes                     : 0
 Write Bytes                    : 0
 Block Read Bytes               : 32768
 Block Write Bytes              : 0
[===============================================]

[===============================================]
Result of node_idx 6 in node_object 0: Add (ND)

-- Elapsed Time Analysis --
 Wall-clock Time                      : 14 us
 - Non I/O Handling Time (Estimated)  : 14 us
 - I/O Handling Time                  : 0 us
        - Read Syscall                : 0 us
        - Write Syscall               : 0 us
        - Page Fault                  : 0 us
        - io_uring                    : 0 us

-- I/O Counts --
 Read Syscall Count                   : 0
 Write Syscall Count                  : 0
 Block I/O Count                      : 0
 io_uring Completion Count            : 0

-- Total I/O Time (block device) --
 Total Block I/O Time           : 0

-- Page Faults & Bytes --
 Page Fault Count               : 0
 Read Bytes                     : 0
 Write Bytes                    : 0
 Block Read Bytes               : 0
 Block Write Bytes              : 0
[===============================================]

[===============================================]
Result of node_idx 0 in node_object 0: Multiply (ND)

-- Elapsed Time Analysis --
 Wall-clock Time                      : 103 us
 - Non I/O Handling Time (Estimated)  : 103 us
 - I/O Handling Time                  : 0 us
        - Read Syscall                : 0 us
        - Write Syscall               : 0 us
        - Page Fault                  : 0 us
        - io_uring                    : 0 us

-- I/O Counts --
 Read Syscall Count                   : 0
 Write Syscall Count                  : 0
 Block I/O Count                      : 0
 io_uring Completion Count            : 0

-- Total I/O Time (block device) --
 Total Block I/O Time           : 0

-- Page Faults & Bytes --
 Page Fault Count               : 0
 Read Bytes                     : 0
 Write Bytes                    : 0
 Block Read Bytes               : 0
 Block Write Bytes              : 0
[===============================================]

[===============================================]
Result of node_idx 1 in node_object 0: Sum (ND)

-- Elapsed Time Analysis --
 Wall-clock Time                      : 107 us
 - Non I/O Handling Time (Estimated)  : 107 us
 - I/O Handling Time                  : 0 us
        - Read Syscall                : 0 us
        - Write Syscall               : 0 us
        - Page Fault                  : 0 us
        - io_uring                    : 0 us

-- I/O Counts --
 Read Syscall Count                   : 0
 Write Syscall Count                  : 0
 Block I/O Count                      : 0
 io_uring Completion Count            : 0

-- Total I/O Time (block device) --
 Total Block I/O Time           : 0

-- Page Faults & Bytes --
 Page Fault Count               : 0
 Read Bytes                     : 0
 Write Bytes                    : 0
 Block Read Bytes               : 0
 Block Write Bytes              : 0
[===============================================]

[===============================================]
Result of node_idx 2 in node_object 0: Multiply (ND)

-- Elapsed Time Analysis --
 Wall-clock Time                      : 4 us
 - Non I/O Handling Time (Estimated)  : 4 us
 - I/O Handling Time                  : 0 us
        - Read Syscall                : 0 us
        - Write Syscall               : 0 us
        - Page Fault                  : 0 us
        - io_uring                    : 0 us

-- I/O Counts --
 Read Syscall Count                   : 0
 Write Syscall Count                  : 0
 Block I/O Count                      : 0
 io_uring Completion Count            : 0

-- Total I/O Time (block device) --
 Total Block I/O Time           : 0

-- Page Faults & Bytes --
 Page Fault Count               : 0
 Read Bytes                     : 0
 Write Bytes                    : 0
 Block Read Bytes               : 0
 Block Write Bytes              : 0
[===============================================]

[===============================================]
Result of node_idx 3 in node_object 0: Add (ND)

-- Elapsed Time Analysis --
 Wall-clock Time                      : 3 us
 - Non I/O Handling Time (Estimated)  : 3 us
 - I/O Handling Time                  : 0 us
        - Read Syscall                : 0 us
        - Write Syscall               : 0 us
        - Page Fault                  : 0 us
        - io_uring                    : 0 us

-- I/O Counts --
 Read Syscall Count                   : 0
 Write Syscall Count                  : 0
 Block I/O Count                      : 0
 io_uring Completion Count            : 0

-- Total I/O Time (block device) --
 Total Block I/O Time           : 0

-- Page Faults & Bytes --
 Page Fault Count               : 0
 Read Bytes                     : 0
 Write Bytes                    : 0
 Block Read Bytes               : 0
 Block Write Bytes              : 0
[===============================================]

[===============================================]
Result of node_idx 4 in node_object 0: Static Reshape (NC)

-- Elapsed Time Analysis --
 Wall-clock Time                      : 3 us
 - Non I/O Handling Time (Estimated)  : 3 us
 - I/O Handling Time                  : 0 us
        - Read Syscall                : 0 us
        - Write Syscall               : 0 us
        - Page Fault                  : 0 us
        - io_uring                    : 0 us

-- I/O Counts --
 Read Syscall Count                   : 0
 Write Syscall Count                  : 0
 Block I/O Count                      : 0
 io_uring Completion Count            : 0

-- Total I/O Time (block device) --
 Total Block I/O Time           : 0

-- Page Faults & Bytes --
 Page Fault Count               : 0
 Read Bytes                     : 0
 Write Bytes                    : 0
 Block Read Bytes               : 0
 Block Write Bytes              : 0
[===============================================]

[===============================================]
Result of node_idx 5 in node_object 0: Reciprocal Square Root (NC)

-- Elapsed Time Analysis --
 Wall-clock Time                      : 3 us
 - Non I/O Handling Time (Estimated)  : 3 us
 - I/O Handling Time                  : 0 us
        - Read Syscall                : 0 us
        - Write Syscall               : 0 us
        - Page Fault                  : 0 us
        - io_uring                    : 0 us

-- I/O Counts --
 Read Syscall Count                   : 0
 Write Syscall Count                  : 0
 Block I/O Count                      : 0
 io_uring Completion Count            : 0

-- Total I/O Time (block device) --
 Total Block I/O Time           : 0

-- Page Faults & Bytes --
 Page Fault Count               : 0
 Read Bytes                     : 0
 Write Bytes                    : 0
 Block Read Bytes               : 0
 Block Write Bytes              : 0
[===============================================]

[===============================================]
Result of node_idx 6 in node_object 0: Multiply (ND)

-- Elapsed Time Analysis --
 Wall-clock Time                      : 98 us
 - Non I/O Handling Time (Estimated)  : 98 us
 - I/O Handling Time                  : 0 us
        - Read Syscall                : 0 us
        - Write Syscall               : 0 us
        - Page Fault                  : 0 us
        - io_uring                    : 0 us

-- I/O Counts --
 Read Syscall Count                   : 0
 Write Syscall Count                  : 0
 Block I/O Count                      : 0
 io_uring Completion Count            : 0

-- Total I/O Time (block device) --
 Total Block I/O Time           : 0

-- Page Faults & Bytes --
 Page Fault Count               : 0
 Read Bytes                     : 0
 Write Bytes                    : 0
 Block Read Bytes               : 0
 Block Write Bytes              : 0
[===============================================]

[===============================================]
Result of node_idx 7 in node_object 0: Multiply (ND)

-- Elapsed Time Analysis --
 Wall-clock Time                      : 23 us
 - Non I/O Handling Time (Estimated)  : 23 us
 - I/O Handling Time                  : 0 us
        - Read Syscall                : 0 us
        - Write Syscall               : 0 us
        - Page Fault                  : 0 us
        - io_uring                    : 0 us

-- I/O Counts --
 Read Syscall Count                   : 0
 Write Syscall Count                  : 0
 Block I/O Count                      : 0
 io_uring Completion Count            : 0

-- Total I/O Time (block device) --
 Total Block I/O Time           : 0

-- Page Faults & Bytes --
 Page Fault Count               : 0
 Read Bytes                     : 0
 Write Bytes                    : 0
 Block Read Bytes               : 0
 Block Write Bytes              : 0
[===============================================]

[===============================================]
Result of node_idx 0 in node_object 0: Fully Connected (NC, QDU8, F32, QC8W)

-- Elapsed Time Analysis --
 Wall-clock Time                      : 540 us
 - Non I/O Handling Time (Estimated)  : 127 us
 - I/O Handling Time                  : 413 us
        - Read Syscall                : 0 us
        - Write Syscall               : 0 us
        - Page Fault                  : 413 us
        - io_uring                    : 0 us

-- I/O Counts --
 Read Syscall Count                   : 0
 Write Syscall Count                  : 0
 Block I/O Count                      : 2
 io_uring Completion Count            : 0

-- Total I/O Time (block device) --
 Total Block I/O Time           : 446

-- Page Faults & Bytes --
 Page Fault Count               : 5
 Read Bytes                     : 0
 Write Bytes                    : 0
 Block Read Bytes               : 24576
 Block Write Bytes              : 0
[===============================================]

[===============================================]
Result of node_idx 1 in node_object 0: Static Reshape (NC)

-- Elapsed Time Analysis --
 Wall-clock Time                      : 80 us
 - Non I/O Handling Time (Estimated)  : 80 us
 - I/O Handling Time                  : 0 us
        - Read Syscall                : 0 us
        - Write Syscall               : 0 us
        - Page Fault                  : 0 us
        - io_uring                    : 0 us

-- I/O Counts --
 Read Syscall Count                   : 0
 Write Syscall Count                  : 0
 Block I/O Count                      : 0
 io_uring Completion Count            : 0

-- Total I/O Time (block device) --
 Total Block I/O Time           : 0

-- Page Faults & Bytes --
 Page Fault Count               : 0
 Read Bytes                     : 0
 Write Bytes                    : 0
 Block Read Bytes               : 0
 Block Write Bytes              : 0
[===============================================]

[===============================================]
Result of node_idx 2 in node_object 0: Slice (ND, X32)

-- Elapsed Time Analysis --
 Wall-clock Time                      : 99 us
 - Non I/O Handling Time (Estimated)  : 99 us
 - I/O Handling Time                  : 0 us
        - Read Syscall                : 0 us
        - Write Syscall               : 0 us
        - Page Fault                  : 0 us
        - io_uring                    : 0 us

-- I/O Counts --
 Read Syscall Count                   : 0
 Write Syscall Count                  : 0
 Block I/O Count                      : 0
 io_uring Completion Count            : 0

-- Total I/O Time (block device) --
 Total Block I/O Time           : 0

-- Page Faults & Bytes --
 Page Fault Count               : 0
 Read Bytes                     : 0
 Write Bytes                    : 0
 Block Read Bytes               : 0
 Block Write Bytes              : 0
[===============================================]

[===============================================]
Result of node_idx 3 in node_object 0: Slice (ND, X32)

-- Elapsed Time Analysis --
 Wall-clock Time                      : 94 us
 - Non I/O Handling Time (Estimated)  : 94 us
 - I/O Handling Time                  : 0 us
        - Read Syscall                : 0 us
        - Write Syscall               : 0 us
        - Page Fault                  : 0 us
        - io_uring                    : 0 us

-- I/O Counts --
 Read Syscall Count                   : 0
 Write Syscall Count                  : 0
 Block I/O Count                      : 0
 io_uring Completion Count            : 0

-- Total I/O Time (block device) --
 Total Block I/O Time           : 0

-- Page Faults & Bytes --
 Page Fault Count               : 0
 Read Bytes                     : 0
 Write Bytes                    : 0
 Block Read Bytes               : 0
 Block Write Bytes              : 0
[===============================================]

[===============================================]
Result of node_idx 4 in node_object 0: Slice (ND, X32)

-- Elapsed Time Analysis --
 Wall-clock Time                      : 113 us
 - Non I/O Handling Time (Estimated)  : 113 us
 - I/O Handling Time                  : 0 us
        - Read Syscall                : 0 us
        - Write Syscall               : 0 us
        - Page Fault                  : 0 us
        - io_uring                    : 0 us

-- I/O Counts --
 Read Syscall Count                   : 0
 Write Syscall Count                  : 0
 Block I/O Count                      : 0
 io_uring Completion Count            : 0

-- Total I/O Time (block device) --
 Total Block I/O Time           : 0

-- Page Faults & Bytes --
 Page Fault Count               : 0
 Read Bytes                     : 0
 Write Bytes                    : 0
 Block Read Bytes               : 0
 Block Write Bytes              : 0
[===============================================]

[===============================================]
Result of node_idx 5 in node_object 0: Static Reshape (NC)

-- Elapsed Time Analysis --
 Wall-clock Time                      : 4 us
 - Non I/O Handling Time (Estimated)  : 4 us
 - I/O Handling Time                  : 0 us
        - Read Syscall                : 0 us
        - Write Syscall               : 0 us
        - Page Fault                  : 0 us
        - io_uring                    : 0 us

-- I/O Counts --
 Read Syscall Count                   : 0
 Write Syscall Count                  : 0
 Block I/O Count                      : 0
 io_uring Completion Count            : 0

-- Total I/O Time (block device) --
 Total Block I/O Time           : 0

-- Page Faults & Bytes --
 Page Fault Count               : 0
 Read Bytes                     : 0
 Write Bytes                    : 0
 Block Read Bytes               : 0
 Block Write Bytes              : 0
[===============================================]

[===============================================]
Result of node_idx 6 in node_object 0: Transpose (ND, X32)

-- Elapsed Time Analysis --
 Wall-clock Time                      : 5 us
 - Non I/O Handling Time (Estimated)  : 5 us
 - I/O Handling Time                  : 0 us
        - Read Syscall                : 0 us
        - Write Syscall               : 0 us
        - Page Fault                  : 0 us
        - io_uring                    : 0 us

-- I/O Counts --
 Read Syscall Count                   : 0
 Write Syscall Count                  : 0
 Block I/O Count                      : 0
 io_uring Completion Count            : 0

-- Total I/O Time (block device) --
 Total Block I/O Time           : 0

-- Page Faults & Bytes --
 Page Fault Count               : 0
 Read Bytes                     : 0
 Write Bytes                    : 0
 Block Read Bytes               : 0
 Block Write Bytes              : 0
[===============================================]

[===============================================]
Result of node_idx 7 in node_object 0: Slice (ND, X32)

-- Elapsed Time Analysis --
 Wall-clock Time                      : 106 us
 - Non I/O Handling Time (Estimated)  : 106 us
 - I/O Handling Time                  : 0 us
        - Read Syscall                : 0 us
        - Write Syscall               : 0 us
        - Page Fault                  : 0 us
        - io_uring                    : 0 us

-- I/O Counts --
 Read Syscall Count                   : 0
 Write Syscall Count                  : 0
 Block I/O Count                      : 0
 io_uring Completion Count            : 0

-- Total I/O Time (block device) --
 Total Block I/O Time           : 0

-- Page Faults & Bytes --
 Page Fault Count               : 0
 Read Bytes                     : 0
 Write Bytes                    : 0
 Block Read Bytes               : 0
 Block Write Bytes              : 0
[===============================================]

[===============================================]
Result of node_idx 8 in node_object 0: Slice (ND, X32)

-- Elapsed Time Analysis --
 Wall-clock Time                      : 93 us
 - Non I/O Handling Time (Estimated)  : 93 us
 - I/O Handling Time                  : 0 us
        - Read Syscall                : 0 us
        - Write Syscall               : 0 us
        - Page Fault                  : 0 us
        - io_uring                    : 0 us

-- I/O Counts --
 Read Syscall Count                   : 0
 Write Syscall Count                  : 0
 Block I/O Count                      : 0
 io_uring Completion Count            : 0

-- Total I/O Time (block device) --
 Total Block I/O Time           : 0

-- Page Faults & Bytes --
 Page Fault Count               : 0
 Read Bytes                     : 0
 Write Bytes                    : 0
 Block Read Bytes               : 0
 Block Write Bytes              : 0
[===============================================]

[===============================================]
Result of node_idx 9 in node_object 0: Multiply (ND)

-- Elapsed Time Analysis --
 Wall-clock Time                      : 88 us
 - Non I/O Handling Time (Estimated)  : 88 us
 - I/O Handling Time                  : 0 us
        - Read Syscall                : 0 us
        - Write Syscall               : 0 us
        - Page Fault                  : 0 us
        - io_uring                    : 0 us

-- I/O Counts --
 Read Syscall Count                   : 0
 Write Syscall Count                  : 0
 Block I/O Count                      : 0
 io_uring Completion Count            : 0

-- Total I/O Time (block device) --
 Total Block I/O Time           : 0

-- Page Faults & Bytes --
 Page Fault Count               : 0
 Read Bytes                     : 0
 Write Bytes                    : 0
 Block Read Bytes               : 0
 Block Write Bytes              : 0
[===============================================]

[===============================================]
Result of node_idx 10 in node_object 0: Multiply (ND)

-- Elapsed Time Analysis --
 Wall-clock Time                      : 13 us
 - Non I/O Handling Time (Estimated)  : 13 us
 - I/O Handling Time                  : 0 us
        - Read Syscall                : 0 us
        - Write Syscall               : 0 us
        - Page Fault                  : 0 us
        - io_uring                    : 0 us

-- I/O Counts --
 Read Syscall Count                   : 0
 Write Syscall Count                  : 0
 Block I/O Count                      : 0
 io_uring Completion Count            : 0

-- Total I/O Time (block device) --
 Total Block I/O Time           : 0

-- Page Faults & Bytes --
 Page Fault Count               : 0
 Read Bytes                     : 0
 Write Bytes                    : 0
 Block Read Bytes               : 0
 Block Write Bytes              : 0
[===============================================]

[===============================================]
Result of node_idx 11 in node_object 0: Subtract (ND)

-- Elapsed Time Analysis --
 Wall-clock Time                      : 7 us
 - Non I/O Handling Time (Estimated)  : 7 us
 - I/O Handling Time                  : 0 us
        - Read Syscall                : 0 us
        - Write Syscall               : 0 us
        - Page Fault                  : 0 us
        - io_uring                    : 0 us

-- I/O Counts --
 Read Syscall Count                   : 0
 Write Syscall Count                  : 0
 Block I/O Count                      : 0
 io_uring Completion Count            : 0

-- Total I/O Time (block device) --
 Total Block I/O Time           : 0

-- Page Faults & Bytes --
 Page Fault Count               : 0
 Read Bytes                     : 0
 Write Bytes                    : 0
 Block Read Bytes               : 0
 Block Write Bytes              : 0
[===============================================]

[===============================================]
Result of node_idx 12 in node_object 0: Multiply (ND)

-- Elapsed Time Analysis --
 Wall-clock Time                      : 6 us
 - Non I/O Handling Time (Estimated)  : 6 us
 - I/O Handling Time                  : 0 us
        - Read Syscall                : 0 us
        - Write Syscall               : 0 us
        - Page Fault                  : 0 us
        - io_uring                    : 0 us

-- I/O Counts --
 Read Syscall Count                   : 0
 Write Syscall Count                  : 0
 Block I/O Count                      : 0
 io_uring Completion Count            : 0

-- Total I/O Time (block device) --
 Total Block I/O Time           : 0

-- Page Faults & Bytes --
 Page Fault Count               : 0
 Read Bytes                     : 0
 Write Bytes                    : 0
 Block Read Bytes               : 0
 Block Write Bytes              : 0
[===============================================]

[===============================================]
Result of node_idx 13 in node_object 0: Multiply (ND)

-- Elapsed Time Analysis --
 Wall-clock Time                      : 6 us
 - Non I/O Handling Time (Estimated)  : 6 us
 - I/O Handling Time                  : 0 us
        - Read Syscall                : 0 us
        - Write Syscall               : 0 us
        - Page Fault                  : 0 us
        - io_uring                    : 0 us

-- I/O Counts --
 Read Syscall Count                   : 0
 Write Syscall Count                  : 0
 Block I/O Count                      : 0
 io_uring Completion Count            : 0

-- Total I/O Time (block device) --
 Total Block I/O Time           : 0

-- Page Faults & Bytes --
 Page Fault Count               : 0
 Read Bytes                     : 0
 Write Bytes                    : 0
 Block Read Bytes               : 0
 Block Write Bytes              : 0
[===============================================]

[===============================================]
Result of node_idx 14 in node_object 0: Add (ND)

-- Elapsed Time Analysis --
 Wall-clock Time                      : 7 us
 - Non I/O Handling Time (Estimated)  : 7 us
 - I/O Handling Time                  : 0 us
        - Read Syscall                : 0 us
        - Write Syscall               : 0 us
        - Page Fault                  : 0 us
        - io_uring                    : 0 us

-- I/O Counts --
 Read Syscall Count                   : 0
 Write Syscall Count                  : 0
 Block I/O Count                      : 0
 io_uring Completion Count            : 0

-- Total I/O Time (block device) --
 Total Block I/O Time           : 0

-- Page Faults & Bytes --
 Page Fault Count               : 0
 Read Bytes                     : 0
 Write Bytes                    : 0
 Block Read Bytes               : 0
 Block Write Bytes              : 0
[===============================================]

[===============================================]
Result of node_idx 15 in node_object 0: Copy (NC, X32)

-- Elapsed Time Analysis --
 Wall-clock Time                      : 6 us
 - Non I/O Handling Time (Estimated)  : 6 us
 - I/O Handling Time                  : 0 us
        - Read Syscall                : 0 us
        - Write Syscall               : 0 us
        - Page Fault                  : 0 us
        - io_uring                    : 0 us

-- I/O Counts --
 Read Syscall Count                   : 0
 Write Syscall Count                  : 0
 Block I/O Count                      : 0
 io_uring Completion Count            : 0

-- Total I/O Time (block device) --
 Total Block I/O Time           : 0

-- Page Faults & Bytes --
 Page Fault Count               : 0
 Read Bytes                     : 0
 Write Bytes                    : 0
 Block Read Bytes               : 0
 Block Write Bytes              : 0
[===============================================]

[===============================================]
Result of node_idx 15 in node_object 1: Copy (NC, X32)

-- Elapsed Time Analysis --
 Wall-clock Time                      : 6 us
 - Non I/O Handling Time (Estimated)  : 6 us
 - I/O Handling Time                  : 0 us
        - Read Syscall                : 0 us
        - Write Syscall               : 0 us
        - Page Fault                  : 0 us
        - io_uring                    : 0 us

-- I/O Counts --
 Read Syscall Count                   : 0
 Write Syscall Count                  : 0
 Block I/O Count                      : 0
 io_uring Completion Count            : 0

-- Total I/O Time (block device) --
 Total Block I/O Time           : 0

-- Page Faults & Bytes --
 Page Fault Count               : 0
 Read Bytes                     : 0
 Write Bytes                    : 0
 Block Read Bytes               : 0
 Block Write Bytes              : 0
[===============================================]

[===============================================]
Result of node_idx 16 in node_object 0: Transpose (ND, X32)

-- Elapsed Time Analysis --
 Wall-clock Time                      : 5 us
 - Non I/O Handling Time (Estimated)  : 5 us
 - I/O Handling Time                  : 0 us
        - Read Syscall                : 0 us
        - Write Syscall               : 0 us
        - Page Fault                  : 0 us
        - io_uring                    : 0 us

-- I/O Counts --
 Read Syscall Count                   : 0
 Write Syscall Count                  : 0
 Block I/O Count                      : 0
 io_uring Completion Count            : 0

-- Total I/O Time (block device) --
 Total Block I/O Time           : 0

-- Page Faults & Bytes --
 Page Fault Count               : 0
 Read Bytes                     : 0
 Write Bytes                    : 0
 Block Read Bytes               : 0
 Block Write Bytes              : 0
[===============================================]

[===============================================]
Result of node_idx 17 in node_object 0: Transpose (ND, X32)

-- Elapsed Time Analysis --
 Wall-clock Time                      : 4 us
 - Non I/O Handling Time (Estimated)  : 4 us
 - I/O Handling Time                  : 0 us
        - Read Syscall                : 0 us
        - Write Syscall               : 0 us
        - Page Fault                  : 0 us
        - io_uring                    : 0 us

-- I/O Counts --
 Read Syscall Count                   : 0
 Write Syscall Count                  : 0
 Block I/O Count                      : 0
 io_uring Completion Count            : 0

-- Total I/O Time (block device) --
 Total Block I/O Time           : 0

-- Page Faults & Bytes --
 Page Fault Count               : 0
 Read Bytes                     : 0
 Write Bytes                    : 0
 Block Read Bytes               : 0
 Block Write Bytes              : 0
[===============================================]

[===============================================]
Result of node_idx 18 in node_object 0: Slice (ND, X32)

-- Elapsed Time Analysis --
 Wall-clock Time                      : 7 us
 - Non I/O Handling Time (Estimated)  : 7 us
 - I/O Handling Time                  : 0 us
        - Read Syscall                : 0 us
        - Write Syscall               : 0 us
        - Page Fault                  : 0 us
        - io_uring                    : 0 us

-- I/O Counts --
 Read Syscall Count                   : 0
 Write Syscall Count                  : 0
 Block I/O Count                      : 0
 io_uring Completion Count            : 0

-- Total I/O Time (block device) --
 Total Block I/O Time           : 0

-- Page Faults & Bytes --
 Page Fault Count               : 0
 Read Bytes                     : 0
 Write Bytes                    : 0
 Block Read Bytes               : 0
 Block Write Bytes              : 0
[===============================================]

[===============================================]
Result of node_idx 19 in node_object 0: Slice (ND, X32)

-- Elapsed Time Analysis --
 Wall-clock Time                      : 8 us
 - Non I/O Handling Time (Estimated)  : 8 us
 - I/O Handling Time                  : 0 us
        - Read Syscall                : 0 us
        - Write Syscall               : 0 us
        - Page Fault                  : 0 us
        - io_uring                    : 0 us

-- I/O Counts --
 Read Syscall Count                   : 0
 Write Syscall Count                  : 0
 Block I/O Count                      : 0
 io_uring Completion Count            : 0

-- Total I/O Time (block device) --
 Total Block I/O Time           : 0

-- Page Faults & Bytes --
 Page Fault Count               : 0
 Read Bytes                     : 0
 Write Bytes                    : 0
 Block Read Bytes               : 0
 Block Write Bytes              : 0
[===============================================]

[===============================================]
Result of node_idx 20 in node_object 0: Multiply (ND)

-- Elapsed Time Analysis --
 Wall-clock Time                      : 6 us
 - Non I/O Handling Time (Estimated)  : 6 us
 - I/O Handling Time                  : 0 us
        - Read Syscall                : 0 us
        - Write Syscall               : 0 us
        - Page Fault                  : 0 us
        - io_uring                    : 0 us

-- I/O Counts --
 Read Syscall Count                   : 0
 Write Syscall Count                  : 0
 Block I/O Count                      : 0
 io_uring Completion Count            : 0

-- Total I/O Time (block device) --
 Total Block I/O Time           : 0

-- Page Faults & Bytes --
 Page Fault Count               : 0
 Read Bytes                     : 0
 Write Bytes                    : 0
 Block Read Bytes               : 0
 Block Write Bytes              : 0
[===============================================]

[===============================================]
Result of node_idx 21 in node_object 0: Multiply (ND)

-- Elapsed Time Analysis --
 Wall-clock Time                      : 5 us
 - Non I/O Handling Time (Estimated)  : 5 us
 - I/O Handling Time                  : 0 us
        - Read Syscall                : 0 us
        - Write Syscall               : 0 us
        - Page Fault                  : 0 us
        - io_uring                    : 0 us

-- I/O Counts --
 Read Syscall Count                   : 0
 Write Syscall Count                  : 0
 Block I/O Count                      : 0
 io_uring Completion Count            : 0

-- Total I/O Time (block device) --
 Total Block I/O Time           : 0

-- Page Faults & Bytes --
 Page Fault Count               : 0
 Read Bytes                     : 0
 Write Bytes                    : 0
 Block Read Bytes               : 0
 Block Write Bytes              : 0
[===============================================]

[===============================================]
Result of node_idx 22 in node_object 0: Subtract (ND)

-- Elapsed Time Analysis --
 Wall-clock Time                      : 6 us
 - Non I/O Handling Time (Estimated)  : 6 us
 - I/O Handling Time                  : 0 us
        - Read Syscall                : 0 us
        - Write Syscall               : 0 us
        - Page Fault                  : 0 us
        - io_uring                    : 0 us

-- I/O Counts --
 Read Syscall Count                   : 0
 Write Syscall Count                  : 0
 Block I/O Count                      : 0
 io_uring Completion Count            : 0

-- Total I/O Time (block device) --
 Total Block I/O Time           : 0

-- Page Faults & Bytes --
 Page Fault Count               : 0
 Read Bytes                     : 0
 Write Bytes                    : 0
 Block Read Bytes               : 0
 Block Write Bytes              : 0
[===============================================]

[===============================================]
Result of node_idx 23 in node_object 0: Multiply (ND)

-- Elapsed Time Analysis --
 Wall-clock Time                      : 6 us
 - Non I/O Handling Time (Estimated)  : 6 us
 - I/O Handling Time                  : 0 us
        - Read Syscall                : 0 us
        - Write Syscall               : 0 us
        - Page Fault                  : 0 us
        - io_uring                    : 0 us

-- I/O Counts --
 Read Syscall Count                   : 0
 Write Syscall Count                  : 0
 Block I/O Count                      : 0
 io_uring Completion Count            : 0

-- Total I/O Time (block device) --
 Total Block I/O Time           : 0

-- Page Faults & Bytes --
 Page Fault Count               : 0
 Read Bytes                     : 0
 Write Bytes                    : 0
 Block Read Bytes               : 0
 Block Write Bytes              : 0
[===============================================]

[===============================================]
Result of node_idx 24 in node_object 0: Multiply (ND)

-- Elapsed Time Analysis --
 Wall-clock Time                      : 5 us
 - Non I/O Handling Time (Estimated)  : 5 us
 - I/O Handling Time                  : 0 us
        - Read Syscall                : 0 us
        - Write Syscall               : 0 us
        - Page Fault                  : 0 us
        - io_uring                    : 0 us

-- I/O Counts --
 Read Syscall Count                   : 0
 Write Syscall Count                  : 0
 Block I/O Count                      : 0
 io_uring Completion Count            : 0

-- Total I/O Time (block device) --
 Total Block I/O Time           : 0

-- Page Faults & Bytes --
 Page Fault Count               : 0
 Read Bytes                     : 0
 Write Bytes                    : 0
 Block Read Bytes               : 0
 Block Write Bytes              : 0
[===============================================]

[===============================================]
Result of node_idx 25 in node_object 0: Add (ND)

-- Elapsed Time Analysis --
 Wall-clock Time                      : 6 us
 - Non I/O Handling Time (Estimated)  : 6 us
 - I/O Handling Time                  : 0 us
        - Read Syscall                : 0 us
        - Write Syscall               : 0 us
        - Page Fault                  : 0 us
        - io_uring                    : 0 us

-- I/O Counts --
 Read Syscall Count                   : 0
 Write Syscall Count                  : 0
 Block I/O Count                      : 0
 io_uring Completion Count            : 0

-- Total I/O Time (block device) --
 Total Block I/O Time           : 0

-- Page Faults & Bytes --
 Page Fault Count               : 0
 Read Bytes                     : 0
 Write Bytes                    : 0
 Block Read Bytes               : 0
 Block Write Bytes              : 0
[===============================================]

[===============================================]
Result of node_idx 26 in node_object 0: Copy (NC, X32)

-- Elapsed Time Analysis --
 Wall-clock Time                      : 6 us
 - Non I/O Handling Time (Estimated)  : 6 us
 - I/O Handling Time                  : 0 us
        - Read Syscall                : 0 us
        - Write Syscall               : 0 us
        - Page Fault                  : 0 us
        - io_uring                    : 0 us

-- I/O Counts --
 Read Syscall Count                   : 0
 Write Syscall Count                  : 0
 Block I/O Count                      : 0
 io_uring Completion Count            : 0

-- Total I/O Time (block device) --
 Total Block I/O Time           : 0

-- Page Faults & Bytes --
 Page Fault Count               : 0
 Read Bytes                     : 0
 Write Bytes                    : 0
 Block Read Bytes               : 0
 Block Write Bytes              : 0
[===============================================]

[===============================================]
Result of node_idx 26 in node_object 1: Copy (NC, X32)

-- Elapsed Time Analysis --
 Wall-clock Time                      : 6 us
 - Non I/O Handling Time (Estimated)  : 6 us
 - I/O Handling Time                  : 0 us
        - Read Syscall                : 0 us
        - Write Syscall               : 0 us
        - Page Fault                  : 0 us
        - io_uring                    : 0 us

-- I/O Counts --
 Read Syscall Count                   : 0
 Write Syscall Count                  : 0
 Block I/O Count                      : 0
 io_uring Completion Count            : 0

-- Total I/O Time (block device) --
 Total Block I/O Time           : 0

-- Page Faults & Bytes --
 Page Fault Count               : 0
 Read Bytes                     : 0
 Write Bytes                    : 0
 Block Read Bytes               : 0
 Block Write Bytes              : 0
[===============================================]

[===============================================]
Result of node_idx 27 in node_object 0: Transpose (ND, X32)

-- Elapsed Time Analysis --
 Wall-clock Time                      : 4 us
 - Non I/O Handling Time (Estimated)  : 4 us
 - I/O Handling Time                  : 0 us
        - Read Syscall                : 0 us
        - Write Syscall               : 0 us
        - Page Fault                  : 0 us
        - io_uring                    : 0 us

-- I/O Counts --
 Read Syscall Count                   : 0
 Write Syscall Count                  : 0
 Block I/O Count                      : 0
 io_uring Completion Count            : 0

-- Total I/O Time (block device) --
 Total Block I/O Time           : 0

-- Page Faults & Bytes --
 Page Fault Count               : 0
 Read Bytes                     : 0
 Write Bytes                    : 0
 Block Read Bytes               : 0
 Block Write Bytes              : 0
[===============================================]

[===============================================]
Result of node_idx 0 in node_object 0: Multiply (ND)

-- Elapsed Time Analysis --
 Wall-clock Time                      : 5 us
 - Non I/O Handling Time (Estimated)  : 5 us
 - I/O Handling Time                  : 0 us
        - Read Syscall                : 0 us
        - Write Syscall               : 0 us
        - Page Fault                  : 0 us
        - io_uring                    : 0 us

-- I/O Counts --
 Read Syscall Count                   : 0
 Write Syscall Count                  : 0
 Block I/O Count                      : 0
 io_uring Completion Count            : 0

-- Total I/O Time (block device) --
 Total Block I/O Time           : 0

-- Page Faults & Bytes --
 Page Fault Count               : 0
 Read Bytes                     : 0
 Write Bytes                    : 0
 Block Read Bytes               : 0
 Block Write Bytes              : 0
[===============================================]

[===============================================]
Result of node_idx 1 in node_object 0: Transpose (ND, X32)

-- Elapsed Time Analysis --
 Wall-clock Time                      : 5 us
 - Non I/O Handling Time (Estimated)  : 5 us
 - I/O Handling Time                  : 0 us
        - Read Syscall                : 0 us
        - Write Syscall               : 0 us
        - Page Fault                  : 0 us
        - io_uring                    : 0 us

-- I/O Counts --
 Read Syscall Count                   : 0
 Write Syscall Count                  : 0
 Block I/O Count                      : 0
 io_uring Completion Count            : 0

-- Total I/O Time (block device) --
 Total Block I/O Time           : 0

-- Page Faults & Bytes --
 Page Fault Count               : 0
 Read Bytes                     : 0
 Write Bytes                    : 0
 Block Read Bytes               : 0
 Block Write Bytes              : 0
[===============================================]

[===============================================]
Result of node_idx 2 in node_object 0: Transpose (ND, X32)

-- Elapsed Time Analysis --
 Wall-clock Time                      : 26 us
 - Non I/O Handling Time (Estimated)  : 26 us
 - I/O Handling Time                  : 0 us
        - Read Syscall                : 0 us
        - Write Syscall               : 0 us
        - Page Fault                  : 0 us
        - io_uring                    : 0 us

-- I/O Counts --
 Read Syscall Count                   : 0
 Write Syscall Count                  : 0
 Block I/O Count                      : 0
 io_uring Completion Count            : 0

-- Total I/O Time (block device) --
 Total Block I/O Time           : 0

-- Page Faults & Bytes --
 Page Fault Count               : 0
 Read Bytes                     : 0
 Write Bytes                    : 0
 Block Read Bytes               : 0
 Block Write Bytes              : 0
[===============================================]

[===============================================]
Result of node_idx 3 in node_object 0: Static Reshape (NC)

-- Elapsed Time Analysis --
 Wall-clock Time                      : 3 us
 - Non I/O Handling Time (Estimated)  : 3 us
 - I/O Handling Time                  : 0 us
        - Read Syscall                : 0 us
        - Write Syscall               : 0 us
        - Page Fault                  : 0 us
        - io_uring                    : 0 us

-- I/O Counts --
 Read Syscall Count                   : 0
 Write Syscall Count                  : 0
 Block I/O Count                      : 0
 io_uring Completion Count            : 0

-- Total I/O Time (block device) --
 Total Block I/O Time           : 0

-- Page Faults & Bytes --
 Page Fault Count               : 0
 Read Bytes                     : 0
 Write Bytes                    : 0
 Block Read Bytes               : 0
 Block Write Bytes              : 0
[===============================================]

[===============================================]
Result of node_idx 4 in node_object 0: Static Reshape (NC)

-- Elapsed Time Analysis --
 Wall-clock Time                      : 3 us
 - Non I/O Handling Time (Estimated)  : 3 us
 - I/O Handling Time                  : 0 us
        - Read Syscall                : 0 us
        - Write Syscall               : 0 us
        - Page Fault                  : 0 us
        - io_uring                    : 0 us

-- I/O Counts --
 Read Syscall Count                   : 0
 Write Syscall Count                  : 0
 Block I/O Count                      : 0
 io_uring Completion Count            : 0

-- Total I/O Time (block device) --
 Total Block I/O Time           : 0

-- Page Faults & Bytes --
 Page Fault Count               : 0
 Read Bytes                     : 0
 Write Bytes                    : 0
 Block Read Bytes               : 0
 Block Write Bytes              : 0
[===============================================]

[===============================================]
Result of node_idx 5 in node_object 0: Batch Matrix Multiply (NC, F32)

-- Elapsed Time Analysis --
 Wall-clock Time                      : 72 us
 - Non I/O Handling Time (Estimated)  : 72 us
 - I/O Handling Time                  : 0 us
        - Read Syscall                : 0 us
        - Write Syscall               : 0 us
        - Page Fault                  : 0 us
        - io_uring                    : 0 us

-- I/O Counts --
 Read Syscall Count                   : 0
 Write Syscall Count                  : 0
 Block I/O Count                      : 0
 io_uring Completion Count            : 0

-- Total I/O Time (block device) --
 Total Block I/O Time           : 0

-- Page Faults & Bytes --
 Page Fault Count               : 0
 Read Bytes                     : 0
 Write Bytes                    : 0
 Block Read Bytes               : 0
 Block Write Bytes              : 0
[===============================================]

[===============================================]
Result of node_idx 6 in node_object 0: Static Reshape (NC)

-- Elapsed Time Analysis --
 Wall-clock Time                      : 3 us
 - Non I/O Handling Time (Estimated)  : 3 us
 - I/O Handling Time                  : 0 us
        - Read Syscall                : 0 us
        - Write Syscall               : 0 us
        - Page Fault                  : 0 us
        - io_uring                    : 0 us

-- I/O Counts --
 Read Syscall Count                   : 0
 Write Syscall Count                  : 0
 Block I/O Count                      : 0
 io_uring Completion Count            : 0

-- Total I/O Time (block device) --
 Total Block I/O Time           : 0

-- Page Faults & Bytes --
 Page Fault Count               : 0
 Read Bytes                     : 0
 Write Bytes                    : 0
 Block Read Bytes               : 0
 Block Write Bytes              : 0
[===============================================]

[===============================================]
Result of node_idx 7 in node_object 0: Add (ND)

-- Elapsed Time Analysis --
 Wall-clock Time                      : 9 us
 - Non I/O Handling Time (Estimated)  : 9 us
 - I/O Handling Time                  : 0 us
        - Read Syscall                : 0 us
        - Write Syscall               : 0 us
        - Page Fault                  : 0 us
        - io_uring                    : 0 us

-- I/O Counts --
 Read Syscall Count                   : 0
 Write Syscall Count                  : 0
 Block I/O Count                      : 0
 io_uring Completion Count            : 0

-- Total I/O Time (block device) --
 Total Block I/O Time           : 0

-- Page Faults & Bytes --
 Page Fault Count               : 0
 Read Bytes                     : 0
 Write Bytes                    : 0
 Block Read Bytes               : 0
 Block Write Bytes              : 0
[===============================================]

[===============================================]
Result of node_idx 8 in node_object 0: Softmax (NC, F32)

-- Elapsed Time Analysis --
 Wall-clock Time                      : 15 us
 - Non I/O Handling Time (Estimated)  : 15 us
 - I/O Handling Time                  : 0 us
        - Read Syscall                : 0 us
        - Write Syscall               : 0 us
        - Page Fault                  : 0 us
        - io_uring                    : 0 us

-- I/O Counts --
 Read Syscall Count                   : 0
 Write Syscall Count                  : 0
 Block I/O Count                      : 0
 io_uring Completion Count            : 0

-- Total I/O Time (block device) --
 Total Block I/O Time           : 0

-- Page Faults & Bytes --
 Page Fault Count               : 0
 Read Bytes                     : 0
 Write Bytes                    : 0
 Block Read Bytes               : 0
 Block Write Bytes              : 0
[===============================================]

[===============================================]
Result of node_idx 9 in node_object 0: Transpose (ND, X32)

-- Elapsed Time Analysis --
 Wall-clock Time                      : 34 us
 - Non I/O Handling Time (Estimated)  : 34 us
 - I/O Handling Time                  : 0 us
        - Read Syscall                : 0 us
        - Write Syscall               : 0 us
        - Page Fault                  : 0 us
        - io_uring                    : 0 us

-- I/O Counts --
 Read Syscall Count                   : 0
 Write Syscall Count                  : 0
 Block I/O Count                      : 0
 io_uring Completion Count            : 0

-- Total I/O Time (block device) --
 Total Block I/O Time           : 0

-- Page Faults & Bytes --
 Page Fault Count               : 0
 Read Bytes                     : 0
 Write Bytes                    : 0
 Block Read Bytes               : 0
 Block Write Bytes              : 0
[===============================================]

[===============================================]
Result of node_idx 10 in node_object 0: Static Reshape (NC)

-- Elapsed Time Analysis --
 Wall-clock Time                      : 3 us
 - Non I/O Handling Time (Estimated)  : 3 us
 - I/O Handling Time                  : 0 us
        - Read Syscall                : 0 us
        - Write Syscall               : 0 us
        - Page Fault                  : 0 us
        - io_uring                    : 0 us

-- I/O Counts --
 Read Syscall Count                   : 0
 Write Syscall Count                  : 0
 Block I/O Count                      : 0
 io_uring Completion Count            : 0

-- Total I/O Time (block device) --
 Total Block I/O Time           : 0

-- Page Faults & Bytes --
 Page Fault Count               : 0
 Read Bytes                     : 0
 Write Bytes                    : 0
 Block Read Bytes               : 0
 Block Write Bytes              : 0
[===============================================]

[===============================================]
Result of node_idx 11 in node_object 0: Static Reshape (NC)

-- Elapsed Time Analysis --
 Wall-clock Time                      : 3 us
 - Non I/O Handling Time (Estimated)  : 3 us
 - I/O Handling Time                  : 0 us
        - Read Syscall                : 0 us
        - Write Syscall               : 0 us
        - Page Fault                  : 0 us
        - io_uring                    : 0 us

-- I/O Counts --
 Read Syscall Count                   : 0
 Write Syscall Count                  : 0
 Block I/O Count                      : 0
 io_uring Completion Count            : 0

-- Total I/O Time (block device) --
 Total Block I/O Time           : 0

-- Page Faults & Bytes --
 Page Fault Count               : 0
 Read Bytes                     : 0
 Write Bytes                    : 0
 Block Read Bytes               : 0
 Block Write Bytes              : 0
[===============================================]

[===============================================]
Result of node_idx 12 in node_object 0: Batch Matrix Multiply (NC, F32)

-- Elapsed Time Analysis --
 Wall-clock Time                      : 66 us
 - Non I/O Handling Time (Estimated)  : 66 us
 - I/O Handling Time                  : 0 us
        - Read Syscall                : 0 us
        - Write Syscall               : 0 us
        - Page Fault                  : 0 us
        - io_uring                    : 0 us

-- I/O Counts --
 Read Syscall Count                   : 0
 Write Syscall Count                  : 0
 Block I/O Count                      : 0
 io_uring Completion Count            : 0

-- Total I/O Time (block device) --
 Total Block I/O Time           : 0

-- Page Faults & Bytes --
 Page Fault Count               : 0
 Read Bytes                     : 0
 Write Bytes                    : 0
 Block Read Bytes               : 0
 Block Write Bytes              : 0
[===============================================]

[===============================================]
Result of node_idx 13 in node_object 0: Static Reshape (NC)

-- Elapsed Time Analysis --
 Wall-clock Time                      : 4 us
 - Non I/O Handling Time (Estimated)  : 4 us
 - I/O Handling Time                  : 0 us
        - Read Syscall                : 0 us
        - Write Syscall               : 0 us
        - Page Fault                  : 0 us
        - io_uring                    : 0 us

-- I/O Counts --
 Read Syscall Count                   : 0
 Write Syscall Count                  : 0
 Block I/O Count                      : 0
 io_uring Completion Count            : 0

-- Total I/O Time (block device) --
 Total Block I/O Time           : 0

-- Page Faults & Bytes --
 Page Fault Count               : 0
 Read Bytes                     : 0
 Write Bytes                    : 0
 Block Read Bytes               : 0
 Block Write Bytes              : 0
[===============================================]

[===============================================]
Result of node_idx 14 in node_object 0: Transpose (ND, X32)

-- Elapsed Time Analysis --
 Wall-clock Time                      : 5 us
 - Non I/O Handling Time (Estimated)  : 5 us
 - I/O Handling Time                  : 0 us
        - Read Syscall                : 0 us
        - Write Syscall               : 0 us
        - Page Fault                  : 0 us
        - io_uring                    : 0 us

-- I/O Counts --
 Read Syscall Count                   : 0
 Write Syscall Count                  : 0
 Block I/O Count                      : 0
 io_uring Completion Count            : 0

-- Total I/O Time (block device) --
 Total Block I/O Time           : 0

-- Page Faults & Bytes --
 Page Fault Count               : 0
 Read Bytes                     : 0
 Write Bytes                    : 0
 Block Read Bytes               : 0
 Block Write Bytes              : 0
[===============================================]

[===============================================]
Result of node_idx 15 in node_object 0: Static Reshape (NC)

-- Elapsed Time Analysis --
 Wall-clock Time                      : 3 us
 - Non I/O Handling Time (Estimated)  : 3 us
 - I/O Handling Time                  : 0 us
        - Read Syscall                : 0 us
        - Write Syscall               : 0 us
        - Page Fault                  : 0 us
        - io_uring                    : 0 us

-- I/O Counts --
 Read Syscall Count                   : 0
 Write Syscall Count                  : 0
 Block I/O Count                      : 0
 io_uring Completion Count            : 0

-- Total I/O Time (block device) --
 Total Block I/O Time           : 0

-- Page Faults & Bytes --
 Page Fault Count               : 0
 Read Bytes                     : 0
 Write Bytes                    : 0
 Block Read Bytes               : 0
 Block Write Bytes              : 0
[===============================================]

[===============================================]
Result of node_idx 16 in node_object 0: Fully Connected (NC, QDU8, F32, QC8W)

-- Elapsed Time Analysis --
 Wall-clock Time                      : 787 us
 - Non I/O Handling Time (Estimated)  : 21 us
 - I/O Handling Time                  : 766 us
        - Read Syscall                : 0 us
        - Write Syscall               : 0 us
        - Page Fault                  : 766 us
        - io_uring                    : 0 us

-- I/O Counts --
 Read Syscall Count                   : 0
 Write Syscall Count                  : 0
 Block I/O Count                      : 1
 io_uring Completion Count            : 0

-- Total I/O Time (block device) --
 Total Block I/O Time           : 689

-- Page Faults & Bytes --
 Page Fault Count               : 4
 Read Bytes                     : 0
 Write Bytes                    : 0
 Block Read Bytes               : 81920
 Block Write Bytes              : 0
[===============================================]

[===============================================]
Result of node_idx 17 in node_object 0: Add (ND)

-- Elapsed Time Analysis --
 Wall-clock Time                      : 14 us
 - Non I/O Handling Time (Estimated)  : 14 us
 - I/O Handling Time                  : 0 us
        - Read Syscall                : 0 us
        - Write Syscall               : 0 us
        - Page Fault                  : 0 us
        - io_uring                    : 0 us

-- I/O Counts --
 Read Syscall Count                   : 0
 Write Syscall Count                  : 0
 Block I/O Count                      : 0
 io_uring Completion Count            : 0

-- Total I/O Time (block device) --
 Total Block I/O Time           : 0

-- Page Faults & Bytes --
 Page Fault Count               : 0
 Read Bytes                     : 0
 Write Bytes                    : 0
 Block Read Bytes               : 0
 Block Write Bytes              : 0
[===============================================]

[===============================================]
Result of node_idx 0 in node_object 0: Multiply (ND)

-- Elapsed Time Analysis --
 Wall-clock Time                      : 10 us
 - Non I/O Handling Time (Estimated)  : 10 us
 - I/O Handling Time                  : 0 us
        - Read Syscall                : 0 us
        - Write Syscall               : 0 us
        - Page Fault                  : 0 us
        - io_uring                    : 0 us

-- I/O Counts --
 Read Syscall Count                   : 0
 Write Syscall Count                  : 0
 Block I/O Count                      : 0
 io_uring Completion Count            : 0

-- Total I/O Time (block device) --
 Total Block I/O Time           : 0

-- Page Faults & Bytes --
 Page Fault Count               : 0
 Read Bytes                     : 0
 Write Bytes                    : 0
 Block Read Bytes               : 0
 Block Write Bytes              : 0
[===============================================]

[===============================================]
Result of node_idx 1 in node_object 0: Sum (ND)

-- Elapsed Time Analysis --
 Wall-clock Time                      : 7 us
 - Non I/O Handling Time (Estimated)  : 7 us
 - I/O Handling Time                  : 0 us
        - Read Syscall                : 0 us
        - Write Syscall               : 0 us
        - Page Fault                  : 0 us
        - io_uring                    : 0 us

-- I/O Counts --
 Read Syscall Count                   : 0
 Write Syscall Count                  : 0
 Block I/O Count                      : 0
 io_uring Completion Count            : 0

-- Total I/O Time (block device) --
 Total Block I/O Time           : 0

-- Page Faults & Bytes --
 Page Fault Count               : 0
 Read Bytes                     : 0
 Write Bytes                    : 0
 Block Read Bytes               : 0
 Block Write Bytes              : 0
[===============================================]

[===============================================]
Result of node_idx 2 in node_object 0: Multiply (ND)

-- Elapsed Time Analysis --
 Wall-clock Time                      : 4 us
 - Non I/O Handling Time (Estimated)  : 4 us
 - I/O Handling Time                  : 0 us
        - Read Syscall                : 0 us
        - Write Syscall               : 0 us
        - Page Fault                  : 0 us
        - io_uring                    : 0 us

-- I/O Counts --
 Read Syscall Count                   : 0
 Write Syscall Count                  : 0
 Block I/O Count                      : 0
 io_uring Completion Count            : 0

-- Total I/O Time (block device) --
 Total Block I/O Time           : 0

-- Page Faults & Bytes --
 Page Fault Count               : 0
 Read Bytes                     : 0
 Write Bytes                    : 0
 Block Read Bytes               : 0
 Block Write Bytes              : 0
[===============================================]

[===============================================]
Result of node_idx 3 in node_object 0: Add (ND)

-- Elapsed Time Analysis --
 Wall-clock Time                      : 3 us
 - Non I/O Handling Time (Estimated)  : 3 us
 - I/O Handling Time                  : 0 us
        - Read Syscall                : 0 us
        - Write Syscall               : 0 us
        - Page Fault                  : 0 us
        - io_uring                    : 0 us

-- I/O Counts --
 Read Syscall Count                   : 0
 Write Syscall Count                  : 0
 Block I/O Count                      : 0
 io_uring Completion Count            : 0

-- Total I/O Time (block device) --
 Total Block I/O Time           : 0

-- Page Faults & Bytes --
 Page Fault Count               : 0
 Read Bytes                     : 0
 Write Bytes                    : 0
 Block Read Bytes               : 0
 Block Write Bytes              : 0
[===============================================]

[===============================================]
Result of node_idx 4 in node_object 0: Static Reshape (NC)

-- Elapsed Time Analysis --
 Wall-clock Time                      : 4 us
 - Non I/O Handling Time (Estimated)  : 4 us
 - I/O Handling Time                  : 0 us
        - Read Syscall                : 0 us
        - Write Syscall               : 0 us
        - Page Fault                  : 0 us
        - io_uring                    : 0 us

-- I/O Counts --
 Read Syscall Count                   : 0
 Write Syscall Count                  : 0
 Block I/O Count                      : 0
 io_uring Completion Count            : 0

-- Total I/O Time (block device) --
 Total Block I/O Time           : 0

-- Page Faults & Bytes --
 Page Fault Count               : 0
 Read Bytes                     : 0
 Write Bytes                    : 0
 Block Read Bytes               : 0
 Block Write Bytes              : 0
[===============================================]

[===============================================]
Result of node_idx 5 in node_object 0: Reciprocal Square Root (NC)

-- Elapsed Time Analysis --
 Wall-clock Time                      : 4 us
 - Non I/O Handling Time (Estimated)  : 4 us
 - I/O Handling Time                  : 0 us
        - Read Syscall                : 0 us
        - Write Syscall               : 0 us
        - Page Fault                  : 0 us
        - io_uring                    : 0 us

-- I/O Counts --
 Read Syscall Count                   : 0
 Write Syscall Count                  : 0
 Block I/O Count                      : 0
 io_uring Completion Count            : 0

-- Total I/O Time (block device) --
 Total Block I/O Time           : 0

-- Page Faults & Bytes --
 Page Fault Count               : 0
 Read Bytes                     : 0
 Write Bytes                    : 0
 Block Read Bytes               : 0
 Block Write Bytes              : 0
[===============================================]

[===============================================]
Result of node_idx 6 in node_object 0: Multiply (ND)

-- Elapsed Time Analysis --
 Wall-clock Time                      : 6 us
 - Non I/O Handling Time (Estimated)  : 6 us
 - I/O Handling Time                  : 0 us
        - Read Syscall                : 0 us
        - Write Syscall               : 0 us
        - Page Fault                  : 0 us
        - io_uring                    : 0 us

-- I/O Counts --
 Read Syscall Count                   : 0
 Write Syscall Count                  : 0
 Block I/O Count                      : 0
 io_uring Completion Count            : 0

-- Total I/O Time (block device) --
 Total Block I/O Time           : 0

-- Page Faults & Bytes --
 Page Fault Count               : 0
 Read Bytes                     : 0
 Write Bytes                    : 0
 Block Read Bytes               : 0
 Block Write Bytes              : 0
[===============================================]

[===============================================]
Result of node_idx 7 in node_object 0: Multiply (ND)

-- Elapsed Time Analysis --
 Wall-clock Time                      : 6 us
 - Non I/O Handling Time (Estimated)  : 6 us
 - I/O Handling Time                  : 0 us
        - Read Syscall                : 0 us
        - Write Syscall               : 0 us
        - Page Fault                  : 0 us
        - io_uring                    : 0 us

-- I/O Counts --
 Read Syscall Count                   : 0
 Write Syscall Count                  : 0
 Block I/O Count                      : 0
 io_uring Completion Count            : 0

-- Total I/O Time (block device) --
 Total Block I/O Time           : 0

-- Page Faults & Bytes --
 Page Fault Count               : 0
 Read Bytes                     : 0
 Write Bytes                    : 0
 Block Read Bytes               : 0
 Block Write Bytes              : 0
[===============================================]

[===============================================]
Result of node_idx 0 in node_object 0: Fully Connected (NC, QDU8, F32, QC8W)

-- Elapsed Time Analysis --
 Wall-clock Time                      : 1349 us
 - Non I/O Handling Time (Estimated)  : 45 us
 - I/O Handling Time                  : 1304 us
        - Read Syscall                : 0 us
        - Write Syscall               : 0 us
        - Page Fault                  : 1304 us
        - io_uring                    : 0 us

-- I/O Counts --
 Read Syscall Count                   : 0
 Write Syscall Count                  : 0
 Block I/O Count                      : 2
 io_uring Completion Count            : 0

-- Total I/O Time (block device) --
 Total Block I/O Time           : 447

-- Page Faults & Bytes --
 Page Fault Count               : 9
 Read Bytes                     : 0
 Write Bytes                    : 0
 Block Read Bytes               : 176128
 Block Write Bytes              : 0
[===============================================]

[===============================================]
Result of node_idx 1 in node_object 0: Sigmoid (NC)

-- Elapsed Time Analysis --
 Wall-clock Time                      : 172 us
 - Non I/O Handling Time (Estimated)  : 172 us
 - I/O Handling Time                  : 0 us
        - Read Syscall                : 0 us
        - Write Syscall               : 0 us
        - Page Fault                  : 0 us
        - io_uring                    : 0 us

-- I/O Counts --
 Read Syscall Count                   : 0
 Write Syscall Count                  : 0
 Block I/O Count                      : 0
 io_uring Completion Count            : 0

-- Total I/O Time (block device) --
 Total Block I/O Time           : 0

-- Page Faults & Bytes --
 Page Fault Count               : 0
 Read Bytes                     : 0
 Write Bytes                    : 0
 Block Read Bytes               : 0
 Block Write Bytes              : 0
[===============================================]

[===============================================]
Result of node_idx 2 in node_object 0: Multiply (ND)

-- Elapsed Time Analysis --
 Wall-clock Time                      : 98 us
 - Non I/O Handling Time (Estimated)  : 98 us
 - I/O Handling Time                  : 0 us
        - Read Syscall                : 0 us
        - Write Syscall               : 0 us
        - Page Fault                  : 0 us
        - io_uring                    : 0 us

-- I/O Counts --
 Read Syscall Count                   : 0
 Write Syscall Count                  : 0
 Block I/O Count                      : 0
 io_uring Completion Count            : 0

-- Total I/O Time (block device) --
 Total Block I/O Time           : 0

-- Page Faults & Bytes --
 Page Fault Count               : 0
 Read Bytes                     : 0
 Write Bytes                    : 0
 Block Read Bytes               : 0
 Block Write Bytes              : 0
[===============================================]

[===============================================]
Result of node_idx 3 in node_object 0: Fully Connected (NC, QDU8, F32, QC8W)

-- Elapsed Time Analysis --
 Wall-clock Time                      : 1302 us
 - Non I/O Handling Time (Estimated)  : 438 us
 - I/O Handling Time                  : 864 us
        - Read Syscall                : 0 us
        - Write Syscall               : 0 us
        - Page Fault                  : 864 us
        - io_uring                    : 0 us

-- I/O Counts --
 Read Syscall Count                   : 0
 Write Syscall Count                  : 0
 Block I/O Count                      : 3
 io_uring Completion Count            : 0

-- Total I/O Time (block device) --
 Total Block I/O Time           : 2104

-- Page Faults & Bytes --
 Page Fault Count               : 6
 Read Bytes                     : 0
 Write Bytes                    : 0
 Block Read Bytes               : 110592
 Block Write Bytes              : 0
[===============================================]

[===============================================]
Result of node_idx 4 in node_object 0: Multiply (ND)

-- Elapsed Time Analysis --
 Wall-clock Time                      : 99 us
 - Non I/O Handling Time (Estimated)  : 99 us
 - I/O Handling Time                  : 0 us
        - Read Syscall                : 0 us
        - Write Syscall               : 0 us
        - Page Fault                  : 0 us
        - io_uring                    : 0 us

-- I/O Counts --
 Read Syscall Count                   : 0
 Write Syscall Count                  : 0
 Block I/O Count                      : 0
 io_uring Completion Count            : 0

-- Total I/O Time (block device) --
 Total Block I/O Time           : 0

-- Page Faults & Bytes --
 Page Fault Count               : 0
 Read Bytes                     : 0
 Write Bytes                    : 0
 Block Read Bytes               : 0
 Block Write Bytes              : 0
[===============================================]

[===============================================]
Result of node_idx 5 in node_object 0: Fully Connected (NC, QDU8, F32, QC8W)

-- Elapsed Time Analysis --
 Wall-clock Time                      : 954 us
 - Non I/O Handling Time (Estimated)  : 328 us
 - I/O Handling Time                  : 626 us
        - Read Syscall                : 0 us
        - Write Syscall               : 0 us
        - Page Fault                  : 626 us
        - io_uring                    : 0 us

-- I/O Counts --
 Read Syscall Count                   : 0
 Write Syscall Count                  : 0
 Block I/O Count                      : 3
 io_uring Completion Count            : 0

-- Total I/O Time (block device) --
 Total Block I/O Time           : 756

-- Page Faults & Bytes --
 Page Fault Count               : 8
 Read Bytes                     : 0
 Write Bytes                    : 0
 Block Read Bytes               : 77824
 Block Write Bytes              : 0
[===============================================]

[===============================================]
Result of node_idx 6 in node_object 0: Add (ND)

-- Elapsed Time Analysis --
 Wall-clock Time                      : 25 us
 - Non I/O Handling Time (Estimated)  : 25 us
 - I/O Handling Time                  : 0 us
        - Read Syscall                : 0 us
        - Write Syscall               : 0 us
        - Page Fault                  : 0 us
        - io_uring                    : 0 us

-- I/O Counts --
 Read Syscall Count                   : 0
 Write Syscall Count                  : 0
 Block I/O Count                      : 0
 io_uring Completion Count            : 0

-- Total I/O Time (block device) --
 Total Block I/O Time           : 0

-- Page Faults & Bytes --
 Page Fault Count               : 0
 Read Bytes                     : 0
 Write Bytes                    : 0
 Block Read Bytes               : 0
 Block Write Bytes              : 0
[===============================================]

[===============================================]
Result of node_idx 0 in node_object 0: Multiply (ND)

-- Elapsed Time Analysis --
 Wall-clock Time                      : 92 us
 - Non I/O Handling Time (Estimated)  : 92 us
 - I/O Handling Time                  : 0 us
        - Read Syscall                : 0 us
        - Write Syscall               : 0 us
        - Page Fault                  : 0 us
        - io_uring                    : 0 us

-- I/O Counts --
 Read Syscall Count                   : 0
 Write Syscall Count                  : 0
 Block I/O Count                      : 0
 io_uring Completion Count            : 0

-- Total I/O Time (block device) --
 Total Block I/O Time           : 0

-- Page Faults & Bytes --
 Page Fault Count               : 0
 Read Bytes                     : 0
 Write Bytes                    : 0
 Block Read Bytes               : 0
 Block Write Bytes              : 0
[===============================================]

[===============================================]
Result of node_idx 1 in node_object 0: Sum (ND)

-- Elapsed Time Analysis --
 Wall-clock Time                      : 103 us
 - Non I/O Handling Time (Estimated)  : 103 us
 - I/O Handling Time                  : 0 us
        - Read Syscall                : 0 us
        - Write Syscall               : 0 us
        - Page Fault                  : 0 us
        - io_uring                    : 0 us

-- I/O Counts --
 Read Syscall Count                   : 0
 Write Syscall Count                  : 0
 Block I/O Count                      : 0
 io_uring Completion Count            : 0

-- Total I/O Time (block device) --
 Total Block I/O Time           : 0

-- Page Faults & Bytes --
 Page Fault Count               : 0
 Read Bytes                     : 0
 Write Bytes                    : 0
 Block Read Bytes               : 0
 Block Write Bytes              : 0
[===============================================]

[===============================================]
Result of node_idx 2 in node_object 0: Multiply (ND)

-- Elapsed Time Analysis --
 Wall-clock Time                      : 3 us
 - Non I/O Handling Time (Estimated)  : 3 us
 - I/O Handling Time                  : 0 us
        - Read Syscall                : 0 us
        - Write Syscall               : 0 us
        - Page Fault                  : 0 us
        - io_uring                    : 0 us

-- I/O Counts --
 Read Syscall Count                   : 0
 Write Syscall Count                  : 0
 Block I/O Count                      : 0
 io_uring Completion Count            : 0

-- Total I/O Time (block device) --
 Total Block I/O Time           : 0

-- Page Faults & Bytes --
 Page Fault Count               : 0
 Read Bytes                     : 0
 Write Bytes                    : 0
 Block Read Bytes               : 0
 Block Write Bytes              : 0
[===============================================]

[===============================================]
Result of node_idx 3 in node_object 0: Add (ND)

-- Elapsed Time Analysis --
 Wall-clock Time                      : 2 us
 - Non I/O Handling Time (Estimated)  : 2 us
 - I/O Handling Time                  : 0 us
        - Read Syscall                : 0 us
        - Write Syscall               : 0 us
        - Page Fault                  : 0 us
        - io_uring                    : 0 us

-- I/O Counts --
 Read Syscall Count                   : 0
 Write Syscall Count                  : 0
 Block I/O Count                      : 0
 io_uring Completion Count            : 0

-- Total I/O Time (block device) --
 Total Block I/O Time           : 0

-- Page Faults & Bytes --
 Page Fault Count               : 0
 Read Bytes                     : 0
 Write Bytes                    : 0
 Block Read Bytes               : 0
 Block Write Bytes              : 0
[===============================================]

[===============================================]
Result of node_idx 4 in node_object 0: Static Reshape (NC)

-- Elapsed Time Analysis --
 Wall-clock Time                      : 3 us
 - Non I/O Handling Time (Estimated)  : 3 us
 - I/O Handling Time                  : 0 us
        - Read Syscall                : 0 us
        - Write Syscall               : 0 us
        - Page Fault                  : 0 us
        - io_uring                    : 0 us

-- I/O Counts --
 Read Syscall Count                   : 0
 Write Syscall Count                  : 0
 Block I/O Count                      : 0
 io_uring Completion Count            : 0

-- Total I/O Time (block device) --
 Total Block I/O Time           : 0

-- Page Faults & Bytes --
 Page Fault Count               : 0
 Read Bytes                     : 0
 Write Bytes                    : 0
 Block Read Bytes               : 0
 Block Write Bytes              : 0
[===============================================]

[===============================================]
Result of node_idx 5 in node_object 0: Reciprocal Square Root (NC)

-- Elapsed Time Analysis --
 Wall-clock Time                      : 10 us
 - Non I/O Handling Time (Estimated)  : 10 us
 - I/O Handling Time                  : 0 us
        - Read Syscall                : 0 us
        - Write Syscall               : 0 us
        - Page Fault                  : 0 us
        - io_uring                    : 0 us

-- I/O Counts --
 Read Syscall Count                   : 0
 Write Syscall Count                  : 0
 Block I/O Count                      : 0
 io_uring Completion Count            : 0

-- Total I/O Time (block device) --
 Total Block I/O Time           : 0

-- Page Faults & Bytes --
 Page Fault Count               : 0
 Read Bytes                     : 0
 Write Bytes                    : 0
 Block Read Bytes               : 0
 Block Write Bytes              : 0
[===============================================]

[===============================================]
Result of node_idx 6 in node_object 0: Multiply (ND)

-- Elapsed Time Analysis --
 Wall-clock Time                      : 100 us
 - Non I/O Handling Time (Estimated)  : 100 us
 - I/O Handling Time                  : 0 us
        - Read Syscall                : 0 us
        - Write Syscall               : 0 us
        - Page Fault                  : 0 us
        - io_uring                    : 0 us

-- I/O Counts --
 Read Syscall Count                   : 0
 Write Syscall Count                  : 0
 Block I/O Count                      : 0
 io_uring Completion Count            : 0

-- Total I/O Time (block device) --
 Total Block I/O Time           : 0

-- Page Faults & Bytes --
 Page Fault Count               : 0
 Read Bytes                     : 0
 Write Bytes                    : 0
 Block Read Bytes               : 0
 Block Write Bytes              : 0
[===============================================]

[===============================================]
Result of node_idx 7 in node_object 0: Multiply (ND)

-- Elapsed Time Analysis --
 Wall-clock Time                      : 18 us
 - Non I/O Handling Time (Estimated)  : 18 us
 - I/O Handling Time                  : 0 us
        - Read Syscall                : 0 us
        - Write Syscall               : 0 us
        - Page Fault                  : 0 us
        - io_uring                    : 0 us

-- I/O Counts --
 Read Syscall Count                   : 0
 Write Syscall Count                  : 0
 Block I/O Count                      : 0
 io_uring Completion Count            : 0

-- Total I/O Time (block device) --
 Total Block I/O Time           : 0

-- Page Faults & Bytes --
 Page Fault Count               : 0
 Read Bytes                     : 0
 Write Bytes                    : 0
 Block Read Bytes               : 0
 Block Write Bytes              : 0
[===============================================]

[===============================================]
Result of node_idx 0 in node_object 0: Fully Connected (NC, QDU8, F32, QC8W)

-- Elapsed Time Analysis --
 Wall-clock Time                      : 708 us
 - Non I/O Handling Time (Estimated)  : 175 us
 - I/O Handling Time                  : 533 us
        - Read Syscall                : 0 us
        - Write Syscall               : 0 us
        - Page Fault                  : 533 us
        - io_uring                    : 0 us

-- I/O Counts --
 Read Syscall Count                   : 0
 Write Syscall Count                  : 0
 Block I/O Count                      : 2
 io_uring Completion Count            : 0

-- Total I/O Time (block device) --
 Total Block I/O Time           : 313

-- Page Faults & Bytes --
 Page Fault Count               : 6
 Read Bytes                     : 0
 Write Bytes                    : 0
 Block Read Bytes               : 8192
 Block Write Bytes              : 0
[===============================================]

[===============================================]
Result of node_idx 1 in node_object 0: Static Reshape (NC)

-- Elapsed Time Analysis --
 Wall-clock Time                      : 111 us
 - Non I/O Handling Time (Estimated)  : 111 us
 - I/O Handling Time                  : 0 us
        - Read Syscall                : 0 us
        - Write Syscall               : 0 us
        - Page Fault                  : 0 us
        - io_uring                    : 0 us

-- I/O Counts --
 Read Syscall Count                   : 0
 Write Syscall Count                  : 0
 Block I/O Count                      : 0
 io_uring Completion Count            : 0

-- Total I/O Time (block device) --
 Total Block I/O Time           : 0

-- Page Faults & Bytes --
 Page Fault Count               : 0
 Read Bytes                     : 0
 Write Bytes                    : 0
 Block Read Bytes               : 0
 Block Write Bytes              : 0
[===============================================]

[===============================================]
Result of node_idx 2 in node_object 0: Slice (ND, X32)

-- Elapsed Time Analysis --
 Wall-clock Time                      : 25 us
 - Non I/O Handling Time (Estimated)  : 25 us
 - I/O Handling Time                  : 0 us
        - Read Syscall                : 0 us
        - Write Syscall               : 0 us
        - Page Fault                  : 0 us
        - io_uring                    : 0 us

-- I/O Counts --
 Read Syscall Count                   : 0
 Write Syscall Count                  : 0
 Block I/O Count                      : 0
 io_uring Completion Count            : 0

-- Total I/O Time (block device) --
 Total Block I/O Time           : 0

-- Page Faults & Bytes --
 Page Fault Count               : 0
 Read Bytes                     : 0
 Write Bytes                    : 0
 Block Read Bytes               : 0
 Block Write Bytes              : 0
[===============================================]

[===============================================]
Result of node_idx 3 in node_object 0: Slice (ND, X32)

-- Elapsed Time Analysis --
 Wall-clock Time                      : 7 us
 - Non I/O Handling Time (Estimated)  : 7 us
 - I/O Handling Time                  : 0 us
        - Read Syscall                : 0 us
        - Write Syscall               : 0 us
        - Page Fault                  : 0 us
        - io_uring                    : 0 us

-- I/O Counts --
 Read Syscall Count                   : 0
 Write Syscall Count                  : 0
 Block I/O Count                      : 0
 io_uring Completion Count            : 0

-- Total I/O Time (block device) --
 Total Block I/O Time           : 0

-- Page Faults & Bytes --
 Page Fault Count               : 0
 Read Bytes                     : 0
 Write Bytes                    : 0
 Block Read Bytes               : 0
 Block Write Bytes              : 0
[===============================================]

[===============================================]
Result of node_idx 4 in node_object 0: Slice (ND, X32)

-- Elapsed Time Analysis --
 Wall-clock Time                      : 15 us
 - Non I/O Handling Time (Estimated)  : 15 us
 - I/O Handling Time                  : 0 us
        - Read Syscall                : 0 us
        - Write Syscall               : 0 us
        - Page Fault                  : 0 us
        - io_uring                    : 0 us

-- I/O Counts --
 Read Syscall Count                   : 0
 Write Syscall Count                  : 0
 Block I/O Count                      : 0
 io_uring Completion Count            : 0

-- Total I/O Time (block device) --
 Total Block I/O Time           : 0

-- Page Faults & Bytes --
 Page Fault Count               : 0
 Read Bytes                     : 0
 Write Bytes                    : 0
 Block Read Bytes               : 0
 Block Write Bytes              : 0
[===============================================]

[===============================================]
Result of node_idx 5 in node_object 0: Static Reshape (NC)

-- Elapsed Time Analysis --
 Wall-clock Time                      : 4 us
 - Non I/O Handling Time (Estimated)  : 4 us
 - I/O Handling Time                  : 0 us
        - Read Syscall                : 0 us
        - Write Syscall               : 0 us
        - Page Fault                  : 0 us
        - io_uring                    : 0 us

-- I/O Counts --
 Read Syscall Count                   : 0
 Write Syscall Count                  : 0
 Block I/O Count                      : 0
 io_uring Completion Count            : 0

-- Total I/O Time (block device) --
 Total Block I/O Time           : 0

-- Page Faults & Bytes --
 Page Fault Count               : 0
 Read Bytes                     : 0
 Write Bytes                    : 0
 Block Read Bytes               : 0
 Block Write Bytes              : 0
[===============================================]

[===============================================]
Result of node_idx 6 in node_object 0: Transpose (ND, X32)

-- Elapsed Time Analysis --
 Wall-clock Time                      : 5 us
 - Non I/O Handling Time (Estimated)  : 5 us
 - I/O Handling Time                  : 0 us
        - Read Syscall                : 0 us
        - Write Syscall               : 0 us
        - Page Fault                  : 0 us
        - io_uring                    : 0 us

-- I/O Counts --
 Read Syscall Count                   : 0
 Write Syscall Count                  : 0
 Block I/O Count                      : 0
 io_uring Completion Count            : 0

-- Total I/O Time (block device) --
 Total Block I/O Time           : 0

-- Page Faults & Bytes --
 Page Fault Count               : 0
 Read Bytes                     : 0
 Write Bytes                    : 0
 Block Read Bytes               : 0
 Block Write Bytes              : 0
[===============================================]

[===============================================]
Result of node_idx 7 in node_object 0: Slice (ND, X32)

-- Elapsed Time Analysis --
 Wall-clock Time                      : 9 us
 - Non I/O Handling Time (Estimated)  : 9 us
 - I/O Handling Time                  : 0 us
        - Read Syscall                : 0 us
        - Write Syscall               : 0 us
        - Page Fault                  : 0 us
        - io_uring                    : 0 us

-- I/O Counts --
 Read Syscall Count                   : 0
 Write Syscall Count                  : 0
 Block I/O Count                      : 0
 io_uring Completion Count            : 0

-- Total I/O Time (block device) --
 Total Block I/O Time           : 0

-- Page Faults & Bytes --
 Page Fault Count               : 0
 Read Bytes                     : 0
 Write Bytes                    : 0
 Block Read Bytes               : 0
 Block Write Bytes              : 0
[===============================================]

[===============================================]
Result of node_idx 8 in node_object 0: Slice (ND, X32)

-- Elapsed Time Analysis --
 Wall-clock Time                      : 8 us
 - Non I/O Handling Time (Estimated)  : 8 us
 - I/O Handling Time                  : 0 us
        - Read Syscall                : 0 us
        - Write Syscall               : 0 us
        - Page Fault                  : 0 us
        - io_uring                    : 0 us

-- I/O Counts --
 Read Syscall Count                   : 0
 Write Syscall Count                  : 0
 Block I/O Count                      : 0
 io_uring Completion Count            : 0

-- Total I/O Time (block device) --
 Total Block I/O Time           : 0

-- Page Faults & Bytes --
 Page Fault Count               : 0
 Read Bytes                     : 0
 Write Bytes                    : 0
 Block Read Bytes               : 0
 Block Write Bytes              : 0
[===============================================]

[===============================================]
Result of node_idx 9 in node_object 0: Multiply (ND)

-- Elapsed Time Analysis --
 Wall-clock Time                      : 5 us
 - Non I/O Handling Time (Estimated)  : 5 us
 - I/O Handling Time                  : 0 us
        - Read Syscall                : 0 us
        - Write Syscall               : 0 us
        - Page Fault                  : 0 us
        - io_uring                    : 0 us

-- I/O Counts --
 Read Syscall Count                   : 0
 Write Syscall Count                  : 0
 Block I/O Count                      : 0
 io_uring Completion Count            : 0

-- Total I/O Time (block device) --
 Total Block I/O Time           : 0

-- Page Faults & Bytes --
 Page Fault Count               : 0
 Read Bytes                     : 0
 Write Bytes                    : 0
 Block Read Bytes               : 0
 Block Write Bytes              : 0
[===============================================]

[===============================================]
Result of node_idx 10 in node_object 0: Multiply (ND)

-- Elapsed Time Analysis --
 Wall-clock Time                      : 5 us
 - Non I/O Handling Time (Estimated)  : 5 us
 - I/O Handling Time                  : 0 us
        - Read Syscall                : 0 us
        - Write Syscall               : 0 us
        - Page Fault                  : 0 us
        - io_uring                    : 0 us

-- I/O Counts --
 Read Syscall Count                   : 0
 Write Syscall Count                  : 0
 Block I/O Count                      : 0
 io_uring Completion Count            : 0

-- Total I/O Time (block device) --
 Total Block I/O Time           : 0

-- Page Faults & Bytes --
 Page Fault Count               : 0
 Read Bytes                     : 0
 Write Bytes                    : 0
 Block Read Bytes               : 0
 Block Write Bytes              : 0
[===============================================]

[===============================================]
Result of node_idx 11 in node_object 0: Subtract (ND)

-- Elapsed Time Analysis --
 Wall-clock Time                      : 7 us
 - Non I/O Handling Time (Estimated)  : 7 us
 - I/O Handling Time                  : 0 us
        - Read Syscall                : 0 us
        - Write Syscall               : 0 us
        - Page Fault                  : 0 us
        - io_uring                    : 0 us

-- I/O Counts --
 Read Syscall Count                   : 0
 Write Syscall Count                  : 0
 Block I/O Count                      : 0
 io_uring Completion Count            : 0

-- Total I/O Time (block device) --
 Total Block I/O Time           : 0

-- Page Faults & Bytes --
 Page Fault Count               : 0
 Read Bytes                     : 0
 Write Bytes                    : 0
 Block Read Bytes               : 0
 Block Write Bytes              : 0
[===============================================]

[===============================================]
Result of node_idx 12 in node_object 0: Multiply (ND)

-- Elapsed Time Analysis --
 Wall-clock Time                      : 5 us
 - Non I/O Handling Time (Estimated)  : 5 us
 - I/O Handling Time                  : 0 us
        - Read Syscall                : 0 us
        - Write Syscall               : 0 us
        - Page Fault                  : 0 us
        - io_uring                    : 0 us

-- I/O Counts --
 Read Syscall Count                   : 0
 Write Syscall Count                  : 0
 Block I/O Count                      : 0
 io_uring Completion Count            : 0

-- Total I/O Time (block device) --
 Total Block I/O Time           : 0

-- Page Faults & Bytes --
 Page Fault Count               : 0
 Read Bytes                     : 0
 Write Bytes                    : 0
 Block Read Bytes               : 0
 Block Write Bytes              : 0
[===============================================]

[===============================================]
Result of node_idx 13 in node_object 0: Multiply (ND)

-- Elapsed Time Analysis --
 Wall-clock Time                      : 5 us
 - Non I/O Handling Time (Estimated)  : 5 us
 - I/O Handling Time                  : 0 us
        - Read Syscall                : 0 us
        - Write Syscall               : 0 us
        - Page Fault                  : 0 us
        - io_uring                    : 0 us

-- I/O Counts --
 Read Syscall Count                   : 0
 Write Syscall Count                  : 0
 Block I/O Count                      : 0
 io_uring Completion Count            : 0

-- Total I/O Time (block device) --
 Total Block I/O Time           : 0

-- Page Faults & Bytes --
 Page Fault Count               : 0
 Read Bytes                     : 0
 Write Bytes                    : 0
 Block Read Bytes               : 0
 Block Write Bytes              : 0
[===============================================]

[===============================================]
Result of node_idx 14 in node_object 0: Add (ND)

-- Elapsed Time Analysis --
 Wall-clock Time                      : 6 us
 - Non I/O Handling Time (Estimated)  : 6 us
 - I/O Handling Time                  : 0 us
        - Read Syscall                : 0 us
        - Write Syscall               : 0 us
        - Page Fault                  : 0 us
        - io_uring                    : 0 us

-- I/O Counts --
 Read Syscall Count                   : 0
 Write Syscall Count                  : 0
 Block I/O Count                      : 0
 io_uring Completion Count            : 0

-- Total I/O Time (block device) --
 Total Block I/O Time           : 0

-- Page Faults & Bytes --
 Page Fault Count               : 0
 Read Bytes                     : 0
 Write Bytes                    : 0
 Block Read Bytes               : 0
 Block Write Bytes              : 0
[===============================================]

[===============================================]
Result of node_idx 15 in node_object 0: Copy (NC, X32)

-- Elapsed Time Analysis --
 Wall-clock Time                      : 6 us
 - Non I/O Handling Time (Estimated)  : 6 us
 - I/O Handling Time                  : 0 us
        - Read Syscall                : 0 us
        - Write Syscall               : 0 us
        - Page Fault                  : 0 us
        - io_uring                    : 0 us

-- I/O Counts --
 Read Syscall Count                   : 0
 Write Syscall Count                  : 0
 Block I/O Count                      : 0
 io_uring Completion Count            : 0

-- Total I/O Time (block device) --
 Total Block I/O Time           : 0

-- Page Faults & Bytes --
 Page Fault Count               : 0
 Read Bytes                     : 0
 Write Bytes                    : 0
 Block Read Bytes               : 0
 Block Write Bytes              : 0
[===============================================]

[===============================================]
Result of node_idx 15 in node_object 1: Copy (NC, X32)

-- Elapsed Time Analysis --
 Wall-clock Time                      : 6 us
 - Non I/O Handling Time (Estimated)  : 6 us
 - I/O Handling Time                  : 0 us
        - Read Syscall                : 0 us
        - Write Syscall               : 0 us
        - Page Fault                  : 0 us
        - io_uring                    : 0 us

-- I/O Counts --
 Read Syscall Count                   : 0
 Write Syscall Count                  : 0
 Block I/O Count                      : 0
 io_uring Completion Count            : 0

-- Total I/O Time (block device) --
 Total Block I/O Time           : 0

-- Page Faults & Bytes --
 Page Fault Count               : 0
 Read Bytes                     : 0
 Write Bytes                    : 0
 Block Read Bytes               : 0
 Block Write Bytes              : 0
[===============================================]

[===============================================]
Result of node_idx 16 in node_object 0: Transpose (ND, X32)

-- Elapsed Time Analysis --
 Wall-clock Time                      : 5 us
 - Non I/O Handling Time (Estimated)  : 5 us
 - I/O Handling Time                  : 0 us
        - Read Syscall                : 0 us
        - Write Syscall               : 0 us
        - Page Fault                  : 0 us
        - io_uring                    : 0 us

-- I/O Counts --
 Read Syscall Count                   : 0
 Write Syscall Count                  : 0
 Block I/O Count                      : 0
 io_uring Completion Count            : 0

-- Total I/O Time (block device) --
 Total Block I/O Time           : 0

-- Page Faults & Bytes --
 Page Fault Count               : 0
 Read Bytes                     : 0
 Write Bytes                    : 0
 Block Read Bytes               : 0
 Block Write Bytes              : 0
[===============================================]

[===============================================]
Result of node_idx 17 in node_object 0: Transpose (ND, X32)

-- Elapsed Time Analysis --
 Wall-clock Time                      : 4 us
 - Non I/O Handling Time (Estimated)  : 4 us
 - I/O Handling Time                  : 0 us
        - Read Syscall                : 0 us
        - Write Syscall               : 0 us
        - Page Fault                  : 0 us
        - io_uring                    : 0 us

-- I/O Counts --
 Read Syscall Count                   : 0
 Write Syscall Count                  : 0
 Block I/O Count                      : 0
 io_uring Completion Count            : 0

-- Total I/O Time (block device) --
 Total Block I/O Time           : 0

-- Page Faults & Bytes --
 Page Fault Count               : 0
 Read Bytes                     : 0
 Write Bytes                    : 0
 Block Read Bytes               : 0
 Block Write Bytes              : 0
[===============================================]

[===============================================]
Result of node_idx 18 in node_object 0: Slice (ND, X32)

-- Elapsed Time Analysis --
 Wall-clock Time                      : 8 us
 - Non I/O Handling Time (Estimated)  : 8 us
 - I/O Handling Time                  : 0 us
        - Read Syscall                : 0 us
        - Write Syscall               : 0 us
        - Page Fault                  : 0 us
        - io_uring                    : 0 us

-- I/O Counts --
 Read Syscall Count                   : 0
 Write Syscall Count                  : 0
 Block I/O Count                      : 0
 io_uring Completion Count            : 0

-- Total I/O Time (block device) --
 Total Block I/O Time           : 0

-- Page Faults & Bytes --
 Page Fault Count               : 0
 Read Bytes                     : 0
 Write Bytes                    : 0
 Block Read Bytes               : 0
 Block Write Bytes              : 0
[===============================================]

[===============================================]
Result of node_idx 19 in node_object 0: Slice (ND, X32)

-- Elapsed Time Analysis --
 Wall-clock Time                      : 7 us
 - Non I/O Handling Time (Estimated)  : 7 us
 - I/O Handling Time                  : 0 us
        - Read Syscall                : 0 us
        - Write Syscall               : 0 us
        - Page Fault                  : 0 us
        - io_uring                    : 0 us

-- I/O Counts --
 Read Syscall Count                   : 0
 Write Syscall Count                  : 0
 Block I/O Count                      : 0
 io_uring Completion Count            : 0

-- Total I/O Time (block device) --
 Total Block I/O Time           : 0

-- Page Faults & Bytes --
 Page Fault Count               : 0
 Read Bytes                     : 0
 Write Bytes                    : 0
 Block Read Bytes               : 0
 Block Write Bytes              : 0
[===============================================]

[===============================================]
Result of node_idx 20 in node_object 0: Multiply (ND)

-- Elapsed Time Analysis --
 Wall-clock Time                      : 5 us
 - Non I/O Handling Time (Estimated)  : 5 us
 - I/O Handling Time                  : 0 us
        - Read Syscall                : 0 us
        - Write Syscall               : 0 us
        - Page Fault                  : 0 us
        - io_uring                    : 0 us

-- I/O Counts --
 Read Syscall Count                   : 0
 Write Syscall Count                  : 0
 Block I/O Count                      : 0
 io_uring Completion Count            : 0

-- Total I/O Time (block device) --
 Total Block I/O Time           : 0

-- Page Faults & Bytes --
 Page Fault Count               : 0
 Read Bytes                     : 0
 Write Bytes                    : 0
 Block Read Bytes               : 0
 Block Write Bytes              : 0
[===============================================]

[===============================================]
Result of node_idx 21 in node_object 0: Multiply (ND)

-- Elapsed Time Analysis --
 Wall-clock Time                      : 5 us
 - Non I/O Handling Time (Estimated)  : 5 us
 - I/O Handling Time                  : 0 us
        - Read Syscall                : 0 us
        - Write Syscall               : 0 us
        - Page Fault                  : 0 us
        - io_uring                    : 0 us

-- I/O Counts --
 Read Syscall Count                   : 0
 Write Syscall Count                  : 0
 Block I/O Count                      : 0
 io_uring Completion Count            : 0

-- Total I/O Time (block device) --
 Total Block I/O Time           : 0

-- Page Faults & Bytes --
 Page Fault Count               : 0
 Read Bytes                     : 0
 Write Bytes                    : 0
 Block Read Bytes               : 0
 Block Write Bytes              : 0
[===============================================]

[===============================================]
Result of node_idx 22 in node_object 0: Subtract (ND)

-- Elapsed Time Analysis --
 Wall-clock Time                      : 6 us
 - Non I/O Handling Time (Estimated)  : 6 us
 - I/O Handling Time                  : 0 us
        - Read Syscall                : 0 us
        - Write Syscall               : 0 us
        - Page Fault                  : 0 us
        - io_uring                    : 0 us

-- I/O Counts --
 Read Syscall Count                   : 0
 Write Syscall Count                  : 0
 Block I/O Count                      : 0
 io_uring Completion Count            : 0

-- Total I/O Time (block device) --
 Total Block I/O Time           : 0

-- Page Faults & Bytes --
 Page Fault Count               : 0
 Read Bytes                     : 0
 Write Bytes                    : 0
 Block Read Bytes               : 0
 Block Write Bytes              : 0
[===============================================]

[===============================================]
Result of node_idx 23 in node_object 0: Multiply (ND)

-- Elapsed Time Analysis --
 Wall-clock Time                      : 5 us
 - Non I/O Handling Time (Estimated)  : 5 us
 - I/O Handling Time                  : 0 us
        - Read Syscall                : 0 us
        - Write Syscall               : 0 us
        - Page Fault                  : 0 us
        - io_uring                    : 0 us

-- I/O Counts --
 Read Syscall Count                   : 0
 Write Syscall Count                  : 0
 Block I/O Count                      : 0
 io_uring Completion Count            : 0

-- Total I/O Time (block device) --
 Total Block I/O Time           : 0

-- Page Faults & Bytes --
 Page Fault Count               : 0
 Read Bytes                     : 0
 Write Bytes                    : 0
 Block Read Bytes               : 0
 Block Write Bytes              : 0
[===============================================]

[===============================================]
Result of node_idx 24 in node_object 0: Multiply (ND)

-- Elapsed Time Analysis --
 Wall-clock Time                      : 5 us
 - Non I/O Handling Time (Estimated)  : 5 us
 - I/O Handling Time                  : 0 us
        - Read Syscall                : 0 us
        - Write Syscall               : 0 us
        - Page Fault                  : 0 us
        - io_uring                    : 0 us

-- I/O Counts --
 Read Syscall Count                   : 0
 Write Syscall Count                  : 0
 Block I/O Count                      : 0
 io_uring Completion Count            : 0

-- Total I/O Time (block device) --
 Total Block I/O Time           : 0

-- Page Faults & Bytes --
 Page Fault Count               : 0
 Read Bytes                     : 0
 Write Bytes                    : 0
 Block Read Bytes               : 0
 Block Write Bytes              : 0
[===============================================]

[===============================================]
Result of node_idx 25 in node_object 0: Add (ND)

-- Elapsed Time Analysis --
 Wall-clock Time                      : 6 us
 - Non I/O Handling Time (Estimated)  : 6 us
 - I/O Handling Time                  : 0 us
        - Read Syscall                : 0 us
        - Write Syscall               : 0 us
        - Page Fault                  : 0 us
        - io_uring                    : 0 us

-- I/O Counts --
 Read Syscall Count                   : 0
 Write Syscall Count                  : 0
 Block I/O Count                      : 0
 io_uring Completion Count            : 0

-- Total I/O Time (block device) --
 Total Block I/O Time           : 0

-- Page Faults & Bytes --
 Page Fault Count               : 0
 Read Bytes                     : 0
 Write Bytes                    : 0
 Block Read Bytes               : 0
 Block Write Bytes              : 0
[===============================================]

[===============================================]
Result of node_idx 26 in node_object 0: Copy (NC, X32)

-- Elapsed Time Analysis --
 Wall-clock Time                      : 6 us
 - Non I/O Handling Time (Estimated)  : 6 us
 - I/O Handling Time                  : 0 us
        - Read Syscall                : 0 us
        - Write Syscall               : 0 us
        - Page Fault                  : 0 us
        - io_uring                    : 0 us

-- I/O Counts --
 Read Syscall Count                   : 0
 Write Syscall Count                  : 0
 Block I/O Count                      : 0
 io_uring Completion Count            : 0

-- Total I/O Time (block device) --
 Total Block I/O Time           : 0

-- Page Faults & Bytes --
 Page Fault Count               : 0
 Read Bytes                     : 0
 Write Bytes                    : 0
 Block Read Bytes               : 0
 Block Write Bytes              : 0
[===============================================]

[===============================================]
Result of node_idx 26 in node_object 1: Copy (NC, X32)

-- Elapsed Time Analysis --
 Wall-clock Time                      : 8 us
 - Non I/O Handling Time (Estimated)  : 8 us
 - I/O Handling Time                  : 0 us
        - Read Syscall                : 0 us
        - Write Syscall               : 0 us
        - Page Fault                  : 0 us
        - io_uring                    : 0 us

-- I/O Counts --
 Read Syscall Count                   : 0
 Write Syscall Count                  : 0
 Block I/O Count                      : 0
 io_uring Completion Count            : 0

-- Total I/O Time (block device) --
 Total Block I/O Time           : 0

-- Page Faults & Bytes --
 Page Fault Count               : 0
 Read Bytes                     : 0
 Write Bytes                    : 0
 Block Read Bytes               : 0
 Block Write Bytes              : 0
[===============================================]

[===============================================]
Result of node_idx 27 in node_object 0: Transpose (ND, X32)

-- Elapsed Time Analysis --
 Wall-clock Time                      : 4 us
 - Non I/O Handling Time (Estimated)  : 4 us
 - I/O Handling Time                  : 0 us
        - Read Syscall                : 0 us
        - Write Syscall               : 0 us
        - Page Fault                  : 0 us
        - io_uring                    : 0 us

-- I/O Counts --
 Read Syscall Count                   : 0
 Write Syscall Count                  : 0
 Block I/O Count                      : 0
 io_uring Completion Count            : 0

-- Total I/O Time (block device) --
 Total Block I/O Time           : 0

-- Page Faults & Bytes --
 Page Fault Count               : 0
 Read Bytes                     : 0
 Write Bytes                    : 0
 Block Read Bytes               : 0
 Block Write Bytes              : 0
[===============================================]

[===============================================]
Result of node_idx 0 in node_object 0: Multiply (ND)

-- Elapsed Time Analysis --
 Wall-clock Time                      : 5 us
 - Non I/O Handling Time (Estimated)  : 5 us
 - I/O Handling Time                  : 0 us
        - Read Syscall                : 0 us
        - Write Syscall               : 0 us
        - Page Fault                  : 0 us
        - io_uring                    : 0 us

-- I/O Counts --
 Read Syscall Count                   : 0
 Write Syscall Count                  : 0
 Block I/O Count                      : 0
 io_uring Completion Count            : 0

-- Total I/O Time (block device) --
 Total Block I/O Time           : 0

-- Page Faults & Bytes --
 Page Fault Count               : 0
 Read Bytes                     : 0
 Write Bytes                    : 0
 Block Read Bytes               : 0
 Block Write Bytes              : 0
[===============================================]

[===============================================]
Result of node_idx 1 in node_object 0: Transpose (ND, X32)

-- Elapsed Time Analysis --
 Wall-clock Time                      : 5 us
 - Non I/O Handling Time (Estimated)  : 5 us
 - I/O Handling Time                  : 0 us
        - Read Syscall                : 0 us
        - Write Syscall               : 0 us
        - Page Fault                  : 0 us
        - io_uring                    : 0 us

-- I/O Counts --
 Read Syscall Count                   : 0
 Write Syscall Count                  : 0
 Block I/O Count                      : 0
 io_uring Completion Count            : 0

-- Total I/O Time (block device) --
 Total Block I/O Time           : 0

-- Page Faults & Bytes --
 Page Fault Count               : 0
 Read Bytes                     : 0
 Write Bytes                    : 0
 Block Read Bytes               : 0
 Block Write Bytes              : 0
[===============================================]

[===============================================]
Result of node_idx 2 in node_object 0: Transpose (ND, X32)

-- Elapsed Time Analysis --
 Wall-clock Time                      : 30 us
 - Non I/O Handling Time (Estimated)  : 30 us
 - I/O Handling Time                  : 0 us
        - Read Syscall                : 0 us
        - Write Syscall               : 0 us
        - Page Fault                  : 0 us
        - io_uring                    : 0 us

-- I/O Counts --
 Read Syscall Count                   : 0
 Write Syscall Count                  : 0
 Block I/O Count                      : 0
 io_uring Completion Count            : 0

-- Total I/O Time (block device) --
 Total Block I/O Time           : 0

-- Page Faults & Bytes --
 Page Fault Count               : 0
 Read Bytes                     : 0
 Write Bytes                    : 0
 Block Read Bytes               : 0
 Block Write Bytes              : 0
[===============================================]

[===============================================]
Result of node_idx 3 in node_object 0: Static Reshape (NC)

-- Elapsed Time Analysis --
 Wall-clock Time                      : 3 us
 - Non I/O Handling Time (Estimated)  : 3 us
 - I/O Handling Time                  : 0 us
        - Read Syscall                : 0 us
        - Write Syscall               : 0 us
        - Page Fault                  : 0 us
        - io_uring                    : 0 us

-- I/O Counts --
 Read Syscall Count                   : 0
 Write Syscall Count                  : 0
 Block I/O Count                      : 0
 io_uring Completion Count            : 0

-- Total I/O Time (block device) --
 Total Block I/O Time           : 0

-- Page Faults & Bytes --
 Page Fault Count               : 0
 Read Bytes                     : 0
 Write Bytes                    : 0
 Block Read Bytes               : 0
 Block Write Bytes              : 0
[===============================================]

[===============================================]
Result of node_idx 4 in node_object 0: Static Reshape (NC)

-- Elapsed Time Analysis --
 Wall-clock Time                      : 7 us
 - Non I/O Handling Time (Estimated)  : 7 us
 - I/O Handling Time                  : 0 us
        - Read Syscall                : 0 us
        - Write Syscall               : 0 us
        - Page Fault                  : 0 us
        - io_uring                    : 0 us

-- I/O Counts --
 Read Syscall Count                   : 0
 Write Syscall Count                  : 0
 Block I/O Count                      : 0
 io_uring Completion Count            : 0

-- Total I/O Time (block device) --
 Total Block I/O Time           : 0

-- Page Faults & Bytes --
 Page Fault Count               : 0
 Read Bytes                     : 0
 Write Bytes                    : 0
 Block Read Bytes               : 0
 Block Write Bytes              : 0
[===============================================]

[===============================================]
Result of node_idx 5 in node_object 0: Batch Matrix Multiply (NC, F32)

-- Elapsed Time Analysis --
 Wall-clock Time                      : 103 us
 - Non I/O Handling Time (Estimated)  : 103 us
 - I/O Handling Time                  : 0 us
        - Read Syscall                : 0 us
        - Write Syscall               : 0 us
        - Page Fault                  : 0 us
        - io_uring                    : 0 us

-- I/O Counts --
 Read Syscall Count                   : 0
 Write Syscall Count                  : 0
 Block I/O Count                      : 0
 io_uring Completion Count            : 0

-- Total I/O Time (block device) --
 Total Block I/O Time           : 0

-- Page Faults & Bytes --
 Page Fault Count               : 0
 Read Bytes                     : 0
 Write Bytes                    : 0
 Block Read Bytes               : 0
 Block Write Bytes              : 0
[===============================================]

[===============================================]
Result of node_idx 6 in node_object 0: Static Reshape (NC)

-- Elapsed Time Analysis --
 Wall-clock Time                      : 3 us
 - Non I/O Handling Time (Estimated)  : 3 us
 - I/O Handling Time                  : 0 us
        - Read Syscall                : 0 us
        - Write Syscall               : 0 us
        - Page Fault                  : 0 us
        - io_uring                    : 0 us

-- I/O Counts --
 Read Syscall Count                   : 0
 Write Syscall Count                  : 0
 Block I/O Count                      : 0
 io_uring Completion Count            : 0

-- Total I/O Time (block device) --
 Total Block I/O Time           : 0

-- Page Faults & Bytes --
 Page Fault Count               : 0
 Read Bytes                     : 0
 Write Bytes                    : 0
 Block Read Bytes               : 0
 Block Write Bytes              : 0
[===============================================]

[===============================================]
Result of node_idx 7 in node_object 0: Add (ND)

-- Elapsed Time Analysis --
 Wall-clock Time                      : 9 us
 - Non I/O Handling Time (Estimated)  : 9 us
 - I/O Handling Time                  : 0 us
        - Read Syscall                : 0 us
        - Write Syscall               : 0 us
        - Page Fault                  : 0 us
        - io_uring                    : 0 us

-- I/O Counts --
 Read Syscall Count                   : 0
 Write Syscall Count                  : 0
 Block I/O Count                      : 0
 io_uring Completion Count            : 0

-- Total I/O Time (block device) --
 Total Block I/O Time           : 0

-- Page Faults & Bytes --
 Page Fault Count               : 0
 Read Bytes                     : 0
 Write Bytes                    : 0
 Block Read Bytes               : 0
 Block Write Bytes              : 0
[===============================================]

[===============================================]
Result of node_idx 8 in node_object 0: Softmax (NC, F32)

-- Elapsed Time Analysis --
 Wall-clock Time                      : 13 us
 - Non I/O Handling Time (Estimated)  : 13 us
 - I/O Handling Time                  : 0 us
        - Read Syscall                : 0 us
        - Write Syscall               : 0 us
        - Page Fault                  : 0 us
        - io_uring                    : 0 us

-- I/O Counts --
 Read Syscall Count                   : 0
 Write Syscall Count                  : 0
 Block I/O Count                      : 0
 io_uring Completion Count            : 0

-- Total I/O Time (block device) --
 Total Block I/O Time           : 0

-- Page Faults & Bytes --
 Page Fault Count               : 0
 Read Bytes                     : 0
 Write Bytes                    : 0
 Block Read Bytes               : 0
 Block Write Bytes              : 0
[===============================================]

[===============================================]
Result of node_idx 9 in node_object 0: Transpose (ND, X32)

-- Elapsed Time Analysis --
 Wall-clock Time                      : 33 us
 - Non I/O Handling Time (Estimated)  : 33 us
 - I/O Handling Time                  : 0 us
        - Read Syscall                : 0 us
        - Write Syscall               : 0 us
        - Page Fault                  : 0 us
        - io_uring                    : 0 us

-- I/O Counts --
 Read Syscall Count                   : 0
 Write Syscall Count                  : 0
 Block I/O Count                      : 0
 io_uring Completion Count            : 0

-- Total I/O Time (block device) --
 Total Block I/O Time           : 0

-- Page Faults & Bytes --
 Page Fault Count               : 0
 Read Bytes                     : 0
 Write Bytes                    : 0
 Block Read Bytes               : 0
 Block Write Bytes              : 0
[===============================================]

[===============================================]
Result of node_idx 10 in node_object 0: Static Reshape (NC)

-- Elapsed Time Analysis --
 Wall-clock Time                      : 3 us
 - Non I/O Handling Time (Estimated)  : 3 us
 - I/O Handling Time                  : 0 us
        - Read Syscall                : 0 us
        - Write Syscall               : 0 us
        - Page Fault                  : 0 us
        - io_uring                    : 0 us

-- I/O Counts --
 Read Syscall Count                   : 0
 Write Syscall Count                  : 0
 Block I/O Count                      : 0
 io_uring Completion Count            : 0

-- Total I/O Time (block device) --
 Total Block I/O Time           : 0

-- Page Faults & Bytes --
 Page Fault Count               : 0
 Read Bytes                     : 0
 Write Bytes                    : 0
 Block Read Bytes               : 0
 Block Write Bytes              : 0
[===============================================]

[===============================================]
Result of node_idx 11 in node_object 0: Static Reshape (NC)

-- Elapsed Time Analysis --
 Wall-clock Time                      : 3 us
 - Non I/O Handling Time (Estimated)  : 3 us
 - I/O Handling Time                  : 0 us
        - Read Syscall                : 0 us
        - Write Syscall               : 0 us
        - Page Fault                  : 0 us
        - io_uring                    : 0 us

-- I/O Counts --
 Read Syscall Count                   : 0
 Write Syscall Count                  : 0
 Block I/O Count                      : 0
 io_uring Completion Count            : 0

-- Total I/O Time (block device) --
 Total Block I/O Time           : 0

-- Page Faults & Bytes --
 Page Fault Count               : 0
 Read Bytes                     : 0
 Write Bytes                    : 0
 Block Read Bytes               : 0
 Block Write Bytes              : 0
[===============================================]

[===============================================]
Result of node_idx 12 in node_object 0: Batch Matrix Multiply (NC, F32)

-- Elapsed Time Analysis --
 Wall-clock Time                      : 58 us
 - Non I/O Handling Time (Estimated)  : 58 us
 - I/O Handling Time                  : 0 us
        - Read Syscall                : 0 us
        - Write Syscall               : 0 us
        - Page Fault                  : 0 us
        - io_uring                    : 0 us

-- I/O Counts --
 Read Syscall Count                   : 0
 Write Syscall Count                  : 0
 Block I/O Count                      : 0
 io_uring Completion Count            : 0

-- Total I/O Time (block device) --
 Total Block I/O Time           : 0

-- Page Faults & Bytes --
 Page Fault Count               : 0
 Read Bytes                     : 0
 Write Bytes                    : 0
 Block Read Bytes               : 0
 Block Write Bytes              : 0
[===============================================]

[===============================================]
Result of node_idx 13 in node_object 0: Static Reshape (NC)

-- Elapsed Time Analysis --
 Wall-clock Time                      : 3 us
 - Non I/O Handling Time (Estimated)  : 3 us
 - I/O Handling Time                  : 0 us
        - Read Syscall                : 0 us
        - Write Syscall               : 0 us
        - Page Fault                  : 0 us
        - io_uring                    : 0 us

-- I/O Counts --
 Read Syscall Count                   : 0
 Write Syscall Count                  : 0
 Block I/O Count                      : 0
 io_uring Completion Count            : 0

-- Total I/O Time (block device) --
 Total Block I/O Time           : 0

-- Page Faults & Bytes --
 Page Fault Count               : 0
 Read Bytes                     : 0
 Write Bytes                    : 0
 Block Read Bytes               : 0
 Block Write Bytes              : 0
[===============================================]

[===============================================]
Result of node_idx 14 in node_object 0: Transpose (ND, X32)

-- Elapsed Time Analysis --
 Wall-clock Time                      : 5 us
 - Non I/O Handling Time (Estimated)  : 5 us
 - I/O Handling Time                  : 0 us
        - Read Syscall                : 0 us
        - Write Syscall               : 0 us
        - Page Fault                  : 0 us
        - io_uring                    : 0 us

-- I/O Counts --
 Read Syscall Count                   : 0
 Write Syscall Count                  : 0
 Block I/O Count                      : 0
 io_uring Completion Count            : 0

-- Total I/O Time (block device) --
 Total Block I/O Time           : 0

-- Page Faults & Bytes --
 Page Fault Count               : 0
 Read Bytes                     : 0
 Write Bytes                    : 0
 Block Read Bytes               : 0
 Block Write Bytes              : 0
[===============================================]

[===============================================]
Result of node_idx 15 in node_object 0: Static Reshape (NC)

-- Elapsed Time Analysis --
 Wall-clock Time                      : 3 us
 - Non I/O Handling Time (Estimated)  : 3 us
 - I/O Handling Time                  : 0 us
        - Read Syscall                : 0 us
        - Write Syscall               : 0 us
        - Page Fault                  : 0 us
        - io_uring                    : 0 us

-- I/O Counts --
 Read Syscall Count                   : 0
 Write Syscall Count                  : 0
 Block I/O Count                      : 0
 io_uring Completion Count            : 0

-- Total I/O Time (block device) --
 Total Block I/O Time           : 0

-- Page Faults & Bytes --
 Page Fault Count               : 0
 Read Bytes                     : 0
 Write Bytes                    : 0
 Block Read Bytes               : 0
 Block Write Bytes              : 0
[===============================================]

[===============================================]
Result of node_idx 16 in node_object 0: Fully Connected (NC, QDU8, F32, QC8W)

-- Elapsed Time Analysis --
 Wall-clock Time                      : 410 us
 - Non I/O Handling Time (Estimated)  : 19 us
 - I/O Handling Time                  : 391 us
        - Read Syscall                : 0 us
        - Write Syscall               : 0 us
        - Page Fault                  : 391 us
        - io_uring                    : 0 us

-- I/O Counts --
 Read Syscall Count                   : 0
 Write Syscall Count                  : 0
 Block I/O Count                      : 2
 io_uring Completion Count            : 0

-- Total I/O Time (block device) --
 Total Block I/O Time           : 653

-- Page Faults & Bytes --
 Page Fault Count               : 4
 Read Bytes                     : 0
 Write Bytes                    : 0
 Block Read Bytes               : 20480
 Block Write Bytes              : 0
[===============================================]

[===============================================]
Result of node_idx 17 in node_object 0: Add (ND)

-- Elapsed Time Analysis --
 Wall-clock Time                      : 20 us
 - Non I/O Handling Time (Estimated)  : 20 us
 - I/O Handling Time                  : 0 us
        - Read Syscall                : 0 us
        - Write Syscall               : 0 us
        - Page Fault                  : 0 us
        - io_uring                    : 0 us

-- I/O Counts --
 Read Syscall Count                   : 0
 Write Syscall Count                  : 0
 Block I/O Count                      : 0
 io_uring Completion Count            : 0

-- Total I/O Time (block device) --
 Total Block I/O Time           : 0

-- Page Faults & Bytes --
 Page Fault Count               : 0
 Read Bytes                     : 0
 Write Bytes                    : 0
 Block Read Bytes               : 0
 Block Write Bytes              : 0
[===============================================]

[===============================================]
Result of node_idx 0 in node_object 0: Multiply (ND)

-- Elapsed Time Analysis --
 Wall-clock Time                      : 106 us
 - Non I/O Handling Time (Estimated)  : 106 us
 - I/O Handling Time                  : 0 us
        - Read Syscall                : 0 us
        - Write Syscall               : 0 us
        - Page Fault                  : 0 us
        - io_uring                    : 0 us

-- I/O Counts --
 Read Syscall Count                   : 0
 Write Syscall Count                  : 0
 Block I/O Count                      : 0
 io_uring Completion Count            : 0

-- Total I/O Time (block device) --
 Total Block I/O Time           : 0

-- Page Faults & Bytes --
 Page Fault Count               : 0
 Read Bytes                     : 0
 Write Bytes                    : 0
 Block Read Bytes               : 0
 Block Write Bytes              : 0
[===============================================]

[===============================================]
Result of node_idx 1 in node_object 0: Sum (ND)

-- Elapsed Time Analysis --
 Wall-clock Time                      : 104 us
 - Non I/O Handling Time (Estimated)  : 104 us
 - I/O Handling Time                  : 0 us
        - Read Syscall                : 0 us
        - Write Syscall               : 0 us
        - Page Fault                  : 0 us
        - io_uring                    : 0 us

-- I/O Counts --
 Read Syscall Count                   : 0
 Write Syscall Count                  : 0
 Block I/O Count                      : 0
 io_uring Completion Count            : 0

-- Total I/O Time (block device) --
 Total Block I/O Time           : 0

-- Page Faults & Bytes --
 Page Fault Count               : 0
 Read Bytes                     : 0
 Write Bytes                    : 0
 Block Read Bytes               : 0
 Block Write Bytes              : 0
[===============================================]

[===============================================]
Result of node_idx 2 in node_object 0: Multiply (ND)

-- Elapsed Time Analysis --
 Wall-clock Time                      : 3 us
 - Non I/O Handling Time (Estimated)  : 3 us
 - I/O Handling Time                  : 0 us
        - Read Syscall                : 0 us
        - Write Syscall               : 0 us
        - Page Fault                  : 0 us
        - io_uring                    : 0 us

-- I/O Counts --
 Read Syscall Count                   : 0
 Write Syscall Count                  : 0
 Block I/O Count                      : 0
 io_uring Completion Count            : 0

-- Total I/O Time (block device) --
 Total Block I/O Time           : 0

-- Page Faults & Bytes --
 Page Fault Count               : 0
 Read Bytes                     : 0
 Write Bytes                    : 0
 Block Read Bytes               : 0
 Block Write Bytes              : 0
[===============================================]

[===============================================]
Result of node_idx 3 in node_object 0: Add (ND)

-- Elapsed Time Analysis --
 Wall-clock Time                      : 2 us
 - Non I/O Handling Time (Estimated)  : 2 us
 - I/O Handling Time                  : 0 us
        - Read Syscall                : 0 us
        - Write Syscall               : 0 us
        - Page Fault                  : 0 us
        - io_uring                    : 0 us

-- I/O Counts --
 Read Syscall Count                   : 0
 Write Syscall Count                  : 0
 Block I/O Count                      : 0
 io_uring Completion Count            : 0

-- Total I/O Time (block device) --
 Total Block I/O Time           : 0

-- Page Faults & Bytes --
 Page Fault Count               : 0
 Read Bytes                     : 0
 Write Bytes                    : 0
 Block Read Bytes               : 0
 Block Write Bytes              : 0
[===============================================]

[===============================================]
Result of node_idx 4 in node_object 0: Static Reshape (NC)

-- Elapsed Time Analysis --
 Wall-clock Time                      : 2 us
 - Non I/O Handling Time (Estimated)  : 2 us
 - I/O Handling Time                  : 0 us
        - Read Syscall                : 0 us
        - Write Syscall               : 0 us
        - Page Fault                  : 0 us
        - io_uring                    : 0 us

-- I/O Counts --
 Read Syscall Count                   : 0
 Write Syscall Count                  : 0
 Block I/O Count                      : 0
 io_uring Completion Count            : 0

-- Total I/O Time (block device) --
 Total Block I/O Time           : 0

-- Page Faults & Bytes --
 Page Fault Count               : 0
 Read Bytes                     : 0
 Write Bytes                    : 0
 Block Read Bytes               : 0
 Block Write Bytes              : 0
[===============================================]

[===============================================]
Result of node_idx 5 in node_object 0: Reciprocal Square Root (NC)

-- Elapsed Time Analysis --
 Wall-clock Time                      : 3 us
 - Non I/O Handling Time (Estimated)  : 3 us
 - I/O Handling Time                  : 0 us
        - Read Syscall                : 0 us
        - Write Syscall               : 0 us
        - Page Fault                  : 0 us
        - io_uring                    : 0 us

-- I/O Counts --
 Read Syscall Count                   : 0
 Write Syscall Count                  : 0
 Block I/O Count                      : 0
 io_uring Completion Count            : 0

-- Total I/O Time (block device) --
 Total Block I/O Time           : 0

-- Page Faults & Bytes --
 Page Fault Count               : 0
 Read Bytes                     : 0
 Write Bytes                    : 0
 Block Read Bytes               : 0
 Block Write Bytes              : 0
[===============================================]

[===============================================]
Result of node_idx 6 in node_object 0: Multiply (ND)

-- Elapsed Time Analysis --
 Wall-clock Time                      : 90 us
 - Non I/O Handling Time (Estimated)  : 90 us
 - I/O Handling Time                  : 0 us
        - Read Syscall                : 0 us
        - Write Syscall               : 0 us
        - Page Fault                  : 0 us
        - io_uring                    : 0 us

-- I/O Counts --
 Read Syscall Count                   : 0
 Write Syscall Count                  : 0
 Block I/O Count                      : 0
 io_uring Completion Count            : 0

-- Total I/O Time (block device) --
 Total Block I/O Time           : 0

-- Page Faults & Bytes --
 Page Fault Count               : 0
 Read Bytes                     : 0
 Write Bytes                    : 0
 Block Read Bytes               : 0
 Block Write Bytes              : 0
[===============================================]

[===============================================]
Result of node_idx 7 in node_object 0: Multiply (ND)

-- Elapsed Time Analysis --
 Wall-clock Time                      : 21 us
 - Non I/O Handling Time (Estimated)  : 21 us
 - I/O Handling Time                  : 0 us
        - Read Syscall                : 0 us
        - Write Syscall               : 0 us
        - Page Fault                  : 0 us
        - io_uring                    : 0 us

-- I/O Counts --
 Read Syscall Count                   : 0
 Write Syscall Count                  : 0
 Block I/O Count                      : 0
 io_uring Completion Count            : 0

-- Total I/O Time (block device) --
 Total Block I/O Time           : 0

-- Page Faults & Bytes --
 Page Fault Count               : 0
 Read Bytes                     : 0
 Write Bytes                    : 0
 Block Read Bytes               : 0
 Block Write Bytes              : 0
[===============================================]

[===============================================]
Result of node_idx 0 in node_object 0: Fully Connected (NC, QDU8, F32, QC8W)

-- Elapsed Time Analysis --
 Wall-clock Time                      : 1106 us
 - Non I/O Handling Time (Estimated)  : 159 us
 - I/O Handling Time                  : 947 us
        - Read Syscall                : 0 us
        - Write Syscall               : 0 us
        - Page Fault                  : 947 us
        - io_uring                    : 0 us

-- I/O Counts --
 Read Syscall Count                   : 0
 Write Syscall Count                  : 0
 Block I/O Count                      : 1
 io_uring Completion Count            : 0

-- Total I/O Time (block device) --
 Total Block I/O Time           : 0

-- Page Faults & Bytes --
 Page Fault Count               : 6
 Read Bytes                     : 0
 Write Bytes                    : 0
 Block Read Bytes               : 0
 Block Write Bytes              : 0
[===============================================]

[===============================================]
Result of node_idx 1 in node_object 0: Sigmoid (NC)

-- Elapsed Time Analysis --
 Wall-clock Time                      : 103 us
 - Non I/O Handling Time (Estimated)  : 103 us
 - I/O Handling Time                  : 0 us
        - Read Syscall                : 0 us
        - Write Syscall               : 0 us
        - Page Fault                  : 0 us
        - io_uring                    : 0 us

-- I/O Counts --
 Read Syscall Count                   : 0
 Write Syscall Count                  : 0
 Block I/O Count                      : 0
 io_uring Completion Count            : 0

-- Total I/O Time (block device) --
 Total Block I/O Time           : 570

-- Page Faults & Bytes --
 Page Fault Count               : 0
 Read Bytes                     : 0
 Write Bytes                    : 0
 Block Read Bytes               : 131072
 Block Write Bytes              : 0
[===============================================]

[===============================================]
Result of node_idx 2 in node_object 0: Multiply (ND)

-- Elapsed Time Analysis --
 Wall-clock Time                      : 91 us
 - Non I/O Handling Time (Estimated)  : 91 us
 - I/O Handling Time                  : 0 us
        - Read Syscall                : 0 us
        - Write Syscall               : 0 us
        - Page Fault                  : 0 us
        - io_uring                    : 0 us

-- I/O Counts --
 Read Syscall Count                   : 0
 Write Syscall Count                  : 0
 Block I/O Count                      : 0
 io_uring Completion Count            : 0

-- Total I/O Time (block device) --
 Total Block I/O Time           : 0

-- Page Faults & Bytes --
 Page Fault Count               : 0
 Read Bytes                     : 0
 Write Bytes                    : 0
 Block Read Bytes               : 0
 Block Write Bytes              : 0
[===============================================]

[===============================================]
Result of node_idx 3 in node_object 0: Fully Connected (NC, QDU8, F32, QC8W)

-- Elapsed Time Analysis --
 Wall-clock Time                      : 986 us
 - Non I/O Handling Time (Estimated)  : 184 us
 - I/O Handling Time                  : 802 us
        - Read Syscall                : 0 us
        - Write Syscall               : 0 us
        - Page Fault                  : 802 us
        - io_uring                    : 0 us

-- I/O Counts --
 Read Syscall Count                   : 0
 Write Syscall Count                  : 0
 Block I/O Count                      : 1
 io_uring Completion Count            : 0

-- Total I/O Time (block device) --
 Total Block I/O Time           : 694

-- Page Faults & Bytes --
 Page Fault Count               : 3
 Read Bytes                     : 0
 Write Bytes                    : 0
 Block Read Bytes               : 131072
 Block Write Bytes              : 0
[===============================================]

[===============================================]
Result of node_idx 4 in node_object 0: Multiply (ND)

-- Elapsed Time Analysis --
 Wall-clock Time                      : 89 us
 - Non I/O Handling Time (Estimated)  : 89 us
 - I/O Handling Time                  : 0 us
        - Read Syscall                : 0 us
        - Write Syscall               : 0 us
        - Page Fault                  : 0 us
        - io_uring                    : 0 us

-- I/O Counts --
 Read Syscall Count                   : 0
 Write Syscall Count                  : 0
 Block I/O Count                      : 0
 io_uring Completion Count            : 0

-- Total I/O Time (block device) --
 Total Block I/O Time           : 0

-- Page Faults & Bytes --
 Page Fault Count               : 0
 Read Bytes                     : 0
 Write Bytes                    : 0
 Block Read Bytes               : 0
 Block Write Bytes              : 0
[===============================================]

[===============================================]
Result of node_idx 5 in node_object 0: Fully Connected (NC, QDU8, F32, QC8W)

-- Elapsed Time Analysis --
 Wall-clock Time                      : 1208 us
 - Non I/O Handling Time (Estimated)  : 158 us
 - I/O Handling Time                  : 1050 us
        - Read Syscall                : 0 us
        - Write Syscall               : 0 us
        - Page Fault                  : 1050 us
        - io_uring                    : 0 us

-- I/O Counts --
 Read Syscall Count                   : 0
 Write Syscall Count                  : 0
 Block I/O Count                      : 3
 io_uring Completion Count            : 0

-- Total I/O Time (block device) --
 Total Block I/O Time           : 1131

-- Page Faults & Bytes --
 Page Fault Count               : 10
 Read Bytes                     : 0
 Write Bytes                    : 0
 Block Read Bytes               : 225280
 Block Write Bytes              : 0
[===============================================]

[===============================================]
Result of node_idx 6 in node_object 0: Add (ND)

-- Elapsed Time Analysis --
 Wall-clock Time                      : 42 us
 - Non I/O Handling Time (Estimated)  : 42 us
 - I/O Handling Time                  : 0 us
        - Read Syscall                : 0 us
        - Write Syscall               : 0 us
        - Page Fault                  : 0 us
        - io_uring                    : 0 us

-- I/O Counts --
 Read Syscall Count                   : 0
 Write Syscall Count                  : 0
 Block I/O Count                      : 0
 io_uring Completion Count            : 0

-- Total I/O Time (block device) --
 Total Block I/O Time           : 0

-- Page Faults & Bytes --
 Page Fault Count               : 0
 Read Bytes                     : 0
 Write Bytes                    : 0
 Block Read Bytes               : 0
 Block Write Bytes              : 0
[===============================================]

[===============================================]
Result of node_idx 0 in node_object 0: Multiply (ND)

-- Elapsed Time Analysis --
 Wall-clock Time                      : 110 us
 - Non I/O Handling Time (Estimated)  : 110 us
 - I/O Handling Time                  : 0 us
        - Read Syscall                : 0 us
        - Write Syscall               : 0 us
        - Page Fault                  : 0 us
        - io_uring                    : 0 us

-- I/O Counts --
 Read Syscall Count                   : 0
 Write Syscall Count                  : 0
 Block I/O Count                      : 0
 io_uring Completion Count            : 0

-- Total I/O Time (block device) --
 Total Block I/O Time           : 0

-- Page Faults & Bytes --
 Page Fault Count               : 0
 Read Bytes                     : 0
 Write Bytes                    : 0
 Block Read Bytes               : 0
 Block Write Bytes              : 0
[===============================================]

[===============================================]
Result of node_idx 1 in node_object 0: Sum (ND)

-- Elapsed Time Analysis --
 Wall-clock Time                      : 99 us
 - Non I/O Handling Time (Estimated)  : 99 us
 - I/O Handling Time                  : 0 us
        - Read Syscall                : 0 us
        - Write Syscall               : 0 us
        - Page Fault                  : 0 us
        - io_uring                    : 0 us

-- I/O Counts --
 Read Syscall Count                   : 0
 Write Syscall Count                  : 0
 Block I/O Count                      : 0
 io_uring Completion Count            : 0

-- Total I/O Time (block device) --
 Total Block I/O Time           : 428

-- Page Faults & Bytes --
 Page Fault Count               : 0
 Read Bytes                     : 0
 Write Bytes                    : 0
 Block Read Bytes               : 131072
 Block Write Bytes              : 0
[===============================================]

[===============================================]
Result of node_idx 2 in node_object 0: Multiply (ND)

-- Elapsed Time Analysis --
 Wall-clock Time                      : 5 us
 - Non I/O Handling Time (Estimated)  : 5 us
 - I/O Handling Time                  : 0 us
        - Read Syscall                : 0 us
        - Write Syscall               : 0 us
        - Page Fault                  : 0 us
        - io_uring                    : 0 us

-- I/O Counts --
 Read Syscall Count                   : 0
 Write Syscall Count                  : 0
 Block I/O Count                      : 0
 io_uring Completion Count            : 0

-- Total I/O Time (block device) --
 Total Block I/O Time           : 0

-- Page Faults & Bytes --
 Page Fault Count               : 0
 Read Bytes                     : 0
 Write Bytes                    : 0
 Block Read Bytes               : 0
 Block Write Bytes              : 0
[===============================================]

[===============================================]
Result of node_idx 3 in node_object 0: Add (ND)

-- Elapsed Time Analysis --
 Wall-clock Time                      : 3 us
 - Non I/O Handling Time (Estimated)  : 3 us
 - I/O Handling Time                  : 0 us
        - Read Syscall                : 0 us
        - Write Syscall               : 0 us
        - Page Fault                  : 0 us
        - io_uring                    : 0 us

-- I/O Counts --
 Read Syscall Count                   : 0
 Write Syscall Count                  : 0
 Block I/O Count                      : 0
 io_uring Completion Count            : 0

-- Total I/O Time (block device) --
 Total Block I/O Time           : 0

-- Page Faults & Bytes --
 Page Fault Count               : 0
 Read Bytes                     : 0
 Write Bytes                    : 0
 Block Read Bytes               : 0
 Block Write Bytes              : 0
[===============================================]

[===============================================]
Result of node_idx 4 in node_object 0: Static Reshape (NC)

-- Elapsed Time Analysis --
 Wall-clock Time                      : 3 us
 - Non I/O Handling Time (Estimated)  : 3 us
 - I/O Handling Time                  : 0 us
        - Read Syscall                : 0 us
        - Write Syscall               : 0 us
        - Page Fault                  : 0 us
        - io_uring                    : 0 us

-- I/O Counts --
 Read Syscall Count                   : 0
 Write Syscall Count                  : 0
 Block I/O Count                      : 0
 io_uring Completion Count            : 0

-- Total I/O Time (block device) --
 Total Block I/O Time           : 0

-- Page Faults & Bytes --
 Page Fault Count               : 0
 Read Bytes                     : 0
 Write Bytes                    : 0
 Block Read Bytes               : 0
 Block Write Bytes              : 0
[===============================================]

[===============================================]
Result of node_idx 5 in node_object 0: Reciprocal Square Root (NC)

-- Elapsed Time Analysis --
 Wall-clock Time                      : 3 us
 - Non I/O Handling Time (Estimated)  : 3 us
 - I/O Handling Time                  : 0 us
        - Read Syscall                : 0 us
        - Write Syscall               : 0 us
        - Page Fault                  : 0 us
        - io_uring                    : 0 us

-- I/O Counts --
 Read Syscall Count                   : 0
 Write Syscall Count                  : 0
 Block I/O Count                      : 0
 io_uring Completion Count            : 0

-- Total I/O Time (block device) --
 Total Block I/O Time           : 0

-- Page Faults & Bytes --
 Page Fault Count               : 0
 Read Bytes                     : 0
 Write Bytes                    : 0
 Block Read Bytes               : 0
 Block Write Bytes              : 0
[===============================================]

[===============================================]
Result of node_idx 6 in node_object 0: Multiply (ND)

-- Elapsed Time Analysis --
 Wall-clock Time                      : 14 us
 - Non I/O Handling Time (Estimated)  : 14 us
 - I/O Handling Time                  : 0 us
        - Read Syscall                : 0 us
        - Write Syscall               : 0 us
        - Page Fault                  : 0 us
        - io_uring                    : 0 us

-- I/O Counts --
 Read Syscall Count                   : 0
 Write Syscall Count                  : 0
 Block I/O Count                      : 0
 io_uring Completion Count            : 0

-- Total I/O Time (block device) --
 Total Block I/O Time           : 0

-- Page Faults & Bytes --
 Page Fault Count               : 0
 Read Bytes                     : 0
 Write Bytes                    : 0
 Block Read Bytes               : 0
 Block Write Bytes              : 0
[===============================================]

[===============================================]
Result of node_idx 7 in node_object 0: Multiply (ND)

-- Elapsed Time Analysis --
 Wall-clock Time                      : 6 us
 - Non I/O Handling Time (Estimated)  : 6 us
 - I/O Handling Time                  : 0 us
        - Read Syscall                : 0 us
        - Write Syscall               : 0 us
        - Page Fault                  : 0 us
        - io_uring                    : 0 us

-- I/O Counts --
 Read Syscall Count                   : 0
 Write Syscall Count                  : 0
 Block I/O Count                      : 0
 io_uring Completion Count            : 0

-- Total I/O Time (block device) --
 Total Block I/O Time           : 0

-- Page Faults & Bytes --
 Page Fault Count               : 0
 Read Bytes                     : 0
 Write Bytes                    : 0
 Block Read Bytes               : 0
 Block Write Bytes              : 0
[===============================================]

[===============================================]
Result of node_idx 0 in node_object 0: Fully Connected (NC, QDU8, F32, QC8W)

-- Elapsed Time Analysis --
 Wall-clock Time                      : 690 us
 - Non I/O Handling Time (Estimated)  : 114 us
 - I/O Handling Time                  : 576 us
        - Read Syscall                : 0 us
        - Write Syscall               : 0 us
        - Page Fault                  : 576 us
        - io_uring                    : 0 us

-- I/O Counts --
 Read Syscall Count                   : 0
 Write Syscall Count                  : 0
 Block I/O Count                      : 2
 io_uring Completion Count            : 0

-- Total I/O Time (block device) --
 Total Block I/O Time           : 907

-- Page Faults & Bytes --
 Page Fault Count               : 3
 Read Bytes                     : 0
 Write Bytes                    : 0
 Block Read Bytes               : 81920
 Block Write Bytes              : 0
[===============================================]

[===============================================]
Result of node_idx 1 in node_object 0: Static Reshape (NC)

-- Elapsed Time Analysis --
 Wall-clock Time                      : 16 us
 - Non I/O Handling Time (Estimated)  : 16 us
 - I/O Handling Time                  : 0 us
        - Read Syscall                : 0 us
        - Write Syscall               : 0 us
        - Page Fault                  : 0 us
        - io_uring                    : 0 us

-- I/O Counts --
 Read Syscall Count                   : 0
 Write Syscall Count                  : 0
 Block I/O Count                      : 0
 io_uring Completion Count            : 0

-- Total I/O Time (block device) --
 Total Block I/O Time           : 0

-- Page Faults & Bytes --
 Page Fault Count               : 0
 Read Bytes                     : 0
 Write Bytes                    : 0
 Block Read Bytes               : 0
 Block Write Bytes              : 0
[===============================================]

[===============================================]
Result of node_idx 2 in node_object 0: Slice (ND, X32)

-- Elapsed Time Analysis --
 Wall-clock Time                      : 9 us
 - Non I/O Handling Time (Estimated)  : 9 us
 - I/O Handling Time                  : 0 us
        - Read Syscall                : 0 us
        - Write Syscall               : 0 us
        - Page Fault                  : 0 us
        - io_uring                    : 0 us

-- I/O Counts --
 Read Syscall Count                   : 0
 Write Syscall Count                  : 0
 Block I/O Count                      : 0
 io_uring Completion Count            : 0

-- Total I/O Time (block device) --
 Total Block I/O Time           : 0

-- Page Faults & Bytes --
 Page Fault Count               : 0
 Read Bytes                     : 0
 Write Bytes                    : 0
 Block Read Bytes               : 0
 Block Write Bytes              : 0
[===============================================]

[===============================================]
Result of node_idx 3 in node_object 0: Slice (ND, X32)

-- Elapsed Time Analysis --
 Wall-clock Time                      : 7 us
 - Non I/O Handling Time (Estimated)  : 7 us
 - I/O Handling Time                  : 0 us
        - Read Syscall                : 0 us
        - Write Syscall               : 0 us
        - Page Fault                  : 0 us
        - io_uring                    : 0 us

-- I/O Counts --
 Read Syscall Count                   : 0
 Write Syscall Count                  : 0
 Block I/O Count                      : 0
 io_uring Completion Count            : 0

-- Total I/O Time (block device) --
 Total Block I/O Time           : 0

-- Page Faults & Bytes --
 Page Fault Count               : 0
 Read Bytes                     : 0
 Write Bytes                    : 0
 Block Read Bytes               : 0
 Block Write Bytes              : 0
[===============================================]

[===============================================]
Result of node_idx 4 in node_object 0: Slice (ND, X32)

-- Elapsed Time Analysis --
 Wall-clock Time                      : 8 us
 - Non I/O Handling Time (Estimated)  : 8 us
 - I/O Handling Time                  : 0 us
        - Read Syscall                : 0 us
        - Write Syscall               : 0 us
        - Page Fault                  : 0 us
        - io_uring                    : 0 us

-- I/O Counts --
 Read Syscall Count                   : 0
 Write Syscall Count                  : 0
 Block I/O Count                      : 0
 io_uring Completion Count            : 0

-- Total I/O Time (block device) --
 Total Block I/O Time           : 0

-- Page Faults & Bytes --
 Page Fault Count               : 0
 Read Bytes                     : 0
 Write Bytes                    : 0
 Block Read Bytes               : 0
 Block Write Bytes              : 0
[===============================================]

[===============================================]
Result of node_idx 5 in node_object 0: Static Reshape (NC)

-- Elapsed Time Analysis --
 Wall-clock Time                      : 4 us
 - Non I/O Handling Time (Estimated)  : 4 us
 - I/O Handling Time                  : 0 us
        - Read Syscall                : 0 us
        - Write Syscall               : 0 us
        - Page Fault                  : 0 us
        - io_uring                    : 0 us

-- I/O Counts --
 Read Syscall Count                   : 0
 Write Syscall Count                  : 0
 Block I/O Count                      : 0
 io_uring Completion Count            : 0

-- Total I/O Time (block device) --
 Total Block I/O Time           : 0

-- Page Faults & Bytes --
 Page Fault Count               : 0
 Read Bytes                     : 0
 Write Bytes                    : 0
 Block Read Bytes               : 0
 Block Write Bytes              : 0
[===============================================]

[===============================================]
Result of node_idx 6 in node_object 0: Transpose (ND, X32)

-- Elapsed Time Analysis --
 Wall-clock Time                      : 5 us
 - Non I/O Handling Time (Estimated)  : 5 us
 - I/O Handling Time                  : 0 us
        - Read Syscall                : 0 us
        - Write Syscall               : 0 us
        - Page Fault                  : 0 us
        - io_uring                    : 0 us

-- I/O Counts --
 Read Syscall Count                   : 0
 Write Syscall Count                  : 0
 Block I/O Count                      : 0
 io_uring Completion Count            : 0

-- Total I/O Time (block device) --
 Total Block I/O Time           : 0

-- Page Faults & Bytes --
 Page Fault Count               : 0
 Read Bytes                     : 0
 Write Bytes                    : 0
 Block Read Bytes               : 0
 Block Write Bytes              : 0
[===============================================]

[===============================================]
Result of node_idx 7 in node_object 0: Slice (ND, X32)

-- Elapsed Time Analysis --
 Wall-clock Time                      : 9 us
 - Non I/O Handling Time (Estimated)  : 9 us
 - I/O Handling Time                  : 0 us
        - Read Syscall                : 0 us
        - Write Syscall               : 0 us
        - Page Fault                  : 0 us
        - io_uring                    : 0 us

-- I/O Counts --
 Read Syscall Count                   : 0
 Write Syscall Count                  : 0
 Block I/O Count                      : 0
 io_uring Completion Count            : 0

-- Total I/O Time (block device) --
 Total Block I/O Time           : 0

-- Page Faults & Bytes --
 Page Fault Count               : 0
 Read Bytes                     : 0
 Write Bytes                    : 0
 Block Read Bytes               : 0
 Block Write Bytes              : 0
[===============================================]

[===============================================]
Result of node_idx 8 in node_object 0: Slice (ND, X32)

-- Elapsed Time Analysis --
 Wall-clock Time                      : 9 us
 - Non I/O Handling Time (Estimated)  : 9 us
 - I/O Handling Time                  : 0 us
        - Read Syscall                : 0 us
        - Write Syscall               : 0 us
        - Page Fault                  : 0 us
        - io_uring                    : 0 us

-- I/O Counts --
 Read Syscall Count                   : 0
 Write Syscall Count                  : 0
 Block I/O Count                      : 0
 io_uring Completion Count            : 0

-- Total I/O Time (block device) --
 Total Block I/O Time           : 0

-- Page Faults & Bytes --
 Page Fault Count               : 0
 Read Bytes                     : 0
 Write Bytes                    : 0
 Block Read Bytes               : 0
 Block Write Bytes              : 0
[===============================================]

[===============================================]
Result of node_idx 9 in node_object 0: Multiply (ND)

-- Elapsed Time Analysis --
 Wall-clock Time                      : 16 us
 - Non I/O Handling Time (Estimated)  : 16 us
 - I/O Handling Time                  : 0 us
        - Read Syscall                : 0 us
        - Write Syscall               : 0 us
        - Page Fault                  : 0 us
        - io_uring                    : 0 us

-- I/O Counts --
 Read Syscall Count                   : 0
 Write Syscall Count                  : 0
 Block I/O Count                      : 0
 io_uring Completion Count            : 0

-- Total I/O Time (block device) --
 Total Block I/O Time           : 0

-- Page Faults & Bytes --
 Page Fault Count               : 0
 Read Bytes                     : 0
 Write Bytes                    : 0
 Block Read Bytes               : 0
 Block Write Bytes              : 0
[===============================================]

[===============================================]
Result of node_idx 10 in node_object 0: Multiply (ND)

-- Elapsed Time Analysis --
 Wall-clock Time                      : 6 us
 - Non I/O Handling Time (Estimated)  : 6 us
 - I/O Handling Time                  : 0 us
        - Read Syscall                : 0 us
        - Write Syscall               : 0 us
        - Page Fault                  : 0 us
        - io_uring                    : 0 us

-- I/O Counts --
 Read Syscall Count                   : 0
 Write Syscall Count                  : 0
 Block I/O Count                      : 0
 io_uring Completion Count            : 0

-- Total I/O Time (block device) --
 Total Block I/O Time           : 0

-- Page Faults & Bytes --
 Page Fault Count               : 0
 Read Bytes                     : 0
 Write Bytes                    : 0
 Block Read Bytes               : 0
 Block Write Bytes              : 0
[===============================================]

[===============================================]
Result of node_idx 11 in node_object 0: Subtract (ND)

-- Elapsed Time Analysis --
 Wall-clock Time                      : 7 us
 - Non I/O Handling Time (Estimated)  : 7 us
 - I/O Handling Time                  : 0 us
        - Read Syscall                : 0 us
        - Write Syscall               : 0 us
        - Page Fault                  : 0 us
        - io_uring                    : 0 us

-- I/O Counts --
 Read Syscall Count                   : 0
 Write Syscall Count                  : 0
 Block I/O Count                      : 0
 io_uring Completion Count            : 0

-- Total I/O Time (block device) --
 Total Block I/O Time           : 0

-- Page Faults & Bytes --
 Page Fault Count               : 0
 Read Bytes                     : 0
 Write Bytes                    : 0
 Block Read Bytes               : 0
 Block Write Bytes              : 0
[===============================================]

[===============================================]
Result of node_idx 12 in node_object 0: Multiply (ND)

-- Elapsed Time Analysis --
 Wall-clock Time                      : 6 us
 - Non I/O Handling Time (Estimated)  : 6 us
 - I/O Handling Time                  : 0 us
        - Read Syscall                : 0 us
        - Write Syscall               : 0 us
        - Page Fault                  : 0 us
        - io_uring                    : 0 us

-- I/O Counts --
 Read Syscall Count                   : 0
 Write Syscall Count                  : 0
 Block I/O Count                      : 0
 io_uring Completion Count            : 0

-- Total I/O Time (block device) --
 Total Block I/O Time           : 0

-- Page Faults & Bytes --
 Page Fault Count               : 0
 Read Bytes                     : 0
 Write Bytes                    : 0
 Block Read Bytes               : 0
 Block Write Bytes              : 0
[===============================================]

[===============================================]
Result of node_idx 13 in node_object 0: Multiply (ND)

-- Elapsed Time Analysis --
 Wall-clock Time                      : 6 us
 - Non I/O Handling Time (Estimated)  : 6 us
 - I/O Handling Time                  : 0 us
        - Read Syscall                : 0 us
        - Write Syscall               : 0 us
        - Page Fault                  : 0 us
        - io_uring                    : 0 us

-- I/O Counts --
 Read Syscall Count                   : 0
 Write Syscall Count                  : 0
 Block I/O Count                      : 0
 io_uring Completion Count            : 0

-- Total I/O Time (block device) --
 Total Block I/O Time           : 0

-- Page Faults & Bytes --
 Page Fault Count               : 0
 Read Bytes                     : 0
 Write Bytes                    : 0
 Block Read Bytes               : 0
 Block Write Bytes              : 0
[===============================================]

[===============================================]
Result of node_idx 14 in node_object 0: Add (ND)

-- Elapsed Time Analysis --
 Wall-clock Time                      : 7 us
 - Non I/O Handling Time (Estimated)  : 7 us
 - I/O Handling Time                  : 0 us
        - Read Syscall                : 0 us
        - Write Syscall               : 0 us
        - Page Fault                  : 0 us
        - io_uring                    : 0 us

-- I/O Counts --
 Read Syscall Count                   : 0
 Write Syscall Count                  : 0
 Block I/O Count                      : 0
 io_uring Completion Count            : 0

-- Total I/O Time (block device) --
 Total Block I/O Time           : 0

-- Page Faults & Bytes --
 Page Fault Count               : 0
 Read Bytes                     : 0
 Write Bytes                    : 0
 Block Read Bytes               : 0
 Block Write Bytes              : 0
[===============================================]

[===============================================]
Result of node_idx 15 in node_object 0: Copy (NC, X32)

-- Elapsed Time Analysis --
 Wall-clock Time                      : 6 us
 - Non I/O Handling Time (Estimated)  : 6 us
 - I/O Handling Time                  : 0 us
        - Read Syscall                : 0 us
        - Write Syscall               : 0 us
        - Page Fault                  : 0 us
        - io_uring                    : 0 us

-- I/O Counts --
 Read Syscall Count                   : 0
 Write Syscall Count                  : 0
 Block I/O Count                      : 0
 io_uring Completion Count            : 0

-- Total I/O Time (block device) --
 Total Block I/O Time           : 0

-- Page Faults & Bytes --
 Page Fault Count               : 0
 Read Bytes                     : 0
 Write Bytes                    : 0
 Block Read Bytes               : 0
 Block Write Bytes              : 0
[===============================================]

[===============================================]
Result of node_idx 15 in node_object 1: Copy (NC, X32)

-- Elapsed Time Analysis --
 Wall-clock Time                      : 6 us
 - Non I/O Handling Time (Estimated)  : 6 us
 - I/O Handling Time                  : 0 us
        - Read Syscall                : 0 us
        - Write Syscall               : 0 us
        - Page Fault                  : 0 us
        - io_uring                    : 0 us

-- I/O Counts --
 Read Syscall Count                   : 0
 Write Syscall Count                  : 0
 Block I/O Count                      : 0
 io_uring Completion Count            : 0

-- Total I/O Time (block device) --
 Total Block I/O Time           : 0

-- Page Faults & Bytes --
 Page Fault Count               : 0
 Read Bytes                     : 0
 Write Bytes                    : 0
 Block Read Bytes               : 0
 Block Write Bytes              : 0
[===============================================]

[===============================================]
Result of node_idx 16 in node_object 0: Transpose (ND, X32)

-- Elapsed Time Analysis --
 Wall-clock Time                      : 5 us
 - Non I/O Handling Time (Estimated)  : 5 us
 - I/O Handling Time                  : 0 us
        - Read Syscall                : 0 us
        - Write Syscall               : 0 us
        - Page Fault                  : 0 us
        - io_uring                    : 0 us

-- I/O Counts --
 Read Syscall Count                   : 0
 Write Syscall Count                  : 0
 Block I/O Count                      : 0
 io_uring Completion Count            : 0

-- Total I/O Time (block device) --
 Total Block I/O Time           : 0

-- Page Faults & Bytes --
 Page Fault Count               : 0
 Read Bytes                     : 0
 Write Bytes                    : 0
 Block Read Bytes               : 0
 Block Write Bytes              : 0
[===============================================]

[===============================================]
Result of node_idx 17 in node_object 0: Transpose (ND, X32)

-- Elapsed Time Analysis --
 Wall-clock Time                      : 5 us
 - Non I/O Handling Time (Estimated)  : 5 us
 - I/O Handling Time                  : 0 us
        - Read Syscall                : 0 us
        - Write Syscall               : 0 us
        - Page Fault                  : 0 us
        - io_uring                    : 0 us

-- I/O Counts --
 Read Syscall Count                   : 0
 Write Syscall Count                  : 0
 Block I/O Count                      : 0
 io_uring Completion Count            : 0

-- Total I/O Time (block device) --
 Total Block I/O Time           : 0

-- Page Faults & Bytes --
 Page Fault Count               : 0
 Read Bytes                     : 0
 Write Bytes                    : 0
 Block Read Bytes               : 0
 Block Write Bytes              : 0
[===============================================]

[===============================================]
Result of node_idx 18 in node_object 0: Slice (ND, X32)

-- Elapsed Time Analysis --
 Wall-clock Time                      : 11 us
 - Non I/O Handling Time (Estimated)  : 11 us
 - I/O Handling Time                  : 0 us
        - Read Syscall                : 0 us
        - Write Syscall               : 0 us
        - Page Fault                  : 0 us
        - io_uring                    : 0 us

-- I/O Counts --
 Read Syscall Count                   : 0
 Write Syscall Count                  : 0
 Block I/O Count                      : 0
 io_uring Completion Count            : 0

-- Total I/O Time (block device) --
 Total Block I/O Time           : 0

-- Page Faults & Bytes --
 Page Fault Count               : 0
 Read Bytes                     : 0
 Write Bytes                    : 0
 Block Read Bytes               : 0
 Block Write Bytes              : 0
[===============================================]

[===============================================]
Result of node_idx 19 in node_object 0: Slice (ND, X32)

-- Elapsed Time Analysis --
 Wall-clock Time                      : 8 us
 - Non I/O Handling Time (Estimated)  : 8 us
 - I/O Handling Time                  : 0 us
        - Read Syscall                : 0 us
        - Write Syscall               : 0 us
        - Page Fault                  : 0 us
        - io_uring                    : 0 us

-- I/O Counts --
 Read Syscall Count                   : 0
 Write Syscall Count                  : 0
 Block I/O Count                      : 0
 io_uring Completion Count            : 0

-- Total I/O Time (block device) --
 Total Block I/O Time           : 0

-- Page Faults & Bytes --
 Page Fault Count               : 0
 Read Bytes                     : 0
 Write Bytes                    : 0
 Block Read Bytes               : 0
 Block Write Bytes              : 0
[===============================================]

[===============================================]
Result of node_idx 20 in node_object 0: Multiply (ND)

-- Elapsed Time Analysis --
 Wall-clock Time                      : 6 us
 - Non I/O Handling Time (Estimated)  : 6 us
 - I/O Handling Time                  : 0 us
        - Read Syscall                : 0 us
        - Write Syscall               : 0 us
        - Page Fault                  : 0 us
        - io_uring                    : 0 us

-- I/O Counts --
 Read Syscall Count                   : 0
 Write Syscall Count                  : 0
 Block I/O Count                      : 0
 io_uring Completion Count            : 0

-- Total I/O Time (block device) --
 Total Block I/O Time           : 0

-- Page Faults & Bytes --
 Page Fault Count               : 0
 Read Bytes                     : 0
 Write Bytes                    : 0
 Block Read Bytes               : 0
 Block Write Bytes              : 0
[===============================================]

[===============================================]
Result of node_idx 21 in node_object 0: Multiply (ND)

-- Elapsed Time Analysis --
 Wall-clock Time                      : 6 us
 - Non I/O Handling Time (Estimated)  : 6 us
 - I/O Handling Time                  : 0 us
        - Read Syscall                : 0 us
        - Write Syscall               : 0 us
        - Page Fault                  : 0 us
        - io_uring                    : 0 us

-- I/O Counts --
 Read Syscall Count                   : 0
 Write Syscall Count                  : 0
 Block I/O Count                      : 0
 io_uring Completion Count            : 0

-- Total I/O Time (block device) --
 Total Block I/O Time           : 0

-- Page Faults & Bytes --
 Page Fault Count               : 0
 Read Bytes                     : 0
 Write Bytes                    : 0
 Block Read Bytes               : 0
 Block Write Bytes              : 0
[===============================================]

[===============================================]
Result of node_idx 22 in node_object 0: Subtract (ND)

-- Elapsed Time Analysis --
 Wall-clock Time                      : 6 us
 - Non I/O Handling Time (Estimated)  : 6 us
 - I/O Handling Time                  : 0 us
        - Read Syscall                : 0 us
        - Write Syscall               : 0 us
        - Page Fault                  : 0 us
        - io_uring                    : 0 us

-- I/O Counts --
 Read Syscall Count                   : 0
 Write Syscall Count                  : 0
 Block I/O Count                      : 0
 io_uring Completion Count            : 0

-- Total I/O Time (block device) --
 Total Block I/O Time           : 0

-- Page Faults & Bytes --
 Page Fault Count               : 0
 Read Bytes                     : 0
 Write Bytes                    : 0
 Block Read Bytes               : 0
 Block Write Bytes              : 0
[===============================================]

[===============================================]
Result of node_idx 23 in node_object 0: Multiply (ND)

-- Elapsed Time Analysis --
 Wall-clock Time                      : 5 us
 - Non I/O Handling Time (Estimated)  : 5 us
 - I/O Handling Time                  : 0 us
        - Read Syscall                : 0 us
        - Write Syscall               : 0 us
        - Page Fault                  : 0 us
        - io_uring                    : 0 us

-- I/O Counts --
 Read Syscall Count                   : 0
 Write Syscall Count                  : 0
 Block I/O Count                      : 0
 io_uring Completion Count            : 0

-- Total I/O Time (block device) --
 Total Block I/O Time           : 0

-- Page Faults & Bytes --
 Page Fault Count               : 0
 Read Bytes                     : 0
 Write Bytes                    : 0
 Block Read Bytes               : 0
 Block Write Bytes              : 0
[===============================================]

[===============================================]
Result of node_idx 24 in node_object 0: Multiply (ND)

-- Elapsed Time Analysis --
 Wall-clock Time                      : 5 us
 - Non I/O Handling Time (Estimated)  : 5 us
 - I/O Handling Time                  : 0 us
        - Read Syscall                : 0 us
        - Write Syscall               : 0 us
        - Page Fault                  : 0 us
        - io_uring                    : 0 us

-- I/O Counts --
 Read Syscall Count                   : 0
 Write Syscall Count                  : 0
 Block I/O Count                      : 0
 io_uring Completion Count            : 0

-- Total I/O Time (block device) --
 Total Block I/O Time           : 0

-- Page Faults & Bytes --
 Page Fault Count               : 0
 Read Bytes                     : 0
 Write Bytes                    : 0
 Block Read Bytes               : 0
 Block Write Bytes              : 0
[===============================================]

[===============================================]
Result of node_idx 25 in node_object 0: Add (ND)

-- Elapsed Time Analysis --
 Wall-clock Time                      : 6 us
 - Non I/O Handling Time (Estimated)  : 6 us
 - I/O Handling Time                  : 0 us
        - Read Syscall                : 0 us
        - Write Syscall               : 0 us
        - Page Fault                  : 0 us
        - io_uring                    : 0 us

-- I/O Counts --
 Read Syscall Count                   : 0
 Write Syscall Count                  : 0
 Block I/O Count                      : 0
 io_uring Completion Count            : 0

-- Total I/O Time (block device) --
 Total Block I/O Time           : 0

-- Page Faults & Bytes --
 Page Fault Count               : 0
 Read Bytes                     : 0
 Write Bytes                    : 0
 Block Read Bytes               : 0
 Block Write Bytes              : 0
[===============================================]

[===============================================]
Result of node_idx 26 in node_object 0: Copy (NC, X32)

-- Elapsed Time Analysis --
 Wall-clock Time                      : 6 us
 - Non I/O Handling Time (Estimated)  : 6 us
 - I/O Handling Time                  : 0 us
        - Read Syscall                : 0 us
        - Write Syscall               : 0 us
        - Page Fault                  : 0 us
        - io_uring                    : 0 us

-- I/O Counts --
 Read Syscall Count                   : 0
 Write Syscall Count                  : 0
 Block I/O Count                      : 0
 io_uring Completion Count            : 0

-- Total I/O Time (block device) --
 Total Block I/O Time           : 0

-- Page Faults & Bytes --
 Page Fault Count               : 0
 Read Bytes                     : 0
 Write Bytes                    : 0
 Block Read Bytes               : 0
 Block Write Bytes              : 0
[===============================================]

[===============================================]
Result of node_idx 26 in node_object 1: Copy (NC, X32)

-- Elapsed Time Analysis --
 Wall-clock Time                      : 6 us
 - Non I/O Handling Time (Estimated)  : 6 us
 - I/O Handling Time                  : 0 us
        - Read Syscall                : 0 us
        - Write Syscall               : 0 us
        - Page Fault                  : 0 us
        - io_uring                    : 0 us

-- I/O Counts --
 Read Syscall Count                   : 0
 Write Syscall Count                  : 0
 Block I/O Count                      : 0
 io_uring Completion Count            : 0

-- Total I/O Time (block device) --
 Total Block I/O Time           : 0

-- Page Faults & Bytes --
 Page Fault Count               : 0
 Read Bytes                     : 0
 Write Bytes                    : 0
 Block Read Bytes               : 0
 Block Write Bytes              : 0
[===============================================]

[===============================================]
Result of node_idx 27 in node_object 0: Transpose (ND, X32)

-- Elapsed Time Analysis --
 Wall-clock Time                      : 4 us
 - Non I/O Handling Time (Estimated)  : 4 us
 - I/O Handling Time                  : 0 us
        - Read Syscall                : 0 us
        - Write Syscall               : 0 us
        - Page Fault                  : 0 us
        - io_uring                    : 0 us

-- I/O Counts --
 Read Syscall Count                   : 0
 Write Syscall Count                  : 0
 Block I/O Count                      : 0
 io_uring Completion Count            : 0

-- Total I/O Time (block device) --
 Total Block I/O Time           : 0

-- Page Faults & Bytes --
 Page Fault Count               : 0
 Read Bytes                     : 0
 Write Bytes                    : 0
 Block Read Bytes               : 0
 Block Write Bytes              : 0
[===============================================]

[===============================================]
Result of node_idx 0 in node_object 0: Multiply (ND)

-- Elapsed Time Analysis --
 Wall-clock Time                      : 6 us
 - Non I/O Handling Time (Estimated)  : 6 us
 - I/O Handling Time                  : 0 us
        - Read Syscall                : 0 us
        - Write Syscall               : 0 us
        - Page Fault                  : 0 us
        - io_uring                    : 0 us

-- I/O Counts --
 Read Syscall Count                   : 0
 Write Syscall Count                  : 0
 Block I/O Count                      : 0
 io_uring Completion Count            : 0

-- Total I/O Time (block device) --
 Total Block I/O Time           : 0

-- Page Faults & Bytes --
 Page Fault Count               : 0
 Read Bytes                     : 0
 Write Bytes                    : 0
 Block Read Bytes               : 0
 Block Write Bytes              : 0
[===============================================]

[===============================================]
Result of node_idx 1 in node_object 0: Transpose (ND, X32)

-- Elapsed Time Analysis --
 Wall-clock Time                      : 5 us
 - Non I/O Handling Time (Estimated)  : 5 us
 - I/O Handling Time                  : 0 us
        - Read Syscall                : 0 us
        - Write Syscall               : 0 us
        - Page Fault                  : 0 us
        - io_uring                    : 0 us

-- I/O Counts --
 Read Syscall Count                   : 0
 Write Syscall Count                  : 0
 Block I/O Count                      : 0
 io_uring Completion Count            : 0

-- Total I/O Time (block device) --
 Total Block I/O Time           : 0

-- Page Faults & Bytes --
 Page Fault Count               : 0
 Read Bytes                     : 0
 Write Bytes                    : 0
 Block Read Bytes               : 0
 Block Write Bytes              : 0
[===============================================]

[===============================================]
Result of node_idx 2 in node_object 0: Transpose (ND, X32)

-- Elapsed Time Analysis --
 Wall-clock Time                      : 28 us
 - Non I/O Handling Time (Estimated)  : 28 us
 - I/O Handling Time                  : 0 us
        - Read Syscall                : 0 us
        - Write Syscall               : 0 us
        - Page Fault                  : 0 us
        - io_uring                    : 0 us

-- I/O Counts --
 Read Syscall Count                   : 0
 Write Syscall Count                  : 0
 Block I/O Count                      : 0
 io_uring Completion Count            : 0

-- Total I/O Time (block device) --
 Total Block I/O Time           : 0

-- Page Faults & Bytes --
 Page Fault Count               : 0
 Read Bytes                     : 0
 Write Bytes                    : 0
 Block Read Bytes               : 0
 Block Write Bytes              : 0
[===============================================]

[===============================================]
Result of node_idx 3 in node_object 0: Static Reshape (NC)

-- Elapsed Time Analysis --
 Wall-clock Time                      : 4 us
 - Non I/O Handling Time (Estimated)  : 4 us
 - I/O Handling Time                  : 0 us
        - Read Syscall                : 0 us
        - Write Syscall               : 0 us
        - Page Fault                  : 0 us
        - io_uring                    : 0 us

-- I/O Counts --
 Read Syscall Count                   : 0
 Write Syscall Count                  : 0
 Block I/O Count                      : 0
 io_uring Completion Count            : 0

-- Total I/O Time (block device) --
 Total Block I/O Time           : 0

-- Page Faults & Bytes --
 Page Fault Count               : 0
 Read Bytes                     : 0
 Write Bytes                    : 0
 Block Read Bytes               : 0
 Block Write Bytes              : 0
[===============================================]

[===============================================]
Result of node_idx 4 in node_object 0: Static Reshape (NC)

-- Elapsed Time Analysis --
 Wall-clock Time                      : 3 us
 - Non I/O Handling Time (Estimated)  : 3 us
 - I/O Handling Time                  : 0 us
        - Read Syscall                : 0 us
        - Write Syscall               : 0 us
        - Page Fault                  : 0 us
        - io_uring                    : 0 us

-- I/O Counts --
 Read Syscall Count                   : 0
 Write Syscall Count                  : 0
 Block I/O Count                      : 0
 io_uring Completion Count            : 0

-- Total I/O Time (block device) --
 Total Block I/O Time           : 0

-- Page Faults & Bytes --
 Page Fault Count               : 0
 Read Bytes                     : 0
 Write Bytes                    : 0
 Block Read Bytes               : 0
 Block Write Bytes              : 0
[===============================================]

[===============================================]
Result of node_idx 5 in node_object 0: Batch Matrix Multiply (NC, F32)

-- Elapsed Time Analysis --
 Wall-clock Time                      : 71 us
 - Non I/O Handling Time (Estimated)  : 71 us
 - I/O Handling Time                  : 0 us
        - Read Syscall                : 0 us
        - Write Syscall               : 0 us
        - Page Fault                  : 0 us
        - io_uring                    : 0 us

-- I/O Counts --
 Read Syscall Count                   : 0
 Write Syscall Count                  : 0
 Block I/O Count                      : 0
 io_uring Completion Count            : 0

-- Total I/O Time (block device) --
 Total Block I/O Time           : 0

-- Page Faults & Bytes --
 Page Fault Count               : 0
 Read Bytes                     : 0
 Write Bytes                    : 0
 Block Read Bytes               : 0
 Block Write Bytes              : 0
[===============================================]

[===============================================]
Result of node_idx 6 in node_object 0: Static Reshape (NC)

-- Elapsed Time Analysis --
 Wall-clock Time                      : 4 us
 - Non I/O Handling Time (Estimated)  : 4 us
 - I/O Handling Time                  : 0 us
        - Read Syscall                : 0 us
        - Write Syscall               : 0 us
        - Page Fault                  : 0 us
        - io_uring                    : 0 us

-- I/O Counts --
 Read Syscall Count                   : 0
 Write Syscall Count                  : 0
 Block I/O Count                      : 0
 io_uring Completion Count            : 0

-- Total I/O Time (block device) --
 Total Block I/O Time           : 0

-- Page Faults & Bytes --
 Page Fault Count               : 0
 Read Bytes                     : 0
 Write Bytes                    : 0
 Block Read Bytes               : 0
 Block Write Bytes              : 0
[===============================================]

[===============================================]
Result of node_idx 7 in node_object 0: Add (ND)

-- Elapsed Time Analysis --
 Wall-clock Time                      : 9 us
 - Non I/O Handling Time (Estimated)  : 9 us
 - I/O Handling Time                  : 0 us
        - Read Syscall                : 0 us
        - Write Syscall               : 0 us
        - Page Fault                  : 0 us
        - io_uring                    : 0 us

-- I/O Counts --
 Read Syscall Count                   : 0
 Write Syscall Count                  : 0
 Block I/O Count                      : 0
 io_uring Completion Count            : 0

-- Total I/O Time (block device) --
 Total Block I/O Time           : 0

-- Page Faults & Bytes --
 Page Fault Count               : 0
 Read Bytes                     : 0
 Write Bytes                    : 0
 Block Read Bytes               : 0
 Block Write Bytes              : 0
[===============================================]

[===============================================]
Result of node_idx 8 in node_object 0: Softmax (NC, F32)

-- Elapsed Time Analysis --
 Wall-clock Time                      : 14 us
 - Non I/O Handling Time (Estimated)  : 14 us
 - I/O Handling Time                  : 0 us
        - Read Syscall                : 0 us
        - Write Syscall               : 0 us
        - Page Fault                  : 0 us
        - io_uring                    : 0 us

-- I/O Counts --
 Read Syscall Count                   : 0
 Write Syscall Count                  : 0
 Block I/O Count                      : 0
 io_uring Completion Count            : 0

-- Total I/O Time (block device) --
 Total Block I/O Time           : 0

-- Page Faults & Bytes --
 Page Fault Count               : 0
 Read Bytes                     : 0
 Write Bytes                    : 0
 Block Read Bytes               : 0
 Block Write Bytes              : 0
[===============================================]

[===============================================]
Result of node_idx 9 in node_object 0: Transpose (ND, X32)

-- Elapsed Time Analysis --
 Wall-clock Time                      : 35 us
 - Non I/O Handling Time (Estimated)  : 35 us
 - I/O Handling Time                  : 0 us
        - Read Syscall                : 0 us
        - Write Syscall               : 0 us
        - Page Fault                  : 0 us
        - io_uring                    : 0 us

-- I/O Counts --
 Read Syscall Count                   : 0
 Write Syscall Count                  : 0
 Block I/O Count                      : 0
 io_uring Completion Count            : 0

-- Total I/O Time (block device) --
 Total Block I/O Time           : 0

-- Page Faults & Bytes --
 Page Fault Count               : 0
 Read Bytes                     : 0
 Write Bytes                    : 0
 Block Read Bytes               : 0
 Block Write Bytes              : 0
[===============================================]

[===============================================]
Result of node_idx 10 in node_object 0: Static Reshape (NC)

-- Elapsed Time Analysis --
 Wall-clock Time                      : 4 us
 - Non I/O Handling Time (Estimated)  : 4 us
 - I/O Handling Time                  : 0 us
        - Read Syscall                : 0 us
        - Write Syscall               : 0 us
        - Page Fault                  : 0 us
        - io_uring                    : 0 us

-- I/O Counts --
 Read Syscall Count                   : 0
 Write Syscall Count                  : 0
 Block I/O Count                      : 0
 io_uring Completion Count            : 0

-- Total I/O Time (block device) --
 Total Block I/O Time           : 0

-- Page Faults & Bytes --
 Page Fault Count               : 0
 Read Bytes                     : 0
 Write Bytes                    : 0
 Block Read Bytes               : 0
 Block Write Bytes              : 0
[===============================================]

[===============================================]
Result of node_idx 11 in node_object 0: Static Reshape (NC)

-- Elapsed Time Analysis --
 Wall-clock Time                      : 4 us
 - Non I/O Handling Time (Estimated)  : 4 us
 - I/O Handling Time                  : 0 us
        - Read Syscall                : 0 us
        - Write Syscall               : 0 us
        - Page Fault                  : 0 us
        - io_uring                    : 0 us

-- I/O Counts --
 Read Syscall Count                   : 0
 Write Syscall Count                  : 0
 Block I/O Count                      : 0
 io_uring Completion Count            : 0

-- Total I/O Time (block device) --
 Total Block I/O Time           : 0

-- Page Faults & Bytes --
 Page Fault Count               : 0
 Read Bytes                     : 0
 Write Bytes                    : 0
 Block Read Bytes               : 0
 Block Write Bytes              : 0
[===============================================]

[===============================================]
Result of node_idx 12 in node_object 0: Batch Matrix Multiply (NC, F32)

-- Elapsed Time Analysis --
 Wall-clock Time                      : 67 us
 - Non I/O Handling Time (Estimated)  : 67 us
 - I/O Handling Time                  : 0 us
        - Read Syscall                : 0 us
        - Write Syscall               : 0 us
        - Page Fault                  : 0 us
        - io_uring                    : 0 us

-- I/O Counts --
 Read Syscall Count                   : 0
 Write Syscall Count                  : 0
 Block I/O Count                      : 0
 io_uring Completion Count            : 0

-- Total I/O Time (block device) --
 Total Block I/O Time           : 0

-- Page Faults & Bytes --
 Page Fault Count               : 0
 Read Bytes                     : 0
 Write Bytes                    : 0
 Block Read Bytes               : 0
 Block Write Bytes              : 0
[===============================================]

[===============================================]
Result of node_idx 13 in node_object 0: Static Reshape (NC)

-- Elapsed Time Analysis --
 Wall-clock Time                      : 3 us
 - Non I/O Handling Time (Estimated)  : 3 us
 - I/O Handling Time                  : 0 us
        - Read Syscall                : 0 us
        - Write Syscall               : 0 us
        - Page Fault                  : 0 us
        - io_uring                    : 0 us

-- I/O Counts --
 Read Syscall Count                   : 0
 Write Syscall Count                  : 0
 Block I/O Count                      : 0
 io_uring Completion Count            : 0

-- Total I/O Time (block device) --
 Total Block I/O Time           : 0

-- Page Faults & Bytes --
 Page Fault Count               : 0
 Read Bytes                     : 0
 Write Bytes                    : 0
 Block Read Bytes               : 0
 Block Write Bytes              : 0
[===============================================]

[===============================================]
Result of node_idx 14 in node_object 0: Transpose (ND, X32)

-- Elapsed Time Analysis --
 Wall-clock Time                      : 5 us
 - Non I/O Handling Time (Estimated)  : 5 us
 - I/O Handling Time                  : 0 us
        - Read Syscall                : 0 us
        - Write Syscall               : 0 us
        - Page Fault                  : 0 us
        - io_uring                    : 0 us

-- I/O Counts --
 Read Syscall Count                   : 0
 Write Syscall Count                  : 0
 Block I/O Count                      : 0
 io_uring Completion Count            : 0

-- Total I/O Time (block device) --
 Total Block I/O Time           : 0

-- Page Faults & Bytes --
 Page Fault Count               : 0
 Read Bytes                     : 0
 Write Bytes                    : 0
 Block Read Bytes               : 0
 Block Write Bytes              : 0
[===============================================]

[===============================================]
Result of node_idx 15 in node_object 0: Static Reshape (NC)

-- Elapsed Time Analysis --
 Wall-clock Time                      : 3 us
 - Non I/O Handling Time (Estimated)  : 3 us
 - I/O Handling Time                  : 0 us
        - Read Syscall                : 0 us
        - Write Syscall               : 0 us
        - Page Fault                  : 0 us
        - io_uring                    : 0 us

-- I/O Counts --
 Read Syscall Count                   : 0
 Write Syscall Count                  : 0
 Block I/O Count                      : 0
 io_uring Completion Count            : 0

-- Total I/O Time (block device) --
 Total Block I/O Time           : 0

-- Page Faults & Bytes --
 Page Fault Count               : 0
 Read Bytes                     : 0
 Write Bytes                    : 0
 Block Read Bytes               : 0
 Block Write Bytes              : 0
[===============================================]

[===============================================]
Result of node_idx 16 in node_object 0: Fully Connected (NC, QDU8, F32, QC8W)

-- Elapsed Time Analysis --
 Wall-clock Time                      : 761 us
 - Non I/O Handling Time (Estimated)  : 101 us
 - I/O Handling Time                  : 660 us
        - Read Syscall                : 0 us
        - Write Syscall               : 0 us
        - Page Fault                  : 660 us
        - io_uring                    : 0 us

-- I/O Counts --
 Read Syscall Count                   : 0
 Write Syscall Count                  : 0
 Block I/O Count                      : 1
 io_uring Completion Count            : 0

-- Total I/O Time (block device) --
 Total Block I/O Time           : 571

-- Page Faults & Bytes --
 Page Fault Count               : 4
 Read Bytes                     : 0
 Write Bytes                    : 0
 Block Read Bytes               : 45056
 Block Write Bytes              : 0
[===============================================]

[===============================================]
Result of node_idx 17 in node_object 0: Add (ND)

-- Elapsed Time Analysis --
 Wall-clock Time                      : 24 us
 - Non I/O Handling Time (Estimated)  : 24 us
 - I/O Handling Time                  : 0 us
        - Read Syscall                : 0 us
        - Write Syscall               : 0 us
        - Page Fault                  : 0 us
        - io_uring                    : 0 us

-- I/O Counts --
 Read Syscall Count                   : 0
 Write Syscall Count                  : 0
 Block I/O Count                      : 0
 io_uring Completion Count            : 0

-- Total I/O Time (block device) --
 Total Block I/O Time           : 0

-- Page Faults & Bytes --
 Page Fault Count               : 0
 Read Bytes                     : 0
 Write Bytes                    : 0
 Block Read Bytes               : 0
 Block Write Bytes              : 0
[===============================================]

[===============================================]
Result of node_idx 0 in node_object 0: Multiply (ND)

-- Elapsed Time Analysis --
 Wall-clock Time                      : 99 us
 - Non I/O Handling Time (Estimated)  : 99 us
 - I/O Handling Time                  : 0 us
        - Read Syscall                : 0 us
        - Write Syscall               : 0 us
        - Page Fault                  : 0 us
        - io_uring                    : 0 us

-- I/O Counts --
 Read Syscall Count                   : 0
 Write Syscall Count                  : 0
 Block I/O Count                      : 0
 io_uring Completion Count            : 0

-- Total I/O Time (block device) --
 Total Block I/O Time           : 0

-- Page Faults & Bytes --
 Page Fault Count               : 0
 Read Bytes                     : 0
 Write Bytes                    : 0
 Block Read Bytes               : 0
 Block Write Bytes              : 0
[===============================================]

[===============================================]
Result of node_idx 1 in node_object 0: Sum (ND)

-- Elapsed Time Analysis --
 Wall-clock Time                      : 100 us
 - Non I/O Handling Time (Estimated)  : 100 us
 - I/O Handling Time                  : 0 us
        - Read Syscall                : 0 us
        - Write Syscall               : 0 us
        - Page Fault                  : 0 us
        - io_uring                    : 0 us

-- I/O Counts --
 Read Syscall Count                   : 0
 Write Syscall Count                  : 0
 Block I/O Count                      : 0
 io_uring Completion Count            : 0

-- Total I/O Time (block device) --
 Total Block I/O Time           : 0

-- Page Faults & Bytes --
 Page Fault Count               : 0
 Read Bytes                     : 0
 Write Bytes                    : 0
 Block Read Bytes               : 0
 Block Write Bytes              : 0
[===============================================]

[===============================================]
Result of node_idx 2 in node_object 0: Multiply (ND)

-- Elapsed Time Analysis --
 Wall-clock Time                      : 3 us
 - Non I/O Handling Time (Estimated)  : 3 us
 - I/O Handling Time                  : 0 us
        - Read Syscall                : 0 us
        - Write Syscall               : 0 us
        - Page Fault                  : 0 us
        - io_uring                    : 0 us

-- I/O Counts --
 Read Syscall Count                   : 0
 Write Syscall Count                  : 0
 Block I/O Count                      : 0
 io_uring Completion Count            : 0

-- Total I/O Time (block device) --
 Total Block I/O Time           : 0

-- Page Faults & Bytes --
 Page Fault Count               : 0
 Read Bytes                     : 0
 Write Bytes                    : 0
 Block Read Bytes               : 0
 Block Write Bytes              : 0
[===============================================]

[===============================================]
Result of node_idx 3 in node_object 0: Add (ND)

-- Elapsed Time Analysis --
 Wall-clock Time                      : 2 us
 - Non I/O Handling Time (Estimated)  : 2 us
 - I/O Handling Time                  : 0 us
        - Read Syscall                : 0 us
        - Write Syscall               : 0 us
        - Page Fault                  : 0 us
        - io_uring                    : 0 us

-- I/O Counts --
 Read Syscall Count                   : 0
 Write Syscall Count                  : 0
 Block I/O Count                      : 0
 io_uring Completion Count            : 0

-- Total I/O Time (block device) --
 Total Block I/O Time           : 0

-- Page Faults & Bytes --
 Page Fault Count               : 0
 Read Bytes                     : 0
 Write Bytes                    : 0
 Block Read Bytes               : 0
 Block Write Bytes              : 0
[===============================================]

[===============================================]
Result of node_idx 4 in node_object 0: Static Reshape (NC)

-- Elapsed Time Analysis --
 Wall-clock Time                      : 3 us
 - Non I/O Handling Time (Estimated)  : 3 us
 - I/O Handling Time                  : 0 us
        - Read Syscall                : 0 us
        - Write Syscall               : 0 us
        - Page Fault                  : 0 us
        - io_uring                    : 0 us

-- I/O Counts --
 Read Syscall Count                   : 0
 Write Syscall Count                  : 0
 Block I/O Count                      : 0
 io_uring Completion Count            : 0

-- Total I/O Time (block device) --
 Total Block I/O Time           : 0

-- Page Faults & Bytes --
 Page Fault Count               : 0
 Read Bytes                     : 0
 Write Bytes                    : 0
 Block Read Bytes               : 0
 Block Write Bytes              : 0
[===============================================]

[===============================================]
Result of node_idx 5 in node_object 0: Reciprocal Square Root (NC)

-- Elapsed Time Analysis --
 Wall-clock Time                      : 2 us
 - Non I/O Handling Time (Estimated)  : 2 us
 - I/O Handling Time                  : 0 us
        - Read Syscall                : 0 us
        - Write Syscall               : 0 us
        - Page Fault                  : 0 us
        - io_uring                    : 0 us

-- I/O Counts --
 Read Syscall Count                   : 0
 Write Syscall Count                  : 0
 Block I/O Count                      : 0
 io_uring Completion Count            : 0

-- Total I/O Time (block device) --
 Total Block I/O Time           : 0

-- Page Faults & Bytes --
 Page Fault Count               : 0
 Read Bytes                     : 0
 Write Bytes                    : 0
 Block Read Bytes               : 0
 Block Write Bytes              : 0
[===============================================]

[===============================================]
Result of node_idx 6 in node_object 0: Multiply (ND)

-- Elapsed Time Analysis --
 Wall-clock Time                      : 96 us
 - Non I/O Handling Time (Estimated)  : 96 us
 - I/O Handling Time                  : 0 us
        - Read Syscall                : 0 us
        - Write Syscall               : 0 us
        - Page Fault                  : 0 us
        - io_uring                    : 0 us

-- I/O Counts --
 Read Syscall Count                   : 0
 Write Syscall Count                  : 0
 Block I/O Count                      : 0
 io_uring Completion Count            : 0

-- Total I/O Time (block device) --
 Total Block I/O Time           : 0

-- Page Faults & Bytes --
 Page Fault Count               : 0
 Read Bytes                     : 0
 Write Bytes                    : 0
 Block Read Bytes               : 0
 Block Write Bytes              : 0
[===============================================]

[===============================================]
Result of node_idx 7 in node_object 0: Multiply (ND)

-- Elapsed Time Analysis --
 Wall-clock Time                      : 19 us
 - Non I/O Handling Time (Estimated)  : 19 us
 - I/O Handling Time                  : 0 us
        - Read Syscall                : 0 us
        - Write Syscall               : 0 us
        - Page Fault                  : 0 us
        - io_uring                    : 0 us

-- I/O Counts --
 Read Syscall Count                   : 0
 Write Syscall Count                  : 0
 Block I/O Count                      : 0
 io_uring Completion Count            : 0

-- Total I/O Time (block device) --
 Total Block I/O Time           : 0

-- Page Faults & Bytes --
 Page Fault Count               : 0
 Read Bytes                     : 0
 Write Bytes                    : 0
 Block Read Bytes               : 0
 Block Write Bytes              : 0
[===============================================]

[===============================================]
Result of node_idx 0 in node_object 0: Fully Connected (NC, QDU8, F32, QC8W)

-- Elapsed Time Analysis --
 Wall-clock Time                      : 1053 us
 - Non I/O Handling Time (Estimated)  : 121 us
 - I/O Handling Time                  : 932 us
        - Read Syscall                : 0 us
        - Write Syscall               : 0 us
        - Page Fault                  : 932 us
        - io_uring                    : 0 us

-- I/O Counts --
 Read Syscall Count                   : 0
 Write Syscall Count                  : 0
 Block I/O Count                      : 3
 io_uring Completion Count            : 0

-- Total I/O Time (block device) --
 Total Block I/O Time           : 598

-- Page Faults & Bytes --
 Page Fault Count               : 9
 Read Bytes                     : 0
 Write Bytes                    : 0
 Block Read Bytes               : 77824
 Block Write Bytes              : 0
[===============================================]

[===============================================]
Result of node_idx 1 in node_object 0: Sigmoid (NC)

-- Elapsed Time Analysis --
 Wall-clock Time                      : 101 us
 - Non I/O Handling Time (Estimated)  : 101 us
 - I/O Handling Time                  : 0 us
        - Read Syscall                : 0 us
        - Write Syscall               : 0 us
        - Page Fault                  : 0 us
        - io_uring                    : 0 us

-- I/O Counts --
 Read Syscall Count                   : 0
 Write Syscall Count                  : 0
 Block I/O Count                      : 0
 io_uring Completion Count            : 0

-- Total I/O Time (block device) --
 Total Block I/O Time           : 0

-- Page Faults & Bytes --
 Page Fault Count               : 0
 Read Bytes                     : 0
 Write Bytes                    : 0
 Block Read Bytes               : 0
 Block Write Bytes              : 0
[===============================================]

[===============================================]
Result of node_idx 2 in node_object 0: Multiply (ND)

-- Elapsed Time Analysis --
 Wall-clock Time                      : 202 us
 - Non I/O Handling Time (Estimated)  : 202 us
 - I/O Handling Time                  : 0 us
        - Read Syscall                : 0 us
        - Write Syscall               : 0 us
        - Page Fault                  : 0 us
        - io_uring                    : 0 us

-- I/O Counts --
 Read Syscall Count                   : 0
 Write Syscall Count                  : 0
 Block I/O Count                      : 0
 io_uring Completion Count            : 0

-- Total I/O Time (block device) --
 Total Block I/O Time           : 0

-- Page Faults & Bytes --
 Page Fault Count               : 0
 Read Bytes                     : 0
 Write Bytes                    : 0
 Block Read Bytes               : 0
 Block Write Bytes              : 0
[===============================================]

[===============================================]
Result of node_idx 3 in node_object 0: Fully Connected (NC, QDU8, F32, QC8W)

-- Elapsed Time Analysis --
 Wall-clock Time                      : 1105 us
 - Non I/O Handling Time (Estimated)  : 314 us
 - I/O Handling Time                  : 791 us
        - Read Syscall                : 0 us
        - Write Syscall               : 0 us
        - Page Fault                  : 791 us
        - io_uring                    : 0 us

-- I/O Counts --
 Read Syscall Count                   : 0
 Write Syscall Count                  : 0
 Block I/O Count                      : 1
 io_uring Completion Count            : 0

-- Total I/O Time (block device) --
 Total Block I/O Time           : 693

-- Page Faults & Bytes --
 Page Fault Count               : 3
 Read Bytes                     : 0
 Write Bytes                    : 0
 Block Read Bytes               : 131072
 Block Write Bytes              : 0
[===============================================]

[===============================================]
Result of node_idx 4 in node_object 0: Multiply (ND)

-- Elapsed Time Analysis --
 Wall-clock Time                      : 98 us
 - Non I/O Handling Time (Estimated)  : 98 us
 - I/O Handling Time                  : 0 us
        - Read Syscall                : 0 us
        - Write Syscall               : 0 us
        - Page Fault                  : 0 us
        - io_uring                    : 0 us

-- I/O Counts --
 Read Syscall Count                   : 0
 Write Syscall Count                  : 0
 Block I/O Count                      : 0
 io_uring Completion Count            : 0

-- Total I/O Time (block device) --
 Total Block I/O Time           : 0

-- Page Faults & Bytes --
 Page Fault Count               : 0
 Read Bytes                     : 0
 Write Bytes                    : 0
 Block Read Bytes               : 0
 Block Write Bytes              : 0
[===============================================]

[===============================================]
Result of node_idx 5 in node_object 0: Fully Connected (NC, QDU8, F32, QC8W)

-- Elapsed Time Analysis --
 Wall-clock Time                      : 1128 us
 - Non I/O Handling Time (Estimated)  : 135 us
 - I/O Handling Time                  : 993 us
        - Read Syscall                : 0 us
        - Write Syscall               : 0 us
        - Page Fault                  : 993 us
        - io_uring                    : 0 us

-- I/O Counts --
 Read Syscall Count                   : 0
 Write Syscall Count                  : 0
 Block I/O Count                      : 3
 io_uring Completion Count            : 0

-- Total I/O Time (block device) --
 Total Block I/O Time           : 760

-- Page Faults & Bytes --
 Page Fault Count               : 8
 Read Bytes                     : 0
 Write Bytes                    : 0
 Block Read Bytes               : 57344
 Block Write Bytes              : 0
[===============================================]

[===============================================]
Result of node_idx 6 in node_object 0: Add (ND)

-- Elapsed Time Analysis --
 Wall-clock Time                      : 20 us
 - Non I/O Handling Time (Estimated)  : 20 us
 - I/O Handling Time                  : 0 us
        - Read Syscall                : 0 us
        - Write Syscall               : 0 us
        - Page Fault                  : 0 us
        - io_uring                    : 0 us

-- I/O Counts --
 Read Syscall Count                   : 0
 Write Syscall Count                  : 0
 Block I/O Count                      : 0
 io_uring Completion Count            : 0

-- Total I/O Time (block device) --
 Total Block I/O Time           : 0

-- Page Faults & Bytes --
 Page Fault Count               : 0
 Read Bytes                     : 0
 Write Bytes                    : 0
 Block Read Bytes               : 0
 Block Write Bytes              : 0
[===============================================]

[===============================================]
Result of node_idx 0 in node_object 0: Multiply (ND)

-- Elapsed Time Analysis --
 Wall-clock Time                      : 103 us
 - Non I/O Handling Time (Estimated)  : 103 us
 - I/O Handling Time                  : 0 us
        - Read Syscall                : 0 us
        - Write Syscall               : 0 us
        - Page Fault                  : 0 us
        - io_uring                    : 0 us

-- I/O Counts --
 Read Syscall Count                   : 0
 Write Syscall Count                  : 0
 Block I/O Count                      : 0
 io_uring Completion Count            : 0

-- Total I/O Time (block device) --
 Total Block I/O Time           : 0

-- Page Faults & Bytes --
 Page Fault Count               : 0
 Read Bytes                     : 0
 Write Bytes                    : 0
 Block Read Bytes               : 0
 Block Write Bytes              : 0
[===============================================]

[===============================================]
Result of node_idx 1 in node_object 0: Sum (ND)

-- Elapsed Time Analysis --
 Wall-clock Time                      : 98 us
 - Non I/O Handling Time (Estimated)  : 98 us
 - I/O Handling Time                  : 0 us
        - Read Syscall                : 0 us
        - Write Syscall               : 0 us
        - Page Fault                  : 0 us
        - io_uring                    : 0 us

-- I/O Counts --
 Read Syscall Count                   : 0
 Write Syscall Count                  : 0
 Block I/O Count                      : 0
 io_uring Completion Count            : 0

-- Total I/O Time (block device) --
 Total Block I/O Time           : 0

-- Page Faults & Bytes --
 Page Fault Count               : 0
 Read Bytes                     : 0
 Write Bytes                    : 0
 Block Read Bytes               : 0
 Block Write Bytes              : 0
[===============================================]

[===============================================]
Result of node_idx 2 in node_object 0: Multiply (ND)

-- Elapsed Time Analysis --
 Wall-clock Time                      : 3 us
 - Non I/O Handling Time (Estimated)  : 3 us
 - I/O Handling Time                  : 0 us
        - Read Syscall                : 0 us
        - Write Syscall               : 0 us
        - Page Fault                  : 0 us
        - io_uring                    : 0 us

-- I/O Counts --
 Read Syscall Count                   : 0
 Write Syscall Count                  : 0
 Block I/O Count                      : 0
 io_uring Completion Count            : 0

-- Total I/O Time (block device) --
 Total Block I/O Time           : 0

-- Page Faults & Bytes --
 Page Fault Count               : 0
 Read Bytes                     : 0
 Write Bytes                    : 0
 Block Read Bytes               : 0
 Block Write Bytes              : 0
[===============================================]

[===============================================]
Result of node_idx 3 in node_object 0: Add (ND)

-- Elapsed Time Analysis --
 Wall-clock Time                      : 2 us
 - Non I/O Handling Time (Estimated)  : 2 us
 - I/O Handling Time                  : 0 us
        - Read Syscall                : 0 us
        - Write Syscall               : 0 us
        - Page Fault                  : 0 us
        - io_uring                    : 0 us

-- I/O Counts --
 Read Syscall Count                   : 0
 Write Syscall Count                  : 0
 Block I/O Count                      : 0
 io_uring Completion Count            : 0

-- Total I/O Time (block device) --
 Total Block I/O Time           : 0

-- Page Faults & Bytes --
 Page Fault Count               : 0
 Read Bytes                     : 0
 Write Bytes                    : 0
 Block Read Bytes               : 0
 Block Write Bytes              : 0
[===============================================]

[===============================================]
Result of node_idx 4 in node_object 0: Static Reshape (NC)

-- Elapsed Time Analysis --
 Wall-clock Time                      : 2 us
 - Non I/O Handling Time (Estimated)  : 2 us
 - I/O Handling Time                  : 0 us
        - Read Syscall                : 0 us
        - Write Syscall               : 0 us
        - Page Fault                  : 0 us
        - io_uring                    : 0 us

-- I/O Counts --
 Read Syscall Count                   : 0
 Write Syscall Count                  : 0
 Block I/O Count                      : 0
 io_uring Completion Count            : 0

-- Total I/O Time (block device) --
 Total Block I/O Time           : 0

-- Page Faults & Bytes --
 Page Fault Count               : 0
 Read Bytes                     : 0
 Write Bytes                    : 0
 Block Read Bytes               : 0
 Block Write Bytes              : 0
[===============================================]

[===============================================]
Result of node_idx 5 in node_object 0: Reciprocal Square Root (NC)

-- Elapsed Time Analysis --
 Wall-clock Time                      : 3 us
 - Non I/O Handling Time (Estimated)  : 3 us
 - I/O Handling Time                  : 0 us
        - Read Syscall                : 0 us
        - Write Syscall               : 0 us
        - Page Fault                  : 0 us
        - io_uring                    : 0 us

-- I/O Counts --
 Read Syscall Count                   : 0
 Write Syscall Count                  : 0
 Block I/O Count                      : 0
 io_uring Completion Count            : 0

-- Total I/O Time (block device) --
 Total Block I/O Time           : 0

-- Page Faults & Bytes --
 Page Fault Count               : 0
 Read Bytes                     : 0
 Write Bytes                    : 0
 Block Read Bytes               : 0
 Block Write Bytes              : 0
[===============================================]

[===============================================]
Result of node_idx 6 in node_object 0: Multiply (ND)

-- Elapsed Time Analysis --
 Wall-clock Time                      : 354 us
 - Non I/O Handling Time (Estimated)  : 354 us
 - I/O Handling Time                  : 0 us
        - Read Syscall                : 0 us
        - Write Syscall               : 0 us
        - Page Fault                  : 0 us
        - io_uring                    : 0 us

-- I/O Counts --
 Read Syscall Count                   : 0
 Write Syscall Count                  : 0
 Block I/O Count                      : 0
 io_uring Completion Count            : 0

-- Total I/O Time (block device) --
 Total Block I/O Time           : 639

-- Page Faults & Bytes --
 Page Fault Count               : 0
 Read Bytes                     : 0
 Write Bytes                    : 0
 Block Read Bytes               : 131072
 Block Write Bytes              : 0
[===============================================]

[===============================================]
Result of node_idx 7 in node_object 0: Multiply (ND)

-- Elapsed Time Analysis --
 Wall-clock Time                      : 19 us
 - Non I/O Handling Time (Estimated)  : 19 us
 - I/O Handling Time                  : 0 us
        - Read Syscall                : 0 us
        - Write Syscall               : 0 us
        - Page Fault                  : 0 us
        - io_uring                    : 0 us

-- I/O Counts --
 Read Syscall Count                   : 0
 Write Syscall Count                  : 0
 Block I/O Count                      : 0
 io_uring Completion Count            : 0

-- Total I/O Time (block device) --
 Total Block I/O Time           : 0

-- Page Faults & Bytes --
 Page Fault Count               : 0
 Read Bytes                     : 0
 Write Bytes                    : 0
 Block Read Bytes               : 0
 Block Write Bytes              : 0
[===============================================]

[===============================================]
Result of node_idx 0 in node_object 0: Fully Connected (NC, QDU8, F32, QC8W)

-- Elapsed Time Analysis --
 Wall-clock Time                      : 573 us
 - Non I/O Handling Time (Estimated)  : 239 us
 - I/O Handling Time                  : 334 us
        - Read Syscall                : 0 us
        - Write Syscall               : 0 us
        - Page Fault                  : 334 us
        - io_uring                    : 0 us

-- I/O Counts --
 Read Syscall Count                   : 0
 Write Syscall Count                  : 0
 Block I/O Count                      : 0
 io_uring Completion Count            : 0

-- Total I/O Time (block device) --
 Total Block I/O Time           : 0

-- Page Faults & Bytes --
 Page Fault Count               : 4
 Read Bytes                     : 0
 Write Bytes                    : 0
 Block Read Bytes               : 0
 Block Write Bytes              : 0
[===============================================]

[===============================================]
Result of node_idx 1 in node_object 0: Static Reshape (NC)

-- Elapsed Time Analysis --
 Wall-clock Time                      : 17 us
 - Non I/O Handling Time (Estimated)  : 17 us
 - I/O Handling Time                  : 0 us
        - Read Syscall                : 0 us
        - Write Syscall               : 0 us
        - Page Fault                  : 0 us
        - io_uring                    : 0 us

-- I/O Counts --
 Read Syscall Count                   : 0
 Write Syscall Count                  : 0
 Block I/O Count                      : 0
 io_uring Completion Count            : 0

-- Total I/O Time (block device) --
 Total Block I/O Time           : 0

-- Page Faults & Bytes --
 Page Fault Count               : 0
 Read Bytes                     : 0
 Write Bytes                    : 0
 Block Read Bytes               : 0
 Block Write Bytes              : 0
[===============================================]

[===============================================]
Result of node_idx 2 in node_object 0: Slice (ND, X32)

-- Elapsed Time Analysis --
 Wall-clock Time                      : 10 us
 - Non I/O Handling Time (Estimated)  : 10 us
 - I/O Handling Time                  : 0 us
        - Read Syscall                : 0 us
        - Write Syscall               : 0 us
        - Page Fault                  : 0 us
        - io_uring                    : 0 us

-- I/O Counts --
 Read Syscall Count                   : 0
 Write Syscall Count                  : 0
 Block I/O Count                      : 0
 io_uring Completion Count            : 0

-- Total I/O Time (block device) --
 Total Block I/O Time           : 0

-- Page Faults & Bytes --
 Page Fault Count               : 0
 Read Bytes                     : 0
 Write Bytes                    : 0
 Block Read Bytes               : 0
 Block Write Bytes              : 0
[===============================================]

[===============================================]
Result of node_idx 3 in node_object 0: Slice (ND, X32)

-- Elapsed Time Analysis --
 Wall-clock Time                      : 11 us
 - Non I/O Handling Time (Estimated)  : 11 us
 - I/O Handling Time                  : 0 us
        - Read Syscall                : 0 us
        - Write Syscall               : 0 us
        - Page Fault                  : 0 us
        - io_uring                    : 0 us

-- I/O Counts --
 Read Syscall Count                   : 0
 Write Syscall Count                  : 0
 Block I/O Count                      : 0
 io_uring Completion Count            : 0

-- Total I/O Time (block device) --
 Total Block I/O Time           : 0

-- Page Faults & Bytes --
 Page Fault Count               : 0
 Read Bytes                     : 0
 Write Bytes                    : 0
 Block Read Bytes               : 0
 Block Write Bytes              : 0
[===============================================]

[===============================================]
Result of node_idx 4 in node_object 0: Slice (ND, X32)

-- Elapsed Time Analysis --
 Wall-clock Time                      : 7 us
 - Non I/O Handling Time (Estimated)  : 7 us
 - I/O Handling Time                  : 0 us
        - Read Syscall                : 0 us
        - Write Syscall               : 0 us
        - Page Fault                  : 0 us
        - io_uring                    : 0 us

-- I/O Counts --
 Read Syscall Count                   : 0
 Write Syscall Count                  : 0
 Block I/O Count                      : 0
 io_uring Completion Count            : 0

-- Total I/O Time (block device) --
 Total Block I/O Time           : 0

-- Page Faults & Bytes --
 Page Fault Count               : 0
 Read Bytes                     : 0
 Write Bytes                    : 0
 Block Read Bytes               : 0
 Block Write Bytes              : 0
[===============================================]

[===============================================]
Result of node_idx 5 in node_object 0: Static Reshape (NC)

-- Elapsed Time Analysis --
 Wall-clock Time                      : 3 us
 - Non I/O Handling Time (Estimated)  : 3 us
 - I/O Handling Time                  : 0 us
        - Read Syscall                : 0 us
        - Write Syscall               : 0 us
        - Page Fault                  : 0 us
        - io_uring                    : 0 us

-- I/O Counts --
 Read Syscall Count                   : 0
 Write Syscall Count                  : 0
 Block I/O Count                      : 0
 io_uring Completion Count            : 0

-- Total I/O Time (block device) --
 Total Block I/O Time           : 0

-- Page Faults & Bytes --
 Page Fault Count               : 0
 Read Bytes                     : 0
 Write Bytes                    : 0
 Block Read Bytes               : 0
 Block Write Bytes              : 0
[===============================================]

[===============================================]
Result of node_idx 6 in node_object 0: Transpose (ND, X32)

-- Elapsed Time Analysis --
 Wall-clock Time                      : 5 us
 - Non I/O Handling Time (Estimated)  : 5 us
 - I/O Handling Time                  : 0 us
        - Read Syscall                : 0 us
        - Write Syscall               : 0 us
        - Page Fault                  : 0 us
        - io_uring                    : 0 us

-- I/O Counts --
 Read Syscall Count                   : 0
 Write Syscall Count                  : 0
 Block I/O Count                      : 0
 io_uring Completion Count            : 0

-- Total I/O Time (block device) --
 Total Block I/O Time           : 0

-- Page Faults & Bytes --
 Page Fault Count               : 0
 Read Bytes                     : 0
 Write Bytes                    : 0
 Block Read Bytes               : 0
 Block Write Bytes              : 0
[===============================================]

[===============================================]
Result of node_idx 7 in node_object 0: Slice (ND, X32)

-- Elapsed Time Analysis --
 Wall-clock Time                      : 8 us
 - Non I/O Handling Time (Estimated)  : 8 us
 - I/O Handling Time                  : 0 us
        - Read Syscall                : 0 us
        - Write Syscall               : 0 us
        - Page Fault                  : 0 us
        - io_uring                    : 0 us

-- I/O Counts --
 Read Syscall Count                   : 0
 Write Syscall Count                  : 0
 Block I/O Count                      : 0
 io_uring Completion Count            : 0

-- Total I/O Time (block device) --
 Total Block I/O Time           : 0

-- Page Faults & Bytes --
 Page Fault Count               : 0
 Read Bytes                     : 0
 Write Bytes                    : 0
 Block Read Bytes               : 0
 Block Write Bytes              : 0
[===============================================]

[===============================================]
Result of node_idx 8 in node_object 0: Slice (ND, X32)

-- Elapsed Time Analysis --
 Wall-clock Time                      : 8 us
 - Non I/O Handling Time (Estimated)  : 8 us
 - I/O Handling Time                  : 0 us
        - Read Syscall                : 0 us
        - Write Syscall               : 0 us
        - Page Fault                  : 0 us
        - io_uring                    : 0 us

-- I/O Counts --
 Read Syscall Count                   : 0
 Write Syscall Count                  : 0
 Block I/O Count                      : 0
 io_uring Completion Count            : 0

-- Total I/O Time (block device) --
 Total Block I/O Time           : 0

-- Page Faults & Bytes --
 Page Fault Count               : 0
 Read Bytes                     : 0
 Write Bytes                    : 0
 Block Read Bytes               : 0
 Block Write Bytes              : 0
[===============================================]

[===============================================]
Result of node_idx 9 in node_object 0: Multiply (ND)

-- Elapsed Time Analysis --
 Wall-clock Time                      : 6 us
 - Non I/O Handling Time (Estimated)  : 6 us
 - I/O Handling Time                  : 0 us
        - Read Syscall                : 0 us
        - Write Syscall               : 0 us
        - Page Fault                  : 0 us
        - io_uring                    : 0 us

-- I/O Counts --
 Read Syscall Count                   : 0
 Write Syscall Count                  : 0
 Block I/O Count                      : 0
 io_uring Completion Count            : 0

-- Total I/O Time (block device) --
 Total Block I/O Time           : 0

-- Page Faults & Bytes --
 Page Fault Count               : 0
 Read Bytes                     : 0
 Write Bytes                    : 0
 Block Read Bytes               : 0
 Block Write Bytes              : 0
[===============================================]

[===============================================]
Result of node_idx 10 in node_object 0: Multiply (ND)

-- Elapsed Time Analysis --
 Wall-clock Time                      : 6 us
 - Non I/O Handling Time (Estimated)  : 6 us
 - I/O Handling Time                  : 0 us
        - Read Syscall                : 0 us
        - Write Syscall               : 0 us
        - Page Fault                  : 0 us
        - io_uring                    : 0 us

-- I/O Counts --
 Read Syscall Count                   : 0
 Write Syscall Count                  : 0
 Block I/O Count                      : 0
 io_uring Completion Count            : 0

-- Total I/O Time (block device) --
 Total Block I/O Time           : 0

-- Page Faults & Bytes --
 Page Fault Count               : 0
 Read Bytes                     : 0
 Write Bytes                    : 0
 Block Read Bytes               : 0
 Block Write Bytes              : 0
[===============================================]

[===============================================]
Result of node_idx 11 in node_object 0: Subtract (ND)

-- Elapsed Time Analysis --
 Wall-clock Time                      : 6 us
 - Non I/O Handling Time (Estimated)  : 6 us
 - I/O Handling Time                  : 0 us
        - Read Syscall                : 0 us
        - Write Syscall               : 0 us
        - Page Fault                  : 0 us
        - io_uring                    : 0 us

-- I/O Counts --
 Read Syscall Count                   : 0
 Write Syscall Count                  : 0
 Block I/O Count                      : 0
 io_uring Completion Count            : 0

-- Total I/O Time (block device) --
 Total Block I/O Time           : 0

-- Page Faults & Bytes --
 Page Fault Count               : 0
 Read Bytes                     : 0
 Write Bytes                    : 0
 Block Read Bytes               : 0
 Block Write Bytes              : 0
[===============================================]

[===============================================]
Result of node_idx 12 in node_object 0: Multiply (ND)

-- Elapsed Time Analysis --
 Wall-clock Time                      : 6 us
 - Non I/O Handling Time (Estimated)  : 6 us
 - I/O Handling Time                  : 0 us
        - Read Syscall                : 0 us
        - Write Syscall               : 0 us
        - Page Fault                  : 0 us
        - io_uring                    : 0 us

-- I/O Counts --
 Read Syscall Count                   : 0
 Write Syscall Count                  : 0
 Block I/O Count                      : 0
 io_uring Completion Count            : 0

-- Total I/O Time (block device) --
 Total Block I/O Time           : 0

-- Page Faults & Bytes --
 Page Fault Count               : 0
 Read Bytes                     : 0
 Write Bytes                    : 0
 Block Read Bytes               : 0
 Block Write Bytes              : 0
[===============================================]

[===============================================]
Result of node_idx 13 in node_object 0: Multiply (ND)

-- Elapsed Time Analysis --
 Wall-clock Time                      : 8 us
 - Non I/O Handling Time (Estimated)  : 8 us
 - I/O Handling Time                  : 0 us
        - Read Syscall                : 0 us
        - Write Syscall               : 0 us
        - Page Fault                  : 0 us
        - io_uring                    : 0 us

-- I/O Counts --
 Read Syscall Count                   : 0
 Write Syscall Count                  : 0
 Block I/O Count                      : 0
 io_uring Completion Count            : 0

-- Total I/O Time (block device) --
 Total Block I/O Time           : 0

-- Page Faults & Bytes --
 Page Fault Count               : 0
 Read Bytes                     : 0
 Write Bytes                    : 0
 Block Read Bytes               : 0
 Block Write Bytes              : 0
[===============================================]

[===============================================]
Result of node_idx 14 in node_object 0: Add (ND)

-- Elapsed Time Analysis --
 Wall-clock Time                      : 6 us
 - Non I/O Handling Time (Estimated)  : 6 us
 - I/O Handling Time                  : 0 us
        - Read Syscall                : 0 us
        - Write Syscall               : 0 us
        - Page Fault                  : 0 us
        - io_uring                    : 0 us

-- I/O Counts --
 Read Syscall Count                   : 0
 Write Syscall Count                  : 0
 Block I/O Count                      : 0
 io_uring Completion Count            : 0

-- Total I/O Time (block device) --
 Total Block I/O Time           : 0

-- Page Faults & Bytes --
 Page Fault Count               : 0
 Read Bytes                     : 0
 Write Bytes                    : 0
 Block Read Bytes               : 0
 Block Write Bytes              : 0
[===============================================]

[===============================================]
Result of node_idx 15 in node_object 0: Copy (NC, X32)

-- Elapsed Time Analysis --
 Wall-clock Time                      : 7 us
 - Non I/O Handling Time (Estimated)  : 7 us
 - I/O Handling Time                  : 0 us
        - Read Syscall                : 0 us
        - Write Syscall               : 0 us
        - Page Fault                  : 0 us
        - io_uring                    : 0 us

-- I/O Counts --
 Read Syscall Count                   : 0
 Write Syscall Count                  : 0
 Block I/O Count                      : 0
 io_uring Completion Count            : 0

-- Total I/O Time (block device) --
 Total Block I/O Time           : 0

-- Page Faults & Bytes --
 Page Fault Count               : 0
 Read Bytes                     : 0
 Write Bytes                    : 0
 Block Read Bytes               : 0
 Block Write Bytes              : 0
[===============================================]

[===============================================]
Result of node_idx 15 in node_object 1: Copy (NC, X32)

-- Elapsed Time Analysis --
 Wall-clock Time                      : 6 us
 - Non I/O Handling Time (Estimated)  : 6 us
 - I/O Handling Time                  : 0 us
        - Read Syscall                : 0 us
        - Write Syscall               : 0 us
        - Page Fault                  : 0 us
        - io_uring                    : 0 us

-- I/O Counts --
 Read Syscall Count                   : 0
 Write Syscall Count                  : 0
 Block I/O Count                      : 0
 io_uring Completion Count            : 0

-- Total I/O Time (block device) --
 Total Block I/O Time           : 0

-- Page Faults & Bytes --
 Page Fault Count               : 0
 Read Bytes                     : 0
 Write Bytes                    : 0
 Block Read Bytes               : 0
 Block Write Bytes              : 0
[===============================================]

[===============================================]
Result of node_idx 16 in node_object 0: Transpose (ND, X32)

-- Elapsed Time Analysis --
 Wall-clock Time                      : 5 us
 - Non I/O Handling Time (Estimated)  : 5 us
 - I/O Handling Time                  : 0 us
        - Read Syscall                : 0 us
        - Write Syscall               : 0 us
        - Page Fault                  : 0 us
        - io_uring                    : 0 us

-- I/O Counts --
 Read Syscall Count                   : 0
 Write Syscall Count                  : 0
 Block I/O Count                      : 0
 io_uring Completion Count            : 0

-- Total I/O Time (block device) --
 Total Block I/O Time           : 0

-- Page Faults & Bytes --
 Page Fault Count               : 0
 Read Bytes                     : 0
 Write Bytes                    : 0
 Block Read Bytes               : 0
 Block Write Bytes              : 0
[===============================================]

[===============================================]
Result of node_idx 17 in node_object 0: Transpose (ND, X32)

-- Elapsed Time Analysis --
 Wall-clock Time                      : 4 us
 - Non I/O Handling Time (Estimated)  : 4 us
 - I/O Handling Time                  : 0 us
        - Read Syscall                : 0 us
        - Write Syscall               : 0 us
        - Page Fault                  : 0 us
        - io_uring                    : 0 us

-- I/O Counts --
 Read Syscall Count                   : 0
 Write Syscall Count                  : 0
 Block I/O Count                      : 0
 io_uring Completion Count            : 0

-- Total I/O Time (block device) --
 Total Block I/O Time           : 0

-- Page Faults & Bytes --
 Page Fault Count               : 0
 Read Bytes                     : 0
 Write Bytes                    : 0
 Block Read Bytes               : 0
 Block Write Bytes              : 0
[===============================================]

[===============================================]
Result of node_idx 18 in node_object 0: Slice (ND, X32)

-- Elapsed Time Analysis --
 Wall-clock Time                      : 7 us
 - Non I/O Handling Time (Estimated)  : 7 us
 - I/O Handling Time                  : 0 us
        - Read Syscall                : 0 us
        - Write Syscall               : 0 us
        - Page Fault                  : 0 us
        - io_uring                    : 0 us

-- I/O Counts --
 Read Syscall Count                   : 0
 Write Syscall Count                  : 0
 Block I/O Count                      : 0
 io_uring Completion Count            : 0

-- Total I/O Time (block device) --
 Total Block I/O Time           : 0

-- Page Faults & Bytes --
 Page Fault Count               : 0
 Read Bytes                     : 0
 Write Bytes                    : 0
 Block Read Bytes               : 0
 Block Write Bytes              : 0
[===============================================]

[===============================================]
Result of node_idx 19 in node_object 0: Slice (ND, X32)

-- Elapsed Time Analysis --
 Wall-clock Time                      : 8 us
 - Non I/O Handling Time (Estimated)  : 8 us
 - I/O Handling Time                  : 0 us
        - Read Syscall                : 0 us
        - Write Syscall               : 0 us
        - Page Fault                  : 0 us
        - io_uring                    : 0 us

-- I/O Counts --
 Read Syscall Count                   : 0
 Write Syscall Count                  : 0
 Block I/O Count                      : 0
 io_uring Completion Count            : 0

-- Total I/O Time (block device) --
 Total Block I/O Time           : 0

-- Page Faults & Bytes --
 Page Fault Count               : 0
 Read Bytes                     : 0
 Write Bytes                    : 0
 Block Read Bytes               : 0
 Block Write Bytes              : 0
[===============================================]

[===============================================]
Result of node_idx 20 in node_object 0: Multiply (ND)

-- Elapsed Time Analysis --
 Wall-clock Time                      : 5 us
 - Non I/O Handling Time (Estimated)  : 5 us
 - I/O Handling Time                  : 0 us
        - Read Syscall                : 0 us
        - Write Syscall               : 0 us
        - Page Fault                  : 0 us
        - io_uring                    : 0 us

-- I/O Counts --
 Read Syscall Count                   : 0
 Write Syscall Count                  : 0
 Block I/O Count                      : 0
 io_uring Completion Count            : 0

-- Total I/O Time (block device) --
 Total Block I/O Time           : 0

-- Page Faults & Bytes --
 Page Fault Count               : 0
 Read Bytes                     : 0
 Write Bytes                    : 0
 Block Read Bytes               : 0
 Block Write Bytes              : 0
[===============================================]

[===============================================]
Result of node_idx 21 in node_object 0: Multiply (ND)

-- Elapsed Time Analysis --
 Wall-clock Time                      : 5 us
 - Non I/O Handling Time (Estimated)  : 5 us
 - I/O Handling Time                  : 0 us
        - Read Syscall                : 0 us
        - Write Syscall               : 0 us
        - Page Fault                  : 0 us
        - io_uring                    : 0 us

-- I/O Counts --
 Read Syscall Count                   : 0
 Write Syscall Count                  : 0
 Block I/O Count                      : 0
 io_uring Completion Count            : 0

-- Total I/O Time (block device) --
 Total Block I/O Time           : 0

-- Page Faults & Bytes --
 Page Fault Count               : 0
 Read Bytes                     : 0
 Write Bytes                    : 0
 Block Read Bytes               : 0
 Block Write Bytes              : 0
[===============================================]

[===============================================]
Result of node_idx 22 in node_object 0: Subtract (ND)

-- Elapsed Time Analysis --
 Wall-clock Time                      : 6 us
 - Non I/O Handling Time (Estimated)  : 6 us
 - I/O Handling Time                  : 0 us
        - Read Syscall                : 0 us
        - Write Syscall               : 0 us
        - Page Fault                  : 0 us
        - io_uring                    : 0 us

-- I/O Counts --
 Read Syscall Count                   : 0
 Write Syscall Count                  : 0
 Block I/O Count                      : 0
 io_uring Completion Count            : 0

-- Total I/O Time (block device) --
 Total Block I/O Time           : 0

-- Page Faults & Bytes --
 Page Fault Count               : 0
 Read Bytes                     : 0
 Write Bytes                    : 0
 Block Read Bytes               : 0
 Block Write Bytes              : 0
[===============================================]

[===============================================]
Result of node_idx 23 in node_object 0: Multiply (ND)

-- Elapsed Time Analysis --
 Wall-clock Time                      : 12 us
 - Non I/O Handling Time (Estimated)  : 12 us
 - I/O Handling Time                  : 0 us
        - Read Syscall                : 0 us
        - Write Syscall               : 0 us
        - Page Fault                  : 0 us
        - io_uring                    : 0 us

-- I/O Counts --
 Read Syscall Count                   : 0
 Write Syscall Count                  : 0
 Block I/O Count                      : 0
 io_uring Completion Count            : 0

-- Total I/O Time (block device) --
 Total Block I/O Time           : 0

-- Page Faults & Bytes --
 Page Fault Count               : 0
 Read Bytes                     : 0
 Write Bytes                    : 0
 Block Read Bytes               : 0
 Block Write Bytes              : 0
[===============================================]

[===============================================]
Result of node_idx 24 in node_object 0: Multiply (ND)

-- Elapsed Time Analysis --
 Wall-clock Time                      : 6 us
 - Non I/O Handling Time (Estimated)  : 6 us
 - I/O Handling Time                  : 0 us
        - Read Syscall                : 0 us
        - Write Syscall               : 0 us
        - Page Fault                  : 0 us
        - io_uring                    : 0 us

-- I/O Counts --
 Read Syscall Count                   : 0
 Write Syscall Count                  : 0
 Block I/O Count                      : 0
 io_uring Completion Count            : 0

-- Total I/O Time (block device) --
 Total Block I/O Time           : 0

-- Page Faults & Bytes --
 Page Fault Count               : 0
 Read Bytes                     : 0
 Write Bytes                    : 0
 Block Read Bytes               : 0
 Block Write Bytes              : 0
[===============================================]

[===============================================]
Result of node_idx 25 in node_object 0: Add (ND)

-- Elapsed Time Analysis --
 Wall-clock Time                      : 6 us
 - Non I/O Handling Time (Estimated)  : 6 us
 - I/O Handling Time                  : 0 us
        - Read Syscall                : 0 us
        - Write Syscall               : 0 us
        - Page Fault                  : 0 us
        - io_uring                    : 0 us

-- I/O Counts --
 Read Syscall Count                   : 0
 Write Syscall Count                  : 0
 Block I/O Count                      : 0
 io_uring Completion Count            : 0

-- Total I/O Time (block device) --
 Total Block I/O Time           : 0

-- Page Faults & Bytes --
 Page Fault Count               : 0
 Read Bytes                     : 0
 Write Bytes                    : 0
 Block Read Bytes               : 0
 Block Write Bytes              : 0
[===============================================]

[===============================================]
Result of node_idx 26 in node_object 0: Copy (NC, X32)

-- Elapsed Time Analysis --
 Wall-clock Time                      : 5 us
 - Non I/O Handling Time (Estimated)  : 5 us
 - I/O Handling Time                  : 0 us
        - Read Syscall                : 0 us
        - Write Syscall               : 0 us
        - Page Fault                  : 0 us
        - io_uring                    : 0 us

-- I/O Counts --
 Read Syscall Count                   : 0
 Write Syscall Count                  : 0
 Block I/O Count                      : 0
 io_uring Completion Count            : 0

-- Total I/O Time (block device) --
 Total Block I/O Time           : 0

-- Page Faults & Bytes --
 Page Fault Count               : 0
 Read Bytes                     : 0
 Write Bytes                    : 0
 Block Read Bytes               : 0
 Block Write Bytes              : 0
[===============================================]

[===============================================]
Result of node_idx 26 in node_object 1: Copy (NC, X32)

-- Elapsed Time Analysis --
 Wall-clock Time                      : 6 us
 - Non I/O Handling Time (Estimated)  : 6 us
 - I/O Handling Time                  : 0 us
        - Read Syscall                : 0 us
        - Write Syscall               : 0 us
        - Page Fault                  : 0 us
        - io_uring                    : 0 us

-- I/O Counts --
 Read Syscall Count                   : 0
 Write Syscall Count                  : 0
 Block I/O Count                      : 0
 io_uring Completion Count            : 0

-- Total I/O Time (block device) --
 Total Block I/O Time           : 0

-- Page Faults & Bytes --
 Page Fault Count               : 0
 Read Bytes                     : 0
 Write Bytes                    : 0
 Block Read Bytes               : 0
 Block Write Bytes              : 0
[===============================================]

[===============================================]
Result of node_idx 27 in node_object 0: Transpose (ND, X32)

-- Elapsed Time Analysis --
 Wall-clock Time                      : 4 us
 - Non I/O Handling Time (Estimated)  : 4 us
 - I/O Handling Time                  : 0 us
        - Read Syscall                : 0 us
        - Write Syscall               : 0 us
        - Page Fault                  : 0 us
        - io_uring                    : 0 us

-- I/O Counts --
 Read Syscall Count                   : 0
 Write Syscall Count                  : 0
 Block I/O Count                      : 0
 io_uring Completion Count            : 0

-- Total I/O Time (block device) --
 Total Block I/O Time           : 0

-- Page Faults & Bytes --
 Page Fault Count               : 0
 Read Bytes                     : 0
 Write Bytes                    : 0
 Block Read Bytes               : 0
 Block Write Bytes              : 0
[===============================================]

[===============================================]
Result of node_idx 0 in node_object 0: Multiply (ND)

-- Elapsed Time Analysis --
 Wall-clock Time                      : 6 us
 - Non I/O Handling Time (Estimated)  : 6 us
 - I/O Handling Time                  : 0 us
        - Read Syscall                : 0 us
        - Write Syscall               : 0 us
        - Page Fault                  : 0 us
        - io_uring                    : 0 us

-- I/O Counts --
 Read Syscall Count                   : 0
 Write Syscall Count                  : 0
 Block I/O Count                      : 0
 io_uring Completion Count            : 0

-- Total I/O Time (block device) --
 Total Block I/O Time           : 0

-- Page Faults & Bytes --
 Page Fault Count               : 0
 Read Bytes                     : 0
 Write Bytes                    : 0
 Block Read Bytes               : 0
 Block Write Bytes              : 0
[===============================================]

[===============================================]
Result of node_idx 1 in node_object 0: Transpose (ND, X32)

-- Elapsed Time Analysis --
 Wall-clock Time                      : 5 us
 - Non I/O Handling Time (Estimated)  : 5 us
 - I/O Handling Time                  : 0 us
        - Read Syscall                : 0 us
        - Write Syscall               : 0 us
        - Page Fault                  : 0 us
        - io_uring                    : 0 us

-- I/O Counts --
 Read Syscall Count                   : 0
 Write Syscall Count                  : 0
 Block I/O Count                      : 0
 io_uring Completion Count            : 0

-- Total I/O Time (block device) --
 Total Block I/O Time           : 0

-- Page Faults & Bytes --
 Page Fault Count               : 0
 Read Bytes                     : 0
 Write Bytes                    : 0
 Block Read Bytes               : 0
 Block Write Bytes              : 0
[===============================================]

[===============================================]
Result of node_idx 2 in node_object 0: Transpose (ND, X32)

-- Elapsed Time Analysis --
 Wall-clock Time                      : 28 us
 - Non I/O Handling Time (Estimated)  : 28 us
 - I/O Handling Time                  : 0 us
        - Read Syscall                : 0 us
        - Write Syscall               : 0 us
        - Page Fault                  : 0 us
        - io_uring                    : 0 us

-- I/O Counts --
 Read Syscall Count                   : 0
 Write Syscall Count                  : 0
 Block I/O Count                      : 0
 io_uring Completion Count            : 0

-- Total I/O Time (block device) --
 Total Block I/O Time           : 0

-- Page Faults & Bytes --
 Page Fault Count               : 0
 Read Bytes                     : 0
 Write Bytes                    : 0
 Block Read Bytes               : 0
 Block Write Bytes              : 0
[===============================================]

[===============================================]
Result of node_idx 3 in node_object 0: Static Reshape (NC)

-- Elapsed Time Analysis --
 Wall-clock Time                      : 4 us
 - Non I/O Handling Time (Estimated)  : 4 us
 - I/O Handling Time                  : 0 us
        - Read Syscall                : 0 us
        - Write Syscall               : 0 us
        - Page Fault                  : 0 us
        - io_uring                    : 0 us

-- I/O Counts --
 Read Syscall Count                   : 0
 Write Syscall Count                  : 0
 Block I/O Count                      : 0
 io_uring Completion Count            : 0

-- Total I/O Time (block device) --
 Total Block I/O Time           : 0

-- Page Faults & Bytes --
 Page Fault Count               : 0
 Read Bytes                     : 0
 Write Bytes                    : 0
 Block Read Bytes               : 0
 Block Write Bytes              : 0
[===============================================]

[===============================================]
Result of node_idx 4 in node_object 0: Static Reshape (NC)

-- Elapsed Time Analysis --
 Wall-clock Time                      : 3 us
 - Non I/O Handling Time (Estimated)  : 3 us
 - I/O Handling Time                  : 0 us
        - Read Syscall                : 0 us
        - Write Syscall               : 0 us
        - Page Fault                  : 0 us
        - io_uring                    : 0 us

-- I/O Counts --
 Read Syscall Count                   : 0
 Write Syscall Count                  : 0
 Block I/O Count                      : 0
 io_uring Completion Count            : 0

-- Total I/O Time (block device) --
 Total Block I/O Time           : 0

-- Page Faults & Bytes --
 Page Fault Count               : 0
 Read Bytes                     : 0
 Write Bytes                    : 0
 Block Read Bytes               : 0
 Block Write Bytes              : 0
[===============================================]

[===============================================]
Result of node_idx 5 in node_object 0: Batch Matrix Multiply (NC, F32)

-- Elapsed Time Analysis --
 Wall-clock Time                      : 158 us
 - Non I/O Handling Time (Estimated)  : 158 us
 - I/O Handling Time                  : 0 us
        - Read Syscall                : 0 us
        - Write Syscall               : 0 us
        - Page Fault                  : 0 us
        - io_uring                    : 0 us

-- I/O Counts --
 Read Syscall Count                   : 0
 Write Syscall Count                  : 0
 Block I/O Count                      : 0
 io_uring Completion Count            : 0

-- Total I/O Time (block device) --
 Total Block I/O Time           : 0

-- Page Faults & Bytes --
 Page Fault Count               : 0
 Read Bytes                     : 0
 Write Bytes                    : 0
 Block Read Bytes               : 0
 Block Write Bytes              : 0
[===============================================]

[===============================================]
Result of node_idx 6 in node_object 0: Static Reshape (NC)

-- Elapsed Time Analysis --
 Wall-clock Time                      : 3 us
 - Non I/O Handling Time (Estimated)  : 3 us
 - I/O Handling Time                  : 0 us
        - Read Syscall                : 0 us
        - Write Syscall               : 0 us
        - Page Fault                  : 0 us
        - io_uring                    : 0 us

-- I/O Counts --
 Read Syscall Count                   : 0
 Write Syscall Count                  : 0
 Block I/O Count                      : 0
 io_uring Completion Count            : 0

-- Total I/O Time (block device) --
 Total Block I/O Time           : 0

-- Page Faults & Bytes --
 Page Fault Count               : 0
 Read Bytes                     : 0
 Write Bytes                    : 0
 Block Read Bytes               : 0
 Block Write Bytes              : 0
[===============================================]

[===============================================]
Result of node_idx 7 in node_object 0: Add (ND)

-- Elapsed Time Analysis --
 Wall-clock Time                      : 113 us
 - Non I/O Handling Time (Estimated)  : 113 us
 - I/O Handling Time                  : 0 us
        - Read Syscall                : 0 us
        - Write Syscall               : 0 us
        - Page Fault                  : 0 us
        - io_uring                    : 0 us

-- I/O Counts --
 Read Syscall Count                   : 0
 Write Syscall Count                  : 0
 Block I/O Count                      : 0
 io_uring Completion Count            : 0

-- Total I/O Time (block device) --
 Total Block I/O Time           : 0

-- Page Faults & Bytes --
 Page Fault Count               : 0
 Read Bytes                     : 0
 Write Bytes                    : 0
 Block Read Bytes               : 0
 Block Write Bytes              : 0
[===============================================]

[===============================================]
Result of node_idx 8 in node_object 0: Softmax (NC, F32)

-- Elapsed Time Analysis --
 Wall-clock Time                      : 20 us
 - Non I/O Handling Time (Estimated)  : 20 us
 - I/O Handling Time                  : 0 us
        - Read Syscall                : 0 us
        - Write Syscall               : 0 us
        - Page Fault                  : 0 us
        - io_uring                    : 0 us

-- I/O Counts --
 Read Syscall Count                   : 0
 Write Syscall Count                  : 0
 Block I/O Count                      : 0
 io_uring Completion Count            : 0

-- Total I/O Time (block device) --
 Total Block I/O Time           : 0

-- Page Faults & Bytes --
 Page Fault Count               : 0
 Read Bytes                     : 0
 Write Bytes                    : 0
 Block Read Bytes               : 0
 Block Write Bytes              : 0
[===============================================]

[===============================================]
Result of node_idx 9 in node_object 0: Transpose (ND, X32)

-- Elapsed Time Analysis --
 Wall-clock Time                      : 36 us
 - Non I/O Handling Time (Estimated)  : 36 us
 - I/O Handling Time                  : 0 us
        - Read Syscall                : 0 us
        - Write Syscall               : 0 us
        - Page Fault                  : 0 us
        - io_uring                    : 0 us

-- I/O Counts --
 Read Syscall Count                   : 0
 Write Syscall Count                  : 0
 Block I/O Count                      : 0
 io_uring Completion Count            : 0

-- Total I/O Time (block device) --
 Total Block I/O Time           : 0

-- Page Faults & Bytes --
 Page Fault Count               : 0
 Read Bytes                     : 0
 Write Bytes                    : 0
 Block Read Bytes               : 0
 Block Write Bytes              : 0
[===============================================]

[===============================================]
Result of node_idx 10 in node_object 0: Static Reshape (NC)

-- Elapsed Time Analysis --
 Wall-clock Time                      : 4 us
 - Non I/O Handling Time (Estimated)  : 4 us
 - I/O Handling Time                  : 0 us
        - Read Syscall                : 0 us
        - Write Syscall               : 0 us
        - Page Fault                  : 0 us
        - io_uring                    : 0 us

-- I/O Counts --
 Read Syscall Count                   : 0
 Write Syscall Count                  : 0
 Block I/O Count                      : 0
 io_uring Completion Count            : 0

-- Total I/O Time (block device) --
 Total Block I/O Time           : 0

-- Page Faults & Bytes --
 Page Fault Count               : 0
 Read Bytes                     : 0
 Write Bytes                    : 0
 Block Read Bytes               : 0
 Block Write Bytes              : 0
[===============================================]

[===============================================]
Result of node_idx 11 in node_object 0: Static Reshape (NC)

-- Elapsed Time Analysis --
 Wall-clock Time                      : 4 us
 - Non I/O Handling Time (Estimated)  : 4 us
 - I/O Handling Time                  : 0 us
        - Read Syscall                : 0 us
        - Write Syscall               : 0 us
        - Page Fault                  : 0 us
        - io_uring                    : 0 us

-- I/O Counts --
 Read Syscall Count                   : 0
 Write Syscall Count                  : 0
 Block I/O Count                      : 0
 io_uring Completion Count            : 0

-- Total I/O Time (block device) --
 Total Block I/O Time           : 0

-- Page Faults & Bytes --
 Page Fault Count               : 0
 Read Bytes                     : 0
 Write Bytes                    : 0
 Block Read Bytes               : 0
 Block Write Bytes              : 0
[===============================================]

[===============================================]
Result of node_idx 12 in node_object 0: Batch Matrix Multiply (NC, F32)

-- Elapsed Time Analysis --
 Wall-clock Time                      : 62 us
 - Non I/O Handling Time (Estimated)  : 62 us
 - I/O Handling Time                  : 0 us
        - Read Syscall                : 0 us
        - Write Syscall               : 0 us
        - Page Fault                  : 0 us
        - io_uring                    : 0 us

-- I/O Counts --
 Read Syscall Count                   : 0
 Write Syscall Count                  : 0
 Block I/O Count                      : 0
 io_uring Completion Count            : 0

-- Total I/O Time (block device) --
 Total Block I/O Time           : 0

-- Page Faults & Bytes --
 Page Fault Count               : 0
 Read Bytes                     : 0
 Write Bytes                    : 0
 Block Read Bytes               : 0
 Block Write Bytes              : 0
[===============================================]

[===============================================]
Result of node_idx 13 in node_object 0: Static Reshape (NC)

-- Elapsed Time Analysis --
 Wall-clock Time                      : 3 us
 - Non I/O Handling Time (Estimated)  : 3 us
 - I/O Handling Time                  : 0 us
        - Read Syscall                : 0 us
        - Write Syscall               : 0 us
        - Page Fault                  : 0 us
        - io_uring                    : 0 us

-- I/O Counts --
 Read Syscall Count                   : 0
 Write Syscall Count                  : 0
 Block I/O Count                      : 0
 io_uring Completion Count            : 0

-- Total I/O Time (block device) --
 Total Block I/O Time           : 0

-- Page Faults & Bytes --
 Page Fault Count               : 0
 Read Bytes                     : 0
 Write Bytes                    : 0
 Block Read Bytes               : 0
 Block Write Bytes              : 0
[===============================================]

[===============================================]
Result of node_idx 14 in node_object 0: Transpose (ND, X32)

-- Elapsed Time Analysis --
 Wall-clock Time                      : 5 us
 - Non I/O Handling Time (Estimated)  : 5 us
 - I/O Handling Time                  : 0 us
        - Read Syscall                : 0 us
        - Write Syscall               : 0 us
        - Page Fault                  : 0 us
        - io_uring                    : 0 us

-- I/O Counts --
 Read Syscall Count                   : 0
 Write Syscall Count                  : 0
 Block I/O Count                      : 0
 io_uring Completion Count            : 0

-- Total I/O Time (block device) --
 Total Block I/O Time           : 0

-- Page Faults & Bytes --
 Page Fault Count               : 0
 Read Bytes                     : 0
 Write Bytes                    : 0
 Block Read Bytes               : 0
 Block Write Bytes              : 0
[===============================================]

[===============================================]
Result of node_idx 15 in node_object 0: Static Reshape (NC)

-- Elapsed Time Analysis --
 Wall-clock Time                      : 4 us
 - Non I/O Handling Time (Estimated)  : 4 us
 - I/O Handling Time                  : 0 us
        - Read Syscall                : 0 us
        - Write Syscall               : 0 us
        - Page Fault                  : 0 us
        - io_uring                    : 0 us

-- I/O Counts --
 Read Syscall Count                   : 0
 Write Syscall Count                  : 0
 Block I/O Count                      : 0
 io_uring Completion Count            : 0

-- Total I/O Time (block device) --
 Total Block I/O Time           : 0

-- Page Faults & Bytes --
 Page Fault Count               : 0
 Read Bytes                     : 0
 Write Bytes                    : 0
 Block Read Bytes               : 0
 Block Write Bytes              : 0
[===============================================]

[===============================================]
Result of node_idx 16 in node_object 0: Fully Connected (NC, QDU8, F32, QC8W)

-- Elapsed Time Analysis --
 Wall-clock Time                      : 523 us
 - Non I/O Handling Time (Estimated)  : 36 us
 - I/O Handling Time                  : 487 us
        - Read Syscall                : 0 us
        - Write Syscall               : 0 us
        - Page Fault                  : 487 us
        - io_uring                    : 0 us

-- I/O Counts --
 Read Syscall Count                   : 0
 Write Syscall Count                  : 0
 Block I/O Count                      : 3
 io_uring Completion Count            : 0

-- Total I/O Time (block device) --
 Total Block I/O Time           : 963

-- Page Faults & Bytes --
 Page Fault Count               : 6
 Read Bytes                     : 0
 Write Bytes                    : 0
 Block Read Bytes               : 49152
 Block Write Bytes              : 0
[===============================================]

[===============================================]
Result of node_idx 17 in node_object 0: Add (ND)

-- Elapsed Time Analysis --
 Wall-clock Time                      : 21 us
 - Non I/O Handling Time (Estimated)  : 21 us
 - I/O Handling Time                  : 0 us
        - Read Syscall                : 0 us
        - Write Syscall               : 0 us
        - Page Fault                  : 0 us
        - io_uring                    : 0 us

-- I/O Counts --
 Read Syscall Count                   : 0
 Write Syscall Count                  : 0
 Block I/O Count                      : 0
 io_uring Completion Count            : 0

-- Total I/O Time (block device) --
 Total Block I/O Time           : 0

-- Page Faults & Bytes --
 Page Fault Count               : 0
 Read Bytes                     : 0
 Write Bytes                    : 0
 Block Read Bytes               : 0
 Block Write Bytes              : 0
[===============================================]

[===============================================]
Result of node_idx 0 in node_object 0: Multiply (ND)

-- Elapsed Time Analysis --
 Wall-clock Time                      : 96 us
 - Non I/O Handling Time (Estimated)  : 96 us
 - I/O Handling Time                  : 0 us
        - Read Syscall                : 0 us
        - Write Syscall               : 0 us
        - Page Fault                  : 0 us
        - io_uring                    : 0 us

-- I/O Counts --
 Read Syscall Count                   : 0
 Write Syscall Count                  : 0
 Block I/O Count                      : 0
 io_uring Completion Count            : 0

-- Total I/O Time (block device) --
 Total Block I/O Time           : 0

-- Page Faults & Bytes --
 Page Fault Count               : 0
 Read Bytes                     : 0
 Write Bytes                    : 0
 Block Read Bytes               : 0
 Block Write Bytes              : 0
[===============================================]

[===============================================]
Result of node_idx 1 in node_object 0: Sum (ND)

-- Elapsed Time Analysis --
 Wall-clock Time                      : 79 us
 - Non I/O Handling Time (Estimated)  : 79 us
 - I/O Handling Time                  : 0 us
        - Read Syscall                : 0 us
        - Write Syscall               : 0 us
        - Page Fault                  : 0 us
        - io_uring                    : 0 us

-- I/O Counts --
 Read Syscall Count                   : 0
 Write Syscall Count                  : 0
 Block I/O Count                      : 0
 io_uring Completion Count            : 0

-- Total I/O Time (block device) --
 Total Block I/O Time           : 0

-- Page Faults & Bytes --
 Page Fault Count               : 0
 Read Bytes                     : 0
 Write Bytes                    : 0
 Block Read Bytes               : 0
 Block Write Bytes              : 0
[===============================================]

[===============================================]
Result of node_idx 2 in node_object 0: Multiply (ND)

-- Elapsed Time Analysis --
 Wall-clock Time                      : 4 us
 - Non I/O Handling Time (Estimated)  : 4 us
 - I/O Handling Time                  : 0 us
        - Read Syscall                : 0 us
        - Write Syscall               : 0 us
        - Page Fault                  : 0 us
        - io_uring                    : 0 us

-- I/O Counts --
 Read Syscall Count                   : 0
 Write Syscall Count                  : 0
 Block I/O Count                      : 0
 io_uring Completion Count            : 0

-- Total I/O Time (block device) --
 Total Block I/O Time           : 0

-- Page Faults & Bytes --
 Page Fault Count               : 0
 Read Bytes                     : 0
 Write Bytes                    : 0
 Block Read Bytes               : 0
 Block Write Bytes              : 0
[===============================================]

[===============================================]
Result of node_idx 3 in node_object 0: Add (ND)

-- Elapsed Time Analysis --
 Wall-clock Time                      : 3 us
 - Non I/O Handling Time (Estimated)  : 3 us
 - I/O Handling Time                  : 0 us
        - Read Syscall                : 0 us
        - Write Syscall               : 0 us
        - Page Fault                  : 0 us
        - io_uring                    : 0 us

-- I/O Counts --
 Read Syscall Count                   : 0
 Write Syscall Count                  : 0
 Block I/O Count                      : 0
 io_uring Completion Count            : 0

-- Total I/O Time (block device) --
 Total Block I/O Time           : 0

-- Page Faults & Bytes --
 Page Fault Count               : 0
 Read Bytes                     : 0
 Write Bytes                    : 0
 Block Read Bytes               : 0
 Block Write Bytes              : 0
[===============================================]

[===============================================]
Result of node_idx 4 in node_object 0: Static Reshape (NC)

-- Elapsed Time Analysis --
 Wall-clock Time                      : 2 us
 - Non I/O Handling Time (Estimated)  : 2 us
 - I/O Handling Time                  : 0 us
        - Read Syscall                : 0 us
        - Write Syscall               : 0 us
        - Page Fault                  : 0 us
        - io_uring                    : 0 us

-- I/O Counts --
 Read Syscall Count                   : 0
 Write Syscall Count                  : 0
 Block I/O Count                      : 0
 io_uring Completion Count            : 0

-- Total I/O Time (block device) --
 Total Block I/O Time           : 0

-- Page Faults & Bytes --
 Page Fault Count               : 0
 Read Bytes                     : 0
 Write Bytes                    : 0
 Block Read Bytes               : 0
 Block Write Bytes              : 0
[===============================================]

[===============================================]
Result of node_idx 5 in node_object 0: Reciprocal Square Root (NC)

-- Elapsed Time Analysis --
 Wall-clock Time                      : 3 us
 - Non I/O Handling Time (Estimated)  : 3 us
 - I/O Handling Time                  : 0 us
        - Read Syscall                : 0 us
        - Write Syscall               : 0 us
        - Page Fault                  : 0 us
        - io_uring                    : 0 us

-- I/O Counts --
 Read Syscall Count                   : 0
 Write Syscall Count                  : 0
 Block I/O Count                      : 0
 io_uring Completion Count            : 0

-- Total I/O Time (block device) --
 Total Block I/O Time           : 0

-- Page Faults & Bytes --
 Page Fault Count               : 0
 Read Bytes                     : 0
 Write Bytes                    : 0
 Block Read Bytes               : 0
 Block Write Bytes              : 0
[===============================================]

[===============================================]
Result of node_idx 6 in node_object 0: Multiply (ND)

-- Elapsed Time Analysis --
 Wall-clock Time                      : 89 us
 - Non I/O Handling Time (Estimated)  : 89 us
 - I/O Handling Time                  : 0 us
        - Read Syscall                : 0 us
        - Write Syscall               : 0 us
        - Page Fault                  : 0 us
        - io_uring                    : 0 us

-- I/O Counts --
 Read Syscall Count                   : 0
 Write Syscall Count                  : 0
 Block I/O Count                      : 0
 io_uring Completion Count            : 0

-- Total I/O Time (block device) --
 Total Block I/O Time           : 0

-- Page Faults & Bytes --
 Page Fault Count               : 0
 Read Bytes                     : 0
 Write Bytes                    : 0
 Block Read Bytes               : 0
 Block Write Bytes              : 0
[===============================================]

[===============================================]
Result of node_idx 7 in node_object 0: Multiply (ND)

-- Elapsed Time Analysis --
 Wall-clock Time                      : 18 us
 - Non I/O Handling Time (Estimated)  : 18 us
 - I/O Handling Time                  : 0 us
        - Read Syscall                : 0 us
        - Write Syscall               : 0 us
        - Page Fault                  : 0 us
        - io_uring                    : 0 us

-- I/O Counts --
 Read Syscall Count                   : 0
 Write Syscall Count                  : 0
 Block I/O Count                      : 0
 io_uring Completion Count            : 0

-- Total I/O Time (block device) --
 Total Block I/O Time           : 0

-- Page Faults & Bytes --
 Page Fault Count               : 0
 Read Bytes                     : 0
 Write Bytes                    : 0
 Block Read Bytes               : 0
 Block Write Bytes              : 0
[===============================================]

[===============================================]
Result of node_idx 0 in node_object 0: Fully Connected (NC, QDU8, F32, QC8W)

-- Elapsed Time Analysis --
 Wall-clock Time                      : 852 us
 - Non I/O Handling Time (Estimated)  : 121 us
 - I/O Handling Time                  : 731 us
        - Read Syscall                : 0 us
        - Write Syscall               : 0 us
        - Page Fault                  : 731 us
        - io_uring                    : 0 us

-- I/O Counts --
 Read Syscall Count                   : 0
 Write Syscall Count                  : 0
 Block I/O Count                      : 4
 io_uring Completion Count            : 0

-- Total I/O Time (block device) --
 Total Block I/O Time           : 1262

-- Page Faults & Bytes --
 Page Fault Count               : 6
 Read Bytes                     : 0
 Write Bytes                    : 0
 Block Read Bytes               : 86016
 Block Write Bytes              : 0
[===============================================]

[===============================================]
Result of node_idx 1 in node_object 0: Sigmoid (NC)

-- Elapsed Time Analysis --
 Wall-clock Time                      : 96 us
 - Non I/O Handling Time (Estimated)  : 96 us
 - I/O Handling Time                  : 0 us
        - Read Syscall                : 0 us
        - Write Syscall               : 0 us
        - Page Fault                  : 0 us
        - io_uring                    : 0 us

-- I/O Counts --
 Read Syscall Count                   : 0
 Write Syscall Count                  : 0
 Block I/O Count                      : 0
 io_uring Completion Count            : 0

-- Total I/O Time (block device) --
 Total Block I/O Time           : 0

-- Page Faults & Bytes --
 Page Fault Count               : 0
 Read Bytes                     : 0
 Write Bytes                    : 0
 Block Read Bytes               : 0
 Block Write Bytes              : 0
[===============================================]

[===============================================]
Result of node_idx 2 in node_object 0: Multiply (ND)

-- Elapsed Time Analysis --
 Wall-clock Time                      : 105 us
 - Non I/O Handling Time (Estimated)  : 105 us
 - I/O Handling Time                  : 0 us
        - Read Syscall                : 0 us
        - Write Syscall               : 0 us
        - Page Fault                  : 0 us
        - io_uring                    : 0 us

-- I/O Counts --
 Read Syscall Count                   : 0
 Write Syscall Count                  : 0
 Block I/O Count                      : 0
 io_uring Completion Count            : 0

-- Total I/O Time (block device) --
 Total Block I/O Time           : 0

-- Page Faults & Bytes --
 Page Fault Count               : 0
 Read Bytes                     : 0
 Write Bytes                    : 0
 Block Read Bytes               : 0
 Block Write Bytes              : 0
[===============================================]

[===============================================]
Result of node_idx 3 in node_object 0: Fully Connected (NC, QDU8, F32, QC8W)

-- Elapsed Time Analysis --
 Wall-clock Time                      : 1378 us
 - Non I/O Handling Time (Estimated)  : 218 us
 - I/O Handling Time                  : 1160 us
        - Read Syscall                : 0 us
        - Write Syscall               : 0 us
        - Page Fault                  : 1160 us
        - io_uring                    : 0 us

-- I/O Counts --
 Read Syscall Count                   : 0
 Write Syscall Count                  : 0
 Block I/O Count                      : 1
 io_uring Completion Count            : 0

-- Total I/O Time (block device) --
 Total Block I/O Time           : 0

-- Page Faults & Bytes --
 Page Fault Count               : 10
 Read Bytes                     : 0
 Write Bytes                    : 0
 Block Read Bytes               : 0
 Block Write Bytes              : 0
[===============================================]

[===============================================]
Result of node_idx 4 in node_object 0: Multiply (ND)

-- Elapsed Time Analysis --
 Wall-clock Time                      : 113 us
 - Non I/O Handling Time (Estimated)  : 113 us
 - I/O Handling Time                  : 0 us
        - Read Syscall                : 0 us
        - Write Syscall               : 0 us
        - Page Fault                  : 0 us
        - io_uring                    : 0 us

-- I/O Counts --
 Read Syscall Count                   : 0
 Write Syscall Count                  : 0
 Block I/O Count                      : 0
 io_uring Completion Count            : 0

-- Total I/O Time (block device) --
 Total Block I/O Time           : 0

-- Page Faults & Bytes --
 Page Fault Count               : 0
 Read Bytes                     : 0
 Write Bytes                    : 0
 Block Read Bytes               : 0
 Block Write Bytes              : 0
[===============================================]

[===============================================]
Result of node_idx 5 in node_object 0: Fully Connected (NC, QDU8, F32, QC8W)

-- Elapsed Time Analysis --
 Wall-clock Time                      : 1089 us
 - Non I/O Handling Time (Estimated)  : 205 us
 - I/O Handling Time                  : 884 us
        - Read Syscall                : 0 us
        - Write Syscall               : 0 us
        - Page Fault                  : 884 us
        - io_uring                    : 0 us

-- I/O Counts --
 Read Syscall Count                   : 0
 Write Syscall Count                  : 0
 Block I/O Count                      : 2
 io_uring Completion Count            : 0

-- Total I/O Time (block device) --
 Total Block I/O Time           : 1816

-- Page Faults & Bytes --
 Page Fault Count               : 4
 Read Bytes                     : 0
 Write Bytes                    : 0
 Block Read Bytes               : 225280
 Block Write Bytes              : 0
[===============================================]

[===============================================]
Result of node_idx 6 in node_object 0: Add (ND)

-- Elapsed Time Analysis --
 Wall-clock Time                      : 27 us
 - Non I/O Handling Time (Estimated)  : 27 us
 - I/O Handling Time                  : 0 us
        - Read Syscall                : 0 us
        - Write Syscall               : 0 us
        - Page Fault                  : 0 us
        - io_uring                    : 0 us

-- I/O Counts --
 Read Syscall Count                   : 0
 Write Syscall Count                  : 0
 Block I/O Count                      : 0
 io_uring Completion Count            : 0

-- Total I/O Time (block device) --
 Total Block I/O Time           : 0

-- Page Faults & Bytes --
 Page Fault Count               : 0
 Read Bytes                     : 0
 Write Bytes                    : 0
 Block Read Bytes               : 0
 Block Write Bytes              : 0
[===============================================]

[===============================================]
Result of node_idx 0 in node_object 0: Multiply (ND)

-- Elapsed Time Analysis --
 Wall-clock Time                      : 100 us
 - Non I/O Handling Time (Estimated)  : 100 us
 - I/O Handling Time                  : 0 us
        - Read Syscall                : 0 us
        - Write Syscall               : 0 us
        - Page Fault                  : 0 us
        - io_uring                    : 0 us

-- I/O Counts --
 Read Syscall Count                   : 0
 Write Syscall Count                  : 0
 Block I/O Count                      : 0
 io_uring Completion Count            : 0

-- Total I/O Time (block device) --
 Total Block I/O Time           : 0

-- Page Faults & Bytes --
 Page Fault Count               : 0
 Read Bytes                     : 0
 Write Bytes                    : 0
 Block Read Bytes               : 0
 Block Write Bytes              : 0
[===============================================]

[===============================================]
Result of node_idx 1 in node_object 0: Sum (ND)

-- Elapsed Time Analysis --
 Wall-clock Time                      : 115 us
 - Non I/O Handling Time (Estimated)  : 115 us
 - I/O Handling Time                  : 0 us
        - Read Syscall                : 0 us
        - Write Syscall               : 0 us
        - Page Fault                  : 0 us
        - io_uring                    : 0 us

-- I/O Counts --
 Read Syscall Count                   : 0
 Write Syscall Count                  : 0
 Block I/O Count                      : 0
 io_uring Completion Count            : 0

-- Total I/O Time (block device) --
 Total Block I/O Time           : 0

-- Page Faults & Bytes --
 Page Fault Count               : 0
 Read Bytes                     : 0
 Write Bytes                    : 0
 Block Read Bytes               : 0
 Block Write Bytes              : 0
[===============================================]

[===============================================]
Result of node_idx 2 in node_object 0: Multiply (ND)

-- Elapsed Time Analysis --
 Wall-clock Time                      : 3 us
 - Non I/O Handling Time (Estimated)  : 3 us
 - I/O Handling Time                  : 0 us
        - Read Syscall                : 0 us
        - Write Syscall               : 0 us
        - Page Fault                  : 0 us
        - io_uring                    : 0 us

-- I/O Counts --
 Read Syscall Count                   : 0
 Write Syscall Count                  : 0
 Block I/O Count                      : 0
 io_uring Completion Count            : 0

-- Total I/O Time (block device) --
 Total Block I/O Time           : 0

-- Page Faults & Bytes --
 Page Fault Count               : 0
 Read Bytes                     : 0
 Write Bytes                    : 0
 Block Read Bytes               : 0
 Block Write Bytes              : 0
[===============================================]

[===============================================]
Result of node_idx 3 in node_object 0: Add (ND)

-- Elapsed Time Analysis --
 Wall-clock Time                      : 3 us
 - Non I/O Handling Time (Estimated)  : 3 us
 - I/O Handling Time                  : 0 us
        - Read Syscall                : 0 us
        - Write Syscall               : 0 us
        - Page Fault                  : 0 us
        - io_uring                    : 0 us

-- I/O Counts --
 Read Syscall Count                   : 0
 Write Syscall Count                  : 0
 Block I/O Count                      : 0
 io_uring Completion Count            : 0

-- Total I/O Time (block device) --
 Total Block I/O Time           : 0

-- Page Faults & Bytes --
 Page Fault Count               : 0
 Read Bytes                     : 0
 Write Bytes                    : 0
 Block Read Bytes               : 0
 Block Write Bytes              : 0
[===============================================]

[===============================================]
Result of node_idx 4 in node_object 0: Static Reshape (NC)

-- Elapsed Time Analysis --
 Wall-clock Time                      : 2 us
 - Non I/O Handling Time (Estimated)  : 2 us
 - I/O Handling Time                  : 0 us
        - Read Syscall                : 0 us
        - Write Syscall               : 0 us
        - Page Fault                  : 0 us
        - io_uring                    : 0 us

-- I/O Counts --
 Read Syscall Count                   : 0
 Write Syscall Count                  : 0
 Block I/O Count                      : 0
 io_uring Completion Count            : 0

-- Total I/O Time (block device) --
 Total Block I/O Time           : 0

-- Page Faults & Bytes --
 Page Fault Count               : 0
 Read Bytes                     : 0
 Write Bytes                    : 0
 Block Read Bytes               : 0
 Block Write Bytes              : 0
[===============================================]

[===============================================]
Result of node_idx 5 in node_object 0: Reciprocal Square Root (NC)

-- Elapsed Time Analysis --
 Wall-clock Time                      : 3 us
 - Non I/O Handling Time (Estimated)  : 3 us
 - I/O Handling Time                  : 0 us
        - Read Syscall                : 0 us
        - Write Syscall               : 0 us
        - Page Fault                  : 0 us
        - io_uring                    : 0 us

-- I/O Counts --
 Read Syscall Count                   : 0
 Write Syscall Count                  : 0
 Block I/O Count                      : 0
 io_uring Completion Count            : 0

-- Total I/O Time (block device) --
 Total Block I/O Time           : 0

-- Page Faults & Bytes --
 Page Fault Count               : 0
 Read Bytes                     : 0
 Write Bytes                    : 0
 Block Read Bytes               : 0
 Block Write Bytes              : 0
[===============================================]

[===============================================]
Result of node_idx 6 in node_object 0: Multiply (ND)

-- Elapsed Time Analysis --
 Wall-clock Time                      : 92 us
 - Non I/O Handling Time (Estimated)  : 92 us
 - I/O Handling Time                  : 0 us
        - Read Syscall                : 0 us
        - Write Syscall               : 0 us
        - Page Fault                  : 0 us
        - io_uring                    : 0 us

-- I/O Counts --
 Read Syscall Count                   : 0
 Write Syscall Count                  : 0
 Block I/O Count                      : 0
 io_uring Completion Count            : 0

-- Total I/O Time (block device) --
 Total Block I/O Time           : 0

-- Page Faults & Bytes --
 Page Fault Count               : 0
 Read Bytes                     : 0
 Write Bytes                    : 0
 Block Read Bytes               : 0
 Block Write Bytes              : 0
[===============================================]

[===============================================]
Result of node_idx 7 in node_object 0: Multiply (ND)

-- Elapsed Time Analysis --
 Wall-clock Time                      : 18 us
 - Non I/O Handling Time (Estimated)  : 18 us
 - I/O Handling Time                  : 0 us
        - Read Syscall                : 0 us
        - Write Syscall               : 0 us
        - Page Fault                  : 0 us
        - io_uring                    : 0 us

-- I/O Counts --
 Read Syscall Count                   : 0
 Write Syscall Count                  : 0
 Block I/O Count                      : 0
 io_uring Completion Count            : 0

-- Total I/O Time (block device) --
 Total Block I/O Time           : 0

-- Page Faults & Bytes --
 Page Fault Count               : 0
 Read Bytes                     : 0
 Write Bytes                    : 0
 Block Read Bytes               : 0
 Block Write Bytes              : 0
[===============================================]

[===============================================]
Result of node_idx 0 in node_object 0: Fully Connected (NC, QDU8, F32, QC8W)

-- Elapsed Time Analysis --
 Wall-clock Time                      : 726 us
 - Non I/O Handling Time (Estimated)  : 142 us
 - I/O Handling Time                  : 584 us
        - Read Syscall                : 0 us
        - Write Syscall               : 0 us
        - Page Fault                  : 584 us
        - io_uring                    : 0 us

-- I/O Counts --
 Read Syscall Count                   : 0
 Write Syscall Count                  : 0
 Block I/O Count                      : 2
 io_uring Completion Count            : 0

-- Total I/O Time (block device) --
 Total Block I/O Time           : 500

-- Page Faults & Bytes --
 Page Fault Count               : 7
 Read Bytes                     : 0
 Write Bytes                    : 0
 Block Read Bytes               : 102400
 Block Write Bytes              : 0
[===============================================]

[===============================================]
Result of node_idx 1 in node_object 0: Static Reshape (NC)

-- Elapsed Time Analysis --
 Wall-clock Time                      : 16 us
 - Non I/O Handling Time (Estimated)  : 16 us
 - I/O Handling Time                  : 0 us
        - Read Syscall                : 0 us
        - Write Syscall               : 0 us
        - Page Fault                  : 0 us
        - io_uring                    : 0 us

-- I/O Counts --
 Read Syscall Count                   : 0
 Write Syscall Count                  : 0
 Block I/O Count                      : 0
 io_uring Completion Count            : 0

-- Total I/O Time (block device) --
 Total Block I/O Time           : 0

-- Page Faults & Bytes --
 Page Fault Count               : 0
 Read Bytes                     : 0
 Write Bytes                    : 0
 Block Read Bytes               : 0
 Block Write Bytes              : 0
[===============================================]

[===============================================]
Result of node_idx 2 in node_object 0: Slice (ND, X32)

-- Elapsed Time Analysis --
 Wall-clock Time                      : 8 us
 - Non I/O Handling Time (Estimated)  : 8 us
 - I/O Handling Time                  : 0 us
        - Read Syscall                : 0 us
        - Write Syscall               : 0 us
        - Page Fault                  : 0 us
        - io_uring                    : 0 us

-- I/O Counts --
 Read Syscall Count                   : 0
 Write Syscall Count                  : 0
 Block I/O Count                      : 0
 io_uring Completion Count            : 0

-- Total I/O Time (block device) --
 Total Block I/O Time           : 0

-- Page Faults & Bytes --
 Page Fault Count               : 0
 Read Bytes                     : 0
 Write Bytes                    : 0
 Block Read Bytes               : 0
 Block Write Bytes              : 0
[===============================================]

[===============================================]
Result of node_idx 3 in node_object 0: Slice (ND, X32)

-- Elapsed Time Analysis --
 Wall-clock Time                      : 7 us
 - Non I/O Handling Time (Estimated)  : 7 us
 - I/O Handling Time                  : 0 us
        - Read Syscall                : 0 us
        - Write Syscall               : 0 us
        - Page Fault                  : 0 us
        - io_uring                    : 0 us

-- I/O Counts --
 Read Syscall Count                   : 0
 Write Syscall Count                  : 0
 Block I/O Count                      : 0
 io_uring Completion Count            : 0

-- Total I/O Time (block device) --
 Total Block I/O Time           : 0

-- Page Faults & Bytes --
 Page Fault Count               : 0
 Read Bytes                     : 0
 Write Bytes                    : 0
 Block Read Bytes               : 0
 Block Write Bytes              : 0
[===============================================]

[===============================================]
Result of node_idx 4 in node_object 0: Slice (ND, X32)

-- Elapsed Time Analysis --
 Wall-clock Time                      : 7 us
 - Non I/O Handling Time (Estimated)  : 7 us
 - I/O Handling Time                  : 0 us
        - Read Syscall                : 0 us
        - Write Syscall               : 0 us
        - Page Fault                  : 0 us
        - io_uring                    : 0 us

-- I/O Counts --
 Read Syscall Count                   : 0
 Write Syscall Count                  : 0
 Block I/O Count                      : 0
 io_uring Completion Count            : 0

-- Total I/O Time (block device) --
 Total Block I/O Time           : 0

-- Page Faults & Bytes --
 Page Fault Count               : 0
 Read Bytes                     : 0
 Write Bytes                    : 0
 Block Read Bytes               : 0
 Block Write Bytes              : 0
[===============================================]

[===============================================]
Result of node_idx 5 in node_object 0: Static Reshape (NC)

-- Elapsed Time Analysis --
 Wall-clock Time                      : 3 us
 - Non I/O Handling Time (Estimated)  : 3 us
 - I/O Handling Time                  : 0 us
        - Read Syscall                : 0 us
        - Write Syscall               : 0 us
        - Page Fault                  : 0 us
        - io_uring                    : 0 us

-- I/O Counts --
 Read Syscall Count                   : 0
 Write Syscall Count                  : 0
 Block I/O Count                      : 0
 io_uring Completion Count            : 0

-- Total I/O Time (block device) --
 Total Block I/O Time           : 0

-- Page Faults & Bytes --
 Page Fault Count               : 0
 Read Bytes                     : 0
 Write Bytes                    : 0
 Block Read Bytes               : 0
 Block Write Bytes              : 0
[===============================================]

[===============================================]
Result of node_idx 6 in node_object 0: Transpose (ND, X32)

-- Elapsed Time Analysis --
 Wall-clock Time                      : 5 us
 - Non I/O Handling Time (Estimated)  : 5 us
 - I/O Handling Time                  : 0 us
        - Read Syscall                : 0 us
        - Write Syscall               : 0 us
        - Page Fault                  : 0 us
        - io_uring                    : 0 us

-- I/O Counts --
 Read Syscall Count                   : 0
 Write Syscall Count                  : 0
 Block I/O Count                      : 0
 io_uring Completion Count            : 0

-- Total I/O Time (block device) --
 Total Block I/O Time           : 0

-- Page Faults & Bytes --
 Page Fault Count               : 0
 Read Bytes                     : 0
 Write Bytes                    : 0
 Block Read Bytes               : 0
 Block Write Bytes              : 0
[===============================================]

[===============================================]
Result of node_idx 7 in node_object 0: Slice (ND, X32)

-- Elapsed Time Analysis --
 Wall-clock Time                      : 9 us
 - Non I/O Handling Time (Estimated)  : 9 us
 - I/O Handling Time                  : 0 us
        - Read Syscall                : 0 us
        - Write Syscall               : 0 us
        - Page Fault                  : 0 us
        - io_uring                    : 0 us

-- I/O Counts --
 Read Syscall Count                   : 0
 Write Syscall Count                  : 0
 Block I/O Count                      : 0
 io_uring Completion Count            : 0

-- Total I/O Time (block device) --
 Total Block I/O Time           : 0

-- Page Faults & Bytes --
 Page Fault Count               : 0
 Read Bytes                     : 0
 Write Bytes                    : 0
 Block Read Bytes               : 0
 Block Write Bytes              : 0
[===============================================]

[===============================================]
Result of node_idx 8 in node_object 0: Slice (ND, X32)

-- Elapsed Time Analysis --
 Wall-clock Time                      : 8 us
 - Non I/O Handling Time (Estimated)  : 8 us
 - I/O Handling Time                  : 0 us
        - Read Syscall                : 0 us
        - Write Syscall               : 0 us
        - Page Fault                  : 0 us
        - io_uring                    : 0 us

-- I/O Counts --
 Read Syscall Count                   : 0
 Write Syscall Count                  : 0
 Block I/O Count                      : 0
 io_uring Completion Count            : 0

-- Total I/O Time (block device) --
 Total Block I/O Time           : 0

-- Page Faults & Bytes --
 Page Fault Count               : 0
 Read Bytes                     : 0
 Write Bytes                    : 0
 Block Read Bytes               : 0
 Block Write Bytes              : 0
[===============================================]

[===============================================]
Result of node_idx 9 in node_object 0: Multiply (ND)

-- Elapsed Time Analysis --
 Wall-clock Time                      : 5 us
 - Non I/O Handling Time (Estimated)  : 5 us
 - I/O Handling Time                  : 0 us
        - Read Syscall                : 0 us
        - Write Syscall               : 0 us
        - Page Fault                  : 0 us
        - io_uring                    : 0 us

-- I/O Counts --
 Read Syscall Count                   : 0
 Write Syscall Count                  : 0
 Block I/O Count                      : 0
 io_uring Completion Count            : 0

-- Total I/O Time (block device) --
 Total Block I/O Time           : 0

-- Page Faults & Bytes --
 Page Fault Count               : 0
 Read Bytes                     : 0
 Write Bytes                    : 0
 Block Read Bytes               : 0
 Block Write Bytes              : 0
[===============================================]

[===============================================]
Result of node_idx 10 in node_object 0: Multiply (ND)

-- Elapsed Time Analysis --
 Wall-clock Time                      : 6 us
 - Non I/O Handling Time (Estimated)  : 6 us
 - I/O Handling Time                  : 0 us
        - Read Syscall                : 0 us
        - Write Syscall               : 0 us
        - Page Fault                  : 0 us
        - io_uring                    : 0 us

-- I/O Counts --
 Read Syscall Count                   : 0
 Write Syscall Count                  : 0
 Block I/O Count                      : 0
 io_uring Completion Count            : 0

-- Total I/O Time (block device) --
 Total Block I/O Time           : 0

-- Page Faults & Bytes --
 Page Fault Count               : 0
 Read Bytes                     : 0
 Write Bytes                    : 0
 Block Read Bytes               : 0
 Block Write Bytes              : 0
[===============================================]

[===============================================]
Result of node_idx 11 in node_object 0: Subtract (ND)

-- Elapsed Time Analysis --
 Wall-clock Time                      : 7 us
 - Non I/O Handling Time (Estimated)  : 7 us
 - I/O Handling Time                  : 0 us
        - Read Syscall                : 0 us
        - Write Syscall               : 0 us
        - Page Fault                  : 0 us
        - io_uring                    : 0 us

-- I/O Counts --
 Read Syscall Count                   : 0
 Write Syscall Count                  : 0
 Block I/O Count                      : 0
 io_uring Completion Count            : 0

-- Total I/O Time (block device) --
 Total Block I/O Time           : 0

-- Page Faults & Bytes --
 Page Fault Count               : 0
 Read Bytes                     : 0
 Write Bytes                    : 0
 Block Read Bytes               : 0
 Block Write Bytes              : 0
[===============================================]

[===============================================]
Result of node_idx 12 in node_object 0: Multiply (ND)

-- Elapsed Time Analysis --
 Wall-clock Time                      : 5 us
 - Non I/O Handling Time (Estimated)  : 5 us
 - I/O Handling Time                  : 0 us
        - Read Syscall                : 0 us
        - Write Syscall               : 0 us
        - Page Fault                  : 0 us
        - io_uring                    : 0 us

-- I/O Counts --
 Read Syscall Count                   : 0
 Write Syscall Count                  : 0
 Block I/O Count                      : 0
 io_uring Completion Count            : 0

-- Total I/O Time (block device) --
 Total Block I/O Time           : 0

-- Page Faults & Bytes --
 Page Fault Count               : 0
 Read Bytes                     : 0
 Write Bytes                    : 0
 Block Read Bytes               : 0
 Block Write Bytes              : 0
[===============================================]

[===============================================]
Result of node_idx 13 in node_object 0: Multiply (ND)

-- Elapsed Time Analysis --
 Wall-clock Time                      : 6 us
 - Non I/O Handling Time (Estimated)  : 6 us
 - I/O Handling Time                  : 0 us
        - Read Syscall                : 0 us
        - Write Syscall               : 0 us
        - Page Fault                  : 0 us
        - io_uring                    : 0 us

-- I/O Counts --
 Read Syscall Count                   : 0
 Write Syscall Count                  : 0
 Block I/O Count                      : 0
 io_uring Completion Count            : 0

-- Total I/O Time (block device) --
 Total Block I/O Time           : 0

-- Page Faults & Bytes --
 Page Fault Count               : 0
 Read Bytes                     : 0
 Write Bytes                    : 0
 Block Read Bytes               : 0
 Block Write Bytes              : 0
[===============================================]

[===============================================]
Result of node_idx 14 in node_object 0: Add (ND)

-- Elapsed Time Analysis --
 Wall-clock Time                      : 17 us
 - Non I/O Handling Time (Estimated)  : 17 us
 - I/O Handling Time                  : 0 us
        - Read Syscall                : 0 us
        - Write Syscall               : 0 us
        - Page Fault                  : 0 us
        - io_uring                    : 0 us

-- I/O Counts --
 Read Syscall Count                   : 0
 Write Syscall Count                  : 0
 Block I/O Count                      : 0
 io_uring Completion Count            : 0

-- Total I/O Time (block device) --
 Total Block I/O Time           : 0

-- Page Faults & Bytes --
 Page Fault Count               : 0
 Read Bytes                     : 0
 Write Bytes                    : 0
 Block Read Bytes               : 0
 Block Write Bytes              : 0
[===============================================]

[===============================================]
Result of node_idx 15 in node_object 0: Copy (NC, X32)

-- Elapsed Time Analysis --
 Wall-clock Time                      : 6 us
 - Non I/O Handling Time (Estimated)  : 6 us
 - I/O Handling Time                  : 0 us
        - Read Syscall                : 0 us
        - Write Syscall               : 0 us
        - Page Fault                  : 0 us
        - io_uring                    : 0 us

-- I/O Counts --
 Read Syscall Count                   : 0
 Write Syscall Count                  : 0
 Block I/O Count                      : 0
 io_uring Completion Count            : 0

-- Total I/O Time (block device) --
 Total Block I/O Time           : 0

-- Page Faults & Bytes --
 Page Fault Count               : 0
 Read Bytes                     : 0
 Write Bytes                    : 0
 Block Read Bytes               : 0
 Block Write Bytes              : 0
[===============================================]

[===============================================]
Result of node_idx 15 in node_object 1: Copy (NC, X32)

-- Elapsed Time Analysis --
 Wall-clock Time                      : 5 us
 - Non I/O Handling Time (Estimated)  : 5 us
 - I/O Handling Time                  : 0 us
        - Read Syscall                : 0 us
        - Write Syscall               : 0 us
        - Page Fault                  : 0 us
        - io_uring                    : 0 us

-- I/O Counts --
 Read Syscall Count                   : 0
 Write Syscall Count                  : 0
 Block I/O Count                      : 0
 io_uring Completion Count            : 0

-- Total I/O Time (block device) --
 Total Block I/O Time           : 0

-- Page Faults & Bytes --
 Page Fault Count               : 0
 Read Bytes                     : 0
 Write Bytes                    : 0
 Block Read Bytes               : 0
 Block Write Bytes              : 0
[===============================================]

[===============================================]
Result of node_idx 16 in node_object 0: Transpose (ND, X32)

-- Elapsed Time Analysis --
 Wall-clock Time                      : 5 us
 - Non I/O Handling Time (Estimated)  : 5 us
 - I/O Handling Time                  : 0 us
        - Read Syscall                : 0 us
        - Write Syscall               : 0 us
        - Page Fault                  : 0 us
        - io_uring                    : 0 us

-- I/O Counts --
 Read Syscall Count                   : 0
 Write Syscall Count                  : 0
 Block I/O Count                      : 0
 io_uring Completion Count            : 0

-- Total I/O Time (block device) --
 Total Block I/O Time           : 0

-- Page Faults & Bytes --
 Page Fault Count               : 0
 Read Bytes                     : 0
 Write Bytes                    : 0
 Block Read Bytes               : 0
 Block Write Bytes              : 0
[===============================================]

[===============================================]
Result of node_idx 17 in node_object 0: Transpose (ND, X32)

-- Elapsed Time Analysis --
 Wall-clock Time                      : 4 us
 - Non I/O Handling Time (Estimated)  : 4 us
 - I/O Handling Time                  : 0 us
        - Read Syscall                : 0 us
        - Write Syscall               : 0 us
        - Page Fault                  : 0 us
        - io_uring                    : 0 us

-- I/O Counts --
 Read Syscall Count                   : 0
 Write Syscall Count                  : 0
 Block I/O Count                      : 0
 io_uring Completion Count            : 0

-- Total I/O Time (block device) --
 Total Block I/O Time           : 0

-- Page Faults & Bytes --
 Page Fault Count               : 0
 Read Bytes                     : 0
 Write Bytes                    : 0
 Block Read Bytes               : 0
 Block Write Bytes              : 0
[===============================================]

[===============================================]
Result of node_idx 18 in node_object 0: Slice (ND, X32)

-- Elapsed Time Analysis --
 Wall-clock Time                      : 7 us
 - Non I/O Handling Time (Estimated)  : 7 us
 - I/O Handling Time                  : 0 us
        - Read Syscall                : 0 us
        - Write Syscall               : 0 us
        - Page Fault                  : 0 us
        - io_uring                    : 0 us

-- I/O Counts --
 Read Syscall Count                   : 0
 Write Syscall Count                  : 0
 Block I/O Count                      : 0
 io_uring Completion Count            : 0

-- Total I/O Time (block device) --
 Total Block I/O Time           : 0

-- Page Faults & Bytes --
 Page Fault Count               : 0
 Read Bytes                     : 0
 Write Bytes                    : 0
 Block Read Bytes               : 0
 Block Write Bytes              : 0
[===============================================]

[===============================================]
Result of node_idx 19 in node_object 0: Slice (ND, X32)

-- Elapsed Time Analysis --
 Wall-clock Time                      : 7 us
 - Non I/O Handling Time (Estimated)  : 7 us
 - I/O Handling Time                  : 0 us
        - Read Syscall                : 0 us
        - Write Syscall               : 0 us
        - Page Fault                  : 0 us
        - io_uring                    : 0 us

-- I/O Counts --
 Read Syscall Count                   : 0
 Write Syscall Count                  : 0
 Block I/O Count                      : 0
 io_uring Completion Count            : 0

-- Total I/O Time (block device) --
 Total Block I/O Time           : 0

-- Page Faults & Bytes --
 Page Fault Count               : 0
 Read Bytes                     : 0
 Write Bytes                    : 0
 Block Read Bytes               : 0
 Block Write Bytes              : 0
[===============================================]

[===============================================]
Result of node_idx 20 in node_object 0: Multiply (ND)

-- Elapsed Time Analysis --
 Wall-clock Time                      : 6 us
 - Non I/O Handling Time (Estimated)  : 6 us
 - I/O Handling Time                  : 0 us
        - Read Syscall                : 0 us
        - Write Syscall               : 0 us
        - Page Fault                  : 0 us
        - io_uring                    : 0 us

-- I/O Counts --
 Read Syscall Count                   : 0
 Write Syscall Count                  : 0
 Block I/O Count                      : 0
 io_uring Completion Count            : 0

-- Total I/O Time (block device) --
 Total Block I/O Time           : 0

-- Page Faults & Bytes --
 Page Fault Count               : 0
 Read Bytes                     : 0
 Write Bytes                    : 0
 Block Read Bytes               : 0
 Block Write Bytes              : 0
[===============================================]

[===============================================]
Result of node_idx 21 in node_object 0: Multiply (ND)

-- Elapsed Time Analysis --
 Wall-clock Time                      : 5 us
 - Non I/O Handling Time (Estimated)  : 5 us
 - I/O Handling Time                  : 0 us
        - Read Syscall                : 0 us
        - Write Syscall               : 0 us
        - Page Fault                  : 0 us
        - io_uring                    : 0 us

-- I/O Counts --
 Read Syscall Count                   : 0
 Write Syscall Count                  : 0
 Block I/O Count                      : 0
 io_uring Completion Count            : 0

-- Total I/O Time (block device) --
 Total Block I/O Time           : 0

-- Page Faults & Bytes --
 Page Fault Count               : 0
 Read Bytes                     : 0
 Write Bytes                    : 0
 Block Read Bytes               : 0
 Block Write Bytes              : 0
[===============================================]

[===============================================]
Result of node_idx 22 in node_object 0: Subtract (ND)

-- Elapsed Time Analysis --
 Wall-clock Time                      : 6 us
 - Non I/O Handling Time (Estimated)  : 6 us
 - I/O Handling Time                  : 0 us
        - Read Syscall                : 0 us
        - Write Syscall               : 0 us
        - Page Fault                  : 0 us
        - io_uring                    : 0 us

-- I/O Counts --
 Read Syscall Count                   : 0
 Write Syscall Count                  : 0
 Block I/O Count                      : 0
 io_uring Completion Count            : 0

-- Total I/O Time (block device) --
 Total Block I/O Time           : 0

-- Page Faults & Bytes --
 Page Fault Count               : 0
 Read Bytes                     : 0
 Write Bytes                    : 0
 Block Read Bytes               : 0
 Block Write Bytes              : 0
[===============================================]

[===============================================]
Result of node_idx 23 in node_object 0: Multiply (ND)

-- Elapsed Time Analysis --
 Wall-clock Time                      : 5 us
 - Non I/O Handling Time (Estimated)  : 5 us
 - I/O Handling Time                  : 0 us
        - Read Syscall                : 0 us
        - Write Syscall               : 0 us
        - Page Fault                  : 0 us
        - io_uring                    : 0 us

-- I/O Counts --
 Read Syscall Count                   : 0
 Write Syscall Count                  : 0
 Block I/O Count                      : 0
 io_uring Completion Count            : 0

-- Total I/O Time (block device) --
 Total Block I/O Time           : 0

-- Page Faults & Bytes --
 Page Fault Count               : 0
 Read Bytes                     : 0
 Write Bytes                    : 0
 Block Read Bytes               : 0
 Block Write Bytes              : 0
[===============================================]

[===============================================]
Result of node_idx 24 in node_object 0: Multiply (ND)

-- Elapsed Time Analysis --
 Wall-clock Time                      : 5 us
 - Non I/O Handling Time (Estimated)  : 5 us
 - I/O Handling Time                  : 0 us
        - Read Syscall                : 0 us
        - Write Syscall               : 0 us
        - Page Fault                  : 0 us
        - io_uring                    : 0 us

-- I/O Counts --
 Read Syscall Count                   : 0
 Write Syscall Count                  : 0
 Block I/O Count                      : 0
 io_uring Completion Count            : 0

-- Total I/O Time (block device) --
 Total Block I/O Time           : 0

-- Page Faults & Bytes --
 Page Fault Count               : 0
 Read Bytes                     : 0
 Write Bytes                    : 0
 Block Read Bytes               : 0
 Block Write Bytes              : 0
[===============================================]

[===============================================]
Result of node_idx 25 in node_object 0: Add (ND)

-- Elapsed Time Analysis --
 Wall-clock Time                      : 6 us
 - Non I/O Handling Time (Estimated)  : 6 us
 - I/O Handling Time                  : 0 us
        - Read Syscall                : 0 us
        - Write Syscall               : 0 us
        - Page Fault                  : 0 us
        - io_uring                    : 0 us

-- I/O Counts --
 Read Syscall Count                   : 0
 Write Syscall Count                  : 0
 Block I/O Count                      : 0
 io_uring Completion Count            : 0

-- Total I/O Time (block device) --
 Total Block I/O Time           : 0

-- Page Faults & Bytes --
 Page Fault Count               : 0
 Read Bytes                     : 0
 Write Bytes                    : 0
 Block Read Bytes               : 0
 Block Write Bytes              : 0
[===============================================]

[===============================================]
Result of node_idx 26 in node_object 0: Copy (NC, X32)

-- Elapsed Time Analysis --
 Wall-clock Time                      : 5 us
 - Non I/O Handling Time (Estimated)  : 5 us
 - I/O Handling Time                  : 0 us
        - Read Syscall                : 0 us
        - Write Syscall               : 0 us
        - Page Fault                  : 0 us
        - io_uring                    : 0 us

-- I/O Counts --
 Read Syscall Count                   : 0
 Write Syscall Count                  : 0
 Block I/O Count                      : 0
 io_uring Completion Count            : 0

-- Total I/O Time (block device) --
 Total Block I/O Time           : 0

-- Page Faults & Bytes --
 Page Fault Count               : 0
 Read Bytes                     : 0
 Write Bytes                    : 0
 Block Read Bytes               : 0
 Block Write Bytes              : 0
[===============================================]

[===============================================]
Result of node_idx 26 in node_object 1: Copy (NC, X32)

-- Elapsed Time Analysis --
 Wall-clock Time                      : 6 us
 - Non I/O Handling Time (Estimated)  : 6 us
 - I/O Handling Time                  : 0 us
        - Read Syscall                : 0 us
        - Write Syscall               : 0 us
        - Page Fault                  : 0 us
        - io_uring                    : 0 us

-- I/O Counts --
 Read Syscall Count                   : 0
 Write Syscall Count                  : 0
 Block I/O Count                      : 0
 io_uring Completion Count            : 0

-- Total I/O Time (block device) --
 Total Block I/O Time           : 0

-- Page Faults & Bytes --
 Page Fault Count               : 0
 Read Bytes                     : 0
 Write Bytes                    : 0
 Block Read Bytes               : 0
 Block Write Bytes              : 0
[===============================================]

[===============================================]
Result of node_idx 27 in node_object 0: Transpose (ND, X32)

-- Elapsed Time Analysis --
 Wall-clock Time                      : 4 us
 - Non I/O Handling Time (Estimated)  : 4 us
 - I/O Handling Time                  : 0 us
        - Read Syscall                : 0 us
        - Write Syscall               : 0 us
        - Page Fault                  : 0 us
        - io_uring                    : 0 us

-- I/O Counts --
 Read Syscall Count                   : 0
 Write Syscall Count                  : 0
 Block I/O Count                      : 0
 io_uring Completion Count            : 0

-- Total I/O Time (block device) --
 Total Block I/O Time           : 0

-- Page Faults & Bytes --
 Page Fault Count               : 0
 Read Bytes                     : 0
 Write Bytes                    : 0
 Block Read Bytes               : 0
 Block Write Bytes              : 0
[===============================================]

[===============================================]
Result of node_idx 0 in node_object 0: Multiply (ND)

-- Elapsed Time Analysis --
 Wall-clock Time                      : 6 us
 - Non I/O Handling Time (Estimated)  : 6 us
 - I/O Handling Time                  : 0 us
        - Read Syscall                : 0 us
        - Write Syscall               : 0 us
        - Page Fault                  : 0 us
        - io_uring                    : 0 us

-- I/O Counts --
 Read Syscall Count                   : 0
 Write Syscall Count                  : 0
 Block I/O Count                      : 0
 io_uring Completion Count            : 0

-- Total I/O Time (block device) --
 Total Block I/O Time           : 0

-- Page Faults & Bytes --
 Page Fault Count               : 0
 Read Bytes                     : 0
 Write Bytes                    : 0
 Block Read Bytes               : 0
 Block Write Bytes              : 0
[===============================================]

[===============================================]
Result of node_idx 1 in node_object 0: Transpose (ND, X32)

-- Elapsed Time Analysis --
 Wall-clock Time                      : 5 us
 - Non I/O Handling Time (Estimated)  : 5 us
 - I/O Handling Time                  : 0 us
        - Read Syscall                : 0 us
        - Write Syscall               : 0 us
        - Page Fault                  : 0 us
        - io_uring                    : 0 us

-- I/O Counts --
 Read Syscall Count                   : 0
 Write Syscall Count                  : 0
 Block I/O Count                      : 0
 io_uring Completion Count            : 0

-- Total I/O Time (block device) --
 Total Block I/O Time           : 0

-- Page Faults & Bytes --
 Page Fault Count               : 0
 Read Bytes                     : 0
 Write Bytes                    : 0
 Block Read Bytes               : 0
 Block Write Bytes              : 0
[===============================================]

[===============================================]
Result of node_idx 2 in node_object 0: Transpose (ND, X32)

-- Elapsed Time Analysis --
 Wall-clock Time                      : 27 us
 - Non I/O Handling Time (Estimated)  : 27 us
 - I/O Handling Time                  : 0 us
        - Read Syscall                : 0 us
        - Write Syscall               : 0 us
        - Page Fault                  : 0 us
        - io_uring                    : 0 us

-- I/O Counts --
 Read Syscall Count                   : 0
 Write Syscall Count                  : 0
 Block I/O Count                      : 0
 io_uring Completion Count            : 0

-- Total I/O Time (block device) --
 Total Block I/O Time           : 0

-- Page Faults & Bytes --
 Page Fault Count               : 0
 Read Bytes                     : 0
 Write Bytes                    : 0
 Block Read Bytes               : 0
 Block Write Bytes              : 0
[===============================================]

[===============================================]
Result of node_idx 3 in node_object 0: Static Reshape (NC)

-- Elapsed Time Analysis --
 Wall-clock Time                      : 3 us
 - Non I/O Handling Time (Estimated)  : 3 us
 - I/O Handling Time                  : 0 us
        - Read Syscall                : 0 us
        - Write Syscall               : 0 us
        - Page Fault                  : 0 us
        - io_uring                    : 0 us

-- I/O Counts --
 Read Syscall Count                   : 0
 Write Syscall Count                  : 0
 Block I/O Count                      : 0
 io_uring Completion Count            : 0

-- Total I/O Time (block device) --
 Total Block I/O Time           : 0

-- Page Faults & Bytes --
 Page Fault Count               : 0
 Read Bytes                     : 0
 Write Bytes                    : 0
 Block Read Bytes               : 0
 Block Write Bytes              : 0
[===============================================]

[===============================================]
Result of node_idx 4 in node_object 0: Static Reshape (NC)

-- Elapsed Time Analysis --
 Wall-clock Time                      : 3 us
 - Non I/O Handling Time (Estimated)  : 3 us
 - I/O Handling Time                  : 0 us
        - Read Syscall                : 0 us
        - Write Syscall               : 0 us
        - Page Fault                  : 0 us
        - io_uring                    : 0 us

-- I/O Counts --
 Read Syscall Count                   : 0
 Write Syscall Count                  : 0
 Block I/O Count                      : 0
 io_uring Completion Count            : 0

-- Total I/O Time (block device) --
 Total Block I/O Time           : 0

-- Page Faults & Bytes --
 Page Fault Count               : 0
 Read Bytes                     : 0
 Write Bytes                    : 0
 Block Read Bytes               : 0
 Block Write Bytes              : 0
[===============================================]

[===============================================]
Result of node_idx 5 in node_object 0: Batch Matrix Multiply (NC, F32)

-- Elapsed Time Analysis --
 Wall-clock Time                      : 68 us
 - Non I/O Handling Time (Estimated)  : 68 us
 - I/O Handling Time                  : 0 us
        - Read Syscall                : 0 us
        - Write Syscall               : 0 us
        - Page Fault                  : 0 us
        - io_uring                    : 0 us

-- I/O Counts --
 Read Syscall Count                   : 0
 Write Syscall Count                  : 0
 Block I/O Count                      : 0
 io_uring Completion Count            : 0

-- Total I/O Time (block device) --
 Total Block I/O Time           : 0

-- Page Faults & Bytes --
 Page Fault Count               : 0
 Read Bytes                     : 0
 Write Bytes                    : 0
 Block Read Bytes               : 0
 Block Write Bytes              : 0
[===============================================]

[===============================================]
Result of node_idx 6 in node_object 0: Static Reshape (NC)

-- Elapsed Time Analysis --
 Wall-clock Time                      : 4 us
 - Non I/O Handling Time (Estimated)  : 4 us
 - I/O Handling Time                  : 0 us
        - Read Syscall                : 0 us
        - Write Syscall               : 0 us
        - Page Fault                  : 0 us
        - io_uring                    : 0 us

-- I/O Counts --
 Read Syscall Count                   : 0
 Write Syscall Count                  : 0
 Block I/O Count                      : 0
 io_uring Completion Count            : 0

-- Total I/O Time (block device) --
 Total Block I/O Time           : 0

-- Page Faults & Bytes --
 Page Fault Count               : 0
 Read Bytes                     : 0
 Write Bytes                    : 0
 Block Read Bytes               : 0
 Block Write Bytes              : 0
[===============================================]

[===============================================]
Result of node_idx 7 in node_object 0: Add (ND)

-- Elapsed Time Analysis --
 Wall-clock Time                      : 9 us
 - Non I/O Handling Time (Estimated)  : 9 us
 - I/O Handling Time                  : 0 us
        - Read Syscall                : 0 us
        - Write Syscall               : 0 us
        - Page Fault                  : 0 us
        - io_uring                    : 0 us

-- I/O Counts --
 Read Syscall Count                   : 0
 Write Syscall Count                  : 0
 Block I/O Count                      : 0
 io_uring Completion Count            : 0

-- Total I/O Time (block device) --
 Total Block I/O Time           : 0

-- Page Faults & Bytes --
 Page Fault Count               : 0
 Read Bytes                     : 0
 Write Bytes                    : 0
 Block Read Bytes               : 0
 Block Write Bytes              : 0
[===============================================]

[===============================================]
Result of node_idx 8 in node_object 0: Softmax (NC, F32)

-- Elapsed Time Analysis --
 Wall-clock Time                      : 14 us
 - Non I/O Handling Time (Estimated)  : 14 us
 - I/O Handling Time                  : 0 us
        - Read Syscall                : 0 us
        - Write Syscall               : 0 us
        - Page Fault                  : 0 us
        - io_uring                    : 0 us

-- I/O Counts --
 Read Syscall Count                   : 0
 Write Syscall Count                  : 0
 Block I/O Count                      : 0
 io_uring Completion Count            : 0

-- Total I/O Time (block device) --
 Total Block I/O Time           : 0

-- Page Faults & Bytes --
 Page Fault Count               : 0
 Read Bytes                     : 0
 Write Bytes                    : 0
 Block Read Bytes               : 0
 Block Write Bytes              : 0
[===============================================]

[===============================================]
Result of node_idx 9 in node_object 0: Transpose (ND, X32)

-- Elapsed Time Analysis --
 Wall-clock Time                      : 35 us
 - Non I/O Handling Time (Estimated)  : 35 us
 - I/O Handling Time                  : 0 us
        - Read Syscall                : 0 us
        - Write Syscall               : 0 us
        - Page Fault                  : 0 us
        - io_uring                    : 0 us

-- I/O Counts --
 Read Syscall Count                   : 0
 Write Syscall Count                  : 0
 Block I/O Count                      : 0
 io_uring Completion Count            : 0

-- Total I/O Time (block device) --
 Total Block I/O Time           : 0

-- Page Faults & Bytes --
 Page Fault Count               : 0
 Read Bytes                     : 0
 Write Bytes                    : 0
 Block Read Bytes               : 0
 Block Write Bytes              : 0
[===============================================]

[===============================================]
Result of node_idx 10 in node_object 0: Static Reshape (NC)

-- Elapsed Time Analysis --
 Wall-clock Time                      : 3 us
 - Non I/O Handling Time (Estimated)  : 3 us
 - I/O Handling Time                  : 0 us
        - Read Syscall                : 0 us
        - Write Syscall               : 0 us
        - Page Fault                  : 0 us
        - io_uring                    : 0 us

-- I/O Counts --
 Read Syscall Count                   : 0
 Write Syscall Count                  : 0
 Block I/O Count                      : 0
 io_uring Completion Count            : 0

-- Total I/O Time (block device) --
 Total Block I/O Time           : 0

-- Page Faults & Bytes --
 Page Fault Count               : 0
 Read Bytes                     : 0
 Write Bytes                    : 0
 Block Read Bytes               : 0
 Block Write Bytes              : 0
[===============================================]

[===============================================]
Result of node_idx 11 in node_object 0: Static Reshape (NC)

-- Elapsed Time Analysis --
 Wall-clock Time                      : 3 us
 - Non I/O Handling Time (Estimated)  : 3 us
 - I/O Handling Time                  : 0 us
        - Read Syscall                : 0 us
        - Write Syscall               : 0 us
        - Page Fault                  : 0 us
        - io_uring                    : 0 us

-- I/O Counts --
 Read Syscall Count                   : 0
 Write Syscall Count                  : 0
 Block I/O Count                      : 0
 io_uring Completion Count            : 0

-- Total I/O Time (block device) --
 Total Block I/O Time           : 0

-- Page Faults & Bytes --
 Page Fault Count               : 0
 Read Bytes                     : 0
 Write Bytes                    : 0
 Block Read Bytes               : 0
 Block Write Bytes              : 0
[===============================================]

[===============================================]
Result of node_idx 12 in node_object 0: Batch Matrix Multiply (NC, F32)

-- Elapsed Time Analysis --
 Wall-clock Time                      : 62 us
 - Non I/O Handling Time (Estimated)  : 62 us
 - I/O Handling Time                  : 0 us
        - Read Syscall                : 0 us
        - Write Syscall               : 0 us
        - Page Fault                  : 0 us
        - io_uring                    : 0 us

-- I/O Counts --
 Read Syscall Count                   : 0
 Write Syscall Count                  : 0
 Block I/O Count                      : 0
 io_uring Completion Count            : 0

-- Total I/O Time (block device) --
 Total Block I/O Time           : 0

-- Page Faults & Bytes --
 Page Fault Count               : 0
 Read Bytes                     : 0
 Write Bytes                    : 0
 Block Read Bytes               : 0
 Block Write Bytes              : 0
[===============================================]

[===============================================]
Result of node_idx 13 in node_object 0: Static Reshape (NC)

-- Elapsed Time Analysis --
 Wall-clock Time                      : 3 us
 - Non I/O Handling Time (Estimated)  : 3 us
 - I/O Handling Time                  : 0 us
        - Read Syscall                : 0 us
        - Write Syscall               : 0 us
        - Page Fault                  : 0 us
        - io_uring                    : 0 us

-- I/O Counts --
 Read Syscall Count                   : 0
 Write Syscall Count                  : 0
 Block I/O Count                      : 0
 io_uring Completion Count            : 0

-- Total I/O Time (block device) --
 Total Block I/O Time           : 0

-- Page Faults & Bytes --
 Page Fault Count               : 0
 Read Bytes                     : 0
 Write Bytes                    : 0
 Block Read Bytes               : 0
 Block Write Bytes              : 0
[===============================================]

[===============================================]
Result of node_idx 14 in node_object 0: Transpose (ND, X32)

-- Elapsed Time Analysis --
 Wall-clock Time                      : 5 us
 - Non I/O Handling Time (Estimated)  : 5 us
 - I/O Handling Time                  : 0 us
        - Read Syscall                : 0 us
        - Write Syscall               : 0 us
        - Page Fault                  : 0 us
        - io_uring                    : 0 us

-- I/O Counts --
 Read Syscall Count                   : 0
 Write Syscall Count                  : 0
 Block I/O Count                      : 0
 io_uring Completion Count            : 0

-- Total I/O Time (block device) --
 Total Block I/O Time           : 0

-- Page Faults & Bytes --
 Page Fault Count               : 0
 Read Bytes                     : 0
 Write Bytes                    : 0
 Block Read Bytes               : 0
 Block Write Bytes              : 0
[===============================================]

[===============================================]
Result of node_idx 15 in node_object 0: Static Reshape (NC)

-- Elapsed Time Analysis --
 Wall-clock Time                      : 7 us
 - Non I/O Handling Time (Estimated)  : 7 us
 - I/O Handling Time                  : 0 us
        - Read Syscall                : 0 us
        - Write Syscall               : 0 us
        - Page Fault                  : 0 us
        - io_uring                    : 0 us

-- I/O Counts --
 Read Syscall Count                   : 0
 Write Syscall Count                  : 0
 Block I/O Count                      : 0
 io_uring Completion Count            : 0

-- Total I/O Time (block device) --
 Total Block I/O Time           : 0

-- Page Faults & Bytes --
 Page Fault Count               : 0
 Read Bytes                     : 0
 Write Bytes                    : 0
 Block Read Bytes               : 0
 Block Write Bytes              : 0
[===============================================]

[===============================================]
Result of node_idx 16 in node_object 0: Fully Connected (NC, QDU8, F32, QC8W)

-- Elapsed Time Analysis --
 Wall-clock Time                      : 243 us
 - Non I/O Handling Time (Estimated)  : 29 us
 - I/O Handling Time                  : 214 us
        - Read Syscall                : 0 us
        - Write Syscall               : 0 us
        - Page Fault                  : 214 us
        - io_uring                    : 0 us

-- I/O Counts --
 Read Syscall Count                   : 0
 Write Syscall Count                  : 0
 Block I/O Count                      : 1
 io_uring Completion Count            : 0

-- Total I/O Time (block device) --
 Total Block I/O Time           : 0

-- Page Faults & Bytes --
 Page Fault Count               : 6
 Read Bytes                     : 0
 Write Bytes                    : 0
 Block Read Bytes               : 0
 Block Write Bytes              : 0
[===============================================]

[===============================================]
Result of node_idx 17 in node_object 0: Add (ND)

-- Elapsed Time Analysis --
 Wall-clock Time                      : 24 us
 - Non I/O Handling Time (Estimated)  : 24 us
 - I/O Handling Time                  : 0 us
        - Read Syscall                : 0 us
        - Write Syscall               : 0 us
        - Page Fault                  : 0 us
        - io_uring                    : 0 us

-- I/O Counts --
 Read Syscall Count                   : 0
 Write Syscall Count                  : 0
 Block I/O Count                      : 0
 io_uring Completion Count            : 0

-- Total I/O Time (block device) --
 Total Block I/O Time           : 184

-- Page Faults & Bytes --
 Page Fault Count               : 0
 Read Bytes                     : 0
 Write Bytes                    : 0
 Block Read Bytes               : 8192
 Block Write Bytes              : 0
[===============================================]

[===============================================]
Result of node_idx 0 in node_object 0: Multiply (ND)

-- Elapsed Time Analysis --
 Wall-clock Time                      : 99 us
 - Non I/O Handling Time (Estimated)  : 99 us
 - I/O Handling Time                  : 0 us
        - Read Syscall                : 0 us
        - Write Syscall               : 0 us
        - Page Fault                  : 0 us
        - io_uring                    : 0 us

-- I/O Counts --
 Read Syscall Count                   : 0
 Write Syscall Count                  : 0
 Block I/O Count                      : 0
 io_uring Completion Count            : 0

-- Total I/O Time (block device) --
 Total Block I/O Time           : 0

-- Page Faults & Bytes --
 Page Fault Count               : 0
 Read Bytes                     : 0
 Write Bytes                    : 0
 Block Read Bytes               : 0
 Block Write Bytes              : 0
[===============================================]

[===============================================]
Result of node_idx 1 in node_object 0: Sum (ND)

-- Elapsed Time Analysis --
 Wall-clock Time                      : 109 us
 - Non I/O Handling Time (Estimated)  : 109 us
 - I/O Handling Time                  : 0 us
        - Read Syscall                : 0 us
        - Write Syscall               : 0 us
        - Page Fault                  : 0 us
        - io_uring                    : 0 us

-- I/O Counts --
 Read Syscall Count                   : 0
 Write Syscall Count                  : 0
 Block I/O Count                      : 0
 io_uring Completion Count            : 0

-- Total I/O Time (block device) --
 Total Block I/O Time           : 0

-- Page Faults & Bytes --
 Page Fault Count               : 0
 Read Bytes                     : 0
 Write Bytes                    : 0
 Block Read Bytes               : 0
 Block Write Bytes              : 0
[===============================================]

[===============================================]
Result of node_idx 2 in node_object 0: Multiply (ND)

-- Elapsed Time Analysis --
 Wall-clock Time                      : 3 us
 - Non I/O Handling Time (Estimated)  : 3 us
 - I/O Handling Time                  : 0 us
        - Read Syscall                : 0 us
        - Write Syscall               : 0 us
        - Page Fault                  : 0 us
        - io_uring                    : 0 us

-- I/O Counts --
 Read Syscall Count                   : 0
 Write Syscall Count                  : 0
 Block I/O Count                      : 0
 io_uring Completion Count            : 0

-- Total I/O Time (block device) --
 Total Block I/O Time           : 0

-- Page Faults & Bytes --
 Page Fault Count               : 0
 Read Bytes                     : 0
 Write Bytes                    : 0
 Block Read Bytes               : 0
 Block Write Bytes              : 0
[===============================================]

[===============================================]
Result of node_idx 3 in node_object 0: Add (ND)

-- Elapsed Time Analysis --
 Wall-clock Time                      : 2 us
 - Non I/O Handling Time (Estimated)  : 2 us
 - I/O Handling Time                  : 0 us
        - Read Syscall                : 0 us
        - Write Syscall               : 0 us
        - Page Fault                  : 0 us
        - io_uring                    : 0 us

-- I/O Counts --
 Read Syscall Count                   : 0
 Write Syscall Count                  : 0
 Block I/O Count                      : 0
 io_uring Completion Count            : 0

-- Total I/O Time (block device) --
 Total Block I/O Time           : 0

-- Page Faults & Bytes --
 Page Fault Count               : 0
 Read Bytes                     : 0
 Write Bytes                    : 0
 Block Read Bytes               : 0
 Block Write Bytes              : 0
[===============================================]

[===============================================]
Result of node_idx 4 in node_object 0: Static Reshape (NC)

-- Elapsed Time Analysis --
 Wall-clock Time                      : 2 us
 - Non I/O Handling Time (Estimated)  : 2 us
 - I/O Handling Time                  : 0 us
        - Read Syscall                : 0 us
        - Write Syscall               : 0 us
        - Page Fault                  : 0 us
        - io_uring                    : 0 us

-- I/O Counts --
 Read Syscall Count                   : 0
 Write Syscall Count                  : 0
 Block I/O Count                      : 0
 io_uring Completion Count            : 0

-- Total I/O Time (block device) --
 Total Block I/O Time           : 0

-- Page Faults & Bytes --
 Page Fault Count               : 0
 Read Bytes                     : 0
 Write Bytes                    : 0
 Block Read Bytes               : 0
 Block Write Bytes              : 0
[===============================================]

[===============================================]
Result of node_idx 5 in node_object 0: Reciprocal Square Root (NC)

-- Elapsed Time Analysis --
 Wall-clock Time                      : 3 us
 - Non I/O Handling Time (Estimated)  : 3 us
 - I/O Handling Time                  : 0 us
        - Read Syscall                : 0 us
        - Write Syscall               : 0 us
        - Page Fault                  : 0 us
        - io_uring                    : 0 us

-- I/O Counts --
 Read Syscall Count                   : 0
 Write Syscall Count                  : 0
 Block I/O Count                      : 0
 io_uring Completion Count            : 0

-- Total I/O Time (block device) --
 Total Block I/O Time           : 0

-- Page Faults & Bytes --
 Page Fault Count               : 0
 Read Bytes                     : 0
 Write Bytes                    : 0
 Block Read Bytes               : 0
 Block Write Bytes              : 0
[===============================================]

[===============================================]
Result of node_idx 6 in node_object 0: Multiply (ND)

-- Elapsed Time Analysis --
 Wall-clock Time                      : 101 us
 - Non I/O Handling Time (Estimated)  : 101 us
 - I/O Handling Time                  : 0 us
        - Read Syscall                : 0 us
        - Write Syscall               : 0 us
        - Page Fault                  : 0 us
        - io_uring                    : 0 us

-- I/O Counts --
 Read Syscall Count                   : 0
 Write Syscall Count                  : 0
 Block I/O Count                      : 0
 io_uring Completion Count            : 0

-- Total I/O Time (block device) --
 Total Block I/O Time           : 0

-- Page Faults & Bytes --
 Page Fault Count               : 0
 Read Bytes                     : 0
 Write Bytes                    : 0
 Block Read Bytes               : 0
 Block Write Bytes              : 0
[===============================================]

[===============================================]
Result of node_idx 7 in node_object 0: Multiply (ND)

-- Elapsed Time Analysis --
 Wall-clock Time                      : 35 us
 - Non I/O Handling Time (Estimated)  : 35 us
 - I/O Handling Time                  : 0 us
        - Read Syscall                : 0 us
        - Write Syscall               : 0 us
        - Page Fault                  : 0 us
        - io_uring                    : 0 us

-- I/O Counts --
 Read Syscall Count                   : 0
 Write Syscall Count                  : 0
 Block I/O Count                      : 0
 io_uring Completion Count            : 0

-- Total I/O Time (block device) --
 Total Block I/O Time           : 0

-- Page Faults & Bytes --
 Page Fault Count               : 0
 Read Bytes                     : 0
 Write Bytes                    : 0
 Block Read Bytes               : 0
 Block Write Bytes              : 0
[===============================================]

[===============================================]
Result of node_idx 0 in node_object 0: Fully Connected (NC, QDU8, F32, QC8W)

-- Elapsed Time Analysis --
 Wall-clock Time                      : 950 us
 - Non I/O Handling Time (Estimated)  : 127 us
 - I/O Handling Time                  : 823 us
        - Read Syscall                : 0 us
        - Write Syscall               : 0 us
        - Page Fault                  : 823 us
        - io_uring                    : 0 us

-- I/O Counts --
 Read Syscall Count                   : 0
 Write Syscall Count                  : 0
 Block I/O Count                      : 2
 io_uring Completion Count            : 0

-- Total I/O Time (block device) --
 Total Block I/O Time           : 280

-- Page Faults & Bytes --
 Page Fault Count               : 10
 Read Bytes                     : 0
 Write Bytes                    : 0
 Block Read Bytes               : 45056
 Block Write Bytes              : 0
[===============================================]

[===============================================]
Result of node_idx 1 in node_object 0: Sigmoid (NC)

-- Elapsed Time Analysis --
 Wall-clock Time                      : 98 us
 - Non I/O Handling Time (Estimated)  : 98 us
 - I/O Handling Time                  : 0 us
        - Read Syscall                : 0 us
        - Write Syscall               : 0 us
        - Page Fault                  : 0 us
        - io_uring                    : 0 us

-- I/O Counts --
 Read Syscall Count                   : 0
 Write Syscall Count                  : 0
 Block I/O Count                      : 0
 io_uring Completion Count            : 0

-- Total I/O Time (block device) --
 Total Block I/O Time           : 251

-- Page Faults & Bytes --
 Page Fault Count               : 0
 Read Bytes                     : 0
 Write Bytes                    : 0
 Block Read Bytes               : 131072
 Block Write Bytes              : 0
[===============================================]

[===============================================]
Result of node_idx 2 in node_object 0: Multiply (ND)

-- Elapsed Time Analysis --
 Wall-clock Time                      : 90 us
 - Non I/O Handling Time (Estimated)  : 90 us
 - I/O Handling Time                  : 0 us
        - Read Syscall                : 0 us
        - Write Syscall               : 0 us
        - Page Fault                  : 0 us
        - io_uring                    : 0 us

-- I/O Counts --
 Read Syscall Count                   : 0
 Write Syscall Count                  : 0
 Block I/O Count                      : 0
 io_uring Completion Count            : 0

-- Total I/O Time (block device) --
 Total Block I/O Time           : 0

-- Page Faults & Bytes --
 Page Fault Count               : 0
 Read Bytes                     : 0
 Write Bytes                    : 0
 Block Read Bytes               : 0
 Block Write Bytes              : 0
[===============================================]

[===============================================]
Result of node_idx 3 in node_object 0: Fully Connected (NC, QDU8, F32, QC8W)

-- Elapsed Time Analysis --
 Wall-clock Time                      : 1034 us
 - Non I/O Handling Time (Estimated)  : 308 us
 - I/O Handling Time                  : 726 us
        - Read Syscall                : 0 us
        - Write Syscall               : 0 us
        - Page Fault                  : 726 us
        - io_uring                    : 0 us

-- I/O Counts --
 Read Syscall Count                   : 0
 Write Syscall Count                  : 0
 Block I/O Count                      : 2
 io_uring Completion Count            : 0

-- Total I/O Time (block device) --
 Total Block I/O Time           : 1034

-- Page Faults & Bytes --
 Page Fault Count               : 4
 Read Bytes                     : 0
 Write Bytes                    : 0
 Block Read Bytes               : 126976
 Block Write Bytes              : 0
[===============================================]

[===============================================]
Result of node_idx 4 in node_object 0: Multiply (ND)

-- Elapsed Time Analysis --
 Wall-clock Time                      : 96 us
 - Non I/O Handling Time (Estimated)  : 96 us
 - I/O Handling Time                  : 0 us
        - Read Syscall                : 0 us
        - Write Syscall               : 0 us
        - Page Fault                  : 0 us
        - io_uring                    : 0 us

-- I/O Counts --
 Read Syscall Count                   : 0
 Write Syscall Count                  : 0
 Block I/O Count                      : 0
 io_uring Completion Count            : 0

-- Total I/O Time (block device) --
 Total Block I/O Time           : 0

-- Page Faults & Bytes --
 Page Fault Count               : 0
 Read Bytes                     : 0
 Write Bytes                    : 0
 Block Read Bytes               : 0
 Block Write Bytes              : 0
[===============================================]

[===============================================]
Result of node_idx 5 in node_object 0: Fully Connected (NC, QDU8, F32, QC8W)

-- Elapsed Time Analysis --
 Wall-clock Time                      : 993 us
 - Non I/O Handling Time (Estimated)  : 147 us
 - I/O Handling Time                  : 846 us
        - Read Syscall                : 0 us
        - Write Syscall               : 0 us
        - Page Fault                  : 846 us
        - io_uring                    : 0 us

-- I/O Counts --
 Read Syscall Count                   : 0
 Write Syscall Count                  : 0
 Block I/O Count                      : 3
 io_uring Completion Count            : 0

-- Total I/O Time (block device) --
 Total Block I/O Time           : 586

-- Page Faults & Bytes --
 Page Fault Count               : 10
 Read Bytes                     : 0
 Write Bytes                    : 0
 Block Read Bytes               : 90112
 Block Write Bytes              : 0
[===============================================]

[===============================================]
Result of node_idx 6 in node_object 0: Add (ND)

-- Elapsed Time Analysis --
 Wall-clock Time                      : 18 us
 - Non I/O Handling Time (Estimated)  : 18 us
 - I/O Handling Time                  : 0 us
        - Read Syscall                : 0 us
        - Write Syscall               : 0 us
        - Page Fault                  : 0 us
        - io_uring                    : 0 us

-- I/O Counts --
 Read Syscall Count                   : 0
 Write Syscall Count                  : 0
 Block I/O Count                      : 0
 io_uring Completion Count            : 0

-- Total I/O Time (block device) --
 Total Block I/O Time           : 0

-- Page Faults & Bytes --
 Page Fault Count               : 0
 Read Bytes                     : 0
 Write Bytes                    : 0
 Block Read Bytes               : 0
 Block Write Bytes              : 0
[===============================================]

[===============================================]
Result of node_idx 0 in node_object 0: Multiply (ND)

-- Elapsed Time Analysis --
 Wall-clock Time                      : 90 us
 - Non I/O Handling Time (Estimated)  : 90 us
 - I/O Handling Time                  : 0 us
        - Read Syscall                : 0 us
        - Write Syscall               : 0 us
        - Page Fault                  : 0 us
        - io_uring                    : 0 us

-- I/O Counts --
 Read Syscall Count                   : 0
 Write Syscall Count                  : 0
 Block I/O Count                      : 0
 io_uring Completion Count            : 0

-- Total I/O Time (block device) --
 Total Block I/O Time           : 0

-- Page Faults & Bytes --
 Page Fault Count               : 0
 Read Bytes                     : 0
 Write Bytes                    : 0
 Block Read Bytes               : 0
 Block Write Bytes              : 0
[===============================================]

[===============================================]
Result of node_idx 1 in node_object 0: Sum (ND)

-- Elapsed Time Analysis --
 Wall-clock Time                      : 89 us
 - Non I/O Handling Time (Estimated)  : 89 us
 - I/O Handling Time                  : 0 us
        - Read Syscall                : 0 us
        - Write Syscall               : 0 us
        - Page Fault                  : 0 us
        - io_uring                    : 0 us

-- I/O Counts --
 Read Syscall Count                   : 0
 Write Syscall Count                  : 0
 Block I/O Count                      : 0
 io_uring Completion Count            : 0

-- Total I/O Time (block device) --
 Total Block I/O Time           : 355

-- Page Faults & Bytes --
 Page Fault Count               : 0
 Read Bytes                     : 0
 Write Bytes                    : 0
 Block Read Bytes               : 131072
 Block Write Bytes              : 0
[===============================================]

[===============================================]
Result of node_idx 2 in node_object 0: Multiply (ND)

-- Elapsed Time Analysis --
 Wall-clock Time                      : 3 us
 - Non I/O Handling Time (Estimated)  : 3 us
 - I/O Handling Time                  : 0 us
        - Read Syscall                : 0 us
        - Write Syscall               : 0 us
        - Page Fault                  : 0 us
        - io_uring                    : 0 us

-- I/O Counts --
 Read Syscall Count                   : 0
 Write Syscall Count                  : 0
 Block I/O Count                      : 0
 io_uring Completion Count            : 0

-- Total I/O Time (block device) --
 Total Block I/O Time           : 0

-- Page Faults & Bytes --
 Page Fault Count               : 0
 Read Bytes                     : 0
 Write Bytes                    : 0
 Block Read Bytes               : 0
 Block Write Bytes              : 0
[===============================================]

[===============================================]
Result of node_idx 3 in node_object 0: Add (ND)

-- Elapsed Time Analysis --
 Wall-clock Time                      : 3 us
 - Non I/O Handling Time (Estimated)  : 3 us
 - I/O Handling Time                  : 0 us
        - Read Syscall                : 0 us
        - Write Syscall               : 0 us
        - Page Fault                  : 0 us
        - io_uring                    : 0 us

-- I/O Counts --
 Read Syscall Count                   : 0
 Write Syscall Count                  : 0
 Block I/O Count                      : 0
 io_uring Completion Count            : 0

-- Total I/O Time (block device) --
 Total Block I/O Time           : 0

-- Page Faults & Bytes --
 Page Fault Count               : 0
 Read Bytes                     : 0
 Write Bytes                    : 0
 Block Read Bytes               : 0
 Block Write Bytes              : 0
[===============================================]

[===============================================]
Result of node_idx 4 in node_object 0: Static Reshape (NC)

-- Elapsed Time Analysis --
 Wall-clock Time                      : 2 us
 - Non I/O Handling Time (Estimated)  : 2 us
 - I/O Handling Time                  : 0 us
        - Read Syscall                : 0 us
        - Write Syscall               : 0 us
        - Page Fault                  : 0 us
        - io_uring                    : 0 us

-- I/O Counts --
 Read Syscall Count                   : 0
 Write Syscall Count                  : 0
 Block I/O Count                      : 0
 io_uring Completion Count            : 0

-- Total I/O Time (block device) --
 Total Block I/O Time           : 0

-- Page Faults & Bytes --
 Page Fault Count               : 0
 Read Bytes                     : 0
 Write Bytes                    : 0
 Block Read Bytes               : 0
 Block Write Bytes              : 0
[===============================================]

[===============================================]
Result of node_idx 5 in node_object 0: Reciprocal Square Root (NC)

-- Elapsed Time Analysis --
 Wall-clock Time                      : 3 us
 - Non I/O Handling Time (Estimated)  : 3 us
 - I/O Handling Time                  : 0 us
        - Read Syscall                : 0 us
        - Write Syscall               : 0 us
        - Page Fault                  : 0 us
        - io_uring                    : 0 us

-- I/O Counts --
 Read Syscall Count                   : 0
 Write Syscall Count                  : 0
 Block I/O Count                      : 0
 io_uring Completion Count            : 0

-- Total I/O Time (block device) --
 Total Block I/O Time           : 0

-- Page Faults & Bytes --
 Page Fault Count               : 0
 Read Bytes                     : 0
 Write Bytes                    : 0
 Block Read Bytes               : 0
 Block Write Bytes              : 0
[===============================================]

[===============================================]
Result of node_idx 6 in node_object 0: Multiply (ND)

-- Elapsed Time Analysis --
 Wall-clock Time                      : 13 us
 - Non I/O Handling Time (Estimated)  : 13 us
 - I/O Handling Time                  : 0 us
        - Read Syscall                : 0 us
        - Write Syscall               : 0 us
        - Page Fault                  : 0 us
        - io_uring                    : 0 us

-- I/O Counts --
 Read Syscall Count                   : 0
 Write Syscall Count                  : 0
 Block I/O Count                      : 0
 io_uring Completion Count            : 0

-- Total I/O Time (block device) --
 Total Block I/O Time           : 0

-- Page Faults & Bytes --
 Page Fault Count               : 0
 Read Bytes                     : 0
 Write Bytes                    : 0
 Block Read Bytes               : 0
 Block Write Bytes              : 0
[===============================================]

[===============================================]
Result of node_idx 7 in node_object 0: Multiply (ND)

-- Elapsed Time Analysis --
 Wall-clock Time                      : 7 us
 - Non I/O Handling Time (Estimated)  : 7 us
 - I/O Handling Time                  : 0 us
        - Read Syscall                : 0 us
        - Write Syscall               : 0 us
        - Page Fault                  : 0 us
        - io_uring                    : 0 us

-- I/O Counts --
 Read Syscall Count                   : 0
 Write Syscall Count                  : 0
 Block I/O Count                      : 0
 io_uring Completion Count            : 0

-- Total I/O Time (block device) --
 Total Block I/O Time           : 0

-- Page Faults & Bytes --
 Page Fault Count               : 0
 Read Bytes                     : 0
 Write Bytes                    : 0
 Block Read Bytes               : 0
 Block Write Bytes              : 0
[===============================================]

[===============================================]
Result of node_idx 0 in node_object 0: Fully Connected (NC, QDU8, F32, QC8W)

-- Elapsed Time Analysis --
 Wall-clock Time                      : 513 us
 - Non I/O Handling Time (Estimated)  : 159 us
 - I/O Handling Time                  : 354 us
        - Read Syscall                : 0 us
        - Write Syscall               : 0 us
        - Page Fault                  : 354 us
        - io_uring                    : 0 us

-- I/O Counts --
 Read Syscall Count                   : 0
 Write Syscall Count                  : 0
 Block I/O Count                      : 4
 io_uring Completion Count            : 0

-- Total I/O Time (block device) --
 Total Block I/O Time           : 1194

-- Page Faults & Bytes --
 Page Fault Count               : 3
 Read Bytes                     : 0
 Write Bytes                    : 0
 Block Read Bytes               : 53248
 Block Write Bytes              : 0
[===============================================]

[===============================================]
Result of node_idx 1 in node_object 0: Static Reshape (NC)

-- Elapsed Time Analysis --
 Wall-clock Time                      : 82 us
 - Non I/O Handling Time (Estimated)  : 82 us
 - I/O Handling Time                  : 0 us
        - Read Syscall                : 0 us
        - Write Syscall               : 0 us
        - Page Fault                  : 0 us
        - io_uring                    : 0 us

-- I/O Counts --
 Read Syscall Count                   : 0
 Write Syscall Count                  : 0
 Block I/O Count                      : 0
 io_uring Completion Count            : 0

-- Total I/O Time (block device) --
 Total Block I/O Time           : 0

-- Page Faults & Bytes --
 Page Fault Count               : 0
 Read Bytes                     : 0
 Write Bytes                    : 0
 Block Read Bytes               : 0
 Block Write Bytes              : 0
[===============================================]

[===============================================]
Result of node_idx 2 in node_object 0: Slice (ND, X32)

-- Elapsed Time Analysis --
 Wall-clock Time                      : 107 us
 - Non I/O Handling Time (Estimated)  : 107 us
 - I/O Handling Time                  : 0 us
        - Read Syscall                : 0 us
        - Write Syscall               : 0 us
        - Page Fault                  : 0 us
        - io_uring                    : 0 us

-- I/O Counts --
 Read Syscall Count                   : 0
 Write Syscall Count                  : 0
 Block I/O Count                      : 0
 io_uring Completion Count            : 0

-- Total I/O Time (block device) --
 Total Block I/O Time           : 0

-- Page Faults & Bytes --
 Page Fault Count               : 0
 Read Bytes                     : 0
 Write Bytes                    : 0
 Block Read Bytes               : 0
 Block Write Bytes              : 0
[===============================================]

[===============================================]
Result of node_idx 3 in node_object 0: Slice (ND, X32)

-- Elapsed Time Analysis --
 Wall-clock Time                      : 94 us
 - Non I/O Handling Time (Estimated)  : 94 us
 - I/O Handling Time                  : 0 us
        - Read Syscall                : 0 us
        - Write Syscall               : 0 us
        - Page Fault                  : 0 us
        - io_uring                    : 0 us

-- I/O Counts --
 Read Syscall Count                   : 0
 Write Syscall Count                  : 0
 Block I/O Count                      : 0
 io_uring Completion Count            : 0

-- Total I/O Time (block device) --
 Total Block I/O Time           : 0

-- Page Faults & Bytes --
 Page Fault Count               : 0
 Read Bytes                     : 0
 Write Bytes                    : 0
 Block Read Bytes               : 0
 Block Write Bytes              : 0
[===============================================]

[===============================================]
Result of node_idx 4 in node_object 0: Slice (ND, X32)

-- Elapsed Time Analysis --
 Wall-clock Time                      : 86 us
 - Non I/O Handling Time (Estimated)  : 86 us
 - I/O Handling Time                  : 0 us
        - Read Syscall                : 0 us
        - Write Syscall               : 0 us
        - Page Fault                  : 0 us
        - io_uring                    : 0 us

-- I/O Counts --
 Read Syscall Count                   : 0
 Write Syscall Count                  : 0
 Block I/O Count                      : 0
 io_uring Completion Count            : 0

-- Total I/O Time (block device) --
 Total Block I/O Time           : 0

-- Page Faults & Bytes --
 Page Fault Count               : 0
 Read Bytes                     : 0
 Write Bytes                    : 0
 Block Read Bytes               : 0
 Block Write Bytes              : 0
[===============================================]

[===============================================]
Result of node_idx 5 in node_object 0: Static Reshape (NC)

-- Elapsed Time Analysis --
 Wall-clock Time                      : 3 us
 - Non I/O Handling Time (Estimated)  : 3 us
 - I/O Handling Time                  : 0 us
        - Read Syscall                : 0 us
        - Write Syscall               : 0 us
        - Page Fault                  : 0 us
        - io_uring                    : 0 us

-- I/O Counts --
 Read Syscall Count                   : 0
 Write Syscall Count                  : 0
 Block I/O Count                      : 0
 io_uring Completion Count            : 0

-- Total I/O Time (block device) --
 Total Block I/O Time           : 0

-- Page Faults & Bytes --
 Page Fault Count               : 0
 Read Bytes                     : 0
 Write Bytes                    : 0
 Block Read Bytes               : 0
 Block Write Bytes              : 0
[===============================================]

[===============================================]
Result of node_idx 6 in node_object 0: Transpose (ND, X32)

-- Elapsed Time Analysis --
 Wall-clock Time                      : 4 us
 - Non I/O Handling Time (Estimated)  : 4 us
 - I/O Handling Time                  : 0 us
        - Read Syscall                : 0 us
        - Write Syscall               : 0 us
        - Page Fault                  : 0 us
        - io_uring                    : 0 us

-- I/O Counts --
 Read Syscall Count                   : 0
 Write Syscall Count                  : 0
 Block I/O Count                      : 0
 io_uring Completion Count            : 0

-- Total I/O Time (block device) --
 Total Block I/O Time           : 0

-- Page Faults & Bytes --
 Page Fault Count               : 0
 Read Bytes                     : 0
 Write Bytes                    : 0
 Block Read Bytes               : 0
 Block Write Bytes              : 0
[===============================================]

[===============================================]
Result of node_idx 7 in node_object 0: Slice (ND, X32)

-- Elapsed Time Analysis --
 Wall-clock Time                      : 90 us
 - Non I/O Handling Time (Estimated)  : 90 us
 - I/O Handling Time                  : 0 us
        - Read Syscall                : 0 us
        - Write Syscall               : 0 us
        - Page Fault                  : 0 us
        - io_uring                    : 0 us

-- I/O Counts --
 Read Syscall Count                   : 0
 Write Syscall Count                  : 0
 Block I/O Count                      : 0
 io_uring Completion Count            : 0

-- Total I/O Time (block device) --
 Total Block I/O Time           : 0

-- Page Faults & Bytes --
 Page Fault Count               : 0
 Read Bytes                     : 0
 Write Bytes                    : 0
 Block Read Bytes               : 0
 Block Write Bytes              : 0
[===============================================]

[===============================================]
Result of node_idx 8 in node_object 0: Slice (ND, X32)

-- Elapsed Time Analysis --
 Wall-clock Time                      : 95 us
 - Non I/O Handling Time (Estimated)  : 95 us
 - I/O Handling Time                  : 0 us
        - Read Syscall                : 0 us
        - Write Syscall               : 0 us
        - Page Fault                  : 0 us
        - io_uring                    : 0 us

-- I/O Counts --
 Read Syscall Count                   : 0
 Write Syscall Count                  : 0
 Block I/O Count                      : 0
 io_uring Completion Count            : 0

-- Total I/O Time (block device) --
 Total Block I/O Time           : 0

-- Page Faults & Bytes --
 Page Fault Count               : 0
 Read Bytes                     : 0
 Write Bytes                    : 0
 Block Read Bytes               : 0
 Block Write Bytes              : 0
[===============================================]

[===============================================]
Result of node_idx 9 in node_object 0: Multiply (ND)

-- Elapsed Time Analysis --
 Wall-clock Time                      : 91 us
 - Non I/O Handling Time (Estimated)  : 91 us
 - I/O Handling Time                  : 0 us
        - Read Syscall                : 0 us
        - Write Syscall               : 0 us
        - Page Fault                  : 0 us
        - io_uring                    : 0 us

-- I/O Counts --
 Read Syscall Count                   : 0
 Write Syscall Count                  : 0
 Block I/O Count                      : 0
 io_uring Completion Count            : 0

-- Total I/O Time (block device) --
 Total Block I/O Time           : 0

-- Page Faults & Bytes --
 Page Fault Count               : 0
 Read Bytes                     : 0
 Write Bytes                    : 0
 Block Read Bytes               : 0
 Block Write Bytes              : 0
[===============================================]

[===============================================]
Result of node_idx 10 in node_object 0: Multiply (ND)

-- Elapsed Time Analysis --
 Wall-clock Time                      : 95 us
 - Non I/O Handling Time (Estimated)  : 95 us
 - I/O Handling Time                  : 0 us
        - Read Syscall                : 0 us
        - Write Syscall               : 0 us
        - Page Fault                  : 0 us
        - io_uring                    : 0 us

-- I/O Counts --
 Read Syscall Count                   : 0
 Write Syscall Count                  : 0
 Block I/O Count                      : 0
 io_uring Completion Count            : 0

-- Total I/O Time (block device) --
 Total Block I/O Time           : 0

-- Page Faults & Bytes --
 Page Fault Count               : 0
 Read Bytes                     : 0
 Write Bytes                    : 0
 Block Read Bytes               : 0
 Block Write Bytes              : 0
[===============================================]

[===============================================]
Result of node_idx 11 in node_object 0: Subtract (ND)

-- Elapsed Time Analysis --
 Wall-clock Time                      : 84 us
 - Non I/O Handling Time (Estimated)  : 84 us
 - I/O Handling Time                  : 0 us
        - Read Syscall                : 0 us
        - Write Syscall               : 0 us
        - Page Fault                  : 0 us
        - io_uring                    : 0 us

-- I/O Counts --
 Read Syscall Count                   : 0
 Write Syscall Count                  : 0
 Block I/O Count                      : 0
 io_uring Completion Count            : 0

-- Total I/O Time (block device) --
 Total Block I/O Time           : 0

-- Page Faults & Bytes --
 Page Fault Count               : 0
 Read Bytes                     : 0
 Write Bytes                    : 0
 Block Read Bytes               : 0
 Block Write Bytes              : 0
[===============================================]

[===============================================]
Result of node_idx 12 in node_object 0: Multiply (ND)

-- Elapsed Time Analysis --
 Wall-clock Time                      : 90 us
 - Non I/O Handling Time (Estimated)  : 90 us
 - I/O Handling Time                  : 0 us
        - Read Syscall                : 0 us
        - Write Syscall               : 0 us
        - Page Fault                  : 0 us
        - io_uring                    : 0 us

-- I/O Counts --
 Read Syscall Count                   : 0
 Write Syscall Count                  : 0
 Block I/O Count                      : 0
 io_uring Completion Count            : 0

-- Total I/O Time (block device) --
 Total Block I/O Time           : 0

-- Page Faults & Bytes --
 Page Fault Count               : 0
 Read Bytes                     : 0
 Write Bytes                    : 0
 Block Read Bytes               : 0
 Block Write Bytes              : 0
[===============================================]

[===============================================]
Result of node_idx 13 in node_object 0: Multiply (ND)

-- Elapsed Time Analysis --
 Wall-clock Time                      : 104 us
 - Non I/O Handling Time (Estimated)  : 104 us
 - I/O Handling Time                  : 0 us
        - Read Syscall                : 0 us
        - Write Syscall               : 0 us
        - Page Fault                  : 0 us
        - io_uring                    : 0 us

-- I/O Counts --
 Read Syscall Count                   : 0
 Write Syscall Count                  : 0
 Block I/O Count                      : 0
 io_uring Completion Count            : 0

-- Total I/O Time (block device) --
 Total Block I/O Time           : 0

-- Page Faults & Bytes --
 Page Fault Count               : 0
 Read Bytes                     : 0
 Write Bytes                    : 0
 Block Read Bytes               : 0
 Block Write Bytes              : 0
[===============================================]

[===============================================]
Result of node_idx 14 in node_object 0: Add (ND)

-- Elapsed Time Analysis --
 Wall-clock Time                      : 95 us
 - Non I/O Handling Time (Estimated)  : 95 us
 - I/O Handling Time                  : 0 us
        - Read Syscall                : 0 us
        - Write Syscall               : 0 us
        - Page Fault                  : 0 us
        - io_uring                    : 0 us

-- I/O Counts --
 Read Syscall Count                   : 0
 Write Syscall Count                  : 0
 Block I/O Count                      : 0
 io_uring Completion Count            : 0

-- Total I/O Time (block device) --
 Total Block I/O Time           : 0

-- Page Faults & Bytes --
 Page Fault Count               : 0
 Read Bytes                     : 0
 Write Bytes                    : 0
 Block Read Bytes               : 0
 Block Write Bytes              : 0
[===============================================]

[===============================================]
Result of node_idx 15 in node_object 0: Copy (NC, X32)

-- Elapsed Time Analysis --
 Wall-clock Time                      : 122 us
 - Non I/O Handling Time (Estimated)  : 122 us
 - I/O Handling Time                  : 0 us
        - Read Syscall                : 0 us
        - Write Syscall               : 0 us
        - Page Fault                  : 0 us
        - io_uring                    : 0 us

-- I/O Counts --
 Read Syscall Count                   : 0
 Write Syscall Count                  : 0
 Block I/O Count                      : 0
 io_uring Completion Count            : 0

-- Total I/O Time (block device) --
 Total Block I/O Time           : 0

-- Page Faults & Bytes --
 Page Fault Count               : 0
 Read Bytes                     : 0
 Write Bytes                    : 0
 Block Read Bytes               : 0
 Block Write Bytes              : 0
[===============================================]

[===============================================]
Result of node_idx 15 in node_object 1: Copy (NC, X32)

-- Elapsed Time Analysis --
 Wall-clock Time                      : 101 us
 - Non I/O Handling Time (Estimated)  : 101 us
 - I/O Handling Time                  : 0 us
        - Read Syscall                : 0 us
        - Write Syscall               : 0 us
        - Page Fault                  : 0 us
        - io_uring                    : 0 us

-- I/O Counts --
 Read Syscall Count                   : 0
 Write Syscall Count                  : 0
 Block I/O Count                      : 0
 io_uring Completion Count            : 0

-- Total I/O Time (block device) --
 Total Block I/O Time           : 0

-- Page Faults & Bytes --
 Page Fault Count               : 0
 Read Bytes                     : 0
 Write Bytes                    : 0
 Block Read Bytes               : 0
 Block Write Bytes              : 0
[===============================================]

[===============================================]
Result of node_idx 16 in node_object 0: Transpose (ND, X32)

-- Elapsed Time Analysis --
 Wall-clock Time                      : 4 us
 - Non I/O Handling Time (Estimated)  : 4 us
 - I/O Handling Time                  : 0 us
        - Read Syscall                : 0 us
        - Write Syscall               : 0 us
        - Page Fault                  : 0 us
        - io_uring                    : 0 us

-- I/O Counts --
 Read Syscall Count                   : 0
 Write Syscall Count                  : 0
 Block I/O Count                      : 0
 io_uring Completion Count            : 0

-- Total I/O Time (block device) --
 Total Block I/O Time           : 0

-- Page Faults & Bytes --
 Page Fault Count               : 0
 Read Bytes                     : 0
 Write Bytes                    : 0
 Block Read Bytes               : 0
 Block Write Bytes              : 0
[===============================================]

[===============================================]
Result of node_idx 17 in node_object 0: Transpose (ND, X32)

-- Elapsed Time Analysis --
 Wall-clock Time                      : 3 us
 - Non I/O Handling Time (Estimated)  : 3 us
 - I/O Handling Time                  : 0 us
        - Read Syscall                : 0 us
        - Write Syscall               : 0 us
        - Page Fault                  : 0 us
        - io_uring                    : 0 us

-- I/O Counts --
 Read Syscall Count                   : 0
 Write Syscall Count                  : 0
 Block I/O Count                      : 0
 io_uring Completion Count            : 0

-- Total I/O Time (block device) --
 Total Block I/O Time           : 0

-- Page Faults & Bytes --
 Page Fault Count               : 0
 Read Bytes                     : 0
 Write Bytes                    : 0
 Block Read Bytes               : 0
 Block Write Bytes              : 0
[===============================================]

[===============================================]
Result of node_idx 18 in node_object 0: Slice (ND, X32)

-- Elapsed Time Analysis --
 Wall-clock Time                      : 103 us
 - Non I/O Handling Time (Estimated)  : 103 us
 - I/O Handling Time                  : 0 us
        - Read Syscall                : 0 us
        - Write Syscall               : 0 us
        - Page Fault                  : 0 us
        - io_uring                    : 0 us

-- I/O Counts --
 Read Syscall Count                   : 0
 Write Syscall Count                  : 0
 Block I/O Count                      : 0
 io_uring Completion Count            : 0

-- Total I/O Time (block device) --
 Total Block I/O Time           : 0

-- Page Faults & Bytes --
 Page Fault Count               : 0
 Read Bytes                     : 0
 Write Bytes                    : 0
 Block Read Bytes               : 0
 Block Write Bytes              : 0
[===============================================]

[===============================================]
Result of node_idx 19 in node_object 0: Slice (ND, X32)

-- Elapsed Time Analysis --
 Wall-clock Time                      : 98 us
 - Non I/O Handling Time (Estimated)  : 98 us
 - I/O Handling Time                  : 0 us
        - Read Syscall                : 0 us
        - Write Syscall               : 0 us
        - Page Fault                  : 0 us
        - io_uring                    : 0 us

-- I/O Counts --
 Read Syscall Count                   : 0
 Write Syscall Count                  : 0
 Block I/O Count                      : 0
 io_uring Completion Count            : 0

-- Total I/O Time (block device) --
 Total Block I/O Time           : 0

-- Page Faults & Bytes --
 Page Fault Count               : 0
 Read Bytes                     : 0
 Write Bytes                    : 0
 Block Read Bytes               : 0
 Block Write Bytes              : 0
[===============================================]

[===============================================]
Result of node_idx 20 in node_object 0: Multiply (ND)

-- Elapsed Time Analysis --
 Wall-clock Time                      : 100 us
 - Non I/O Handling Time (Estimated)  : 100 us
 - I/O Handling Time                  : 0 us
        - Read Syscall                : 0 us
        - Write Syscall               : 0 us
        - Page Fault                  : 0 us
        - io_uring                    : 0 us

-- I/O Counts --
 Read Syscall Count                   : 0
 Write Syscall Count                  : 0
 Block I/O Count                      : 0
 io_uring Completion Count            : 0

-- Total I/O Time (block device) --
 Total Block I/O Time           : 0

-- Page Faults & Bytes --
 Page Fault Count               : 0
 Read Bytes                     : 0
 Write Bytes                    : 0
 Block Read Bytes               : 0
 Block Write Bytes              : 0
[===============================================]

[===============================================]
Result of node_idx 21 in node_object 0: Multiply (ND)

-- Elapsed Time Analysis --
 Wall-clock Time                      : 87 us
 - Non I/O Handling Time (Estimated)  : 87 us
 - I/O Handling Time                  : 0 us
        - Read Syscall                : 0 us
        - Write Syscall               : 0 us
        - Page Fault                  : 0 us
        - io_uring                    : 0 us

-- I/O Counts --
 Read Syscall Count                   : 0
 Write Syscall Count                  : 0
 Block I/O Count                      : 0
 io_uring Completion Count            : 0

-- Total I/O Time (block device) --
 Total Block I/O Time           : 0

-- Page Faults & Bytes --
 Page Fault Count               : 0
 Read Bytes                     : 0
 Write Bytes                    : 0
 Block Read Bytes               : 0
 Block Write Bytes              : 0
[===============================================]

[===============================================]
Result of node_idx 22 in node_object 0: Subtract (ND)

-- Elapsed Time Analysis --
 Wall-clock Time                      : 92 us
 - Non I/O Handling Time (Estimated)  : 92 us
 - I/O Handling Time                  : 0 us
        - Read Syscall                : 0 us
        - Write Syscall               : 0 us
        - Page Fault                  : 0 us
        - io_uring                    : 0 us

-- I/O Counts --
 Read Syscall Count                   : 0
 Write Syscall Count                  : 0
 Block I/O Count                      : 0
 io_uring Completion Count            : 0

-- Total I/O Time (block device) --
 Total Block I/O Time           : 0

-- Page Faults & Bytes --
 Page Fault Count               : 0
 Read Bytes                     : 0
 Write Bytes                    : 0
 Block Read Bytes               : 0
 Block Write Bytes              : 0
[===============================================]

[===============================================]
Result of node_idx 23 in node_object 0: Multiply (ND)

-- Elapsed Time Analysis --
 Wall-clock Time                      : 98 us
 - Non I/O Handling Time (Estimated)  : 98 us
 - I/O Handling Time                  : 0 us
        - Read Syscall                : 0 us
        - Write Syscall               : 0 us
        - Page Fault                  : 0 us
        - io_uring                    : 0 us

-- I/O Counts --
 Read Syscall Count                   : 0
 Write Syscall Count                  : 0
 Block I/O Count                      : 0
 io_uring Completion Count            : 0

-- Total I/O Time (block device) --
 Total Block I/O Time           : 0

-- Page Faults & Bytes --
 Page Fault Count               : 0
 Read Bytes                     : 0
 Write Bytes                    : 0
 Block Read Bytes               : 0
 Block Write Bytes              : 0
[===============================================]

[===============================================]
Result of node_idx 24 in node_object 0: Multiply (ND)

-- Elapsed Time Analysis --
 Wall-clock Time                      : 83 us
 - Non I/O Handling Time (Estimated)  : 83 us
 - I/O Handling Time                  : 0 us
        - Read Syscall                : 0 us
        - Write Syscall               : 0 us
        - Page Fault                  : 0 us
        - io_uring                    : 0 us

-- I/O Counts --
 Read Syscall Count                   : 0
 Write Syscall Count                  : 0
 Block I/O Count                      : 0
 io_uring Completion Count            : 0

-- Total I/O Time (block device) --
 Total Block I/O Time           : 0

-- Page Faults & Bytes --
 Page Fault Count               : 0
 Read Bytes                     : 0
 Write Bytes                    : 0
 Block Read Bytes               : 0
 Block Write Bytes              : 0
[===============================================]

[===============================================]
Result of node_idx 25 in node_object 0: Add (ND)

-- Elapsed Time Analysis --
 Wall-clock Time                      : 99 us
 - Non I/O Handling Time (Estimated)  : 99 us
 - I/O Handling Time                  : 0 us
        - Read Syscall                : 0 us
        - Write Syscall               : 0 us
        - Page Fault                  : 0 us
        - io_uring                    : 0 us

-- I/O Counts --
 Read Syscall Count                   : 0
 Write Syscall Count                  : 0
 Block I/O Count                      : 0
 io_uring Completion Count            : 0

-- Total I/O Time (block device) --
 Total Block I/O Time           : 0

-- Page Faults & Bytes --
 Page Fault Count               : 0
 Read Bytes                     : 0
 Write Bytes                    : 0
 Block Read Bytes               : 0
 Block Write Bytes              : 0
[===============================================]

[===============================================]
Result of node_idx 26 in node_object 0: Copy (NC, X32)

-- Elapsed Time Analysis --
 Wall-clock Time                      : 89 us
 - Non I/O Handling Time (Estimated)  : 89 us
 - I/O Handling Time                  : 0 us
        - Read Syscall                : 0 us
        - Write Syscall               : 0 us
        - Page Fault                  : 0 us
        - io_uring                    : 0 us

-- I/O Counts --
 Read Syscall Count                   : 0
 Write Syscall Count                  : 0
 Block I/O Count                      : 0
 io_uring Completion Count            : 0

-- Total I/O Time (block device) --
 Total Block I/O Time           : 0

-- Page Faults & Bytes --
 Page Fault Count               : 0
 Read Bytes                     : 0
 Write Bytes                    : 0
 Block Read Bytes               : 0
 Block Write Bytes              : 0
[===============================================]

[===============================================]
Result of node_idx 26 in node_object 1: Copy (NC, X32)

-- Elapsed Time Analysis --
 Wall-clock Time                      : 93 us
 - Non I/O Handling Time (Estimated)  : 93 us
 - I/O Handling Time                  : 0 us
        - Read Syscall                : 0 us
        - Write Syscall               : 0 us
        - Page Fault                  : 0 us
        - io_uring                    : 0 us

-- I/O Counts --
 Read Syscall Count                   : 0
 Write Syscall Count                  : 0
 Block I/O Count                      : 0
 io_uring Completion Count            : 0

-- Total I/O Time (block device) --
 Total Block I/O Time           : 0

-- Page Faults & Bytes --
 Page Fault Count               : 0
 Read Bytes                     : 0
 Write Bytes                    : 0
 Block Read Bytes               : 0
 Block Write Bytes              : 0
[===============================================]

[===============================================]
Result of node_idx 27 in node_object 0: Transpose (ND, X32)

-- Elapsed Time Analysis --
 Wall-clock Time                      : 3 us
 - Non I/O Handling Time (Estimated)  : 3 us
 - I/O Handling Time                  : 0 us
        - Read Syscall                : 0 us
        - Write Syscall               : 0 us
        - Page Fault                  : 0 us
        - io_uring                    : 0 us

-- I/O Counts --
 Read Syscall Count                   : 0
 Write Syscall Count                  : 0
 Block I/O Count                      : 0
 io_uring Completion Count            : 0

-- Total I/O Time (block device) --
 Total Block I/O Time           : 0

-- Page Faults & Bytes --
 Page Fault Count               : 0
 Read Bytes                     : 0
 Write Bytes                    : 0
 Block Read Bytes               : 0
 Block Write Bytes              : 0
[===============================================]

[===============================================]
Result of node_idx 0 in node_object 0: Multiply (ND)

-- Elapsed Time Analysis --
 Wall-clock Time                      : 98 us
 - Non I/O Handling Time (Estimated)  : 98 us
 - I/O Handling Time                  : 0 us
        - Read Syscall                : 0 us
        - Write Syscall               : 0 us
        - Page Fault                  : 0 us
        - io_uring                    : 0 us

-- I/O Counts --
 Read Syscall Count                   : 0
 Write Syscall Count                  : 0
 Block I/O Count                      : 0
 io_uring Completion Count            : 0

-- Total I/O Time (block device) --
 Total Block I/O Time           : 0

-- Page Faults & Bytes --
 Page Fault Count               : 0
 Read Bytes                     : 0
 Write Bytes                    : 0
 Block Read Bytes               : 0
 Block Write Bytes              : 0
[===============================================]

[===============================================]
Result of node_idx 1 in node_object 0: Transpose (ND, X32)

-- Elapsed Time Analysis --
 Wall-clock Time                      : 4 us
 - Non I/O Handling Time (Estimated)  : 4 us
 - I/O Handling Time                  : 0 us
        - Read Syscall                : 0 us
        - Write Syscall               : 0 us
        - Page Fault                  : 0 us
        - io_uring                    : 0 us

-- I/O Counts --
 Read Syscall Count                   : 0
 Write Syscall Count                  : 0
 Block I/O Count                      : 0
 io_uring Completion Count            : 0

-- Total I/O Time (block device) --
 Total Block I/O Time           : 0

-- Page Faults & Bytes --
 Page Fault Count               : 0
 Read Bytes                     : 0
 Write Bytes                    : 0
 Block Read Bytes               : 0
 Block Write Bytes              : 0
[===============================================]

[===============================================]
Result of node_idx 2 in node_object 0: Transpose (ND, X32)

-- Elapsed Time Analysis --
 Wall-clock Time                      : 111 us
 - Non I/O Handling Time (Estimated)  : 111 us
 - I/O Handling Time                  : 0 us
        - Read Syscall                : 0 us
        - Write Syscall               : 0 us
        - Page Fault                  : 0 us
        - io_uring                    : 0 us

-- I/O Counts --
 Read Syscall Count                   : 0
 Write Syscall Count                  : 0
 Block I/O Count                      : 0
 io_uring Completion Count            : 0

-- Total I/O Time (block device) --
 Total Block I/O Time           : 0

-- Page Faults & Bytes --
 Page Fault Count               : 0
 Read Bytes                     : 0
 Write Bytes                    : 0
 Block Read Bytes               : 0
 Block Write Bytes              : 0
[===============================================]

[===============================================]
Result of node_idx 3 in node_object 0: Static Reshape (NC)

-- Elapsed Time Analysis --
 Wall-clock Time                      : 3 us
 - Non I/O Handling Time (Estimated)  : 3 us
 - I/O Handling Time                  : 0 us
        - Read Syscall                : 0 us
        - Write Syscall               : 0 us
        - Page Fault                  : 0 us
        - io_uring                    : 0 us

-- I/O Counts --
 Read Syscall Count                   : 0
 Write Syscall Count                  : 0
 Block I/O Count                      : 0
 io_uring Completion Count            : 0

-- Total I/O Time (block device) --
 Total Block I/O Time           : 0

-- Page Faults & Bytes --
 Page Fault Count               : 0
 Read Bytes                     : 0
 Write Bytes                    : 0
 Block Read Bytes               : 0
 Block Write Bytes              : 0
[===============================================]

[===============================================]
Result of node_idx 4 in node_object 0: Static Reshape (NC)

-- Elapsed Time Analysis --
 Wall-clock Time                      : 2 us
 - Non I/O Handling Time (Estimated)  : 2 us
 - I/O Handling Time                  : 0 us
        - Read Syscall                : 0 us
        - Write Syscall               : 0 us
        - Page Fault                  : 0 us
        - io_uring                    : 0 us

-- I/O Counts --
 Read Syscall Count                   : 0
 Write Syscall Count                  : 0
 Block I/O Count                      : 0
 io_uring Completion Count            : 0

-- Total I/O Time (block device) --
 Total Block I/O Time           : 0

-- Page Faults & Bytes --
 Page Fault Count               : 0
 Read Bytes                     : 0
 Write Bytes                    : 0
 Block Read Bytes               : 0
 Block Write Bytes              : 0
[===============================================]

[===============================================]
Result of node_idx 5 in node_object 0: Batch Matrix Multiply (NC, F32)

-- Elapsed Time Analysis --
 Wall-clock Time                      : 245 us
 - Non I/O Handling Time (Estimated)  : 245 us
 - I/O Handling Time                  : 0 us
        - Read Syscall                : 0 us
        - Write Syscall               : 0 us
        - Page Fault                  : 0 us
        - io_uring                    : 0 us

-- I/O Counts --
 Read Syscall Count                   : 0
 Write Syscall Count                  : 0
 Block I/O Count                      : 0
 io_uring Completion Count            : 0

-- Total I/O Time (block device) --
 Total Block I/O Time           : 0

-- Page Faults & Bytes --
 Page Fault Count               : 0
 Read Bytes                     : 0
 Write Bytes                    : 0
 Block Read Bytes               : 0
 Block Write Bytes              : 0
[===============================================]

[===============================================]
Result of node_idx 6 in node_object 0: Static Reshape (NC)

-- Elapsed Time Analysis --
 Wall-clock Time                      : 2 us
 - Non I/O Handling Time (Estimated)  : 2 us
 - I/O Handling Time                  : 0 us
        - Read Syscall                : 0 us
        - Write Syscall               : 0 us
        - Page Fault                  : 0 us
        - io_uring                    : 0 us

-- I/O Counts --
 Read Syscall Count                   : 0
 Write Syscall Count                  : 0
 Block I/O Count                      : 0
 io_uring Completion Count            : 0

-- Total I/O Time (block device) --
 Total Block I/O Time           : 0

-- Page Faults & Bytes --
 Page Fault Count               : 0
 Read Bytes                     : 0
 Write Bytes                    : 0
 Block Read Bytes               : 0
 Block Write Bytes              : 0
[===============================================]

[===============================================]
Result of node_idx 7 in node_object 0: Add (ND)

-- Elapsed Time Analysis --
 Wall-clock Time                      : 101 us
 - Non I/O Handling Time (Estimated)  : 101 us
 - I/O Handling Time                  : 0 us
        - Read Syscall                : 0 us
        - Write Syscall               : 0 us
        - Page Fault                  : 0 us
        - io_uring                    : 0 us

-- I/O Counts --
 Read Syscall Count                   : 0
 Write Syscall Count                  : 0
 Block I/O Count                      : 0
 io_uring Completion Count            : 0

-- Total I/O Time (block device) --
 Total Block I/O Time           : 0

-- Page Faults & Bytes --
 Page Fault Count               : 0
 Read Bytes                     : 0
 Write Bytes                    : 0
 Block Read Bytes               : 0
 Block Write Bytes              : 0
[===============================================]

[===============================================]
Result of node_idx 8 in node_object 0: Softmax (NC, F32)

-- Elapsed Time Analysis --
 Wall-clock Time                      : 116 us
 - Non I/O Handling Time (Estimated)  : 116 us
 - I/O Handling Time                  : 0 us
        - Read Syscall                : 0 us
        - Write Syscall               : 0 us
        - Page Fault                  : 0 us
        - io_uring                    : 0 us

-- I/O Counts --
 Read Syscall Count                   : 0
 Write Syscall Count                  : 0
 Block I/O Count                      : 0
 io_uring Completion Count            : 0

-- Total I/O Time (block device) --
 Total Block I/O Time           : 0

-- Page Faults & Bytes --
 Page Fault Count               : 0
 Read Bytes                     : 0
 Write Bytes                    : 0
 Block Read Bytes               : 0
 Block Write Bytes              : 0
[===============================================]

[===============================================]
Result of node_idx 9 in node_object 0: Transpose (ND, X32)

-- Elapsed Time Analysis --
 Wall-clock Time                      : 128 us
 - Non I/O Handling Time (Estimated)  : 128 us
 - I/O Handling Time                  : 0 us
        - Read Syscall                : 0 us
        - Write Syscall               : 0 us
        - Page Fault                  : 0 us
        - io_uring                    : 0 us

-- I/O Counts --
 Read Syscall Count                   : 0
 Write Syscall Count                  : 0
 Block I/O Count                      : 0
 io_uring Completion Count            : 0

-- Total I/O Time (block device) --
 Total Block I/O Time           : 0

-- Page Faults & Bytes --
 Page Fault Count               : 0
 Read Bytes                     : 0
 Write Bytes                    : 0
 Block Read Bytes               : 0
 Block Write Bytes              : 0
[===============================================]

[===============================================]
Result of node_idx 10 in node_object 0: Static Reshape (NC)

-- Elapsed Time Analysis --
 Wall-clock Time                      : 3 us
 - Non I/O Handling Time (Estimated)  : 3 us
 - I/O Handling Time                  : 0 us
        - Read Syscall                : 0 us
        - Write Syscall               : 0 us
        - Page Fault                  : 0 us
        - io_uring                    : 0 us

-- I/O Counts --
 Read Syscall Count                   : 0
 Write Syscall Count                  : 0
 Block I/O Count                      : 0
 io_uring Completion Count            : 0

-- Total I/O Time (block device) --
 Total Block I/O Time           : 0

-- Page Faults & Bytes --
 Page Fault Count               : 0
 Read Bytes                     : 0
 Write Bytes                    : 0
 Block Read Bytes               : 0
 Block Write Bytes              : 0
[===============================================]

[===============================================]
Result of node_idx 11 in node_object 0: Static Reshape (NC)

-- Elapsed Time Analysis --
 Wall-clock Time                      : 3 us
 - Non I/O Handling Time (Estimated)  : 3 us
 - I/O Handling Time                  : 0 us
        - Read Syscall                : 0 us
        - Write Syscall               : 0 us
        - Page Fault                  : 0 us
        - io_uring                    : 0 us

-- I/O Counts --
 Read Syscall Count                   : 0
 Write Syscall Count                  : 0
 Block I/O Count                      : 0
 io_uring Completion Count            : 0

-- Total I/O Time (block device) --
 Total Block I/O Time           : 0

-- Page Faults & Bytes --
 Page Fault Count               : 0
 Read Bytes                     : 0
 Write Bytes                    : 0
 Block Read Bytes               : 0
 Block Write Bytes              : 0
[===============================================]

[===============================================]
Result of node_idx 12 in node_object 0: Batch Matrix Multiply (NC, F32)

-- Elapsed Time Analysis --
 Wall-clock Time                      : 238 us
 - Non I/O Handling Time (Estimated)  : 238 us
 - I/O Handling Time                  : 0 us
        - Read Syscall                : 0 us
        - Write Syscall               : 0 us
        - Page Fault                  : 0 us
        - io_uring                    : 0 us

-- I/O Counts --
 Read Syscall Count                   : 0
 Write Syscall Count                  : 0
 Block I/O Count                      : 0
 io_uring Completion Count            : 0

-- Total I/O Time (block device) --
 Total Block I/O Time           : 0

-- Page Faults & Bytes --
 Page Fault Count               : 0
 Read Bytes                     : 0
 Write Bytes                    : 0
 Block Read Bytes               : 0
 Block Write Bytes              : 0
[===============================================]

[===============================================]
Result of node_idx 13 in node_object 0: Static Reshape (NC)

-- Elapsed Time Analysis --
 Wall-clock Time                      : 2 us
 - Non I/O Handling Time (Estimated)  : 2 us
 - I/O Handling Time                  : 0 us
        - Read Syscall                : 0 us
        - Write Syscall               : 0 us
        - Page Fault                  : 0 us
        - io_uring                    : 0 us

-- I/O Counts --
 Read Syscall Count                   : 0
 Write Syscall Count                  : 0
 Block I/O Count                      : 0
 io_uring Completion Count            : 0

-- Total I/O Time (block device) --
 Total Block I/O Time           : 0

-- Page Faults & Bytes --
 Page Fault Count               : 0
 Read Bytes                     : 0
 Write Bytes                    : 0
 Block Read Bytes               : 0
 Block Write Bytes              : 0
[===============================================]

[===============================================]
Result of node_idx 14 in node_object 0: Transpose (ND, X32)

-- Elapsed Time Analysis --
 Wall-clock Time                      : 4 us
 - Non I/O Handling Time (Estimated)  : 4 us
 - I/O Handling Time                  : 0 us
        - Read Syscall                : 0 us
        - Write Syscall               : 0 us
        - Page Fault                  : 0 us
        - io_uring                    : 0 us

-- I/O Counts --
 Read Syscall Count                   : 0
 Write Syscall Count                  : 0
 Block I/O Count                      : 0
 io_uring Completion Count            : 0

-- Total I/O Time (block device) --
 Total Block I/O Time           : 0

-- Page Faults & Bytes --
 Page Fault Count               : 0
 Read Bytes                     : 0
 Write Bytes                    : 0
 Block Read Bytes               : 0
 Block Write Bytes              : 0
[===============================================]

[===============================================]
Result of node_idx 15 in node_object 0: Static Reshape (NC)

-- Elapsed Time Analysis --
 Wall-clock Time                      : 2 us
 - Non I/O Handling Time (Estimated)  : 2 us
 - I/O Handling Time                  : 0 us
        - Read Syscall                : 0 us
        - Write Syscall               : 0 us
        - Page Fault                  : 0 us
        - io_uring                    : 0 us

-- I/O Counts --
 Read Syscall Count                   : 0
 Write Syscall Count                  : 0
 Block I/O Count                      : 0
 io_uring Completion Count            : 0

-- Total I/O Time (block device) --
 Total Block I/O Time           : 0

-- Page Faults & Bytes --
 Page Fault Count               : 0
 Read Bytes                     : 0
 Write Bytes                    : 0
 Block Read Bytes               : 0
 Block Write Bytes              : 0
[===============================================]

[===============================================]
Result of node_idx 16 in node_object 0: Fully Connected (NC, QDU8, F32, QC8W)

-- Elapsed Time Analysis --
 Wall-clock Time                      : 770 us
 - Non I/O Handling Time (Estimated)  : 248 us
 - I/O Handling Time                  : 522 us
        - Read Syscall                : 0 us
        - Write Syscall               : 0 us
        - Page Fault                  : 522 us
        - io_uring                    : 0 us

-- I/O Counts --
 Read Syscall Count                   : 0
 Write Syscall Count                  : 0
 Block I/O Count                      : 3
 io_uring Completion Count            : 0

-- Total I/O Time (block device) --
 Total Block I/O Time           : 1019

-- Page Faults & Bytes --
 Page Fault Count               : 11
 Read Bytes                     : 0
 Write Bytes                    : 0
 Block Read Bytes               : 90112
 Block Write Bytes              : 0
[===============================================]

[===============================================]
Result of node_idx 17 in node_object 0: Add (ND)

-- Elapsed Time Analysis --
 Wall-clock Time                      : 20 us
 - Non I/O Handling Time (Estimated)  : 20 us
 - I/O Handling Time                  : 0 us
        - Read Syscall                : 0 us
        - Write Syscall               : 0 us
        - Page Fault                  : 0 us
        - io_uring                    : 0 us

-- I/O Counts --
 Read Syscall Count                   : 0
 Write Syscall Count                  : 0
 Block I/O Count                      : 0
 io_uring Completion Count            : 0

-- Total I/O Time (block device) --
 Total Block I/O Time           : 0

-- Page Faults & Bytes --
 Page Fault Count               : 0
 Read Bytes                     : 0
 Write Bytes                    : 0
 Block Read Bytes               : 0
 Block Write Bytes              : 0
[===============================================]

[===============================================]
Result of node_idx 0 in node_object 0: Multiply (ND)

-- Elapsed Time Analysis --
 Wall-clock Time                      : 103 us
 - Non I/O Handling Time (Estimated)  : 103 us
 - I/O Handling Time                  : 0 us
        - Read Syscall                : 0 us
        - Write Syscall               : 0 us
        - Page Fault                  : 0 us
        - io_uring                    : 0 us

-- I/O Counts --
 Read Syscall Count                   : 0
 Write Syscall Count                  : 0
 Block I/O Count                      : 0
 io_uring Completion Count            : 0

-- Total I/O Time (block device) --
 Total Block I/O Time           : 0

-- Page Faults & Bytes --
 Page Fault Count               : 0
 Read Bytes                     : 0
 Write Bytes                    : 0
 Block Read Bytes               : 0
 Block Write Bytes              : 0
[===============================================]

[===============================================]
Result of node_idx 1 in node_object 0: Sum (ND)

-- Elapsed Time Analysis --
 Wall-clock Time                      : 101 us
 - Non I/O Handling Time (Estimated)  : 101 us
 - I/O Handling Time                  : 0 us
        - Read Syscall                : 0 us
        - Write Syscall               : 0 us
        - Page Fault                  : 0 us
        - io_uring                    : 0 us

-- I/O Counts --
 Read Syscall Count                   : 0
 Write Syscall Count                  : 0
 Block I/O Count                      : 0
 io_uring Completion Count            : 0

-- Total I/O Time (block device) --
 Total Block I/O Time           : 0

-- Page Faults & Bytes --
 Page Fault Count               : 0
 Read Bytes                     : 0
 Write Bytes                    : 0
 Block Read Bytes               : 0
 Block Write Bytes              : 0
[===============================================]

[===============================================]
Result of node_idx 2 in node_object 0: Multiply (ND)

-- Elapsed Time Analysis --
 Wall-clock Time                      : 10 us
 - Non I/O Handling Time (Estimated)  : 10 us
 - I/O Handling Time                  : 0 us
        - Read Syscall                : 0 us
        - Write Syscall               : 0 us
        - Page Fault                  : 0 us
        - io_uring                    : 0 us

-- I/O Counts --
 Read Syscall Count                   : 0
 Write Syscall Count                  : 0
 Block I/O Count                      : 0
 io_uring Completion Count            : 0

-- Total I/O Time (block device) --
 Total Block I/O Time           : 0

-- Page Faults & Bytes --
 Page Fault Count               : 0
 Read Bytes                     : 0
 Write Bytes                    : 0
 Block Read Bytes               : 0
 Block Write Bytes              : 0
[===============================================]

[===============================================]
Result of node_idx 3 in node_object 0: Add (ND)

-- Elapsed Time Analysis --
 Wall-clock Time                      : 3 us
 - Non I/O Handling Time (Estimated)  : 3 us
 - I/O Handling Time                  : 0 us
        - Read Syscall                : 0 us
        - Write Syscall               : 0 us
        - Page Fault                  : 0 us
        - io_uring                    : 0 us

-- I/O Counts --
 Read Syscall Count                   : 0
 Write Syscall Count                  : 0
 Block I/O Count                      : 0
 io_uring Completion Count            : 0

-- Total I/O Time (block device) --
 Total Block I/O Time           : 0

-- Page Faults & Bytes --
 Page Fault Count               : 0
 Read Bytes                     : 0
 Write Bytes                    : 0
 Block Read Bytes               : 0
 Block Write Bytes              : 0
[===============================================]

[===============================================]
Result of node_idx 4 in node_object 0: Static Reshape (NC)

-- Elapsed Time Analysis --
 Wall-clock Time                      : 2 us
 - Non I/O Handling Time (Estimated)  : 2 us
 - I/O Handling Time                  : 0 us
        - Read Syscall                : 0 us
        - Write Syscall               : 0 us
        - Page Fault                  : 0 us
        - io_uring                    : 0 us

-- I/O Counts --
 Read Syscall Count                   : 0
 Write Syscall Count                  : 0
 Block I/O Count                      : 0
 io_uring Completion Count            : 0

-- Total I/O Time (block device) --
 Total Block I/O Time           : 0

-- Page Faults & Bytes --
 Page Fault Count               : 0
 Read Bytes                     : 0
 Write Bytes                    : 0
 Block Read Bytes               : 0
 Block Write Bytes              : 0
[===============================================]

[===============================================]
Result of node_idx 5 in node_object 0: Reciprocal Square Root (NC)

-- Elapsed Time Analysis --
 Wall-clock Time                      : 2 us
 - Non I/O Handling Time (Estimated)  : 2 us
 - I/O Handling Time                  : 0 us
        - Read Syscall                : 0 us
        - Write Syscall               : 0 us
        - Page Fault                  : 0 us
        - io_uring                    : 0 us

-- I/O Counts --
 Read Syscall Count                   : 0
 Write Syscall Count                  : 0
 Block I/O Count                      : 0
 io_uring Completion Count            : 0

-- Total I/O Time (block device) --
 Total Block I/O Time           : 0

-- Page Faults & Bytes --
 Page Fault Count               : 0
 Read Bytes                     : 0
 Write Bytes                    : 0
 Block Read Bytes               : 0
 Block Write Bytes              : 0
[===============================================]

[===============================================]
Result of node_idx 6 in node_object 0: Multiply (ND)

-- Elapsed Time Analysis --
 Wall-clock Time                      : 92 us
 - Non I/O Handling Time (Estimated)  : 92 us
 - I/O Handling Time                  : 0 us
        - Read Syscall                : 0 us
        - Write Syscall               : 0 us
        - Page Fault                  : 0 us
        - io_uring                    : 0 us

-- I/O Counts --
 Read Syscall Count                   : 0
 Write Syscall Count                  : 0
 Block I/O Count                      : 0
 io_uring Completion Count            : 0

-- Total I/O Time (block device) --
 Total Block I/O Time           : 0

-- Page Faults & Bytes --
 Page Fault Count               : 0
 Read Bytes                     : 0
 Write Bytes                    : 0
 Block Read Bytes               : 0
 Block Write Bytes              : 0
[===============================================]

[===============================================]
Result of node_idx 7 in node_object 0: Multiply (ND)

-- Elapsed Time Analysis --
 Wall-clock Time                      : 18 us
 - Non I/O Handling Time (Estimated)  : 18 us
 - I/O Handling Time                  : 0 us
        - Read Syscall                : 0 us
        - Write Syscall               : 0 us
        - Page Fault                  : 0 us
        - io_uring                    : 0 us

-- I/O Counts --
 Read Syscall Count                   : 0
 Write Syscall Count                  : 0
 Block I/O Count                      : 0
 io_uring Completion Count            : 0

-- Total I/O Time (block device) --
 Total Block I/O Time           : 0

-- Page Faults & Bytes --
 Page Fault Count               : 0
 Read Bytes                     : 0
 Write Bytes                    : 0
 Block Read Bytes               : 0
 Block Write Bytes              : 0
[===============================================]

[===============================================]
Result of node_idx 0 in node_object 0: Fully Connected (NC, QDU8, F32, QC8W)

-- Elapsed Time Analysis --
 Wall-clock Time                      : 1052 us
 - Non I/O Handling Time (Estimated)  : 222 us
 - I/O Handling Time                  : 830 us
        - Read Syscall                : 0 us
        - Write Syscall               : 0 us
        - Page Fault                  : 830 us
        - io_uring                    : 0 us

-- I/O Counts --
 Read Syscall Count                   : 0
 Write Syscall Count                  : 0
 Block I/O Count                      : 4
 io_uring Completion Count            : 0

-- Total I/O Time (block device) --
 Total Block I/O Time           : 1124

-- Page Faults & Bytes --
 Page Fault Count               : 9
 Read Bytes                     : 0
 Write Bytes                    : 0
 Block Read Bytes               : 163840
 Block Write Bytes              : 0
[===============================================]

[===============================================]
Result of node_idx 1 in node_object 0: Sigmoid (NC)

-- Elapsed Time Analysis --
 Wall-clock Time                      : 93 us
 - Non I/O Handling Time (Estimated)  : 93 us
 - I/O Handling Time                  : 0 us
        - Read Syscall                : 0 us
        - Write Syscall               : 0 us
        - Page Fault                  : 0 us
        - io_uring                    : 0 us

-- I/O Counts --
 Read Syscall Count                   : 0
 Write Syscall Count                  : 0
 Block I/O Count                      : 0
 io_uring Completion Count            : 0

-- Total I/O Time (block device) --
 Total Block I/O Time           : 0

-- Page Faults & Bytes --
 Page Fault Count               : 0
 Read Bytes                     : 0
 Write Bytes                    : 0
 Block Read Bytes               : 0
 Block Write Bytes              : 0
[===============================================]

[===============================================]
Result of node_idx 2 in node_object 0: Multiply (ND)

-- Elapsed Time Analysis --
 Wall-clock Time                      : 106 us
 - Non I/O Handling Time (Estimated)  : 106 us
 - I/O Handling Time                  : 0 us
        - Read Syscall                : 0 us
        - Write Syscall               : 0 us
        - Page Fault                  : 0 us
        - io_uring                    : 0 us

-- I/O Counts --
 Read Syscall Count                   : 0
 Write Syscall Count                  : 0
 Block I/O Count                      : 0
 io_uring Completion Count            : 0

-- Total I/O Time (block device) --
 Total Block I/O Time           : 0

-- Page Faults & Bytes --
 Page Fault Count               : 0
 Read Bytes                     : 0
 Write Bytes                    : 0
 Block Read Bytes               : 0
 Block Write Bytes              : 0
[===============================================]

[===============================================]
Result of node_idx 3 in node_object 0: Fully Connected (NC, QDU8, F32, QC8W)

-- Elapsed Time Analysis --
 Wall-clock Time                      : 1140 us
 - Non I/O Handling Time (Estimated)  : 328 us
 - I/O Handling Time                  : 812 us
        - Read Syscall                : 0 us
        - Write Syscall               : 0 us
        - Page Fault                  : 812 us
        - io_uring                    : 0 us

-- I/O Counts --
 Read Syscall Count                   : 0
 Write Syscall Count                  : 0
 Block I/O Count                      : 5
 io_uring Completion Count            : 0

-- Total I/O Time (block device) --
 Total Block I/O Time           : 1106

-- Page Faults & Bytes --
 Page Fault Count               : 8
 Read Bytes                     : 0
 Write Bytes                    : 0
 Block Read Bytes               : 135168
 Block Write Bytes              : 0
[===============================================]

[===============================================]
Result of node_idx 4 in node_object 0: Multiply (ND)

-- Elapsed Time Analysis --
 Wall-clock Time                      : 15 us
 - Non I/O Handling Time (Estimated)  : 15 us
 - I/O Handling Time                  : 0 us
        - Read Syscall                : 0 us
        - Write Syscall               : 0 us
        - Page Fault                  : 0 us
        - io_uring                    : 0 us

-- I/O Counts --
 Read Syscall Count                   : 0
 Write Syscall Count                  : 0
 Block I/O Count                      : 0
 io_uring Completion Count            : 0

-- Total I/O Time (block device) --
 Total Block I/O Time           : 0

-- Page Faults & Bytes --
 Page Fault Count               : 0
 Read Bytes                     : 0
 Write Bytes                    : 0
 Block Read Bytes               : 0
 Block Write Bytes              : 0
[===============================================]

[===============================================]
Result of node_idx 5 in node_object 0: Fully Connected (NC, QDU8, F32, QC8W)

-- Elapsed Time Analysis --
 Wall-clock Time                      : 915 us
 - Non I/O Handling Time (Estimated)  : 26 us
 - I/O Handling Time                  : 889 us
        - Read Syscall                : 0 us
        - Write Syscall               : 0 us
        - Page Fault                  : 889 us
        - io_uring                    : 0 us

-- I/O Counts --
 Read Syscall Count                   : 0
 Write Syscall Count                  : 0
 Block I/O Count                      : 1
 io_uring Completion Count            : 0

-- Total I/O Time (block device) --
 Total Block I/O Time           : 779

-- Page Faults & Bytes --
 Page Fault Count               : 6
 Read Bytes                     : 0
 Write Bytes                    : 0
 Block Read Bytes               : 57344
 Block Write Bytes              : 0
[===============================================]

[===============================================]
Result of node_idx 6 in node_object 0: Add (ND)

-- Elapsed Time Analysis --
 Wall-clock Time                      : 16 us
 - Non I/O Handling Time (Estimated)  : 16 us
 - I/O Handling Time                  : 0 us
        - Read Syscall                : 0 us
        - Write Syscall               : 0 us
        - Page Fault                  : 0 us
        - io_uring                    : 0 us

-- I/O Counts --
 Read Syscall Count                   : 0
 Write Syscall Count                  : 0
 Block I/O Count                      : 0
 io_uring Completion Count            : 0

-- Total I/O Time (block device) --
 Total Block I/O Time           : 0

-- Page Faults & Bytes --
 Page Fault Count               : 0
 Read Bytes                     : 0
 Write Bytes                    : 0
 Block Read Bytes               : 0
 Block Write Bytes              : 0
[===============================================]

[===============================================]
Result of node_idx 0 in node_object 0: Multiply (ND)

-- Elapsed Time Analysis --
 Wall-clock Time                      : 10 us
 - Non I/O Handling Time (Estimated)  : 10 us
 - I/O Handling Time                  : 0 us
        - Read Syscall                : 0 us
        - Write Syscall               : 0 us
        - Page Fault                  : 0 us
        - io_uring                    : 0 us

-- I/O Counts --
 Read Syscall Count                   : 0
 Write Syscall Count                  : 0
 Block I/O Count                      : 0
 io_uring Completion Count            : 0

-- Total I/O Time (block device) --
 Total Block I/O Time           : 0

-- Page Faults & Bytes --
 Page Fault Count               : 0
 Read Bytes                     : 0
 Write Bytes                    : 0
 Block Read Bytes               : 0
 Block Write Bytes              : 0
[===============================================]

[===============================================]
Result of node_idx 1 in node_object 0: Sum (ND)

-- Elapsed Time Analysis --
 Wall-clock Time                      : 11 us
 - Non I/O Handling Time (Estimated)  : 11 us
 - I/O Handling Time                  : 0 us
        - Read Syscall                : 0 us
        - Write Syscall               : 0 us
        - Page Fault                  : 0 us
        - io_uring                    : 0 us

-- I/O Counts --
 Read Syscall Count                   : 0
 Write Syscall Count                  : 0
 Block I/O Count                      : 0
 io_uring Completion Count            : 0

-- Total I/O Time (block device) --
 Total Block I/O Time           : 0

-- Page Faults & Bytes --
 Page Fault Count               : 0
 Read Bytes                     : 0
 Write Bytes                    : 0
 Block Read Bytes               : 0
 Block Write Bytes              : 0
[===============================================]

[===============================================]
Result of node_idx 2 in node_object 0: Multiply (ND)

-- Elapsed Time Analysis --
 Wall-clock Time                      : 4 us
 - Non I/O Handling Time (Estimated)  : 4 us
 - I/O Handling Time                  : 0 us
        - Read Syscall                : 0 us
        - Write Syscall               : 0 us
        - Page Fault                  : 0 us
        - io_uring                    : 0 us

-- I/O Counts --
 Read Syscall Count                   : 0
 Write Syscall Count                  : 0
 Block I/O Count                      : 0
 io_uring Completion Count            : 0

-- Total I/O Time (block device) --
 Total Block I/O Time           : 0

-- Page Faults & Bytes --
 Page Fault Count               : 0
 Read Bytes                     : 0
 Write Bytes                    : 0
 Block Read Bytes               : 0
 Block Write Bytes              : 0
[===============================================]

[===============================================]
Result of node_idx 3 in node_object 0: Add (ND)

-- Elapsed Time Analysis --
 Wall-clock Time                      : 3 us
 - Non I/O Handling Time (Estimated)  : 3 us
 - I/O Handling Time                  : 0 us
        - Read Syscall                : 0 us
        - Write Syscall               : 0 us
        - Page Fault                  : 0 us
        - io_uring                    : 0 us

-- I/O Counts --
 Read Syscall Count                   : 0
 Write Syscall Count                  : 0
 Block I/O Count                      : 0
 io_uring Completion Count            : 0

-- Total I/O Time (block device) --
 Total Block I/O Time           : 0

-- Page Faults & Bytes --
 Page Fault Count               : 0
 Read Bytes                     : 0
 Write Bytes                    : 0
 Block Read Bytes               : 0
 Block Write Bytes              : 0
[===============================================]

[===============================================]
Result of node_idx 4 in node_object 0: Static Reshape (NC)

-- Elapsed Time Analysis --
 Wall-clock Time                      : 3 us
 - Non I/O Handling Time (Estimated)  : 3 us
 - I/O Handling Time                  : 0 us
        - Read Syscall                : 0 us
        - Write Syscall               : 0 us
        - Page Fault                  : 0 us
        - io_uring                    : 0 us

-- I/O Counts --
 Read Syscall Count                   : 0
 Write Syscall Count                  : 0
 Block I/O Count                      : 0
 io_uring Completion Count            : 0

-- Total I/O Time (block device) --
 Total Block I/O Time           : 0

-- Page Faults & Bytes --
 Page Fault Count               : 0
 Read Bytes                     : 0
 Write Bytes                    : 0
 Block Read Bytes               : 0
 Block Write Bytes              : 0
[===============================================]

[===============================================]
Result of node_idx 5 in node_object 0: Reciprocal Square Root (NC)

-- Elapsed Time Analysis --
 Wall-clock Time                      : 4 us
 - Non I/O Handling Time (Estimated)  : 4 us
 - I/O Handling Time                  : 0 us
        - Read Syscall                : 0 us
        - Write Syscall               : 0 us
        - Page Fault                  : 0 us
        - io_uring                    : 0 us

-- I/O Counts --
 Read Syscall Count                   : 0
 Write Syscall Count                  : 0
 Block I/O Count                      : 0
 io_uring Completion Count            : 0

-- Total I/O Time (block device) --
 Total Block I/O Time           : 0

-- Page Faults & Bytes --
 Page Fault Count               : 0
 Read Bytes                     : 0
 Write Bytes                    : 0
 Block Read Bytes               : 0
 Block Write Bytes              : 0
[===============================================]

[===============================================]
Result of node_idx 6 in node_object 0: Multiply (ND)

-- Elapsed Time Analysis --
 Wall-clock Time                      : 5 us
 - Non I/O Handling Time (Estimated)  : 5 us
 - I/O Handling Time                  : 0 us
        - Read Syscall                : 0 us
        - Write Syscall               : 0 us
        - Page Fault                  : 0 us
        - io_uring                    : 0 us

-- I/O Counts --
 Read Syscall Count                   : 0
 Write Syscall Count                  : 0
 Block I/O Count                      : 0
 io_uring Completion Count            : 0

-- Total I/O Time (block device) --
 Total Block I/O Time           : 0

-- Page Faults & Bytes --
 Page Fault Count               : 0
 Read Bytes                     : 0
 Write Bytes                    : 0
 Block Read Bytes               : 0
 Block Write Bytes              : 0
[===============================================]

[===============================================]
Result of node_idx 7 in node_object 0: Multiply (ND)

-- Elapsed Time Analysis --
 Wall-clock Time                      : 6 us
 - Non I/O Handling Time (Estimated)  : 6 us
 - I/O Handling Time                  : 0 us
        - Read Syscall                : 0 us
        - Write Syscall               : 0 us
        - Page Fault                  : 0 us
        - io_uring                    : 0 us

-- I/O Counts --
 Read Syscall Count                   : 0
 Write Syscall Count                  : 0
 Block I/O Count                      : 0
 io_uring Completion Count            : 0

-- Total I/O Time (block device) --
 Total Block I/O Time           : 0

-- Page Faults & Bytes --
 Page Fault Count               : 0
 Read Bytes                     : 0
 Write Bytes                    : 0
 Block Read Bytes               : 0
 Block Write Bytes              : 0
[===============================================]

[===============================================]
Result of node_idx 0 in node_object 0: Fully Connected (NC, QDU8, F32, QC8W)

-- Elapsed Time Analysis --
 Wall-clock Time                      : 691 us
 - Non I/O Handling Time (Estimated)  : 109 us
 - I/O Handling Time                  : 582 us
        - Read Syscall                : 0 us
        - Write Syscall               : 0 us
        - Page Fault                  : 582 us
        - io_uring                    : 0 us

-- I/O Counts --
 Read Syscall Count                   : 0
 Write Syscall Count                  : 0
 Block I/O Count                      : 3
 io_uring Completion Count            : 0

-- Total I/O Time (block device) --
 Total Block I/O Time           : 953

-- Page Faults & Bytes --
 Page Fault Count               : 4
 Read Bytes                     : 0
 Write Bytes                    : 0
 Block Read Bytes               : 40960
 Block Write Bytes              : 0
[===============================================]

[===============================================]
Result of node_idx 1 in node_object 0: Static Reshape (NC)

-- Elapsed Time Analysis --
 Wall-clock Time                      : 86 us
 - Non I/O Handling Time (Estimated)  : 86 us
 - I/O Handling Time                  : 0 us
        - Read Syscall                : 0 us
        - Write Syscall               : 0 us
        - Page Fault                  : 0 us
        - io_uring                    : 0 us

-- I/O Counts --
 Read Syscall Count                   : 0
 Write Syscall Count                  : 0
 Block I/O Count                      : 0
 io_uring Completion Count            : 0

-- Total I/O Time (block device) --
 Total Block I/O Time           : 0

-- Page Faults & Bytes --
 Page Fault Count               : 0
 Read Bytes                     : 0
 Write Bytes                    : 0
 Block Read Bytes               : 0
 Block Write Bytes              : 0
[===============================================]

[===============================================]
Result of node_idx 2 in node_object 0: Slice (ND, X32)

-- Elapsed Time Analysis --
 Wall-clock Time                      : 104 us
 - Non I/O Handling Time (Estimated)  : 104 us
 - I/O Handling Time                  : 0 us
        - Read Syscall                : 0 us
        - Write Syscall               : 0 us
        - Page Fault                  : 0 us
        - io_uring                    : 0 us

-- I/O Counts --
 Read Syscall Count                   : 0
 Write Syscall Count                  : 0
 Block I/O Count                      : 0
 io_uring Completion Count            : 0

-- Total I/O Time (block device) --
 Total Block I/O Time           : 0

-- Page Faults & Bytes --
 Page Fault Count               : 0
 Read Bytes                     : 0
 Write Bytes                    : 0
 Block Read Bytes               : 0
 Block Write Bytes              : 0
[===============================================]

[===============================================]
Result of node_idx 3 in node_object 0: Slice (ND, X32)

-- Elapsed Time Analysis --
 Wall-clock Time                      : 93 us
 - Non I/O Handling Time (Estimated)  : 93 us
 - I/O Handling Time                  : 0 us
        - Read Syscall                : 0 us
        - Write Syscall               : 0 us
        - Page Fault                  : 0 us
        - io_uring                    : 0 us

-- I/O Counts --
 Read Syscall Count                   : 0
 Write Syscall Count                  : 0
 Block I/O Count                      : 0
 io_uring Completion Count            : 0

-- Total I/O Time (block device) --
 Total Block I/O Time           : 0

-- Page Faults & Bytes --
 Page Fault Count               : 0
 Read Bytes                     : 0
 Write Bytes                    : 0
 Block Read Bytes               : 0
 Block Write Bytes              : 0
[===============================================]

[===============================================]
Result of node_idx 4 in node_object 0: Transpose (ND, X32)

-- Elapsed Time Analysis --
 Wall-clock Time                      : 4 us
 - Non I/O Handling Time (Estimated)  : 4 us
 - I/O Handling Time                  : 0 us
        - Read Syscall                : 0 us
        - Write Syscall               : 0 us
        - Page Fault                  : 0 us
        - io_uring                    : 0 us

-- I/O Counts --
 Read Syscall Count                   : 0
 Write Syscall Count                  : 0
 Block I/O Count                      : 0
 io_uring Completion Count            : 0

-- Total I/O Time (block device) --
 Total Block I/O Time           : 0

-- Page Faults & Bytes --
 Page Fault Count               : 0
 Read Bytes                     : 0
 Write Bytes                    : 0
 Block Read Bytes               : 0
 Block Write Bytes              : 0
[===============================================]

[===============================================]
Result of node_idx 5 in node_object 0: Slice (ND, X32)

-- Elapsed Time Analysis --
 Wall-clock Time                      : 92 us
 - Non I/O Handling Time (Estimated)  : 92 us
 - I/O Handling Time                  : 0 us
        - Read Syscall                : 0 us
        - Write Syscall               : 0 us
        - Page Fault                  : 0 us
        - io_uring                    : 0 us

-- I/O Counts --
 Read Syscall Count                   : 0
 Write Syscall Count                  : 0
 Block I/O Count                      : 0
 io_uring Completion Count            : 0

-- Total I/O Time (block device) --
 Total Block I/O Time           : 0

-- Page Faults & Bytes --
 Page Fault Count               : 0
 Read Bytes                     : 0
 Write Bytes                    : 0
 Block Read Bytes               : 0
 Block Write Bytes              : 0
[===============================================]

[===============================================]
Result of node_idx 6 in node_object 0: Slice (ND, X32)

-- Elapsed Time Analysis --
 Wall-clock Time                      : 101 us
 - Non I/O Handling Time (Estimated)  : 101 us
 - I/O Handling Time                  : 0 us
        - Read Syscall                : 0 us
        - Write Syscall               : 0 us
        - Page Fault                  : 0 us
        - io_uring                    : 0 us

-- I/O Counts --
 Read Syscall Count                   : 0
 Write Syscall Count                  : 0
 Block I/O Count                      : 0
 io_uring Completion Count            : 0

-- Total I/O Time (block device) --
 Total Block I/O Time           : 0

-- Page Faults & Bytes --
 Page Fault Count               : 0
 Read Bytes                     : 0
 Write Bytes                    : 0
 Block Read Bytes               : 0
 Block Write Bytes              : 0
[===============================================]

[===============================================]
Result of node_idx 7 in node_object 0: Multiply (ND)

-- Elapsed Time Analysis --
 Wall-clock Time                      : 87 us
 - Non I/O Handling Time (Estimated)  : 87 us
 - I/O Handling Time                  : 0 us
        - Read Syscall                : 0 us
        - Write Syscall               : 0 us
        - Page Fault                  : 0 us
        - io_uring                    : 0 us

-- I/O Counts --
 Read Syscall Count                   : 0
 Write Syscall Count                  : 0
 Block I/O Count                      : 0
 io_uring Completion Count            : 0

-- Total I/O Time (block device) --
 Total Block I/O Time           : 0

-- Page Faults & Bytes --
 Page Fault Count               : 0
 Read Bytes                     : 0
 Write Bytes                    : 0
 Block Read Bytes               : 0
 Block Write Bytes              : 0
[===============================================]

[===============================================]
Result of node_idx 8 in node_object 0: Multiply (ND)

-- Elapsed Time Analysis --
 Wall-clock Time                      : 83 us
 - Non I/O Handling Time (Estimated)  : 83 us
 - I/O Handling Time                  : 0 us
        - Read Syscall                : 0 us
        - Write Syscall               : 0 us
        - Page Fault                  : 0 us
        - io_uring                    : 0 us

-- I/O Counts --
 Read Syscall Count                   : 0
 Write Syscall Count                  : 0
 Block I/O Count                      : 0
 io_uring Completion Count            : 0

-- Total I/O Time (block device) --
 Total Block I/O Time           : 0

-- Page Faults & Bytes --
 Page Fault Count               : 0
 Read Bytes                     : 0
 Write Bytes                    : 0
 Block Read Bytes               : 0
 Block Write Bytes              : 0
[===============================================]

[===============================================]
Result of node_idx 9 in node_object 0: Subtract (ND)

-- Elapsed Time Analysis --
 Wall-clock Time                      : 78 us
 - Non I/O Handling Time (Estimated)  : 78 us
 - I/O Handling Time                  : 0 us
        - Read Syscall                : 0 us
        - Write Syscall               : 0 us
        - Page Fault                  : 0 us
        - io_uring                    : 0 us

-- I/O Counts --
 Read Syscall Count                   : 0
 Write Syscall Count                  : 0
 Block I/O Count                      : 0
 io_uring Completion Count            : 0

-- Total I/O Time (block device) --
 Total Block I/O Time           : 0

-- Page Faults & Bytes --
 Page Fault Count               : 0
 Read Bytes                     : 0
 Write Bytes                    : 0
 Block Read Bytes               : 0
 Block Write Bytes              : 0
[===============================================]

[===============================================]
Result of node_idx 10 in node_object 0: Multiply (ND)

-- Elapsed Time Analysis --
 Wall-clock Time                      : 12 us
 - Non I/O Handling Time (Estimated)  : 12 us
 - I/O Handling Time                  : 0 us
        - Read Syscall                : 0 us
        - Write Syscall               : 0 us
        - Page Fault                  : 0 us
        - io_uring                    : 0 us

-- I/O Counts --
 Read Syscall Count                   : 0
 Write Syscall Count                  : 0
 Block I/O Count                      : 0
 io_uring Completion Count            : 0

-- Total I/O Time (block device) --
 Total Block I/O Time           : 0

-- Page Faults & Bytes --
 Page Fault Count               : 0
 Read Bytes                     : 0
 Write Bytes                    : 0
 Block Read Bytes               : 0
 Block Write Bytes              : 0
[===============================================]

[===============================================]
Result of node_idx 11 in node_object 0: Multiply (ND)

-- Elapsed Time Analysis --
 Wall-clock Time                      : 5 us
 - Non I/O Handling Time (Estimated)  : 5 us
 - I/O Handling Time                  : 0 us
        - Read Syscall                : 0 us
        - Write Syscall               : 0 us
        - Page Fault                  : 0 us
        - io_uring                    : 0 us

-- I/O Counts --
 Read Syscall Count                   : 0
 Write Syscall Count                  : 0
 Block I/O Count                      : 0
 io_uring Completion Count            : 0

-- Total I/O Time (block device) --
 Total Block I/O Time           : 0

-- Page Faults & Bytes --
 Page Fault Count               : 0
 Read Bytes                     : 0
 Write Bytes                    : 0
 Block Read Bytes               : 0
 Block Write Bytes              : 0
[===============================================]

[===============================================]
Result of node_idx 12 in node_object 0: Add (ND)

-- Elapsed Time Analysis --
 Wall-clock Time                      : 6 us
 - Non I/O Handling Time (Estimated)  : 6 us
 - I/O Handling Time                  : 0 us
        - Read Syscall                : 0 us
        - Write Syscall               : 0 us
        - Page Fault                  : 0 us
        - io_uring                    : 0 us

-- I/O Counts --
 Read Syscall Count                   : 0
 Write Syscall Count                  : 0
 Block I/O Count                      : 0
 io_uring Completion Count            : 0

-- Total I/O Time (block device) --
 Total Block I/O Time           : 0

-- Page Faults & Bytes --
 Page Fault Count               : 0
 Read Bytes                     : 0
 Write Bytes                    : 0
 Block Read Bytes               : 0
 Block Write Bytes              : 0
[===============================================]

[===============================================]
Result of node_idx 13 in node_object 0: Copy (NC, X32)

-- Elapsed Time Analysis --
 Wall-clock Time                      : 6 us
 - Non I/O Handling Time (Estimated)  : 6 us
 - I/O Handling Time                  : 0 us
        - Read Syscall                : 0 us
        - Write Syscall               : 0 us
        - Page Fault                  : 0 us
        - io_uring                    : 0 us

-- I/O Counts --
 Read Syscall Count                   : 0
 Write Syscall Count                  : 0
 Block I/O Count                      : 0
 io_uring Completion Count            : 0

-- Total I/O Time (block device) --
 Total Block I/O Time           : 0

-- Page Faults & Bytes --
 Page Fault Count               : 0
 Read Bytes                     : 0
 Write Bytes                    : 0
 Block Read Bytes               : 0
 Block Write Bytes              : 0
[===============================================]

[===============================================]
Result of node_idx 13 in node_object 1: Copy (NC, X32)

-- Elapsed Time Analysis --
 Wall-clock Time                      : 6 us
 - Non I/O Handling Time (Estimated)  : 6 us
 - I/O Handling Time                  : 0 us
        - Read Syscall                : 0 us
        - Write Syscall               : 0 us
        - Page Fault                  : 0 us
        - io_uring                    : 0 us

-- I/O Counts --
 Read Syscall Count                   : 0
 Write Syscall Count                  : 0
 Block I/O Count                      : 0
 io_uring Completion Count            : 0

-- Total I/O Time (block device) --
 Total Block I/O Time           : 0

-- Page Faults & Bytes --
 Page Fault Count               : 0
 Read Bytes                     : 0
 Write Bytes                    : 0
 Block Read Bytes               : 0
 Block Write Bytes              : 0
[===============================================]

[===============================================]
Result of node_idx 14 in node_object 0: Transpose (ND, X32)

-- Elapsed Time Analysis --
 Wall-clock Time                      : 4 us
 - Non I/O Handling Time (Estimated)  : 4 us
 - I/O Handling Time                  : 0 us
        - Read Syscall                : 0 us
        - Write Syscall               : 0 us
        - Page Fault                  : 0 us
        - io_uring                    : 0 us

-- I/O Counts --
 Read Syscall Count                   : 0
 Write Syscall Count                  : 0
 Block I/O Count                      : 0
 io_uring Completion Count            : 0

-- Total I/O Time (block device) --
 Total Block I/O Time           : 0

-- Page Faults & Bytes --
 Page Fault Count               : 0
 Read Bytes                     : 0
 Write Bytes                    : 0
 Block Read Bytes               : 0
 Block Write Bytes              : 0
[===============================================]

[===============================================]
Result of node_idx 0 in node_object 0: Static Reshape (NC)

-- Elapsed Time Analysis --
 Wall-clock Time                      : 16 us
 - Non I/O Handling Time (Estimated)  : 16 us
 - I/O Handling Time                  : 0 us
        - Read Syscall                : 0 us
        - Write Syscall               : 0 us
        - Page Fault                  : 0 us
        - io_uring                    : 0 us

-- I/O Counts --
 Read Syscall Count                   : 0
 Write Syscall Count                  : 6
 Block I/O Count                      : 0
 io_uring Completion Count            : 0

-- Total I/O Time (block device) --
 Total Block I/O Time           : 0

-- Page Faults & Bytes --
 Page Fault Count               : 0
 Read Bytes                     : 0
 Write Bytes                    : 0
 Block Read Bytes               : 0
 Block Write Bytes              : 0
[===============================================]

[===============================================]
Result of node_idx 1 in node_object 0: Multiply (ND)

-- Elapsed Time Analysis --
 Wall-clock Time                      : 103 us
 - Non I/O Handling Time (Estimated)  : 103 us
 - I/O Handling Time                  : 0 us
        - Read Syscall                : 0 us
        - Write Syscall               : 0 us
        - Page Fault                  : 0 us
        - io_uring                    : 0 us

-- I/O Counts --
 Read Syscall Count                   : 0
 Write Syscall Count                  : 0
 Block I/O Count                      : 0
 io_uring Completion Count            : 0

-- Total I/O Time (block device) --
 Total Block I/O Time           : 0

-- Page Faults & Bytes --
 Page Fault Count               : 0
 Read Bytes                     : 0
 Write Bytes                    : 0
 Block Read Bytes               : 0
 Block Write Bytes              : 0
[===============================================]

[===============================================]
Result of node_idx 2 in node_object 0: Cosine (NC)

-- Elapsed Time Analysis --
 Wall-clock Time                      : 3 us
 - Non I/O Handling Time (Estimated)  : 3 us
 - I/O Handling Time                  : 0 us
        - Read Syscall                : 0 us
        - Write Syscall               : 0 us
        - Page Fault                  : 0 us
        - io_uring                    : 0 us

-- I/O Counts --
 Read Syscall Count                   : 0
 Write Syscall Count                  : 0
 Block I/O Count                      : 0
 io_uring Completion Count            : 0

-- Total I/O Time (block device) --
 Total Block I/O Time           : 0

-- Page Faults & Bytes --
 Page Fault Count               : 0
 Read Bytes                     : 0
 Write Bytes                    : 0
 Block Read Bytes               : 0
 Block Write Bytes              : 0
[===============================================]

[===============================================]
Result of node_idx 3 in node_object 0: Sine (NC)

-- Elapsed Time Analysis --
 Wall-clock Time                      : 3 us
 - Non I/O Handling Time (Estimated)  : 3 us
 - I/O Handling Time                  : 0 us
        - Read Syscall                : 0 us
        - Write Syscall               : 0 us
        - Page Fault                  : 0 us
        - io_uring                    : 0 us

-- I/O Counts --
 Read Syscall Count                   : 0
 Write Syscall Count                  : 0
 Block I/O Count                      : 0
 io_uring Completion Count            : 0

-- Total I/O Time (block device) --
 Total Block I/O Time           : 0

-- Page Faults & Bytes --
 Page Fault Count               : 0
 Read Bytes                     : 0
 Write Bytes                    : 0
 Block Read Bytes               : 0
 Block Write Bytes              : 0
[===============================================]

[===============================================]
Result of node_idx 0 in node_object 0: Multiply (ND)

-- Elapsed Time Analysis --
 Wall-clock Time                      : 99 us
 - Non I/O Handling Time (Estimated)  : 99 us
 - I/O Handling Time                  : 0 us
        - Read Syscall                : 0 us
        - Write Syscall               : 0 us
        - Page Fault                  : 0 us
        - io_uring                    : 0 us

-- I/O Counts --
 Read Syscall Count                   : 0
 Write Syscall Count                  : 0
 Block I/O Count                      : 0
 io_uring Completion Count            : 0

-- Total I/O Time (block device) --
 Total Block I/O Time           : 0

-- Page Faults & Bytes --
 Page Fault Count               : 0
 Read Bytes                     : 0
 Write Bytes                    : 0
 Block Read Bytes               : 0
 Block Write Bytes              : 0
[===============================================]

[===============================================]
Result of node_idx 1 in node_object 0: Sum (ND)

-- Elapsed Time Analysis --
 Wall-clock Time                      : 3 us
 - Non I/O Handling Time (Estimated)  : 3 us
 - I/O Handling Time                  : 0 us
        - Read Syscall                : 0 us
        - Write Syscall               : 0 us
        - Page Fault                  : 0 us
        - io_uring                    : 0 us

-- I/O Counts --
 Read Syscall Count                   : 0
 Write Syscall Count                  : 0
 Block I/O Count                      : 0
 io_uring Completion Count            : 0

-- Total I/O Time (block device) --
 Total Block I/O Time           : 0

-- Page Faults & Bytes --
 Page Fault Count               : 0
 Read Bytes                     : 0
 Write Bytes                    : 0
 Block Read Bytes               : 0
 Block Write Bytes              : 0
[===============================================]

[===============================================]
Result of node_idx 2 in node_object 0: Multiply (ND)

-- Elapsed Time Analysis --
 Wall-clock Time                      : 3 us
 - Non I/O Handling Time (Estimated)  : 3 us
 - I/O Handling Time                  : 0 us
        - Read Syscall                : 0 us
        - Write Syscall               : 0 us
        - Page Fault                  : 0 us
        - io_uring                    : 0 us

-- I/O Counts --
 Read Syscall Count                   : 0
 Write Syscall Count                  : 0
 Block I/O Count                      : 0
 io_uring Completion Count            : 0

-- Total I/O Time (block device) --
 Total Block I/O Time           : 0

-- Page Faults & Bytes --
 Page Fault Count               : 0
 Read Bytes                     : 0
 Write Bytes                    : 0
 Block Read Bytes               : 0
 Block Write Bytes              : 0
[===============================================]

[===============================================]
Result of node_idx 3 in node_object 0: Add (ND)

-- Elapsed Time Analysis --
 Wall-clock Time                      : 3 us
 - Non I/O Handling Time (Estimated)  : 3 us
 - I/O Handling Time                  : 0 us
        - Read Syscall                : 0 us
        - Write Syscall               : 0 us
        - Page Fault                  : 0 us
        - io_uring                    : 0 us

-- I/O Counts --
 Read Syscall Count                   : 0
 Write Syscall Count                  : 0
 Block I/O Count                      : 0
 io_uring Completion Count            : 0

-- Total I/O Time (block device) --
 Total Block I/O Time           : 0

-- Page Faults & Bytes --
 Page Fault Count               : 0
 Read Bytes                     : 0
 Write Bytes                    : 0
 Block Read Bytes               : 0
 Block Write Bytes              : 0
[===============================================]

[===============================================]
Result of node_idx 4 in node_object 0: Reciprocal Square Root (NC)

-- Elapsed Time Analysis --
 Wall-clock Time                      : 3 us
 - Non I/O Handling Time (Estimated)  : 3 us
 - I/O Handling Time                  : 0 us
        - Read Syscall                : 0 us
        - Write Syscall               : 0 us
        - Page Fault                  : 0 us
        - io_uring                    : 0 us

-- I/O Counts --
 Read Syscall Count                   : 0
 Write Syscall Count                  : 0
 Block I/O Count                      : 0
 io_uring Completion Count            : 0

-- Total I/O Time (block device) --
 Total Block I/O Time           : 0

-- Page Faults & Bytes --
 Page Fault Count               : 0
 Read Bytes                     : 0
 Write Bytes                    : 0
 Block Read Bytes               : 0
 Block Write Bytes              : 0
[===============================================]

[===============================================]
Result of node_idx 5 in node_object 0: Multiply (ND)

-- Elapsed Time Analysis --
 Wall-clock Time                      : 85 us
 - Non I/O Handling Time (Estimated)  : 85 us
 - I/O Handling Time                  : 0 us
        - Read Syscall                : 0 us
        - Write Syscall               : 0 us
        - Page Fault                  : 0 us
        - io_uring                    : 0 us

-- I/O Counts --
 Read Syscall Count                   : 0
 Write Syscall Count                  : 0
 Block I/O Count                      : 0
 io_uring Completion Count            : 0

-- Total I/O Time (block device) --
 Total Block I/O Time           : 0

-- Page Faults & Bytes --
 Page Fault Count               : 0
 Read Bytes                     : 0
 Write Bytes                    : 0
 Block Read Bytes               : 0
 Block Write Bytes              : 0
[===============================================]

[===============================================]
Result of node_idx 6 in node_object 0: Multiply (ND)

-- Elapsed Time Analysis --
 Wall-clock Time                      : 15 us
 - Non I/O Handling Time (Estimated)  : 15 us
 - I/O Handling Time                  : 0 us
        - Read Syscall                : 0 us
        - Write Syscall               : 0 us
        - Page Fault                  : 0 us
        - io_uring                    : 0 us

-- I/O Counts --
 Read Syscall Count                   : 0
 Write Syscall Count                  : 0
 Block I/O Count                      : 0
 io_uring Completion Count            : 0

-- Total I/O Time (block device) --
 Total Block I/O Time           : 0

-- Page Faults & Bytes --
 Page Fault Count               : 0
 Read Bytes                     : 0
 Write Bytes                    : 0
 Block Read Bytes               : 0
 Block Write Bytes              : 0
[===============================================]

[===============================================]
Result of node_idx 0 in node_object 0: Fully Connected (NC, QDU8, F32, QC8W)

-- Elapsed Time Analysis --
 Wall-clock Time                      : 102 us
 - Non I/O Handling Time (Estimated)  : 102 us
 - I/O Handling Time                  : 0 us
        - Read Syscall                : 0 us
        - Write Syscall               : 0 us
        - Page Fault                  : 0 us
        - io_uring                    : 0 us

-- I/O Counts --
 Read Syscall Count                   : 0
 Write Syscall Count                  : 0
 Block I/O Count                      : 0
 io_uring Completion Count            : 0

-- Total I/O Time (block device) --
 Total Block I/O Time           : 0

-- Page Faults & Bytes --
 Page Fault Count               : 0
 Read Bytes                     : 0
 Write Bytes                    : 0
 Block Read Bytes               : 0
 Block Write Bytes              : 0
[===============================================]

[===============================================]
Result of node_idx 1 in node_object 0: Static Reshape (NC)

-- Elapsed Time Analysis --
 Wall-clock Time                      : 3 us
 - Non I/O Handling Time (Estimated)  : 3 us
 - I/O Handling Time                  : 0 us
        - Read Syscall                : 0 us
        - Write Syscall               : 0 us
        - Page Fault                  : 0 us
        - io_uring                    : 0 us

-- I/O Counts --
 Read Syscall Count                   : 0
 Write Syscall Count                  : 0
 Block I/O Count                      : 0
 io_uring Completion Count            : 0

-- Total I/O Time (block device) --
 Total Block I/O Time           : 0

-- Page Faults & Bytes --
 Page Fault Count               : 0
 Read Bytes                     : 0
 Write Bytes                    : 0
 Block Read Bytes               : 0
 Block Write Bytes              : 0
[===============================================]

[===============================================]
Result of node_idx 2 in node_object 0: Slice (ND, X32)

-- Elapsed Time Analysis --
 Wall-clock Time                      : 88 us
 - Non I/O Handling Time (Estimated)  : 88 us
 - I/O Handling Time                  : 0 us
        - Read Syscall                : 0 us
        - Write Syscall               : 0 us
        - Page Fault                  : 0 us
        - io_uring                    : 0 us

-- I/O Counts --
 Read Syscall Count                   : 0
 Write Syscall Count                  : 0
 Block I/O Count                      : 0
 io_uring Completion Count            : 0

-- Total I/O Time (block device) --
 Total Block I/O Time           : 0

-- Page Faults & Bytes --
 Page Fault Count               : 0
 Read Bytes                     : 0
 Write Bytes                    : 0
 Block Read Bytes               : 0
 Block Write Bytes              : 0
[===============================================]

[===============================================]
Result of node_idx 3 in node_object 0: Slice (ND, X32)

-- Elapsed Time Analysis --
 Wall-clock Time                      : 101 us
 - Non I/O Handling Time (Estimated)  : 101 us
 - I/O Handling Time                  : 0 us
        - Read Syscall                : 0 us
        - Write Syscall               : 0 us
        - Page Fault                  : 0 us
        - io_uring                    : 0 us

-- I/O Counts --
 Read Syscall Count                   : 0
 Write Syscall Count                  : 0
 Block I/O Count                      : 0
 io_uring Completion Count            : 0

-- Total I/O Time (block device) --
 Total Block I/O Time           : 0

-- Page Faults & Bytes --
 Page Fault Count               : 0
 Read Bytes                     : 0
 Write Bytes                    : 0
 Block Read Bytes               : 0
 Block Write Bytes              : 0
[===============================================]

[===============================================]
Result of node_idx 4 in node_object 0: Slice (ND, X32)

-- Elapsed Time Analysis --
 Wall-clock Time                      : 93 us
 - Non I/O Handling Time (Estimated)  : 93 us
 - I/O Handling Time                  : 0 us
        - Read Syscall                : 0 us
        - Write Syscall               : 0 us
        - Page Fault                  : 0 us
        - io_uring                    : 0 us

-- I/O Counts --
 Read Syscall Count                   : 0
 Write Syscall Count                  : 0
 Block I/O Count                      : 0
 io_uring Completion Count            : 0

-- Total I/O Time (block device) --
 Total Block I/O Time           : 0

-- Page Faults & Bytes --
 Page Fault Count               : 0
 Read Bytes                     : 0
 Write Bytes                    : 0
 Block Read Bytes               : 0
 Block Write Bytes              : 0
[===============================================]

[===============================================]
Result of node_idx 5 in node_object 0: Static Reshape (NC)

-- Elapsed Time Analysis --
 Wall-clock Time                      : 3 us
 - Non I/O Handling Time (Estimated)  : 3 us
 - I/O Handling Time                  : 0 us
        - Read Syscall                : 0 us
        - Write Syscall               : 0 us
        - Page Fault                  : 0 us
        - io_uring                    : 0 us

-- I/O Counts --
 Read Syscall Count                   : 0
 Write Syscall Count                  : 0
 Block I/O Count                      : 0
 io_uring Completion Count            : 0

-- Total I/O Time (block device) --
 Total Block I/O Time           : 0

-- Page Faults & Bytes --
 Page Fault Count               : 0
 Read Bytes                     : 0
 Write Bytes                    : 0
 Block Read Bytes               : 0
 Block Write Bytes              : 0
[===============================================]

[===============================================]
Result of node_idx 6 in node_object 0: Slice (ND, X32)

-- Elapsed Time Analysis --
 Wall-clock Time                      : 87 us
 - Non I/O Handling Time (Estimated)  : 87 us
 - I/O Handling Time                  : 0 us
        - Read Syscall                : 0 us
        - Write Syscall               : 0 us
        - Page Fault                  : 0 us
        - io_uring                    : 0 us

-- I/O Counts --
 Read Syscall Count                   : 0
 Write Syscall Count                  : 0
 Block I/O Count                      : 0
 io_uring Completion Count            : 0

-- Total I/O Time (block device) --
 Total Block I/O Time           : 0

-- Page Faults & Bytes --
 Page Fault Count               : 0
 Read Bytes                     : 0
 Write Bytes                    : 0
 Block Read Bytes               : 0
 Block Write Bytes              : 0
[===============================================]

[===============================================]
Result of node_idx 7 in node_object 0: Slice (ND, X32)

-- Elapsed Time Analysis --
 Wall-clock Time                      : 93 us
 - Non I/O Handling Time (Estimated)  : 93 us
 - I/O Handling Time                  : 0 us
        - Read Syscall                : 0 us
        - Write Syscall               : 0 us
        - Page Fault                  : 0 us
        - io_uring                    : 0 us

-- I/O Counts --
 Read Syscall Count                   : 0
 Write Syscall Count                  : 0
 Block I/O Count                      : 0
 io_uring Completion Count            : 0

-- Total I/O Time (block device) --
 Total Block I/O Time           : 0

-- Page Faults & Bytes --
 Page Fault Count               : 0
 Read Bytes                     : 0
 Write Bytes                    : 0
 Block Read Bytes               : 0
 Block Write Bytes              : 0
[===============================================]

[===============================================]
Result of node_idx 8 in node_object 0: Multiply (ND)

-- Elapsed Time Analysis --
 Wall-clock Time                      : 81 us
 - Non I/O Handling Time (Estimated)  : 81 us
 - I/O Handling Time                  : 0 us
        - Read Syscall                : 0 us
        - Write Syscall               : 0 us
        - Page Fault                  : 0 us
        - io_uring                    : 0 us

-- I/O Counts --
 Read Syscall Count                   : 0
 Write Syscall Count                  : 0
 Block I/O Count                      : 0
 io_uring Completion Count            : 0

-- Total I/O Time (block device) --
 Total Block I/O Time           : 0

-- Page Faults & Bytes --
 Page Fault Count               : 0
 Read Bytes                     : 0
 Write Bytes                    : 0
 Block Read Bytes               : 0
 Block Write Bytes              : 0
[===============================================]

[===============================================]
Result of node_idx 9 in node_object 0: Multiply (ND)

-- Elapsed Time Analysis --
 Wall-clock Time                      : 13 us
 - Non I/O Handling Time (Estimated)  : 13 us
 - I/O Handling Time                  : 0 us
        - Read Syscall                : 0 us
        - Write Syscall               : 0 us
        - Page Fault                  : 0 us
        - io_uring                    : 0 us

-- I/O Counts --
 Read Syscall Count                   : 0
 Write Syscall Count                  : 0
 Block I/O Count                      : 0
 io_uring Completion Count            : 0

-- Total I/O Time (block device) --
 Total Block I/O Time           : 0

-- Page Faults & Bytes --
 Page Fault Count               : 0
 Read Bytes                     : 0
 Write Bytes                    : 0
 Block Read Bytes               : 0
 Block Write Bytes              : 0
[===============================================]

[===============================================]
Result of node_idx 10 in node_object 0: Subtract (ND)

-- Elapsed Time Analysis --
 Wall-clock Time                      : 6 us
 - Non I/O Handling Time (Estimated)  : 6 us
 - I/O Handling Time                  : 0 us
        - Read Syscall                : 0 us
        - Write Syscall               : 0 us
        - Page Fault                  : 0 us
        - io_uring                    : 0 us

-- I/O Counts --
 Read Syscall Count                   : 0
 Write Syscall Count                  : 0
 Block I/O Count                      : 0
 io_uring Completion Count            : 0

-- Total I/O Time (block device) --
 Total Block I/O Time           : 0

-- Page Faults & Bytes --
 Page Fault Count               : 0
 Read Bytes                     : 0
 Write Bytes                    : 0
 Block Read Bytes               : 0
 Block Write Bytes              : 0
[===============================================]

[===============================================]
Result of node_idx 11 in node_object 0: Multiply (ND)

-- Elapsed Time Analysis --
 Wall-clock Time                      : 6 us
 - Non I/O Handling Time (Estimated)  : 6 us
 - I/O Handling Time                  : 0 us
        - Read Syscall                : 0 us
        - Write Syscall               : 0 us
        - Page Fault                  : 0 us
        - io_uring                    : 0 us

-- I/O Counts --
 Read Syscall Count                   : 0
 Write Syscall Count                  : 0
 Block I/O Count                      : 0
 io_uring Completion Count            : 0

-- Total I/O Time (block device) --
 Total Block I/O Time           : 0

-- Page Faults & Bytes --
 Page Fault Count               : 0
 Read Bytes                     : 0
 Write Bytes                    : 0
 Block Read Bytes               : 0
 Block Write Bytes              : 0
[===============================================]

[===============================================]
Result of node_idx 12 in node_object 0: Multiply (ND)

-- Elapsed Time Analysis --
 Wall-clock Time                      : 6 us
 - Non I/O Handling Time (Estimated)  : 6 us
 - I/O Handling Time                  : 0 us
        - Read Syscall                : 0 us
        - Write Syscall               : 0 us
        - Page Fault                  : 0 us
        - io_uring                    : 0 us

-- I/O Counts --
 Read Syscall Count                   : 0
 Write Syscall Count                  : 0
 Block I/O Count                      : 0
 io_uring Completion Count            : 0

-- Total I/O Time (block device) --
 Total Block I/O Time           : 0

-- Page Faults & Bytes --
 Page Fault Count               : 0
 Read Bytes                     : 0
 Write Bytes                    : 0
 Block Read Bytes               : 0
 Block Write Bytes              : 0
[===============================================]

[===============================================]
Result of node_idx 13 in node_object 0: Add (ND)

-- Elapsed Time Analysis --
 Wall-clock Time                      : 6 us
 - Non I/O Handling Time (Estimated)  : 6 us
 - I/O Handling Time                  : 0 us
        - Read Syscall                : 0 us
        - Write Syscall               : 0 us
        - Page Fault                  : 0 us
        - io_uring                    : 0 us

-- I/O Counts --
 Read Syscall Count                   : 0
 Write Syscall Count                  : 0
 Block I/O Count                      : 0
 io_uring Completion Count            : 0

-- Total I/O Time (block device) --
 Total Block I/O Time           : 0

-- Page Faults & Bytes --
 Page Fault Count               : 0
 Read Bytes                     : 0
 Write Bytes                    : 0
 Block Read Bytes               : 0
 Block Write Bytes              : 0
[===============================================]

[===============================================]
Result of node_idx 14 in node_object 0: Copy (NC, X32)

-- Elapsed Time Analysis --
 Wall-clock Time                      : 6 us
 - Non I/O Handling Time (Estimated)  : 6 us
 - I/O Handling Time                  : 0 us
        - Read Syscall                : 0 us
        - Write Syscall               : 0 us
        - Page Fault                  : 0 us
        - io_uring                    : 0 us

-- I/O Counts --
 Read Syscall Count                   : 0
 Write Syscall Count                  : 0
 Block I/O Count                      : 0
 io_uring Completion Count            : 0

-- Total I/O Time (block device) --
 Total Block I/O Time           : 0

-- Page Faults & Bytes --
 Page Fault Count               : 0
 Read Bytes                     : 0
 Write Bytes                    : 0
 Block Read Bytes               : 0
 Block Write Bytes              : 0
[===============================================]

[===============================================]
Result of node_idx 14 in node_object 1: Copy (NC, X32)

-- Elapsed Time Analysis --
 Wall-clock Time                      : 5 us
 - Non I/O Handling Time (Estimated)  : 5 us
 - I/O Handling Time                  : 0 us
        - Read Syscall                : 0 us
        - Write Syscall               : 0 us
        - Page Fault                  : 0 us
        - io_uring                    : 0 us

-- I/O Counts --
 Read Syscall Count                   : 0
 Write Syscall Count                  : 0
 Block I/O Count                      : 0
 io_uring Completion Count            : 0

-- Total I/O Time (block device) --
 Total Block I/O Time           : 0

-- Page Faults & Bytes --
 Page Fault Count               : 0
 Read Bytes                     : 0
 Write Bytes                    : 0
 Block Read Bytes               : 0
 Block Write Bytes              : 0
[===============================================]

[===============================================]
Result of node_idx 15 in node_object 0: Static Reshape (NC)

-- Elapsed Time Analysis --
 Wall-clock Time                      : 9 us
 - Non I/O Handling Time (Estimated)  : 9 us
 - I/O Handling Time                  : 0 us
        - Read Syscall                : 0 us
        - Write Syscall               : 0 us
        - Page Fault                  : 0 us
        - io_uring                    : 0 us

-- I/O Counts --
 Read Syscall Count                   : 0
 Write Syscall Count                  : 0
 Block I/O Count                      : 0
 io_uring Completion Count            : 0

-- Total I/O Time (block device) --
 Total Block I/O Time           : 0

-- Page Faults & Bytes --
 Page Fault Count               : 0
 Read Bytes                     : 0
 Write Bytes                    : 0
 Block Read Bytes               : 0
 Block Write Bytes              : 0
[===============================================]

[===============================================]
Result of node_idx 16 in node_object 0: Static Reshape (NC)

-- Elapsed Time Analysis --
 Wall-clock Time                      : 4 us
 - Non I/O Handling Time (Estimated)  : 4 us
 - I/O Handling Time                  : 0 us
        - Read Syscall                : 0 us
        - Write Syscall               : 0 us
        - Page Fault                  : 0 us
        - io_uring                    : 0 us

-- I/O Counts --
 Read Syscall Count                   : 0
 Write Syscall Count                  : 0
 Block I/O Count                      : 0
 io_uring Completion Count            : 0

-- Total I/O Time (block device) --
 Total Block I/O Time           : 0

-- Page Faults & Bytes --
 Page Fault Count               : 0
 Read Bytes                     : 0
 Write Bytes                    : 0
 Block Read Bytes               : 0
 Block Write Bytes              : 0
[===============================================]

[===============================================]
Result of node_idx 17 in node_object 0: Slice (ND, X32)

-- Elapsed Time Analysis --
 Wall-clock Time                      : 7 us
 - Non I/O Handling Time (Estimated)  : 7 us
 - I/O Handling Time                  : 0 us
        - Read Syscall                : 0 us
        - Write Syscall               : 0 us
        - Page Fault                  : 0 us
        - io_uring                    : 0 us

-- I/O Counts --
 Read Syscall Count                   : 0
 Write Syscall Count                  : 0
 Block I/O Count                      : 0
 io_uring Completion Count            : 0

-- Total I/O Time (block device) --
 Total Block I/O Time           : 0

-- Page Faults & Bytes --
 Page Fault Count               : 0
 Read Bytes                     : 0
 Write Bytes                    : 0
 Block Read Bytes               : 0
 Block Write Bytes              : 0
[===============================================]

[===============================================]
Result of node_idx 18 in node_object 0: Slice (ND, X32)

-- Elapsed Time Analysis --
 Wall-clock Time                      : 7 us
 - Non I/O Handling Time (Estimated)  : 7 us
 - I/O Handling Time                  : 0 us
        - Read Syscall                : 0 us
        - Write Syscall               : 0 us
        - Page Fault                  : 0 us
        - io_uring                    : 0 us

-- I/O Counts --
 Read Syscall Count                   : 0
 Write Syscall Count                  : 0
 Block I/O Count                      : 0
 io_uring Completion Count            : 0

-- Total I/O Time (block device) --
 Total Block I/O Time           : 0

-- Page Faults & Bytes --
 Page Fault Count               : 0
 Read Bytes                     : 0
 Write Bytes                    : 0
 Block Read Bytes               : 0
 Block Write Bytes              : 0
[===============================================]

[===============================================]
Result of node_idx 19 in node_object 0: Multiply (ND)

-- Elapsed Time Analysis --
 Wall-clock Time                      : 6 us
 - Non I/O Handling Time (Estimated)  : 6 us
 - I/O Handling Time                  : 0 us
        - Read Syscall                : 0 us
        - Write Syscall               : 0 us
        - Page Fault                  : 0 us
        - io_uring                    : 0 us

-- I/O Counts --
 Read Syscall Count                   : 0
 Write Syscall Count                  : 0
 Block I/O Count                      : 0
 io_uring Completion Count            : 0

-- Total I/O Time (block device) --
 Total Block I/O Time           : 0

-- Page Faults & Bytes --
 Page Fault Count               : 0
 Read Bytes                     : 0
 Write Bytes                    : 0
 Block Read Bytes               : 0
 Block Write Bytes              : 0
[===============================================]

[===============================================]
Result of node_idx 20 in node_object 0: Multiply (ND)

-- Elapsed Time Analysis --
 Wall-clock Time                      : 5 us
 - Non I/O Handling Time (Estimated)  : 5 us
 - I/O Handling Time                  : 0 us
        - Read Syscall                : 0 us
        - Write Syscall               : 0 us
        - Page Fault                  : 0 us
        - io_uring                    : 0 us

-- I/O Counts --
 Read Syscall Count                   : 0
 Write Syscall Count                  : 0
 Block I/O Count                      : 0
 io_uring Completion Count            : 0

-- Total I/O Time (block device) --
 Total Block I/O Time           : 0

-- Page Faults & Bytes --
 Page Fault Count               : 0
 Read Bytes                     : 0
 Write Bytes                    : 0
 Block Read Bytes               : 0
 Block Write Bytes              : 0
[===============================================]

[===============================================]
Result of node_idx 21 in node_object 0: Subtract (ND)

-- Elapsed Time Analysis --
 Wall-clock Time                      : 6 us
 - Non I/O Handling Time (Estimated)  : 6 us
 - I/O Handling Time                  : 0 us
        - Read Syscall                : 0 us
        - Write Syscall               : 0 us
        - Page Fault                  : 0 us
        - io_uring                    : 0 us

-- I/O Counts --
 Read Syscall Count                   : 0
 Write Syscall Count                  : 0
 Block I/O Count                      : 0
 io_uring Completion Count            : 0

-- Total I/O Time (block device) --
 Total Block I/O Time           : 0

-- Page Faults & Bytes --
 Page Fault Count               : 0
 Read Bytes                     : 0
 Write Bytes                    : 0
 Block Read Bytes               : 0
 Block Write Bytes              : 0
[===============================================]

[===============================================]
Result of node_idx 22 in node_object 0: Multiply (ND)

-- Elapsed Time Analysis --
 Wall-clock Time                      : 5 us
 - Non I/O Handling Time (Estimated)  : 5 us
 - I/O Handling Time                  : 0 us
        - Read Syscall                : 0 us
        - Write Syscall               : 0 us
        - Page Fault                  : 0 us
        - io_uring                    : 0 us

-- I/O Counts --
 Read Syscall Count                   : 0
 Write Syscall Count                  : 0
 Block I/O Count                      : 0
 io_uring Completion Count            : 0

-- Total I/O Time (block device) --
 Total Block I/O Time           : 0

-- Page Faults & Bytes --
 Page Fault Count               : 0
 Read Bytes                     : 0
 Write Bytes                    : 0
 Block Read Bytes               : 0
 Block Write Bytes              : 0
[===============================================]

[===============================================]
Result of node_idx 23 in node_object 0: Multiply (ND)

-- Elapsed Time Analysis --
 Wall-clock Time                      : 6 us
 - Non I/O Handling Time (Estimated)  : 6 us
 - I/O Handling Time                  : 0 us
        - Read Syscall                : 0 us
        - Write Syscall               : 0 us
        - Page Fault                  : 0 us
        - io_uring                    : 0 us

-- I/O Counts --
 Read Syscall Count                   : 0
 Write Syscall Count                  : 0
 Block I/O Count                      : 0
 io_uring Completion Count            : 0

-- Total I/O Time (block device) --
 Total Block I/O Time           : 0

-- Page Faults & Bytes --
 Page Fault Count               : 0
 Read Bytes                     : 0
 Write Bytes                    : 0
 Block Read Bytes               : 0
 Block Write Bytes              : 0
[===============================================]

[===============================================]
Result of node_idx 24 in node_object 0: Add (ND)

-- Elapsed Time Analysis --
 Wall-clock Time                      : 6 us
 - Non I/O Handling Time (Estimated)  : 6 us
 - I/O Handling Time                  : 0 us
        - Read Syscall                : 0 us
        - Write Syscall               : 0 us
        - Page Fault                  : 0 us
        - io_uring                    : 0 us

-- I/O Counts --
 Read Syscall Count                   : 0
 Write Syscall Count                  : 0
 Block I/O Count                      : 0
 io_uring Completion Count            : 0

-- Total I/O Time (block device) --
 Total Block I/O Time           : 0

-- Page Faults & Bytes --
 Page Fault Count               : 0
 Read Bytes                     : 0
 Write Bytes                    : 0
 Block Read Bytes               : 0
 Block Write Bytes              : 0
[===============================================]

[===============================================]
Result of node_idx 25 in node_object 0: Copy (NC, X32)

-- Elapsed Time Analysis --
 Wall-clock Time                      : 6 us
 - Non I/O Handling Time (Estimated)  : 6 us
 - I/O Handling Time                  : 0 us
        - Read Syscall                : 0 us
        - Write Syscall               : 0 us
        - Page Fault                  : 0 us
        - io_uring                    : 0 us

-- I/O Counts --
 Read Syscall Count                   : 0
 Write Syscall Count                  : 0
 Block I/O Count                      : 0
 io_uring Completion Count            : 0

-- Total I/O Time (block device) --
 Total Block I/O Time           : 0

-- Page Faults & Bytes --
 Page Fault Count               : 0
 Read Bytes                     : 0
 Write Bytes                    : 0
 Block Read Bytes               : 0
 Block Write Bytes              : 0
[===============================================]

[===============================================]
Result of node_idx 25 in node_object 1: Copy (NC, X32)

-- Elapsed Time Analysis --
 Wall-clock Time                      : 6 us
 - Non I/O Handling Time (Estimated)  : 6 us
 - I/O Handling Time                  : 0 us
        - Read Syscall                : 0 us
        - Write Syscall               : 0 us
        - Page Fault                  : 0 us
        - io_uring                    : 0 us

-- I/O Counts --
 Read Syscall Count                   : 0
 Write Syscall Count                  : 0
 Block I/O Count                      : 0
 io_uring Completion Count            : 0

-- Total I/O Time (block device) --
 Total Block I/O Time           : 0

-- Page Faults & Bytes --
 Page Fault Count               : 0
 Read Bytes                     : 0
 Write Bytes                    : 0
 Block Read Bytes               : 0
 Block Write Bytes              : 0
[===============================================]

[===============================================]
Result of node_idx 26 in node_object 0: Static Reshape (NC)

-- Elapsed Time Analysis --
 Wall-clock Time                      : 4 us
 - Non I/O Handling Time (Estimated)  : 4 us
 - I/O Handling Time                  : 0 us
        - Read Syscall                : 0 us
        - Write Syscall               : 0 us
        - Page Fault                  : 0 us
        - io_uring                    : 0 us

-- I/O Counts --
 Read Syscall Count                   : 0
 Write Syscall Count                  : 0
 Block I/O Count                      : 0
 io_uring Completion Count            : 0

-- Total I/O Time (block device) --
 Total Block I/O Time           : 0

-- Page Faults & Bytes --
 Page Fault Count               : 0
 Read Bytes                     : 0
 Write Bytes                    : 0
 Block Read Bytes               : 0
 Block Write Bytes              : 0
[===============================================]

[===============================================]
Result of node_idx 0 in node_object 0: Multiply (ND)

-- Elapsed Time Analysis --
 Wall-clock Time                      : 5 us
 - Non I/O Handling Time (Estimated)  : 5 us
 - I/O Handling Time                  : 0 us
        - Read Syscall                : 0 us
        - Write Syscall               : 0 us
        - Page Fault                  : 0 us
        - io_uring                    : 0 us

-- I/O Counts --
 Read Syscall Count                   : 0
 Write Syscall Count                  : 0
 Block I/O Count                      : 0
 io_uring Completion Count            : 0

-- Total I/O Time (block device) --
 Total Block I/O Time           : 0

-- Page Faults & Bytes --
 Page Fault Count               : 0
 Read Bytes                     : 0
 Write Bytes                    : 0
 Block Read Bytes               : 0
 Block Write Bytes              : 0
[===============================================]

[===============================================]
Result of node_idx 1 in node_object 0: Transpose (ND, X32)

-- Elapsed Time Analysis --
 Wall-clock Time                      : 4 us
 - Non I/O Handling Time (Estimated)  : 4 us
 - I/O Handling Time                  : 0 us
        - Read Syscall                : 0 us
        - Write Syscall               : 0 us
        - Page Fault                  : 0 us
        - io_uring                    : 0 us

-- I/O Counts --
 Read Syscall Count                   : 0
 Write Syscall Count                  : 0
 Block I/O Count                      : 0
 io_uring Completion Count            : 0

-- Total I/O Time (block device) --
 Total Block I/O Time           : 0

-- Page Faults & Bytes --
 Page Fault Count               : 0
 Read Bytes                     : 0
 Write Bytes                    : 0
 Block Read Bytes               : 0
 Block Write Bytes              : 0
[===============================================]

[===============================================]
Result of node_idx 2 in node_object 0: Transpose (ND, X32)

-- Elapsed Time Analysis --
 Wall-clock Time                      : 28 us
 - Non I/O Handling Time (Estimated)  : 28 us
 - I/O Handling Time                  : 0 us
        - Read Syscall                : 0 us
        - Write Syscall               : 0 us
        - Page Fault                  : 0 us
        - io_uring                    : 0 us

-- I/O Counts --
 Read Syscall Count                   : 0
 Write Syscall Count                  : 0
 Block I/O Count                      : 0
 io_uring Completion Count            : 0

-- Total I/O Time (block device) --
 Total Block I/O Time           : 0

-- Page Faults & Bytes --
 Page Fault Count               : 0
 Read Bytes                     : 0
 Write Bytes                    : 0
 Block Read Bytes               : 0
 Block Write Bytes              : 0
[===============================================]

[===============================================]
Result of node_idx 3 in node_object 0: Static Reshape (NC)

-- Elapsed Time Analysis --
 Wall-clock Time                      : 3 us
 - Non I/O Handling Time (Estimated)  : 3 us
 - I/O Handling Time                  : 0 us
        - Read Syscall                : 0 us
        - Write Syscall               : 0 us
        - Page Fault                  : 0 us
        - io_uring                    : 0 us

-- I/O Counts --
 Read Syscall Count                   : 0
 Write Syscall Count                  : 0
 Block I/O Count                      : 0
 io_uring Completion Count            : 0

-- Total I/O Time (block device) --
 Total Block I/O Time           : 0

-- Page Faults & Bytes --
 Page Fault Count               : 0
 Read Bytes                     : 0
 Write Bytes                    : 0
 Block Read Bytes               : 0
 Block Write Bytes              : 0
[===============================================]

[===============================================]
Result of node_idx 4 in node_object 0: Static Reshape (NC)

-- Elapsed Time Analysis --
 Wall-clock Time                      : 4 us
 - Non I/O Handling Time (Estimated)  : 4 us
 - I/O Handling Time                  : 0 us
        - Read Syscall                : 0 us
        - Write Syscall               : 0 us
        - Page Fault                  : 0 us
        - io_uring                    : 0 us

-- I/O Counts --
 Read Syscall Count                   : 0
 Write Syscall Count                  : 0
 Block I/O Count                      : 0
 io_uring Completion Count            : 0

-- Total I/O Time (block device) --
 Total Block I/O Time           : 0

-- Page Faults & Bytes --
 Page Fault Count               : 0
 Read Bytes                     : 0
 Write Bytes                    : 0
 Block Read Bytes               : 0
 Block Write Bytes              : 0
[===============================================]

[===============================================]
Result of node_idx 5 in node_object 0: Batch Matrix Multiply (NC, F32)

-- Elapsed Time Analysis --
 Wall-clock Time                      : 64 us
 - Non I/O Handling Time (Estimated)  : 64 us
 - I/O Handling Time                  : 0 us
        - Read Syscall                : 0 us
        - Write Syscall               : 0 us
        - Page Fault                  : 0 us
        - io_uring                    : 0 us

-- I/O Counts --
 Read Syscall Count                   : 0
 Write Syscall Count                  : 0
 Block I/O Count                      : 0
 io_uring Completion Count            : 0

-- Total I/O Time (block device) --
 Total Block I/O Time           : 0

-- Page Faults & Bytes --
 Page Fault Count               : 0
 Read Bytes                     : 0
 Write Bytes                    : 0
 Block Read Bytes               : 0
 Block Write Bytes              : 0
[===============================================]

[===============================================]
Result of node_idx 6 in node_object 0: Static Reshape (NC)

-- Elapsed Time Analysis --
 Wall-clock Time                      : 4 us
 - Non I/O Handling Time (Estimated)  : 4 us
 - I/O Handling Time                  : 0 us
        - Read Syscall                : 0 us
        - Write Syscall               : 0 us
        - Page Fault                  : 0 us
        - io_uring                    : 0 us

-- I/O Counts --
 Read Syscall Count                   : 0
 Write Syscall Count                  : 0
 Block I/O Count                      : 0
 io_uring Completion Count            : 0

-- Total I/O Time (block device) --
 Total Block I/O Time           : 0

-- Page Faults & Bytes --
 Page Fault Count               : 0
 Read Bytes                     : 0
 Write Bytes                    : 0
 Block Read Bytes               : 0
 Block Write Bytes              : 0
[===============================================]

[===============================================]
Result of node_idx 7 in node_object 0: Add (ND)

-- Elapsed Time Analysis --
 Wall-clock Time                      : 6 us
 - Non I/O Handling Time (Estimated)  : 6 us
 - I/O Handling Time                  : 0 us
        - Read Syscall                : 0 us
        - Write Syscall               : 0 us
        - Page Fault                  : 0 us
        - io_uring                    : 0 us

-- I/O Counts --
 Read Syscall Count                   : 0
 Write Syscall Count                  : 0
 Block I/O Count                      : 0
 io_uring Completion Count            : 0

-- Total I/O Time (block device) --
 Total Block I/O Time           : 0

-- Page Faults & Bytes --
 Page Fault Count               : 0
 Read Bytes                     : 0
 Write Bytes                    : 0
 Block Read Bytes               : 0
 Block Write Bytes              : 0
[===============================================]

[===============================================]
Result of node_idx 8 in node_object 0: Softmax (NC, F32)

-- Elapsed Time Analysis --
 Wall-clock Time                      : 9 us
 - Non I/O Handling Time (Estimated)  : 9 us
 - I/O Handling Time                  : 0 us
        - Read Syscall                : 0 us
        - Write Syscall               : 0 us
        - Page Fault                  : 0 us
        - io_uring                    : 0 us

-- I/O Counts --
 Read Syscall Count                   : 0
 Write Syscall Count                  : 0
 Block I/O Count                      : 0
 io_uring Completion Count            : 0

-- Total I/O Time (block device) --
 Total Block I/O Time           : 0

-- Page Faults & Bytes --
 Page Fault Count               : 0
 Read Bytes                     : 0
 Write Bytes                    : 0
 Block Read Bytes               : 0
 Block Write Bytes              : 0
[===============================================]

[===============================================]
Result of node_idx 9 in node_object 0: Transpose (ND, X32)

-- Elapsed Time Analysis --
 Wall-clock Time                      : 41 us
 - Non I/O Handling Time (Estimated)  : 41 us
 - I/O Handling Time                  : 0 us
        - Read Syscall                : 0 us
        - Write Syscall               : 0 us
        - Page Fault                  : 0 us
        - io_uring                    : 0 us

-- I/O Counts --
 Read Syscall Count                   : 0
 Write Syscall Count                  : 0
 Block I/O Count                      : 0
 io_uring Completion Count            : 0

-- Total I/O Time (block device) --
 Total Block I/O Time           : 0

-- Page Faults & Bytes --
 Page Fault Count               : 0
 Read Bytes                     : 0
 Write Bytes                    : 0
 Block Read Bytes               : 0
 Block Write Bytes              : 0
[===============================================]

[===============================================]
Result of node_idx 10 in node_object 0: Static Reshape (NC)

-- Elapsed Time Analysis --
 Wall-clock Time                      : 4 us
 - Non I/O Handling Time (Estimated)  : 4 us
 - I/O Handling Time                  : 0 us
        - Read Syscall                : 0 us
        - Write Syscall               : 0 us
        - Page Fault                  : 0 us
        - io_uring                    : 0 us

-- I/O Counts --
 Read Syscall Count                   : 0
 Write Syscall Count                  : 0
 Block I/O Count                      : 0
 io_uring Completion Count            : 0

-- Total I/O Time (block device) --
 Total Block I/O Time           : 0

-- Page Faults & Bytes --
 Page Fault Count               : 0
 Read Bytes                     : 0
 Write Bytes                    : 0
 Block Read Bytes               : 0
 Block Write Bytes              : 0
[===============================================]

[===============================================]
Result of node_idx 11 in node_object 0: Static Reshape (NC)

-- Elapsed Time Analysis --
 Wall-clock Time                      : 3 us
 - Non I/O Handling Time (Estimated)  : 3 us
 - I/O Handling Time                  : 0 us
        - Read Syscall                : 0 us
        - Write Syscall               : 0 us
        - Page Fault                  : 0 us
        - io_uring                    : 0 us

-- I/O Counts --
 Read Syscall Count                   : 0
 Write Syscall Count                  : 0
 Block I/O Count                      : 0
 io_uring Completion Count            : 0

-- Total I/O Time (block device) --
 Total Block I/O Time           : 0

-- Page Faults & Bytes --
 Page Fault Count               : 0
 Read Bytes                     : 0
 Write Bytes                    : 0
 Block Read Bytes               : 0
 Block Write Bytes              : 0
[===============================================]

[===============================================]
Result of node_idx 12 in node_object 0: Batch Matrix Multiply (NC, F32)

-- Elapsed Time Analysis --
 Wall-clock Time                      : 51 us
 - Non I/O Handling Time (Estimated)  : 51 us
 - I/O Handling Time                  : 0 us
        - Read Syscall                : 0 us
        - Write Syscall               : 0 us
        - Page Fault                  : 0 us
        - io_uring                    : 0 us

-- I/O Counts --
 Read Syscall Count                   : 0
 Write Syscall Count                  : 0
 Block I/O Count                      : 0
 io_uring Completion Count            : 0

-- Total I/O Time (block device) --
 Total Block I/O Time           : 0

-- Page Faults & Bytes --
 Page Fault Count               : 0
 Read Bytes                     : 0
 Write Bytes                    : 0
 Block Read Bytes               : 0
 Block Write Bytes              : 0
[===============================================]

[===============================================]
Result of node_idx 13 in node_object 0: Static Reshape (NC)

-- Elapsed Time Analysis --
 Wall-clock Time                      : 3 us
 - Non I/O Handling Time (Estimated)  : 3 us
 - I/O Handling Time                  : 0 us
        - Read Syscall                : 0 us
        - Write Syscall               : 0 us
        - Page Fault                  : 0 us
        - io_uring                    : 0 us

-- I/O Counts --
 Read Syscall Count                   : 0
 Write Syscall Count                  : 0
 Block I/O Count                      : 0
 io_uring Completion Count            : 0

-- Total I/O Time (block device) --
 Total Block I/O Time           : 0

-- Page Faults & Bytes --
 Page Fault Count               : 0
 Read Bytes                     : 0
 Write Bytes                    : 0
 Block Read Bytes               : 0
 Block Write Bytes              : 0
[===============================================]

[===============================================]
Result of node_idx 14 in node_object 0: Transpose (ND, X32)

-- Elapsed Time Analysis --
 Wall-clock Time                      : 4 us
 - Non I/O Handling Time (Estimated)  : 4 us
 - I/O Handling Time                  : 0 us
        - Read Syscall                : 0 us
        - Write Syscall               : 0 us
        - Page Fault                  : 0 us
        - io_uring                    : 0 us

-- I/O Counts --
 Read Syscall Count                   : 0
 Write Syscall Count                  : 0
 Block I/O Count                      : 0
 io_uring Completion Count            : 0

-- Total I/O Time (block device) --
 Total Block I/O Time           : 0

-- Page Faults & Bytes --
 Page Fault Count               : 0
 Read Bytes                     : 0
 Write Bytes                    : 0
 Block Read Bytes               : 0
 Block Write Bytes              : 0
[===============================================]

[===============================================]
Result of node_idx 15 in node_object 0: Static Reshape (NC)

-- Elapsed Time Analysis --
 Wall-clock Time                      : 3 us
 - Non I/O Handling Time (Estimated)  : 3 us
 - I/O Handling Time                  : 0 us
        - Read Syscall                : 0 us
        - Write Syscall               : 0 us
        - Page Fault                  : 0 us
        - io_uring                    : 0 us

-- I/O Counts --
 Read Syscall Count                   : 0
 Write Syscall Count                  : 0
 Block I/O Count                      : 0
 io_uring Completion Count            : 0

-- Total I/O Time (block device) --
 Total Block I/O Time           : 0

-- Page Faults & Bytes --
 Page Fault Count               : 0
 Read Bytes                     : 0
 Write Bytes                    : 0
 Block Read Bytes               : 0
 Block Write Bytes              : 0
[===============================================]

[===============================================]
Result of node_idx 16 in node_object 0: Fully Connected (NC, QDU8, F32, QC8W)

-- Elapsed Time Analysis --
 Wall-clock Time                      : 12 us
 - Non I/O Handling Time (Estimated)  : 12 us
 - I/O Handling Time                  : 0 us
        - Read Syscall                : 0 us
        - Write Syscall               : 0 us
        - Page Fault                  : 0 us
        - io_uring                    : 0 us

-- I/O Counts --
 Read Syscall Count                   : 0
 Write Syscall Count                  : 0
 Block I/O Count                      : 0
 io_uring Completion Count            : 0

-- Total I/O Time (block device) --
 Total Block I/O Time           : 0

-- Page Faults & Bytes --
 Page Fault Count               : 0
 Read Bytes                     : 0
 Write Bytes                    : 0
 Block Read Bytes               : 0
 Block Write Bytes              : 0
[===============================================]

[===============================================]
Result of node_idx 17 in node_object 0: Add (ND)

-- Elapsed Time Analysis --
 Wall-clock Time                      : 6 us
 - Non I/O Handling Time (Estimated)  : 6 us
 - I/O Handling Time                  : 0 us
        - Read Syscall                : 0 us
        - Write Syscall               : 0 us
        - Page Fault                  : 0 us
        - io_uring                    : 0 us

-- I/O Counts --
 Read Syscall Count                   : 0
 Write Syscall Count                  : 0
 Block I/O Count                      : 0
 io_uring Completion Count            : 0

-- Total I/O Time (block device) --
 Total Block I/O Time           : 0

-- Page Faults & Bytes --
 Page Fault Count               : 0
 Read Bytes                     : 0
 Write Bytes                    : 0
 Block Read Bytes               : 0
 Block Write Bytes              : 0
[===============================================]

[===============================================]
Result of node_idx 0 in node_object 0: Multiply (ND)

-- Elapsed Time Analysis --
 Wall-clock Time                      : 10 us
 - Non I/O Handling Time (Estimated)  : 10 us
 - I/O Handling Time                  : 0 us
        - Read Syscall                : 0 us
        - Write Syscall               : 0 us
        - Page Fault                  : 0 us
        - io_uring                    : 0 us

-- I/O Counts --
 Read Syscall Count                   : 0
 Write Syscall Count                  : 0
 Block I/O Count                      : 0
 io_uring Completion Count            : 0

-- Total I/O Time (block device) --
 Total Block I/O Time           : 0

-- Page Faults & Bytes --
 Page Fault Count               : 0
 Read Bytes                     : 0
 Write Bytes                    : 0
 Block Read Bytes               : 0
 Block Write Bytes              : 0
[===============================================]

[===============================================]
Result of node_idx 1 in node_object 0: Sum (ND)

-- Elapsed Time Analysis --
 Wall-clock Time                      : 4 us
 - Non I/O Handling Time (Estimated)  : 4 us
 - I/O Handling Time                  : 0 us
        - Read Syscall                : 0 us
        - Write Syscall               : 0 us
        - Page Fault                  : 0 us
        - io_uring                    : 0 us

-- I/O Counts --
 Read Syscall Count                   : 0
 Write Syscall Count                  : 0
 Block I/O Count                      : 0
 io_uring Completion Count            : 0

-- Total I/O Time (block device) --
 Total Block I/O Time           : 0

-- Page Faults & Bytes --
 Page Fault Count               : 0
 Read Bytes                     : 0
 Write Bytes                    : 0
 Block Read Bytes               : 0
 Block Write Bytes              : 0
[===============================================]

[===============================================]
Result of node_idx 2 in node_object 0: Multiply (ND)

-- Elapsed Time Analysis --
 Wall-clock Time                      : 3 us
 - Non I/O Handling Time (Estimated)  : 3 us
 - I/O Handling Time                  : 0 us
        - Read Syscall                : 0 us
        - Write Syscall               : 0 us
        - Page Fault                  : 0 us
        - io_uring                    : 0 us

-- I/O Counts --
 Read Syscall Count                   : 0
 Write Syscall Count                  : 0
 Block I/O Count                      : 0
 io_uring Completion Count            : 0

-- Total I/O Time (block device) --
 Total Block I/O Time           : 0

-- Page Faults & Bytes --
 Page Fault Count               : 0
 Read Bytes                     : 0
 Write Bytes                    : 0
 Block Read Bytes               : 0
 Block Write Bytes              : 0
[===============================================]

[===============================================]
Result of node_idx 3 in node_object 0: Add (ND)

-- Elapsed Time Analysis --
 Wall-clock Time                      : 4 us
 - Non I/O Handling Time (Estimated)  : 4 us
 - I/O Handling Time                  : 0 us
        - Read Syscall                : 0 us
        - Write Syscall               : 0 us
        - Page Fault                  : 0 us
        - io_uring                    : 0 us

-- I/O Counts --
 Read Syscall Count                   : 0
 Write Syscall Count                  : 0
 Block I/O Count                      : 0
 io_uring Completion Count            : 0

-- Total I/O Time (block device) --
 Total Block I/O Time           : 0

-- Page Faults & Bytes --
 Page Fault Count               : 0
 Read Bytes                     : 0
 Write Bytes                    : 0
 Block Read Bytes               : 0
 Block Write Bytes              : 0
[===============================================]

[===============================================]
Result of node_idx 4 in node_object 0: Reciprocal Square Root (NC)

-- Elapsed Time Analysis --
 Wall-clock Time                      : 4 us
 - Non I/O Handling Time (Estimated)  : 4 us
 - I/O Handling Time                  : 0 us
        - Read Syscall                : 0 us
        - Write Syscall               : 0 us
        - Page Fault                  : 0 us
        - io_uring                    : 0 us

-- I/O Counts --
 Read Syscall Count                   : 0
 Write Syscall Count                  : 0
 Block I/O Count                      : 0
 io_uring Completion Count            : 0

-- Total I/O Time (block device) --
 Total Block I/O Time           : 0

-- Page Faults & Bytes --
 Page Fault Count               : 0
 Read Bytes                     : 0
 Write Bytes                    : 0
 Block Read Bytes               : 0
 Block Write Bytes              : 0
[===============================================]

[===============================================]
Result of node_idx 5 in node_object 0: Multiply (ND)

-- Elapsed Time Analysis --
 Wall-clock Time                      : 6 us
 - Non I/O Handling Time (Estimated)  : 6 us
 - I/O Handling Time                  : 0 us
        - Read Syscall                : 0 us
        - Write Syscall               : 0 us
        - Page Fault                  : 0 us
        - io_uring                    : 0 us

-- I/O Counts --
 Read Syscall Count                   : 0
 Write Syscall Count                  : 0
 Block I/O Count                      : 0
 io_uring Completion Count            : 0

-- Total I/O Time (block device) --
 Total Block I/O Time           : 0

-- Page Faults & Bytes --
 Page Fault Count               : 0
 Read Bytes                     : 0
 Write Bytes                    : 0
 Block Read Bytes               : 0
 Block Write Bytes              : 0
[===============================================]

[===============================================]
Result of node_idx 6 in node_object 0: Multiply (ND)

-- Elapsed Time Analysis --
 Wall-clock Time                      : 6 us
 - Non I/O Handling Time (Estimated)  : 6 us
 - I/O Handling Time                  : 0 us
        - Read Syscall                : 0 us
        - Write Syscall               : 0 us
        - Page Fault                  : 0 us
        - io_uring                    : 0 us

-- I/O Counts --
 Read Syscall Count                   : 0
 Write Syscall Count                  : 0
 Block I/O Count                      : 0
 io_uring Completion Count            : 0

-- Total I/O Time (block device) --
 Total Block I/O Time           : 0

-- Page Faults & Bytes --
 Page Fault Count               : 0
 Read Bytes                     : 0
 Write Bytes                    : 0
 Block Read Bytes               : 0
 Block Write Bytes              : 0
[===============================================]

[===============================================]
Result of node_idx 0 in node_object 0: Fully Connected (NC, QDU8, F32, QC8W)

-- Elapsed Time Analysis --
 Wall-clock Time                      : 25 us
 - Non I/O Handling Time (Estimated)  : 25 us
 - I/O Handling Time                  : 0 us
        - Read Syscall                : 0 us
        - Write Syscall               : 0 us
        - Page Fault                  : 0 us
        - io_uring                    : 0 us

-- I/O Counts --
 Read Syscall Count                   : 0
 Write Syscall Count                  : 0
 Block I/O Count                      : 0
 io_uring Completion Count            : 0

-- Total I/O Time (block device) --
 Total Block I/O Time           : 0

-- Page Faults & Bytes --
 Page Fault Count               : 0
 Read Bytes                     : 0
 Write Bytes                    : 0
 Block Read Bytes               : 0
 Block Write Bytes              : 0
[===============================================]

[===============================================]
Result of node_idx 1 in node_object 0: Sigmoid (NC)

-- Elapsed Time Analysis --
 Wall-clock Time                      : 6 us
 - Non I/O Handling Time (Estimated)  : 6 us
 - I/O Handling Time                  : 0 us
        - Read Syscall                : 0 us
        - Write Syscall               : 0 us
        - Page Fault                  : 0 us
        - io_uring                    : 0 us

-- I/O Counts --
 Read Syscall Count                   : 0
 Write Syscall Count                  : 0
 Block I/O Count                      : 0
 io_uring Completion Count            : 0

-- Total I/O Time (block device) --
 Total Block I/O Time           : 0

-- Page Faults & Bytes --
 Page Fault Count               : 0
 Read Bytes                     : 0
 Write Bytes                    : 0
 Block Read Bytes               : 0
 Block Write Bytes              : 0
[===============================================]

[===============================================]
Result of node_idx 2 in node_object 0: Multiply (ND)

-- Elapsed Time Analysis --
 Wall-clock Time                      : 6 us
 - Non I/O Handling Time (Estimated)  : 6 us
 - I/O Handling Time                  : 0 us
        - Read Syscall                : 0 us
        - Write Syscall               : 0 us
        - Page Fault                  : 0 us
        - io_uring                    : 0 us

-- I/O Counts --
 Read Syscall Count                   : 0
 Write Syscall Count                  : 0
 Block I/O Count                      : 0
 io_uring Completion Count            : 0

-- Total I/O Time (block device) --
 Total Block I/O Time           : 0

-- Page Faults & Bytes --
 Page Fault Count               : 0
 Read Bytes                     : 0
 Write Bytes                    : 0
 Block Read Bytes               : 0
 Block Write Bytes              : 0
[===============================================]

[===============================================]
Result of node_idx 3 in node_object 0: Fully Connected (NC, QDU8, F32, QC8W)

-- Elapsed Time Analysis --
 Wall-clock Time                      : 24 us
 - Non I/O Handling Time (Estimated)  : 24 us
 - I/O Handling Time                  : 0 us
        - Read Syscall                : 0 us
        - Write Syscall               : 0 us
        - Page Fault                  : 0 us
        - io_uring                    : 0 us

-- I/O Counts --
 Read Syscall Count                   : 0
 Write Syscall Count                  : 0
 Block I/O Count                      : 0
 io_uring Completion Count            : 0

-- Total I/O Time (block device) --
 Total Block I/O Time           : 0

-- Page Faults & Bytes --
 Page Fault Count               : 0
 Read Bytes                     : 0
 Write Bytes                    : 0
 Block Read Bytes               : 0
 Block Write Bytes              : 0
[===============================================]

[===============================================]
Result of node_idx 4 in node_object 0: Multiply (ND)

-- Elapsed Time Analysis --
 Wall-clock Time                      : 6 us
 - Non I/O Handling Time (Estimated)  : 6 us
 - I/O Handling Time                  : 0 us
        - Read Syscall                : 0 us
        - Write Syscall               : 0 us
        - Page Fault                  : 0 us
        - io_uring                    : 0 us

-- I/O Counts --
 Read Syscall Count                   : 0
 Write Syscall Count                  : 0
 Block I/O Count                      : 0
 io_uring Completion Count            : 0

-- Total I/O Time (block device) --
 Total Block I/O Time           : 0

-- Page Faults & Bytes --
 Page Fault Count               : 0
 Read Bytes                     : 0
 Write Bytes                    : 0
 Block Read Bytes               : 0
 Block Write Bytes              : 0
[===============================================]

[===============================================]
Result of node_idx 5 in node_object 0: Fully Connected (NC, QDU8, F32, QC8W)

-- Elapsed Time Analysis --
 Wall-clock Time                      : 20 us
 - Non I/O Handling Time (Estimated)  : 20 us
 - I/O Handling Time                  : 0 us
        - Read Syscall                : 0 us
        - Write Syscall               : 0 us
        - Page Fault                  : 0 us
        - io_uring                    : 0 us

-- I/O Counts --
 Read Syscall Count                   : 0
 Write Syscall Count                  : 0
 Block I/O Count                      : 0
 io_uring Completion Count            : 0

-- Total I/O Time (block device) --
 Total Block I/O Time           : 0

-- Page Faults & Bytes --
 Page Fault Count               : 0
 Read Bytes                     : 0
 Write Bytes                    : 0
 Block Read Bytes               : 0
 Block Write Bytes              : 0
[===============================================]

[===============================================]
Result of node_idx 6 in node_object 0: Add (ND)

-- Elapsed Time Analysis --
 Wall-clock Time                      : 6 us
 - Non I/O Handling Time (Estimated)  : 6 us
 - I/O Handling Time                  : 0 us
        - Read Syscall                : 0 us
        - Write Syscall               : 0 us
        - Page Fault                  : 0 us
        - io_uring                    : 0 us

-- I/O Counts --
 Read Syscall Count                   : 0
 Write Syscall Count                  : 0
 Block I/O Count                      : 0
 io_uring Completion Count            : 0

-- Total I/O Time (block device) --
 Total Block I/O Time           : 0

-- Page Faults & Bytes --
 Page Fault Count               : 0
 Read Bytes                     : 0
 Write Bytes                    : 0
 Block Read Bytes               : 0
 Block Write Bytes              : 0
[===============================================]

[===============================================]
Result of node_idx 0 in node_object 0: Multiply (ND)

-- Elapsed Time Analysis --
 Wall-clock Time                      : 10 us
 - Non I/O Handling Time (Estimated)  : 10 us
 - I/O Handling Time                  : 0 us
        - Read Syscall                : 0 us
        - Write Syscall               : 0 us
        - Page Fault                  : 0 us
        - io_uring                    : 0 us

-- I/O Counts --
 Read Syscall Count                   : 0
 Write Syscall Count                  : 0
 Block I/O Count                      : 0
 io_uring Completion Count            : 0

-- Total I/O Time (block device) --
 Total Block I/O Time           : 0

-- Page Faults & Bytes --
 Page Fault Count               : 0
 Read Bytes                     : 0
 Write Bytes                    : 0
 Block Read Bytes               : 0
 Block Write Bytes              : 0
[===============================================]

[===============================================]
Result of node_idx 1 in node_object 0: Sum (ND)

-- Elapsed Time Analysis --
 Wall-clock Time                      : 4 us
 - Non I/O Handling Time (Estimated)  : 4 us
 - I/O Handling Time                  : 0 us
        - Read Syscall                : 0 us
        - Write Syscall               : 0 us
        - Page Fault                  : 0 us
        - io_uring                    : 0 us

-- I/O Counts --
 Read Syscall Count                   : 0
 Write Syscall Count                  : 0
 Block I/O Count                      : 0
 io_uring Completion Count            : 0

-- Total I/O Time (block device) --
 Total Block I/O Time           : 0

-- Page Faults & Bytes --
 Page Fault Count               : 0
 Read Bytes                     : 0
 Write Bytes                    : 0
 Block Read Bytes               : 0
 Block Write Bytes              : 0
[===============================================]

[===============================================]
Result of node_idx 2 in node_object 0: Multiply (ND)

-- Elapsed Time Analysis --
 Wall-clock Time                      : 3 us
 - Non I/O Handling Time (Estimated)  : 3 us
 - I/O Handling Time                  : 0 us
        - Read Syscall                : 0 us
        - Write Syscall               : 0 us
        - Page Fault                  : 0 us
        - io_uring                    : 0 us

-- I/O Counts --
 Read Syscall Count                   : 0
 Write Syscall Count                  : 0
 Block I/O Count                      : 0
 io_uring Completion Count            : 0

-- Total I/O Time (block device) --
 Total Block I/O Time           : 0

-- Page Faults & Bytes --
 Page Fault Count               : 0
 Read Bytes                     : 0
 Write Bytes                    : 0
 Block Read Bytes               : 0
 Block Write Bytes              : 0
[===============================================]

[===============================================]
Result of node_idx 3 in node_object 0: Add (ND)

-- Elapsed Time Analysis --
 Wall-clock Time                      : 3 us
 - Non I/O Handling Time (Estimated)  : 3 us
 - I/O Handling Time                  : 0 us
        - Read Syscall                : 0 us
        - Write Syscall               : 0 us
        - Page Fault                  : 0 us
        - io_uring                    : 0 us

-- I/O Counts --
 Read Syscall Count                   : 0
 Write Syscall Count                  : 0
 Block I/O Count                      : 0
 io_uring Completion Count            : 0

-- Total I/O Time (block device) --
 Total Block I/O Time           : 0

-- Page Faults & Bytes --
 Page Fault Count               : 0
 Read Bytes                     : 0
 Write Bytes                    : 0
 Block Read Bytes               : 0
 Block Write Bytes              : 0
[===============================================]

[===============================================]
Result of node_idx 4 in node_object 0: Reciprocal Square Root (NC)

-- Elapsed Time Analysis --
 Wall-clock Time                      : 3 us
 - Non I/O Handling Time (Estimated)  : 3 us
 - I/O Handling Time                  : 0 us
        - Read Syscall                : 0 us
        - Write Syscall               : 0 us
        - Page Fault                  : 0 us
        - io_uring                    : 0 us

-- I/O Counts --
 Read Syscall Count                   : 0
 Write Syscall Count                  : 0
 Block I/O Count                      : 0
 io_uring Completion Count            : 0

-- Total I/O Time (block device) --
 Total Block I/O Time           : 0

-- Page Faults & Bytes --
 Page Fault Count               : 0
 Read Bytes                     : 0
 Write Bytes                    : 0
 Block Read Bytes               : 0
 Block Write Bytes              : 0
[===============================================]

[===============================================]
Result of node_idx 5 in node_object 0: Multiply (ND)

-- Elapsed Time Analysis --
 Wall-clock Time                      : 6 us
 - Non I/O Handling Time (Estimated)  : 6 us
 - I/O Handling Time                  : 0 us
        - Read Syscall                : 0 us
        - Write Syscall               : 0 us
        - Page Fault                  : 0 us
        - io_uring                    : 0 us

-- I/O Counts --
 Read Syscall Count                   : 0
 Write Syscall Count                  : 0
 Block I/O Count                      : 0
 io_uring Completion Count            : 0

-- Total I/O Time (block device) --
 Total Block I/O Time           : 0

-- Page Faults & Bytes --
 Page Fault Count               : 0
 Read Bytes                     : 0
 Write Bytes                    : 0
 Block Read Bytes               : 0
 Block Write Bytes              : 0
[===============================================]

[===============================================]
Result of node_idx 6 in node_object 0: Multiply (ND)

-- Elapsed Time Analysis --
 Wall-clock Time                      : 6 us
 - Non I/O Handling Time (Estimated)  : 6 us
 - I/O Handling Time                  : 0 us
        - Read Syscall                : 0 us
        - Write Syscall               : 0 us
        - Page Fault                  : 0 us
        - io_uring                    : 0 us

-- I/O Counts --
 Read Syscall Count                   : 0
 Write Syscall Count                  : 0
 Block I/O Count                      : 0
 io_uring Completion Count            : 0

-- Total I/O Time (block device) --
 Total Block I/O Time           : 0

-- Page Faults & Bytes --
 Page Fault Count               : 0
 Read Bytes                     : 0
 Write Bytes                    : 0
 Block Read Bytes               : 0
 Block Write Bytes              : 0
[===============================================]

[===============================================]
Result of node_idx 0 in node_object 0: Fully Connected (NC, QDU8, F32, QC8W)

-- Elapsed Time Analysis --
 Wall-clock Time                      : 19 us
 - Non I/O Handling Time (Estimated)  : 19 us
 - I/O Handling Time                  : 0 us
        - Read Syscall                : 0 us
        - Write Syscall               : 0 us
        - Page Fault                  : 0 us
        - io_uring                    : 0 us

-- I/O Counts --
 Read Syscall Count                   : 0
 Write Syscall Count                  : 0
 Block I/O Count                      : 0
 io_uring Completion Count            : 0

-- Total I/O Time (block device) --
 Total Block I/O Time           : 0

-- Page Faults & Bytes --
 Page Fault Count               : 0
 Read Bytes                     : 0
 Write Bytes                    : 0
 Block Read Bytes               : 0
 Block Write Bytes              : 0
[===============================================]

[===============================================]
Result of node_idx 1 in node_object 0: Static Reshape (NC)

-- Elapsed Time Analysis --
 Wall-clock Time                      : 4 us
 - Non I/O Handling Time (Estimated)  : 4 us
 - I/O Handling Time                  : 0 us
        - Read Syscall                : 0 us
        - Write Syscall               : 0 us
        - Page Fault                  : 0 us
        - io_uring                    : 0 us

-- I/O Counts --
 Read Syscall Count                   : 0
 Write Syscall Count                  : 0
 Block I/O Count                      : 0
 io_uring Completion Count            : 0

-- Total I/O Time (block device) --
 Total Block I/O Time           : 0

-- Page Faults & Bytes --
 Page Fault Count               : 0
 Read Bytes                     : 0
 Write Bytes                    : 0
 Block Read Bytes               : 0
 Block Write Bytes              : 0
[===============================================]

[===============================================]
Result of node_idx 2 in node_object 0: Slice (ND, X32)

-- Elapsed Time Analysis --
 Wall-clock Time                      : 7 us
 - Non I/O Handling Time (Estimated)  : 7 us
 - I/O Handling Time                  : 0 us
        - Read Syscall                : 0 us
        - Write Syscall               : 0 us
        - Page Fault                  : 0 us
        - io_uring                    : 0 us

-- I/O Counts --
 Read Syscall Count                   : 0
 Write Syscall Count                  : 0
 Block I/O Count                      : 0
 io_uring Completion Count            : 0

-- Total I/O Time (block device) --
 Total Block I/O Time           : 0

-- Page Faults & Bytes --
 Page Fault Count               : 0
 Read Bytes                     : 0
 Write Bytes                    : 0
 Block Read Bytes               : 0
 Block Write Bytes              : 0
[===============================================]

[===============================================]
Result of node_idx 3 in node_object 0: Slice (ND, X32)

-- Elapsed Time Analysis --
 Wall-clock Time                      : 7 us
 - Non I/O Handling Time (Estimated)  : 7 us
 - I/O Handling Time                  : 0 us
        - Read Syscall                : 0 us
        - Write Syscall               : 0 us
        - Page Fault                  : 0 us
        - io_uring                    : 0 us

-- I/O Counts --
 Read Syscall Count                   : 0
 Write Syscall Count                  : 0
 Block I/O Count                      : 0
 io_uring Completion Count            : 0

-- Total I/O Time (block device) --
 Total Block I/O Time           : 0

-- Page Faults & Bytes --
 Page Fault Count               : 0
 Read Bytes                     : 0
 Write Bytes                    : 0
 Block Read Bytes               : 0
 Block Write Bytes              : 0
[===============================================]

[===============================================]
Result of node_idx 4 in node_object 0: Slice (ND, X32)

-- Elapsed Time Analysis --
 Wall-clock Time                      : 7 us
 - Non I/O Handling Time (Estimated)  : 7 us
 - I/O Handling Time                  : 0 us
        - Read Syscall                : 0 us
        - Write Syscall               : 0 us
        - Page Fault                  : 0 us
        - io_uring                    : 0 us

-- I/O Counts --
 Read Syscall Count                   : 0
 Write Syscall Count                  : 0
 Block I/O Count                      : 0
 io_uring Completion Count            : 0

-- Total I/O Time (block device) --
 Total Block I/O Time           : 0

-- Page Faults & Bytes --
 Page Fault Count               : 0
 Read Bytes                     : 0
 Write Bytes                    : 0
 Block Read Bytes               : 0
 Block Write Bytes              : 0
[===============================================]

[===============================================]
Result of node_idx 5 in node_object 0: Static Reshape (NC)

-- Elapsed Time Analysis --
 Wall-clock Time                      : 4 us
 - Non I/O Handling Time (Estimated)  : 4 us
 - I/O Handling Time                  : 0 us
        - Read Syscall                : 0 us
        - Write Syscall               : 0 us
        - Page Fault                  : 0 us
        - io_uring                    : 0 us

-- I/O Counts --
 Read Syscall Count                   : 0
 Write Syscall Count                  : 0
 Block I/O Count                      : 0
 io_uring Completion Count            : 0

-- Total I/O Time (block device) --
 Total Block I/O Time           : 0

-- Page Faults & Bytes --
 Page Fault Count               : 0
 Read Bytes                     : 0
 Write Bytes                    : 0
 Block Read Bytes               : 0
 Block Write Bytes              : 0
[===============================================]

[===============================================]
Result of node_idx 6 in node_object 0: Slice (ND, X32)

-- Elapsed Time Analysis --
 Wall-clock Time                      : 7 us
 - Non I/O Handling Time (Estimated)  : 7 us
 - I/O Handling Time                  : 0 us
        - Read Syscall                : 0 us
        - Write Syscall               : 0 us
        - Page Fault                  : 0 us
        - io_uring                    : 0 us

-- I/O Counts --
 Read Syscall Count                   : 0
 Write Syscall Count                  : 0
 Block I/O Count                      : 0
 io_uring Completion Count            : 0

-- Total I/O Time (block device) --
 Total Block I/O Time           : 0

-- Page Faults & Bytes --
 Page Fault Count               : 0
 Read Bytes                     : 0
 Write Bytes                    : 0
 Block Read Bytes               : 0
 Block Write Bytes              : 0
[===============================================]

[===============================================]
Result of node_idx 7 in node_object 0: Slice (ND, X32)

-- Elapsed Time Analysis --
 Wall-clock Time                      : 7 us
 - Non I/O Handling Time (Estimated)  : 7 us
 - I/O Handling Time                  : 0 us
        - Read Syscall                : 0 us
        - Write Syscall               : 0 us
        - Page Fault                  : 0 us
        - io_uring                    : 0 us

-- I/O Counts --
 Read Syscall Count                   : 0
 Write Syscall Count                  : 0
 Block I/O Count                      : 0
 io_uring Completion Count            : 0

-- Total I/O Time (block device) --
 Total Block I/O Time           : 0

-- Page Faults & Bytes --
 Page Fault Count               : 0
 Read Bytes                     : 0
 Write Bytes                    : 0
 Block Read Bytes               : 0
 Block Write Bytes              : 0
[===============================================]

[===============================================]
Result of node_idx 8 in node_object 0: Multiply (ND)

-- Elapsed Time Analysis --
 Wall-clock Time                      : 5 us
 - Non I/O Handling Time (Estimated)  : 5 us
 - I/O Handling Time                  : 0 us
        - Read Syscall                : 0 us
        - Write Syscall               : 0 us
        - Page Fault                  : 0 us
        - io_uring                    : 0 us

-- I/O Counts --
 Read Syscall Count                   : 0
 Write Syscall Count                  : 0
 Block I/O Count                      : 0
 io_uring Completion Count            : 0

-- Total I/O Time (block device) --
 Total Block I/O Time           : 0

-- Page Faults & Bytes --
 Page Fault Count               : 0
 Read Bytes                     : 0
 Write Bytes                    : 0
 Block Read Bytes               : 0
 Block Write Bytes              : 0
[===============================================]

[===============================================]
Result of node_idx 9 in node_object 0: Multiply (ND)

-- Elapsed Time Analysis --
 Wall-clock Time                      : 6 us
 - Non I/O Handling Time (Estimated)  : 6 us
 - I/O Handling Time                  : 0 us
        - Read Syscall                : 0 us
        - Write Syscall               : 0 us
        - Page Fault                  : 0 us
        - io_uring                    : 0 us

-- I/O Counts --
 Read Syscall Count                   : 0
 Write Syscall Count                  : 0
 Block I/O Count                      : 0
 io_uring Completion Count            : 0

-- Total I/O Time (block device) --
 Total Block I/O Time           : 0

-- Page Faults & Bytes --
 Page Fault Count               : 0
 Read Bytes                     : 0
 Write Bytes                    : 0
 Block Read Bytes               : 0
 Block Write Bytes              : 0
[===============================================]

[===============================================]
Result of node_idx 10 in node_object 0: Subtract (ND)

-- Elapsed Time Analysis --
 Wall-clock Time                      : 6 us
 - Non I/O Handling Time (Estimated)  : 6 us
 - I/O Handling Time                  : 0 us
        - Read Syscall                : 0 us
        - Write Syscall               : 0 us
        - Page Fault                  : 0 us
        - io_uring                    : 0 us

-- I/O Counts --
 Read Syscall Count                   : 0
 Write Syscall Count                  : 0
 Block I/O Count                      : 0
 io_uring Completion Count            : 0

-- Total I/O Time (block device) --
 Total Block I/O Time           : 0

-- Page Faults & Bytes --
 Page Fault Count               : 0
 Read Bytes                     : 0
 Write Bytes                    : 0
 Block Read Bytes               : 0
 Block Write Bytes              : 0
[===============================================]

[===============================================]
Result of node_idx 11 in node_object 0: Multiply (ND)

-- Elapsed Time Analysis --
 Wall-clock Time                      : 6 us
 - Non I/O Handling Time (Estimated)  : 6 us
 - I/O Handling Time                  : 0 us
        - Read Syscall                : 0 us
        - Write Syscall               : 0 us
        - Page Fault                  : 0 us
        - io_uring                    : 0 us

-- I/O Counts --
 Read Syscall Count                   : 0
 Write Syscall Count                  : 0
 Block I/O Count                      : 0
 io_uring Completion Count            : 0

-- Total I/O Time (block device) --
 Total Block I/O Time           : 0

-- Page Faults & Bytes --
 Page Fault Count               : 0
 Read Bytes                     : 0
 Write Bytes                    : 0
 Block Read Bytes               : 0
 Block Write Bytes              : 0
[===============================================]

[===============================================]
Result of node_idx 12 in node_object 0: Multiply (ND)

-- Elapsed Time Analysis --
 Wall-clock Time                      : 5 us
 - Non I/O Handling Time (Estimated)  : 5 us
 - I/O Handling Time                  : 0 us
        - Read Syscall                : 0 us
        - Write Syscall               : 0 us
        - Page Fault                  : 0 us
        - io_uring                    : 0 us

-- I/O Counts --
 Read Syscall Count                   : 0
 Write Syscall Count                  : 0
 Block I/O Count                      : 0
 io_uring Completion Count            : 0

-- Total I/O Time (block device) --
 Total Block I/O Time           : 0

-- Page Faults & Bytes --
 Page Fault Count               : 0
 Read Bytes                     : 0
 Write Bytes                    : 0
 Block Read Bytes               : 0
 Block Write Bytes              : 0
[===============================================]

[===============================================]
Result of node_idx 13 in node_object 0: Add (ND)

-- Elapsed Time Analysis --
 Wall-clock Time                      : 6 us
 - Non I/O Handling Time (Estimated)  : 6 us
 - I/O Handling Time                  : 0 us
        - Read Syscall                : 0 us
        - Write Syscall               : 0 us
        - Page Fault                  : 0 us
        - io_uring                    : 0 us

-- I/O Counts --
 Read Syscall Count                   : 0
 Write Syscall Count                  : 0
 Block I/O Count                      : 0
 io_uring Completion Count            : 0

-- Total I/O Time (block device) --
 Total Block I/O Time           : 0

-- Page Faults & Bytes --
 Page Fault Count               : 0
 Read Bytes                     : 0
 Write Bytes                    : 0
 Block Read Bytes               : 0
 Block Write Bytes              : 0
[===============================================]

[===============================================]
Result of node_idx 14 in node_object 0: Copy (NC, X32)

-- Elapsed Time Analysis --
 Wall-clock Time                      : 6 us
 - Non I/O Handling Time (Estimated)  : 6 us
 - I/O Handling Time                  : 0 us
        - Read Syscall                : 0 us
        - Write Syscall               : 0 us
        - Page Fault                  : 0 us
        - io_uring                    : 0 us

-- I/O Counts --
 Read Syscall Count                   : 0
 Write Syscall Count                  : 0
 Block I/O Count                      : 0
 io_uring Completion Count            : 0

-- Total I/O Time (block device) --
 Total Block I/O Time           : 0

-- Page Faults & Bytes --
 Page Fault Count               : 0
 Read Bytes                     : 0
 Write Bytes                    : 0
 Block Read Bytes               : 0
 Block Write Bytes              : 0
[===============================================]

[===============================================]
Result of node_idx 14 in node_object 1: Copy (NC, X32)

-- Elapsed Time Analysis --
 Wall-clock Time                      : 6 us
 - Non I/O Handling Time (Estimated)  : 6 us
 - I/O Handling Time                  : 0 us
        - Read Syscall                : 0 us
        - Write Syscall               : 0 us
        - Page Fault                  : 0 us
        - io_uring                    : 0 us

-- I/O Counts --
 Read Syscall Count                   : 0
 Write Syscall Count                  : 0
 Block I/O Count                      : 0
 io_uring Completion Count            : 0

-- Total I/O Time (block device) --
 Total Block I/O Time           : 0

-- Page Faults & Bytes --
 Page Fault Count               : 0
 Read Bytes                     : 0
 Write Bytes                    : 0
 Block Read Bytes               : 0
 Block Write Bytes              : 0
[===============================================]

[===============================================]
Result of node_idx 15 in node_object 0: Static Reshape (NC)

-- Elapsed Time Analysis --
 Wall-clock Time                      : 4 us
 - Non I/O Handling Time (Estimated)  : 4 us
 - I/O Handling Time                  : 0 us
        - Read Syscall                : 0 us
        - Write Syscall               : 0 us
        - Page Fault                  : 0 us
        - io_uring                    : 0 us

-- I/O Counts --
 Read Syscall Count                   : 0
 Write Syscall Count                  : 0
 Block I/O Count                      : 0
 io_uring Completion Count            : 0

-- Total I/O Time (block device) --
 Total Block I/O Time           : 0

-- Page Faults & Bytes --
 Page Fault Count               : 0
 Read Bytes                     : 0
 Write Bytes                    : 0
 Block Read Bytes               : 0
 Block Write Bytes              : 0
[===============================================]

[===============================================]
Result of node_idx 16 in node_object 0: Static Reshape (NC)

-- Elapsed Time Analysis --
 Wall-clock Time                      : 4 us
 - Non I/O Handling Time (Estimated)  : 4 us
 - I/O Handling Time                  : 0 us
        - Read Syscall                : 0 us
        - Write Syscall               : 0 us
        - Page Fault                  : 0 us
        - io_uring                    : 0 us

-- I/O Counts --
 Read Syscall Count                   : 0
 Write Syscall Count                  : 0
 Block I/O Count                      : 0
 io_uring Completion Count            : 0

-- Total I/O Time (block device) --
 Total Block I/O Time           : 0

-- Page Faults & Bytes --
 Page Fault Count               : 0
 Read Bytes                     : 0
 Write Bytes                    : 0
 Block Read Bytes               : 0
 Block Write Bytes              : 0
[===============================================]

[===============================================]
Result of node_idx 17 in node_object 0: Slice (ND, X32)

-- Elapsed Time Analysis --
 Wall-clock Time                      : 7 us
 - Non I/O Handling Time (Estimated)  : 7 us
 - I/O Handling Time                  : 0 us
        - Read Syscall                : 0 us
        - Write Syscall               : 0 us
        - Page Fault                  : 0 us
        - io_uring                    : 0 us

-- I/O Counts --
 Read Syscall Count                   : 0
 Write Syscall Count                  : 0
 Block I/O Count                      : 0
 io_uring Completion Count            : 0

-- Total I/O Time (block device) --
 Total Block I/O Time           : 0

-- Page Faults & Bytes --
 Page Fault Count               : 0
 Read Bytes                     : 0
 Write Bytes                    : 0
 Block Read Bytes               : 0
 Block Write Bytes              : 0
[===============================================]

[===============================================]
Result of node_idx 18 in node_object 0: Slice (ND, X32)

-- Elapsed Time Analysis --
 Wall-clock Time                      : 7 us
 - Non I/O Handling Time (Estimated)  : 7 us
 - I/O Handling Time                  : 0 us
        - Read Syscall                : 0 us
        - Write Syscall               : 0 us
        - Page Fault                  : 0 us
        - io_uring                    : 0 us

-- I/O Counts --
 Read Syscall Count                   : 0
 Write Syscall Count                  : 0
 Block I/O Count                      : 0
 io_uring Completion Count            : 0

-- Total I/O Time (block device) --
 Total Block I/O Time           : 0

-- Page Faults & Bytes --
 Page Fault Count               : 0
 Read Bytes                     : 0
 Write Bytes                    : 0
 Block Read Bytes               : 0
 Block Write Bytes              : 0
[===============================================]

[===============================================]
Result of node_idx 19 in node_object 0: Multiply (ND)

-- Elapsed Time Analysis --
 Wall-clock Time                      : 5 us
 - Non I/O Handling Time (Estimated)  : 5 us
 - I/O Handling Time                  : 0 us
        - Read Syscall                : 0 us
        - Write Syscall               : 0 us
        - Page Fault                  : 0 us
        - io_uring                    : 0 us

-- I/O Counts --
 Read Syscall Count                   : 0
 Write Syscall Count                  : 0
 Block I/O Count                      : 0
 io_uring Completion Count            : 0

-- Total I/O Time (block device) --
 Total Block I/O Time           : 0

-- Page Faults & Bytes --
 Page Fault Count               : 0
 Read Bytes                     : 0
 Write Bytes                    : 0
 Block Read Bytes               : 0
 Block Write Bytes              : 0
[===============================================]

[===============================================]
Result of node_idx 20 in node_object 0: Multiply (ND)

-- Elapsed Time Analysis --
 Wall-clock Time                      : 6 us
 - Non I/O Handling Time (Estimated)  : 6 us
 - I/O Handling Time                  : 0 us
        - Read Syscall                : 0 us
        - Write Syscall               : 0 us
        - Page Fault                  : 0 us
        - io_uring                    : 0 us

-- I/O Counts --
 Read Syscall Count                   : 0
 Write Syscall Count                  : 0
 Block I/O Count                      : 0
 io_uring Completion Count            : 0

-- Total I/O Time (block device) --
 Total Block I/O Time           : 0

-- Page Faults & Bytes --
 Page Fault Count               : 0
 Read Bytes                     : 0
 Write Bytes                    : 0
 Block Read Bytes               : 0
 Block Write Bytes              : 0
[===============================================]

[===============================================]
Result of node_idx 21 in node_object 0: Subtract (ND)

-- Elapsed Time Analysis --
 Wall-clock Time                      : 5 us
 - Non I/O Handling Time (Estimated)  : 5 us
 - I/O Handling Time                  : 0 us
        - Read Syscall                : 0 us
        - Write Syscall               : 0 us
        - Page Fault                  : 0 us
        - io_uring                    : 0 us

-- I/O Counts --
 Read Syscall Count                   : 0
 Write Syscall Count                  : 0
 Block I/O Count                      : 0
 io_uring Completion Count            : 0

-- Total I/O Time (block device) --
 Total Block I/O Time           : 0

-- Page Faults & Bytes --
 Page Fault Count               : 0
 Read Bytes                     : 0
 Write Bytes                    : 0
 Block Read Bytes               : 0
 Block Write Bytes              : 0
[===============================================]

[===============================================]
Result of node_idx 22 in node_object 0: Multiply (ND)

-- Elapsed Time Analysis --
 Wall-clock Time                      : 6 us
 - Non I/O Handling Time (Estimated)  : 6 us
 - I/O Handling Time                  : 0 us
        - Read Syscall                : 0 us
        - Write Syscall               : 0 us
        - Page Fault                  : 0 us
        - io_uring                    : 0 us

-- I/O Counts --
 Read Syscall Count                   : 0
 Write Syscall Count                  : 0
 Block I/O Count                      : 0
 io_uring Completion Count            : 0

-- Total I/O Time (block device) --
 Total Block I/O Time           : 0

-- Page Faults & Bytes --
 Page Fault Count               : 0
 Read Bytes                     : 0
 Write Bytes                    : 0
 Block Read Bytes               : 0
 Block Write Bytes              : 0
[===============================================]

[===============================================]
Result of node_idx 23 in node_object 0: Multiply (ND)

-- Elapsed Time Analysis --
 Wall-clock Time                      : 6 us
 - Non I/O Handling Time (Estimated)  : 6 us
 - I/O Handling Time                  : 0 us
        - Read Syscall                : 0 us
        - Write Syscall               : 0 us
        - Page Fault                  : 0 us
        - io_uring                    : 0 us

-- I/O Counts --
 Read Syscall Count                   : 0
 Write Syscall Count                  : 0
 Block I/O Count                      : 0
 io_uring Completion Count            : 0

-- Total I/O Time (block device) --
 Total Block I/O Time           : 0

-- Page Faults & Bytes --
 Page Fault Count               : 0
 Read Bytes                     : 0
 Write Bytes                    : 0
 Block Read Bytes               : 0
 Block Write Bytes              : 0
[===============================================]

[===============================================]
Result of node_idx 24 in node_object 0: Add (ND)

-- Elapsed Time Analysis --
 Wall-clock Time                      : 6 us
 - Non I/O Handling Time (Estimated)  : 6 us
 - I/O Handling Time                  : 0 us
        - Read Syscall                : 0 us
        - Write Syscall               : 0 us
        - Page Fault                  : 0 us
        - io_uring                    : 0 us

-- I/O Counts --
 Read Syscall Count                   : 0
 Write Syscall Count                  : 0
 Block I/O Count                      : 0
 io_uring Completion Count            : 0

-- Total I/O Time (block device) --
 Total Block I/O Time           : 0

-- Page Faults & Bytes --
 Page Fault Count               : 0
 Read Bytes                     : 0
 Write Bytes                    : 0
 Block Read Bytes               : 0
 Block Write Bytes              : 0
[===============================================]

[===============================================]
Result of node_idx 25 in node_object 0: Copy (NC, X32)

-- Elapsed Time Analysis --
 Wall-clock Time                      : 5 us
 - Non I/O Handling Time (Estimated)  : 5 us
 - I/O Handling Time                  : 0 us
        - Read Syscall                : 0 us
        - Write Syscall               : 0 us
        - Page Fault                  : 0 us
        - io_uring                    : 0 us

-- I/O Counts --
 Read Syscall Count                   : 0
 Write Syscall Count                  : 0
 Block I/O Count                      : 0
 io_uring Completion Count            : 0

-- Total I/O Time (block device) --
 Total Block I/O Time           : 0

-- Page Faults & Bytes --
 Page Fault Count               : 0
 Read Bytes                     : 0
 Write Bytes                    : 0
 Block Read Bytes               : 0
 Block Write Bytes              : 0
[===============================================]

[===============================================]
Result of node_idx 25 in node_object 1: Copy (NC, X32)

-- Elapsed Time Analysis --
 Wall-clock Time                      : 6 us
 - Non I/O Handling Time (Estimated)  : 6 us
 - I/O Handling Time                  : 0 us
        - Read Syscall                : 0 us
        - Write Syscall               : 0 us
        - Page Fault                  : 0 us
        - io_uring                    : 0 us

-- I/O Counts --
 Read Syscall Count                   : 0
 Write Syscall Count                  : 0
 Block I/O Count                      : 0
 io_uring Completion Count            : 0

-- Total I/O Time (block device) --
 Total Block I/O Time           : 0

-- Page Faults & Bytes --
 Page Fault Count               : 0
 Read Bytes                     : 0
 Write Bytes                    : 0
 Block Read Bytes               : 0
 Block Write Bytes              : 0
[===============================================]

[===============================================]
Result of node_idx 26 in node_object 0: Static Reshape (NC)

-- Elapsed Time Analysis --
 Wall-clock Time                      : 4 us
 - Non I/O Handling Time (Estimated)  : 4 us
 - I/O Handling Time                  : 0 us
        - Read Syscall                : 0 us
        - Write Syscall               : 0 us
        - Page Fault                  : 0 us
        - io_uring                    : 0 us

-- I/O Counts --
 Read Syscall Count                   : 0
 Write Syscall Count                  : 0
 Block I/O Count                      : 0
 io_uring Completion Count            : 0

-- Total I/O Time (block device) --
 Total Block I/O Time           : 0

-- Page Faults & Bytes --
 Page Fault Count               : 0
 Read Bytes                     : 0
 Write Bytes                    : 0
 Block Read Bytes               : 0
 Block Write Bytes              : 0
[===============================================]

[===============================================]
Result of node_idx 0 in node_object 0: Multiply (ND)

-- Elapsed Time Analysis --
 Wall-clock Time                      : 5 us
 - Non I/O Handling Time (Estimated)  : 5 us
 - I/O Handling Time                  : 0 us
        - Read Syscall                : 0 us
        - Write Syscall               : 0 us
        - Page Fault                  : 0 us
        - io_uring                    : 0 us

-- I/O Counts --
 Read Syscall Count                   : 0
 Write Syscall Count                  : 0
 Block I/O Count                      : 0
 io_uring Completion Count            : 0

-- Total I/O Time (block device) --
 Total Block I/O Time           : 0

-- Page Faults & Bytes --
 Page Fault Count               : 0
 Read Bytes                     : 0
 Write Bytes                    : 0
 Block Read Bytes               : 0
 Block Write Bytes              : 0
[===============================================]

[===============================================]
Result of node_idx 1 in node_object 0: Transpose (ND, X32)

-- Elapsed Time Analysis --
 Wall-clock Time                      : 4 us
 - Non I/O Handling Time (Estimated)  : 4 us
 - I/O Handling Time                  : 0 us
        - Read Syscall                : 0 us
        - Write Syscall               : 0 us
        - Page Fault                  : 0 us
        - io_uring                    : 0 us

-- I/O Counts --
 Read Syscall Count                   : 0
 Write Syscall Count                  : 0
 Block I/O Count                      : 0
 io_uring Completion Count            : 0

-- Total I/O Time (block device) --
 Total Block I/O Time           : 0

-- Page Faults & Bytes --
 Page Fault Count               : 0
 Read Bytes                     : 0
 Write Bytes                    : 0
 Block Read Bytes               : 0
 Block Write Bytes              : 0
[===============================================]

[===============================================]
Result of node_idx 2 in node_object 0: Transpose (ND, X32)

-- Elapsed Time Analysis --
 Wall-clock Time                      : 28 us
 - Non I/O Handling Time (Estimated)  : 28 us
 - I/O Handling Time                  : 0 us
        - Read Syscall                : 0 us
        - Write Syscall               : 0 us
        - Page Fault                  : 0 us
        - io_uring                    : 0 us

-- I/O Counts --
 Read Syscall Count                   : 0
 Write Syscall Count                  : 0
 Block I/O Count                      : 0
 io_uring Completion Count            : 0

-- Total I/O Time (block device) --
 Total Block I/O Time           : 0

-- Page Faults & Bytes --
 Page Fault Count               : 0
 Read Bytes                     : 0
 Write Bytes                    : 0
 Block Read Bytes               : 0
 Block Write Bytes              : 0
[===============================================]

[===============================================]
Result of node_idx 3 in node_object 0: Static Reshape (NC)

-- Elapsed Time Analysis --
 Wall-clock Time                      : 4 us
 - Non I/O Handling Time (Estimated)  : 4 us
 - I/O Handling Time                  : 0 us
        - Read Syscall                : 0 us
        - Write Syscall               : 0 us
        - Page Fault                  : 0 us
        - io_uring                    : 0 us

-- I/O Counts --
 Read Syscall Count                   : 0
 Write Syscall Count                  : 0
 Block I/O Count                      : 0
 io_uring Completion Count            : 0

-- Total I/O Time (block device) --
 Total Block I/O Time           : 0

-- Page Faults & Bytes --
 Page Fault Count               : 0
 Read Bytes                     : 0
 Write Bytes                    : 0
 Block Read Bytes               : 0
 Block Write Bytes              : 0
[===============================================]

[===============================================]
Result of node_idx 4 in node_object 0: Static Reshape (NC)

-- Elapsed Time Analysis --
 Wall-clock Time                      : 3 us
 - Non I/O Handling Time (Estimated)  : 3 us
 - I/O Handling Time                  : 0 us
        - Read Syscall                : 0 us
        - Write Syscall               : 0 us
        - Page Fault                  : 0 us
        - io_uring                    : 0 us

-- I/O Counts --
 Read Syscall Count                   : 0
 Write Syscall Count                  : 0
 Block I/O Count                      : 0
 io_uring Completion Count            : 0

-- Total I/O Time (block device) --
 Total Block I/O Time           : 0

-- Page Faults & Bytes --
 Page Fault Count               : 0
 Read Bytes                     : 0
 Write Bytes                    : 0
 Block Read Bytes               : 0
 Block Write Bytes              : 0
[===============================================]

[===============================================]
Result of node_idx 5 in node_object 0: Batch Matrix Multiply (NC, F32)

-- Elapsed Time Analysis --
 Wall-clock Time                      : 55 us
 - Non I/O Handling Time (Estimated)  : 55 us
 - I/O Handling Time                  : 0 us
        - Read Syscall                : 0 us
        - Write Syscall               : 0 us
        - Page Fault                  : 0 us
        - io_uring                    : 0 us

-- I/O Counts --
 Read Syscall Count                   : 0
 Write Syscall Count                  : 0
 Block I/O Count                      : 0
 io_uring Completion Count            : 0

-- Total I/O Time (block device) --
 Total Block I/O Time           : 0

-- Page Faults & Bytes --
 Page Fault Count               : 0
 Read Bytes                     : 0
 Write Bytes                    : 0
 Block Read Bytes               : 0
 Block Write Bytes              : 0
[===============================================]

[===============================================]
Result of node_idx 6 in node_object 0: Static Reshape (NC)

-- Elapsed Time Analysis --
 Wall-clock Time                      : 3 us
 - Non I/O Handling Time (Estimated)  : 3 us
 - I/O Handling Time                  : 0 us
        - Read Syscall                : 0 us
        - Write Syscall               : 0 us
        - Page Fault                  : 0 us
        - io_uring                    : 0 us

-- I/O Counts --
 Read Syscall Count                   : 0
 Write Syscall Count                  : 0
 Block I/O Count                      : 0
 io_uring Completion Count            : 0

-- Total I/O Time (block device) --
 Total Block I/O Time           : 0

-- Page Faults & Bytes --
 Page Fault Count               : 0
 Read Bytes                     : 0
 Write Bytes                    : 0
 Block Read Bytes               : 0
 Block Write Bytes              : 0
[===============================================]

[===============================================]
Result of node_idx 7 in node_object 0: Add (ND)

-- Elapsed Time Analysis --
 Wall-clock Time                      : 6 us
 - Non I/O Handling Time (Estimated)  : 6 us
 - I/O Handling Time                  : 0 us
        - Read Syscall                : 0 us
        - Write Syscall               : 0 us
        - Page Fault                  : 0 us
        - io_uring                    : 0 us

-- I/O Counts --
 Read Syscall Count                   : 0
 Write Syscall Count                  : 0
 Block I/O Count                      : 0
 io_uring Completion Count            : 0

-- Total I/O Time (block device) --
 Total Block I/O Time           : 0

-- Page Faults & Bytes --
 Page Fault Count               : 0
 Read Bytes                     : 0
 Write Bytes                    : 0
 Block Read Bytes               : 0
 Block Write Bytes              : 0
[===============================================]

[===============================================]
Result of node_idx 8 in node_object 0: Softmax (NC, F32)

-- Elapsed Time Analysis --
 Wall-clock Time                      : 8 us
 - Non I/O Handling Time (Estimated)  : 8 us
 - I/O Handling Time                  : 0 us
        - Read Syscall                : 0 us
        - Write Syscall               : 0 us
        - Page Fault                  : 0 us
        - io_uring                    : 0 us

-- I/O Counts --
 Read Syscall Count                   : 0
 Write Syscall Count                  : 0
 Block I/O Count                      : 0
 io_uring Completion Count            : 0

-- Total I/O Time (block device) --
 Total Block I/O Time           : 0

-- Page Faults & Bytes --
 Page Fault Count               : 0
 Read Bytes                     : 0
 Write Bytes                    : 0
 Block Read Bytes               : 0
 Block Write Bytes              : 0
[===============================================]

[===============================================]
Result of node_idx 9 in node_object 0: Transpose (ND, X32)

-- Elapsed Time Analysis --
 Wall-clock Time                      : 35 us
 - Non I/O Handling Time (Estimated)  : 35 us
 - I/O Handling Time                  : 0 us
        - Read Syscall                : 0 us
        - Write Syscall               : 0 us
        - Page Fault                  : 0 us
        - io_uring                    : 0 us

-- I/O Counts --
 Read Syscall Count                   : 0
 Write Syscall Count                  : 0
 Block I/O Count                      : 0
 io_uring Completion Count            : 0

-- Total I/O Time (block device) --
 Total Block I/O Time           : 0

-- Page Faults & Bytes --
 Page Fault Count               : 0
 Read Bytes                     : 0
 Write Bytes                    : 0
 Block Read Bytes               : 0
 Block Write Bytes              : 0
[===============================================]

[===============================================]
Result of node_idx 10 in node_object 0: Static Reshape (NC)

-- Elapsed Time Analysis --
 Wall-clock Time                      : 3 us
 - Non I/O Handling Time (Estimated)  : 3 us
 - I/O Handling Time                  : 0 us
        - Read Syscall                : 0 us
        - Write Syscall               : 0 us
        - Page Fault                  : 0 us
        - io_uring                    : 0 us

-- I/O Counts --
 Read Syscall Count                   : 0
 Write Syscall Count                  : 0
 Block I/O Count                      : 0
 io_uring Completion Count            : 0

-- Total I/O Time (block device) --
 Total Block I/O Time           : 0

-- Page Faults & Bytes --
 Page Fault Count               : 0
 Read Bytes                     : 0
 Write Bytes                    : 0
 Block Read Bytes               : 0
 Block Write Bytes              : 0
[===============================================]

[===============================================]
Result of node_idx 11 in node_object 0: Static Reshape (NC)

-- Elapsed Time Analysis --
 Wall-clock Time                      : 3 us
 - Non I/O Handling Time (Estimated)  : 3 us
 - I/O Handling Time                  : 0 us
        - Read Syscall                : 0 us
        - Write Syscall               : 0 us
        - Page Fault                  : 0 us
        - io_uring                    : 0 us

-- I/O Counts --
 Read Syscall Count                   : 0
 Write Syscall Count                  : 0
 Block I/O Count                      : 0
 io_uring Completion Count            : 0

-- Total I/O Time (block device) --
 Total Block I/O Time           : 0

-- Page Faults & Bytes --
 Page Fault Count               : 0
 Read Bytes                     : 0
 Write Bytes                    : 0
 Block Read Bytes               : 0
 Block Write Bytes              : 0
[===============================================]

[===============================================]
Result of node_idx 12 in node_object 0: Batch Matrix Multiply (NC, F32)

-- Elapsed Time Analysis --
 Wall-clock Time                      : 55 us
 - Non I/O Handling Time (Estimated)  : 55 us
 - I/O Handling Time                  : 0 us
        - Read Syscall                : 0 us
        - Write Syscall               : 0 us
        - Page Fault                  : 0 us
        - io_uring                    : 0 us

-- I/O Counts --
 Read Syscall Count                   : 0
 Write Syscall Count                  : 0
 Block I/O Count                      : 0
 io_uring Completion Count            : 0

-- Total I/O Time (block device) --
 Total Block I/O Time           : 0

-- Page Faults & Bytes --
 Page Fault Count               : 0
 Read Bytes                     : 0
 Write Bytes                    : 0
 Block Read Bytes               : 0
 Block Write Bytes              : 0
[===============================================]

[===============================================]
Result of node_idx 13 in node_object 0: Static Reshape (NC)

-- Elapsed Time Analysis --
 Wall-clock Time                      : 4 us
 - Non I/O Handling Time (Estimated)  : 4 us
 - I/O Handling Time                  : 0 us
        - Read Syscall                : 0 us
        - Write Syscall               : 0 us
        - Page Fault                  : 0 us
        - io_uring                    : 0 us

-- I/O Counts --
 Read Syscall Count                   : 0
 Write Syscall Count                  : 0
 Block I/O Count                      : 0
 io_uring Completion Count            : 0

-- Total I/O Time (block device) --
 Total Block I/O Time           : 0

-- Page Faults & Bytes --
 Page Fault Count               : 0
 Read Bytes                     : 0
 Write Bytes                    : 0
 Block Read Bytes               : 0
 Block Write Bytes              : 0
[===============================================]

[===============================================]
Result of node_idx 14 in node_object 0: Transpose (ND, X32)

-- Elapsed Time Analysis --
 Wall-clock Time                      : 4 us
 - Non I/O Handling Time (Estimated)  : 4 us
 - I/O Handling Time                  : 0 us
        - Read Syscall                : 0 us
        - Write Syscall               : 0 us
        - Page Fault                  : 0 us
        - io_uring                    : 0 us

-- I/O Counts --
 Read Syscall Count                   : 0
 Write Syscall Count                  : 0
 Block I/O Count                      : 0
 io_uring Completion Count            : 0

-- Total I/O Time (block device) --
 Total Block I/O Time           : 0

-- Page Faults & Bytes --
 Page Fault Count               : 0
 Read Bytes                     : 0
 Write Bytes                    : 0
 Block Read Bytes               : 0
 Block Write Bytes              : 0
[===============================================]

[===============================================]
Result of node_idx 15 in node_object 0: Static Reshape (NC)

-- Elapsed Time Analysis --
 Wall-clock Time                      : 4 us
 - Non I/O Handling Time (Estimated)  : 4 us
 - I/O Handling Time                  : 0 us
        - Read Syscall                : 0 us
        - Write Syscall               : 0 us
        - Page Fault                  : 0 us
        - io_uring                    : 0 us

-- I/O Counts --
 Read Syscall Count                   : 0
 Write Syscall Count                  : 0
 Block I/O Count                      : 0
 io_uring Completion Count            : 0

-- Total I/O Time (block device) --
 Total Block I/O Time           : 0

-- Page Faults & Bytes --
 Page Fault Count               : 0
 Read Bytes                     : 0
 Write Bytes                    : 0
 Block Read Bytes               : 0
 Block Write Bytes              : 0
[===============================================]

[===============================================]
Result of node_idx 16 in node_object 0: Fully Connected (NC, QDU8, F32, QC8W)

-- Elapsed Time Analysis --
 Wall-clock Time                      : 11 us
 - Non I/O Handling Time (Estimated)  : 11 us
 - I/O Handling Time                  : 0 us
        - Read Syscall                : 0 us
        - Write Syscall               : 0 us
        - Page Fault                  : 0 us
        - io_uring                    : 0 us

-- I/O Counts --
 Read Syscall Count                   : 0
 Write Syscall Count                  : 0
 Block I/O Count                      : 0
 io_uring Completion Count            : 0

-- Total I/O Time (block device) --
 Total Block I/O Time           : 0

-- Page Faults & Bytes --
 Page Fault Count               : 0
 Read Bytes                     : 0
 Write Bytes                    : 0
 Block Read Bytes               : 0
 Block Write Bytes              : 0
[===============================================]

[===============================================]
Result of node_idx 17 in node_object 0: Add (ND)

-- Elapsed Time Analysis --
 Wall-clock Time                      : 6 us
 - Non I/O Handling Time (Estimated)  : 6 us
 - I/O Handling Time                  : 0 us
        - Read Syscall                : 0 us
        - Write Syscall               : 0 us
        - Page Fault                  : 0 us
        - io_uring                    : 0 us

-- I/O Counts --
 Read Syscall Count                   : 0
 Write Syscall Count                  : 0
 Block I/O Count                      : 0
 io_uring Completion Count            : 0

-- Total I/O Time (block device) --
 Total Block I/O Time           : 0

-- Page Faults & Bytes --
 Page Fault Count               : 0
 Read Bytes                     : 0
 Write Bytes                    : 0
 Block Read Bytes               : 0
 Block Write Bytes              : 0
[===============================================]

[===============================================]
Result of node_idx 0 in node_object 0: Multiply (ND)

-- Elapsed Time Analysis --
 Wall-clock Time                      : 11 us
 - Non I/O Handling Time (Estimated)  : 11 us
 - I/O Handling Time                  : 0 us
        - Read Syscall                : 0 us
        - Write Syscall               : 0 us
        - Page Fault                  : 0 us
        - io_uring                    : 0 us

-- I/O Counts --
 Read Syscall Count                   : 0
 Write Syscall Count                  : 0
 Block I/O Count                      : 0
 io_uring Completion Count            : 0

-- Total I/O Time (block device) --
 Total Block I/O Time           : 0

-- Page Faults & Bytes --
 Page Fault Count               : 0
 Read Bytes                     : 0
 Write Bytes                    : 0
 Block Read Bytes               : 0
 Block Write Bytes              : 0
[===============================================]

[===============================================]
Result of node_idx 1 in node_object 0: Sum (ND)

-- Elapsed Time Analysis --
 Wall-clock Time                      : 4 us
 - Non I/O Handling Time (Estimated)  : 4 us
 - I/O Handling Time                  : 0 us
        - Read Syscall                : 0 us
        - Write Syscall               : 0 us
        - Page Fault                  : 0 us
        - io_uring                    : 0 us

-- I/O Counts --
 Read Syscall Count                   : 0
 Write Syscall Count                  : 0
 Block I/O Count                      : 0
 io_uring Completion Count            : 0

-- Total I/O Time (block device) --
 Total Block I/O Time           : 0

-- Page Faults & Bytes --
 Page Fault Count               : 0
 Read Bytes                     : 0
 Write Bytes                    : 0
 Block Read Bytes               : 0
 Block Write Bytes              : 0
[===============================================]

[===============================================]
Result of node_idx 2 in node_object 0: Multiply (ND)

-- Elapsed Time Analysis --
 Wall-clock Time                      : 4 us
 - Non I/O Handling Time (Estimated)  : 4 us
 - I/O Handling Time                  : 0 us
        - Read Syscall                : 0 us
        - Write Syscall               : 0 us
        - Page Fault                  : 0 us
        - io_uring                    : 0 us

-- I/O Counts --
 Read Syscall Count                   : 0
 Write Syscall Count                  : 0
 Block I/O Count                      : 0
 io_uring Completion Count            : 0

-- Total I/O Time (block device) --
 Total Block I/O Time           : 0

-- Page Faults & Bytes --
 Page Fault Count               : 0
 Read Bytes                     : 0
 Write Bytes                    : 0
 Block Read Bytes               : 0
 Block Write Bytes              : 0
[===============================================]

[===============================================]
Result of node_idx 3 in node_object 0: Add (ND)

-- Elapsed Time Analysis --
 Wall-clock Time                      : 3 us
 - Non I/O Handling Time (Estimated)  : 3 us
 - I/O Handling Time                  : 0 us
        - Read Syscall                : 0 us
        - Write Syscall               : 0 us
        - Page Fault                  : 0 us
        - io_uring                    : 0 us

-- I/O Counts --
 Read Syscall Count                   : 0
 Write Syscall Count                  : 0
 Block I/O Count                      : 0
 io_uring Completion Count            : 0

-- Total I/O Time (block device) --
 Total Block I/O Time           : 0

-- Page Faults & Bytes --
 Page Fault Count               : 0
 Read Bytes                     : 0
 Write Bytes                    : 0
 Block Read Bytes               : 0
 Block Write Bytes              : 0
[===============================================]

[===============================================]
Result of node_idx 4 in node_object 0: Reciprocal Square Root (NC)

-- Elapsed Time Analysis --
 Wall-clock Time                      : 4 us
 - Non I/O Handling Time (Estimated)  : 4 us
 - I/O Handling Time                  : 0 us
        - Read Syscall                : 0 us
        - Write Syscall               : 0 us
        - Page Fault                  : 0 us
        - io_uring                    : 0 us

-- I/O Counts --
 Read Syscall Count                   : 0
 Write Syscall Count                  : 0
 Block I/O Count                      : 0
 io_uring Completion Count            : 0

-- Total I/O Time (block device) --
 Total Block I/O Time           : 0

-- Page Faults & Bytes --
 Page Fault Count               : 0
 Read Bytes                     : 0
 Write Bytes                    : 0
 Block Read Bytes               : 0
 Block Write Bytes              : 0
[===============================================]

[===============================================]
Result of node_idx 5 in node_object 0: Multiply (ND)

-- Elapsed Time Analysis --
 Wall-clock Time                      : 6 us
 - Non I/O Handling Time (Estimated)  : 6 us
 - I/O Handling Time                  : 0 us
        - Read Syscall                : 0 us
        - Write Syscall               : 0 us
        - Page Fault                  : 0 us
        - io_uring                    : 0 us

-- I/O Counts --
 Read Syscall Count                   : 0
 Write Syscall Count                  : 0
 Block I/O Count                      : 0
 io_uring Completion Count            : 0

-- Total I/O Time (block device) --
 Total Block I/O Time           : 0

-- Page Faults & Bytes --
 Page Fault Count               : 0
 Read Bytes                     : 0
 Write Bytes                    : 0
 Block Read Bytes               : 0
 Block Write Bytes              : 0
[===============================================]

[===============================================]
Result of node_idx 6 in node_object 0: Multiply (ND)

-- Elapsed Time Analysis --
 Wall-clock Time                      : 6 us
 - Non I/O Handling Time (Estimated)  : 6 us
 - I/O Handling Time                  : 0 us
        - Read Syscall                : 0 us
        - Write Syscall               : 0 us
        - Page Fault                  : 0 us
        - io_uring                    : 0 us

-- I/O Counts --
 Read Syscall Count                   : 0
 Write Syscall Count                  : 0
 Block I/O Count                      : 0
 io_uring Completion Count            : 0

-- Total I/O Time (block device) --
 Total Block I/O Time           : 0

-- Page Faults & Bytes --
 Page Fault Count               : 0
 Read Bytes                     : 0
 Write Bytes                    : 0
 Block Read Bytes               : 0
 Block Write Bytes              : 0
[===============================================]

[===============================================]
Result of node_idx 0 in node_object 0: Fully Connected (NC, QDU8, F32, QC8W)

-- Elapsed Time Analysis --
 Wall-clock Time                      : 24 us
 - Non I/O Handling Time (Estimated)  : 24 us
 - I/O Handling Time                  : 0 us
        - Read Syscall                : 0 us
        - Write Syscall               : 0 us
        - Page Fault                  : 0 us
        - io_uring                    : 0 us

-- I/O Counts --
 Read Syscall Count                   : 0
 Write Syscall Count                  : 0
 Block I/O Count                      : 0
 io_uring Completion Count            : 0

-- Total I/O Time (block device) --
 Total Block I/O Time           : 0

-- Page Faults & Bytes --
 Page Fault Count               : 0
 Read Bytes                     : 0
 Write Bytes                    : 0
 Block Read Bytes               : 0
 Block Write Bytes              : 0
[===============================================]

[===============================================]
Result of node_idx 1 in node_object 0: Sigmoid (NC)

-- Elapsed Time Analysis --
 Wall-clock Time                      : 6 us
 - Non I/O Handling Time (Estimated)  : 6 us
 - I/O Handling Time                  : 0 us
        - Read Syscall                : 0 us
        - Write Syscall               : 0 us
        - Page Fault                  : 0 us
        - io_uring                    : 0 us

-- I/O Counts --
 Read Syscall Count                   : 0
 Write Syscall Count                  : 0
 Block I/O Count                      : 0
 io_uring Completion Count            : 0

-- Total I/O Time (block device) --
 Total Block I/O Time           : 0

-- Page Faults & Bytes --
 Page Fault Count               : 0
 Read Bytes                     : 0
 Write Bytes                    : 0
 Block Read Bytes               : 0
 Block Write Bytes              : 0
[===============================================]

[===============================================]
Result of node_idx 2 in node_object 0: Multiply (ND)

-- Elapsed Time Analysis --
 Wall-clock Time                      : 7 us
 - Non I/O Handling Time (Estimated)  : 7 us
 - I/O Handling Time                  : 0 us
        - Read Syscall                : 0 us
        - Write Syscall               : 0 us
        - Page Fault                  : 0 us
        - io_uring                    : 0 us

-- I/O Counts --
 Read Syscall Count                   : 0
 Write Syscall Count                  : 0
 Block I/O Count                      : 0
 io_uring Completion Count            : 0

-- Total I/O Time (block device) --
 Total Block I/O Time           : 0

-- Page Faults & Bytes --
 Page Fault Count               : 0
 Read Bytes                     : 0
 Write Bytes                    : 0
 Block Read Bytes               : 0
 Block Write Bytes              : 0
[===============================================]

[===============================================]
Result of node_idx 3 in node_object 0: Fully Connected (NC, QDU8, F32, QC8W)

-- Elapsed Time Analysis --
 Wall-clock Time                      : 21 us
 - Non I/O Handling Time (Estimated)  : 21 us
 - I/O Handling Time                  : 0 us
        - Read Syscall                : 0 us
        - Write Syscall               : 0 us
        - Page Fault                  : 0 us
        - io_uring                    : 0 us

-- I/O Counts --
 Read Syscall Count                   : 0
 Write Syscall Count                  : 0
 Block I/O Count                      : 0
 io_uring Completion Count            : 0

-- Total I/O Time (block device) --
 Total Block I/O Time           : 0

-- Page Faults & Bytes --
 Page Fault Count               : 0
 Read Bytes                     : 0
 Write Bytes                    : 0
 Block Read Bytes               : 0
 Block Write Bytes              : 0
[===============================================]

[===============================================]
Result of node_idx 4 in node_object 0: Multiply (ND)

-- Elapsed Time Analysis --
 Wall-clock Time                      : 6 us
 - Non I/O Handling Time (Estimated)  : 6 us
 - I/O Handling Time                  : 0 us
        - Read Syscall                : 0 us
        - Write Syscall               : 0 us
        - Page Fault                  : 0 us
        - io_uring                    : 0 us

-- I/O Counts --
 Read Syscall Count                   : 0
 Write Syscall Count                  : 0
 Block I/O Count                      : 0
 io_uring Completion Count            : 0

-- Total I/O Time (block device) --
 Total Block I/O Time           : 0

-- Page Faults & Bytes --
 Page Fault Count               : 0
 Read Bytes                     : 0
 Write Bytes                    : 0
 Block Read Bytes               : 0
 Block Write Bytes              : 0
[===============================================]

[===============================================]
Result of node_idx 5 in node_object 0: Fully Connected (NC, QDU8, F32, QC8W)

-- Elapsed Time Analysis --
 Wall-clock Time                      : 20 us
 - Non I/O Handling Time (Estimated)  : 20 us
 - I/O Handling Time                  : 0 us
        - Read Syscall                : 0 us
        - Write Syscall               : 0 us
        - Page Fault                  : 0 us
        - io_uring                    : 0 us

-- I/O Counts --
 Read Syscall Count                   : 0
 Write Syscall Count                  : 0
 Block I/O Count                      : 0
 io_uring Completion Count            : 0

-- Total I/O Time (block device) --
 Total Block I/O Time           : 0

-- Page Faults & Bytes --
 Page Fault Count               : 0
 Read Bytes                     : 0
 Write Bytes                    : 0
 Block Read Bytes               : 0
 Block Write Bytes              : 0
[===============================================]

[===============================================]
Result of node_idx 6 in node_object 0: Add (ND)

-- Elapsed Time Analysis --
 Wall-clock Time                      : 6 us
 - Non I/O Handling Time (Estimated)  : 6 us
 - I/O Handling Time                  : 0 us
        - Read Syscall                : 0 us
        - Write Syscall               : 0 us
        - Page Fault                  : 0 us
        - io_uring                    : 0 us

-- I/O Counts --
 Read Syscall Count                   : 0
 Write Syscall Count                  : 0
 Block I/O Count                      : 0
 io_uring Completion Count            : 0

-- Total I/O Time (block device) --
 Total Block I/O Time           : 0

-- Page Faults & Bytes --
 Page Fault Count               : 0
 Read Bytes                     : 0
 Write Bytes                    : 0
 Block Read Bytes               : 0
 Block Write Bytes              : 0
[===============================================]

[===============================================]
Result of node_idx 0 in node_object 0: Multiply (ND)

-- Elapsed Time Analysis --
 Wall-clock Time                      : 11 us
 - Non I/O Handling Time (Estimated)  : 11 us
 - I/O Handling Time                  : 0 us
        - Read Syscall                : 0 us
        - Write Syscall               : 0 us
        - Page Fault                  : 0 us
        - io_uring                    : 0 us

-- I/O Counts --
 Read Syscall Count                   : 0
 Write Syscall Count                  : 0
 Block I/O Count                      : 0
 io_uring Completion Count            : 0

-- Total I/O Time (block device) --
 Total Block I/O Time           : 0

-- Page Faults & Bytes --
 Page Fault Count               : 0
 Read Bytes                     : 0
 Write Bytes                    : 0
 Block Read Bytes               : 0
 Block Write Bytes              : 0
[===============================================]

[===============================================]
Result of node_idx 1 in node_object 0: Sum (ND)

-- Elapsed Time Analysis --
 Wall-clock Time                      : 4 us
 - Non I/O Handling Time (Estimated)  : 4 us
 - I/O Handling Time                  : 0 us
        - Read Syscall                : 0 us
        - Write Syscall               : 0 us
        - Page Fault                  : 0 us
        - io_uring                    : 0 us

-- I/O Counts --
 Read Syscall Count                   : 0
 Write Syscall Count                  : 0
 Block I/O Count                      : 0
 io_uring Completion Count            : 0

-- Total I/O Time (block device) --
 Total Block I/O Time           : 0

-- Page Faults & Bytes --
 Page Fault Count               : 0
 Read Bytes                     : 0
 Write Bytes                    : 0
 Block Read Bytes               : 0
 Block Write Bytes              : 0
[===============================================]

[===============================================]
Result of node_idx 2 in node_object 0: Multiply (ND)

-- Elapsed Time Analysis --
 Wall-clock Time                      : 4 us
 - Non I/O Handling Time (Estimated)  : 4 us
 - I/O Handling Time                  : 0 us
        - Read Syscall                : 0 us
        - Write Syscall               : 0 us
        - Page Fault                  : 0 us
        - io_uring                    : 0 us

-- I/O Counts --
 Read Syscall Count                   : 0
 Write Syscall Count                  : 0
 Block I/O Count                      : 0
 io_uring Completion Count            : 0

-- Total I/O Time (block device) --
 Total Block I/O Time           : 0

-- Page Faults & Bytes --
 Page Fault Count               : 0
 Read Bytes                     : 0
 Write Bytes                    : 0
 Block Read Bytes               : 0
 Block Write Bytes              : 0
[===============================================]

[===============================================]
Result of node_idx 3 in node_object 0: Add (ND)

-- Elapsed Time Analysis --
 Wall-clock Time                      : 3 us
 - Non I/O Handling Time (Estimated)  : 3 us
 - I/O Handling Time                  : 0 us
        - Read Syscall                : 0 us
        - Write Syscall               : 0 us
        - Page Fault                  : 0 us
        - io_uring                    : 0 us

-- I/O Counts --
 Read Syscall Count                   : 0
 Write Syscall Count                  : 0
 Block I/O Count                      : 0
 io_uring Completion Count            : 0

-- Total I/O Time (block device) --
 Total Block I/O Time           : 0

-- Page Faults & Bytes --
 Page Fault Count               : 0
 Read Bytes                     : 0
 Write Bytes                    : 0
 Block Read Bytes               : 0
 Block Write Bytes              : 0
[===============================================]

[===============================================]
Result of node_idx 4 in node_object 0: Reciprocal Square Root (NC)

-- Elapsed Time Analysis --
 Wall-clock Time                      : 4 us
 - Non I/O Handling Time (Estimated)  : 4 us
 - I/O Handling Time                  : 0 us
        - Read Syscall                : 0 us
        - Write Syscall               : 0 us
        - Page Fault                  : 0 us
        - io_uring                    : 0 us

-- I/O Counts --
 Read Syscall Count                   : 0
 Write Syscall Count                  : 0
 Block I/O Count                      : 0
 io_uring Completion Count            : 0

-- Total I/O Time (block device) --
 Total Block I/O Time           : 0

-- Page Faults & Bytes --
 Page Fault Count               : 0
 Read Bytes                     : 0
 Write Bytes                    : 0
 Block Read Bytes               : 0
 Block Write Bytes              : 0
[===============================================]

[===============================================]
Result of node_idx 5 in node_object 0: Multiply (ND)

-- Elapsed Time Analysis --
 Wall-clock Time                      : 6 us
 - Non I/O Handling Time (Estimated)  : 6 us
 - I/O Handling Time                  : 0 us
        - Read Syscall                : 0 us
        - Write Syscall               : 0 us
        - Page Fault                  : 0 us
        - io_uring                    : 0 us

-- I/O Counts --
 Read Syscall Count                   : 0
 Write Syscall Count                  : 0
 Block I/O Count                      : 0
 io_uring Completion Count            : 0

-- Total I/O Time (block device) --
 Total Block I/O Time           : 0

-- Page Faults & Bytes --
 Page Fault Count               : 0
 Read Bytes                     : 0
 Write Bytes                    : 0
 Block Read Bytes               : 0
 Block Write Bytes              : 0
[===============================================]

[===============================================]
Result of node_idx 6 in node_object 0: Multiply (ND)

-- Elapsed Time Analysis --
 Wall-clock Time                      : 6 us
 - Non I/O Handling Time (Estimated)  : 6 us
 - I/O Handling Time                  : 0 us
        - Read Syscall                : 0 us
        - Write Syscall               : 0 us
        - Page Fault                  : 0 us
        - io_uring                    : 0 us

-- I/O Counts --
 Read Syscall Count                   : 0
 Write Syscall Count                  : 0
 Block I/O Count                      : 0
 io_uring Completion Count            : 0

-- Total I/O Time (block device) --
 Total Block I/O Time           : 0

-- Page Faults & Bytes --
 Page Fault Count               : 0
 Read Bytes                     : 0
 Write Bytes                    : 0
 Block Read Bytes               : 0
 Block Write Bytes              : 0
[===============================================]

[===============================================]
Result of node_idx 0 in node_object 0: Fully Connected (NC, QDU8, F32, QC8W)

-- Elapsed Time Analysis --
 Wall-clock Time                      : 18 us
 - Non I/O Handling Time (Estimated)  : 18 us
 - I/O Handling Time                  : 0 us
        - Read Syscall                : 0 us
        - Write Syscall               : 0 us
        - Page Fault                  : 0 us
        - io_uring                    : 0 us

-- I/O Counts --
 Read Syscall Count                   : 0
 Write Syscall Count                  : 0
 Block I/O Count                      : 0
 io_uring Completion Count            : 0

-- Total I/O Time (block device) --
 Total Block I/O Time           : 0

-- Page Faults & Bytes --
 Page Fault Count               : 0
 Read Bytes                     : 0
 Write Bytes                    : 0
 Block Read Bytes               : 0
 Block Write Bytes              : 0
[===============================================]

[===============================================]
Result of node_idx 1 in node_object 0: Static Reshape (NC)

-- Elapsed Time Analysis --
 Wall-clock Time                      : 4 us
 - Non I/O Handling Time (Estimated)  : 4 us
 - I/O Handling Time                  : 0 us
        - Read Syscall                : 0 us
        - Write Syscall               : 0 us
        - Page Fault                  : 0 us
        - io_uring                    : 0 us

-- I/O Counts --
 Read Syscall Count                   : 0
 Write Syscall Count                  : 0
 Block I/O Count                      : 0
 io_uring Completion Count            : 0

-- Total I/O Time (block device) --
 Total Block I/O Time           : 0

-- Page Faults & Bytes --
 Page Fault Count               : 0
 Read Bytes                     : 0
 Write Bytes                    : 0
 Block Read Bytes               : 0
 Block Write Bytes              : 0
[===============================================]

[===============================================]
Result of node_idx 2 in node_object 0: Slice (ND, X32)

-- Elapsed Time Analysis --
 Wall-clock Time                      : 7 us
 - Non I/O Handling Time (Estimated)  : 7 us
 - I/O Handling Time                  : 0 us
        - Read Syscall                : 0 us
        - Write Syscall               : 0 us
        - Page Fault                  : 0 us
        - io_uring                    : 0 us

-- I/O Counts --
 Read Syscall Count                   : 0
 Write Syscall Count                  : 0
 Block I/O Count                      : 0
 io_uring Completion Count            : 0

-- Total I/O Time (block device) --
 Total Block I/O Time           : 0

-- Page Faults & Bytes --
 Page Fault Count               : 0
 Read Bytes                     : 0
 Write Bytes                    : 0
 Block Read Bytes               : 0
 Block Write Bytes              : 0
[===============================================]

[===============================================]
Result of node_idx 3 in node_object 0: Slice (ND, X32)

-- Elapsed Time Analysis --
 Wall-clock Time                      : 7 us
 - Non I/O Handling Time (Estimated)  : 7 us
 - I/O Handling Time                  : 0 us
        - Read Syscall                : 0 us
        - Write Syscall               : 0 us
        - Page Fault                  : 0 us
        - io_uring                    : 0 us

-- I/O Counts --
 Read Syscall Count                   : 0
 Write Syscall Count                  : 0
 Block I/O Count                      : 0
 io_uring Completion Count            : 0

-- Total I/O Time (block device) --
 Total Block I/O Time           : 0

-- Page Faults & Bytes --
 Page Fault Count               : 0
 Read Bytes                     : 0
 Write Bytes                    : 0
 Block Read Bytes               : 0
 Block Write Bytes              : 0
[===============================================]

[===============================================]
Result of node_idx 4 in node_object 0: Slice (ND, X32)

-- Elapsed Time Analysis --
 Wall-clock Time                      : 7 us
 - Non I/O Handling Time (Estimated)  : 7 us
 - I/O Handling Time                  : 0 us
        - Read Syscall                : 0 us
        - Write Syscall               : 0 us
        - Page Fault                  : 0 us
        - io_uring                    : 0 us

-- I/O Counts --
 Read Syscall Count                   : 0
 Write Syscall Count                  : 0
 Block I/O Count                      : 0
 io_uring Completion Count            : 0

-- Total I/O Time (block device) --
 Total Block I/O Time           : 0

-- Page Faults & Bytes --
 Page Fault Count               : 0
 Read Bytes                     : 0
 Write Bytes                    : 0
 Block Read Bytes               : 0
 Block Write Bytes              : 0
[===============================================]

[===============================================]
Result of node_idx 5 in node_object 0: Static Reshape (NC)

-- Elapsed Time Analysis --
 Wall-clock Time                      : 4 us
 - Non I/O Handling Time (Estimated)  : 4 us
 - I/O Handling Time                  : 0 us
        - Read Syscall                : 0 us
        - Write Syscall               : 0 us
        - Page Fault                  : 0 us
        - io_uring                    : 0 us

-- I/O Counts --
 Read Syscall Count                   : 0
 Write Syscall Count                  : 0
 Block I/O Count                      : 0
 io_uring Completion Count            : 0

-- Total I/O Time (block device) --
 Total Block I/O Time           : 0

-- Page Faults & Bytes --
 Page Fault Count               : 0
 Read Bytes                     : 0
 Write Bytes                    : 0
 Block Read Bytes               : 0
 Block Write Bytes              : 0
[===============================================]

[===============================================]
Result of node_idx 6 in node_object 0: Slice (ND, X32)

-- Elapsed Time Analysis --
 Wall-clock Time                      : 11 us
 - Non I/O Handling Time (Estimated)  : 11 us
 - I/O Handling Time                  : 0 us
        - Read Syscall                : 0 us
        - Write Syscall               : 0 us
        - Page Fault                  : 0 us
        - io_uring                    : 0 us

-- I/O Counts --
 Read Syscall Count                   : 0
 Write Syscall Count                  : 0
 Block I/O Count                      : 0
 io_uring Completion Count            : 0

-- Total I/O Time (block device) --
 Total Block I/O Time           : 0

-- Page Faults & Bytes --
 Page Fault Count               : 0
 Read Bytes                     : 0
 Write Bytes                    : 0
 Block Read Bytes               : 0
 Block Write Bytes              : 0
[===============================================]

[===============================================]
Result of node_idx 7 in node_object 0: Slice (ND, X32)

-- Elapsed Time Analysis --
 Wall-clock Time                      : 7 us
 - Non I/O Handling Time (Estimated)  : 7 us
 - I/O Handling Time                  : 0 us
        - Read Syscall                : 0 us
        - Write Syscall               : 0 us
        - Page Fault                  : 0 us
        - io_uring                    : 0 us

-- I/O Counts --
 Read Syscall Count                   : 0
 Write Syscall Count                  : 0
 Block I/O Count                      : 0
 io_uring Completion Count            : 0

-- Total I/O Time (block device) --
 Total Block I/O Time           : 0

-- Page Faults & Bytes --
 Page Fault Count               : 0
 Read Bytes                     : 0
 Write Bytes                    : 0
 Block Read Bytes               : 0
 Block Write Bytes              : 0
[===============================================]

[===============================================]
Result of node_idx 8 in node_object 0: Multiply (ND)

-- Elapsed Time Analysis --
 Wall-clock Time                      : 6 us
 - Non I/O Handling Time (Estimated)  : 6 us
 - I/O Handling Time                  : 0 us
        - Read Syscall                : 0 us
        - Write Syscall               : 0 us
        - Page Fault                  : 0 us
        - io_uring                    : 0 us

-- I/O Counts --
 Read Syscall Count                   : 0
 Write Syscall Count                  : 0
 Block I/O Count                      : 0
 io_uring Completion Count            : 0

-- Total I/O Time (block device) --
 Total Block I/O Time           : 0

-- Page Faults & Bytes --
 Page Fault Count               : 0
 Read Bytes                     : 0
 Write Bytes                    : 0
 Block Read Bytes               : 0
 Block Write Bytes              : 0
[===============================================]

[===============================================]
Result of node_idx 9 in node_object 0: Multiply (ND)

-- Elapsed Time Analysis --
 Wall-clock Time                      : 5 us
 - Non I/O Handling Time (Estimated)  : 5 us
 - I/O Handling Time                  : 0 us
        - Read Syscall                : 0 us
        - Write Syscall               : 0 us
        - Page Fault                  : 0 us
        - io_uring                    : 0 us

-- I/O Counts --
 Read Syscall Count                   : 0
 Write Syscall Count                  : 0
 Block I/O Count                      : 0
 io_uring Completion Count            : 0

-- Total I/O Time (block device) --
 Total Block I/O Time           : 0

-- Page Faults & Bytes --
 Page Fault Count               : 0
 Read Bytes                     : 0
 Write Bytes                    : 0
 Block Read Bytes               : 0
 Block Write Bytes              : 0
[===============================================]

[===============================================]
Result of node_idx 10 in node_object 0: Subtract (ND)

-- Elapsed Time Analysis --
 Wall-clock Time                      : 5 us
 - Non I/O Handling Time (Estimated)  : 5 us
 - I/O Handling Time                  : 0 us
        - Read Syscall                : 0 us
        - Write Syscall               : 0 us
        - Page Fault                  : 0 us
        - io_uring                    : 0 us

-- I/O Counts --
 Read Syscall Count                   : 0
 Write Syscall Count                  : 0
 Block I/O Count                      : 0
 io_uring Completion Count            : 0

-- Total I/O Time (block device) --
 Total Block I/O Time           : 0

-- Page Faults & Bytes --
 Page Fault Count               : 0
 Read Bytes                     : 0
 Write Bytes                    : 0
 Block Read Bytes               : 0
 Block Write Bytes              : 0
[===============================================]

[===============================================]
Result of node_idx 11 in node_object 0: Multiply (ND)

-- Elapsed Time Analysis --
 Wall-clock Time                      : 5 us
 - Non I/O Handling Time (Estimated)  : 5 us
 - I/O Handling Time                  : 0 us
        - Read Syscall                : 0 us
        - Write Syscall               : 0 us
        - Page Fault                  : 0 us
        - io_uring                    : 0 us

-- I/O Counts --
 Read Syscall Count                   : 0
 Write Syscall Count                  : 0
 Block I/O Count                      : 0
 io_uring Completion Count            : 0

-- Total I/O Time (block device) --
 Total Block I/O Time           : 0

-- Page Faults & Bytes --
 Page Fault Count               : 0
 Read Bytes                     : 0
 Write Bytes                    : 0
 Block Read Bytes               : 0
 Block Write Bytes              : 0
[===============================================]

[===============================================]
Result of node_idx 12 in node_object 0: Multiply (ND)

-- Elapsed Time Analysis --
 Wall-clock Time                      : 5 us
 - Non I/O Handling Time (Estimated)  : 5 us
 - I/O Handling Time                  : 0 us
        - Read Syscall                : 0 us
        - Write Syscall               : 0 us
        - Page Fault                  : 0 us
        - io_uring                    : 0 us

-- I/O Counts --
 Read Syscall Count                   : 0
 Write Syscall Count                  : 0
 Block I/O Count                      : 0
 io_uring Completion Count            : 0

-- Total I/O Time (block device) --
 Total Block I/O Time           : 0

-- Page Faults & Bytes --
 Page Fault Count               : 0
 Read Bytes                     : 0
 Write Bytes                    : 0
 Block Read Bytes               : 0
 Block Write Bytes              : 0
[===============================================]

[===============================================]
Result of node_idx 13 in node_object 0: Add (ND)

-- Elapsed Time Analysis --
 Wall-clock Time                      : 5 us
 - Non I/O Handling Time (Estimated)  : 5 us
 - I/O Handling Time                  : 0 us
        - Read Syscall                : 0 us
        - Write Syscall               : 0 us
        - Page Fault                  : 0 us
        - io_uring                    : 0 us

-- I/O Counts --
 Read Syscall Count                   : 0
 Write Syscall Count                  : 0
 Block I/O Count                      : 0
 io_uring Completion Count            : 0

-- Total I/O Time (block device) --
 Total Block I/O Time           : 0

-- Page Faults & Bytes --
 Page Fault Count               : 0
 Read Bytes                     : 0
 Write Bytes                    : 0
 Block Read Bytes               : 0
 Block Write Bytes              : 0
[===============================================]

[===============================================]
Result of node_idx 14 in node_object 0: Copy (NC, X32)

-- Elapsed Time Analysis --
 Wall-clock Time                      : 5 us
 - Non I/O Handling Time (Estimated)  : 5 us
 - I/O Handling Time                  : 0 us
        - Read Syscall                : 0 us
        - Write Syscall               : 0 us
        - Page Fault                  : 0 us
        - io_uring                    : 0 us

-- I/O Counts --
 Read Syscall Count                   : 0
 Write Syscall Count                  : 0
 Block I/O Count                      : 0
 io_uring Completion Count            : 0

-- Total I/O Time (block device) --
 Total Block I/O Time           : 0

-- Page Faults & Bytes --
 Page Fault Count               : 0
 Read Bytes                     : 0
 Write Bytes                    : 0
 Block Read Bytes               : 0
 Block Write Bytes              : 0
[===============================================]

[===============================================]
Result of node_idx 14 in node_object 1: Copy (NC, X32)

-- Elapsed Time Analysis --
 Wall-clock Time                      : 5 us
 - Non I/O Handling Time (Estimated)  : 5 us
 - I/O Handling Time                  : 0 us
        - Read Syscall                : 0 us
        - Write Syscall               : 0 us
        - Page Fault                  : 0 us
        - io_uring                    : 0 us

-- I/O Counts --
 Read Syscall Count                   : 0
 Write Syscall Count                  : 0
 Block I/O Count                      : 0
 io_uring Completion Count            : 0

-- Total I/O Time (block device) --
 Total Block I/O Time           : 0

-- Page Faults & Bytes --
 Page Fault Count               : 0
 Read Bytes                     : 0
 Write Bytes                    : 0
 Block Read Bytes               : 0
 Block Write Bytes              : 0
[===============================================]

[===============================================]
Result of node_idx 15 in node_object 0: Static Reshape (NC)

-- Elapsed Time Analysis --
 Wall-clock Time                      : 3 us
 - Non I/O Handling Time (Estimated)  : 3 us
 - I/O Handling Time                  : 0 us
        - Read Syscall                : 0 us
        - Write Syscall               : 0 us
        - Page Fault                  : 0 us
        - io_uring                    : 0 us

-- I/O Counts --
 Read Syscall Count                   : 0
 Write Syscall Count                  : 0
 Block I/O Count                      : 0
 io_uring Completion Count            : 0

-- Total I/O Time (block device) --
 Total Block I/O Time           : 0

-- Page Faults & Bytes --
 Page Fault Count               : 0
 Read Bytes                     : 0
 Write Bytes                    : 0
 Block Read Bytes               : 0
 Block Write Bytes              : 0
[===============================================]

[===============================================]
Result of node_idx 16 in node_object 0: Static Reshape (NC)

-- Elapsed Time Analysis --
 Wall-clock Time                      : 3 us
 - Non I/O Handling Time (Estimated)  : 3 us
 - I/O Handling Time                  : 0 us
        - Read Syscall                : 0 us
        - Write Syscall               : 0 us
        - Page Fault                  : 0 us
        - io_uring                    : 0 us

-- I/O Counts --
 Read Syscall Count                   : 0
 Write Syscall Count                  : 0
 Block I/O Count                      : 0
 io_uring Completion Count            : 0

-- Total I/O Time (block device) --
 Total Block I/O Time           : 0

-- Page Faults & Bytes --
 Page Fault Count               : 0
 Read Bytes                     : 0
 Write Bytes                    : 0
 Block Read Bytes               : 0
 Block Write Bytes              : 0
[===============================================]

[===============================================]
Result of node_idx 17 in node_object 0: Slice (ND, X32)

-- Elapsed Time Analysis --
 Wall-clock Time                      : 6 us
 - Non I/O Handling Time (Estimated)  : 6 us
 - I/O Handling Time                  : 0 us
        - Read Syscall                : 0 us
        - Write Syscall               : 0 us
        - Page Fault                  : 0 us
        - io_uring                    : 0 us

-- I/O Counts --
 Read Syscall Count                   : 0
 Write Syscall Count                  : 0
 Block I/O Count                      : 0
 io_uring Completion Count            : 0

-- Total I/O Time (block device) --
 Total Block I/O Time           : 0

-- Page Faults & Bytes --
 Page Fault Count               : 0
 Read Bytes                     : 0
 Write Bytes                    : 0
 Block Read Bytes               : 0
 Block Write Bytes              : 0
[===============================================]

[===============================================]
Result of node_idx 18 in node_object 0: Slice (ND, X32)

-- Elapsed Time Analysis --
 Wall-clock Time                      : 6 us
 - Non I/O Handling Time (Estimated)  : 6 us
 - I/O Handling Time                  : 0 us
        - Read Syscall                : 0 us
        - Write Syscall               : 0 us
        - Page Fault                  : 0 us
        - io_uring                    : 0 us

-- I/O Counts --
 Read Syscall Count                   : 0
 Write Syscall Count                  : 0
 Block I/O Count                      : 0
 io_uring Completion Count            : 0

-- Total I/O Time (block device) --
 Total Block I/O Time           : 0

-- Page Faults & Bytes --
 Page Fault Count               : 0
 Read Bytes                     : 0
 Write Bytes                    : 0
 Block Read Bytes               : 0
 Block Write Bytes              : 0
[===============================================]

[===============================================]
Result of node_idx 19 in node_object 0: Multiply (ND)

-- Elapsed Time Analysis --
 Wall-clock Time                      : 5 us
 - Non I/O Handling Time (Estimated)  : 5 us
 - I/O Handling Time                  : 0 us
        - Read Syscall                : 0 us
        - Write Syscall               : 0 us
        - Page Fault                  : 0 us
        - io_uring                    : 0 us

-- I/O Counts --
 Read Syscall Count                   : 0
 Write Syscall Count                  : 0
 Block I/O Count                      : 0
 io_uring Completion Count            : 0

-- Total I/O Time (block device) --
 Total Block I/O Time           : 0

-- Page Faults & Bytes --
 Page Fault Count               : 0
 Read Bytes                     : 0
 Write Bytes                    : 0
 Block Read Bytes               : 0
 Block Write Bytes              : 0
[===============================================]

[===============================================]
Result of node_idx 20 in node_object 0: Multiply (ND)

-- Elapsed Time Analysis --
 Wall-clock Time                      : 5 us
 - Non I/O Handling Time (Estimated)  : 5 us
 - I/O Handling Time                  : 0 us
        - Read Syscall                : 0 us
        - Write Syscall               : 0 us
        - Page Fault                  : 0 us
        - io_uring                    : 0 us

-- I/O Counts --
 Read Syscall Count                   : 0
 Write Syscall Count                  : 0
 Block I/O Count                      : 0
 io_uring Completion Count            : 0

-- Total I/O Time (block device) --
 Total Block I/O Time           : 0

-- Page Faults & Bytes --
 Page Fault Count               : 0
 Read Bytes                     : 0
 Write Bytes                    : 0
 Block Read Bytes               : 0
 Block Write Bytes              : 0
[===============================================]

[===============================================]
Result of node_idx 21 in node_object 0: Subtract (ND)

-- Elapsed Time Analysis --
 Wall-clock Time                      : 5 us
 - Non I/O Handling Time (Estimated)  : 5 us
 - I/O Handling Time                  : 0 us
        - Read Syscall                : 0 us
        - Write Syscall               : 0 us
        - Page Fault                  : 0 us
        - io_uring                    : 0 us

-- I/O Counts --
 Read Syscall Count                   : 0
 Write Syscall Count                  : 0
 Block I/O Count                      : 0
 io_uring Completion Count            : 0

-- Total I/O Time (block device) --
 Total Block I/O Time           : 0

-- Page Faults & Bytes --
 Page Fault Count               : 0
 Read Bytes                     : 0
 Write Bytes                    : 0
 Block Read Bytes               : 0
 Block Write Bytes              : 0
[===============================================]

[===============================================]
Result of node_idx 22 in node_object 0: Multiply (ND)

-- Elapsed Time Analysis --
 Wall-clock Time                      : 5 us
 - Non I/O Handling Time (Estimated)  : 5 us
 - I/O Handling Time                  : 0 us
        - Read Syscall                : 0 us
        - Write Syscall               : 0 us
        - Page Fault                  : 0 us
        - io_uring                    : 0 us

-- I/O Counts --
 Read Syscall Count                   : 0
 Write Syscall Count                  : 0
 Block I/O Count                      : 0
 io_uring Completion Count            : 0

-- Total I/O Time (block device) --
 Total Block I/O Time           : 0

-- Page Faults & Bytes --
 Page Fault Count               : 0
 Read Bytes                     : 0
 Write Bytes                    : 0
 Block Read Bytes               : 0
 Block Write Bytes              : 0
[===============================================]

[===============================================]
Result of node_idx 23 in node_object 0: Multiply (ND)

-- Elapsed Time Analysis --
 Wall-clock Time                      : 5 us
 - Non I/O Handling Time (Estimated)  : 5 us
 - I/O Handling Time                  : 0 us
        - Read Syscall                : 0 us
        - Write Syscall               : 0 us
        - Page Fault                  : 0 us
        - io_uring                    : 0 us

-- I/O Counts --
 Read Syscall Count                   : 0
 Write Syscall Count                  : 0
 Block I/O Count                      : 0
 io_uring Completion Count            : 0

-- Total I/O Time (block device) --
 Total Block I/O Time           : 0

-- Page Faults & Bytes --
 Page Fault Count               : 0
 Read Bytes                     : 0
 Write Bytes                    : 0
 Block Read Bytes               : 0
 Block Write Bytes              : 0
[===============================================]

[===============================================]
Result of node_idx 24 in node_object 0: Add (ND)

-- Elapsed Time Analysis --
 Wall-clock Time                      : 5 us
 - Non I/O Handling Time (Estimated)  : 5 us
 - I/O Handling Time                  : 0 us
        - Read Syscall                : 0 us
        - Write Syscall               : 0 us
        - Page Fault                  : 0 us
        - io_uring                    : 0 us

-- I/O Counts --
 Read Syscall Count                   : 0
 Write Syscall Count                  : 0
 Block I/O Count                      : 0
 io_uring Completion Count            : 0

-- Total I/O Time (block device) --
 Total Block I/O Time           : 0

-- Page Faults & Bytes --
 Page Fault Count               : 0
 Read Bytes                     : 0
 Write Bytes                    : 0
 Block Read Bytes               : 0
 Block Write Bytes              : 0
[===============================================]

[===============================================]
Result of node_idx 25 in node_object 0: Copy (NC, X32)

-- Elapsed Time Analysis --
 Wall-clock Time                      : 5 us
 - Non I/O Handling Time (Estimated)  : 5 us
 - I/O Handling Time                  : 0 us
        - Read Syscall                : 0 us
        - Write Syscall               : 0 us
        - Page Fault                  : 0 us
        - io_uring                    : 0 us

-- I/O Counts --
 Read Syscall Count                   : 0
 Write Syscall Count                  : 0
 Block I/O Count                      : 0
 io_uring Completion Count            : 0

-- Total I/O Time (block device) --
 Total Block I/O Time           : 0

-- Page Faults & Bytes --
 Page Fault Count               : 0
 Read Bytes                     : 0
 Write Bytes                    : 0
 Block Read Bytes               : 0
 Block Write Bytes              : 0
[===============================================]

[===============================================]
Result of node_idx 25 in node_object 1: Copy (NC, X32)

-- Elapsed Time Analysis --
 Wall-clock Time                      : 5 us
 - Non I/O Handling Time (Estimated)  : 5 us
 - I/O Handling Time                  : 0 us
        - Read Syscall                : 0 us
        - Write Syscall               : 0 us
        - Page Fault                  : 0 us
        - io_uring                    : 0 us

-- I/O Counts --
 Read Syscall Count                   : 0
 Write Syscall Count                  : 0
 Block I/O Count                      : 0
 io_uring Completion Count            : 0

-- Total I/O Time (block device) --
 Total Block I/O Time           : 0

-- Page Faults & Bytes --
 Page Fault Count               : 0
 Read Bytes                     : 0
 Write Bytes                    : 0
 Block Read Bytes               : 0
 Block Write Bytes              : 0
[===============================================]

[===============================================]
Result of node_idx 26 in node_object 0: Static Reshape (NC)

-- Elapsed Time Analysis --
 Wall-clock Time                      : 3 us
 - Non I/O Handling Time (Estimated)  : 3 us
 - I/O Handling Time                  : 0 us
        - Read Syscall                : 0 us
        - Write Syscall               : 0 us
        - Page Fault                  : 0 us
        - io_uring                    : 0 us

-- I/O Counts --
 Read Syscall Count                   : 0
 Write Syscall Count                  : 0
 Block I/O Count                      : 0
 io_uring Completion Count            : 0

-- Total I/O Time (block device) --
 Total Block I/O Time           : 0

-- Page Faults & Bytes --
 Page Fault Count               : 0
 Read Bytes                     : 0
 Write Bytes                    : 0
 Block Read Bytes               : 0
 Block Write Bytes              : 0
[===============================================]

[===============================================]
Result of node_idx 0 in node_object 0: Multiply (ND)

-- Elapsed Time Analysis --
 Wall-clock Time                      : 4 us
 - Non I/O Handling Time (Estimated)  : 4 us
 - I/O Handling Time                  : 0 us
        - Read Syscall                : 0 us
        - Write Syscall               : 0 us
        - Page Fault                  : 0 us
        - io_uring                    : 0 us

-- I/O Counts --
 Read Syscall Count                   : 0
 Write Syscall Count                  : 0
 Block I/O Count                      : 0
 io_uring Completion Count            : 0

-- Total I/O Time (block device) --
 Total Block I/O Time           : 0

-- Page Faults & Bytes --
 Page Fault Count               : 0
 Read Bytes                     : 0
 Write Bytes                    : 0
 Block Read Bytes               : 0
 Block Write Bytes              : 0
[===============================================]

[===============================================]
Result of node_idx 1 in node_object 0: Transpose (ND, X32)

-- Elapsed Time Analysis --
 Wall-clock Time                      : 3 us
 - Non I/O Handling Time (Estimated)  : 3 us
 - I/O Handling Time                  : 0 us
        - Read Syscall                : 0 us
        - Write Syscall               : 0 us
        - Page Fault                  : 0 us
        - io_uring                    : 0 us

-- I/O Counts --
 Read Syscall Count                   : 0
 Write Syscall Count                  : 0
 Block I/O Count                      : 0
 io_uring Completion Count            : 0

-- Total I/O Time (block device) --
 Total Block I/O Time           : 0

-- Page Faults & Bytes --
 Page Fault Count               : 0
 Read Bytes                     : 0
 Write Bytes                    : 0
 Block Read Bytes               : 0
 Block Write Bytes              : 0
[===============================================]

[===============================================]
Result of node_idx 2 in node_object 0: Transpose (ND, X32)

-- Elapsed Time Analysis --
 Wall-clock Time                      : 27 us
 - Non I/O Handling Time (Estimated)  : 27 us
 - I/O Handling Time                  : 0 us
        - Read Syscall                : 0 us
        - Write Syscall               : 0 us
        - Page Fault                  : 0 us
        - io_uring                    : 0 us

-- I/O Counts --
 Read Syscall Count                   : 0
 Write Syscall Count                  : 0
 Block I/O Count                      : 0
 io_uring Completion Count            : 0

-- Total I/O Time (block device) --
 Total Block I/O Time           : 0

-- Page Faults & Bytes --
 Page Fault Count               : 0
 Read Bytes                     : 0
 Write Bytes                    : 0
 Block Read Bytes               : 0
 Block Write Bytes              : 0
[===============================================]

[===============================================]
Result of node_idx 3 in node_object 0: Static Reshape (NC)

-- Elapsed Time Analysis --
 Wall-clock Time                      : 3 us
 - Non I/O Handling Time (Estimated)  : 3 us
 - I/O Handling Time                  : 0 us
        - Read Syscall                : 0 us
        - Write Syscall               : 0 us
        - Page Fault                  : 0 us
        - io_uring                    : 0 us

-- I/O Counts --
 Read Syscall Count                   : 0
 Write Syscall Count                  : 0
 Block I/O Count                      : 0
 io_uring Completion Count            : 0

-- Total I/O Time (block device) --
 Total Block I/O Time           : 0

-- Page Faults & Bytes --
 Page Fault Count               : 0
 Read Bytes                     : 0
 Write Bytes                    : 0
 Block Read Bytes               : 0
 Block Write Bytes              : 0
[===============================================]

[===============================================]
Result of node_idx 4 in node_object 0: Static Reshape (NC)

-- Elapsed Time Analysis --
 Wall-clock Time                      : 3 us
 - Non I/O Handling Time (Estimated)  : 3 us
 - I/O Handling Time                  : 0 us
        - Read Syscall                : 0 us
        - Write Syscall               : 0 us
        - Page Fault                  : 0 us
        - io_uring                    : 0 us

-- I/O Counts --
 Read Syscall Count                   : 0
 Write Syscall Count                  : 0
 Block I/O Count                      : 0
 io_uring Completion Count            : 0

-- Total I/O Time (block device) --
 Total Block I/O Time           : 0

-- Page Faults & Bytes --
 Page Fault Count               : 0
 Read Bytes                     : 0
 Write Bytes                    : 0
 Block Read Bytes               : 0
 Block Write Bytes              : 0
[===============================================]

[===============================================]
Result of node_idx 5 in node_object 0: Batch Matrix Multiply (NC, F32)

-- Elapsed Time Analysis --
 Wall-clock Time                      : 50 us
 - Non I/O Handling Time (Estimated)  : 50 us
 - I/O Handling Time                  : 0 us
        - Read Syscall                : 0 us
        - Write Syscall               : 0 us
        - Page Fault                  : 0 us
        - io_uring                    : 0 us

-- I/O Counts --
 Read Syscall Count                   : 0
 Write Syscall Count                  : 0
 Block I/O Count                      : 0
 io_uring Completion Count            : 0

-- Total I/O Time (block device) --
 Total Block I/O Time           : 0

-- Page Faults & Bytes --
 Page Fault Count               : 0
 Read Bytes                     : 0
 Write Bytes                    : 0
 Block Read Bytes               : 0
 Block Write Bytes              : 0
[===============================================]

[===============================================]
Result of node_idx 6 in node_object 0: Static Reshape (NC)

-- Elapsed Time Analysis --
 Wall-clock Time                      : 3 us
 - Non I/O Handling Time (Estimated)  : 3 us
 - I/O Handling Time                  : 0 us
        - Read Syscall                : 0 us
        - Write Syscall               : 0 us
        - Page Fault                  : 0 us
        - io_uring                    : 0 us

-- I/O Counts --
 Read Syscall Count                   : 0
 Write Syscall Count                  : 0
 Block I/O Count                      : 0
 io_uring Completion Count            : 0

-- Total I/O Time (block device) --
 Total Block I/O Time           : 0

-- Page Faults & Bytes --
 Page Fault Count               : 0
 Read Bytes                     : 0
 Write Bytes                    : 0
 Block Read Bytes               : 0
 Block Write Bytes              : 0
[===============================================]

[===============================================]
Result of node_idx 7 in node_object 0: Add (ND)

-- Elapsed Time Analysis --
 Wall-clock Time                      : 5 us
 - Non I/O Handling Time (Estimated)  : 5 us
 - I/O Handling Time                  : 0 us
        - Read Syscall                : 0 us
        - Write Syscall               : 0 us
        - Page Fault                  : 0 us
        - io_uring                    : 0 us

-- I/O Counts --
 Read Syscall Count                   : 0
 Write Syscall Count                  : 0
 Block I/O Count                      : 0
 io_uring Completion Count            : 0

-- Total I/O Time (block device) --
 Total Block I/O Time           : 0

-- Page Faults & Bytes --
 Page Fault Count               : 0
 Read Bytes                     : 0
 Write Bytes                    : 0
 Block Read Bytes               : 0
 Block Write Bytes              : 0
[===============================================]

[===============================================]
Result of node_idx 8 in node_object 0: Softmax (NC, F32)

-- Elapsed Time Analysis --
 Wall-clock Time                      : 8 us
 - Non I/O Handling Time (Estimated)  : 8 us
 - I/O Handling Time                  : 0 us
        - Read Syscall                : 0 us
        - Write Syscall               : 0 us
        - Page Fault                  : 0 us
        - io_uring                    : 0 us

-- I/O Counts --
 Read Syscall Count                   : 0
 Write Syscall Count                  : 0
 Block I/O Count                      : 0
 io_uring Completion Count            : 0

-- Total I/O Time (block device) --
 Total Block I/O Time           : 0

-- Page Faults & Bytes --
 Page Fault Count               : 0
 Read Bytes                     : 0
 Write Bytes                    : 0
 Block Read Bytes               : 0
 Block Write Bytes              : 0
[===============================================]

[===============================================]
Result of node_idx 9 in node_object 0: Transpose (ND, X32)

-- Elapsed Time Analysis --
 Wall-clock Time                      : 34 us
 - Non I/O Handling Time (Estimated)  : 34 us
 - I/O Handling Time                  : 0 us
        - Read Syscall                : 0 us
        - Write Syscall               : 0 us
        - Page Fault                  : 0 us
        - io_uring                    : 0 us

-- I/O Counts --
 Read Syscall Count                   : 0
 Write Syscall Count                  : 0
 Block I/O Count                      : 0
 io_uring Completion Count            : 0

-- Total I/O Time (block device) --
 Total Block I/O Time           : 0

-- Page Faults & Bytes --
 Page Fault Count               : 0
 Read Bytes                     : 0
 Write Bytes                    : 0
 Block Read Bytes               : 0
 Block Write Bytes              : 0
[===============================================]

[===============================================]
Result of node_idx 10 in node_object 0: Static Reshape (NC)

-- Elapsed Time Analysis --
 Wall-clock Time                      : 3 us
 - Non I/O Handling Time (Estimated)  : 3 us
 - I/O Handling Time                  : 0 us
        - Read Syscall                : 0 us
        - Write Syscall               : 0 us
        - Page Fault                  : 0 us
        - io_uring                    : 0 us

-- I/O Counts --
 Read Syscall Count                   : 0
 Write Syscall Count                  : 0
 Block I/O Count                      : 0
 io_uring Completion Count            : 0

-- Total I/O Time (block device) --
 Total Block I/O Time           : 0

-- Page Faults & Bytes --
 Page Fault Count               : 0
 Read Bytes                     : 0
 Write Bytes                    : 0
 Block Read Bytes               : 0
 Block Write Bytes              : 0
[===============================================]

[===============================================]
Result of node_idx 11 in node_object 0: Static Reshape (NC)

-- Elapsed Time Analysis --
 Wall-clock Time                      : 3 us
 - Non I/O Handling Time (Estimated)  : 3 us
 - I/O Handling Time                  : 0 us
        - Read Syscall                : 0 us
        - Write Syscall               : 0 us
        - Page Fault                  : 0 us
        - io_uring                    : 0 us

-- I/O Counts --
 Read Syscall Count                   : 0
 Write Syscall Count                  : 0
 Block I/O Count                      : 0
 io_uring Completion Count            : 0

-- Total I/O Time (block device) --
 Total Block I/O Time           : 0

-- Page Faults & Bytes --
 Page Fault Count               : 0
 Read Bytes                     : 0
 Write Bytes                    : 0
 Block Read Bytes               : 0
 Block Write Bytes              : 0
[===============================================]

[===============================================]
Result of node_idx 12 in node_object 0: Batch Matrix Multiply (NC, F32)

-- Elapsed Time Analysis --
 Wall-clock Time                      : 46 us
 - Non I/O Handling Time (Estimated)  : 46 us
 - I/O Handling Time                  : 0 us
        - Read Syscall                : 0 us
        - Write Syscall               : 0 us
        - Page Fault                  : 0 us
        - io_uring                    : 0 us

-- I/O Counts --
 Read Syscall Count                   : 0
 Write Syscall Count                  : 0
 Block I/O Count                      : 0
 io_uring Completion Count            : 0

-- Total I/O Time (block device) --
 Total Block I/O Time           : 0

-- Page Faults & Bytes --
 Page Fault Count               : 0
 Read Bytes                     : 0
 Write Bytes                    : 0
 Block Read Bytes               : 0
 Block Write Bytes              : 0
[===============================================]

[===============================================]
Result of node_idx 13 in node_object 0: Static Reshape (NC)

-- Elapsed Time Analysis --
 Wall-clock Time                      : 3 us
 - Non I/O Handling Time (Estimated)  : 3 us
 - I/O Handling Time                  : 0 us
        - Read Syscall                : 0 us
        - Write Syscall               : 0 us
        - Page Fault                  : 0 us
        - io_uring                    : 0 us

-- I/O Counts --
 Read Syscall Count                   : 0
 Write Syscall Count                  : 0
 Block I/O Count                      : 0
 io_uring Completion Count            : 0

-- Total I/O Time (block device) --
 Total Block I/O Time           : 0

-- Page Faults & Bytes --
 Page Fault Count               : 0
 Read Bytes                     : 0
 Write Bytes                    : 0
 Block Read Bytes               : 0
 Block Write Bytes              : 0
[===============================================]

[===============================================]
Result of node_idx 14 in node_object 0: Transpose (ND, X32)

-- Elapsed Time Analysis --
 Wall-clock Time                      : 4 us
 - Non I/O Handling Time (Estimated)  : 4 us
 - I/O Handling Time                  : 0 us
        - Read Syscall                : 0 us
        - Write Syscall               : 0 us
        - Page Fault                  : 0 us
        - io_uring                    : 0 us

-- I/O Counts --
 Read Syscall Count                   : 0
 Write Syscall Count                  : 0
 Block I/O Count                      : 0
 io_uring Completion Count            : 0

-- Total I/O Time (block device) --
 Total Block I/O Time           : 0

-- Page Faults & Bytes --
 Page Fault Count               : 0
 Read Bytes                     : 0
 Write Bytes                    : 0
 Block Read Bytes               : 0
 Block Write Bytes              : 0
[===============================================]

[===============================================]
Result of node_idx 15 in node_object 0: Static Reshape (NC)

-- Elapsed Time Analysis --
 Wall-clock Time                      : 3 us
 - Non I/O Handling Time (Estimated)  : 3 us
 - I/O Handling Time                  : 0 us
        - Read Syscall                : 0 us
        - Write Syscall               : 0 us
        - Page Fault                  : 0 us
        - io_uring                    : 0 us

-- I/O Counts --
 Read Syscall Count                   : 0
 Write Syscall Count                  : 0
 Block I/O Count                      : 0
 io_uring Completion Count            : 0

-- Total I/O Time (block device) --
 Total Block I/O Time           : 0

-- Page Faults & Bytes --
 Page Fault Count               : 0
 Read Bytes                     : 0
 Write Bytes                    : 0
 Block Read Bytes               : 0
 Block Write Bytes              : 0
[===============================================]

[===============================================]
Result of node_idx 16 in node_object 0: Fully Connected (NC, QDU8, F32, QC8W)

-- Elapsed Time Analysis --
 Wall-clock Time                      : 11 us
 - Non I/O Handling Time (Estimated)  : 11 us
 - I/O Handling Time                  : 0 us
        - Read Syscall                : 0 us
        - Write Syscall               : 0 us
        - Page Fault                  : 0 us
        - io_uring                    : 0 us

-- I/O Counts --
 Read Syscall Count                   : 0
 Write Syscall Count                  : 0
 Block I/O Count                      : 0
 io_uring Completion Count            : 0

-- Total I/O Time (block device) --
 Total Block I/O Time           : 0

-- Page Faults & Bytes --
 Page Fault Count               : 0
 Read Bytes                     : 0
 Write Bytes                    : 0
 Block Read Bytes               : 0
 Block Write Bytes              : 0
[===============================================]

[===============================================]
Result of node_idx 17 in node_object 0: Add (ND)

-- Elapsed Time Analysis --
 Wall-clock Time                      : 6 us
 - Non I/O Handling Time (Estimated)  : 6 us
 - I/O Handling Time                  : 0 us
        - Read Syscall                : 0 us
        - Write Syscall               : 0 us
        - Page Fault                  : 0 us
        - io_uring                    : 0 us

-- I/O Counts --
 Read Syscall Count                   : 0
 Write Syscall Count                  : 0
 Block I/O Count                      : 0
 io_uring Completion Count            : 0

-- Total I/O Time (block device) --
 Total Block I/O Time           : 0

-- Page Faults & Bytes --
 Page Fault Count               : 0
 Read Bytes                     : 0
 Write Bytes                    : 0
 Block Read Bytes               : 0
 Block Write Bytes              : 0
[===============================================]

[===============================================]
Result of node_idx 0 in node_object 0: Multiply (ND)

-- Elapsed Time Analysis --
 Wall-clock Time                      : 9 us
 - Non I/O Handling Time (Estimated)  : 9 us
 - I/O Handling Time                  : 0 us
        - Read Syscall                : 0 us
        - Write Syscall               : 0 us
        - Page Fault                  : 0 us
        - io_uring                    : 0 us

-- I/O Counts --
 Read Syscall Count                   : 0
 Write Syscall Count                  : 0
 Block I/O Count                      : 0
 io_uring Completion Count            : 0

-- Total I/O Time (block device) --
 Total Block I/O Time           : 0

-- Page Faults & Bytes --
 Page Fault Count               : 0
 Read Bytes                     : 0
 Write Bytes                    : 0
 Block Read Bytes               : 0
 Block Write Bytes              : 0
[===============================================]

[===============================================]
Result of node_idx 1 in node_object 0: Sum (ND)

-- Elapsed Time Analysis --
 Wall-clock Time                      : 4 us
 - Non I/O Handling Time (Estimated)  : 4 us
 - I/O Handling Time                  : 0 us
        - Read Syscall                : 0 us
        - Write Syscall               : 0 us
        - Page Fault                  : 0 us
        - io_uring                    : 0 us

-- I/O Counts --
 Read Syscall Count                   : 0
 Write Syscall Count                  : 0
 Block I/O Count                      : 0
 io_uring Completion Count            : 0

-- Total I/O Time (block device) --
 Total Block I/O Time           : 0

-- Page Faults & Bytes --
 Page Fault Count               : 0
 Read Bytes                     : 0
 Write Bytes                    : 0
 Block Read Bytes               : 0
 Block Write Bytes              : 0
[===============================================]

[===============================================]
Result of node_idx 2 in node_object 0: Multiply (ND)

-- Elapsed Time Analysis --
 Wall-clock Time                      : 3 us
 - Non I/O Handling Time (Estimated)  : 3 us
 - I/O Handling Time                  : 0 us
        - Read Syscall                : 0 us
        - Write Syscall               : 0 us
        - Page Fault                  : 0 us
        - io_uring                    : 0 us

-- I/O Counts --
 Read Syscall Count                   : 0
 Write Syscall Count                  : 0
 Block I/O Count                      : 0
 io_uring Completion Count            : 0

-- Total I/O Time (block device) --
 Total Block I/O Time           : 0

-- Page Faults & Bytes --
 Page Fault Count               : 0
 Read Bytes                     : 0
 Write Bytes                    : 0
 Block Read Bytes               : 0
 Block Write Bytes              : 0
[===============================================]

[===============================================]
Result of node_idx 3 in node_object 0: Add (ND)

-- Elapsed Time Analysis --
 Wall-clock Time                      : 3 us
 - Non I/O Handling Time (Estimated)  : 3 us
 - I/O Handling Time                  : 0 us
        - Read Syscall                : 0 us
        - Write Syscall               : 0 us
        - Page Fault                  : 0 us
        - io_uring                    : 0 us

-- I/O Counts --
 Read Syscall Count                   : 0
 Write Syscall Count                  : 0
 Block I/O Count                      : 0
 io_uring Completion Count            : 0

-- Total I/O Time (block device) --
 Total Block I/O Time           : 0

-- Page Faults & Bytes --
 Page Fault Count               : 0
 Read Bytes                     : 0
 Write Bytes                    : 0
 Block Read Bytes               : 0
 Block Write Bytes              : 0
[===============================================]

[===============================================]
Result of node_idx 4 in node_object 0: Reciprocal Square Root (NC)

-- Elapsed Time Analysis --
 Wall-clock Time                      : 3 us
 - Non I/O Handling Time (Estimated)  : 3 us
 - I/O Handling Time                  : 0 us
        - Read Syscall                : 0 us
        - Write Syscall               : 0 us
        - Page Fault                  : 0 us
        - io_uring                    : 0 us

-- I/O Counts --
 Read Syscall Count                   : 0
 Write Syscall Count                  : 0
 Block I/O Count                      : 0
 io_uring Completion Count            : 0

-- Total I/O Time (block device) --
 Total Block I/O Time           : 0

-- Page Faults & Bytes --
 Page Fault Count               : 0
 Read Bytes                     : 0
 Write Bytes                    : 0
 Block Read Bytes               : 0
 Block Write Bytes              : 0
[===============================================]

[===============================================]
Result of node_idx 5 in node_object 0: Multiply (ND)

-- Elapsed Time Analysis --
 Wall-clock Time                      : 5 us
 - Non I/O Handling Time (Estimated)  : 5 us
 - I/O Handling Time                  : 0 us
        - Read Syscall                : 0 us
        - Write Syscall               : 0 us
        - Page Fault                  : 0 us
        - io_uring                    : 0 us

-- I/O Counts --
 Read Syscall Count                   : 0
 Write Syscall Count                  : 0
 Block I/O Count                      : 0
 io_uring Completion Count            : 0

-- Total I/O Time (block device) --
 Total Block I/O Time           : 0

-- Page Faults & Bytes --
 Page Fault Count               : 0
 Read Bytes                     : 0
 Write Bytes                    : 0
 Block Read Bytes               : 0
 Block Write Bytes              : 0
[===============================================]

[===============================================]
Result of node_idx 6 in node_object 0: Multiply (ND)

-- Elapsed Time Analysis --
 Wall-clock Time                      : 6 us
 - Non I/O Handling Time (Estimated)  : 6 us
 - I/O Handling Time                  : 0 us
        - Read Syscall                : 0 us
        - Write Syscall               : 0 us
        - Page Fault                  : 0 us
        - io_uring                    : 0 us

-- I/O Counts --
 Read Syscall Count                   : 0
 Write Syscall Count                  : 0
 Block I/O Count                      : 0
 io_uring Completion Count            : 0

-- Total I/O Time (block device) --
 Total Block I/O Time           : 0

-- Page Faults & Bytes --
 Page Fault Count               : 0
 Read Bytes                     : 0
 Write Bytes                    : 0
 Block Read Bytes               : 0
 Block Write Bytes              : 0
[===============================================]

[===============================================]
Result of node_idx 0 in node_object 0: Fully Connected (NC, QDU8, F32, QC8W)

-- Elapsed Time Analysis --
 Wall-clock Time                      : 23 us
 - Non I/O Handling Time (Estimated)  : 23 us
 - I/O Handling Time                  : 0 us
        - Read Syscall                : 0 us
        - Write Syscall               : 0 us
        - Page Fault                  : 0 us
        - io_uring                    : 0 us

-- I/O Counts --
 Read Syscall Count                   : 0
 Write Syscall Count                  : 0
 Block I/O Count                      : 0
 io_uring Completion Count            : 0

-- Total I/O Time (block device) --
 Total Block I/O Time           : 0

-- Page Faults & Bytes --
 Page Fault Count               : 0
 Read Bytes                     : 0
 Write Bytes                    : 0
 Block Read Bytes               : 0
 Block Write Bytes              : 0
[===============================================]

[===============================================]
Result of node_idx 1 in node_object 0: Sigmoid (NC)

-- Elapsed Time Analysis --
 Wall-clock Time                      : 5 us
 - Non I/O Handling Time (Estimated)  : 5 us
 - I/O Handling Time                  : 0 us
        - Read Syscall                : 0 us
        - Write Syscall               : 0 us
        - Page Fault                  : 0 us
        - io_uring                    : 0 us

-- I/O Counts --
 Read Syscall Count                   : 0
 Write Syscall Count                  : 0
 Block I/O Count                      : 0
 io_uring Completion Count            : 0

-- Total I/O Time (block device) --
 Total Block I/O Time           : 0

-- Page Faults & Bytes --
 Page Fault Count               : 0
 Read Bytes                     : 0
 Write Bytes                    : 0
 Block Read Bytes               : 0
 Block Write Bytes              : 0
[===============================================]

[===============================================]
Result of node_idx 2 in node_object 0: Multiply (ND)

-- Elapsed Time Analysis --
 Wall-clock Time                      : 6 us
 - Non I/O Handling Time (Estimated)  : 6 us
 - I/O Handling Time                  : 0 us
        - Read Syscall                : 0 us
        - Write Syscall               : 0 us
        - Page Fault                  : 0 us
        - io_uring                    : 0 us

-- I/O Counts --
 Read Syscall Count                   : 0
 Write Syscall Count                  : 0
 Block I/O Count                      : 0
 io_uring Completion Count            : 0

-- Total I/O Time (block device) --
 Total Block I/O Time           : 0

-- Page Faults & Bytes --
 Page Fault Count               : 0
 Read Bytes                     : 0
 Write Bytes                    : 0
 Block Read Bytes               : 0
 Block Write Bytes              : 0
[===============================================]

[===============================================]
Result of node_idx 3 in node_object 0: Fully Connected (NC, QDU8, F32, QC8W)

-- Elapsed Time Analysis --
 Wall-clock Time                      : 20 us
 - Non I/O Handling Time (Estimated)  : 20 us
 - I/O Handling Time                  : 0 us
        - Read Syscall                : 0 us
        - Write Syscall               : 0 us
        - Page Fault                  : 0 us
        - io_uring                    : 0 us

-- I/O Counts --
 Read Syscall Count                   : 0
 Write Syscall Count                  : 0
 Block I/O Count                      : 0
 io_uring Completion Count            : 0

-- Total I/O Time (block device) --
 Total Block I/O Time           : 0

-- Page Faults & Bytes --
 Page Fault Count               : 0
 Read Bytes                     : 0
 Write Bytes                    : 0
 Block Read Bytes               : 0
 Block Write Bytes              : 0
[===============================================]

[===============================================]
Result of node_idx 4 in node_object 0: Multiply (ND)

-- Elapsed Time Analysis --
 Wall-clock Time                      : 6 us
 - Non I/O Handling Time (Estimated)  : 6 us
 - I/O Handling Time                  : 0 us
        - Read Syscall                : 0 us
        - Write Syscall               : 0 us
        - Page Fault                  : 0 us
        - io_uring                    : 0 us

-- I/O Counts --
 Read Syscall Count                   : 0
 Write Syscall Count                  : 0
 Block I/O Count                      : 0
 io_uring Completion Count            : 0

-- Total I/O Time (block device) --
 Total Block I/O Time           : 0

-- Page Faults & Bytes --
 Page Fault Count               : 0
 Read Bytes                     : 0
 Write Bytes                    : 0
 Block Read Bytes               : 0
 Block Write Bytes              : 0
[===============================================]

[===============================================]
Result of node_idx 5 in node_object 0: Fully Connected (NC, QDU8, F32, QC8W)

-- Elapsed Time Analysis --
 Wall-clock Time                      : 20 us
 - Non I/O Handling Time (Estimated)  : 20 us
 - I/O Handling Time                  : 0 us
        - Read Syscall                : 0 us
        - Write Syscall               : 0 us
        - Page Fault                  : 0 us
        - io_uring                    : 0 us

-- I/O Counts --
 Read Syscall Count                   : 0
 Write Syscall Count                  : 0
 Block I/O Count                      : 0
 io_uring Completion Count            : 0

-- Total I/O Time (block device) --
 Total Block I/O Time           : 0

-- Page Faults & Bytes --
 Page Fault Count               : 0
 Read Bytes                     : 0
 Write Bytes                    : 0
 Block Read Bytes               : 0
 Block Write Bytes              : 0
[===============================================]

[===============================================]
Result of node_idx 6 in node_object 0: Add (ND)

-- Elapsed Time Analysis --
 Wall-clock Time                      : 29 us
 - Non I/O Handling Time (Estimated)  : 29 us
 - I/O Handling Time                  : 0 us
        - Read Syscall                : 0 us
        - Write Syscall               : 0 us
        - Page Fault                  : 0 us
        - io_uring                    : 0 us

-- I/O Counts --
 Read Syscall Count                   : 0
 Write Syscall Count                  : 0
 Block I/O Count                      : 0
 io_uring Completion Count            : 0

-- Total I/O Time (block device) --
 Total Block I/O Time           : 0

-- Page Faults & Bytes --
 Page Fault Count               : 0
 Read Bytes                     : 0
 Write Bytes                    : 0
 Block Read Bytes               : 0
 Block Write Bytes              : 0
[===============================================]

[===============================================]
Result of node_idx 0 in node_object 0: Multiply (ND)

-- Elapsed Time Analysis --
 Wall-clock Time                      : 9 us
 - Non I/O Handling Time (Estimated)  : 9 us
 - I/O Handling Time                  : 0 us
        - Read Syscall                : 0 us
        - Write Syscall               : 0 us
        - Page Fault                  : 0 us
        - io_uring                    : 0 us

-- I/O Counts --
 Read Syscall Count                   : 0
 Write Syscall Count                  : 0
 Block I/O Count                      : 0
 io_uring Completion Count            : 0

-- Total I/O Time (block device) --
 Total Block I/O Time           : 0

-- Page Faults & Bytes --
 Page Fault Count               : 0
 Read Bytes                     : 0
 Write Bytes                    : 0
 Block Read Bytes               : 0
 Block Write Bytes              : 0
[===============================================]

[===============================================]
Result of node_idx 1 in node_object 0: Sum (ND)

-- Elapsed Time Analysis --
 Wall-clock Time                      : 4 us
 - Non I/O Handling Time (Estimated)  : 4 us
 - I/O Handling Time                  : 0 us
        - Read Syscall                : 0 us
        - Write Syscall               : 0 us
        - Page Fault                  : 0 us
        - io_uring                    : 0 us

-- I/O Counts --
 Read Syscall Count                   : 0
 Write Syscall Count                  : 0
 Block I/O Count                      : 0
 io_uring Completion Count            : 0

-- Total I/O Time (block device) --
 Total Block I/O Time           : 0

-- Page Faults & Bytes --
 Page Fault Count               : 0
 Read Bytes                     : 0
 Write Bytes                    : 0
 Block Read Bytes               : 0
 Block Write Bytes              : 0
[===============================================]

[===============================================]
Result of node_idx 2 in node_object 0: Multiply (ND)

-- Elapsed Time Analysis --
 Wall-clock Time                      : 3 us
 - Non I/O Handling Time (Estimated)  : 3 us
 - I/O Handling Time                  : 0 us
        - Read Syscall                : 0 us
        - Write Syscall               : 0 us
        - Page Fault                  : 0 us
        - io_uring                    : 0 us

-- I/O Counts --
 Read Syscall Count                   : 0
 Write Syscall Count                  : 0
 Block I/O Count                      : 0
 io_uring Completion Count            : 0

-- Total I/O Time (block device) --
 Total Block I/O Time           : 0

-- Page Faults & Bytes --
 Page Fault Count               : 0
 Read Bytes                     : 0
 Write Bytes                    : 0
 Block Read Bytes               : 0
 Block Write Bytes              : 0
[===============================================]

[===============================================]
Result of node_idx 3 in node_object 0: Add (ND)

-- Elapsed Time Analysis --
 Wall-clock Time                      : 3 us
 - Non I/O Handling Time (Estimated)  : 3 us
 - I/O Handling Time                  : 0 us
        - Read Syscall                : 0 us
        - Write Syscall               : 0 us
        - Page Fault                  : 0 us
        - io_uring                    : 0 us

-- I/O Counts --
 Read Syscall Count                   : 0
 Write Syscall Count                  : 0
 Block I/O Count                      : 0
 io_uring Completion Count            : 0

-- Total I/O Time (block device) --
 Total Block I/O Time           : 0

-- Page Faults & Bytes --
 Page Fault Count               : 0
 Read Bytes                     : 0
 Write Bytes                    : 0
 Block Read Bytes               : 0
 Block Write Bytes              : 0
[===============================================]

[===============================================]
Result of node_idx 4 in node_object 0: Reciprocal Square Root (NC)

-- Elapsed Time Analysis --
 Wall-clock Time                      : 3 us
 - Non I/O Handling Time (Estimated)  : 3 us
 - I/O Handling Time                  : 0 us
        - Read Syscall                : 0 us
        - Write Syscall               : 0 us
        - Page Fault                  : 0 us
        - io_uring                    : 0 us

-- I/O Counts --
 Read Syscall Count                   : 0
 Write Syscall Count                  : 0
 Block I/O Count                      : 0
 io_uring Completion Count            : 0

-- Total I/O Time (block device) --
 Total Block I/O Time           : 0

-- Page Faults & Bytes --
 Page Fault Count               : 0
 Read Bytes                     : 0
 Write Bytes                    : 0
 Block Read Bytes               : 0
 Block Write Bytes              : 0
[===============================================]

[===============================================]
Result of node_idx 5 in node_object 0: Multiply (ND)

-- Elapsed Time Analysis --
 Wall-clock Time                      : 6 us
 - Non I/O Handling Time (Estimated)  : 6 us
 - I/O Handling Time                  : 0 us
        - Read Syscall                : 0 us
        - Write Syscall               : 0 us
        - Page Fault                  : 0 us
        - io_uring                    : 0 us

-- I/O Counts --
 Read Syscall Count                   : 0
 Write Syscall Count                  : 0
 Block I/O Count                      : 0
 io_uring Completion Count            : 0

-- Total I/O Time (block device) --
 Total Block I/O Time           : 0

-- Page Faults & Bytes --
 Page Fault Count               : 0
 Read Bytes                     : 0
 Write Bytes                    : 0
 Block Read Bytes               : 0
 Block Write Bytes              : 0
[===============================================]

[===============================================]
Result of node_idx 6 in node_object 0: Multiply (ND)

-- Elapsed Time Analysis --
 Wall-clock Time                      : 6 us
 - Non I/O Handling Time (Estimated)  : 6 us
 - I/O Handling Time                  : 0 us
        - Read Syscall                : 0 us
        - Write Syscall               : 0 us
        - Page Fault                  : 0 us
        - io_uring                    : 0 us

-- I/O Counts --
 Read Syscall Count                   : 0
 Write Syscall Count                  : 0
 Block I/O Count                      : 0
 io_uring Completion Count            : 0

-- Total I/O Time (block device) --
 Total Block I/O Time           : 0

-- Page Faults & Bytes --
 Page Fault Count               : 0
 Read Bytes                     : 0
 Write Bytes                    : 0
 Block Read Bytes               : 0
 Block Write Bytes              : 0
[===============================================]

[===============================================]
Result of node_idx 0 in node_object 0: Fully Connected (NC, QDU8, F32, QC8W)

-- Elapsed Time Analysis --
 Wall-clock Time                      : 19 us
 - Non I/O Handling Time (Estimated)  : 19 us
 - I/O Handling Time                  : 0 us
        - Read Syscall                : 0 us
        - Write Syscall               : 0 us
        - Page Fault                  : 0 us
        - io_uring                    : 0 us

-- I/O Counts --
 Read Syscall Count                   : 0
 Write Syscall Count                  : 0
 Block I/O Count                      : 0
 io_uring Completion Count            : 0

-- Total I/O Time (block device) --
 Total Block I/O Time           : 0

-- Page Faults & Bytes --
 Page Fault Count               : 0
 Read Bytes                     : 0
 Write Bytes                    : 0
 Block Read Bytes               : 0
 Block Write Bytes              : 0
[===============================================]

[===============================================]
Result of node_idx 1 in node_object 0: Static Reshape (NC)

-- Elapsed Time Analysis --
 Wall-clock Time                      : 4 us
 - Non I/O Handling Time (Estimated)  : 4 us
 - I/O Handling Time                  : 0 us
        - Read Syscall                : 0 us
        - Write Syscall               : 0 us
        - Page Fault                  : 0 us
        - io_uring                    : 0 us

-- I/O Counts --
 Read Syscall Count                   : 0
 Write Syscall Count                  : 0
 Block I/O Count                      : 0
 io_uring Completion Count            : 0

-- Total I/O Time (block device) --
 Total Block I/O Time           : 0

-- Page Faults & Bytes --
 Page Fault Count               : 0
 Read Bytes                     : 0
 Write Bytes                    : 0
 Block Read Bytes               : 0
 Block Write Bytes              : 0
[===============================================]

[===============================================]
Result of node_idx 2 in node_object 0: Slice (ND, X32)

-- Elapsed Time Analysis --
 Wall-clock Time                      : 9 us
 - Non I/O Handling Time (Estimated)  : 9 us
 - I/O Handling Time                  : 0 us
        - Read Syscall                : 0 us
        - Write Syscall               : 0 us
        - Page Fault                  : 0 us
        - io_uring                    : 0 us

-- I/O Counts --
 Read Syscall Count                   : 0
 Write Syscall Count                  : 0
 Block I/O Count                      : 0
 io_uring Completion Count            : 0

-- Total I/O Time (block device) --
 Total Block I/O Time           : 0

-- Page Faults & Bytes --
 Page Fault Count               : 0
 Read Bytes                     : 0
 Write Bytes                    : 0
 Block Read Bytes               : 0
 Block Write Bytes              : 0
[===============================================]

[===============================================]
Result of node_idx 3 in node_object 0: Slice (ND, X32)

-- Elapsed Time Analysis --
 Wall-clock Time                      : 7 us
 - Non I/O Handling Time (Estimated)  : 7 us
 - I/O Handling Time                  : 0 us
        - Read Syscall                : 0 us
        - Write Syscall               : 0 us
        - Page Fault                  : 0 us
        - io_uring                    : 0 us

-- I/O Counts --
 Read Syscall Count                   : 0
 Write Syscall Count                  : 0
 Block I/O Count                      : 0
 io_uring Completion Count            : 0

-- Total I/O Time (block device) --
 Total Block I/O Time           : 0

-- Page Faults & Bytes --
 Page Fault Count               : 0
 Read Bytes                     : 0
 Write Bytes                    : 0
 Block Read Bytes               : 0
 Block Write Bytes              : 0
[===============================================]

[===============================================]
Result of node_idx 4 in node_object 0: Slice (ND, X32)

-- Elapsed Time Analysis --
 Wall-clock Time                      : 7 us
 - Non I/O Handling Time (Estimated)  : 7 us
 - I/O Handling Time                  : 0 us
        - Read Syscall                : 0 us
        - Write Syscall               : 0 us
        - Page Fault                  : 0 us
        - io_uring                    : 0 us

-- I/O Counts --
 Read Syscall Count                   : 0
 Write Syscall Count                  : 0
 Block I/O Count                      : 0
 io_uring Completion Count            : 0

-- Total I/O Time (block device) --
 Total Block I/O Time           : 0

-- Page Faults & Bytes --
 Page Fault Count               : 0
 Read Bytes                     : 0
 Write Bytes                    : 0
 Block Read Bytes               : 0
 Block Write Bytes              : 0
[===============================================]

[===============================================]
Result of node_idx 5 in node_object 0: Static Reshape (NC)

-- Elapsed Time Analysis --
 Wall-clock Time                      : 4 us
 - Non I/O Handling Time (Estimated)  : 4 us
 - I/O Handling Time                  : 0 us
        - Read Syscall                : 0 us
        - Write Syscall               : 0 us
        - Page Fault                  : 0 us
        - io_uring                    : 0 us

-- I/O Counts --
 Read Syscall Count                   : 0
 Write Syscall Count                  : 0
 Block I/O Count                      : 0
 io_uring Completion Count            : 0

-- Total I/O Time (block device) --
 Total Block I/O Time           : 0

-- Page Faults & Bytes --
 Page Fault Count               : 0
 Read Bytes                     : 0
 Write Bytes                    : 0
 Block Read Bytes               : 0
 Block Write Bytes              : 0
[===============================================]

[===============================================]
Result of node_idx 6 in node_object 0: Slice (ND, X32)

-- Elapsed Time Analysis --
 Wall-clock Time                      : 7 us
 - Non I/O Handling Time (Estimated)  : 7 us
 - I/O Handling Time                  : 0 us
        - Read Syscall                : 0 us
        - Write Syscall               : 0 us
        - Page Fault                  : 0 us
        - io_uring                    : 0 us

-- I/O Counts --
 Read Syscall Count                   : 0
 Write Syscall Count                  : 0
 Block I/O Count                      : 0
 io_uring Completion Count            : 0

-- Total I/O Time (block device) --
 Total Block I/O Time           : 0

-- Page Faults & Bytes --
 Page Fault Count               : 0
 Read Bytes                     : 0
 Write Bytes                    : 0
 Block Read Bytes               : 0
 Block Write Bytes              : 0
[===============================================]

[===============================================]
Result of node_idx 7 in node_object 0: Slice (ND, X32)

-- Elapsed Time Analysis --
 Wall-clock Time                      : 8 us
 - Non I/O Handling Time (Estimated)  : 8 us
 - I/O Handling Time                  : 0 us
        - Read Syscall                : 0 us
        - Write Syscall               : 0 us
        - Page Fault                  : 0 us
        - io_uring                    : 0 us

-- I/O Counts --
 Read Syscall Count                   : 0
 Write Syscall Count                  : 0
 Block I/O Count                      : 0
 io_uring Completion Count            : 0

-- Total I/O Time (block device) --
 Total Block I/O Time           : 0

-- Page Faults & Bytes --
 Page Fault Count               : 0
 Read Bytes                     : 0
 Write Bytes                    : 0
 Block Read Bytes               : 0
 Block Write Bytes              : 0
[===============================================]

[===============================================]
Result of node_idx 8 in node_object 0: Multiply (ND)

-- Elapsed Time Analysis --
 Wall-clock Time                      : 6 us
 - Non I/O Handling Time (Estimated)  : 6 us
 - I/O Handling Time                  : 0 us
        - Read Syscall                : 0 us
        - Write Syscall               : 0 us
        - Page Fault                  : 0 us
        - io_uring                    : 0 us

-- I/O Counts --
 Read Syscall Count                   : 0
 Write Syscall Count                  : 0
 Block I/O Count                      : 0
 io_uring Completion Count            : 0

-- Total I/O Time (block device) --
 Total Block I/O Time           : 0

-- Page Faults & Bytes --
 Page Fault Count               : 0
 Read Bytes                     : 0
 Write Bytes                    : 0
 Block Read Bytes               : 0
 Block Write Bytes              : 0
[===============================================]

[===============================================]
Result of node_idx 9 in node_object 0: Multiply (ND)

-- Elapsed Time Analysis --
 Wall-clock Time                      : 6 us
 - Non I/O Handling Time (Estimated)  : 6 us
 - I/O Handling Time                  : 0 us
        - Read Syscall                : 0 us
        - Write Syscall               : 0 us
        - Page Fault                  : 0 us
        - io_uring                    : 0 us

-- I/O Counts --
 Read Syscall Count                   : 0
 Write Syscall Count                  : 0
 Block I/O Count                      : 0
 io_uring Completion Count            : 0

-- Total I/O Time (block device) --
 Total Block I/O Time           : 0

-- Page Faults & Bytes --
 Page Fault Count               : 0
 Read Bytes                     : 0
 Write Bytes                    : 0
 Block Read Bytes               : 0
 Block Write Bytes              : 0
[===============================================]

[===============================================]
Result of node_idx 10 in node_object 0: Subtract (ND)

-- Elapsed Time Analysis --
 Wall-clock Time                      : 8 us
 - Non I/O Handling Time (Estimated)  : 8 us
 - I/O Handling Time                  : 0 us
        - Read Syscall                : 0 us
        - Write Syscall               : 0 us
        - Page Fault                  : 0 us
        - io_uring                    : 0 us

-- I/O Counts --
 Read Syscall Count                   : 0
 Write Syscall Count                  : 0
 Block I/O Count                      : 0
 io_uring Completion Count            : 0

-- Total I/O Time (block device) --
 Total Block I/O Time           : 0

-- Page Faults & Bytes --
 Page Fault Count               : 0
 Read Bytes                     : 0
 Write Bytes                    : 0
 Block Read Bytes               : 0
 Block Write Bytes              : 0
[===============================================]

[===============================================]
Result of node_idx 11 in node_object 0: Multiply (ND)

-- Elapsed Time Analysis --
 Wall-clock Time                      : 6 us
 - Non I/O Handling Time (Estimated)  : 6 us
 - I/O Handling Time                  : 0 us
        - Read Syscall                : 0 us
        - Write Syscall               : 0 us
        - Page Fault                  : 0 us
        - io_uring                    : 0 us

-- I/O Counts --
 Read Syscall Count                   : 0
 Write Syscall Count                  : 0
 Block I/O Count                      : 0
 io_uring Completion Count            : 0

-- Total I/O Time (block device) --
 Total Block I/O Time           : 0

-- Page Faults & Bytes --
 Page Fault Count               : 0
 Read Bytes                     : 0
 Write Bytes                    : 0
 Block Read Bytes               : 0
 Block Write Bytes              : 0
[===============================================]

[===============================================]
Result of node_idx 12 in node_object 0: Multiply (ND)

-- Elapsed Time Analysis --
 Wall-clock Time                      : 6 us
 - Non I/O Handling Time (Estimated)  : 6 us
 - I/O Handling Time                  : 0 us
        - Read Syscall                : 0 us
        - Write Syscall               : 0 us
        - Page Fault                  : 0 us
        - io_uring                    : 0 us

-- I/O Counts --
 Read Syscall Count                   : 0
 Write Syscall Count                  : 0
 Block I/O Count                      : 0
 io_uring Completion Count            : 0

-- Total I/O Time (block device) --
 Total Block I/O Time           : 0

-- Page Faults & Bytes --
 Page Fault Count               : 0
 Read Bytes                     : 0
 Write Bytes                    : 0
 Block Read Bytes               : 0
 Block Write Bytes              : 0
[===============================================]

[===============================================]
Result of node_idx 13 in node_object 0: Add (ND)

-- Elapsed Time Analysis --
 Wall-clock Time                      : 6 us
 - Non I/O Handling Time (Estimated)  : 6 us
 - I/O Handling Time                  : 0 us
        - Read Syscall                : 0 us
        - Write Syscall               : 0 us
        - Page Fault                  : 0 us
        - io_uring                    : 0 us

-- I/O Counts --
 Read Syscall Count                   : 0
 Write Syscall Count                  : 0
 Block I/O Count                      : 0
 io_uring Completion Count            : 0

-- Total I/O Time (block device) --
 Total Block I/O Time           : 0

-- Page Faults & Bytes --
 Page Fault Count               : 0
 Read Bytes                     : 0
 Write Bytes                    : 0
 Block Read Bytes               : 0
 Block Write Bytes              : 0
[===============================================]

[===============================================]
Result of node_idx 14 in node_object 0: Copy (NC, X32)

-- Elapsed Time Analysis --
 Wall-clock Time                      : 6 us
 - Non I/O Handling Time (Estimated)  : 6 us
 - I/O Handling Time                  : 0 us
        - Read Syscall                : 0 us
        - Write Syscall               : 0 us
        - Page Fault                  : 0 us
        - io_uring                    : 0 us

-- I/O Counts --
 Read Syscall Count                   : 0
 Write Syscall Count                  : 0
 Block I/O Count                      : 0
 io_uring Completion Count            : 0

-- Total I/O Time (block device) --
 Total Block I/O Time           : 0

-- Page Faults & Bytes --
 Page Fault Count               : 0
 Read Bytes                     : 0
 Write Bytes                    : 0
 Block Read Bytes               : 0
 Block Write Bytes              : 0
[===============================================]

[===============================================]
Result of node_idx 14 in node_object 1: Copy (NC, X32)

-- Elapsed Time Analysis --
 Wall-clock Time                      : 6 us
 - Non I/O Handling Time (Estimated)  : 6 us
 - I/O Handling Time                  : 0 us
        - Read Syscall                : 0 us
        - Write Syscall               : 0 us
        - Page Fault                  : 0 us
        - io_uring                    : 0 us

-- I/O Counts --
 Read Syscall Count                   : 0
 Write Syscall Count                  : 0
 Block I/O Count                      : 0
 io_uring Completion Count            : 0

-- Total I/O Time (block device) --
 Total Block I/O Time           : 0

-- Page Faults & Bytes --
 Page Fault Count               : 0
 Read Bytes                     : 0
 Write Bytes                    : 0
 Block Read Bytes               : 0
 Block Write Bytes              : 0
[===============================================]

[===============================================]
Result of node_idx 15 in node_object 0: Static Reshape (NC)

-- Elapsed Time Analysis --
 Wall-clock Time                      : 4 us
 - Non I/O Handling Time (Estimated)  : 4 us
 - I/O Handling Time                  : 0 us
        - Read Syscall                : 0 us
        - Write Syscall               : 0 us
        - Page Fault                  : 0 us
        - io_uring                    : 0 us

-- I/O Counts --
 Read Syscall Count                   : 0
 Write Syscall Count                  : 0
 Block I/O Count                      : 0
 io_uring Completion Count            : 0

-- Total I/O Time (block device) --
 Total Block I/O Time           : 0

-- Page Faults & Bytes --
 Page Fault Count               : 0
 Read Bytes                     : 0
 Write Bytes                    : 0
 Block Read Bytes               : 0
 Block Write Bytes              : 0
[===============================================]

[===============================================]
Result of node_idx 16 in node_object 0: Static Reshape (NC)

-- Elapsed Time Analysis --
 Wall-clock Time                      : 4 us
 - Non I/O Handling Time (Estimated)  : 4 us
 - I/O Handling Time                  : 0 us
        - Read Syscall                : 0 us
        - Write Syscall               : 0 us
        - Page Fault                  : 0 us
        - io_uring                    : 0 us

-- I/O Counts --
 Read Syscall Count                   : 0
 Write Syscall Count                  : 0
 Block I/O Count                      : 0
 io_uring Completion Count            : 0

-- Total I/O Time (block device) --
 Total Block I/O Time           : 0

-- Page Faults & Bytes --
 Page Fault Count               : 0
 Read Bytes                     : 0
 Write Bytes                    : 0
 Block Read Bytes               : 0
 Block Write Bytes              : 0
[===============================================]

[===============================================]
Result of node_idx 17 in node_object 0: Slice (ND, X32)

-- Elapsed Time Analysis --
 Wall-clock Time                      : 7 us
 - Non I/O Handling Time (Estimated)  : 7 us
 - I/O Handling Time                  : 0 us
        - Read Syscall                : 0 us
        - Write Syscall               : 0 us
        - Page Fault                  : 0 us
        - io_uring                    : 0 us

-- I/O Counts --
 Read Syscall Count                   : 0
 Write Syscall Count                  : 0
 Block I/O Count                      : 0
 io_uring Completion Count            : 0

-- Total I/O Time (block device) --
 Total Block I/O Time           : 0

-- Page Faults & Bytes --
 Page Fault Count               : 0
 Read Bytes                     : 0
 Write Bytes                    : 0
 Block Read Bytes               : 0
 Block Write Bytes              : 0
[===============================================]

[===============================================]
Result of node_idx 18 in node_object 0: Slice (ND, X32)

-- Elapsed Time Analysis --
 Wall-clock Time                      : 11 us
 - Non I/O Handling Time (Estimated)  : 11 us
 - I/O Handling Time                  : 0 us
        - Read Syscall                : 0 us
        - Write Syscall               : 0 us
        - Page Fault                  : 0 us
        - io_uring                    : 0 us

-- I/O Counts --
 Read Syscall Count                   : 0
 Write Syscall Count                  : 0
 Block I/O Count                      : 0
 io_uring Completion Count            : 0

-- Total I/O Time (block device) --
 Total Block I/O Time           : 0

-- Page Faults & Bytes --
 Page Fault Count               : 0
 Read Bytes                     : 0
 Write Bytes                    : 0
 Block Read Bytes               : 0
 Block Write Bytes              : 0
[===============================================]

[===============================================]
Result of node_idx 19 in node_object 0: Multiply (ND)

-- Elapsed Time Analysis --
 Wall-clock Time                      : 6 us
 - Non I/O Handling Time (Estimated)  : 6 us
 - I/O Handling Time                  : 0 us
        - Read Syscall                : 0 us
        - Write Syscall               : 0 us
        - Page Fault                  : 0 us
        - io_uring                    : 0 us

-- I/O Counts --
 Read Syscall Count                   : 0
 Write Syscall Count                  : 0
 Block I/O Count                      : 0
 io_uring Completion Count            : 0

-- Total I/O Time (block device) --
 Total Block I/O Time           : 0

-- Page Faults & Bytes --
 Page Fault Count               : 0
 Read Bytes                     : 0
 Write Bytes                    : 0
 Block Read Bytes               : 0
 Block Write Bytes              : 0
[===============================================]

[===============================================]
Result of node_idx 20 in node_object 0: Multiply (ND)

-- Elapsed Time Analysis --
 Wall-clock Time                      : 6 us
 - Non I/O Handling Time (Estimated)  : 6 us
 - I/O Handling Time                  : 0 us
        - Read Syscall                : 0 us
        - Write Syscall               : 0 us
        - Page Fault                  : 0 us
        - io_uring                    : 0 us

-- I/O Counts --
 Read Syscall Count                   : 0
 Write Syscall Count                  : 0
 Block I/O Count                      : 0
 io_uring Completion Count            : 0

-- Total I/O Time (block device) --
 Total Block I/O Time           : 0

-- Page Faults & Bytes --
 Page Fault Count               : 0
 Read Bytes                     : 0
 Write Bytes                    : 0
 Block Read Bytes               : 0
 Block Write Bytes              : 0
[===============================================]

[===============================================]
Result of node_idx 21 in node_object 0: Subtract (ND)

-- Elapsed Time Analysis --
 Wall-clock Time                      : 5 us
 - Non I/O Handling Time (Estimated)  : 5 us
 - I/O Handling Time                  : 0 us
        - Read Syscall                : 0 us
        - Write Syscall               : 0 us
        - Page Fault                  : 0 us
        - io_uring                    : 0 us

-- I/O Counts --
 Read Syscall Count                   : 0
 Write Syscall Count                  : 0
 Block I/O Count                      : 0
 io_uring Completion Count            : 0

-- Total I/O Time (block device) --
 Total Block I/O Time           : 0

-- Page Faults & Bytes --
 Page Fault Count               : 0
 Read Bytes                     : 0
 Write Bytes                    : 0
 Block Read Bytes               : 0
 Block Write Bytes              : 0
[===============================================]

[===============================================]
Result of node_idx 22 in node_object 0: Multiply (ND)

-- Elapsed Time Analysis --
 Wall-clock Time                      : 6 us
 - Non I/O Handling Time (Estimated)  : 6 us
 - I/O Handling Time                  : 0 us
        - Read Syscall                : 0 us
        - Write Syscall               : 0 us
        - Page Fault                  : 0 us
        - io_uring                    : 0 us

-- I/O Counts --
 Read Syscall Count                   : 0
 Write Syscall Count                  : 0
 Block I/O Count                      : 0
 io_uring Completion Count            : 0

-- Total I/O Time (block device) --
 Total Block I/O Time           : 0

-- Page Faults & Bytes --
 Page Fault Count               : 0
 Read Bytes                     : 0
 Write Bytes                    : 0
 Block Read Bytes               : 0
 Block Write Bytes              : 0
[===============================================]

[===============================================]
Result of node_idx 23 in node_object 0: Multiply (ND)

-- Elapsed Time Analysis --
 Wall-clock Time                      : 6 us
 - Non I/O Handling Time (Estimated)  : 6 us
 - I/O Handling Time                  : 0 us
        - Read Syscall                : 0 us
        - Write Syscall               : 0 us
        - Page Fault                  : 0 us
        - io_uring                    : 0 us

-- I/O Counts --
 Read Syscall Count                   : 0
 Write Syscall Count                  : 0
 Block I/O Count                      : 0
 io_uring Completion Count            : 0

-- Total I/O Time (block device) --
 Total Block I/O Time           : 0

-- Page Faults & Bytes --
 Page Fault Count               : 0
 Read Bytes                     : 0
 Write Bytes                    : 0
 Block Read Bytes               : 0
 Block Write Bytes              : 0
[===============================================]

[===============================================]
Result of node_idx 24 in node_object 0: Add (ND)

-- Elapsed Time Analysis --
 Wall-clock Time                      : 6 us
 - Non I/O Handling Time (Estimated)  : 6 us
 - I/O Handling Time                  : 0 us
        - Read Syscall                : 0 us
        - Write Syscall               : 0 us
        - Page Fault                  : 0 us
        - io_uring                    : 0 us

-- I/O Counts --
 Read Syscall Count                   : 0
 Write Syscall Count                  : 0
 Block I/O Count                      : 0
 io_uring Completion Count            : 0

-- Total I/O Time (block device) --
 Total Block I/O Time           : 0

-- Page Faults & Bytes --
 Page Fault Count               : 0
 Read Bytes                     : 0
 Write Bytes                    : 0
 Block Read Bytes               : 0
 Block Write Bytes              : 0
[===============================================]

[===============================================]
Result of node_idx 25 in node_object 0: Copy (NC, X32)

-- Elapsed Time Analysis --
 Wall-clock Time                      : 5 us
 - Non I/O Handling Time (Estimated)  : 5 us
 - I/O Handling Time                  : 0 us
        - Read Syscall                : 0 us
        - Write Syscall               : 0 us
        - Page Fault                  : 0 us
        - io_uring                    : 0 us

-- I/O Counts --
 Read Syscall Count                   : 0
 Write Syscall Count                  : 0
 Block I/O Count                      : 0
 io_uring Completion Count            : 0

-- Total I/O Time (block device) --
 Total Block I/O Time           : 0

-- Page Faults & Bytes --
 Page Fault Count               : 0
 Read Bytes                     : 0
 Write Bytes                    : 0
 Block Read Bytes               : 0
 Block Write Bytes              : 0
[===============================================]

[===============================================]
Result of node_idx 25 in node_object 1: Copy (NC, X32)

-- Elapsed Time Analysis --
 Wall-clock Time                      : 6 us
 - Non I/O Handling Time (Estimated)  : 6 us
 - I/O Handling Time                  : 0 us
        - Read Syscall                : 0 us
        - Write Syscall               : 0 us
        - Page Fault                  : 0 us
        - io_uring                    : 0 us

-- I/O Counts --
 Read Syscall Count                   : 0
 Write Syscall Count                  : 0
 Block I/O Count                      : 0
 io_uring Completion Count            : 0

-- Total I/O Time (block device) --
 Total Block I/O Time           : 0

-- Page Faults & Bytes --
 Page Fault Count               : 0
 Read Bytes                     : 0
 Write Bytes                    : 0
 Block Read Bytes               : 0
 Block Write Bytes              : 0
[===============================================]

[===============================================]
Result of node_idx 26 in node_object 0: Static Reshape (NC)

-- Elapsed Time Analysis --
 Wall-clock Time                      : 3 us
 - Non I/O Handling Time (Estimated)  : 3 us
 - I/O Handling Time                  : 0 us
        - Read Syscall                : 0 us
        - Write Syscall               : 0 us
        - Page Fault                  : 0 us
        - io_uring                    : 0 us

-- I/O Counts --
 Read Syscall Count                   : 0
 Write Syscall Count                  : 0
 Block I/O Count                      : 0
 io_uring Completion Count            : 0

-- Total I/O Time (block device) --
 Total Block I/O Time           : 0

-- Page Faults & Bytes --
 Page Fault Count               : 0
 Read Bytes                     : 0
 Write Bytes                    : 0
 Block Read Bytes               : 0
 Block Write Bytes              : 0
[===============================================]

[===============================================]
Result of node_idx 0 in node_object 0: Multiply (ND)

-- Elapsed Time Analysis --
 Wall-clock Time                      : 5 us
 - Non I/O Handling Time (Estimated)  : 5 us
 - I/O Handling Time                  : 0 us
        - Read Syscall                : 0 us
        - Write Syscall               : 0 us
        - Page Fault                  : 0 us
        - io_uring                    : 0 us

-- I/O Counts --
 Read Syscall Count                   : 0
 Write Syscall Count                  : 0
 Block I/O Count                      : 0
 io_uring Completion Count            : 0

-- Total I/O Time (block device) --
 Total Block I/O Time           : 0

-- Page Faults & Bytes --
 Page Fault Count               : 0
 Read Bytes                     : 0
 Write Bytes                    : 0
 Block Read Bytes               : 0
 Block Write Bytes              : 0
[===============================================]

[===============================================]
Result of node_idx 1 in node_object 0: Transpose (ND, X32)

-- Elapsed Time Analysis --
 Wall-clock Time                      : 4 us
 - Non I/O Handling Time (Estimated)  : 4 us
 - I/O Handling Time                  : 0 us
        - Read Syscall                : 0 us
        - Write Syscall               : 0 us
        - Page Fault                  : 0 us
        - io_uring                    : 0 us

-- I/O Counts --
 Read Syscall Count                   : 0
 Write Syscall Count                  : 0
 Block I/O Count                      : 0
 io_uring Completion Count            : 0

-- Total I/O Time (block device) --
 Total Block I/O Time           : 0

-- Page Faults & Bytes --
 Page Fault Count               : 0
 Read Bytes                     : 0
 Write Bytes                    : 0
 Block Read Bytes               : 0
 Block Write Bytes              : 0
[===============================================]

[===============================================]
Result of node_idx 2 in node_object 0: Transpose (ND, X32)

-- Elapsed Time Analysis --
 Wall-clock Time                      : 28 us
 - Non I/O Handling Time (Estimated)  : 28 us
 - I/O Handling Time                  : 0 us
        - Read Syscall                : 0 us
        - Write Syscall               : 0 us
        - Page Fault                  : 0 us
        - io_uring                    : 0 us

-- I/O Counts --
 Read Syscall Count                   : 0
 Write Syscall Count                  : 0
 Block I/O Count                      : 0
 io_uring Completion Count            : 0

-- Total I/O Time (block device) --
 Total Block I/O Time           : 0

-- Page Faults & Bytes --
 Page Fault Count               : 0
 Read Bytes                     : 0
 Write Bytes                    : 0
 Block Read Bytes               : 0
 Block Write Bytes              : 0
[===============================================]

[===============================================]
Result of node_idx 3 in node_object 0: Static Reshape (NC)

-- Elapsed Time Analysis --
 Wall-clock Time                      : 4 us
 - Non I/O Handling Time (Estimated)  : 4 us
 - I/O Handling Time                  : 0 us
        - Read Syscall                : 0 us
        - Write Syscall               : 0 us
        - Page Fault                  : 0 us
        - io_uring                    : 0 us

-- I/O Counts --
 Read Syscall Count                   : 0
 Write Syscall Count                  : 0
 Block I/O Count                      : 0
 io_uring Completion Count            : 0

-- Total I/O Time (block device) --
 Total Block I/O Time           : 0

-- Page Faults & Bytes --
 Page Fault Count               : 0
 Read Bytes                     : 0
 Write Bytes                    : 0
 Block Read Bytes               : 0
 Block Write Bytes              : 0
[===============================================]

[===============================================]
Result of node_idx 4 in node_object 0: Static Reshape (NC)

-- Elapsed Time Analysis --
 Wall-clock Time                      : 3 us
 - Non I/O Handling Time (Estimated)  : 3 us
 - I/O Handling Time                  : 0 us
        - Read Syscall                : 0 us
        - Write Syscall               : 0 us
        - Page Fault                  : 0 us
        - io_uring                    : 0 us

-- I/O Counts --
 Read Syscall Count                   : 0
 Write Syscall Count                  : 0
 Block I/O Count                      : 0
 io_uring Completion Count            : 0

-- Total I/O Time (block device) --
 Total Block I/O Time           : 0

-- Page Faults & Bytes --
 Page Fault Count               : 0
 Read Bytes                     : 0
 Write Bytes                    : 0
 Block Read Bytes               : 0
 Block Write Bytes              : 0
[===============================================]

[===============================================]
Result of node_idx 5 in node_object 0: Batch Matrix Multiply (NC, F32)

-- Elapsed Time Analysis --
 Wall-clock Time                      : 54 us
 - Non I/O Handling Time (Estimated)  : 54 us
 - I/O Handling Time                  : 0 us
        - Read Syscall                : 0 us
        - Write Syscall               : 0 us
        - Page Fault                  : 0 us
        - io_uring                    : 0 us

-- I/O Counts --
 Read Syscall Count                   : 0
 Write Syscall Count                  : 0
 Block I/O Count                      : 0
 io_uring Completion Count            : 0

-- Total I/O Time (block device) --
 Total Block I/O Time           : 0

-- Page Faults & Bytes --
 Page Fault Count               : 0
 Read Bytes                     : 0
 Write Bytes                    : 0
 Block Read Bytes               : 0
 Block Write Bytes              : 0
[===============================================]

[===============================================]
Result of node_idx 6 in node_object 0: Static Reshape (NC)

-- Elapsed Time Analysis --
 Wall-clock Time                      : 3 us
 - Non I/O Handling Time (Estimated)  : 3 us
 - I/O Handling Time                  : 0 us
        - Read Syscall                : 0 us
        - Write Syscall               : 0 us
        - Page Fault                  : 0 us
        - io_uring                    : 0 us

-- I/O Counts --
 Read Syscall Count                   : 0
 Write Syscall Count                  : 0
 Block I/O Count                      : 0
 io_uring Completion Count            : 0

-- Total I/O Time (block device) --
 Total Block I/O Time           : 0

-- Page Faults & Bytes --
 Page Fault Count               : 0
 Read Bytes                     : 0
 Write Bytes                    : 0
 Block Read Bytes               : 0
 Block Write Bytes              : 0
[===============================================]

[===============================================]
Result of node_idx 7 in node_object 0: Add (ND)

-- Elapsed Time Analysis --
 Wall-clock Time                      : 6 us
 - Non I/O Handling Time (Estimated)  : 6 us
 - I/O Handling Time                  : 0 us
        - Read Syscall                : 0 us
        - Write Syscall               : 0 us
        - Page Fault                  : 0 us
        - io_uring                    : 0 us

-- I/O Counts --
 Read Syscall Count                   : 0
 Write Syscall Count                  : 0
 Block I/O Count                      : 0
 io_uring Completion Count            : 0

-- Total I/O Time (block device) --
 Total Block I/O Time           : 0

-- Page Faults & Bytes --
 Page Fault Count               : 0
 Read Bytes                     : 0
 Write Bytes                    : 0
 Block Read Bytes               : 0
 Block Write Bytes              : 0
[===============================================]

[===============================================]
Result of node_idx 8 in node_object 0: Softmax (NC, F32)

-- Elapsed Time Analysis --
 Wall-clock Time                      : 8 us
 - Non I/O Handling Time (Estimated)  : 8 us
 - I/O Handling Time                  : 0 us
        - Read Syscall                : 0 us
        - Write Syscall               : 0 us
        - Page Fault                  : 0 us
        - io_uring                    : 0 us

-- I/O Counts --
 Read Syscall Count                   : 0
 Write Syscall Count                  : 0
 Block I/O Count                      : 0
 io_uring Completion Count            : 0

-- Total I/O Time (block device) --
 Total Block I/O Time           : 0

-- Page Faults & Bytes --
 Page Fault Count               : 0
 Read Bytes                     : 0
 Write Bytes                    : 0
 Block Read Bytes               : 0
 Block Write Bytes              : 0
[===============================================]

[===============================================]
Result of node_idx 9 in node_object 0: Transpose (ND, X32)

-- Elapsed Time Analysis --
 Wall-clock Time                      : 38 us
 - Non I/O Handling Time (Estimated)  : 38 us
 - I/O Handling Time                  : 0 us
        - Read Syscall                : 0 us
        - Write Syscall               : 0 us
        - Page Fault                  : 0 us
        - io_uring                    : 0 us

-- I/O Counts --
 Read Syscall Count                   : 0
 Write Syscall Count                  : 0
 Block I/O Count                      : 0
 io_uring Completion Count            : 0

-- Total I/O Time (block device) --
 Total Block I/O Time           : 0

-- Page Faults & Bytes --
 Page Fault Count               : 0
 Read Bytes                     : 0
 Write Bytes                    : 0
 Block Read Bytes               : 0
 Block Write Bytes              : 0
[===============================================]

[===============================================]
Result of node_idx 10 in node_object 0: Static Reshape (NC)

-- Elapsed Time Analysis --
 Wall-clock Time                      : 3 us
 - Non I/O Handling Time (Estimated)  : 3 us
 - I/O Handling Time                  : 0 us
        - Read Syscall                : 0 us
        - Write Syscall               : 0 us
        - Page Fault                  : 0 us
        - io_uring                    : 0 us

-- I/O Counts --
 Read Syscall Count                   : 0
 Write Syscall Count                  : 0
 Block I/O Count                      : 0
 io_uring Completion Count            : 0

-- Total I/O Time (block device) --
 Total Block I/O Time           : 0

-- Page Faults & Bytes --
 Page Fault Count               : 0
 Read Bytes                     : 0
 Write Bytes                    : 0
 Block Read Bytes               : 0
 Block Write Bytes              : 0
[===============================================]

[===============================================]
Result of node_idx 11 in node_object 0: Static Reshape (NC)

-- Elapsed Time Analysis --
 Wall-clock Time                      : 3 us
 - Non I/O Handling Time (Estimated)  : 3 us
 - I/O Handling Time                  : 0 us
        - Read Syscall                : 0 us
        - Write Syscall               : 0 us
        - Page Fault                  : 0 us
        - io_uring                    : 0 us

-- I/O Counts --
 Read Syscall Count                   : 0
 Write Syscall Count                  : 0
 Block I/O Count                      : 0
 io_uring Completion Count            : 0

-- Total I/O Time (block device) --
 Total Block I/O Time           : 0

-- Page Faults & Bytes --
 Page Fault Count               : 0
 Read Bytes                     : 0
 Write Bytes                    : 0
 Block Read Bytes               : 0
 Block Write Bytes              : 0
[===============================================]

[===============================================]
Result of node_idx 12 in node_object 0: Batch Matrix Multiply (NC, F32)

-- Elapsed Time Analysis --
 Wall-clock Time                      : 52 us
 - Non I/O Handling Time (Estimated)  : 52 us
 - I/O Handling Time                  : 0 us
        - Read Syscall                : 0 us
        - Write Syscall               : 0 us
        - Page Fault                  : 0 us
        - io_uring                    : 0 us

-- I/O Counts --
 Read Syscall Count                   : 0
 Write Syscall Count                  : 0
 Block I/O Count                      : 0
 io_uring Completion Count            : 0

-- Total I/O Time (block device) --
 Total Block I/O Time           : 0

-- Page Faults & Bytes --
 Page Fault Count               : 0
 Read Bytes                     : 0
 Write Bytes                    : 0
 Block Read Bytes               : 0
 Block Write Bytes              : 0
[===============================================]

[===============================================]
Result of node_idx 13 in node_object 0: Static Reshape (NC)

-- Elapsed Time Analysis --
 Wall-clock Time                      : 4 us
 - Non I/O Handling Time (Estimated)  : 4 us
 - I/O Handling Time                  : 0 us
        - Read Syscall                : 0 us
        - Write Syscall               : 0 us
        - Page Fault                  : 0 us
        - io_uring                    : 0 us

-- I/O Counts --
 Read Syscall Count                   : 0
 Write Syscall Count                  : 0
 Block I/O Count                      : 0
 io_uring Completion Count            : 0

-- Total I/O Time (block device) --
 Total Block I/O Time           : 0

-- Page Faults & Bytes --
 Page Fault Count               : 0
 Read Bytes                     : 0
 Write Bytes                    : 0
 Block Read Bytes               : 0
 Block Write Bytes              : 0
[===============================================]

[===============================================]
Result of node_idx 14 in node_object 0: Transpose (ND, X32)

-- Elapsed Time Analysis --
 Wall-clock Time                      : 3 us
 - Non I/O Handling Time (Estimated)  : 3 us
 - I/O Handling Time                  : 0 us
        - Read Syscall                : 0 us
        - Write Syscall               : 0 us
        - Page Fault                  : 0 us
        - io_uring                    : 0 us

-- I/O Counts --
 Read Syscall Count                   : 0
 Write Syscall Count                  : 0
 Block I/O Count                      : 0
 io_uring Completion Count            : 0

-- Total I/O Time (block device) --
 Total Block I/O Time           : 0

-- Page Faults & Bytes --
 Page Fault Count               : 0
 Read Bytes                     : 0
 Write Bytes                    : 0
 Block Read Bytes               : 0
 Block Write Bytes              : 0
[===============================================]

[===============================================]
Result of node_idx 15 in node_object 0: Static Reshape (NC)

-- Elapsed Time Analysis --
 Wall-clock Time                      : 3 us
 - Non I/O Handling Time (Estimated)  : 3 us
 - I/O Handling Time                  : 0 us
        - Read Syscall                : 0 us
        - Write Syscall               : 0 us
        - Page Fault                  : 0 us
        - io_uring                    : 0 us

-- I/O Counts --
 Read Syscall Count                   : 0
 Write Syscall Count                  : 0
 Block I/O Count                      : 0
 io_uring Completion Count            : 0

-- Total I/O Time (block device) --
 Total Block I/O Time           : 0

-- Page Faults & Bytes --
 Page Fault Count               : 0
 Read Bytes                     : 0
 Write Bytes                    : 0
 Block Read Bytes               : 0
 Block Write Bytes              : 0
[===============================================]

[===============================================]
Result of node_idx 16 in node_object 0: Fully Connected (NC, QDU8, F32, QC8W)

-- Elapsed Time Analysis --
 Wall-clock Time                      : 11 us
 - Non I/O Handling Time (Estimated)  : 11 us
 - I/O Handling Time                  : 0 us
        - Read Syscall                : 0 us
        - Write Syscall               : 0 us
        - Page Fault                  : 0 us
        - io_uring                    : 0 us

-- I/O Counts --
 Read Syscall Count                   : 0
 Write Syscall Count                  : 0
 Block I/O Count                      : 0
 io_uring Completion Count            : 0

-- Total I/O Time (block device) --
 Total Block I/O Time           : 0

-- Page Faults & Bytes --
 Page Fault Count               : 0
 Read Bytes                     : 0
 Write Bytes                    : 0
 Block Read Bytes               : 0
 Block Write Bytes              : 0
[===============================================]

[===============================================]
Result of node_idx 17 in node_object 0: Add (ND)

-- Elapsed Time Analysis --
 Wall-clock Time                      : 6 us
 - Non I/O Handling Time (Estimated)  : 6 us
 - I/O Handling Time                  : 0 us
        - Read Syscall                : 0 us
        - Write Syscall               : 0 us
        - Page Fault                  : 0 us
        - io_uring                    : 0 us

-- I/O Counts --
 Read Syscall Count                   : 0
 Write Syscall Count                  : 0
 Block I/O Count                      : 0
 io_uring Completion Count            : 0

-- Total I/O Time (block device) --
 Total Block I/O Time           : 0

-- Page Faults & Bytes --
 Page Fault Count               : 0
 Read Bytes                     : 0
 Write Bytes                    : 0
 Block Read Bytes               : 0
 Block Write Bytes              : 0
[===============================================]

[===============================================]
Result of node_idx 0 in node_object 0: Multiply (ND)

-- Elapsed Time Analysis --
 Wall-clock Time                      : 10 us
 - Non I/O Handling Time (Estimated)  : 10 us
 - I/O Handling Time                  : 0 us
        - Read Syscall                : 0 us
        - Write Syscall               : 0 us
        - Page Fault                  : 0 us
        - io_uring                    : 0 us

-- I/O Counts --
 Read Syscall Count                   : 0
 Write Syscall Count                  : 0
 Block I/O Count                      : 0
 io_uring Completion Count            : 0

-- Total I/O Time (block device) --
 Total Block I/O Time           : 0

-- Page Faults & Bytes --
 Page Fault Count               : 0
 Read Bytes                     : 0
 Write Bytes                    : 0
 Block Read Bytes               : 0
 Block Write Bytes              : 0
[===============================================]

[===============================================]
Result of node_idx 1 in node_object 0: Sum (ND)

-- Elapsed Time Analysis --
 Wall-clock Time                      : 4 us
 - Non I/O Handling Time (Estimated)  : 4 us
 - I/O Handling Time                  : 0 us
        - Read Syscall                : 0 us
        - Write Syscall               : 0 us
        - Page Fault                  : 0 us
        - io_uring                    : 0 us

-- I/O Counts --
 Read Syscall Count                   : 0
 Write Syscall Count                  : 0
 Block I/O Count                      : 0
 io_uring Completion Count            : 0

-- Total I/O Time (block device) --
 Total Block I/O Time           : 0

-- Page Faults & Bytes --
 Page Fault Count               : 0
 Read Bytes                     : 0
 Write Bytes                    : 0
 Block Read Bytes               : 0
 Block Write Bytes              : 0
[===============================================]

[===============================================]
Result of node_idx 2 in node_object 0: Multiply (ND)

-- Elapsed Time Analysis --
 Wall-clock Time                      : 4 us
 - Non I/O Handling Time (Estimated)  : 4 us
 - I/O Handling Time                  : 0 us
        - Read Syscall                : 0 us
        - Write Syscall               : 0 us
        - Page Fault                  : 0 us
        - io_uring                    : 0 us

-- I/O Counts --
 Read Syscall Count                   : 0
 Write Syscall Count                  : 0
 Block I/O Count                      : 0
 io_uring Completion Count            : 0

-- Total I/O Time (block device) --
 Total Block I/O Time           : 0

-- Page Faults & Bytes --
 Page Fault Count               : 0
 Read Bytes                     : 0
 Write Bytes                    : 0
 Block Read Bytes               : 0
 Block Write Bytes              : 0
[===============================================]

[===============================================]
Result of node_idx 3 in node_object 0: Add (ND)

-- Elapsed Time Analysis --
 Wall-clock Time                      : 3 us
 - Non I/O Handling Time (Estimated)  : 3 us
 - I/O Handling Time                  : 0 us
        - Read Syscall                : 0 us
        - Write Syscall               : 0 us
        - Page Fault                  : 0 us
        - io_uring                    : 0 us

-- I/O Counts --
 Read Syscall Count                   : 0
 Write Syscall Count                  : 0
 Block I/O Count                      : 0
 io_uring Completion Count            : 0

-- Total I/O Time (block device) --
 Total Block I/O Time           : 0

-- Page Faults & Bytes --
 Page Fault Count               : 0
 Read Bytes                     : 0
 Write Bytes                    : 0
 Block Read Bytes               : 0
 Block Write Bytes              : 0
[===============================================]

[===============================================]
Result of node_idx 4 in node_object 0: Reciprocal Square Root (NC)

-- Elapsed Time Analysis --
 Wall-clock Time                      : 4 us
 - Non I/O Handling Time (Estimated)  : 4 us
 - I/O Handling Time                  : 0 us
        - Read Syscall                : 0 us
        - Write Syscall               : 0 us
        - Page Fault                  : 0 us
        - io_uring                    : 0 us

-- I/O Counts --
 Read Syscall Count                   : 0
 Write Syscall Count                  : 0
 Block I/O Count                      : 0
 io_uring Completion Count            : 0

-- Total I/O Time (block device) --
 Total Block I/O Time           : 0

-- Page Faults & Bytes --
 Page Fault Count               : 0
 Read Bytes                     : 0
 Write Bytes                    : 0
 Block Read Bytes               : 0
 Block Write Bytes              : 0
[===============================================]

[===============================================]
Result of node_idx 5 in node_object 0: Multiply (ND)

-- Elapsed Time Analysis --
 Wall-clock Time                      : 6 us
 - Non I/O Handling Time (Estimated)  : 6 us
 - I/O Handling Time                  : 0 us
        - Read Syscall                : 0 us
        - Write Syscall               : 0 us
        - Page Fault                  : 0 us
        - io_uring                    : 0 us

-- I/O Counts --
 Read Syscall Count                   : 0
 Write Syscall Count                  : 0
 Block I/O Count                      : 0
 io_uring Completion Count            : 0

-- Total I/O Time (block device) --
 Total Block I/O Time           : 0

-- Page Faults & Bytes --
 Page Fault Count               : 0
 Read Bytes                     : 0
 Write Bytes                    : 0
 Block Read Bytes               : 0
 Block Write Bytes              : 0
[===============================================]

[===============================================]
Result of node_idx 6 in node_object 0: Multiply (ND)

-- Elapsed Time Analysis --
 Wall-clock Time                      : 6 us
 - Non I/O Handling Time (Estimated)  : 6 us
 - I/O Handling Time                  : 0 us
        - Read Syscall                : 0 us
        - Write Syscall               : 0 us
        - Page Fault                  : 0 us
        - io_uring                    : 0 us

-- I/O Counts --
 Read Syscall Count                   : 0
 Write Syscall Count                  : 0
 Block I/O Count                      : 0
 io_uring Completion Count            : 0

-- Total I/O Time (block device) --
 Total Block I/O Time           : 0

-- Page Faults & Bytes --
 Page Fault Count               : 0
 Read Bytes                     : 0
 Write Bytes                    : 0
 Block Read Bytes               : 0
 Block Write Bytes              : 0
[===============================================]

[===============================================]
Result of node_idx 0 in node_object 0: Fully Connected (NC, QDU8, F32, QC8W)

-- Elapsed Time Analysis --
 Wall-clock Time                      : 23 us
 - Non I/O Handling Time (Estimated)  : 23 us
 - I/O Handling Time                  : 0 us
        - Read Syscall                : 0 us
        - Write Syscall               : 0 us
        - Page Fault                  : 0 us
        - io_uring                    : 0 us

-- I/O Counts --
 Read Syscall Count                   : 0
 Write Syscall Count                  : 0
 Block I/O Count                      : 0
 io_uring Completion Count            : 0

-- Total I/O Time (block device) --
 Total Block I/O Time           : 0

-- Page Faults & Bytes --
 Page Fault Count               : 0
 Read Bytes                     : 0
 Write Bytes                    : 0
 Block Read Bytes               : 0
 Block Write Bytes              : 0
[===============================================]

[===============================================]
Result of node_idx 1 in node_object 0: Sigmoid (NC)

-- Elapsed Time Analysis --
 Wall-clock Time                      : 6 us
 - Non I/O Handling Time (Estimated)  : 6 us
 - I/O Handling Time                  : 0 us
        - Read Syscall                : 0 us
        - Write Syscall               : 0 us
        - Page Fault                  : 0 us
        - io_uring                    : 0 us

-- I/O Counts --
 Read Syscall Count                   : 0
 Write Syscall Count                  : 0
 Block I/O Count                      : 0
 io_uring Completion Count            : 0

-- Total I/O Time (block device) --
 Total Block I/O Time           : 0

-- Page Faults & Bytes --
 Page Fault Count               : 0
 Read Bytes                     : 0
 Write Bytes                    : 0
 Block Read Bytes               : 0
 Block Write Bytes              : 0
[===============================================]

[===============================================]
Result of node_idx 2 in node_object 0: Multiply (ND)

-- Elapsed Time Analysis --
 Wall-clock Time                      : 7 us
 - Non I/O Handling Time (Estimated)  : 7 us
 - I/O Handling Time                  : 0 us
        - Read Syscall                : 0 us
        - Write Syscall               : 0 us
        - Page Fault                  : 0 us
        - io_uring                    : 0 us

-- I/O Counts --
 Read Syscall Count                   : 0
 Write Syscall Count                  : 0
 Block I/O Count                      : 0
 io_uring Completion Count            : 0

-- Total I/O Time (block device) --
 Total Block I/O Time           : 0

-- Page Faults & Bytes --
 Page Fault Count               : 0
 Read Bytes                     : 0
 Write Bytes                    : 0
 Block Read Bytes               : 0
 Block Write Bytes              : 0
[===============================================]

[===============================================]
Result of node_idx 3 in node_object 0: Fully Connected (NC, QDU8, F32, QC8W)

-- Elapsed Time Analysis --
 Wall-clock Time                      : 21 us
 - Non I/O Handling Time (Estimated)  : 21 us
 - I/O Handling Time                  : 0 us
        - Read Syscall                : 0 us
        - Write Syscall               : 0 us
        - Page Fault                  : 0 us
        - io_uring                    : 0 us

-- I/O Counts --
 Read Syscall Count                   : 0
 Write Syscall Count                  : 0
 Block I/O Count                      : 0
 io_uring Completion Count            : 0

-- Total I/O Time (block device) --
 Total Block I/O Time           : 0

-- Page Faults & Bytes --
 Page Fault Count               : 0
 Read Bytes                     : 0
 Write Bytes                    : 0
 Block Read Bytes               : 0
 Block Write Bytes              : 0
[===============================================]

[===============================================]
Result of node_idx 4 in node_object 0: Multiply (ND)

-- Elapsed Time Analysis --
 Wall-clock Time                      : 7 us
 - Non I/O Handling Time (Estimated)  : 7 us
 - I/O Handling Time                  : 0 us
        - Read Syscall                : 0 us
        - Write Syscall               : 0 us
        - Page Fault                  : 0 us
        - io_uring                    : 0 us

-- I/O Counts --
 Read Syscall Count                   : 0
 Write Syscall Count                  : 0
 Block I/O Count                      : 0
 io_uring Completion Count            : 0

-- Total I/O Time (block device) --
 Total Block I/O Time           : 0

-- Page Faults & Bytes --
 Page Fault Count               : 0
 Read Bytes                     : 0
 Write Bytes                    : 0
 Block Read Bytes               : 0
 Block Write Bytes              : 0
[===============================================]

[===============================================]
Result of node_idx 5 in node_object 0: Fully Connected (NC, QDU8, F32, QC8W)

-- Elapsed Time Analysis --
 Wall-clock Time                      : 21 us
 - Non I/O Handling Time (Estimated)  : 21 us
 - I/O Handling Time                  : 0 us
        - Read Syscall                : 0 us
        - Write Syscall               : 0 us
        - Page Fault                  : 0 us
        - io_uring                    : 0 us

-- I/O Counts --
 Read Syscall Count                   : 0
 Write Syscall Count                  : 0
 Block I/O Count                      : 0
 io_uring Completion Count            : 0

-- Total I/O Time (block device) --
 Total Block I/O Time           : 0

-- Page Faults & Bytes --
 Page Fault Count               : 0
 Read Bytes                     : 0
 Write Bytes                    : 0
 Block Read Bytes               : 0
 Block Write Bytes              : 0
[===============================================]

[===============================================]
Result of node_idx 6 in node_object 0: Add (ND)

-- Elapsed Time Analysis --
 Wall-clock Time                      : 6 us
 - Non I/O Handling Time (Estimated)  : 6 us
 - I/O Handling Time                  : 0 us
        - Read Syscall                : 0 us
        - Write Syscall               : 0 us
        - Page Fault                  : 0 us
        - io_uring                    : 0 us

-- I/O Counts --
 Read Syscall Count                   : 0
 Write Syscall Count                  : 0
 Block I/O Count                      : 0
 io_uring Completion Count            : 0

-- Total I/O Time (block device) --
 Total Block I/O Time           : 0

-- Page Faults & Bytes --
 Page Fault Count               : 0
 Read Bytes                     : 0
 Write Bytes                    : 0
 Block Read Bytes               : 0
 Block Write Bytes              : 0
[===============================================]

[===============================================]
Result of node_idx 0 in node_object 0: Multiply (ND)

-- Elapsed Time Analysis --
 Wall-clock Time                      : 10 us
 - Non I/O Handling Time (Estimated)  : 10 us
 - I/O Handling Time                  : 0 us
        - Read Syscall                : 0 us
        - Write Syscall               : 0 us
        - Page Fault                  : 0 us
        - io_uring                    : 0 us

-- I/O Counts --
 Read Syscall Count                   : 0
 Write Syscall Count                  : 0
 Block I/O Count                      : 0
 io_uring Completion Count            : 0

-- Total I/O Time (block device) --
 Total Block I/O Time           : 0

-- Page Faults & Bytes --
 Page Fault Count               : 0
 Read Bytes                     : 0
 Write Bytes                    : 0
 Block Read Bytes               : 0
 Block Write Bytes              : 0
[===============================================]

[===============================================]
Result of node_idx 1 in node_object 0: Sum (ND)

-- Elapsed Time Analysis --
 Wall-clock Time                      : 4 us
 - Non I/O Handling Time (Estimated)  : 4 us
 - I/O Handling Time                  : 0 us
        - Read Syscall                : 0 us
        - Write Syscall               : 0 us
        - Page Fault                  : 0 us
        - io_uring                    : 0 us

-- I/O Counts --
 Read Syscall Count                   : 0
 Write Syscall Count                  : 0
 Block I/O Count                      : 0
 io_uring Completion Count            : 0

-- Total I/O Time (block device) --
 Total Block I/O Time           : 0

-- Page Faults & Bytes --
 Page Fault Count               : 0
 Read Bytes                     : 0
 Write Bytes                    : 0
 Block Read Bytes               : 0
 Block Write Bytes              : 0
[===============================================]

[===============================================]
Result of node_idx 2 in node_object 0: Multiply (ND)

-- Elapsed Time Analysis --
 Wall-clock Time                      : 4 us
 - Non I/O Handling Time (Estimated)  : 4 us
 - I/O Handling Time                  : 0 us
        - Read Syscall                : 0 us
        - Write Syscall               : 0 us
        - Page Fault                  : 0 us
        - io_uring                    : 0 us

-- I/O Counts --
 Read Syscall Count                   : 0
 Write Syscall Count                  : 0
 Block I/O Count                      : 0
 io_uring Completion Count            : 0

-- Total I/O Time (block device) --
 Total Block I/O Time           : 0

-- Page Faults & Bytes --
 Page Fault Count               : 0
 Read Bytes                     : 0
 Write Bytes                    : 0
 Block Read Bytes               : 0
 Block Write Bytes              : 0
[===============================================]

[===============================================]
Result of node_idx 3 in node_object 0: Add (ND)

-- Elapsed Time Analysis --
 Wall-clock Time                      : 3 us
 - Non I/O Handling Time (Estimated)  : 3 us
 - I/O Handling Time                  : 0 us
        - Read Syscall                : 0 us
        - Write Syscall               : 0 us
        - Page Fault                  : 0 us
        - io_uring                    : 0 us

-- I/O Counts --
 Read Syscall Count                   : 0
 Write Syscall Count                  : 0
 Block I/O Count                      : 0
 io_uring Completion Count            : 0

-- Total I/O Time (block device) --
 Total Block I/O Time           : 0

-- Page Faults & Bytes --
 Page Fault Count               : 0
 Read Bytes                     : 0
 Write Bytes                    : 0
 Block Read Bytes               : 0
 Block Write Bytes              : 0
[===============================================]

[===============================================]
Result of node_idx 4 in node_object 0: Reciprocal Square Root (NC)

-- Elapsed Time Analysis --
 Wall-clock Time                      : 4 us
 - Non I/O Handling Time (Estimated)  : 4 us
 - I/O Handling Time                  : 0 us
        - Read Syscall                : 0 us
        - Write Syscall               : 0 us
        - Page Fault                  : 0 us
        - io_uring                    : 0 us

-- I/O Counts --
 Read Syscall Count                   : 0
 Write Syscall Count                  : 0
 Block I/O Count                      : 0
 io_uring Completion Count            : 0

-- Total I/O Time (block device) --
 Total Block I/O Time           : 0

-- Page Faults & Bytes --
 Page Fault Count               : 0
 Read Bytes                     : 0
 Write Bytes                    : 0
 Block Read Bytes               : 0
 Block Write Bytes              : 0
[===============================================]

[===============================================]
Result of node_idx 5 in node_object 0: Multiply (ND)

-- Elapsed Time Analysis --
 Wall-clock Time                      : 6 us
 - Non I/O Handling Time (Estimated)  : 6 us
 - I/O Handling Time                  : 0 us
        - Read Syscall                : 0 us
        - Write Syscall               : 0 us
        - Page Fault                  : 0 us
        - io_uring                    : 0 us

-- I/O Counts --
 Read Syscall Count                   : 0
 Write Syscall Count                  : 0
 Block I/O Count                      : 0
 io_uring Completion Count            : 0

-- Total I/O Time (block device) --
 Total Block I/O Time           : 0

-- Page Faults & Bytes --
 Page Fault Count               : 0
 Read Bytes                     : 0
 Write Bytes                    : 0
 Block Read Bytes               : 0
 Block Write Bytes              : 0
[===============================================]

[===============================================]
Result of node_idx 6 in node_object 0: Multiply (ND)

-- Elapsed Time Analysis --
 Wall-clock Time                      : 9 us
 - Non I/O Handling Time (Estimated)  : 9 us
 - I/O Handling Time                  : 0 us
        - Read Syscall                : 0 us
        - Write Syscall               : 0 us
        - Page Fault                  : 0 us
        - io_uring                    : 0 us

-- I/O Counts --
 Read Syscall Count                   : 0
 Write Syscall Count                  : 0
 Block I/O Count                      : 0
 io_uring Completion Count            : 0

-- Total I/O Time (block device) --
 Total Block I/O Time           : 0

-- Page Faults & Bytes --
 Page Fault Count               : 0
 Read Bytes                     : 0
 Write Bytes                    : 0
 Block Read Bytes               : 0
 Block Write Bytes              : 0
[===============================================]

[===============================================]
Result of node_idx 0 in node_object 0: Fully Connected (NC, QDU8, F32, QC8W)

-- Elapsed Time Analysis --
 Wall-clock Time                      : 17 us
 - Non I/O Handling Time (Estimated)  : 17 us
 - I/O Handling Time                  : 0 us
        - Read Syscall                : 0 us
        - Write Syscall               : 0 us
        - Page Fault                  : 0 us
        - io_uring                    : 0 us

-- I/O Counts --
 Read Syscall Count                   : 0
 Write Syscall Count                  : 0
 Block I/O Count                      : 0
 io_uring Completion Count            : 0

-- Total I/O Time (block device) --
 Total Block I/O Time           : 0

-- Page Faults & Bytes --
 Page Fault Count               : 0
 Read Bytes                     : 0
 Write Bytes                    : 0
 Block Read Bytes               : 0
 Block Write Bytes              : 0
[===============================================]

[===============================================]
Result of node_idx 1 in node_object 0: Static Reshape (NC)

-- Elapsed Time Analysis --
 Wall-clock Time                      : 3 us
 - Non I/O Handling Time (Estimated)  : 3 us
 - I/O Handling Time                  : 0 us
        - Read Syscall                : 0 us
        - Write Syscall               : 0 us
        - Page Fault                  : 0 us
        - io_uring                    : 0 us

-- I/O Counts --
 Read Syscall Count                   : 0
 Write Syscall Count                  : 0
 Block I/O Count                      : 0
 io_uring Completion Count            : 0

-- Total I/O Time (block device) --
 Total Block I/O Time           : 0

-- Page Faults & Bytes --
 Page Fault Count               : 0
 Read Bytes                     : 0
 Write Bytes                    : 0
 Block Read Bytes               : 0
 Block Write Bytes              : 0
[===============================================]

[===============================================]
Result of node_idx 2 in node_object 0: Slice (ND, X32)

-- Elapsed Time Analysis --
 Wall-clock Time                      : 7 us
 - Non I/O Handling Time (Estimated)  : 7 us
 - I/O Handling Time                  : 0 us
        - Read Syscall                : 0 us
        - Write Syscall               : 0 us
        - Page Fault                  : 0 us
        - io_uring                    : 0 us

-- I/O Counts --
 Read Syscall Count                   : 0
 Write Syscall Count                  : 0
 Block I/O Count                      : 0
 io_uring Completion Count            : 0

-- Total I/O Time (block device) --
 Total Block I/O Time           : 0

-- Page Faults & Bytes --
 Page Fault Count               : 0
 Read Bytes                     : 0
 Write Bytes                    : 0
 Block Read Bytes               : 0
 Block Write Bytes              : 0
[===============================================]

[===============================================]
Result of node_idx 3 in node_object 0: Slice (ND, X32)

-- Elapsed Time Analysis --
 Wall-clock Time                      : 6 us
 - Non I/O Handling Time (Estimated)  : 6 us
 - I/O Handling Time                  : 0 us
        - Read Syscall                : 0 us
        - Write Syscall               : 0 us
        - Page Fault                  : 0 us
        - io_uring                    : 0 us

-- I/O Counts --
 Read Syscall Count                   : 0
 Write Syscall Count                  : 0
 Block I/O Count                      : 0
 io_uring Completion Count            : 0

-- Total I/O Time (block device) --
 Total Block I/O Time           : 0

-- Page Faults & Bytes --
 Page Fault Count               : 0
 Read Bytes                     : 0
 Write Bytes                    : 0
 Block Read Bytes               : 0
 Block Write Bytes              : 0
[===============================================]

[===============================================]
Result of node_idx 4 in node_object 0: Slice (ND, X32)

-- Elapsed Time Analysis --
 Wall-clock Time                      : 6 us
 - Non I/O Handling Time (Estimated)  : 6 us
 - I/O Handling Time                  : 0 us
        - Read Syscall                : 0 us
        - Write Syscall               : 0 us
        - Page Fault                  : 0 us
        - io_uring                    : 0 us

-- I/O Counts --
 Read Syscall Count                   : 0
 Write Syscall Count                  : 0
 Block I/O Count                      : 0
 io_uring Completion Count            : 0

-- Total I/O Time (block device) --
 Total Block I/O Time           : 0

-- Page Faults & Bytes --
 Page Fault Count               : 0
 Read Bytes                     : 0
 Write Bytes                    : 0
 Block Read Bytes               : 0
 Block Write Bytes              : 0
[===============================================]

[===============================================]
Result of node_idx 5 in node_object 0: Static Reshape (NC)

-- Elapsed Time Analysis --
 Wall-clock Time                      : 11 us
 - Non I/O Handling Time (Estimated)  : 11 us
 - I/O Handling Time                  : 0 us
        - Read Syscall                : 0 us
        - Write Syscall               : 0 us
        - Page Fault                  : 0 us
        - io_uring                    : 0 us

-- I/O Counts --
 Read Syscall Count                   : 0
 Write Syscall Count                  : 0
 Block I/O Count                      : 0
 io_uring Completion Count            : 0

-- Total I/O Time (block device) --
 Total Block I/O Time           : 0

-- Page Faults & Bytes --
 Page Fault Count               : 0
 Read Bytes                     : 0
 Write Bytes                    : 0
 Block Read Bytes               : 0
 Block Write Bytes              : 0
[===============================================]

[===============================================]
Result of node_idx 6 in node_object 0: Slice (ND, X32)

-- Elapsed Time Analysis --
 Wall-clock Time                      : 7 us
 - Non I/O Handling Time (Estimated)  : 7 us
 - I/O Handling Time                  : 0 us
        - Read Syscall                : 0 us
        - Write Syscall               : 0 us
        - Page Fault                  : 0 us
        - io_uring                    : 0 us

-- I/O Counts --
 Read Syscall Count                   : 0
 Write Syscall Count                  : 0
 Block I/O Count                      : 0
 io_uring Completion Count            : 0

-- Total I/O Time (block device) --
 Total Block I/O Time           : 0

-- Page Faults & Bytes --
 Page Fault Count               : 0
 Read Bytes                     : 0
 Write Bytes                    : 0
 Block Read Bytes               : 0
 Block Write Bytes              : 0
[===============================================]

[===============================================]
Result of node_idx 7 in node_object 0: Slice (ND, X32)

-- Elapsed Time Analysis --
 Wall-clock Time                      : 7 us
 - Non I/O Handling Time (Estimated)  : 7 us
 - I/O Handling Time                  : 0 us
        - Read Syscall                : 0 us
        - Write Syscall               : 0 us
        - Page Fault                  : 0 us
        - io_uring                    : 0 us

-- I/O Counts --
 Read Syscall Count                   : 0
 Write Syscall Count                  : 0
 Block I/O Count                      : 0
 io_uring Completion Count            : 0

-- Total I/O Time (block device) --
 Total Block I/O Time           : 0

-- Page Faults & Bytes --
 Page Fault Count               : 0
 Read Bytes                     : 0
 Write Bytes                    : 0
 Block Read Bytes               : 0
 Block Write Bytes              : 0
[===============================================]

[===============================================]
Result of node_idx 8 in node_object 0: Multiply (ND)

-- Elapsed Time Analysis --
 Wall-clock Time                      : 5 us
 - Non I/O Handling Time (Estimated)  : 5 us
 - I/O Handling Time                  : 0 us
        - Read Syscall                : 0 us
        - Write Syscall               : 0 us
        - Page Fault                  : 0 us
        - io_uring                    : 0 us

-- I/O Counts --
 Read Syscall Count                   : 0
 Write Syscall Count                  : 0
 Block I/O Count                      : 0
 io_uring Completion Count            : 0

-- Total I/O Time (block device) --
 Total Block I/O Time           : 0

-- Page Faults & Bytes --
 Page Fault Count               : 0
 Read Bytes                     : 0
 Write Bytes                    : 0
 Block Read Bytes               : 0
 Block Write Bytes              : 0
[===============================================]

[===============================================]
Result of node_idx 9 in node_object 0: Multiply (ND)

-- Elapsed Time Analysis --
 Wall-clock Time                      : 5 us
 - Non I/O Handling Time (Estimated)  : 5 us
 - I/O Handling Time                  : 0 us
        - Read Syscall                : 0 us
        - Write Syscall               : 0 us
        - Page Fault                  : 0 us
        - io_uring                    : 0 us

-- I/O Counts --
 Read Syscall Count                   : 0
 Write Syscall Count                  : 0
 Block I/O Count                      : 0
 io_uring Completion Count            : 0

-- Total I/O Time (block device) --
 Total Block I/O Time           : 0

-- Page Faults & Bytes --
 Page Fault Count               : 0
 Read Bytes                     : 0
 Write Bytes                    : 0
 Block Read Bytes               : 0
 Block Write Bytes              : 0
[===============================================]

[===============================================]
Result of node_idx 10 in node_object 0: Subtract (ND)

-- Elapsed Time Analysis --
 Wall-clock Time                      : 5 us
 - Non I/O Handling Time (Estimated)  : 5 us
 - I/O Handling Time                  : 0 us
        - Read Syscall                : 0 us
        - Write Syscall               : 0 us
        - Page Fault                  : 0 us
        - io_uring                    : 0 us

-- I/O Counts --
 Read Syscall Count                   : 0
 Write Syscall Count                  : 0
 Block I/O Count                      : 0
 io_uring Completion Count            : 0

-- Total I/O Time (block device) --
 Total Block I/O Time           : 0

-- Page Faults & Bytes --
 Page Fault Count               : 0
 Read Bytes                     : 0
 Write Bytes                    : 0
 Block Read Bytes               : 0
 Block Write Bytes              : 0
[===============================================]

[===============================================]
Result of node_idx 11 in node_object 0: Multiply (ND)

-- Elapsed Time Analysis --
 Wall-clock Time                      : 5 us
 - Non I/O Handling Time (Estimated)  : 5 us
 - I/O Handling Time                  : 0 us
        - Read Syscall                : 0 us
        - Write Syscall               : 0 us
        - Page Fault                  : 0 us
        - io_uring                    : 0 us

-- I/O Counts --
 Read Syscall Count                   : 0
 Write Syscall Count                  : 0
 Block I/O Count                      : 0
 io_uring Completion Count            : 0

-- Total I/O Time (block device) --
 Total Block I/O Time           : 0

-- Page Faults & Bytes --
 Page Fault Count               : 0
 Read Bytes                     : 0
 Write Bytes                    : 0
 Block Read Bytes               : 0
 Block Write Bytes              : 0
[===============================================]

[===============================================]
Result of node_idx 12 in node_object 0: Multiply (ND)

-- Elapsed Time Analysis --
 Wall-clock Time                      : 5 us
 - Non I/O Handling Time (Estimated)  : 5 us
 - I/O Handling Time                  : 0 us
        - Read Syscall                : 0 us
        - Write Syscall               : 0 us
        - Page Fault                  : 0 us
        - io_uring                    : 0 us

-- I/O Counts --
 Read Syscall Count                   : 0
 Write Syscall Count                  : 0
 Block I/O Count                      : 0
 io_uring Completion Count            : 0

-- Total I/O Time (block device) --
 Total Block I/O Time           : 0

-- Page Faults & Bytes --
 Page Fault Count               : 0
 Read Bytes                     : 0
 Write Bytes                    : 0
 Block Read Bytes               : 0
 Block Write Bytes              : 0
[===============================================]

[===============================================]
Result of node_idx 13 in node_object 0: Add (ND)

-- Elapsed Time Analysis --
 Wall-clock Time                      : 5 us
 - Non I/O Handling Time (Estimated)  : 5 us
 - I/O Handling Time                  : 0 us
        - Read Syscall                : 0 us
        - Write Syscall               : 0 us
        - Page Fault                  : 0 us
        - io_uring                    : 0 us

-- I/O Counts --
 Read Syscall Count                   : 0
 Write Syscall Count                  : 0
 Block I/O Count                      : 0
 io_uring Completion Count            : 0

-- Total I/O Time (block device) --
 Total Block I/O Time           : 0

-- Page Faults & Bytes --
 Page Fault Count               : 0
 Read Bytes                     : 0
 Write Bytes                    : 0
 Block Read Bytes               : 0
 Block Write Bytes              : 0
[===============================================]

[===============================================]
Result of node_idx 14 in node_object 0: Copy (NC, X32)

-- Elapsed Time Analysis --
 Wall-clock Time                      : 5 us
 - Non I/O Handling Time (Estimated)  : 5 us
 - I/O Handling Time                  : 0 us
        - Read Syscall                : 0 us
        - Write Syscall               : 0 us
        - Page Fault                  : 0 us
        - io_uring                    : 0 us

-- I/O Counts --
 Read Syscall Count                   : 0
 Write Syscall Count                  : 0
 Block I/O Count                      : 0
 io_uring Completion Count            : 0

-- Total I/O Time (block device) --
 Total Block I/O Time           : 0

-- Page Faults & Bytes --
 Page Fault Count               : 0
 Read Bytes                     : 0
 Write Bytes                    : 0
 Block Read Bytes               : 0
 Block Write Bytes              : 0
[===============================================]

[===============================================]
Result of node_idx 14 in node_object 1: Copy (NC, X32)

-- Elapsed Time Analysis --
 Wall-clock Time                      : 5 us
 - Non I/O Handling Time (Estimated)  : 5 us
 - I/O Handling Time                  : 0 us
        - Read Syscall                : 0 us
        - Write Syscall               : 0 us
        - Page Fault                  : 0 us
        - io_uring                    : 0 us

-- I/O Counts --
 Read Syscall Count                   : 0
 Write Syscall Count                  : 0
 Block I/O Count                      : 0
 io_uring Completion Count            : 0

-- Total I/O Time (block device) --
 Total Block I/O Time           : 0

-- Page Faults & Bytes --
 Page Fault Count               : 0
 Read Bytes                     : 0
 Write Bytes                    : 0
 Block Read Bytes               : 0
 Block Write Bytes              : 0
[===============================================]

[===============================================]
Result of node_idx 15 in node_object 0: Static Reshape (NC)

-- Elapsed Time Analysis --
 Wall-clock Time                      : 6 us
 - Non I/O Handling Time (Estimated)  : 6 us
 - I/O Handling Time                  : 0 us
        - Read Syscall                : 0 us
        - Write Syscall               : 0 us
        - Page Fault                  : 0 us
        - io_uring                    : 0 us

-- I/O Counts --
 Read Syscall Count                   : 0
 Write Syscall Count                  : 0
 Block I/O Count                      : 0
 io_uring Completion Count            : 0

-- Total I/O Time (block device) --
 Total Block I/O Time           : 0

-- Page Faults & Bytes --
 Page Fault Count               : 0
 Read Bytes                     : 0
 Write Bytes                    : 0
 Block Read Bytes               : 0
 Block Write Bytes              : 0
[===============================================]

[===============================================]
Result of node_idx 16 in node_object 0: Static Reshape (NC)

-- Elapsed Time Analysis --
 Wall-clock Time                      : 3 us
 - Non I/O Handling Time (Estimated)  : 3 us
 - I/O Handling Time                  : 0 us
        - Read Syscall                : 0 us
        - Write Syscall               : 0 us
        - Page Fault                  : 0 us
        - io_uring                    : 0 us

-- I/O Counts --
 Read Syscall Count                   : 0
 Write Syscall Count                  : 0
 Block I/O Count                      : 0
 io_uring Completion Count            : 0

-- Total I/O Time (block device) --
 Total Block I/O Time           : 0

-- Page Faults & Bytes --
 Page Fault Count               : 0
 Read Bytes                     : 0
 Write Bytes                    : 0
 Block Read Bytes               : 0
 Block Write Bytes              : 0
[===============================================]

[===============================================]
Result of node_idx 17 in node_object 0: Slice (ND, X32)

-- Elapsed Time Analysis --
 Wall-clock Time                      : 7 us
 - Non I/O Handling Time (Estimated)  : 7 us
 - I/O Handling Time                  : 0 us
        - Read Syscall                : 0 us
        - Write Syscall               : 0 us
        - Page Fault                  : 0 us
        - io_uring                    : 0 us

-- I/O Counts --
 Read Syscall Count                   : 0
 Write Syscall Count                  : 0
 Block I/O Count                      : 0
 io_uring Completion Count            : 0

-- Total I/O Time (block device) --
 Total Block I/O Time           : 0

-- Page Faults & Bytes --
 Page Fault Count               : 0
 Read Bytes                     : 0
 Write Bytes                    : 0
 Block Read Bytes               : 0
 Block Write Bytes              : 0
[===============================================]

[===============================================]
Result of node_idx 18 in node_object 0: Slice (ND, X32)

-- Elapsed Time Analysis --
 Wall-clock Time                      : 7 us
 - Non I/O Handling Time (Estimated)  : 7 us
 - I/O Handling Time                  : 0 us
        - Read Syscall                : 0 us
        - Write Syscall               : 0 us
        - Page Fault                  : 0 us
        - io_uring                    : 0 us

-- I/O Counts --
 Read Syscall Count                   : 0
 Write Syscall Count                  : 0
 Block I/O Count                      : 0
 io_uring Completion Count            : 0

-- Total I/O Time (block device) --
 Total Block I/O Time           : 0

-- Page Faults & Bytes --
 Page Fault Count               : 0
 Read Bytes                     : 0
 Write Bytes                    : 0
 Block Read Bytes               : 0
 Block Write Bytes              : 0
[===============================================]

[===============================================]
Result of node_idx 19 in node_object 0: Multiply (ND)

-- Elapsed Time Analysis --
 Wall-clock Time                      : 6 us
 - Non I/O Handling Time (Estimated)  : 6 us
 - I/O Handling Time                  : 0 us
        - Read Syscall                : 0 us
        - Write Syscall               : 0 us
        - Page Fault                  : 0 us
        - io_uring                    : 0 us

-- I/O Counts --
 Read Syscall Count                   : 0
 Write Syscall Count                  : 0
 Block I/O Count                      : 0
 io_uring Completion Count            : 0

-- Total I/O Time (block device) --
 Total Block I/O Time           : 0

-- Page Faults & Bytes --
 Page Fault Count               : 0
 Read Bytes                     : 0
 Write Bytes                    : 0
 Block Read Bytes               : 0
 Block Write Bytes              : 0
[===============================================]

[===============================================]
Result of node_idx 20 in node_object 0: Multiply (ND)

-- Elapsed Time Analysis --
 Wall-clock Time                      : 5 us
 - Non I/O Handling Time (Estimated)  : 5 us
 - I/O Handling Time                  : 0 us
        - Read Syscall                : 0 us
        - Write Syscall               : 0 us
        - Page Fault                  : 0 us
        - io_uring                    : 0 us

-- I/O Counts --
 Read Syscall Count                   : 0
 Write Syscall Count                  : 0
 Block I/O Count                      : 0
 io_uring Completion Count            : 0

-- Total I/O Time (block device) --
 Total Block I/O Time           : 0

-- Page Faults & Bytes --
 Page Fault Count               : 0
 Read Bytes                     : 0
 Write Bytes                    : 0
 Block Read Bytes               : 0
 Block Write Bytes              : 0
[===============================================]

[===============================================]
Result of node_idx 21 in node_object 0: Subtract (ND)

-- Elapsed Time Analysis --
 Wall-clock Time                      : 6 us
 - Non I/O Handling Time (Estimated)  : 6 us
 - I/O Handling Time                  : 0 us
        - Read Syscall                : 0 us
        - Write Syscall               : 0 us
        - Page Fault                  : 0 us
        - io_uring                    : 0 us

-- I/O Counts --
 Read Syscall Count                   : 0
 Write Syscall Count                  : 0
 Block I/O Count                      : 0
 io_uring Completion Count            : 0

-- Total I/O Time (block device) --
 Total Block I/O Time           : 0

-- Page Faults & Bytes --
 Page Fault Count               : 0
 Read Bytes                     : 0
 Write Bytes                    : 0
 Block Read Bytes               : 0
 Block Write Bytes              : 0
[===============================================]

[===============================================]
Result of node_idx 22 in node_object 0: Multiply (ND)

-- Elapsed Time Analysis --
 Wall-clock Time                      : 5 us
 - Non I/O Handling Time (Estimated)  : 5 us
 - I/O Handling Time                  : 0 us
        - Read Syscall                : 0 us
        - Write Syscall               : 0 us
        - Page Fault                  : 0 us
        - io_uring                    : 0 us

-- I/O Counts --
 Read Syscall Count                   : 0
 Write Syscall Count                  : 0
 Block I/O Count                      : 0
 io_uring Completion Count            : 0

-- Total I/O Time (block device) --
 Total Block I/O Time           : 0

-- Page Faults & Bytes --
 Page Fault Count               : 0
 Read Bytes                     : 0
 Write Bytes                    : 0
 Block Read Bytes               : 0
 Block Write Bytes              : 0
[===============================================]

[===============================================]
Result of node_idx 23 in node_object 0: Multiply (ND)

-- Elapsed Time Analysis --
 Wall-clock Time                      : 6 us
 - Non I/O Handling Time (Estimated)  : 6 us
 - I/O Handling Time                  : 0 us
        - Read Syscall                : 0 us
        - Write Syscall               : 0 us
        - Page Fault                  : 0 us
        - io_uring                    : 0 us

-- I/O Counts --
 Read Syscall Count                   : 0
 Write Syscall Count                  : 0
 Block I/O Count                      : 0
 io_uring Completion Count            : 0

-- Total I/O Time (block device) --
 Total Block I/O Time           : 0

-- Page Faults & Bytes --
 Page Fault Count               : 0
 Read Bytes                     : 0
 Write Bytes                    : 0
 Block Read Bytes               : 0
 Block Write Bytes              : 0
[===============================================]

[===============================================]
Result of node_idx 24 in node_object 0: Add (ND)

-- Elapsed Time Analysis --
 Wall-clock Time                      : 6 us
 - Non I/O Handling Time (Estimated)  : 6 us
 - I/O Handling Time                  : 0 us
        - Read Syscall                : 0 us
        - Write Syscall               : 0 us
        - Page Fault                  : 0 us
        - io_uring                    : 0 us

-- I/O Counts --
 Read Syscall Count                   : 0
 Write Syscall Count                  : 0
 Block I/O Count                      : 0
 io_uring Completion Count            : 0

-- Total I/O Time (block device) --
 Total Block I/O Time           : 0

-- Page Faults & Bytes --
 Page Fault Count               : 0
 Read Bytes                     : 0
 Write Bytes                    : 0
 Block Read Bytes               : 0
 Block Write Bytes              : 0
[===============================================]

[===============================================]
Result of node_idx 25 in node_object 0: Copy (NC, X32)

-- Elapsed Time Analysis --
 Wall-clock Time                      : 6 us
 - Non I/O Handling Time (Estimated)  : 6 us
 - I/O Handling Time                  : 0 us
        - Read Syscall                : 0 us
        - Write Syscall               : 0 us
        - Page Fault                  : 0 us
        - io_uring                    : 0 us

-- I/O Counts --
 Read Syscall Count                   : 0
 Write Syscall Count                  : 0
 Block I/O Count                      : 0
 io_uring Completion Count            : 0

-- Total I/O Time (block device) --
 Total Block I/O Time           : 0

-- Page Faults & Bytes --
 Page Fault Count               : 0
 Read Bytes                     : 0
 Write Bytes                    : 0
 Block Read Bytes               : 0
 Block Write Bytes              : 0
[===============================================]

[===============================================]
Result of node_idx 25 in node_object 1: Copy (NC, X32)

-- Elapsed Time Analysis --
 Wall-clock Time                      : 5 us
 - Non I/O Handling Time (Estimated)  : 5 us
 - I/O Handling Time                  : 0 us
        - Read Syscall                : 0 us
        - Write Syscall               : 0 us
        - Page Fault                  : 0 us
        - io_uring                    : 0 us

-- I/O Counts --
 Read Syscall Count                   : 0
 Write Syscall Count                  : 0
 Block I/O Count                      : 0
 io_uring Completion Count            : 0

-- Total I/O Time (block device) --
 Total Block I/O Time           : 0

-- Page Faults & Bytes --
 Page Fault Count               : 0
 Read Bytes                     : 0
 Write Bytes                    : 0
 Block Read Bytes               : 0
 Block Write Bytes              : 0
[===============================================]

[===============================================]
Result of node_idx 26 in node_object 0: Static Reshape (NC)

-- Elapsed Time Analysis --
 Wall-clock Time                      : 4 us
 - Non I/O Handling Time (Estimated)  : 4 us
 - I/O Handling Time                  : 0 us
        - Read Syscall                : 0 us
        - Write Syscall               : 0 us
        - Page Fault                  : 0 us
        - io_uring                    : 0 us

-- I/O Counts --
 Read Syscall Count                   : 0
 Write Syscall Count                  : 0
 Block I/O Count                      : 0
 io_uring Completion Count            : 0

-- Total I/O Time (block device) --
 Total Block I/O Time           : 0

-- Page Faults & Bytes --
 Page Fault Count               : 0
 Read Bytes                     : 0
 Write Bytes                    : 0
 Block Read Bytes               : 0
 Block Write Bytes              : 0
[===============================================]

[===============================================]
Result of node_idx 0 in node_object 0: Multiply (ND)

-- Elapsed Time Analysis --
 Wall-clock Time                      : 5 us
 - Non I/O Handling Time (Estimated)  : 5 us
 - I/O Handling Time                  : 0 us
        - Read Syscall                : 0 us
        - Write Syscall               : 0 us
        - Page Fault                  : 0 us
        - io_uring                    : 0 us

-- I/O Counts --
 Read Syscall Count                   : 0
 Write Syscall Count                  : 0
 Block I/O Count                      : 0
 io_uring Completion Count            : 0

-- Total I/O Time (block device) --
 Total Block I/O Time           : 0

-- Page Faults & Bytes --
 Page Fault Count               : 0
 Read Bytes                     : 0
 Write Bytes                    : 0
 Block Read Bytes               : 0
 Block Write Bytes              : 0
[===============================================]

[===============================================]
Result of node_idx 1 in node_object 0: Transpose (ND, X32)

-- Elapsed Time Analysis --
 Wall-clock Time                      : 3 us
 - Non I/O Handling Time (Estimated)  : 3 us
 - I/O Handling Time                  : 0 us
        - Read Syscall                : 0 us
        - Write Syscall               : 0 us
        - Page Fault                  : 0 us
        - io_uring                    : 0 us

-- I/O Counts --
 Read Syscall Count                   : 0
 Write Syscall Count                  : 0
 Block I/O Count                      : 0
 io_uring Completion Count            : 0

-- Total I/O Time (block device) --
 Total Block I/O Time           : 0

-- Page Faults & Bytes --
 Page Fault Count               : 0
 Read Bytes                     : 0
 Write Bytes                    : 0
 Block Read Bytes               : 0
 Block Write Bytes              : 0
[===============================================]

[===============================================]
Result of node_idx 2 in node_object 0: Transpose (ND, X32)

-- Elapsed Time Analysis --
 Wall-clock Time                      : 28 us
 - Non I/O Handling Time (Estimated)  : 28 us
 - I/O Handling Time                  : 0 us
        - Read Syscall                : 0 us
        - Write Syscall               : 0 us
        - Page Fault                  : 0 us
        - io_uring                    : 0 us

-- I/O Counts --
 Read Syscall Count                   : 0
 Write Syscall Count                  : 0
 Block I/O Count                      : 0
 io_uring Completion Count            : 0

-- Total I/O Time (block device) --
 Total Block I/O Time           : 0

-- Page Faults & Bytes --
 Page Fault Count               : 0
 Read Bytes                     : 0
 Write Bytes                    : 0
 Block Read Bytes               : 0
 Block Write Bytes              : 0
[===============================================]

[===============================================]
Result of node_idx 3 in node_object 0: Static Reshape (NC)

-- Elapsed Time Analysis --
 Wall-clock Time                      : 3 us
 - Non I/O Handling Time (Estimated)  : 3 us
 - I/O Handling Time                  : 0 us
        - Read Syscall                : 0 us
        - Write Syscall               : 0 us
        - Page Fault                  : 0 us
        - io_uring                    : 0 us

-- I/O Counts --
 Read Syscall Count                   : 0
 Write Syscall Count                  : 0
 Block I/O Count                      : 0
 io_uring Completion Count            : 0

-- Total I/O Time (block device) --
 Total Block I/O Time           : 0

-- Page Faults & Bytes --
 Page Fault Count               : 0
 Read Bytes                     : 0
 Write Bytes                    : 0
 Block Read Bytes               : 0
 Block Write Bytes              : 0
[===============================================]

[===============================================]
Result of node_idx 4 in node_object 0: Static Reshape (NC)

-- Elapsed Time Analysis --
 Wall-clock Time                      : 4 us
 - Non I/O Handling Time (Estimated)  : 4 us
 - I/O Handling Time                  : 0 us
        - Read Syscall                : 0 us
        - Write Syscall               : 0 us
        - Page Fault                  : 0 us
        - io_uring                    : 0 us

-- I/O Counts --
 Read Syscall Count                   : 0
 Write Syscall Count                  : 0
 Block I/O Count                      : 0
 io_uring Completion Count            : 0

-- Total I/O Time (block device) --
 Total Block I/O Time           : 0

-- Page Faults & Bytes --
 Page Fault Count               : 0
 Read Bytes                     : 0
 Write Bytes                    : 0
 Block Read Bytes               : 0
 Block Write Bytes              : 0
[===============================================]

[===============================================]
Result of node_idx 5 in node_object 0: Batch Matrix Multiply (NC, F32)

-- Elapsed Time Analysis --
 Wall-clock Time                      : 60 us
 - Non I/O Handling Time (Estimated)  : 60 us
 - I/O Handling Time                  : 0 us
        - Read Syscall                : 0 us
        - Write Syscall               : 0 us
        - Page Fault                  : 0 us
        - io_uring                    : 0 us

-- I/O Counts --
 Read Syscall Count                   : 0
 Write Syscall Count                  : 0
 Block I/O Count                      : 0
 io_uring Completion Count            : 0

-- Total I/O Time (block device) --
 Total Block I/O Time           : 0

-- Page Faults & Bytes --
 Page Fault Count               : 0
 Read Bytes                     : 0
 Write Bytes                    : 0
 Block Read Bytes               : 0
 Block Write Bytes              : 0
[===============================================]

[===============================================]
Result of node_idx 6 in node_object 0: Static Reshape (NC)

-- Elapsed Time Analysis --
 Wall-clock Time                      : 3 us
 - Non I/O Handling Time (Estimated)  : 3 us
 - I/O Handling Time                  : 0 us
        - Read Syscall                : 0 us
        - Write Syscall               : 0 us
        - Page Fault                  : 0 us
        - io_uring                    : 0 us

-- I/O Counts --
 Read Syscall Count                   : 0
 Write Syscall Count                  : 0
 Block I/O Count                      : 0
 io_uring Completion Count            : 0

-- Total I/O Time (block device) --
 Total Block I/O Time           : 0

-- Page Faults & Bytes --
 Page Fault Count               : 0
 Read Bytes                     : 0
 Write Bytes                    : 0
 Block Read Bytes               : 0
 Block Write Bytes              : 0
[===============================================]

[===============================================]
Result of node_idx 7 in node_object 0: Add (ND)

-- Elapsed Time Analysis --
 Wall-clock Time                      : 6 us
 - Non I/O Handling Time (Estimated)  : 6 us
 - I/O Handling Time                  : 0 us
        - Read Syscall                : 0 us
        - Write Syscall               : 0 us
        - Page Fault                  : 0 us
        - io_uring                    : 0 us

-- I/O Counts --
 Read Syscall Count                   : 0
 Write Syscall Count                  : 0
 Block I/O Count                      : 0
 io_uring Completion Count            : 0

-- Total I/O Time (block device) --
 Total Block I/O Time           : 0

-- Page Faults & Bytes --
 Page Fault Count               : 0
 Read Bytes                     : 0
 Write Bytes                    : 0
 Block Read Bytes               : 0
 Block Write Bytes              : 0
[===============================================]

[===============================================]
Result of node_idx 8 in node_object 0: Softmax (NC, F32)

-- Elapsed Time Analysis --
 Wall-clock Time                      : 8 us
 - Non I/O Handling Time (Estimated)  : 8 us
 - I/O Handling Time                  : 0 us
        - Read Syscall                : 0 us
        - Write Syscall               : 0 us
        - Page Fault                  : 0 us
        - io_uring                    : 0 us

-- I/O Counts --
 Read Syscall Count                   : 0
 Write Syscall Count                  : 0
 Block I/O Count                      : 0
 io_uring Completion Count            : 0

-- Total I/O Time (block device) --
 Total Block I/O Time           : 0

-- Page Faults & Bytes --
 Page Fault Count               : 0
 Read Bytes                     : 0
 Write Bytes                    : 0
 Block Read Bytes               : 0
 Block Write Bytes              : 0
[===============================================]

[===============================================]
Result of node_idx 9 in node_object 0: Transpose (ND, X32)

-- Elapsed Time Analysis --
 Wall-clock Time                      : 34 us
 - Non I/O Handling Time (Estimated)  : 34 us
 - I/O Handling Time                  : 0 us
        - Read Syscall                : 0 us
        - Write Syscall               : 0 us
        - Page Fault                  : 0 us
        - io_uring                    : 0 us

-- I/O Counts --
 Read Syscall Count                   : 0
 Write Syscall Count                  : 0
 Block I/O Count                      : 0
 io_uring Completion Count            : 0

-- Total I/O Time (block device) --
 Total Block I/O Time           : 0

-- Page Faults & Bytes --
 Page Fault Count               : 0
 Read Bytes                     : 0
 Write Bytes                    : 0
 Block Read Bytes               : 0
 Block Write Bytes              : 0
[===============================================]

[===============================================]
Result of node_idx 10 in node_object 0: Static Reshape (NC)

-- Elapsed Time Analysis --
 Wall-clock Time                      : 3 us
 - Non I/O Handling Time (Estimated)  : 3 us
 - I/O Handling Time                  : 0 us
        - Read Syscall                : 0 us
        - Write Syscall               : 0 us
        - Page Fault                  : 0 us
        - io_uring                    : 0 us

-- I/O Counts --
 Read Syscall Count                   : 0
 Write Syscall Count                  : 0
 Block I/O Count                      : 0
 io_uring Completion Count            : 0

-- Total I/O Time (block device) --
 Total Block I/O Time           : 0

-- Page Faults & Bytes --
 Page Fault Count               : 0
 Read Bytes                     : 0
 Write Bytes                    : 0
 Block Read Bytes               : 0
 Block Write Bytes              : 0
[===============================================]

[===============================================]
Result of node_idx 11 in node_object 0: Static Reshape (NC)

-- Elapsed Time Analysis --
 Wall-clock Time                      : 3 us
 - Non I/O Handling Time (Estimated)  : 3 us
 - I/O Handling Time                  : 0 us
        - Read Syscall                : 0 us
        - Write Syscall               : 0 us
        - Page Fault                  : 0 us
        - io_uring                    : 0 us

-- I/O Counts --
 Read Syscall Count                   : 0
 Write Syscall Count                  : 0
 Block I/O Count                      : 0
 io_uring Completion Count            : 0

-- Total I/O Time (block device) --
 Total Block I/O Time           : 0

-- Page Faults & Bytes --
 Page Fault Count               : 0
 Read Bytes                     : 0
 Write Bytes                    : 0
 Block Read Bytes               : 0
 Block Write Bytes              : 0
[===============================================]

[===============================================]
Result of node_idx 12 in node_object 0: Batch Matrix Multiply (NC, F32)

-- Elapsed Time Analysis --
 Wall-clock Time                      : 51 us
 - Non I/O Handling Time (Estimated)  : 51 us
 - I/O Handling Time                  : 0 us
        - Read Syscall                : 0 us
        - Write Syscall               : 0 us
        - Page Fault                  : 0 us
        - io_uring                    : 0 us

-- I/O Counts --
 Read Syscall Count                   : 0
 Write Syscall Count                  : 0
 Block I/O Count                      : 0
 io_uring Completion Count            : 0

-- Total I/O Time (block device) --
 Total Block I/O Time           : 0

-- Page Faults & Bytes --
 Page Fault Count               : 0
 Read Bytes                     : 0
 Write Bytes                    : 0
 Block Read Bytes               : 0
 Block Write Bytes              : 0
[===============================================]

[===============================================]
Result of node_idx 13 in node_object 0: Static Reshape (NC)

-- Elapsed Time Analysis --
 Wall-clock Time                      : 3 us
 - Non I/O Handling Time (Estimated)  : 3 us
 - I/O Handling Time                  : 0 us
        - Read Syscall                : 0 us
        - Write Syscall               : 0 us
        - Page Fault                  : 0 us
        - io_uring                    : 0 us

-- I/O Counts --
 Read Syscall Count                   : 0
 Write Syscall Count                  : 0
 Block I/O Count                      : 0
 io_uring Completion Count            : 0

-- Total I/O Time (block device) --
 Total Block I/O Time           : 0

-- Page Faults & Bytes --
 Page Fault Count               : 0
 Read Bytes                     : 0
 Write Bytes                    : 0
 Block Read Bytes               : 0
 Block Write Bytes              : 0
[===============================================]

[===============================================]
Result of node_idx 14 in node_object 0: Transpose (ND, X32)

-- Elapsed Time Analysis --
 Wall-clock Time                      : 4 us
 - Non I/O Handling Time (Estimated)  : 4 us
 - I/O Handling Time                  : 0 us
        - Read Syscall                : 0 us
        - Write Syscall               : 0 us
        - Page Fault                  : 0 us
        - io_uring                    : 0 us

-- I/O Counts --
 Read Syscall Count                   : 0
 Write Syscall Count                  : 0
 Block I/O Count                      : 0
 io_uring Completion Count            : 0

-- Total I/O Time (block device) --
 Total Block I/O Time           : 0

-- Page Faults & Bytes --
 Page Fault Count               : 0
 Read Bytes                     : 0
 Write Bytes                    : 0
 Block Read Bytes               : 0
 Block Write Bytes              : 0
[===============================================]

[===============================================]
Result of node_idx 15 in node_object 0: Static Reshape (NC)

-- Elapsed Time Analysis --
 Wall-clock Time                      : 3 us
 - Non I/O Handling Time (Estimated)  : 3 us
 - I/O Handling Time                  : 0 us
        - Read Syscall                : 0 us
        - Write Syscall               : 0 us
        - Page Fault                  : 0 us
        - io_uring                    : 0 us

-- I/O Counts --
 Read Syscall Count                   : 0
 Write Syscall Count                  : 0
 Block I/O Count                      : 0
 io_uring Completion Count            : 0

-- Total I/O Time (block device) --
 Total Block I/O Time           : 0

-- Page Faults & Bytes --
 Page Fault Count               : 0
 Read Bytes                     : 0
 Write Bytes                    : 0
 Block Read Bytes               : 0
 Block Write Bytes              : 0
[===============================================]

[===============================================]
Result of node_idx 16 in node_object 0: Fully Connected (NC, QDU8, F32, QC8W)

-- Elapsed Time Analysis --
 Wall-clock Time                      : 11 us
 - Non I/O Handling Time (Estimated)  : 11 us
 - I/O Handling Time                  : 0 us
        - Read Syscall                : 0 us
        - Write Syscall               : 0 us
        - Page Fault                  : 0 us
        - io_uring                    : 0 us

-- I/O Counts --
 Read Syscall Count                   : 0
 Write Syscall Count                  : 0
 Block I/O Count                      : 0
 io_uring Completion Count            : 0

-- Total I/O Time (block device) --
 Total Block I/O Time           : 0

-- Page Faults & Bytes --
 Page Fault Count               : 0
 Read Bytes                     : 0
 Write Bytes                    : 0
 Block Read Bytes               : 0
 Block Write Bytes              : 0
[===============================================]

[===============================================]
Result of node_idx 17 in node_object 0: Add (ND)

-- Elapsed Time Analysis --
 Wall-clock Time                      : 6 us
 - Non I/O Handling Time (Estimated)  : 6 us
 - I/O Handling Time                  : 0 us
        - Read Syscall                : 0 us
        - Write Syscall               : 0 us
        - Page Fault                  : 0 us
        - io_uring                    : 0 us

-- I/O Counts --
 Read Syscall Count                   : 0
 Write Syscall Count                  : 0
 Block I/O Count                      : 0
 io_uring Completion Count            : 0

-- Total I/O Time (block device) --
 Total Block I/O Time           : 0

-- Page Faults & Bytes --
 Page Fault Count               : 0
 Read Bytes                     : 0
 Write Bytes                    : 0
 Block Read Bytes               : 0
 Block Write Bytes              : 0
[===============================================]

[===============================================]
Result of node_idx 0 in node_object 0: Multiply (ND)

-- Elapsed Time Analysis --
 Wall-clock Time                      : 10 us
 - Non I/O Handling Time (Estimated)  : 10 us
 - I/O Handling Time                  : 0 us
        - Read Syscall                : 0 us
        - Write Syscall               : 0 us
        - Page Fault                  : 0 us
        - io_uring                    : 0 us

-- I/O Counts --
 Read Syscall Count                   : 0
 Write Syscall Count                  : 0
 Block I/O Count                      : 0
 io_uring Completion Count            : 0

-- Total I/O Time (block device) --
 Total Block I/O Time           : 0

-- Page Faults & Bytes --
 Page Fault Count               : 0
 Read Bytes                     : 0
 Write Bytes                    : 0
 Block Read Bytes               : 0
 Block Write Bytes              : 0
[===============================================]

[===============================================]
Result of node_idx 1 in node_object 0: Sum (ND)

-- Elapsed Time Analysis --
 Wall-clock Time                      : 4 us
 - Non I/O Handling Time (Estimated)  : 4 us
 - I/O Handling Time                  : 0 us
        - Read Syscall                : 0 us
        - Write Syscall               : 0 us
        - Page Fault                  : 0 us
        - io_uring                    : 0 us

-- I/O Counts --
 Read Syscall Count                   : 0
 Write Syscall Count                  : 0
 Block I/O Count                      : 0
 io_uring Completion Count            : 0

-- Total I/O Time (block device) --
 Total Block I/O Time           : 0

-- Page Faults & Bytes --
 Page Fault Count               : 0
 Read Bytes                     : 0
 Write Bytes                    : 0
 Block Read Bytes               : 0
 Block Write Bytes              : 0
[===============================================]

[===============================================]
Result of node_idx 2 in node_object 0: Multiply (ND)

-- Elapsed Time Analysis --
 Wall-clock Time                      : 3 us
 - Non I/O Handling Time (Estimated)  : 3 us
 - I/O Handling Time                  : 0 us
        - Read Syscall                : 0 us
        - Write Syscall               : 0 us
        - Page Fault                  : 0 us
        - io_uring                    : 0 us

-- I/O Counts --
 Read Syscall Count                   : 0
 Write Syscall Count                  : 0
 Block I/O Count                      : 0
 io_uring Completion Count            : 0

-- Total I/O Time (block device) --
 Total Block I/O Time           : 0

-- Page Faults & Bytes --
 Page Fault Count               : 0
 Read Bytes                     : 0
 Write Bytes                    : 0
 Block Read Bytes               : 0
 Block Write Bytes              : 0
[===============================================]

[===============================================]
Result of node_idx 3 in node_object 0: Add (ND)

-- Elapsed Time Analysis --
 Wall-clock Time                      : 4 us
 - Non I/O Handling Time (Estimated)  : 4 us
 - I/O Handling Time                  : 0 us
        - Read Syscall                : 0 us
        - Write Syscall               : 0 us
        - Page Fault                  : 0 us
        - io_uring                    : 0 us

-- I/O Counts --
 Read Syscall Count                   : 0
 Write Syscall Count                  : 0
 Block I/O Count                      : 0
 io_uring Completion Count            : 0

-- Total I/O Time (block device) --
 Total Block I/O Time           : 0

-- Page Faults & Bytes --
 Page Fault Count               : 0
 Read Bytes                     : 0
 Write Bytes                    : 0
 Block Read Bytes               : 0
 Block Write Bytes              : 0
[===============================================]

[===============================================]
Result of node_idx 4 in node_object 0: Reciprocal Square Root (NC)

-- Elapsed Time Analysis --
 Wall-clock Time                      : 3 us
 - Non I/O Handling Time (Estimated)  : 3 us
 - I/O Handling Time                  : 0 us
        - Read Syscall                : 0 us
        - Write Syscall               : 0 us
        - Page Fault                  : 0 us
        - io_uring                    : 0 us

-- I/O Counts --
 Read Syscall Count                   : 0
 Write Syscall Count                  : 0
 Block I/O Count                      : 0
 io_uring Completion Count            : 0

-- Total I/O Time (block device) --
 Total Block I/O Time           : 0

-- Page Faults & Bytes --
 Page Fault Count               : 0
 Read Bytes                     : 0
 Write Bytes                    : 0
 Block Read Bytes               : 0
 Block Write Bytes              : 0
[===============================================]

[===============================================]
Result of node_idx 5 in node_object 0: Multiply (ND)

-- Elapsed Time Analysis --
 Wall-clock Time                      : 6 us
 - Non I/O Handling Time (Estimated)  : 6 us
 - I/O Handling Time                  : 0 us
        - Read Syscall                : 0 us
        - Write Syscall               : 0 us
        - Page Fault                  : 0 us
        - io_uring                    : 0 us

-- I/O Counts --
 Read Syscall Count                   : 0
 Write Syscall Count                  : 0
 Block I/O Count                      : 0
 io_uring Completion Count            : 0

-- Total I/O Time (block device) --
 Total Block I/O Time           : 0

-- Page Faults & Bytes --
 Page Fault Count               : 0
 Read Bytes                     : 0
 Write Bytes                    : 0
 Block Read Bytes               : 0
 Block Write Bytes              : 0
[===============================================]

[===============================================]
Result of node_idx 6 in node_object 0: Multiply (ND)

-- Elapsed Time Analysis --
 Wall-clock Time                      : 6 us
 - Non I/O Handling Time (Estimated)  : 6 us
 - I/O Handling Time                  : 0 us
        - Read Syscall                : 0 us
        - Write Syscall               : 0 us
        - Page Fault                  : 0 us
        - io_uring                    : 0 us

-- I/O Counts --
 Read Syscall Count                   : 0
 Write Syscall Count                  : 0
 Block I/O Count                      : 0
 io_uring Completion Count            : 0

-- Total I/O Time (block device) --
 Total Block I/O Time           : 0

-- Page Faults & Bytes --
 Page Fault Count               : 0
 Read Bytes                     : 0
 Write Bytes                    : 0
 Block Read Bytes               : 0
 Block Write Bytes              : 0
[===============================================]

[===============================================]
Result of node_idx 0 in node_object 0: Fully Connected (NC, QDU8, F32, QC8W)

-- Elapsed Time Analysis --
 Wall-clock Time                      : 24 us
 - Non I/O Handling Time (Estimated)  : 24 us
 - I/O Handling Time                  : 0 us
        - Read Syscall                : 0 us
        - Write Syscall               : 0 us
        - Page Fault                  : 0 us
        - io_uring                    : 0 us

-- I/O Counts --
 Read Syscall Count                   : 0
 Write Syscall Count                  : 0
 Block I/O Count                      : 0
 io_uring Completion Count            : 0

-- Total I/O Time (block device) --
 Total Block I/O Time           : 0

-- Page Faults & Bytes --
 Page Fault Count               : 0
 Read Bytes                     : 0
 Write Bytes                    : 0
 Block Read Bytes               : 0
 Block Write Bytes              : 0
[===============================================]

[===============================================]
Result of node_idx 1 in node_object 0: Sigmoid (NC)

-- Elapsed Time Analysis --
 Wall-clock Time                      : 6 us
 - Non I/O Handling Time (Estimated)  : 6 us
 - I/O Handling Time                  : 0 us
        - Read Syscall                : 0 us
        - Write Syscall               : 0 us
        - Page Fault                  : 0 us
        - io_uring                    : 0 us

-- I/O Counts --
 Read Syscall Count                   : 0
 Write Syscall Count                  : 0
 Block I/O Count                      : 0
 io_uring Completion Count            : 0

-- Total I/O Time (block device) --
 Total Block I/O Time           : 0

-- Page Faults & Bytes --
 Page Fault Count               : 0
 Read Bytes                     : 0
 Write Bytes                    : 0
 Block Read Bytes               : 0
 Block Write Bytes              : 0
[===============================================]

[===============================================]
Result of node_idx 2 in node_object 0: Multiply (ND)

-- Elapsed Time Analysis --
 Wall-clock Time                      : 7 us
 - Non I/O Handling Time (Estimated)  : 7 us
 - I/O Handling Time                  : 0 us
        - Read Syscall                : 0 us
        - Write Syscall               : 0 us
        - Page Fault                  : 0 us
        - io_uring                    : 0 us

-- I/O Counts --
 Read Syscall Count                   : 0
 Write Syscall Count                  : 0
 Block I/O Count                      : 0
 io_uring Completion Count            : 0

-- Total I/O Time (block device) --
 Total Block I/O Time           : 0

-- Page Faults & Bytes --
 Page Fault Count               : 0
 Read Bytes                     : 0
 Write Bytes                    : 0
 Block Read Bytes               : 0
 Block Write Bytes              : 0
[===============================================]

[===============================================]
Result of node_idx 3 in node_object 0: Fully Connected (NC, QDU8, F32, QC8W)

-- Elapsed Time Analysis --
 Wall-clock Time                      : 21 us
 - Non I/O Handling Time (Estimated)  : 21 us
 - I/O Handling Time                  : 0 us
        - Read Syscall                : 0 us
        - Write Syscall               : 0 us
        - Page Fault                  : 0 us
        - io_uring                    : 0 us

-- I/O Counts --
 Read Syscall Count                   : 0
 Write Syscall Count                  : 0
 Block I/O Count                      : 0
 io_uring Completion Count            : 0

-- Total I/O Time (block device) --
 Total Block I/O Time           : 0

-- Page Faults & Bytes --
 Page Fault Count               : 0
 Read Bytes                     : 0
 Write Bytes                    : 0
 Block Read Bytes               : 0
 Block Write Bytes              : 0
[===============================================]

[===============================================]
Result of node_idx 4 in node_object 0: Multiply (ND)

-- Elapsed Time Analysis --
 Wall-clock Time                      : 6 us
 - Non I/O Handling Time (Estimated)  : 6 us
 - I/O Handling Time                  : 0 us
        - Read Syscall                : 0 us
        - Write Syscall               : 0 us
        - Page Fault                  : 0 us
        - io_uring                    : 0 us

-- I/O Counts --
 Read Syscall Count                   : 0
 Write Syscall Count                  : 0
 Block I/O Count                      : 0
 io_uring Completion Count            : 0

-- Total I/O Time (block device) --
 Total Block I/O Time           : 0

-- Page Faults & Bytes --
 Page Fault Count               : 0
 Read Bytes                     : 0
 Write Bytes                    : 0
 Block Read Bytes               : 0
 Block Write Bytes              : 0
[===============================================]

[===============================================]
Result of node_idx 5 in node_object 0: Fully Connected (NC, QDU8, F32, QC8W)

-- Elapsed Time Analysis --
 Wall-clock Time                      : 21 us
 - Non I/O Handling Time (Estimated)  : 21 us
 - I/O Handling Time                  : 0 us
        - Read Syscall                : 0 us
        - Write Syscall               : 0 us
        - Page Fault                  : 0 us
        - io_uring                    : 0 us

-- I/O Counts --
 Read Syscall Count                   : 0
 Write Syscall Count                  : 0
 Block I/O Count                      : 0
 io_uring Completion Count            : 0

-- Total I/O Time (block device) --
 Total Block I/O Time           : 0

-- Page Faults & Bytes --
 Page Fault Count               : 0
 Read Bytes                     : 0
 Write Bytes                    : 0
 Block Read Bytes               : 0
 Block Write Bytes              : 0
[===============================================]

[===============================================]
Result of node_idx 6 in node_object 0: Add (ND)

-- Elapsed Time Analysis --
 Wall-clock Time                      : 7 us
 - Non I/O Handling Time (Estimated)  : 7 us
 - I/O Handling Time                  : 0 us
        - Read Syscall                : 0 us
        - Write Syscall               : 0 us
        - Page Fault                  : 0 us
        - io_uring                    : 0 us

-- I/O Counts --
 Read Syscall Count                   : 0
 Write Syscall Count                  : 0
 Block I/O Count                      : 0
 io_uring Completion Count            : 0

-- Total I/O Time (block device) --
 Total Block I/O Time           : 0

-- Page Faults & Bytes --
 Page Fault Count               : 0
 Read Bytes                     : 0
 Write Bytes                    : 0
 Block Read Bytes               : 0
 Block Write Bytes              : 0
[===============================================]

[===============================================]
Result of node_idx 0 in node_object 0: Multiply (ND)

-- Elapsed Time Analysis --
 Wall-clock Time                      : 10 us
 - Non I/O Handling Time (Estimated)  : 10 us
 - I/O Handling Time                  : 0 us
        - Read Syscall                : 0 us
        - Write Syscall               : 0 us
        - Page Fault                  : 0 us
        - io_uring                    : 0 us

-- I/O Counts --
 Read Syscall Count                   : 0
 Write Syscall Count                  : 0
 Block I/O Count                      : 0
 io_uring Completion Count            : 0

-- Total I/O Time (block device) --
 Total Block I/O Time           : 0

-- Page Faults & Bytes --
 Page Fault Count               : 0
 Read Bytes                     : 0
 Write Bytes                    : 0
 Block Read Bytes               : 0
 Block Write Bytes              : 0
[===============================================]

[===============================================]
Result of node_idx 1 in node_object 0: Sum (ND)

-- Elapsed Time Analysis --
 Wall-clock Time                      : 4 us
 - Non I/O Handling Time (Estimated)  : 4 us
 - I/O Handling Time                  : 0 us
        - Read Syscall                : 0 us
        - Write Syscall               : 0 us
        - Page Fault                  : 0 us
        - io_uring                    : 0 us

-- I/O Counts --
 Read Syscall Count                   : 0
 Write Syscall Count                  : 0
 Block I/O Count                      : 0
 io_uring Completion Count            : 0

-- Total I/O Time (block device) --
 Total Block I/O Time           : 0

-- Page Faults & Bytes --
 Page Fault Count               : 0
 Read Bytes                     : 0
 Write Bytes                    : 0
 Block Read Bytes               : 0
 Block Write Bytes              : 0
[===============================================]

[===============================================]
Result of node_idx 2 in node_object 0: Multiply (ND)

-- Elapsed Time Analysis --
 Wall-clock Time                      : 3 us
 - Non I/O Handling Time (Estimated)  : 3 us
 - I/O Handling Time                  : 0 us
        - Read Syscall                : 0 us
        - Write Syscall               : 0 us
        - Page Fault                  : 0 us
        - io_uring                    : 0 us

-- I/O Counts --
 Read Syscall Count                   : 0
 Write Syscall Count                  : 0
 Block I/O Count                      : 0
 io_uring Completion Count            : 0

-- Total I/O Time (block device) --
 Total Block I/O Time           : 0

-- Page Faults & Bytes --
 Page Fault Count               : 0
 Read Bytes                     : 0
 Write Bytes                    : 0
 Block Read Bytes               : 0
 Block Write Bytes              : 0
[===============================================]

[===============================================]
Result of node_idx 3 in node_object 0: Add (ND)

-- Elapsed Time Analysis --
 Wall-clock Time                      : 3 us
 - Non I/O Handling Time (Estimated)  : 3 us
 - I/O Handling Time                  : 0 us
        - Read Syscall                : 0 us
        - Write Syscall               : 0 us
        - Page Fault                  : 0 us
        - io_uring                    : 0 us

-- I/O Counts --
 Read Syscall Count                   : 0
 Write Syscall Count                  : 0
 Block I/O Count                      : 0
 io_uring Completion Count            : 0

-- Total I/O Time (block device) --
 Total Block I/O Time           : 0

-- Page Faults & Bytes --
 Page Fault Count               : 0
 Read Bytes                     : 0
 Write Bytes                    : 0
 Block Read Bytes               : 0
 Block Write Bytes              : 0
[===============================================]

[===============================================]
Result of node_idx 4 in node_object 0: Reciprocal Square Root (NC)

-- Elapsed Time Analysis --
 Wall-clock Time                      : 3 us
 - Non I/O Handling Time (Estimated)  : 3 us
 - I/O Handling Time                  : 0 us
        - Read Syscall                : 0 us
        - Write Syscall               : 0 us
        - Page Fault                  : 0 us
        - io_uring                    : 0 us

-- I/O Counts --
 Read Syscall Count                   : 0
 Write Syscall Count                  : 0
 Block I/O Count                      : 0
 io_uring Completion Count            : 0

-- Total I/O Time (block device) --
 Total Block I/O Time           : 0

-- Page Faults & Bytes --
 Page Fault Count               : 0
 Read Bytes                     : 0
 Write Bytes                    : 0
 Block Read Bytes               : 0
 Block Write Bytes              : 0
[===============================================]

[===============================================]
Result of node_idx 5 in node_object 0: Multiply (ND)

-- Elapsed Time Analysis --
 Wall-clock Time                      : 6 us
 - Non I/O Handling Time (Estimated)  : 6 us
 - I/O Handling Time                  : 0 us
        - Read Syscall                : 0 us
        - Write Syscall               : 0 us
        - Page Fault                  : 0 us
        - io_uring                    : 0 us

-- I/O Counts --
 Read Syscall Count                   : 0
 Write Syscall Count                  : 0
 Block I/O Count                      : 0
 io_uring Completion Count            : 0

-- Total I/O Time (block device) --
 Total Block I/O Time           : 0

-- Page Faults & Bytes --
 Page Fault Count               : 0
 Read Bytes                     : 0
 Write Bytes                    : 0
 Block Read Bytes               : 0
 Block Write Bytes              : 0
[===============================================]

[===============================================]
Result of node_idx 6 in node_object 0: Multiply (ND)

-- Elapsed Time Analysis --
 Wall-clock Time                      : 6 us
 - Non I/O Handling Time (Estimated)  : 6 us
 - I/O Handling Time                  : 0 us
        - Read Syscall                : 0 us
        - Write Syscall               : 0 us
        - Page Fault                  : 0 us
        - io_uring                    : 0 us

-- I/O Counts --
 Read Syscall Count                   : 0
 Write Syscall Count                  : 0
 Block I/O Count                      : 0
 io_uring Completion Count            : 0

-- Total I/O Time (block device) --
 Total Block I/O Time           : 0

-- Page Faults & Bytes --
 Page Fault Count               : 0
 Read Bytes                     : 0
 Write Bytes                    : 0
 Block Read Bytes               : 0
 Block Write Bytes              : 0
[===============================================]

[===============================================]
Result of node_idx 0 in node_object 0: Fully Connected (NC, QDU8, F32, QC8W)

-- Elapsed Time Analysis --
 Wall-clock Time                      : 17 us
 - Non I/O Handling Time (Estimated)  : 17 us
 - I/O Handling Time                  : 0 us
        - Read Syscall                : 0 us
        - Write Syscall               : 0 us
        - Page Fault                  : 0 us
        - io_uring                    : 0 us

-- I/O Counts --
 Read Syscall Count                   : 0
 Write Syscall Count                  : 0
 Block I/O Count                      : 0
 io_uring Completion Count            : 0

-- Total I/O Time (block device) --
 Total Block I/O Time           : 0

-- Page Faults & Bytes --
 Page Fault Count               : 0
 Read Bytes                     : 0
 Write Bytes                    : 0
 Block Read Bytes               : 0
 Block Write Bytes              : 0
[===============================================]

[===============================================]
Result of node_idx 1 in node_object 0: Static Reshape (NC)

-- Elapsed Time Analysis --
 Wall-clock Time                      : 4 us
 - Non I/O Handling Time (Estimated)  : 4 us
 - I/O Handling Time                  : 0 us
        - Read Syscall                : 0 us
        - Write Syscall               : 0 us
        - Page Fault                  : 0 us
        - io_uring                    : 0 us

-- I/O Counts --
 Read Syscall Count                   : 0
 Write Syscall Count                  : 0
 Block I/O Count                      : 0
 io_uring Completion Count            : 0

-- Total I/O Time (block device) --
 Total Block I/O Time           : 0

-- Page Faults & Bytes --
 Page Fault Count               : 0
 Read Bytes                     : 0
 Write Bytes                    : 0
 Block Read Bytes               : 0
 Block Write Bytes              : 0
[===============================================]

[===============================================]
Result of node_idx 2 in node_object 0: Slice (ND, X32)

-- Elapsed Time Analysis --
 Wall-clock Time                      : 7 us
 - Non I/O Handling Time (Estimated)  : 7 us
 - I/O Handling Time                  : 0 us
        - Read Syscall                : 0 us
        - Write Syscall               : 0 us
        - Page Fault                  : 0 us
        - io_uring                    : 0 us

-- I/O Counts --
 Read Syscall Count                   : 0
 Write Syscall Count                  : 0
 Block I/O Count                      : 0
 io_uring Completion Count            : 0

-- Total I/O Time (block device) --
 Total Block I/O Time           : 0

-- Page Faults & Bytes --
 Page Fault Count               : 0
 Read Bytes                     : 0
 Write Bytes                    : 0
 Block Read Bytes               : 0
 Block Write Bytes              : 0
[===============================================]

[===============================================]
Result of node_idx 3 in node_object 0: Slice (ND, X32)

-- Elapsed Time Analysis --
 Wall-clock Time                      : 7 us
 - Non I/O Handling Time (Estimated)  : 7 us
 - I/O Handling Time                  : 0 us
        - Read Syscall                : 0 us
        - Write Syscall               : 0 us
        - Page Fault                  : 0 us
        - io_uring                    : 0 us

-- I/O Counts --
 Read Syscall Count                   : 0
 Write Syscall Count                  : 0
 Block I/O Count                      : 0
 io_uring Completion Count            : 0

-- Total I/O Time (block device) --
 Total Block I/O Time           : 0

-- Page Faults & Bytes --
 Page Fault Count               : 0
 Read Bytes                     : 0
 Write Bytes                    : 0
 Block Read Bytes               : 0
 Block Write Bytes              : 0
[===============================================]

[===============================================]
Result of node_idx 4 in node_object 0: Slice (ND, X32)

-- Elapsed Time Analysis --
 Wall-clock Time                      : 7 us
 - Non I/O Handling Time (Estimated)  : 7 us
 - I/O Handling Time                  : 0 us
        - Read Syscall                : 0 us
        - Write Syscall               : 0 us
        - Page Fault                  : 0 us
        - io_uring                    : 0 us

-- I/O Counts --
 Read Syscall Count                   : 0
 Write Syscall Count                  : 0
 Block I/O Count                      : 0
 io_uring Completion Count            : 0

-- Total I/O Time (block device) --
 Total Block I/O Time           : 0

-- Page Faults & Bytes --
 Page Fault Count               : 0
 Read Bytes                     : 0
 Write Bytes                    : 0
 Block Read Bytes               : 0
 Block Write Bytes              : 0
[===============================================]

[===============================================]
Result of node_idx 5 in node_object 0: Static Reshape (NC)

-- Elapsed Time Analysis --
 Wall-clock Time                      : 4 us
 - Non I/O Handling Time (Estimated)  : 4 us
 - I/O Handling Time                  : 0 us
        - Read Syscall                : 0 us
        - Write Syscall               : 0 us
        - Page Fault                  : 0 us
        - io_uring                    : 0 us

-- I/O Counts --
 Read Syscall Count                   : 0
 Write Syscall Count                  : 0
 Block I/O Count                      : 0
 io_uring Completion Count            : 0

-- Total I/O Time (block device) --
 Total Block I/O Time           : 0

-- Page Faults & Bytes --
 Page Fault Count               : 0
 Read Bytes                     : 0
 Write Bytes                    : 0
 Block Read Bytes               : 0
 Block Write Bytes              : 0
[===============================================]

[===============================================]
Result of node_idx 6 in node_object 0: Slice (ND, X32)

-- Elapsed Time Analysis --
 Wall-clock Time                      : 7 us
 - Non I/O Handling Time (Estimated)  : 7 us
 - I/O Handling Time                  : 0 us
        - Read Syscall                : 0 us
        - Write Syscall               : 0 us
        - Page Fault                  : 0 us
        - io_uring                    : 0 us

-- I/O Counts --
 Read Syscall Count                   : 0
 Write Syscall Count                  : 0
 Block I/O Count                      : 0
 io_uring Completion Count            : 0

-- Total I/O Time (block device) --
 Total Block I/O Time           : 0

-- Page Faults & Bytes --
 Page Fault Count               : 0
 Read Bytes                     : 0
 Write Bytes                    : 0
 Block Read Bytes               : 0
 Block Write Bytes              : 0
[===============================================]

[===============================================]
Result of node_idx 7 in node_object 0: Slice (ND, X32)

-- Elapsed Time Analysis --
 Wall-clock Time                      : 7 us
 - Non I/O Handling Time (Estimated)  : 7 us
 - I/O Handling Time                  : 0 us
        - Read Syscall                : 0 us
        - Write Syscall               : 0 us
        - Page Fault                  : 0 us
        - io_uring                    : 0 us

-- I/O Counts --
 Read Syscall Count                   : 0
 Write Syscall Count                  : 0
 Block I/O Count                      : 0
 io_uring Completion Count            : 0

-- Total I/O Time (block device) --
 Total Block I/O Time           : 0

-- Page Faults & Bytes --
 Page Fault Count               : 0
 Read Bytes                     : 0
 Write Bytes                    : 0
 Block Read Bytes               : 0
 Block Write Bytes              : 0
[===============================================]

[===============================================]
Result of node_idx 8 in node_object 0: Multiply (ND)

-- Elapsed Time Analysis --
 Wall-clock Time                      : 6 us
 - Non I/O Handling Time (Estimated)  : 6 us
 - I/O Handling Time                  : 0 us
        - Read Syscall                : 0 us
        - Write Syscall               : 0 us
        - Page Fault                  : 0 us
        - io_uring                    : 0 us

-- I/O Counts --
 Read Syscall Count                   : 0
 Write Syscall Count                  : 0
 Block I/O Count                      : 0
 io_uring Completion Count            : 0

-- Total I/O Time (block device) --
 Total Block I/O Time           : 0

-- Page Faults & Bytes --
 Page Fault Count               : 0
 Read Bytes                     : 0
 Write Bytes                    : 0
 Block Read Bytes               : 0
 Block Write Bytes              : 0
[===============================================]

[===============================================]
Result of node_idx 9 in node_object 0: Multiply (ND)

-- Elapsed Time Analysis --
 Wall-clock Time                      : 6 us
 - Non I/O Handling Time (Estimated)  : 6 us
 - I/O Handling Time                  : 0 us
        - Read Syscall                : 0 us
        - Write Syscall               : 0 us
        - Page Fault                  : 0 us
        - io_uring                    : 0 us

-- I/O Counts --
 Read Syscall Count                   : 0
 Write Syscall Count                  : 0
 Block I/O Count                      : 0
 io_uring Completion Count            : 0

-- Total I/O Time (block device) --
 Total Block I/O Time           : 0

-- Page Faults & Bytes --
 Page Fault Count               : 0
 Read Bytes                     : 0
 Write Bytes                    : 0
 Block Read Bytes               : 0
 Block Write Bytes              : 0
[===============================================]

[===============================================]
Result of node_idx 10 in node_object 0: Subtract (ND)

-- Elapsed Time Analysis --
 Wall-clock Time                      : 6 us
 - Non I/O Handling Time (Estimated)  : 6 us
 - I/O Handling Time                  : 0 us
        - Read Syscall                : 0 us
        - Write Syscall               : 0 us
        - Page Fault                  : 0 us
        - io_uring                    : 0 us

-- I/O Counts --
 Read Syscall Count                   : 0
 Write Syscall Count                  : 0
 Block I/O Count                      : 0
 io_uring Completion Count            : 0

-- Total I/O Time (block device) --
 Total Block I/O Time           : 0

-- Page Faults & Bytes --
 Page Fault Count               : 0
 Read Bytes                     : 0
 Write Bytes                    : 0
 Block Read Bytes               : 0
 Block Write Bytes              : 0
[===============================================]

[===============================================]
Result of node_idx 11 in node_object 0: Multiply (ND)

-- Elapsed Time Analysis --
 Wall-clock Time                      : 6 us
 - Non I/O Handling Time (Estimated)  : 6 us
 - I/O Handling Time                  : 0 us
        - Read Syscall                : 0 us
        - Write Syscall               : 0 us
        - Page Fault                  : 0 us
        - io_uring                    : 0 us

-- I/O Counts --
 Read Syscall Count                   : 0
 Write Syscall Count                  : 0
 Block I/O Count                      : 0
 io_uring Completion Count            : 0

-- Total I/O Time (block device) --
 Total Block I/O Time           : 0

-- Page Faults & Bytes --
 Page Fault Count               : 0
 Read Bytes                     : 0
 Write Bytes                    : 0
 Block Read Bytes               : 0
 Block Write Bytes              : 0
[===============================================]

[===============================================]
Result of node_idx 12 in node_object 0: Multiply (ND)

-- Elapsed Time Analysis --
 Wall-clock Time                      : 6 us
 - Non I/O Handling Time (Estimated)  : 6 us
 - I/O Handling Time                  : 0 us
        - Read Syscall                : 0 us
        - Write Syscall               : 0 us
        - Page Fault                  : 0 us
        - io_uring                    : 0 us

-- I/O Counts --
 Read Syscall Count                   : 0
 Write Syscall Count                  : 0
 Block I/O Count                      : 0
 io_uring Completion Count            : 0

-- Total I/O Time (block device) --
 Total Block I/O Time           : 0

-- Page Faults & Bytes --
 Page Fault Count               : 0
 Read Bytes                     : 0
 Write Bytes                    : 0
 Block Read Bytes               : 0
 Block Write Bytes              : 0
[===============================================]

[===============================================]
Result of node_idx 13 in node_object 0: Add (ND)

-- Elapsed Time Analysis --
 Wall-clock Time                      : 6 us
 - Non I/O Handling Time (Estimated)  : 6 us
 - I/O Handling Time                  : 0 us
        - Read Syscall                : 0 us
        - Write Syscall               : 0 us
        - Page Fault                  : 0 us
        - io_uring                    : 0 us

-- I/O Counts --
 Read Syscall Count                   : 0
 Write Syscall Count                  : 0
 Block I/O Count                      : 0
 io_uring Completion Count            : 0

-- Total I/O Time (block device) --
 Total Block I/O Time           : 0

-- Page Faults & Bytes --
 Page Fault Count               : 0
 Read Bytes                     : 0
 Write Bytes                    : 0
 Block Read Bytes               : 0
 Block Write Bytes              : 0
[===============================================]

[===============================================]
Result of node_idx 14 in node_object 0: Copy (NC, X32)

-- Elapsed Time Analysis --
 Wall-clock Time                      : 5 us
 - Non I/O Handling Time (Estimated)  : 5 us
 - I/O Handling Time                  : 0 us
        - Read Syscall                : 0 us
        - Write Syscall               : 0 us
        - Page Fault                  : 0 us
        - io_uring                    : 0 us

-- I/O Counts --
 Read Syscall Count                   : 0
 Write Syscall Count                  : 0
 Block I/O Count                      : 0
 io_uring Completion Count            : 0

-- Total I/O Time (block device) --
 Total Block I/O Time           : 0

-- Page Faults & Bytes --
 Page Fault Count               : 0
 Read Bytes                     : 0
 Write Bytes                    : 0
 Block Read Bytes               : 0
 Block Write Bytes              : 0
[===============================================]

[===============================================]
Result of node_idx 14 in node_object 1: Copy (NC, X32)

-- Elapsed Time Analysis --
 Wall-clock Time                      : 6 us
 - Non I/O Handling Time (Estimated)  : 6 us
 - I/O Handling Time                  : 0 us
        - Read Syscall                : 0 us
        - Write Syscall               : 0 us
        - Page Fault                  : 0 us
        - io_uring                    : 0 us

-- I/O Counts --
 Read Syscall Count                   : 0
 Write Syscall Count                  : 0
 Block I/O Count                      : 0
 io_uring Completion Count            : 0

-- Total I/O Time (block device) --
 Total Block I/O Time           : 0

-- Page Faults & Bytes --
 Page Fault Count               : 0
 Read Bytes                     : 0
 Write Bytes                    : 0
 Block Read Bytes               : 0
 Block Write Bytes              : 0
[===============================================]

[===============================================]
Result of node_idx 15 in node_object 0: Static Reshape (NC)

-- Elapsed Time Analysis --
 Wall-clock Time                      : 4 us
 - Non I/O Handling Time (Estimated)  : 4 us
 - I/O Handling Time                  : 0 us
        - Read Syscall                : 0 us
        - Write Syscall               : 0 us
        - Page Fault                  : 0 us
        - io_uring                    : 0 us

-- I/O Counts --
 Read Syscall Count                   : 0
 Write Syscall Count                  : 0
 Block I/O Count                      : 0
 io_uring Completion Count            : 0

-- Total I/O Time (block device) --
 Total Block I/O Time           : 0

-- Page Faults & Bytes --
 Page Fault Count               : 0
 Read Bytes                     : 0
 Write Bytes                    : 0
 Block Read Bytes               : 0
 Block Write Bytes              : 0
[===============================================]

[===============================================]
Result of node_idx 16 in node_object 0: Static Reshape (NC)

-- Elapsed Time Analysis --
 Wall-clock Time                      : 4 us
 - Non I/O Handling Time (Estimated)  : 4 us
 - I/O Handling Time                  : 0 us
        - Read Syscall                : 0 us
        - Write Syscall               : 0 us
        - Page Fault                  : 0 us
        - io_uring                    : 0 us

-- I/O Counts --
 Read Syscall Count                   : 0
 Write Syscall Count                  : 0
 Block I/O Count                      : 0
 io_uring Completion Count            : 0

-- Total I/O Time (block device) --
 Total Block I/O Time           : 0

-- Page Faults & Bytes --
 Page Fault Count               : 0
 Read Bytes                     : 0
 Write Bytes                    : 0
 Block Read Bytes               : 0
 Block Write Bytes              : 0
[===============================================]

[===============================================]
Result of node_idx 17 in node_object 0: Slice (ND, X32)

-- Elapsed Time Analysis --
 Wall-clock Time                      : 7 us
 - Non I/O Handling Time (Estimated)  : 7 us
 - I/O Handling Time                  : 0 us
        - Read Syscall                : 0 us
        - Write Syscall               : 0 us
        - Page Fault                  : 0 us
        - io_uring                    : 0 us

-- I/O Counts --
 Read Syscall Count                   : 0
 Write Syscall Count                  : 0
 Block I/O Count                      : 0
 io_uring Completion Count            : 0

-- Total I/O Time (block device) --
 Total Block I/O Time           : 0

-- Page Faults & Bytes --
 Page Fault Count               : 0
 Read Bytes                     : 0
 Write Bytes                    : 0
 Block Read Bytes               : 0
 Block Write Bytes              : 0
[===============================================]

[===============================================]
Result of node_idx 18 in node_object 0: Slice (ND, X32)

-- Elapsed Time Analysis --
 Wall-clock Time                      : 8 us
 - Non I/O Handling Time (Estimated)  : 8 us
 - I/O Handling Time                  : 0 us
        - Read Syscall                : 0 us
        - Write Syscall               : 0 us
        - Page Fault                  : 0 us
        - io_uring                    : 0 us

-- I/O Counts --
 Read Syscall Count                   : 0
 Write Syscall Count                  : 0
 Block I/O Count                      : 0
 io_uring Completion Count            : 0

-- Total I/O Time (block device) --
 Total Block I/O Time           : 0

-- Page Faults & Bytes --
 Page Fault Count               : 0
 Read Bytes                     : 0
 Write Bytes                    : 0
 Block Read Bytes               : 0
 Block Write Bytes              : 0
[===============================================]

[===============================================]
Result of node_idx 19 in node_object 0: Multiply (ND)

-- Elapsed Time Analysis --
 Wall-clock Time                      : 5 us
 - Non I/O Handling Time (Estimated)  : 5 us
 - I/O Handling Time                  : 0 us
        - Read Syscall                : 0 us
        - Write Syscall               : 0 us
        - Page Fault                  : 0 us
        - io_uring                    : 0 us

-- I/O Counts --
 Read Syscall Count                   : 0
 Write Syscall Count                  : 0
 Block I/O Count                      : 0
 io_uring Completion Count            : 0

-- Total I/O Time (block device) --
 Total Block I/O Time           : 0

-- Page Faults & Bytes --
 Page Fault Count               : 0
 Read Bytes                     : 0
 Write Bytes                    : 0
 Block Read Bytes               : 0
 Block Write Bytes              : 0
[===============================================]

[===============================================]
Result of node_idx 20 in node_object 0: Multiply (ND)

-- Elapsed Time Analysis --
 Wall-clock Time                      : 9 us
 - Non I/O Handling Time (Estimated)  : 9 us
 - I/O Handling Time                  : 0 us
        - Read Syscall                : 0 us
        - Write Syscall               : 0 us
        - Page Fault                  : 0 us
        - io_uring                    : 0 us

-- I/O Counts --
 Read Syscall Count                   : 0
 Write Syscall Count                  : 0
 Block I/O Count                      : 0
 io_uring Completion Count            : 0

-- Total I/O Time (block device) --
 Total Block I/O Time           : 0

-- Page Faults & Bytes --
 Page Fault Count               : 0
 Read Bytes                     : 0
 Write Bytes                    : 0
 Block Read Bytes               : 0
 Block Write Bytes              : 0
[===============================================]

[===============================================]
Result of node_idx 21 in node_object 0: Subtract (ND)

-- Elapsed Time Analysis --
 Wall-clock Time                      : 6 us
 - Non I/O Handling Time (Estimated)  : 6 us
 - I/O Handling Time                  : 0 us
        - Read Syscall                : 0 us
        - Write Syscall               : 0 us
        - Page Fault                  : 0 us
        - io_uring                    : 0 us

-- I/O Counts --
 Read Syscall Count                   : 0
 Write Syscall Count                  : 0
 Block I/O Count                      : 0
 io_uring Completion Count            : 0

-- Total I/O Time (block device) --
 Total Block I/O Time           : 0

-- Page Faults & Bytes --
 Page Fault Count               : 0
 Read Bytes                     : 0
 Write Bytes                    : 0
 Block Read Bytes               : 0
 Block Write Bytes              : 0
[===============================================]

[===============================================]
Result of node_idx 22 in node_object 0: Multiply (ND)

-- Elapsed Time Analysis --
 Wall-clock Time                      : 6 us
 - Non I/O Handling Time (Estimated)  : 6 us
 - I/O Handling Time                  : 0 us
        - Read Syscall                : 0 us
        - Write Syscall               : 0 us
        - Page Fault                  : 0 us
        - io_uring                    : 0 us

-- I/O Counts --
 Read Syscall Count                   : 0
 Write Syscall Count                  : 0
 Block I/O Count                      : 0
 io_uring Completion Count            : 0

-- Total I/O Time (block device) --
 Total Block I/O Time           : 0

-- Page Faults & Bytes --
 Page Fault Count               : 0
 Read Bytes                     : 0
 Write Bytes                    : 0
 Block Read Bytes               : 0
 Block Write Bytes              : 0
[===============================================]

[===============================================]
Result of node_idx 23 in node_object 0: Multiply (ND)

-- Elapsed Time Analysis --
 Wall-clock Time                      : 5 us
 - Non I/O Handling Time (Estimated)  : 5 us
 - I/O Handling Time                  : 0 us
        - Read Syscall                : 0 us
        - Write Syscall               : 0 us
        - Page Fault                  : 0 us
        - io_uring                    : 0 us

-- I/O Counts --
 Read Syscall Count                   : 0
 Write Syscall Count                  : 0
 Block I/O Count                      : 0
 io_uring Completion Count            : 0

-- Total I/O Time (block device) --
 Total Block I/O Time           : 0

-- Page Faults & Bytes --
 Page Fault Count               : 0
 Read Bytes                     : 0
 Write Bytes                    : 0
 Block Read Bytes               : 0
 Block Write Bytes              : 0
[===============================================]

[===============================================]
Result of node_idx 24 in node_object 0: Add (ND)

-- Elapsed Time Analysis --
 Wall-clock Time                      : 6 us
 - Non I/O Handling Time (Estimated)  : 6 us
 - I/O Handling Time                  : 0 us
        - Read Syscall                : 0 us
        - Write Syscall               : 0 us
        - Page Fault                  : 0 us
        - io_uring                    : 0 us

-- I/O Counts --
 Read Syscall Count                   : 0
 Write Syscall Count                  : 0
 Block I/O Count                      : 0
 io_uring Completion Count            : 0

-- Total I/O Time (block device) --
 Total Block I/O Time           : 0

-- Page Faults & Bytes --
 Page Fault Count               : 0
 Read Bytes                     : 0
 Write Bytes                    : 0
 Block Read Bytes               : 0
 Block Write Bytes              : 0
[===============================================]

[===============================================]
Result of node_idx 25 in node_object 0: Copy (NC, X32)

-- Elapsed Time Analysis --
 Wall-clock Time                      : 5 us
 - Non I/O Handling Time (Estimated)  : 5 us
 - I/O Handling Time                  : 0 us
        - Read Syscall                : 0 us
        - Write Syscall               : 0 us
        - Page Fault                  : 0 us
        - io_uring                    : 0 us

-- I/O Counts --
 Read Syscall Count                   : 0
 Write Syscall Count                  : 0
 Block I/O Count                      : 0
 io_uring Completion Count            : 0

-- Total I/O Time (block device) --
 Total Block I/O Time           : 0

-- Page Faults & Bytes --
 Page Fault Count               : 0
 Read Bytes                     : 0
 Write Bytes                    : 0
 Block Read Bytes               : 0
 Block Write Bytes              : 0
[===============================================]

[===============================================]
Result of node_idx 25 in node_object 1: Copy (NC, X32)

-- Elapsed Time Analysis --
 Wall-clock Time                      : 5 us
 - Non I/O Handling Time (Estimated)  : 5 us
 - I/O Handling Time                  : 0 us
        - Read Syscall                : 0 us
        - Write Syscall               : 0 us
        - Page Fault                  : 0 us
        - io_uring                    : 0 us

-- I/O Counts --
 Read Syscall Count                   : 0
 Write Syscall Count                  : 0
 Block I/O Count                      : 0
 io_uring Completion Count            : 0

-- Total I/O Time (block device) --
 Total Block I/O Time           : 0

-- Page Faults & Bytes --
 Page Fault Count               : 0
 Read Bytes                     : 0
 Write Bytes                    : 0
 Block Read Bytes               : 0
 Block Write Bytes              : 0
[===============================================]

[===============================================]
Result of node_idx 26 in node_object 0: Static Reshape (NC)

-- Elapsed Time Analysis --
 Wall-clock Time                      : 4 us
 - Non I/O Handling Time (Estimated)  : 4 us
 - I/O Handling Time                  : 0 us
        - Read Syscall                : 0 us
        - Write Syscall               : 0 us
        - Page Fault                  : 0 us
        - io_uring                    : 0 us

-- I/O Counts --
 Read Syscall Count                   : 0
 Write Syscall Count                  : 0
 Block I/O Count                      : 0
 io_uring Completion Count            : 0

-- Total I/O Time (block device) --
 Total Block I/O Time           : 0

-- Page Faults & Bytes --
 Page Fault Count               : 0
 Read Bytes                     : 0
 Write Bytes                    : 0
 Block Read Bytes               : 0
 Block Write Bytes              : 0
[===============================================]

[===============================================]
Result of node_idx 0 in node_object 0: Multiply (ND)

-- Elapsed Time Analysis --
 Wall-clock Time                      : 4 us
 - Non I/O Handling Time (Estimated)  : 4 us
 - I/O Handling Time                  : 0 us
        - Read Syscall                : 0 us
        - Write Syscall               : 0 us
        - Page Fault                  : 0 us
        - io_uring                    : 0 us

-- I/O Counts --
 Read Syscall Count                   : 0
 Write Syscall Count                  : 0
 Block I/O Count                      : 0
 io_uring Completion Count            : 0

-- Total I/O Time (block device) --
 Total Block I/O Time           : 0

-- Page Faults & Bytes --
 Page Fault Count               : 0
 Read Bytes                     : 0
 Write Bytes                    : 0
 Block Read Bytes               : 0
 Block Write Bytes              : 0
[===============================================]

[===============================================]
Result of node_idx 1 in node_object 0: Transpose (ND, X32)

-- Elapsed Time Analysis --
 Wall-clock Time                      : 4 us
 - Non I/O Handling Time (Estimated)  : 4 us
 - I/O Handling Time                  : 0 us
        - Read Syscall                : 0 us
        - Write Syscall               : 0 us
        - Page Fault                  : 0 us
        - io_uring                    : 0 us

-- I/O Counts --
 Read Syscall Count                   : 0
 Write Syscall Count                  : 0
 Block I/O Count                      : 0
 io_uring Completion Count            : 0

-- Total I/O Time (block device) --
 Total Block I/O Time           : 0

-- Page Faults & Bytes --
 Page Fault Count               : 0
 Read Bytes                     : 0
 Write Bytes                    : 0
 Block Read Bytes               : 0
 Block Write Bytes              : 0
[===============================================]

[===============================================]
Result of node_idx 2 in node_object 0: Transpose (ND, X32)

-- Elapsed Time Analysis --
 Wall-clock Time                      : 27 us
 - Non I/O Handling Time (Estimated)  : 27 us
 - I/O Handling Time                  : 0 us
        - Read Syscall                : 0 us
        - Write Syscall               : 0 us
        - Page Fault                  : 0 us
        - io_uring                    : 0 us

-- I/O Counts --
 Read Syscall Count                   : 0
 Write Syscall Count                  : 0
 Block I/O Count                      : 0
 io_uring Completion Count            : 0

-- Total I/O Time (block device) --
 Total Block I/O Time           : 0

-- Page Faults & Bytes --
 Page Fault Count               : 0
 Read Bytes                     : 0
 Write Bytes                    : 0
 Block Read Bytes               : 0
 Block Write Bytes              : 0
[===============================================]

[===============================================]
Result of node_idx 3 in node_object 0: Static Reshape (NC)

-- Elapsed Time Analysis --
 Wall-clock Time                      : 3 us
 - Non I/O Handling Time (Estimated)  : 3 us
 - I/O Handling Time                  : 0 us
        - Read Syscall                : 0 us
        - Write Syscall               : 0 us
        - Page Fault                  : 0 us
        - io_uring                    : 0 us

-- I/O Counts --
 Read Syscall Count                   : 0
 Write Syscall Count                  : 0
 Block I/O Count                      : 0
 io_uring Completion Count            : 0

-- Total I/O Time (block device) --
 Total Block I/O Time           : 0

-- Page Faults & Bytes --
 Page Fault Count               : 0
 Read Bytes                     : 0
 Write Bytes                    : 0
 Block Read Bytes               : 0
 Block Write Bytes              : 0
[===============================================]

[===============================================]
Result of node_idx 4 in node_object 0: Static Reshape (NC)

-- Elapsed Time Analysis --
 Wall-clock Time                      : 3 us
 - Non I/O Handling Time (Estimated)  : 3 us
 - I/O Handling Time                  : 0 us
        - Read Syscall                : 0 us
        - Write Syscall               : 0 us
        - Page Fault                  : 0 us
        - io_uring                    : 0 us

-- I/O Counts --
 Read Syscall Count                   : 0
 Write Syscall Count                  : 0
 Block I/O Count                      : 0
 io_uring Completion Count            : 0

-- Total I/O Time (block device) --
 Total Block I/O Time           : 0

-- Page Faults & Bytes --
 Page Fault Count               : 0
 Read Bytes                     : 0
 Write Bytes                    : 0
 Block Read Bytes               : 0
 Block Write Bytes              : 0
[===============================================]

[===============================================]
Result of node_idx 5 in node_object 0: Batch Matrix Multiply (NC, F32)

-- Elapsed Time Analysis --
 Wall-clock Time                      : 54 us
 - Non I/O Handling Time (Estimated)  : 54 us
 - I/O Handling Time                  : 0 us
        - Read Syscall                : 0 us
        - Write Syscall               : 0 us
        - Page Fault                  : 0 us
        - io_uring                    : 0 us

-- I/O Counts --
 Read Syscall Count                   : 0
 Write Syscall Count                  : 0
 Block I/O Count                      : 0
 io_uring Completion Count            : 0

-- Total I/O Time (block device) --
 Total Block I/O Time           : 0

-- Page Faults & Bytes --
 Page Fault Count               : 0
 Read Bytes                     : 0
 Write Bytes                    : 0
 Block Read Bytes               : 0
 Block Write Bytes              : 0
[===============================================]

[===============================================]
Result of node_idx 6 in node_object 0: Static Reshape (NC)

-- Elapsed Time Analysis --
 Wall-clock Time                      : 3 us
 - Non I/O Handling Time (Estimated)  : 3 us
 - I/O Handling Time                  : 0 us
        - Read Syscall                : 0 us
        - Write Syscall               : 0 us
        - Page Fault                  : 0 us
        - io_uring                    : 0 us

-- I/O Counts --
 Read Syscall Count                   : 0
 Write Syscall Count                  : 0
 Block I/O Count                      : 0
 io_uring Completion Count            : 0

-- Total I/O Time (block device) --
 Total Block I/O Time           : 0

-- Page Faults & Bytes --
 Page Fault Count               : 0
 Read Bytes                     : 0
 Write Bytes                    : 0
 Block Read Bytes               : 0
 Block Write Bytes              : 0
[===============================================]

[===============================================]
Result of node_idx 7 in node_object 0: Add (ND)

-- Elapsed Time Analysis --
 Wall-clock Time                      : 6 us
 - Non I/O Handling Time (Estimated)  : 6 us
 - I/O Handling Time                  : 0 us
        - Read Syscall                : 0 us
        - Write Syscall               : 0 us
        - Page Fault                  : 0 us
        - io_uring                    : 0 us

-- I/O Counts --
 Read Syscall Count                   : 0
 Write Syscall Count                  : 0
 Block I/O Count                      : 0
 io_uring Completion Count            : 0

-- Total I/O Time (block device) --
 Total Block I/O Time           : 0

-- Page Faults & Bytes --
 Page Fault Count               : 0
 Read Bytes                     : 0
 Write Bytes                    : 0
 Block Read Bytes               : 0
 Block Write Bytes              : 0
[===============================================]

[===============================================]
Result of node_idx 8 in node_object 0: Softmax (NC, F32)

-- Elapsed Time Analysis --
 Wall-clock Time                      : 8 us
 - Non I/O Handling Time (Estimated)  : 8 us
 - I/O Handling Time                  : 0 us
        - Read Syscall                : 0 us
        - Write Syscall               : 0 us
        - Page Fault                  : 0 us
        - io_uring                    : 0 us

-- I/O Counts --
 Read Syscall Count                   : 0
 Write Syscall Count                  : 0
 Block I/O Count                      : 0
 io_uring Completion Count            : 0

-- Total I/O Time (block device) --
 Total Block I/O Time           : 0

-- Page Faults & Bytes --
 Page Fault Count               : 0
 Read Bytes                     : 0
 Write Bytes                    : 0
 Block Read Bytes               : 0
 Block Write Bytes              : 0
[===============================================]

[===============================================]
Result of node_idx 9 in node_object 0: Transpose (ND, X32)

-- Elapsed Time Analysis --
 Wall-clock Time                      : 36 us
 - Non I/O Handling Time (Estimated)  : 36 us
 - I/O Handling Time                  : 0 us
        - Read Syscall                : 0 us
        - Write Syscall               : 0 us
        - Page Fault                  : 0 us
        - io_uring                    : 0 us

-- I/O Counts --
 Read Syscall Count                   : 0
 Write Syscall Count                  : 0
 Block I/O Count                      : 0
 io_uring Completion Count            : 0

-- Total I/O Time (block device) --
 Total Block I/O Time           : 0

-- Page Faults & Bytes --
 Page Fault Count               : 0
 Read Bytes                     : 0
 Write Bytes                    : 0
 Block Read Bytes               : 0
 Block Write Bytes              : 0
[===============================================]

[===============================================]
Result of node_idx 10 in node_object 0: Static Reshape (NC)

-- Elapsed Time Analysis --
 Wall-clock Time                      : 3 us
 - Non I/O Handling Time (Estimated)  : 3 us
 - I/O Handling Time                  : 0 us
        - Read Syscall                : 0 us
        - Write Syscall               : 0 us
        - Page Fault                  : 0 us
        - io_uring                    : 0 us

-- I/O Counts --
 Read Syscall Count                   : 0
 Write Syscall Count                  : 0
 Block I/O Count                      : 0
 io_uring Completion Count            : 0

-- Total I/O Time (block device) --
 Total Block I/O Time           : 0

-- Page Faults & Bytes --
 Page Fault Count               : 0
 Read Bytes                     : 0
 Write Bytes                    : 0
 Block Read Bytes               : 0
 Block Write Bytes              : 0
[===============================================]

[===============================================]
Result of node_idx 11 in node_object 0: Static Reshape (NC)

-- Elapsed Time Analysis --
 Wall-clock Time                      : 3 us
 - Non I/O Handling Time (Estimated)  : 3 us
 - I/O Handling Time                  : 0 us
        - Read Syscall                : 0 us
        - Write Syscall               : 0 us
        - Page Fault                  : 0 us
        - io_uring                    : 0 us

-- I/O Counts --
 Read Syscall Count                   : 0
 Write Syscall Count                  : 0
 Block I/O Count                      : 0
 io_uring Completion Count            : 0

-- Total I/O Time (block device) --
 Total Block I/O Time           : 0

-- Page Faults & Bytes --
 Page Fault Count               : 0
 Read Bytes                     : 0
 Write Bytes                    : 0
 Block Read Bytes               : 0
 Block Write Bytes              : 0
[===============================================]

[===============================================]
Result of node_idx 12 in node_object 0: Batch Matrix Multiply (NC, F32)

-- Elapsed Time Analysis --
 Wall-clock Time                      : 50 us
 - Non I/O Handling Time (Estimated)  : 50 us
 - I/O Handling Time                  : 0 us
        - Read Syscall                : 0 us
        - Write Syscall               : 0 us
        - Page Fault                  : 0 us
        - io_uring                    : 0 us

-- I/O Counts --
 Read Syscall Count                   : 0
 Write Syscall Count                  : 0
 Block I/O Count                      : 0
 io_uring Completion Count            : 0

-- Total I/O Time (block device) --
 Total Block I/O Time           : 0

-- Page Faults & Bytes --
 Page Fault Count               : 0
 Read Bytes                     : 0
 Write Bytes                    : 0
 Block Read Bytes               : 0
 Block Write Bytes              : 0
[===============================================]

[===============================================]
Result of node_idx 13 in node_object 0: Static Reshape (NC)

-- Elapsed Time Analysis --
 Wall-clock Time                      : 4 us
 - Non I/O Handling Time (Estimated)  : 4 us
 - I/O Handling Time                  : 0 us
        - Read Syscall                : 0 us
        - Write Syscall               : 0 us
        - Page Fault                  : 0 us
        - io_uring                    : 0 us

-- I/O Counts --
 Read Syscall Count                   : 0
 Write Syscall Count                  : 0
 Block I/O Count                      : 0
 io_uring Completion Count            : 0

-- Total I/O Time (block device) --
 Total Block I/O Time           : 0

-- Page Faults & Bytes --
 Page Fault Count               : 0
 Read Bytes                     : 0
 Write Bytes                    : 0
 Block Read Bytes               : 0
 Block Write Bytes              : 0
[===============================================]

[===============================================]
Result of node_idx 14 in node_object 0: Transpose (ND, X32)

-- Elapsed Time Analysis --
 Wall-clock Time                      : 4 us
 - Non I/O Handling Time (Estimated)  : 4 us
 - I/O Handling Time                  : 0 us
        - Read Syscall                : 0 us
        - Write Syscall               : 0 us
        - Page Fault                  : 0 us
        - io_uring                    : 0 us

-- I/O Counts --
 Read Syscall Count                   : 0
 Write Syscall Count                  : 0
 Block I/O Count                      : 0
 io_uring Completion Count            : 0

-- Total I/O Time (block device) --
 Total Block I/O Time           : 0

-- Page Faults & Bytes --
 Page Fault Count               : 0
 Read Bytes                     : 0
 Write Bytes                    : 0
 Block Read Bytes               : 0
 Block Write Bytes              : 0
[===============================================]

[===============================================]
Result of node_idx 15 in node_object 0: Static Reshape (NC)

-- Elapsed Time Analysis --
 Wall-clock Time                      : 3 us
 - Non I/O Handling Time (Estimated)  : 3 us
 - I/O Handling Time                  : 0 us
        - Read Syscall                : 0 us
        - Write Syscall               : 0 us
        - Page Fault                  : 0 us
        - io_uring                    : 0 us

-- I/O Counts --
 Read Syscall Count                   : 0
 Write Syscall Count                  : 0
 Block I/O Count                      : 0
 io_uring Completion Count            : 0

-- Total I/O Time (block device) --
 Total Block I/O Time           : 0

-- Page Faults & Bytes --
 Page Fault Count               : 0
 Read Bytes                     : 0
 Write Bytes                    : 0
 Block Read Bytes               : 0
 Block Write Bytes              : 0
[===============================================]

[===============================================]
Result of node_idx 16 in node_object 0: Fully Connected (NC, QDU8, F32, QC8W)

-- Elapsed Time Analysis --
 Wall-clock Time                      : 11 us
 - Non I/O Handling Time (Estimated)  : 11 us
 - I/O Handling Time                  : 0 us
        - Read Syscall                : 0 us
        - Write Syscall               : 0 us
        - Page Fault                  : 0 us
        - io_uring                    : 0 us

-- I/O Counts --
 Read Syscall Count                   : 0
 Write Syscall Count                  : 0
 Block I/O Count                      : 0
 io_uring Completion Count            : 0

-- Total I/O Time (block device) --
 Total Block I/O Time           : 0

-- Page Faults & Bytes --
 Page Fault Count               : 0
 Read Bytes                     : 0
 Write Bytes                    : 0
 Block Read Bytes               : 0
 Block Write Bytes              : 0
[===============================================]

[===============================================]
Result of node_idx 17 in node_object 0: Add (ND)

-- Elapsed Time Analysis --
 Wall-clock Time                      : 6 us
 - Non I/O Handling Time (Estimated)  : 6 us
 - I/O Handling Time                  : 0 us
        - Read Syscall                : 0 us
        - Write Syscall               : 0 us
        - Page Fault                  : 0 us
        - io_uring                    : 0 us

-- I/O Counts --
 Read Syscall Count                   : 0
 Write Syscall Count                  : 0
 Block I/O Count                      : 0
 io_uring Completion Count            : 0

-- Total I/O Time (block device) --
 Total Block I/O Time           : 0

-- Page Faults & Bytes --
 Page Fault Count               : 0
 Read Bytes                     : 0
 Write Bytes                    : 0
 Block Read Bytes               : 0
 Block Write Bytes              : 0
[===============================================]

[===============================================]
Result of node_idx 0 in node_object 0: Multiply (ND)

-- Elapsed Time Analysis --
 Wall-clock Time                      : 10 us
 - Non I/O Handling Time (Estimated)  : 10 us
 - I/O Handling Time                  : 0 us
        - Read Syscall                : 0 us
        - Write Syscall               : 0 us
        - Page Fault                  : 0 us
        - io_uring                    : 0 us

-- I/O Counts --
 Read Syscall Count                   : 0
 Write Syscall Count                  : 0
 Block I/O Count                      : 0
 io_uring Completion Count            : 0

-- Total I/O Time (block device) --
 Total Block I/O Time           : 0

-- Page Faults & Bytes --
 Page Fault Count               : 0
 Read Bytes                     : 0
 Write Bytes                    : 0
 Block Read Bytes               : 0
 Block Write Bytes              : 0
[===============================================]

[===============================================]
Result of node_idx 1 in node_object 0: Sum (ND)

-- Elapsed Time Analysis --
 Wall-clock Time                      : 4 us
 - Non I/O Handling Time (Estimated)  : 4 us
 - I/O Handling Time                  : 0 us
        - Read Syscall                : 0 us
        - Write Syscall               : 0 us
        - Page Fault                  : 0 us
        - io_uring                    : 0 us

-- I/O Counts --
 Read Syscall Count                   : 0
 Write Syscall Count                  : 0
 Block I/O Count                      : 0
 io_uring Completion Count            : 0

-- Total I/O Time (block device) --
 Total Block I/O Time           : 0

-- Page Faults & Bytes --
 Page Fault Count               : 0
 Read Bytes                     : 0
 Write Bytes                    : 0
 Block Read Bytes               : 0
 Block Write Bytes              : 0
[===============================================]

[===============================================]
Result of node_idx 2 in node_object 0: Multiply (ND)

-- Elapsed Time Analysis --
 Wall-clock Time                      : 4 us
 - Non I/O Handling Time (Estimated)  : 4 us
 - I/O Handling Time                  : 0 us
        - Read Syscall                : 0 us
        - Write Syscall               : 0 us
        - Page Fault                  : 0 us
        - io_uring                    : 0 us

-- I/O Counts --
 Read Syscall Count                   : 0
 Write Syscall Count                  : 0
 Block I/O Count                      : 0
 io_uring Completion Count            : 0

-- Total I/O Time (block device) --
 Total Block I/O Time           : 0

-- Page Faults & Bytes --
 Page Fault Count               : 0
 Read Bytes                     : 0
 Write Bytes                    : 0
 Block Read Bytes               : 0
 Block Write Bytes              : 0
[===============================================]

[===============================================]
Result of node_idx 3 in node_object 0: Add (ND)

-- Elapsed Time Analysis --
 Wall-clock Time                      : 3 us
 - Non I/O Handling Time (Estimated)  : 3 us
 - I/O Handling Time                  : 0 us
        - Read Syscall                : 0 us
        - Write Syscall               : 0 us
        - Page Fault                  : 0 us
        - io_uring                    : 0 us

-- I/O Counts --
 Read Syscall Count                   : 0
 Write Syscall Count                  : 0
 Block I/O Count                      : 0
 io_uring Completion Count            : 0

-- Total I/O Time (block device) --
 Total Block I/O Time           : 0

-- Page Faults & Bytes --
 Page Fault Count               : 0
 Read Bytes                     : 0
 Write Bytes                    : 0
 Block Read Bytes               : 0
 Block Write Bytes              : 0
[===============================================]

[===============================================]
Result of node_idx 4 in node_object 0: Reciprocal Square Root (NC)

-- Elapsed Time Analysis --
 Wall-clock Time                      : 4 us
 - Non I/O Handling Time (Estimated)  : 4 us
 - I/O Handling Time                  : 0 us
        - Read Syscall                : 0 us
        - Write Syscall               : 0 us
        - Page Fault                  : 0 us
        - io_uring                    : 0 us

-- I/O Counts --
 Read Syscall Count                   : 0
 Write Syscall Count                  : 0
 Block I/O Count                      : 0
 io_uring Completion Count            : 0

-- Total I/O Time (block device) --
 Total Block I/O Time           : 0

-- Page Faults & Bytes --
 Page Fault Count               : 0
 Read Bytes                     : 0
 Write Bytes                    : 0
 Block Read Bytes               : 0
 Block Write Bytes              : 0
[===============================================]

[===============================================]
Result of node_idx 5 in node_object 0: Multiply (ND)

-- Elapsed Time Analysis --
 Wall-clock Time                      : 6 us
 - Non I/O Handling Time (Estimated)  : 6 us
 - I/O Handling Time                  : 0 us
        - Read Syscall                : 0 us
        - Write Syscall               : 0 us
        - Page Fault                  : 0 us
        - io_uring                    : 0 us

-- I/O Counts --
 Read Syscall Count                   : 0
 Write Syscall Count                  : 0
 Block I/O Count                      : 0
 io_uring Completion Count            : 0

-- Total I/O Time (block device) --
 Total Block I/O Time           : 0

-- Page Faults & Bytes --
 Page Fault Count               : 0
 Read Bytes                     : 0
 Write Bytes                    : 0
 Block Read Bytes               : 0
 Block Write Bytes              : 0
[===============================================]

[===============================================]
Result of node_idx 6 in node_object 0: Multiply (ND)

-- Elapsed Time Analysis --
 Wall-clock Time                      : 6 us
 - Non I/O Handling Time (Estimated)  : 6 us
 - I/O Handling Time                  : 0 us
        - Read Syscall                : 0 us
        - Write Syscall               : 0 us
        - Page Fault                  : 0 us
        - io_uring                    : 0 us

-- I/O Counts --
 Read Syscall Count                   : 0
 Write Syscall Count                  : 0
 Block I/O Count                      : 0
 io_uring Completion Count            : 0

-- Total I/O Time (block device) --
 Total Block I/O Time           : 0

-- Page Faults & Bytes --
 Page Fault Count               : 0
 Read Bytes                     : 0
 Write Bytes                    : 0
 Block Read Bytes               : 0
 Block Write Bytes              : 0
[===============================================]

[===============================================]
Result of node_idx 0 in node_object 0: Fully Connected (NC, QDU8, F32, QC8W)

-- Elapsed Time Analysis --
 Wall-clock Time                      : 24 us
 - Non I/O Handling Time (Estimated)  : 24 us
 - I/O Handling Time                  : 0 us
        - Read Syscall                : 0 us
        - Write Syscall               : 0 us
        - Page Fault                  : 0 us
        - io_uring                    : 0 us

-- I/O Counts --
 Read Syscall Count                   : 0
 Write Syscall Count                  : 0
 Block I/O Count                      : 0
 io_uring Completion Count            : 0

-- Total I/O Time (block device) --
 Total Block I/O Time           : 0

-- Page Faults & Bytes --
 Page Fault Count               : 0
 Read Bytes                     : 0
 Write Bytes                    : 0
 Block Read Bytes               : 0
 Block Write Bytes              : 0
[===============================================]

[===============================================]
Result of node_idx 1 in node_object 0: Sigmoid (NC)

-- Elapsed Time Analysis --
 Wall-clock Time                      : 6 us
 - Non I/O Handling Time (Estimated)  : 6 us
 - I/O Handling Time                  : 0 us
        - Read Syscall                : 0 us
        - Write Syscall               : 0 us
        - Page Fault                  : 0 us
        - io_uring                    : 0 us

-- I/O Counts --
 Read Syscall Count                   : 0
 Write Syscall Count                  : 0
 Block I/O Count                      : 0
 io_uring Completion Count            : 0

-- Total I/O Time (block device) --
 Total Block I/O Time           : 0

-- Page Faults & Bytes --
 Page Fault Count               : 0
 Read Bytes                     : 0
 Write Bytes                    : 0
 Block Read Bytes               : 0
 Block Write Bytes              : 0
[===============================================]

[===============================================]
Result of node_idx 2 in node_object 0: Multiply (ND)

-- Elapsed Time Analysis --
 Wall-clock Time                      : 7 us
 - Non I/O Handling Time (Estimated)  : 7 us
 - I/O Handling Time                  : 0 us
        - Read Syscall                : 0 us
        - Write Syscall               : 0 us
        - Page Fault                  : 0 us
        - io_uring                    : 0 us

-- I/O Counts --
 Read Syscall Count                   : 0
 Write Syscall Count                  : 0
 Block I/O Count                      : 0
 io_uring Completion Count            : 0

-- Total I/O Time (block device) --
 Total Block I/O Time           : 0

-- Page Faults & Bytes --
 Page Fault Count               : 0
 Read Bytes                     : 0
 Write Bytes                    : 0
 Block Read Bytes               : 0
 Block Write Bytes              : 0
[===============================================]

[===============================================]
Result of node_idx 3 in node_object 0: Fully Connected (NC, QDU8, F32, QC8W)

-- Elapsed Time Analysis --
 Wall-clock Time                      : 25 us
 - Non I/O Handling Time (Estimated)  : 25 us
 - I/O Handling Time                  : 0 us
        - Read Syscall                : 0 us
        - Write Syscall               : 0 us
        - Page Fault                  : 0 us
        - io_uring                    : 0 us

-- I/O Counts --
 Read Syscall Count                   : 0
 Write Syscall Count                  : 0
 Block I/O Count                      : 0
 io_uring Completion Count            : 0

-- Total I/O Time (block device) --
 Total Block I/O Time           : 0

-- Page Faults & Bytes --
 Page Fault Count               : 0
 Read Bytes                     : 0
 Write Bytes                    : 0
 Block Read Bytes               : 0
 Block Write Bytes              : 0
[===============================================]

[===============================================]
Result of node_idx 4 in node_object 0: Multiply (ND)

-- Elapsed Time Analysis --
 Wall-clock Time                      : 7 us
 - Non I/O Handling Time (Estimated)  : 7 us
 - I/O Handling Time                  : 0 us
        - Read Syscall                : 0 us
        - Write Syscall               : 0 us
        - Page Fault                  : 0 us
        - io_uring                    : 0 us

-- I/O Counts --
 Read Syscall Count                   : 0
 Write Syscall Count                  : 0
 Block I/O Count                      : 0
 io_uring Completion Count            : 0

-- Total I/O Time (block device) --
 Total Block I/O Time           : 0

-- Page Faults & Bytes --
 Page Fault Count               : 0
 Read Bytes                     : 0
 Write Bytes                    : 0
 Block Read Bytes               : 0
 Block Write Bytes              : 0
[===============================================]

[===============================================]
Result of node_idx 5 in node_object 0: Fully Connected (NC, QDU8, F32, QC8W)

-- Elapsed Time Analysis --
 Wall-clock Time                      : 22 us
 - Non I/O Handling Time (Estimated)  : 22 us
 - I/O Handling Time                  : 0 us
        - Read Syscall                : 0 us
        - Write Syscall               : 0 us
        - Page Fault                  : 0 us
        - io_uring                    : 0 us

-- I/O Counts --
 Read Syscall Count                   : 0
 Write Syscall Count                  : 0
 Block I/O Count                      : 0
 io_uring Completion Count            : 0

-- Total I/O Time (block device) --
 Total Block I/O Time           : 0

-- Page Faults & Bytes --
 Page Fault Count               : 0
 Read Bytes                     : 0
 Write Bytes                    : 0
 Block Read Bytes               : 0
 Block Write Bytes              : 0
[===============================================]

[===============================================]
Result of node_idx 6 in node_object 0: Add (ND)

-- Elapsed Time Analysis --
 Wall-clock Time                      : 28 us
 - Non I/O Handling Time (Estimated)  : 28 us
 - I/O Handling Time                  : 0 us
        - Read Syscall                : 0 us
        - Write Syscall               : 0 us
        - Page Fault                  : 0 us
        - io_uring                    : 0 us

-- I/O Counts --
 Read Syscall Count                   : 0
 Write Syscall Count                  : 0
 Block I/O Count                      : 0
 io_uring Completion Count            : 0

-- Total I/O Time (block device) --
 Total Block I/O Time           : 0

-- Page Faults & Bytes --
 Page Fault Count               : 0
 Read Bytes                     : 0
 Write Bytes                    : 0
 Block Read Bytes               : 0
 Block Write Bytes              : 0
[===============================================]

[===============================================]
Result of node_idx 0 in node_object 0: Multiply (ND)

-- Elapsed Time Analysis --
 Wall-clock Time                      : 10 us
 - Non I/O Handling Time (Estimated)  : 10 us
 - I/O Handling Time                  : 0 us
        - Read Syscall                : 0 us
        - Write Syscall               : 0 us
        - Page Fault                  : 0 us
        - io_uring                    : 0 us

-- I/O Counts --
 Read Syscall Count                   : 0
 Write Syscall Count                  : 0
 Block I/O Count                      : 0
 io_uring Completion Count            : 0

-- Total I/O Time (block device) --
 Total Block I/O Time           : 0

-- Page Faults & Bytes --
 Page Fault Count               : 0
 Read Bytes                     : 0
 Write Bytes                    : 0
 Block Read Bytes               : 0
 Block Write Bytes              : 0
[===============================================]

[===============================================]
Result of node_idx 1 in node_object 0: Sum (ND)

-- Elapsed Time Analysis --
 Wall-clock Time                      : 4 us
 - Non I/O Handling Time (Estimated)  : 4 us
 - I/O Handling Time                  : 0 us
        - Read Syscall                : 0 us
        - Write Syscall               : 0 us
        - Page Fault                  : 0 us
        - io_uring                    : 0 us

-- I/O Counts --
 Read Syscall Count                   : 0
 Write Syscall Count                  : 0
 Block I/O Count                      : 0
 io_uring Completion Count            : 0

-- Total I/O Time (block device) --
 Total Block I/O Time           : 0

-- Page Faults & Bytes --
 Page Fault Count               : 0
 Read Bytes                     : 0
 Write Bytes                    : 0
 Block Read Bytes               : 0
 Block Write Bytes              : 0
[===============================================]

[===============================================]
Result of node_idx 2 in node_object 0: Multiply (ND)

-- Elapsed Time Analysis --
 Wall-clock Time                      : 4 us
 - Non I/O Handling Time (Estimated)  : 4 us
 - I/O Handling Time                  : 0 us
        - Read Syscall                : 0 us
        - Write Syscall               : 0 us
        - Page Fault                  : 0 us
        - io_uring                    : 0 us

-- I/O Counts --
 Read Syscall Count                   : 0
 Write Syscall Count                  : 0
 Block I/O Count                      : 0
 io_uring Completion Count            : 0

-- Total I/O Time (block device) --
 Total Block I/O Time           : 0

-- Page Faults & Bytes --
 Page Fault Count               : 0
 Read Bytes                     : 0
 Write Bytes                    : 0
 Block Read Bytes               : 0
 Block Write Bytes              : 0
[===============================================]

[===============================================]
Result of node_idx 3 in node_object 0: Add (ND)

-- Elapsed Time Analysis --
 Wall-clock Time                      : 4 us
 - Non I/O Handling Time (Estimated)  : 4 us
 - I/O Handling Time                  : 0 us
        - Read Syscall                : 0 us
        - Write Syscall               : 0 us
        - Page Fault                  : 0 us
        - io_uring                    : 0 us

-- I/O Counts --
 Read Syscall Count                   : 0
 Write Syscall Count                  : 0
 Block I/O Count                      : 0
 io_uring Completion Count            : 0

-- Total I/O Time (block device) --
 Total Block I/O Time           : 0

-- Page Faults & Bytes --
 Page Fault Count               : 0
 Read Bytes                     : 0
 Write Bytes                    : 0
 Block Read Bytes               : 0
 Block Write Bytes              : 0
[===============================================]

[===============================================]
Result of node_idx 4 in node_object 0: Reciprocal Square Root (NC)

-- Elapsed Time Analysis --
 Wall-clock Time                      : 4 us
 - Non I/O Handling Time (Estimated)  : 4 us
 - I/O Handling Time                  : 0 us
        - Read Syscall                : 0 us
        - Write Syscall               : 0 us
        - Page Fault                  : 0 us
        - io_uring                    : 0 us

-- I/O Counts --
 Read Syscall Count                   : 0
 Write Syscall Count                  : 0
 Block I/O Count                      : 0
 io_uring Completion Count            : 0

-- Total I/O Time (block device) --
 Total Block I/O Time           : 0

-- Page Faults & Bytes --
 Page Fault Count               : 0
 Read Bytes                     : 0
 Write Bytes                    : 0
 Block Read Bytes               : 0
 Block Write Bytes              : 0
[===============================================]

[===============================================]
Result of node_idx 5 in node_object 0: Multiply (ND)

-- Elapsed Time Analysis --
 Wall-clock Time                      : 6 us
 - Non I/O Handling Time (Estimated)  : 6 us
 - I/O Handling Time                  : 0 us
        - Read Syscall                : 0 us
        - Write Syscall               : 0 us
        - Page Fault                  : 0 us
        - io_uring                    : 0 us

-- I/O Counts --
 Read Syscall Count                   : 0
 Write Syscall Count                  : 0
 Block I/O Count                      : 0
 io_uring Completion Count            : 0

-- Total I/O Time (block device) --
 Total Block I/O Time           : 0

-- Page Faults & Bytes --
 Page Fault Count               : 0
 Read Bytes                     : 0
 Write Bytes                    : 0
 Block Read Bytes               : 0
 Block Write Bytes              : 0
[===============================================]

[===============================================]
Result of node_idx 6 in node_object 0: Multiply (ND)

-- Elapsed Time Analysis --
 Wall-clock Time                      : 6 us
 - Non I/O Handling Time (Estimated)  : 6 us
 - I/O Handling Time                  : 0 us
        - Read Syscall                : 0 us
        - Write Syscall               : 0 us
        - Page Fault                  : 0 us
        - io_uring                    : 0 us

-- I/O Counts --
 Read Syscall Count                   : 0
 Write Syscall Count                  : 0
 Block I/O Count                      : 0
 io_uring Completion Count            : 0

-- Total I/O Time (block device) --
 Total Block I/O Time           : 0

-- Page Faults & Bytes --
 Page Fault Count               : 0
 Read Bytes                     : 0
 Write Bytes                    : 0
 Block Read Bytes               : 0
 Block Write Bytes              : 0
[===============================================]

[===============================================]
Result of node_idx 0 in node_object 0: Fully Connected (NC, QDU8, F32, QC8W)

-- Elapsed Time Analysis --
 Wall-clock Time                      : 18 us
 - Non I/O Handling Time (Estimated)  : 18 us
 - I/O Handling Time                  : 0 us
        - Read Syscall                : 0 us
        - Write Syscall               : 0 us
        - Page Fault                  : 0 us
        - io_uring                    : 0 us

-- I/O Counts --
 Read Syscall Count                   : 0
 Write Syscall Count                  : 0
 Block I/O Count                      : 0
 io_uring Completion Count            : 0

-- Total I/O Time (block device) --
 Total Block I/O Time           : 0

-- Page Faults & Bytes --
 Page Fault Count               : 0
 Read Bytes                     : 0
 Write Bytes                    : 0
 Block Read Bytes               : 0
 Block Write Bytes              : 0
[===============================================]

[===============================================]
Result of node_idx 1 in node_object 0: Static Reshape (NC)

-- Elapsed Time Analysis --
 Wall-clock Time                      : 4 us
 - Non I/O Handling Time (Estimated)  : 4 us
 - I/O Handling Time                  : 0 us
        - Read Syscall                : 0 us
        - Write Syscall               : 0 us
        - Page Fault                  : 0 us
        - io_uring                    : 0 us

-- I/O Counts --
 Read Syscall Count                   : 0
 Write Syscall Count                  : 0
 Block I/O Count                      : 0
 io_uring Completion Count            : 0

-- Total I/O Time (block device) --
 Total Block I/O Time           : 0

-- Page Faults & Bytes --
 Page Fault Count               : 0
 Read Bytes                     : 0
 Write Bytes                    : 0
 Block Read Bytes               : 0
 Block Write Bytes              : 0
[===============================================]

[===============================================]
Result of node_idx 2 in node_object 0: Slice (ND, X32)

-- Elapsed Time Analysis --
 Wall-clock Time                      : 10 us
 - Non I/O Handling Time (Estimated)  : 10 us
 - I/O Handling Time                  : 0 us
        - Read Syscall                : 0 us
        - Write Syscall               : 0 us
        - Page Fault                  : 0 us
        - io_uring                    : 0 us

-- I/O Counts --
 Read Syscall Count                   : 0
 Write Syscall Count                  : 0
 Block I/O Count                      : 0
 io_uring Completion Count            : 0

-- Total I/O Time (block device) --
 Total Block I/O Time           : 0

-- Page Faults & Bytes --
 Page Fault Count               : 0
 Read Bytes                     : 0
 Write Bytes                    : 0
 Block Read Bytes               : 0
 Block Write Bytes              : 0
[===============================================]

[===============================================]
Result of node_idx 3 in node_object 0: Slice (ND, X32)

-- Elapsed Time Analysis --
 Wall-clock Time                      : 7 us
 - Non I/O Handling Time (Estimated)  : 7 us
 - I/O Handling Time                  : 0 us
        - Read Syscall                : 0 us
        - Write Syscall               : 0 us
        - Page Fault                  : 0 us
        - io_uring                    : 0 us

-- I/O Counts --
 Read Syscall Count                   : 0
 Write Syscall Count                  : 0
 Block I/O Count                      : 0
 io_uring Completion Count            : 0

-- Total I/O Time (block device) --
 Total Block I/O Time           : 0

-- Page Faults & Bytes --
 Page Fault Count               : 0
 Read Bytes                     : 0
 Write Bytes                    : 0
 Block Read Bytes               : 0
 Block Write Bytes              : 0
[===============================================]

[===============================================]
Result of node_idx 4 in node_object 0: Slice (ND, X32)

-- Elapsed Time Analysis --
 Wall-clock Time                      : 7 us
 - Non I/O Handling Time (Estimated)  : 7 us
 - I/O Handling Time                  : 0 us
        - Read Syscall                : 0 us
        - Write Syscall               : 0 us
        - Page Fault                  : 0 us
        - io_uring                    : 0 us

-- I/O Counts --
 Read Syscall Count                   : 0
 Write Syscall Count                  : 0
 Block I/O Count                      : 0
 io_uring Completion Count            : 0

-- Total I/O Time (block device) --
 Total Block I/O Time           : 0

-- Page Faults & Bytes --
 Page Fault Count               : 0
 Read Bytes                     : 0
 Write Bytes                    : 0
 Block Read Bytes               : 0
 Block Write Bytes              : 0
[===============================================]

[===============================================]
Result of node_idx 5 in node_object 0: Static Reshape (NC)

-- Elapsed Time Analysis --
 Wall-clock Time                      : 4 us
 - Non I/O Handling Time (Estimated)  : 4 us
 - I/O Handling Time                  : 0 us
        - Read Syscall                : 0 us
        - Write Syscall               : 0 us
        - Page Fault                  : 0 us
        - io_uring                    : 0 us

-- I/O Counts --
 Read Syscall Count                   : 0
 Write Syscall Count                  : 0
 Block I/O Count                      : 0
 io_uring Completion Count            : 0

-- Total I/O Time (block device) --
 Total Block I/O Time           : 0

-- Page Faults & Bytes --
 Page Fault Count               : 0
 Read Bytes                     : 0
 Write Bytes                    : 0
 Block Read Bytes               : 0
 Block Write Bytes              : 0
[===============================================]

[===============================================]
Result of node_idx 6 in node_object 0: Slice (ND, X32)

-- Elapsed Time Analysis --
 Wall-clock Time                      : 8 us
 - Non I/O Handling Time (Estimated)  : 8 us
 - I/O Handling Time                  : 0 us
        - Read Syscall                : 0 us
        - Write Syscall               : 0 us
        - Page Fault                  : 0 us
        - io_uring                    : 0 us

-- I/O Counts --
 Read Syscall Count                   : 0
 Write Syscall Count                  : 0
 Block I/O Count                      : 0
 io_uring Completion Count            : 0

-- Total I/O Time (block device) --
 Total Block I/O Time           : 0

-- Page Faults & Bytes --
 Page Fault Count               : 0
 Read Bytes                     : 0
 Write Bytes                    : 0
 Block Read Bytes               : 0
 Block Write Bytes              : 0
[===============================================]

[===============================================]
Result of node_idx 7 in node_object 0: Slice (ND, X32)

-- Elapsed Time Analysis --
 Wall-clock Time                      : 7 us
 - Non I/O Handling Time (Estimated)  : 7 us
 - I/O Handling Time                  : 0 us
        - Read Syscall                : 0 us
        - Write Syscall               : 0 us
        - Page Fault                  : 0 us
        - io_uring                    : 0 us

-- I/O Counts --
 Read Syscall Count                   : 0
 Write Syscall Count                  : 0
 Block I/O Count                      : 0
 io_uring Completion Count            : 0

-- Total I/O Time (block device) --
 Total Block I/O Time           : 0

-- Page Faults & Bytes --
 Page Fault Count               : 0
 Read Bytes                     : 0
 Write Bytes                    : 0
 Block Read Bytes               : 0
 Block Write Bytes              : 0
[===============================================]

[===============================================]
Result of node_idx 8 in node_object 0: Multiply (ND)

-- Elapsed Time Analysis --
 Wall-clock Time                      : 6 us
 - Non I/O Handling Time (Estimated)  : 6 us
 - I/O Handling Time                  : 0 us
        - Read Syscall                : 0 us
        - Write Syscall               : 0 us
        - Page Fault                  : 0 us
        - io_uring                    : 0 us

-- I/O Counts --
 Read Syscall Count                   : 0
 Write Syscall Count                  : 0
 Block I/O Count                      : 0
 io_uring Completion Count            : 0

-- Total I/O Time (block device) --
 Total Block I/O Time           : 0

-- Page Faults & Bytes --
 Page Fault Count               : 0
 Read Bytes                     : 0
 Write Bytes                    : 0
 Block Read Bytes               : 0
 Block Write Bytes              : 0
[===============================================]

[===============================================]
Result of node_idx 9 in node_object 0: Multiply (ND)

-- Elapsed Time Analysis --
 Wall-clock Time                      : 6 us
 - Non I/O Handling Time (Estimated)  : 6 us
 - I/O Handling Time                  : 0 us
        - Read Syscall                : 0 us
        - Write Syscall               : 0 us
        - Page Fault                  : 0 us
        - io_uring                    : 0 us

-- I/O Counts --
 Read Syscall Count                   : 0
 Write Syscall Count                  : 0
 Block I/O Count                      : 0
 io_uring Completion Count            : 0

-- Total I/O Time (block device) --
 Total Block I/O Time           : 0

-- Page Faults & Bytes --
 Page Fault Count               : 0
 Read Bytes                     : 0
 Write Bytes                    : 0
 Block Read Bytes               : 0
 Block Write Bytes              : 0
[===============================================]

[===============================================]
Result of node_idx 10 in node_object 0: Subtract (ND)

-- Elapsed Time Analysis --
 Wall-clock Time                      : 6 us
 - Non I/O Handling Time (Estimated)  : 6 us
 - I/O Handling Time                  : 0 us
        - Read Syscall                : 0 us
        - Write Syscall               : 0 us
        - Page Fault                  : 0 us
        - io_uring                    : 0 us

-- I/O Counts --
 Read Syscall Count                   : 0
 Write Syscall Count                  : 0
 Block I/O Count                      : 0
 io_uring Completion Count            : 0

-- Total I/O Time (block device) --
 Total Block I/O Time           : 0

-- Page Faults & Bytes --
 Page Fault Count               : 0
 Read Bytes                     : 0
 Write Bytes                    : 0
 Block Read Bytes               : 0
 Block Write Bytes              : 0
[===============================================]

[===============================================]
Result of node_idx 11 in node_object 0: Multiply (ND)

-- Elapsed Time Analysis --
 Wall-clock Time                      : 5 us
 - Non I/O Handling Time (Estimated)  : 5 us
 - I/O Handling Time                  : 0 us
        - Read Syscall                : 0 us
        - Write Syscall               : 0 us
        - Page Fault                  : 0 us
        - io_uring                    : 0 us

-- I/O Counts --
 Read Syscall Count                   : 0
 Write Syscall Count                  : 0
 Block I/O Count                      : 0
 io_uring Completion Count            : 0

-- Total I/O Time (block device) --
 Total Block I/O Time           : 0

-- Page Faults & Bytes --
 Page Fault Count               : 0
 Read Bytes                     : 0
 Write Bytes                    : 0
 Block Read Bytes               : 0
 Block Write Bytes              : 0
[===============================================]

[===============================================]
Result of node_idx 12 in node_object 0: Multiply (ND)

-- Elapsed Time Analysis --
 Wall-clock Time                      : 8 us
 - Non I/O Handling Time (Estimated)  : 8 us
 - I/O Handling Time                  : 0 us
        - Read Syscall                : 0 us
        - Write Syscall               : 0 us
        - Page Fault                  : 0 us
        - io_uring                    : 0 us

-- I/O Counts --
 Read Syscall Count                   : 0
 Write Syscall Count                  : 0
 Block I/O Count                      : 0
 io_uring Completion Count            : 0

-- Total I/O Time (block device) --
 Total Block I/O Time           : 0

-- Page Faults & Bytes --
 Page Fault Count               : 0
 Read Bytes                     : 0
 Write Bytes                    : 0
 Block Read Bytes               : 0
 Block Write Bytes              : 0
[===============================================]

[===============================================]
Result of node_idx 13 in node_object 0: Add (ND)

-- Elapsed Time Analysis --
 Wall-clock Time                      : 6 us
 - Non I/O Handling Time (Estimated)  : 6 us
 - I/O Handling Time                  : 0 us
        - Read Syscall                : 0 us
        - Write Syscall               : 0 us
        - Page Fault                  : 0 us
        - io_uring                    : 0 us

-- I/O Counts --
 Read Syscall Count                   : 0
 Write Syscall Count                  : 0
 Block I/O Count                      : 0
 io_uring Completion Count            : 0

-- Total I/O Time (block device) --
 Total Block I/O Time           : 0

-- Page Faults & Bytes --
 Page Fault Count               : 0
 Read Bytes                     : 0
 Write Bytes                    : 0
 Block Read Bytes               : 0
 Block Write Bytes              : 0
[===============================================]

[===============================================]
Result of node_idx 14 in node_object 0: Copy (NC, X32)

-- Elapsed Time Analysis --
 Wall-clock Time                      : 6 us
 - Non I/O Handling Time (Estimated)  : 6 us
 - I/O Handling Time                  : 0 us
        - Read Syscall                : 0 us
        - Write Syscall               : 0 us
        - Page Fault                  : 0 us
        - io_uring                    : 0 us

-- I/O Counts --
 Read Syscall Count                   : 0
 Write Syscall Count                  : 0
 Block I/O Count                      : 0
 io_uring Completion Count            : 0

-- Total I/O Time (block device) --
 Total Block I/O Time           : 0

-- Page Faults & Bytes --
 Page Fault Count               : 0
 Read Bytes                     : 0
 Write Bytes                    : 0
 Block Read Bytes               : 0
 Block Write Bytes              : 0
[===============================================]

[===============================================]
Result of node_idx 14 in node_object 1: Copy (NC, X32)

-- Elapsed Time Analysis --
 Wall-clock Time                      : 6 us
 - Non I/O Handling Time (Estimated)  : 6 us
 - I/O Handling Time                  : 0 us
        - Read Syscall                : 0 us
        - Write Syscall               : 0 us
        - Page Fault                  : 0 us
        - io_uring                    : 0 us

-- I/O Counts --
 Read Syscall Count                   : 0
 Write Syscall Count                  : 0
 Block I/O Count                      : 0
 io_uring Completion Count            : 0

-- Total I/O Time (block device) --
 Total Block I/O Time           : 0

-- Page Faults & Bytes --
 Page Fault Count               : 0
 Read Bytes                     : 0
 Write Bytes                    : 0
 Block Read Bytes               : 0
 Block Write Bytes              : 0
[===============================================]

[===============================================]
Result of node_idx 15 in node_object 0: Static Reshape (NC)

-- Elapsed Time Analysis --
 Wall-clock Time                      : 4 us
 - Non I/O Handling Time (Estimated)  : 4 us
 - I/O Handling Time                  : 0 us
        - Read Syscall                : 0 us
        - Write Syscall               : 0 us
        - Page Fault                  : 0 us
        - io_uring                    : 0 us

-- I/O Counts --
 Read Syscall Count                   : 0
 Write Syscall Count                  : 0
 Block I/O Count                      : 0
 io_uring Completion Count            : 0

-- Total I/O Time (block device) --
 Total Block I/O Time           : 0

-- Page Faults & Bytes --
 Page Fault Count               : 0
 Read Bytes                     : 0
 Write Bytes                    : 0
 Block Read Bytes               : 0
 Block Write Bytes              : 0
[===============================================]

[===============================================]
Result of node_idx 16 in node_object 0: Static Reshape (NC)

-- Elapsed Time Analysis --
 Wall-clock Time                      : 4 us
 - Non I/O Handling Time (Estimated)  : 4 us
 - I/O Handling Time                  : 0 us
        - Read Syscall                : 0 us
        - Write Syscall               : 0 us
        - Page Fault                  : 0 us
        - io_uring                    : 0 us

-- I/O Counts --
 Read Syscall Count                   : 0
 Write Syscall Count                  : 0
 Block I/O Count                      : 0
 io_uring Completion Count            : 0

-- Total I/O Time (block device) --
 Total Block I/O Time           : 0

-- Page Faults & Bytes --
 Page Fault Count               : 0
 Read Bytes                     : 0
 Write Bytes                    : 0
 Block Read Bytes               : 0
 Block Write Bytes              : 0
[===============================================]

[===============================================]
Result of node_idx 17 in node_object 0: Slice (ND, X32)

-- Elapsed Time Analysis --
 Wall-clock Time                      : 7 us
 - Non I/O Handling Time (Estimated)  : 7 us
 - I/O Handling Time                  : 0 us
        - Read Syscall                : 0 us
        - Write Syscall               : 0 us
        - Page Fault                  : 0 us
        - io_uring                    : 0 us

-- I/O Counts --
 Read Syscall Count                   : 0
 Write Syscall Count                  : 0
 Block I/O Count                      : 0
 io_uring Completion Count            : 0

-- Total I/O Time (block device) --
 Total Block I/O Time           : 0

-- Page Faults & Bytes --
 Page Fault Count               : 0
 Read Bytes                     : 0
 Write Bytes                    : 0
 Block Read Bytes               : 0
 Block Write Bytes              : 0
[===============================================]

[===============================================]
Result of node_idx 18 in node_object 0: Slice (ND, X32)

-- Elapsed Time Analysis --
 Wall-clock Time                      : 8 us
 - Non I/O Handling Time (Estimated)  : 8 us
 - I/O Handling Time                  : 0 us
        - Read Syscall                : 0 us
        - Write Syscall               : 0 us
        - Page Fault                  : 0 us
        - io_uring                    : 0 us

-- I/O Counts --
 Read Syscall Count                   : 0
 Write Syscall Count                  : 0
 Block I/O Count                      : 0
 io_uring Completion Count            : 0

-- Total I/O Time (block device) --
 Total Block I/O Time           : 0

-- Page Faults & Bytes --
 Page Fault Count               : 0
 Read Bytes                     : 0
 Write Bytes                    : 0
 Block Read Bytes               : 0
 Block Write Bytes              : 0
[===============================================]

[===============================================]
Result of node_idx 19 in node_object 0: Multiply (ND)

-- Elapsed Time Analysis --
 Wall-clock Time                      : 6 us
 - Non I/O Handling Time (Estimated)  : 6 us
 - I/O Handling Time                  : 0 us
        - Read Syscall                : 0 us
        - Write Syscall               : 0 us
        - Page Fault                  : 0 us
        - io_uring                    : 0 us

-- I/O Counts --
 Read Syscall Count                   : 0
 Write Syscall Count                  : 0
 Block I/O Count                      : 0
 io_uring Completion Count            : 0

-- Total I/O Time (block device) --
 Total Block I/O Time           : 0

-- Page Faults & Bytes --
 Page Fault Count               : 0
 Read Bytes                     : 0
 Write Bytes                    : 0
 Block Read Bytes               : 0
 Block Write Bytes              : 0
[===============================================]

[===============================================]
Result of node_idx 20 in node_object 0: Multiply (ND)

-- Elapsed Time Analysis --
 Wall-clock Time                      : 6 us
 - Non I/O Handling Time (Estimated)  : 6 us
 - I/O Handling Time                  : 0 us
        - Read Syscall                : 0 us
        - Write Syscall               : 0 us
        - Page Fault                  : 0 us
        - io_uring                    : 0 us

-- I/O Counts --
 Read Syscall Count                   : 0
 Write Syscall Count                  : 0
 Block I/O Count                      : 0
 io_uring Completion Count            : 0

-- Total I/O Time (block device) --
 Total Block I/O Time           : 0

-- Page Faults & Bytes --
 Page Fault Count               : 0
 Read Bytes                     : 0
 Write Bytes                    : 0
 Block Read Bytes               : 0
 Block Write Bytes              : 0
[===============================================]

[===============================================]
Result of node_idx 21 in node_object 0: Subtract (ND)

-- Elapsed Time Analysis --
 Wall-clock Time                      : 7 us
 - Non I/O Handling Time (Estimated)  : 7 us
 - I/O Handling Time                  : 0 us
        - Read Syscall                : 0 us
        - Write Syscall               : 0 us
        - Page Fault                  : 0 us
        - io_uring                    : 0 us

-- I/O Counts --
 Read Syscall Count                   : 0
 Write Syscall Count                  : 0
 Block I/O Count                      : 0
 io_uring Completion Count            : 0

-- Total I/O Time (block device) --
 Total Block I/O Time           : 0

-- Page Faults & Bytes --
 Page Fault Count               : 0
 Read Bytes                     : 0
 Write Bytes                    : 0
 Block Read Bytes               : 0
 Block Write Bytes              : 0
[===============================================]

[===============================================]
Result of node_idx 22 in node_object 0: Multiply (ND)

-- Elapsed Time Analysis --
 Wall-clock Time                      : 6 us
 - Non I/O Handling Time (Estimated)  : 6 us
 - I/O Handling Time                  : 0 us
        - Read Syscall                : 0 us
        - Write Syscall               : 0 us
        - Page Fault                  : 0 us
        - io_uring                    : 0 us

-- I/O Counts --
 Read Syscall Count                   : 0
 Write Syscall Count                  : 0
 Block I/O Count                      : 0
 io_uring Completion Count            : 0

-- Total I/O Time (block device) --
 Total Block I/O Time           : 0

-- Page Faults & Bytes --
 Page Fault Count               : 0
 Read Bytes                     : 0
 Write Bytes                    : 0
 Block Read Bytes               : 0
 Block Write Bytes              : 0
[===============================================]

[===============================================]
Result of node_idx 23 in node_object 0: Multiply (ND)

-- Elapsed Time Analysis --
 Wall-clock Time                      : 6 us
 - Non I/O Handling Time (Estimated)  : 6 us
 - I/O Handling Time                  : 0 us
        - Read Syscall                : 0 us
        - Write Syscall               : 0 us
        - Page Fault                  : 0 us
        - io_uring                    : 0 us

-- I/O Counts --
 Read Syscall Count                   : 0
 Write Syscall Count                  : 0
 Block I/O Count                      : 0
 io_uring Completion Count            : 0

-- Total I/O Time (block device) --
 Total Block I/O Time           : 0

-- Page Faults & Bytes --
 Page Fault Count               : 0
 Read Bytes                     : 0
 Write Bytes                    : 0
 Block Read Bytes               : 0
 Block Write Bytes              : 0
[===============================================]

[===============================================]
Result of node_idx 24 in node_object 0: Add (ND)

-- Elapsed Time Analysis --
 Wall-clock Time                      : 6 us
 - Non I/O Handling Time (Estimated)  : 6 us
 - I/O Handling Time                  : 0 us
        - Read Syscall                : 0 us
        - Write Syscall               : 0 us
        - Page Fault                  : 0 us
        - io_uring                    : 0 us

-- I/O Counts --
 Read Syscall Count                   : 0
 Write Syscall Count                  : 0
 Block I/O Count                      : 0
 io_uring Completion Count            : 0

-- Total I/O Time (block device) --
 Total Block I/O Time           : 0

-- Page Faults & Bytes --
 Page Fault Count               : 0
 Read Bytes                     : 0
 Write Bytes                    : 0
 Block Read Bytes               : 0
 Block Write Bytes              : 0
[===============================================]

[===============================================]
Result of node_idx 25 in node_object 0: Copy (NC, X32)

-- Elapsed Time Analysis --
 Wall-clock Time                      : 6 us
 - Non I/O Handling Time (Estimated)  : 6 us
 - I/O Handling Time                  : 0 us
        - Read Syscall                : 0 us
        - Write Syscall               : 0 us
        - Page Fault                  : 0 us
        - io_uring                    : 0 us

-- I/O Counts --
 Read Syscall Count                   : 0
 Write Syscall Count                  : 0
 Block I/O Count                      : 0
 io_uring Completion Count            : 0

-- Total I/O Time (block device) --
 Total Block I/O Time           : 0

-- Page Faults & Bytes --
 Page Fault Count               : 0
 Read Bytes                     : 0
 Write Bytes                    : 0
 Block Read Bytes               : 0
 Block Write Bytes              : 0
[===============================================]

[===============================================]
Result of node_idx 25 in node_object 1: Copy (NC, X32)

-- Elapsed Time Analysis --
 Wall-clock Time                      : 6 us
 - Non I/O Handling Time (Estimated)  : 6 us
 - I/O Handling Time                  : 0 us
        - Read Syscall                : 0 us
        - Write Syscall               : 0 us
        - Page Fault                  : 0 us
        - io_uring                    : 0 us

-- I/O Counts --
 Read Syscall Count                   : 0
 Write Syscall Count                  : 0
 Block I/O Count                      : 0
 io_uring Completion Count            : 0

-- Total I/O Time (block device) --
 Total Block I/O Time           : 0

-- Page Faults & Bytes --
 Page Fault Count               : 0
 Read Bytes                     : 0
 Write Bytes                    : 0
 Block Read Bytes               : 0
 Block Write Bytes              : 0
[===============================================]

[===============================================]
Result of node_idx 26 in node_object 0: Static Reshape (NC)

-- Elapsed Time Analysis --
 Wall-clock Time                      : 4 us
 - Non I/O Handling Time (Estimated)  : 4 us
 - I/O Handling Time                  : 0 us
        - Read Syscall                : 0 us
        - Write Syscall               : 0 us
        - Page Fault                  : 0 us
        - io_uring                    : 0 us

-- I/O Counts --
 Read Syscall Count                   : 0
 Write Syscall Count                  : 0
 Block I/O Count                      : 0
 io_uring Completion Count            : 0

-- Total I/O Time (block device) --
 Total Block I/O Time           : 0

-- Page Faults & Bytes --
 Page Fault Count               : 0
 Read Bytes                     : 0
 Write Bytes                    : 0
 Block Read Bytes               : 0
 Block Write Bytes              : 0
[===============================================]

[===============================================]
Result of node_idx 0 in node_object 0: Multiply (ND)

-- Elapsed Time Analysis --
 Wall-clock Time                      : 4 us
 - Non I/O Handling Time (Estimated)  : 4 us
 - I/O Handling Time                  : 0 us
        - Read Syscall                : 0 us
        - Write Syscall               : 0 us
        - Page Fault                  : 0 us
        - io_uring                    : 0 us

-- I/O Counts --
 Read Syscall Count                   : 0
 Write Syscall Count                  : 0
 Block I/O Count                      : 0
 io_uring Completion Count            : 0

-- Total I/O Time (block device) --
 Total Block I/O Time           : 0

-- Page Faults & Bytes --
 Page Fault Count               : 0
 Read Bytes                     : 0
 Write Bytes                    : 0
 Block Read Bytes               : 0
 Block Write Bytes              : 0
[===============================================]

[===============================================]
Result of node_idx 1 in node_object 0: Transpose (ND, X32)

-- Elapsed Time Analysis --
 Wall-clock Time                      : 3 us
 - Non I/O Handling Time (Estimated)  : 3 us
 - I/O Handling Time                  : 0 us
        - Read Syscall                : 0 us
        - Write Syscall               : 0 us
        - Page Fault                  : 0 us
        - io_uring                    : 0 us

-- I/O Counts --
 Read Syscall Count                   : 0
 Write Syscall Count                  : 0
 Block I/O Count                      : 0
 io_uring Completion Count            : 0

-- Total I/O Time (block device) --
 Total Block I/O Time           : 0

-- Page Faults & Bytes --
 Page Fault Count               : 0
 Read Bytes                     : 0
 Write Bytes                    : 0
 Block Read Bytes               : 0
 Block Write Bytes              : 0
[===============================================]

[===============================================]
Result of node_idx 2 in node_object 0: Transpose (ND, X32)

-- Elapsed Time Analysis --
 Wall-clock Time                      : 28 us
 - Non I/O Handling Time (Estimated)  : 28 us
 - I/O Handling Time                  : 0 us
        - Read Syscall                : 0 us
        - Write Syscall               : 0 us
        - Page Fault                  : 0 us
        - io_uring                    : 0 us

-- I/O Counts --
 Read Syscall Count                   : 0
 Write Syscall Count                  : 0
 Block I/O Count                      : 0
 io_uring Completion Count            : 0

-- Total I/O Time (block device) --
 Total Block I/O Time           : 0

-- Page Faults & Bytes --
 Page Fault Count               : 0
 Read Bytes                     : 0
 Write Bytes                    : 0
 Block Read Bytes               : 0
 Block Write Bytes              : 0
[===============================================]

[===============================================]
Result of node_idx 3 in node_object 0: Static Reshape (NC)

-- Elapsed Time Analysis --
 Wall-clock Time                      : 3 us
 - Non I/O Handling Time (Estimated)  : 3 us
 - I/O Handling Time                  : 0 us
        - Read Syscall                : 0 us
        - Write Syscall               : 0 us
        - Page Fault                  : 0 us
        - io_uring                    : 0 us

-- I/O Counts --
 Read Syscall Count                   : 0
 Write Syscall Count                  : 0
 Block I/O Count                      : 0
 io_uring Completion Count            : 0

-- Total I/O Time (block device) --
 Total Block I/O Time           : 0

-- Page Faults & Bytes --
 Page Fault Count               : 0
 Read Bytes                     : 0
 Write Bytes                    : 0
 Block Read Bytes               : 0
 Block Write Bytes              : 0
[===============================================]

[===============================================]
Result of node_idx 4 in node_object 0: Static Reshape (NC)

-- Elapsed Time Analysis --
 Wall-clock Time                      : 3 us
 - Non I/O Handling Time (Estimated)  : 3 us
 - I/O Handling Time                  : 0 us
        - Read Syscall                : 0 us
        - Write Syscall               : 0 us
        - Page Fault                  : 0 us
        - io_uring                    : 0 us

-- I/O Counts --
 Read Syscall Count                   : 0
 Write Syscall Count                  : 0
 Block I/O Count                      : 0
 io_uring Completion Count            : 0

-- Total I/O Time (block device) --
 Total Block I/O Time           : 0

-- Page Faults & Bytes --
 Page Fault Count               : 0
 Read Bytes                     : 0
 Write Bytes                    : 0
 Block Read Bytes               : 0
 Block Write Bytes              : 0
[===============================================]

[===============================================]
Result of node_idx 5 in node_object 0: Batch Matrix Multiply (NC, F32)

-- Elapsed Time Analysis --
 Wall-clock Time                      : 54 us
 - Non I/O Handling Time (Estimated)  : 54 us
 - I/O Handling Time                  : 0 us
        - Read Syscall                : 0 us
        - Write Syscall               : 0 us
        - Page Fault                  : 0 us
        - io_uring                    : 0 us

-- I/O Counts --
 Read Syscall Count                   : 0
 Write Syscall Count                  : 0
 Block I/O Count                      : 0
 io_uring Completion Count            : 0

-- Total I/O Time (block device) --
 Total Block I/O Time           : 0

-- Page Faults & Bytes --
 Page Fault Count               : 0
 Read Bytes                     : 0
 Write Bytes                    : 0
 Block Read Bytes               : 0
 Block Write Bytes              : 0
[===============================================]

[===============================================]
Result of node_idx 6 in node_object 0: Static Reshape (NC)

-- Elapsed Time Analysis --
 Wall-clock Time                      : 4 us
 - Non I/O Handling Time (Estimated)  : 4 us
 - I/O Handling Time                  : 0 us
        - Read Syscall                : 0 us
        - Write Syscall               : 0 us
        - Page Fault                  : 0 us
        - io_uring                    : 0 us

-- I/O Counts --
 Read Syscall Count                   : 0
 Write Syscall Count                  : 0
 Block I/O Count                      : 0
 io_uring Completion Count            : 0

-- Total I/O Time (block device) --
 Total Block I/O Time           : 0

-- Page Faults & Bytes --
 Page Fault Count               : 0
 Read Bytes                     : 0
 Write Bytes                    : 0
 Block Read Bytes               : 0
 Block Write Bytes              : 0
[===============================================]

[===============================================]
Result of node_idx 7 in node_object 0: Add (ND)

-- Elapsed Time Analysis --
 Wall-clock Time                      : 5 us
 - Non I/O Handling Time (Estimated)  : 5 us
 - I/O Handling Time                  : 0 us
        - Read Syscall                : 0 us
        - Write Syscall               : 0 us
        - Page Fault                  : 0 us
        - io_uring                    : 0 us

-- I/O Counts --
 Read Syscall Count                   : 0
 Write Syscall Count                  : 0
 Block I/O Count                      : 0
 io_uring Completion Count            : 0

-- Total I/O Time (block device) --
 Total Block I/O Time           : 0

-- Page Faults & Bytes --
 Page Fault Count               : 0
 Read Bytes                     : 0
 Write Bytes                    : 0
 Block Read Bytes               : 0
 Block Write Bytes              : 0
[===============================================]

[===============================================]
Result of node_idx 8 in node_object 0: Softmax (NC, F32)

-- Elapsed Time Analysis --
 Wall-clock Time                      : 8 us
 - Non I/O Handling Time (Estimated)  : 8 us
 - I/O Handling Time                  : 0 us
        - Read Syscall                : 0 us
        - Write Syscall               : 0 us
        - Page Fault                  : 0 us
        - io_uring                    : 0 us

-- I/O Counts --
 Read Syscall Count                   : 0
 Write Syscall Count                  : 0
 Block I/O Count                      : 0
 io_uring Completion Count            : 0

-- Total I/O Time (block device) --
 Total Block I/O Time           : 0

-- Page Faults & Bytes --
 Page Fault Count               : 0
 Read Bytes                     : 0
 Write Bytes                    : 0
 Block Read Bytes               : 0
 Block Write Bytes              : 0
[===============================================]

[===============================================]
Result of node_idx 9 in node_object 0: Transpose (ND, X32)

-- Elapsed Time Analysis --
 Wall-clock Time                      : 60 us
 - Non I/O Handling Time (Estimated)  : 60 us
 - I/O Handling Time                  : 0 us
        - Read Syscall                : 0 us
        - Write Syscall               : 0 us
        - Page Fault                  : 0 us
        - io_uring                    : 0 us

-- I/O Counts --
 Read Syscall Count                   : 0
 Write Syscall Count                  : 0
 Block I/O Count                      : 0
 io_uring Completion Count            : 0

-- Total I/O Time (block device) --
 Total Block I/O Time           : 0

-- Page Faults & Bytes --
 Page Fault Count               : 0
 Read Bytes                     : 0
 Write Bytes                    : 0
 Block Read Bytes               : 0
 Block Write Bytes              : 0
[===============================================]

[===============================================]
Result of node_idx 10 in node_object 0: Static Reshape (NC)

-- Elapsed Time Analysis --
 Wall-clock Time                      : 4 us
 - Non I/O Handling Time (Estimated)  : 4 us
 - I/O Handling Time                  : 0 us
        - Read Syscall                : 0 us
        - Write Syscall               : 0 us
        - Page Fault                  : 0 us
        - io_uring                    : 0 us

-- I/O Counts --
 Read Syscall Count                   : 0
 Write Syscall Count                  : 0
 Block I/O Count                      : 0
 io_uring Completion Count            : 0

-- Total I/O Time (block device) --
 Total Block I/O Time           : 0

-- Page Faults & Bytes --
 Page Fault Count               : 0
 Read Bytes                     : 0
 Write Bytes                    : 0
 Block Read Bytes               : 0
 Block Write Bytes              : 0
[===============================================]

[===============================================]
Result of node_idx 11 in node_object 0: Static Reshape (NC)

-- Elapsed Time Analysis --
 Wall-clock Time                      : 3 us
 - Non I/O Handling Time (Estimated)  : 3 us
 - I/O Handling Time                  : 0 us
        - Read Syscall                : 0 us
        - Write Syscall               : 0 us
        - Page Fault                  : 0 us
        - io_uring                    : 0 us

-- I/O Counts --
 Read Syscall Count                   : 0
 Write Syscall Count                  : 0
 Block I/O Count                      : 0
 io_uring Completion Count            : 0

-- Total I/O Time (block device) --
 Total Block I/O Time           : 0

-- Page Faults & Bytes --
 Page Fault Count               : 0
 Read Bytes                     : 0
 Write Bytes                    : 0
 Block Read Bytes               : 0
 Block Write Bytes              : 0
[===============================================]

[===============================================]
Result of node_idx 12 in node_object 0: Batch Matrix Multiply (NC, F32)

-- Elapsed Time Analysis --
 Wall-clock Time                      : 56 us
 - Non I/O Handling Time (Estimated)  : 56 us
 - I/O Handling Time                  : 0 us
        - Read Syscall                : 0 us
        - Write Syscall               : 0 us
        - Page Fault                  : 0 us
        - io_uring                    : 0 us

-- I/O Counts --
 Read Syscall Count                   : 0
 Write Syscall Count                  : 0
 Block I/O Count                      : 0
 io_uring Completion Count            : 0

-- Total I/O Time (block device) --
 Total Block I/O Time           : 0

-- Page Faults & Bytes --
 Page Fault Count               : 0
 Read Bytes                     : 0
 Write Bytes                    : 0
 Block Read Bytes               : 0
 Block Write Bytes              : 0
[===============================================]

[===============================================]
Result of node_idx 13 in node_object 0: Static Reshape (NC)

-- Elapsed Time Analysis --
 Wall-clock Time                      : 3 us
 - Non I/O Handling Time (Estimated)  : 3 us
 - I/O Handling Time                  : 0 us
        - Read Syscall                : 0 us
        - Write Syscall               : 0 us
        - Page Fault                  : 0 us
        - io_uring                    : 0 us

-- I/O Counts --
 Read Syscall Count                   : 0
 Write Syscall Count                  : 0
 Block I/O Count                      : 0
 io_uring Completion Count            : 0

-- Total I/O Time (block device) --
 Total Block I/O Time           : 0

-- Page Faults & Bytes --
 Page Fault Count               : 0
 Read Bytes                     : 0
 Write Bytes                    : 0
 Block Read Bytes               : 0
 Block Write Bytes              : 0
[===============================================]

[===============================================]
Result of node_idx 14 in node_object 0: Transpose (ND, X32)

-- Elapsed Time Analysis --
 Wall-clock Time                      : 4 us
 - Non I/O Handling Time (Estimated)  : 4 us
 - I/O Handling Time                  : 0 us
        - Read Syscall                : 0 us
        - Write Syscall               : 0 us
        - Page Fault                  : 0 us
        - io_uring                    : 0 us

-- I/O Counts --
 Read Syscall Count                   : 0
 Write Syscall Count                  : 0
 Block I/O Count                      : 0
 io_uring Completion Count            : 0

-- Total I/O Time (block device) --
 Total Block I/O Time           : 0

-- Page Faults & Bytes --
 Page Fault Count               : 0
 Read Bytes                     : 0
 Write Bytes                    : 0
 Block Read Bytes               : 0
 Block Write Bytes              : 0
[===============================================]

[===============================================]
Result of node_idx 15 in node_object 0: Static Reshape (NC)

-- Elapsed Time Analysis --
 Wall-clock Time                      : 3 us
 - Non I/O Handling Time (Estimated)  : 3 us
 - I/O Handling Time                  : 0 us
        - Read Syscall                : 0 us
        - Write Syscall               : 0 us
        - Page Fault                  : 0 us
        - io_uring                    : 0 us

-- I/O Counts --
 Read Syscall Count                   : 0
 Write Syscall Count                  : 0
 Block I/O Count                      : 0
 io_uring Completion Count            : 0

-- Total I/O Time (block device) --
 Total Block I/O Time           : 0

-- Page Faults & Bytes --
 Page Fault Count               : 0
 Read Bytes                     : 0
 Write Bytes                    : 0
 Block Read Bytes               : 0
 Block Write Bytes              : 0
[===============================================]

[===============================================]
Result of node_idx 16 in node_object 0: Fully Connected (NC, QDU8, F32, QC8W)

-- Elapsed Time Analysis --
 Wall-clock Time                      : 11 us
 - Non I/O Handling Time (Estimated)  : 11 us
 - I/O Handling Time                  : 0 us
        - Read Syscall                : 0 us
        - Write Syscall               : 0 us
        - Page Fault                  : 0 us
        - io_uring                    : 0 us

-- I/O Counts --
 Read Syscall Count                   : 0
 Write Syscall Count                  : 0
 Block I/O Count                      : 0
 io_uring Completion Count            : 0

-- Total I/O Time (block device) --
 Total Block I/O Time           : 0

-- Page Faults & Bytes --
 Page Fault Count               : 0
 Read Bytes                     : 0
 Write Bytes                    : 0
 Block Read Bytes               : 0
 Block Write Bytes              : 0
[===============================================]

[===============================================]
Result of node_idx 17 in node_object 0: Add (ND)

-- Elapsed Time Analysis --
 Wall-clock Time                      : 6 us
 - Non I/O Handling Time (Estimated)  : 6 us
 - I/O Handling Time                  : 0 us
        - Read Syscall                : 0 us
        - Write Syscall               : 0 us
        - Page Fault                  : 0 us
        - io_uring                    : 0 us

-- I/O Counts --
 Read Syscall Count                   : 0
 Write Syscall Count                  : 0
 Block I/O Count                      : 0
 io_uring Completion Count            : 0

-- Total I/O Time (block device) --
 Total Block I/O Time           : 0

-- Page Faults & Bytes --
 Page Fault Count               : 0
 Read Bytes                     : 0
 Write Bytes                    : 0
 Block Read Bytes               : 0
 Block Write Bytes              : 0
[===============================================]

[===============================================]
Result of node_idx 0 in node_object 0: Multiply (ND)

-- Elapsed Time Analysis --
 Wall-clock Time                      : 11 us
 - Non I/O Handling Time (Estimated)  : 11 us
 - I/O Handling Time                  : 0 us
        - Read Syscall                : 0 us
        - Write Syscall               : 0 us
        - Page Fault                  : 0 us
        - io_uring                    : 0 us

-- I/O Counts --
 Read Syscall Count                   : 0
 Write Syscall Count                  : 0
 Block I/O Count                      : 0
 io_uring Completion Count            : 0

-- Total I/O Time (block device) --
 Total Block I/O Time           : 0

-- Page Faults & Bytes --
 Page Fault Count               : 0
 Read Bytes                     : 0
 Write Bytes                    : 0
 Block Read Bytes               : 0
 Block Write Bytes              : 0
[===============================================]

[===============================================]
Result of node_idx 1 in node_object 0: Sum (ND)

-- Elapsed Time Analysis --
 Wall-clock Time                      : 4 us
 - Non I/O Handling Time (Estimated)  : 4 us
 - I/O Handling Time                  : 0 us
        - Read Syscall                : 0 us
        - Write Syscall               : 0 us
        - Page Fault                  : 0 us
        - io_uring                    : 0 us

-- I/O Counts --
 Read Syscall Count                   : 0
 Write Syscall Count                  : 0
 Block I/O Count                      : 0
 io_uring Completion Count            : 0

-- Total I/O Time (block device) --
 Total Block I/O Time           : 0

-- Page Faults & Bytes --
 Page Fault Count               : 0
 Read Bytes                     : 0
 Write Bytes                    : 0
 Block Read Bytes               : 0
 Block Write Bytes              : 0
[===============================================]

[===============================================]
Result of node_idx 2 in node_object 0: Multiply (ND)

-- Elapsed Time Analysis --
 Wall-clock Time                      : 3 us
 - Non I/O Handling Time (Estimated)  : 3 us
 - I/O Handling Time                  : 0 us
        - Read Syscall                : 0 us
        - Write Syscall               : 0 us
        - Page Fault                  : 0 us
        - io_uring                    : 0 us

-- I/O Counts --
 Read Syscall Count                   : 0
 Write Syscall Count                  : 0
 Block I/O Count                      : 0
 io_uring Completion Count            : 0

-- Total I/O Time (block device) --
 Total Block I/O Time           : 0

-- Page Faults & Bytes --
 Page Fault Count               : 0
 Read Bytes                     : 0
 Write Bytes                    : 0
 Block Read Bytes               : 0
 Block Write Bytes              : 0
[===============================================]

[===============================================]
Result of node_idx 3 in node_object 0: Add (ND)

-- Elapsed Time Analysis --
 Wall-clock Time                      : 4 us
 - Non I/O Handling Time (Estimated)  : 4 us
 - I/O Handling Time                  : 0 us
        - Read Syscall                : 0 us
        - Write Syscall               : 0 us
        - Page Fault                  : 0 us
        - io_uring                    : 0 us

-- I/O Counts --
 Read Syscall Count                   : 0
 Write Syscall Count                  : 0
 Block I/O Count                      : 0
 io_uring Completion Count            : 0

-- Total I/O Time (block device) --
 Total Block I/O Time           : 0

-- Page Faults & Bytes --
 Page Fault Count               : 0
 Read Bytes                     : 0
 Write Bytes                    : 0
 Block Read Bytes               : 0
 Block Write Bytes              : 0
[===============================================]

[===============================================]
Result of node_idx 4 in node_object 0: Reciprocal Square Root (NC)

-- Elapsed Time Analysis --
 Wall-clock Time                      : 3 us
 - Non I/O Handling Time (Estimated)  : 3 us
 - I/O Handling Time                  : 0 us
        - Read Syscall                : 0 us
        - Write Syscall               : 0 us
        - Page Fault                  : 0 us
        - io_uring                    : 0 us

-- I/O Counts --
 Read Syscall Count                   : 0
 Write Syscall Count                  : 0
 Block I/O Count                      : 0
 io_uring Completion Count            : 0

-- Total I/O Time (block device) --
 Total Block I/O Time           : 0

-- Page Faults & Bytes --
 Page Fault Count               : 0
 Read Bytes                     : 0
 Write Bytes                    : 0
 Block Read Bytes               : 0
 Block Write Bytes              : 0
[===============================================]

[===============================================]
Result of node_idx 5 in node_object 0: Multiply (ND)

-- Elapsed Time Analysis --
 Wall-clock Time                      : 7 us
 - Non I/O Handling Time (Estimated)  : 7 us
 - I/O Handling Time                  : 0 us
        - Read Syscall                : 0 us
        - Write Syscall               : 0 us
        - Page Fault                  : 0 us
        - io_uring                    : 0 us

-- I/O Counts --
 Read Syscall Count                   : 0
 Write Syscall Count                  : 0
 Block I/O Count                      : 0
 io_uring Completion Count            : 0

-- Total I/O Time (block device) --
 Total Block I/O Time           : 0

-- Page Faults & Bytes --
 Page Fault Count               : 0
 Read Bytes                     : 0
 Write Bytes                    : 0
 Block Read Bytes               : 0
 Block Write Bytes              : 0
[===============================================]

[===============================================]
Result of node_idx 6 in node_object 0: Multiply (ND)

-- Elapsed Time Analysis --
 Wall-clock Time                      : 7 us
 - Non I/O Handling Time (Estimated)  : 7 us
 - I/O Handling Time                  : 0 us
        - Read Syscall                : 0 us
        - Write Syscall               : 0 us
        - Page Fault                  : 0 us
        - io_uring                    : 0 us

-- I/O Counts --
 Read Syscall Count                   : 0
 Write Syscall Count                  : 0
 Block I/O Count                      : 0
 io_uring Completion Count            : 0

-- Total I/O Time (block device) --
 Total Block I/O Time           : 0

-- Page Faults & Bytes --
 Page Fault Count               : 0
 Read Bytes                     : 0
 Write Bytes                    : 0
 Block Read Bytes               : 0
 Block Write Bytes              : 0
[===============================================]

[===============================================]
Result of node_idx 0 in node_object 0: Fully Connected (NC, QDU8, F32, QC8W)

-- Elapsed Time Analysis --
 Wall-clock Time                      : 25 us
 - Non I/O Handling Time (Estimated)  : 25 us
 - I/O Handling Time                  : 0 us
        - Read Syscall                : 0 us
        - Write Syscall               : 0 us
        - Page Fault                  : 0 us
        - io_uring                    : 0 us

-- I/O Counts --
 Read Syscall Count                   : 0
 Write Syscall Count                  : 0
 Block I/O Count                      : 0
 io_uring Completion Count            : 0

-- Total I/O Time (block device) --
 Total Block I/O Time           : 0

-- Page Faults & Bytes --
 Page Fault Count               : 0
 Read Bytes                     : 0
 Write Bytes                    : 0
 Block Read Bytes               : 0
 Block Write Bytes              : 0
[===============================================]

[===============================================]
Result of node_idx 1 in node_object 0: Sigmoid (NC)

-- Elapsed Time Analysis --
 Wall-clock Time                      : 6 us
 - Non I/O Handling Time (Estimated)  : 6 us
 - I/O Handling Time                  : 0 us
        - Read Syscall                : 0 us
        - Write Syscall               : 0 us
        - Page Fault                  : 0 us
        - io_uring                    : 0 us

-- I/O Counts --
 Read Syscall Count                   : 0
 Write Syscall Count                  : 0
 Block I/O Count                      : 0
 io_uring Completion Count            : 0

-- Total I/O Time (block device) --
 Total Block I/O Time           : 0

-- Page Faults & Bytes --
 Page Fault Count               : 0
 Read Bytes                     : 0
 Write Bytes                    : 0
 Block Read Bytes               : 0
 Block Write Bytes              : 0
[===============================================]

[===============================================]
Result of node_idx 2 in node_object 0: Multiply (ND)

-- Elapsed Time Analysis --
 Wall-clock Time                      : 7 us
 - Non I/O Handling Time (Estimated)  : 7 us
 - I/O Handling Time                  : 0 us
        - Read Syscall                : 0 us
        - Write Syscall               : 0 us
        - Page Fault                  : 0 us
        - io_uring                    : 0 us

-- I/O Counts --
 Read Syscall Count                   : 0
 Write Syscall Count                  : 0
 Block I/O Count                      : 0
 io_uring Completion Count            : 0

-- Total I/O Time (block device) --
 Total Block I/O Time           : 0

-- Page Faults & Bytes --
 Page Fault Count               : 0
 Read Bytes                     : 0
 Write Bytes                    : 0
 Block Read Bytes               : 0
 Block Write Bytes              : 0
[===============================================]

[===============================================]
Result of node_idx 3 in node_object 0: Fully Connected (NC, QDU8, F32, QC8W)

-- Elapsed Time Analysis --
 Wall-clock Time                      : 22 us
 - Non I/O Handling Time (Estimated)  : 22 us
 - I/O Handling Time                  : 0 us
        - Read Syscall                : 0 us
        - Write Syscall               : 0 us
        - Page Fault                  : 0 us
        - io_uring                    : 0 us

-- I/O Counts --
 Read Syscall Count                   : 0
 Write Syscall Count                  : 0
 Block I/O Count                      : 0
 io_uring Completion Count            : 0

-- Total I/O Time (block device) --
 Total Block I/O Time           : 0

-- Page Faults & Bytes --
 Page Fault Count               : 0
 Read Bytes                     : 0
 Write Bytes                    : 0
 Block Read Bytes               : 0
 Block Write Bytes              : 0
[===============================================]

[===============================================]
Result of node_idx 4 in node_object 0: Multiply (ND)

-- Elapsed Time Analysis --
 Wall-clock Time                      : 7 us
 - Non I/O Handling Time (Estimated)  : 7 us
 - I/O Handling Time                  : 0 us
        - Read Syscall                : 0 us
        - Write Syscall               : 0 us
        - Page Fault                  : 0 us
        - io_uring                    : 0 us

-- I/O Counts --
 Read Syscall Count                   : 0
 Write Syscall Count                  : 0
 Block I/O Count                      : 0
 io_uring Completion Count            : 0

-- Total I/O Time (block device) --
 Total Block I/O Time           : 0

-- Page Faults & Bytes --
 Page Fault Count               : 0
 Read Bytes                     : 0
 Write Bytes                    : 0
 Block Read Bytes               : 0
 Block Write Bytes              : 0
[===============================================]

[===============================================]
Result of node_idx 5 in node_object 0: Fully Connected (NC, QDU8, F32, QC8W)

-- Elapsed Time Analysis --
 Wall-clock Time                      : 21 us
 - Non I/O Handling Time (Estimated)  : 21 us
 - I/O Handling Time                  : 0 us
        - Read Syscall                : 0 us
        - Write Syscall               : 0 us
        - Page Fault                  : 0 us
        - io_uring                    : 0 us

-- I/O Counts --
 Read Syscall Count                   : 0
 Write Syscall Count                  : 0
 Block I/O Count                      : 0
 io_uring Completion Count            : 0

-- Total I/O Time (block device) --
 Total Block I/O Time           : 0

-- Page Faults & Bytes --
 Page Fault Count               : 0
 Read Bytes                     : 0
 Write Bytes                    : 0
 Block Read Bytes               : 0
 Block Write Bytes              : 0
[===============================================]

[===============================================]
Result of node_idx 6 in node_object 0: Add (ND)

-- Elapsed Time Analysis --
 Wall-clock Time                      : 7 us
 - Non I/O Handling Time (Estimated)  : 7 us
 - I/O Handling Time                  : 0 us
        - Read Syscall                : 0 us
        - Write Syscall               : 0 us
        - Page Fault                  : 0 us
        - io_uring                    : 0 us

-- I/O Counts --
 Read Syscall Count                   : 0
 Write Syscall Count                  : 0
 Block I/O Count                      : 0
 io_uring Completion Count            : 0

-- Total I/O Time (block device) --
 Total Block I/O Time           : 0

-- Page Faults & Bytes --
 Page Fault Count               : 0
 Read Bytes                     : 0
 Write Bytes                    : 0
 Block Read Bytes               : 0
 Block Write Bytes              : 0
[===============================================]

[===============================================]
Result of node_idx 0 in node_object 0: Multiply (ND)

-- Elapsed Time Analysis --
 Wall-clock Time                      : 11 us
 - Non I/O Handling Time (Estimated)  : 11 us
 - I/O Handling Time                  : 0 us
        - Read Syscall                : 0 us
        - Write Syscall               : 0 us
        - Page Fault                  : 0 us
        - io_uring                    : 0 us

-- I/O Counts --
 Read Syscall Count                   : 0
 Write Syscall Count                  : 0
 Block I/O Count                      : 0
 io_uring Completion Count            : 0

-- Total I/O Time (block device) --
 Total Block I/O Time           : 0

-- Page Faults & Bytes --
 Page Fault Count               : 0
 Read Bytes                     : 0
 Write Bytes                    : 0
 Block Read Bytes               : 0
 Block Write Bytes              : 0
[===============================================]

[===============================================]
Result of node_idx 1 in node_object 0: Sum (ND)

-- Elapsed Time Analysis --
 Wall-clock Time                      : 4 us
 - Non I/O Handling Time (Estimated)  : 4 us
 - I/O Handling Time                  : 0 us
        - Read Syscall                : 0 us
        - Write Syscall               : 0 us
        - Page Fault                  : 0 us
        - io_uring                    : 0 us

-- I/O Counts --
 Read Syscall Count                   : 0
 Write Syscall Count                  : 0
 Block I/O Count                      : 0
 io_uring Completion Count            : 0

-- Total I/O Time (block device) --
 Total Block I/O Time           : 0

-- Page Faults & Bytes --
 Page Fault Count               : 0
 Read Bytes                     : 0
 Write Bytes                    : 0
 Block Read Bytes               : 0
 Block Write Bytes              : 0
[===============================================]

[===============================================]
Result of node_idx 2 in node_object 0: Multiply (ND)

-- Elapsed Time Analysis --
 Wall-clock Time                      : 3 us
 - Non I/O Handling Time (Estimated)  : 3 us
 - I/O Handling Time                  : 0 us
        - Read Syscall                : 0 us
        - Write Syscall               : 0 us
        - Page Fault                  : 0 us
        - io_uring                    : 0 us

-- I/O Counts --
 Read Syscall Count                   : 0
 Write Syscall Count                  : 0
 Block I/O Count                      : 0
 io_uring Completion Count            : 0

-- Total I/O Time (block device) --
 Total Block I/O Time           : 0

-- Page Faults & Bytes --
 Page Fault Count               : 0
 Read Bytes                     : 0
 Write Bytes                    : 0
 Block Read Bytes               : 0
 Block Write Bytes              : 0
[===============================================]

[===============================================]
Result of node_idx 3 in node_object 0: Add (ND)

-- Elapsed Time Analysis --
 Wall-clock Time                      : 4 us
 - Non I/O Handling Time (Estimated)  : 4 us
 - I/O Handling Time                  : 0 us
        - Read Syscall                : 0 us
        - Write Syscall               : 0 us
        - Page Fault                  : 0 us
        - io_uring                    : 0 us

-- I/O Counts --
 Read Syscall Count                   : 0
 Write Syscall Count                  : 0
 Block I/O Count                      : 0
 io_uring Completion Count            : 0

-- Total I/O Time (block device) --
 Total Block I/O Time           : 0

-- Page Faults & Bytes --
 Page Fault Count               : 0
 Read Bytes                     : 0
 Write Bytes                    : 0
 Block Read Bytes               : 0
 Block Write Bytes              : 0
[===============================================]

[===============================================]
Result of node_idx 4 in node_object 0: Reciprocal Square Root (NC)

-- Elapsed Time Analysis --
 Wall-clock Time                      : 4 us
 - Non I/O Handling Time (Estimated)  : 4 us
 - I/O Handling Time                  : 0 us
        - Read Syscall                : 0 us
        - Write Syscall               : 0 us
        - Page Fault                  : 0 us
        - io_uring                    : 0 us

-- I/O Counts --
 Read Syscall Count                   : 0
 Write Syscall Count                  : 0
 Block I/O Count                      : 0
 io_uring Completion Count            : 0

-- Total I/O Time (block device) --
 Total Block I/O Time           : 0

-- Page Faults & Bytes --
 Page Fault Count               : 0
 Read Bytes                     : 0
 Write Bytes                    : 0
 Block Read Bytes               : 0
 Block Write Bytes              : 0
[===============================================]

[===============================================]
Result of node_idx 5 in node_object 0: Multiply (ND)

-- Elapsed Time Analysis --
 Wall-clock Time                      : 7 us
 - Non I/O Handling Time (Estimated)  : 7 us
 - I/O Handling Time                  : 0 us
        - Read Syscall                : 0 us
        - Write Syscall               : 0 us
        - Page Fault                  : 0 us
        - io_uring                    : 0 us

-- I/O Counts --
 Read Syscall Count                   : 0
 Write Syscall Count                  : 0
 Block I/O Count                      : 0
 io_uring Completion Count            : 0

-- Total I/O Time (block device) --
 Total Block I/O Time           : 0

-- Page Faults & Bytes --
 Page Fault Count               : 0
 Read Bytes                     : 0
 Write Bytes                    : 0
 Block Read Bytes               : 0
 Block Write Bytes              : 0
[===============================================]

[===============================================]
Result of node_idx 6 in node_object 0: Multiply (ND)

-- Elapsed Time Analysis --
 Wall-clock Time                      : 7 us
 - Non I/O Handling Time (Estimated)  : 7 us
 - I/O Handling Time                  : 0 us
        - Read Syscall                : 0 us
        - Write Syscall               : 0 us
        - Page Fault                  : 0 us
        - io_uring                    : 0 us

-- I/O Counts --
 Read Syscall Count                   : 0
 Write Syscall Count                  : 0
 Block I/O Count                      : 0
 io_uring Completion Count            : 0

-- Total I/O Time (block device) --
 Total Block I/O Time           : 0

-- Page Faults & Bytes --
 Page Fault Count               : 0
 Read Bytes                     : 0
 Write Bytes                    : 0
 Block Read Bytes               : 0
 Block Write Bytes              : 0
[===============================================]

[===============================================]
Result of node_idx 0 in node_object 0: Fully Connected (NC, QDU8, F32, QC8W)

-- Elapsed Time Analysis --
 Wall-clock Time                      : 20 us
 - Non I/O Handling Time (Estimated)  : 20 us
 - I/O Handling Time                  : 0 us
        - Read Syscall                : 0 us
        - Write Syscall               : 0 us
        - Page Fault                  : 0 us
        - io_uring                    : 0 us

-- I/O Counts --
 Read Syscall Count                   : 0
 Write Syscall Count                  : 0
 Block I/O Count                      : 0
 io_uring Completion Count            : 0

-- Total I/O Time (block device) --
 Total Block I/O Time           : 0

-- Page Faults & Bytes --
 Page Fault Count               : 0
 Read Bytes                     : 0
 Write Bytes                    : 0
 Block Read Bytes               : 0
 Block Write Bytes              : 0
[===============================================]

[===============================================]
Result of node_idx 1 in node_object 0: Static Reshape (NC)

-- Elapsed Time Analysis --
 Wall-clock Time                      : 4 us
 - Non I/O Handling Time (Estimated)  : 4 us
 - I/O Handling Time                  : 0 us
        - Read Syscall                : 0 us
        - Write Syscall               : 0 us
        - Page Fault                  : 0 us
        - io_uring                    : 0 us

-- I/O Counts --
 Read Syscall Count                   : 0
 Write Syscall Count                  : 0
 Block I/O Count                      : 0
 io_uring Completion Count            : 0

-- Total I/O Time (block device) --
 Total Block I/O Time           : 0

-- Page Faults & Bytes --
 Page Fault Count               : 0
 Read Bytes                     : 0
 Write Bytes                    : 0
 Block Read Bytes               : 0
 Block Write Bytes              : 0
[===============================================]

[===============================================]
Result of node_idx 2 in node_object 0: Slice (ND, X32)

-- Elapsed Time Analysis --
 Wall-clock Time                      : 7 us
 - Non I/O Handling Time (Estimated)  : 7 us
 - I/O Handling Time                  : 0 us
        - Read Syscall                : 0 us
        - Write Syscall               : 0 us
        - Page Fault                  : 0 us
        - io_uring                    : 0 us

-- I/O Counts --
 Read Syscall Count                   : 0
 Write Syscall Count                  : 0
 Block I/O Count                      : 0
 io_uring Completion Count            : 0

-- Total I/O Time (block device) --
 Total Block I/O Time           : 0

-- Page Faults & Bytes --
 Page Fault Count               : 0
 Read Bytes                     : 0
 Write Bytes                    : 0
 Block Read Bytes               : 0
 Block Write Bytes              : 0
[===============================================]

[===============================================]
Result of node_idx 3 in node_object 0: Slice (ND, X32)

-- Elapsed Time Analysis --
 Wall-clock Time                      : 7 us
 - Non I/O Handling Time (Estimated)  : 7 us
 - I/O Handling Time                  : 0 us
        - Read Syscall                : 0 us
        - Write Syscall               : 0 us
        - Page Fault                  : 0 us
        - io_uring                    : 0 us

-- I/O Counts --
 Read Syscall Count                   : 0
 Write Syscall Count                  : 0
 Block I/O Count                      : 0
 io_uring Completion Count            : 0

-- Total I/O Time (block device) --
 Total Block I/O Time           : 0

-- Page Faults & Bytes --
 Page Fault Count               : 0
 Read Bytes                     : 0
 Write Bytes                    : 0
 Block Read Bytes               : 0
 Block Write Bytes              : 0
[===============================================]

[===============================================]
Result of node_idx 4 in node_object 0: Slice (ND, X32)

-- Elapsed Time Analysis --
 Wall-clock Time                      : 7 us
 - Non I/O Handling Time (Estimated)  : 7 us
 - I/O Handling Time                  : 0 us
        - Read Syscall                : 0 us
        - Write Syscall               : 0 us
        - Page Fault                  : 0 us
        - io_uring                    : 0 us

-- I/O Counts --
 Read Syscall Count                   : 0
 Write Syscall Count                  : 0
 Block I/O Count                      : 0
 io_uring Completion Count            : 0

-- Total I/O Time (block device) --
 Total Block I/O Time           : 0

-- Page Faults & Bytes --
 Page Fault Count               : 0
 Read Bytes                     : 0
 Write Bytes                    : 0
 Block Read Bytes               : 0
 Block Write Bytes              : 0
[===============================================]

[===============================================]
Result of node_idx 5 in node_object 0: Static Reshape (NC)

-- Elapsed Time Analysis --
 Wall-clock Time                      : 4 us
 - Non I/O Handling Time (Estimated)  : 4 us
 - I/O Handling Time                  : 0 us
        - Read Syscall                : 0 us
        - Write Syscall               : 0 us
        - Page Fault                  : 0 us
        - io_uring                    : 0 us

-- I/O Counts --
 Read Syscall Count                   : 0
 Write Syscall Count                  : 0
 Block I/O Count                      : 0
 io_uring Completion Count            : 0

-- Total I/O Time (block device) --
 Total Block I/O Time           : 0

-- Page Faults & Bytes --
 Page Fault Count               : 0
 Read Bytes                     : 0
 Write Bytes                    : 0
 Block Read Bytes               : 0
 Block Write Bytes              : 0
[===============================================]

[===============================================]
Result of node_idx 6 in node_object 0: Slice (ND, X32)

-- Elapsed Time Analysis --
 Wall-clock Time                      : 8 us
 - Non I/O Handling Time (Estimated)  : 8 us
 - I/O Handling Time                  : 0 us
        - Read Syscall                : 0 us
        - Write Syscall               : 0 us
        - Page Fault                  : 0 us
        - io_uring                    : 0 us

-- I/O Counts --
 Read Syscall Count                   : 0
 Write Syscall Count                  : 0
 Block I/O Count                      : 0
 io_uring Completion Count            : 0

-- Total I/O Time (block device) --
 Total Block I/O Time           : 0

-- Page Faults & Bytes --
 Page Fault Count               : 0
 Read Bytes                     : 0
 Write Bytes                    : 0
 Block Read Bytes               : 0
 Block Write Bytes              : 0
[===============================================]

[===============================================]
Result of node_idx 7 in node_object 0: Slice (ND, X32)

-- Elapsed Time Analysis --
 Wall-clock Time                      : 11 us
 - Non I/O Handling Time (Estimated)  : 11 us
 - I/O Handling Time                  : 0 us
        - Read Syscall                : 0 us
        - Write Syscall               : 0 us
        - Page Fault                  : 0 us
        - io_uring                    : 0 us

-- I/O Counts --
 Read Syscall Count                   : 0
 Write Syscall Count                  : 0
 Block I/O Count                      : 0
 io_uring Completion Count            : 0

-- Total I/O Time (block device) --
 Total Block I/O Time           : 0

-- Page Faults & Bytes --
 Page Fault Count               : 0
 Read Bytes                     : 0
 Write Bytes                    : 0
 Block Read Bytes               : 0
 Block Write Bytes              : 0
[===============================================]

[===============================================]
Result of node_idx 8 in node_object 0: Multiply (ND)

-- Elapsed Time Analysis --
 Wall-clock Time                      : 6 us
 - Non I/O Handling Time (Estimated)  : 6 us
 - I/O Handling Time                  : 0 us
        - Read Syscall                : 0 us
        - Write Syscall               : 0 us
        - Page Fault                  : 0 us
        - io_uring                    : 0 us

-- I/O Counts --
 Read Syscall Count                   : 0
 Write Syscall Count                  : 0
 Block I/O Count                      : 0
 io_uring Completion Count            : 0

-- Total I/O Time (block device) --
 Total Block I/O Time           : 0

-- Page Faults & Bytes --
 Page Fault Count               : 0
 Read Bytes                     : 0
 Write Bytes                    : 0
 Block Read Bytes               : 0
 Block Write Bytes              : 0
[===============================================]

[===============================================]
Result of node_idx 9 in node_object 0: Multiply (ND)

-- Elapsed Time Analysis --
 Wall-clock Time                      : 6 us
 - Non I/O Handling Time (Estimated)  : 6 us
 - I/O Handling Time                  : 0 us
        - Read Syscall                : 0 us
        - Write Syscall               : 0 us
        - Page Fault                  : 0 us
        - io_uring                    : 0 us

-- I/O Counts --
 Read Syscall Count                   : 0
 Write Syscall Count                  : 0
 Block I/O Count                      : 0
 io_uring Completion Count            : 0

-- Total I/O Time (block device) --
 Total Block I/O Time           : 0

-- Page Faults & Bytes --
 Page Fault Count               : 0
 Read Bytes                     : 0
 Write Bytes                    : 0
 Block Read Bytes               : 0
 Block Write Bytes              : 0
[===============================================]

[===============================================]
Result of node_idx 10 in node_object 0: Subtract (ND)

-- Elapsed Time Analysis --
 Wall-clock Time                      : 6 us
 - Non I/O Handling Time (Estimated)  : 6 us
 - I/O Handling Time                  : 0 us
        - Read Syscall                : 0 us
        - Write Syscall               : 0 us
        - Page Fault                  : 0 us
        - io_uring                    : 0 us

-- I/O Counts --
 Read Syscall Count                   : 0
 Write Syscall Count                  : 0
 Block I/O Count                      : 0
 io_uring Completion Count            : 0

-- Total I/O Time (block device) --
 Total Block I/O Time           : 0

-- Page Faults & Bytes --
 Page Fault Count               : 0
 Read Bytes                     : 0
 Write Bytes                    : 0
 Block Read Bytes               : 0
 Block Write Bytes              : 0
[===============================================]

[===============================================]
Result of node_idx 11 in node_object 0: Multiply (ND)

-- Elapsed Time Analysis --
 Wall-clock Time                      : 6 us
 - Non I/O Handling Time (Estimated)  : 6 us
 - I/O Handling Time                  : 0 us
        - Read Syscall                : 0 us
        - Write Syscall               : 0 us
[===============================================]-- Elapsed Time Analysis --
 Wall-clock Time                      : 6 us
 - Non I/O Handling Time (Estimated)  : 6 us
[===============================================]

[===============================================]
Result of node_idx 13 in node_object 0: Add (ND)

-- Elapsed Time Analysis --
 Wall-clock Time                      : 26 us
 Block I/O Count                      : 0
[===============================================]        - Write Syscall               : 0 us
[===============================================]-- Elapsed Time Analysis --
 Wall-clock Time                      : 6 us
 io_uring Completion Count            : 0
[===============================================]-- Elapsed Time Analysis --
[===============================================][===============================================]-- Elapsed Time Analysis --
 Wall-clock Time                      : 7 us
 - Non I/O Handling Time (Estimated)  : 7 us
[===============================================]

[===============================================]-- Elapsed Time Analysis --
 Wall-clock Time                      : 8 us
[===============================================]-- Elapsed Time Analysis --
 Wall-clock Time                      : 6 us
[===============================================]-- Elapsed Time Analysis --
 Wall-clock Time                      : 6 us
 - Non I/O Handling Time (Estimated)  : 6 us
[===============================================]
Result of node_idx 21 in node_object 0: Subtract (ND)

-- Elapsed Time Analysis --
-- I/O Counts --
[===============================================]-- Elapsed Time Analysis --

[===============================================]-- Elapsed Time Analysis --
 Wall-clock Time                      : 6 us

[===============================================]-- Elapsed Time Analysis --
 Wall-clock Time                      : 6 us
[===============================================]-- Elapsed Time Analysis --
 Wall-clock Time                      : 6 us

[===============================================]-- Elapsed Time Analysis --
 Wall-clock Time                      : 6 us
[===============================================]-- Elapsed Time Analysis --

[===============================================]
Result of node_idx 0 in node_object 0: Multiply (ND)

-- Elapsed Time Analysis --

[===============================================]-- Elapsed Time Analysis --
[===============================================]
Result of node_idx 2 in node_object 0: Transpose (ND, X32)

-- Elapsed Time Analysis --
 Wall-clock Time                      : 30 us
 - Non I/O Handling Time (Estimated)  : 30 us
 - I/O Handling Time                  : 0 us
        - Read Syscall                : 0 us
        - Write Syscall               : 0 us
        - Page Fault                  : 0 us
        - io_uring                    : 0 us

-- I/O Counts --
 Read Syscall Count                   : 0

[===============================================]-- Elapsed Time Analysis --

[===============================================]-- Elapsed Time Analysis --
[===============================================]
Result of node_idx 5 in node_object 0: Batch Matrix Multiply (NC, F32)

-- Elapsed Time Analysis --
 Wall-clock Time                      : 58 us
 - Non I/O Handling Time (Estimated)  : 58 us
 - I/O Handling Time                  : 0 us
        - Read Syscall                : 0 us
        - Write Syscall               : 0 us
        - Page Fault                  : 0 us
        - io_uring                    : 0 us

-- I/O Counts --
 Read Syscall Count                   : 0
 Write Syscall Count                  : 0
 Block I/O Count                      : 0
 io_uring Completion Count            : 0

-- Total I/O Time (block device) --
 Total Block I/O Time           : 0

-- Page Faults & Bytes --
 Page Fault Count               : 0
 Read Bytes                     : 0
 Write Bytes                    : 0
 Block Read Bytes               : 0
[===============================================]        - Read Syscall                : 0 us
[===============================================]-- Elapsed Time Analysis --

[===============================================]-- Elapsed Time Analysis --
 Wall-clock Time                      : 9 us
 - Non I/O Handling Time (Estimated)  : 9 us
-- I/O Counts --
[===============================================]
Result of node_idx 9 in node_object 0: Transpose (ND, X32)

-- Elapsed Time Analysis --
 Wall-clock Time                      : 37 us
 - Non I/O Handling Time (Estimated)  : 37 us
 - I/O Handling Time                  : 0 us
        - Read Syscall                : 0 us
        - Write Syscall               : 0 us
        - Page Fault                  : 0 us
        - io_uring                    : 0 us

-- I/O Counts --
 Read Syscall Count                   : 0
 Write Syscall Count                  : 0
 Block I/O Count                      : 0
 io_uring Completion Count            : 0
[===============================================][===============================================]-- Elapsed Time Analysis --

[===============================================]
Result of node_idx 12 in node_object 0: Batch Matrix Multiply (NC, F32)

-- Elapsed Time Analysis --
 Wall-clock Time                      : 51 us
 - Non I/O Handling Time (Estimated)  : 51 us
 - I/O Handling Time                  : 0 us
        - Read Syscall                : 0 us
        - Write Syscall               : 0 us
        - Page Fault                  : 0 us
        - io_uring                    : 0 us

-- I/O Counts --
 Read Syscall Count                   : 0
 Write Syscall Count                  : 0
 Block I/O Count                      : 0
 io_uring Completion Count            : 0

-- Total I/O Time (block device) --
 Total Block I/O Time           : 0

-- Page Faults & Bytes --
 Page Fault Count               : 0
[===============================================]-- Elapsed Time Analysis --

[===============================================]-- Elapsed Time Analysis --

[===============================================]-- Elapsed Time Analysis --
[===============================================]-- Elapsed Time Analysis --
 Wall-clock Time                      : 11 us
 - Non I/O Handling Time (Estimated)  : 11 us
 - I/O Handling Time                  : 0 us
 Write Syscall Count                  : 0
[===============================================]-- Elapsed Time Analysis --
 Wall-clock Time                      : 6 us
 - I/O Handling Time                  : 0 us
[===============================================]
Result of node_idx 0 in node_object 0: Multiply (ND)

-- Elapsed Time Analysis --
 Wall-clock Time                      : 11 us
 - Non I/O Handling Time (Estimated)  : 11 us
 - I/O Handling Time                  : 0 us
        - Read Syscall                : 0 us
        - Write Syscall               : 0 us
        - Page Fault                  : 0 us
[===============================================]-- Elapsed Time Analysis --
[===============================================]-- Elapsed Time Analysis --
 Wall-clock Time                      : 4 us
[===============================================]-- Elapsed Time Analysis --

[===============================================]-- Elapsed Time Analysis --
[===============================================]-- Elapsed Time Analysis --
 Wall-clock Time                      : 6 us
[===============================================]-- Elapsed Time Analysis --
 Wall-clock Time                      : 6 us

[===============================================]
Result of node_idx 0 in node_object 0: Fully Connected (NC, QDU8, F32, QC8W)

-- Elapsed Time Analysis --
 Wall-clock Time                      : 24 us
 - Non I/O Handling Time (Estimated)  : 24 us
 - I/O Handling Time                  : 0 us
        - Read Syscall                : 0 us
        - Write Syscall               : 0 us
        - Page Fault                  : 0 us
        - io_uring                    : 0 us

-- I/O Counts --
 Read Syscall Count                   : 0
 Write Syscall Count                  : 0
[===============================================]-- Elapsed Time Analysis --
 Wall-clock Time                      : 6 us
[===============================================]-- Elapsed Time Analysis --
 Wall-clock Time                      : 6 us

[===============================================]
Result of node_idx 3 in node_object 0: Fully Connected (NC, QDU8, F32, QC8W)

-- Elapsed Time Analysis --
 Wall-clock Time                      : 21 us
 - Non I/O Handling Time (Estimated)  : 21 us
 - I/O Handling Time                  : 0 us
        - Read Syscall                : 0 us
[===============================================]
Result of node_idx 4 in node_object 0: Multiply (ND)

 Wall-clock Time                      : 7 us
[===============================================]
Result of node_idx 5 in node_object 0: Fully Connected (NC, QDU8, F32, QC8W)

-- Elapsed Time Analysis --
 Wall-clock Time                      : 21 us
 - Non I/O Handling Time (Estimated)  : 21 us
 - I/O Handling Time                  : 0 us

[===============================================]-- Elapsed Time Analysis --
 Wall-clock Time                      : 6 us

[===============================================]
Result of node_idx 0 in node_object 0: Multiply (ND)

-- Elapsed Time Analysis --
 Wall-clock Time                      : 10 us

[===============================================]-- Total I/O Time (block device) --
[===============================================]
Result of node_idx 2 in node_object 0: Multiply (ND)

[===============================================]-- Elapsed Time Analysis --

[===============================================]-- Elapsed Time Analysis --

[===============================================]-- Elapsed Time Analysis --
 Wall-clock Time                      : 6 us

[===============================================]-- Elapsed Time Analysis --
 Wall-clock Time                      : 6 us
[===============================================]
Result of node_idx 0 in node_object 0: Fully Connected (NC, QDU8, F32, QC8W)

-- Elapsed Time Analysis --
 Wall-clock Time                      : 19 us
 - Non I/O Handling Time (Estimated)  : 19 us
 - I/O Handling Time                  : 0 us
        - Read Syscall                : 0 us
        - Write Syscall               : 0 us
[===============================================]-- Elapsed Time Analysis --
 Wall-clock Time                      : 4 us
[===============================================]
Result of node_idx 2 in node_object 0: Slice (ND, X32)

-- Elapsed Time Analysis --

[===============================================]-- Elapsed Time Analysis --
 Wall-clock Time                      : 7 us

 Total Block I/O Time           : 0
[===============================================]-- Elapsed Time Analysis --
 Wall-clock Time                      : 8 us

[===============================================]-- Elapsed Time Analysis --
 Block Write Bytes              : 0
[===============================================]-- Elapsed Time Analysis --
 Wall-clock Time                      : 8 us

[===============================================]-- Elapsed Time Analysis --
 Wall-clock Time                      : 8 us

[===============================================]-- Elapsed Time Analysis --
 Wall-clock Time                      : 6 us
[===============================================]-- Elapsed Time Analysis --
 Wall-clock Time                      : 5 us
 - Non I/O Handling Time (Estimated)  : 5 us
[===============================================]
Result of node_idx 10 in node_object 0: Subtract (ND)

-- Elapsed Time Analysis --
[===============================================]

[===============================================]-- Elapsed Time Analysis --

[===============================================]-- Elapsed Time Analysis --
 Wall-clock Time                      : 5 us

[===============================================]-- Elapsed Time Analysis --
 Wall-clock Time                      : 6 us
 Block Read Bytes               : 0
[===============================================]-- Elapsed Time Analysis --

[===============================================]-- Elapsed Time Analysis --
 Wall-clock Time                      : 5 us
[===============================================]-- Elapsed Time Analysis --

[===============================================]

[===============================================][===============================================]

[===============================================]-- Elapsed Time Analysis --
 Wall-clock Time                      : 7 us
 - Non I/O Handling Time (Estimated)  : 7 us
[===============================================]
Result of node_idx 18 in node_object 0: Slice (ND, X32)

-- Elapsed Time Analysis --
 Wall-clock Time                      : 7 us
[===============================================]-- Elapsed Time Analysis --
 Wall-clock Time                      : 6 us
[===============================================]-- Elapsed Time Analysis --
 Wall-clock Time                      : 5 us
[===============================================]-- Elapsed Time Analysis --
 Wall-clock Time                      : 6 us

[===============================================]-- Elapsed Time Analysis --
 Wall-clock Time                      : 5 us
[===============================================]-- Elapsed Time Analysis --

 Write Syscall Count                  : 0
[===============================================]-- Elapsed Time Analysis --
        - Page Fault                  : 0 us
[===============================================]-- Elapsed Time Analysis --
        - Page Fault                  : 0 us
[===============================================]-- Elapsed Time Analysis --

-- Page Faults & Bytes --
[===============================================]-- Elapsed Time Analysis --
[===============================================]
Result of node_idx 0 in node_object 0: Multiply (ND)

-- Elapsed Time Analysis --
 Wall-clock Time                      : 5 us
 - Non I/O Handling Time (Estimated)  : 5 us

[===============================================]-- Elapsed Time Analysis --

[===============================================]
Result of node_idx 2 in node_object 0: Transpose (ND, X32)

-- Elapsed Time Analysis --
 Wall-clock Time                      : 30 us
 - Non I/O Handling Time (Estimated)  : 30 us
 - I/O Handling Time                  : 0 us
        - Read Syscall                : 0 us
        - Write Syscall               : 0 us
        - Page Fault                  : 0 us

[===============================================]-- Elapsed Time Analysis --

[===============================================]-- Elapsed Time Analysis --

[===============================================]
Result of node_idx 5 in node_object 0: Batch Matrix Multiply (NC, F32)

-- Elapsed Time Analysis --
 Wall-clock Time                      : 55 us
 - Non I/O Handling Time (Estimated)  : 55 us
 - I/O Handling Time                  : 0 us
        - Read Syscall                : 0 us
        - Write Syscall               : 0 us
        - Page Fault                  : 0 us
        - io_uring                    : 0 us

-- I/O Counts --
 Read Syscall Count                   : 0
 Write Syscall Count                  : 0
 Block I/O Count                      : 0
 io_uring Completion Count            : 0

-- Total I/O Time (block device) --
 Total Block I/O Time           : 0

-- Page Faults & Bytes --
 Page Fault Count               : 0
 Read Bytes                     : 0
 Write Bytes                    : 0
 Block Read Bytes               : 0
[===============================================]

[===============================================]-- Elapsed Time Analysis --

[===============================================]
Result of node_idx 7 in node_object 0: Add (ND)

-- Elapsed Time Analysis --
[===============================================]

[===============================================]-- Elapsed Time Analysis --
 Wall-clock Time                      : 9 us

[===============================================]
Result of node_idx 9 in node_object 0: Transpose (ND, X32)

-- Elapsed Time Analysis --
 Wall-clock Time                      : 41 us
 - Non I/O Handling Time (Estimated)  : 41 us
 - I/O Handling Time                  : 0 us
        - Read Syscall                : 0 us
        - Write Syscall               : 0 us
        - Page Fault                  : 0 us
        - io_uring                    : 0 us

-- I/O Counts --
[===============================================]-- Elapsed Time Analysis --
[===============================================]-- Elapsed Time Analysis --

[===============================================]
Result of node_idx 12 in node_object 0: Batch Matrix Multiply (NC, F32)

-- Elapsed Time Analysis --
 Wall-clock Time                      : 50 us
 - Non I/O Handling Time (Estimated)  : 50 us
 - I/O Handling Time                  : 0 us
        - Read Syscall                : 0 us
        - Write Syscall               : 0 us
        - Page Fault                  : 0 us
        - io_uring                    : 0 us

-- I/O Counts --
 Read Syscall Count                   : 0
 Write Syscall Count                  : 0
 Block I/O Count                      : 0
 io_uring Completion Count            : 0

-- Total I/O Time (block device) --
 Total Block I/O Time           : 0

-- Page Faults & Bytes --
 Page Fault Count               : 0
[===============================================]

[===============================================] Read Syscall Count                   : 0
[===============================================]-- Elapsed Time Analysis --

[===============================================]-- Elapsed Time Analysis --

-- Page Faults & Bytes --
[===============================================]
Result of node_idx 16 in node_object 0: Fully Connected (NC, QDU8, F32, QC8W)

-- Elapsed Time Analysis --
 Wall-clock Time                      : 11 us
[===============================================]-- Elapsed Time Analysis --
 Wall-clock Time                      : 6 us
 - Non I/O Handling Time (Estimated)  : 6 us
 Write Syscall Count                  : 0
[===============================================]
Result of node_idx 0 in node_object 0: Multiply (ND)

-- Elapsed Time Analysis --
 Wall-clock Time                      : 10 us

[===============================================]-- Elapsed Time Analysis --
[===============================================]-- Elapsed Time Analysis --
[===============================================]-- Elapsed Time Analysis --
 Wall-clock Time                      : 3 us
[===============================================]-- Elapsed Time Analysis --

[===============================================]-- Elapsed Time Analysis --
 Wall-clock Time                      : 6 us
[===============================================]
Result of node_idx 6 in node_object 0: Multiply (ND)

-- Elapsed Time Analysis --
 Write Bytes                    : 0
[===============================================]
Result of node_idx 0 in node_object 0: Fully Connected (NC, QDU8, F32, QC8W)

-- Elapsed Time Analysis --
 Wall-clock Time                      : 24 us
 - Non I/O Handling Time (Estimated)  : 24 us
 - I/O Handling Time                  : 0 us
        - Read Syscall                : 0 us
        - Write Syscall               : 0 us
        - Page Fault                  : 0 us

[===============================================]-- Elapsed Time Analysis --
 Wall-clock Time                      : 5 us
[===============================================]-- Elapsed Time Analysis --
 Wall-clock Time                      : 6 us

[===============================================]
Result of node_idx 3 in node_object 0: Fully Connected (NC, QDU8, F32, QC8W)

-- Elapsed Time Analysis --
 Wall-clock Time                      : 21 us
 - Non I/O Handling Time (Estimated)  : 21 us
 - I/O Handling Time                  : 0 us
        - Read Syscall                : 0 us
        - Write Syscall               : 0 us

[===============================================]-- Elapsed Time Analysis --
 Wall-clock Time                      : 6 us

 io_uring Completion Count            : 0
[===============================================]
Result of node_idx 5 in node_object 0: Fully Connected (NC, QDU8, F32, QC8W)

-- Elapsed Time Analysis --
 Wall-clock Time                      : 20 us
 - Non I/O Handling Time (Estimated)  : 20 us
[===============================================]-- Elapsed Time Analysis --
 Wall-clock Time                      : 6 us
[===============================================]
Result of node_idx 0 in node_object 0: Multiply (ND)

-- Elapsed Time Analysis --
 Wall-clock Time                      : 9 us
 - Non I/O Handling Time (Estimated)  : 9 us
 - I/O Handling Time                  : 0 us
        - Read Syscall                : 0 us
        - Write Syscall               : 0 us
        - Page Fault                  : 0 us
[===============================================]
-- I/O Counts --
[===============================================] Read Syscall Count                   : 0
[===============================================]-- Elapsed Time Analysis --
 Write Syscall Count                  : 0
[===============================================]-- Elapsed Time Analysis --
[===============================================]-- Elapsed Time Analysis --
 Wall-clock Time                      : 6 us

[===============================================]-- Elapsed Time Analysis --
 Wall-clock Time                      : 6 us
[===============================================]
Result of node_idx 0 in node_object 0: Fully Connected (NC, QDU8, F32, QC8W)

-- Elapsed Time Analysis --
 Wall-clock Time                      : 18 us
 - Non I/O Handling Time (Estimated)  : 18 us
 - I/O Handling Time                  : 0 us
        - Read Syscall                : 0 us
        - Write Syscall               : 0 us
        - Page Fault                  : 0 us
        - io_uring                    : 0 us

[===============================================]-- Elapsed Time Analysis --
 Wall-clock Time                      : 4 us
[===============================================]-- Elapsed Time Analysis --
 Wall-clock Time                      : 6 us
 - I/O Handling Time                  : 0 us

[===============================================]-- Elapsed Time Analysis --
 Wall-clock Time                      : 7 us
 Write Bytes                    : 0
[===============================================]-- Elapsed Time Analysis --
 Wall-clock Time                      : 7 us

[===============================================][===============================================]

[===============================================]-- Elapsed Time Analysis --
 Wall-clock Time                      : 7 us
[===============================================]-- Elapsed Time Analysis --
 Wall-clock Time                      : 8 us
 - Non I/O Handling Time (Estimated)  : 8 us

[===============================================]-- Elapsed Time Analysis --
 Wall-clock Time                      : 6 us

-- Page Faults & Bytes --
 Page Fault Count               : 0
 Read Bytes                     : 0
[===============================================]

[===============================================]-- Elapsed Time Analysis --
[===============================================]-- Elapsed Time Analysis --
 Wall-clock Time                      : 5 us
 - Non I/O Handling Time (Estimated)  : 5 us
[===============================================]-- Elapsed Time Analysis --
 - I/O Handling Time                  : 0 us

[===============================================]-- Elapsed Time Analysis --
 Wall-clock Time                      : 5 us
[===============================================]-- Elapsed Time Analysis --

-- I/O Counts --
[===============================================]-- Elapsed Time Analysis --
        - Page Fault                  : 0 us
[===============================================]-- Elapsed Time Analysis --
 Wall-clock Time                      : 6 us
[===============================================]-- Elapsed Time Analysis --
 - Non I/O Handling Time (Estimated)  : 4 us
[===============================================]        - io_uring                    : 0 us
[===============================================]
Result of node_idx 17 in node_object 0: Slice (ND, X32)

-- Elapsed Time Analysis --
 Wall-clock Time                      : 7 us
[===============================================]-- Elapsed Time Analysis --
 Wall-clock Time                      : 7 us

 Total Block I/O Time           : 0
[===============================================]-- Elapsed Time Analysis --

[===============================================]-- Elapsed Time Analysis --
 Wall-clock Time                      : 6 us
[===============================================]-- Elapsed Time Analysis --
 Wall-clock Time                      : 6 us

[===============================================]-- Elapsed Time Analysis --
 Wall-clock Time                      : 5 us
[===============================================]-- Elapsed Time Analysis --
 Wall-clock Time                      : 5 us
[===============================================]-- Elapsed Time Analysis --
 Wall-clock Time                      : 6 us

[===============================================]-- Elapsed Time Analysis --
 Wall-clock Time                      : 6 us
        - Read Syscall                : 0 us
[===============================================]
Result of node_idx 25 in node_object 1: Copy (NC, X32)

[===============================================]-- Elapsed Time Analysis --

[===============================================]
Result of node_idx 0 in node_object 0: Multiply (ND)

-- Elapsed Time Analysis --
[===============================================]-- Elapsed Time Analysis --

[===============================================]
Result of node_idx 2 in node_object 0: Transpose (ND, X32)

-- Elapsed Time Analysis --
 Wall-clock Time                      : 28 us
 - Non I/O Handling Time (Estimated)  : 28 us
 - I/O Handling Time                  : 0 us
        - Read Syscall                : 0 us
        - Write Syscall               : 0 us

-- I/O Counts --
[===============================================]-- Elapsed Time Analysis --
[===============================================]-- Elapsed Time Analysis --
 Wall-clock Time                      : 3 us
 - Non I/O Handling Time (Estimated)  : 3 us
 - I/O Handling Time                  : 0 us
[===============================================]
Result of node_idx 5 in node_object 0: Batch Matrix Multiply (NC, F32)

-- Elapsed Time Analysis --
 Wall-clock Time                      : 55 us
 - Non I/O Handling Time (Estimated)  : 55 us
 - I/O Handling Time                  : 0 us
        - Read Syscall                : 0 us
        - Write Syscall               : 0 us
        - Page Fault                  : 0 us
        - io_uring                    : 0 us

-- I/O Counts --
 Read Syscall Count                   : 0
 Write Syscall Count                  : 0
 Block I/O Count                      : 0
 io_uring Completion Count            : 0

-- Total I/O Time (block device) --
 Total Block I/O Time           : 0
[===============================================]-- Elapsed Time Analysis --
 Wall-clock Time                      : 3 us
[===============================================]
Result of node_idx 7 in node_object 0: Add (ND)

 Read Syscall Count                   : 0
[===============================================]-- Elapsed Time Analysis --
 Wall-clock Time                      : 8 us
 - Non I/O Handling Time (Estimated)  : 8 us
        - Read Syscall                : 0 us
[===============================================]
Result of node_idx 9 in node_object 0: Transpose (ND, X32)

-- Elapsed Time Analysis --
 Wall-clock Time                      : 35 us
 - Non I/O Handling Time (Estimated)  : 35 us
 - I/O Handling Time                  : 0 us
        - Read Syscall                : 0 us
        - Write Syscall               : 0 us
        - Page Fault                  : 0 us
        - io_uring                    : 0 us

[===============================================]-- Elapsed Time Analysis --

[===============================================]        - Write Syscall               : 0 us

[===============================================]
Result of node_idx 12 in node_object 0: Batch Matrix Multiply (NC, F32)

-- Elapsed Time Analysis --
 Wall-clock Time                      : 50 us
 - Non I/O Handling Time (Estimated)  : 50 us
 - I/O Handling Time                  : 0 us
        - Read Syscall                : 0 us
        - Write Syscall               : 0 us
        - Page Fault                  : 0 us
        - io_uring                    : 0 us

-- I/O Counts --
 Read Syscall Count                   : 0
 Write Syscall Count                  : 0
 Block I/O Count                      : 0
 io_uring Completion Count            : 0

-- Total I/O Time (block device) --
 Total Block I/O Time           : 0

-- Page Faults & Bytes --
[===============================================]-- Elapsed Time Analysis --
 Write Bytes                    : 0
[===============================================] io_uring Completion Count            : 0
[===============================================]-- Elapsed Time Analysis --
[===============================================]
Result of node_idx 16 in node_object 0: Fully Connected (NC, QDU8, F32, QC8W)

-- Elapsed Time Analysis --
 Wall-clock Time                      : 11 us
 - Non I/O Handling Time (Estimated)  : 11 us

[===============================================]-- Elapsed Time Analysis --
 Wall-clock Time                      : 6 us

[===============================================]
Result of node_idx 0 in node_object 0: Multiply (ND)

-- Elapsed Time Analysis --
 Wall-clock Time                      : 11 us
 - Non I/O Handling Time (Estimated)  : 11 us
 Block Read Bytes               : 0
[===============================================]        - Page Fault                  : 0 us
[===============================================] Read Syscall Count                   : 0
[===============================================]-- Elapsed Time Analysis --
-- I/O Counts --
[===============================================]-- Elapsed Time Analysis --

[===============================================]

[===============================================]
Result of node_idx 5 in node_object 0: Multiply (ND)

[===============================================]-- Elapsed Time Analysis --
 Wall-clock Time                      : 6 us

[===============================================]
Result of node_idx 0 in node_object 0: Fully Connected (NC, QDU8, F32, QC8W)

-- Elapsed Time Analysis --
 Wall-clock Time                      : 23 us
 - Non I/O Handling Time (Estimated)  : 23 us
 - I/O Handling Time                  : 0 us
        - Read Syscall                : 0 us
        - Write Syscall               : 0 us
        - Page Fault                  : 0 us
[===============================================]-- Elapsed Time Analysis --
 Wall-clock Time                      : 5 us
[===============================================]-- Elapsed Time Analysis --
 Wall-clock Time                      : 7 us
 - Non I/O Handling Time (Estimated)  : 7 us
 Page Fault Count               : 0
[===============================================]
Result of node_idx 3 in node_object 0: Fully Connected (NC, QDU8, F32, QC8W)

-- Elapsed Time Analysis --
 Wall-clock Time                      : 20 us
 - Non I/O Handling Time (Estimated)  : 20 us
 - I/O Handling Time                  : 0 us
        - Read Syscall                : 0 us

[===============================================]-- Elapsed Time Analysis --
 Wall-clock Time                      : 6 us

[===============================================]
Result of node_idx 5 in node_object 0: Fully Connected (NC, QDU8, F32, QC8W)

-- Elapsed Time Analysis --
 Wall-clock Time                      : 20 us
 - Non I/O Handling Time (Estimated)  : 20 us
 - I/O Handling Time                  : 0 us
        - Read Syscall                : 0 us
        - Write Syscall               : 0 us
        - Page Fault                  : 0 us

[===============================================]-- Elapsed Time Analysis --
 Wall-clock Time                      : 6 us
 - Non I/O Handling Time (Estimated)  : 6 us
[===============================================]
Result of node_idx 0 in node_object 0: Multiply (ND)

-- Elapsed Time Analysis --
 Wall-clock Time                      : 33 us
 - Non I/O Handling Time (Estimated)  : 33 us
 - I/O Handling Time                  : 0 us
        - Read Syscall                : 0 us
        - Write Syscall               : 0 us
        - Page Fault                  : 0 us
        - io_uring                    : 0 us

-- I/O Counts --
 Read Syscall Count                   : 0
 Write Syscall Count                  : 0
 Block I/O Count                      : 0
 io_uring Completion Count            : 0

-- Total I/O Time (block device) --
[===============================================][===============================================]
-- Total I/O Time (block device) --
[===============================================]-- Total I/O Time (block device) --

[===============================================][===============================================]
Result of node_idx 5 in node_object 0: Multiply (ND)

-- Elapsed Time Analysis --
 Wall-clock Time                      : 6 us
[===============================================]-- Elapsed Time Analysis --
 Wall-clock Time                      : 6 us

[===============================================]
Result of node_idx 0 in node_object 0: Fully Connected (NC, QDU8, F32, QC8W)

-- Elapsed Time Analysis --
 Wall-clock Time                      : 20 us
 - Non I/O Handling Time (Estimated)  : 20 us
 - I/O Handling Time                  : 0 us
        - Read Syscall                : 0 us
        - Write Syscall               : 0 us

[===============================================]

[===============================================]-- Elapsed Time Analysis --
[===============================================]-- Elapsed Time Analysis --
 Wall-clock Time                      : 7 us

[===============================================]-- Elapsed Time Analysis --
 Wall-clock Time                      : 7 us
        - io_uring                    : 0 us
 Total Block I/O Time           : 0
[===============================================]
Result of node_idx 4 in node_object 0: Slice (ND, X32)

 Total Block I/O Time           : 0
[===============================================] Read Syscall Count                   : 0
[===============================================]-- Elapsed Time Analysis --
 Wall-clock Time                      : 8 us
 - Non I/O Handling Time (Estimated)  : 8 us
[===============================================]-- Elapsed Time Analysis --
 Wall-clock Time                      : 7 us
 - Non I/O Handling Time (Estimated)  : 7 us
[===============================================]-- Elapsed Time Analysis --
 Wall-clock Time                      : 6 us

[===============================================]-- Elapsed Time Analysis --
 Wall-clock Time                      : 5 us
[===============================================]-- Elapsed Time Analysis --
 Wall-clock Time                      : 6 us
[===============================================]-- Elapsed Time Analysis --
        - io_uring                    : 0 us

[===============================================]-- Elapsed Time Analysis --
 Wall-clock Time                      : 6 us
[===============================================]
Result of node_idx 13 in node_object 0: Add (ND)

-- Elapsed Time Analysis --
[===============================================]-- Elapsed Time Analysis --
 Wall-clock Time                      : 6 us
 - Non I/O Handling Time (Estimated)  : 6 us
[===============================================]-- Elapsed Time Analysis --

[===============================================]-- Elapsed Time Analysis --
[===============================================]-- Elapsed Time Analysis --

[===============================================]-- Elapsed Time Analysis --
 Wall-clock Time                      : 7 us

[===============================================]

[===============================================]-- Elapsed Time Analysis --
 Wall-clock Time                      : 7 us
[===============================================]-- Elapsed Time Analysis --
 Wall-clock Time                      : 8 us
[===============================================]-- Elapsed Time Analysis --
 Wall-clock Time                      : 6 us
 - Non I/O Handling Time (Estimated)  : 6 us
[===============================================]
Result of node_idx 21 in node_object 0: Subtract (ND)

-- Elapsed Time Analysis --

[===============================================]-- Elapsed Time Analysis --

 Write Bytes                    : 0
[===============================================]-- Elapsed Time Analysis --

[===============================================]-- Elapsed Time Analysis --
 Wall-clock Time                      : 6 us
[===============================================]-- Elapsed Time Analysis --
 Wall-clock Time                      : 6 us

[===============================================]-- Elapsed Time Analysis --
 Wall-clock Time                      : 6 us
[===============================================]-- Elapsed Time Analysis --

[===============================================]-- Elapsed Time Analysis --
 Wall-clock Time                      : 5 us
 - Non I/O Handling Time (Estimated)  : 5 us
 - I/O Handling Time                  : 0 us
        - Page Fault                  : 0 us
[===============================================]-- Elapsed Time Analysis --
        - Page Fault                  : 0 us
[===============================================]
Result of node_idx 2 in node_object 0: Transpose (ND, X32)

-- Elapsed Time Analysis --
 Wall-clock Time                      : 29 us
 - Non I/O Handling Time (Estimated)  : 29 us
 - I/O Handling Time                  : 0 us
        - Read Syscall                : 0 us
        - Write Syscall               : 0 us
        - Page Fault                  : 0 us
        - io_uring                    : 0 us

[===============================================]

[===============================================]-- Elapsed Time Analysis --
[===============================================]-- Elapsed Time Analysis --

[===============================================]
Result of node_idx 5 in node_object 0: Batch Matrix Multiply (NC, F32)

-- Elapsed Time Analysis --
 Wall-clock Time                      : 57 us
 - Non I/O Handling Time (Estimated)  : 57 us
 - I/O Handling Time                  : 0 us
        - Read Syscall                : 0 us
        - Write Syscall               : 0 us
        - Page Fault                  : 0 us
        - io_uring                    : 0 us

-- I/O Counts --
 Read Syscall Count                   : 0
 Write Syscall Count                  : 0
 Block I/O Count                      : 0
 io_uring Completion Count            : 0

-- Total I/O Time (block device) --
 Total Block I/O Time           : 0

-- Page Faults & Bytes --
 Page Fault Count               : 0
 Read Bytes                     : 0
[===============================================]

[===============================================]-- Elapsed Time Analysis --

[===============================================]-- Elapsed Time Analysis --
 Wall-clock Time                      : 6 us
[===============================================]-- Elapsed Time Analysis --
 Wall-clock Time                      : 9 us
 - Non I/O Handling Time (Estimated)  : 9 us
[===============================================]
Result of node_idx 9 in node_object 0: Transpose (ND, X32)

-- Elapsed Time Analysis --
 Wall-clock Time                      : 35 us
 - Non I/O Handling Time (Estimated)  : 35 us
 - I/O Handling Time                  : 0 us
        - Read Syscall                : 0 us
        - Write Syscall               : 0 us
        - Page Fault                  : 0 us
        - io_uring                    : 0 us

-- I/O Counts --
 Read Syscall Count                   : 0
 Write Syscall Count                  : 0
 Block I/O Count                      : 0
 io_uring Completion Count            : 0

[===============================================][===============================================]-- Elapsed Time Analysis --
[===============================================]
Result of node_idx 12 in node_object 0: Batch Matrix Multiply (NC, F32)

-- Elapsed Time Analysis --
 Wall-clock Time                      : 56 us
 - Non I/O Handling Time (Estimated)  : 56 us
 - I/O Handling Time                  : 0 us
        - Read Syscall                : 0 us
        - Write Syscall               : 0 us
        - Page Fault                  : 0 us
        - io_uring                    : 0 us

-- I/O Counts --
 Read Syscall Count                   : 0
 Write Syscall Count                  : 0
 Block I/O Count                      : 0
 io_uring Completion Count            : 0

-- Total I/O Time (block device) --
 Total Block I/O Time           : 0

-- Page Faults & Bytes --
 Page Fault Count               : 0
 Read Bytes                     : 0
 Write Bytes                    : 0
[===============================================]
[===============================================]-- Elapsed Time Analysis --
-- I/O Counts --
[===============================================]-- Elapsed Time Analysis --
[===============================================]

[===============================================]-- Elapsed Time Analysis --
 Wall-clock Time                      : 11 us

 Read Syscall Count                   : 0
[===============================================]-- Elapsed Time Analysis --

 Read Bytes                     : 0
[===============================================]
Result of node_idx 0 in node_object 0: Multiply (ND)

-- Elapsed Time Analysis --
 Wall-clock Time                      : 10 us
 - Non I/O Handling Time (Estimated)  : 10 us
 - I/O Handling Time                  : 0 us
        - Read Syscall                : 0 us
        - Write Syscall               : 0 us

[===============================================]-- Elapsed Time Analysis --

[===============================================]-- Elapsed Time Analysis --
[===============================================]-- Elapsed Time Analysis --

[===============================================]-- Elapsed Time Analysis --

[===============================================]-- Elapsed Time Analysis --
 - I/O Handling Time                  : 0 us
[===============================================]-- Elapsed Time Analysis --
 Wall-clock Time                      : 6 us
[===============================================]
Result of node_idx 0 in node_object 0: Fully Connected (NC, QDU8, F32, QC8W)

-- Elapsed Time Analysis --
 Wall-clock Time                      : 24 us
 - Non I/O Handling Time (Estimated)  : 24 us
 - I/O Handling Time                  : 0 us
        - Read Syscall                : 0 us
        - Write Syscall               : 0 us
        - Page Fault                  : 0 us
        - io_uring                    : 0 us

-- I/O Counts --
 Read Syscall Count                   : 0

-- Page Faults & Bytes --
[===============================================]-- Elapsed Time Analysis --

[===============================================]-- Elapsed Time Analysis --
 Wall-clock Time                      : 6 us
[===============================================]
Result of node_idx 3 in node_object 0: Fully Connected (NC, QDU8, F32, QC8W)

-- Elapsed Time Analysis --
 Wall-clock Time                      : 21 us
 - Non I/O Handling Time (Estimated)  : 21 us
 - I/O Handling Time                  : 0 us
[===============================================]-- Elapsed Time Analysis --
 Wall-clock Time                      : 6 us
 - Non I/O Handling Time (Estimated)  : 6 us
[===============================================]
Result of node_idx 5 in node_object 0: Fully Connected (NC, QDU8, F32, QC8W)

-- Elapsed Time Analysis --
 Wall-clock Time                      : 21 us
 - Non I/O Handling Time (Estimated)  : 21 us
 - I/O Handling Time                  : 0 us
        - Read Syscall                : 0 us
        - Write Syscall               : 0 us
        - Page Fault                  : 0 us

[===============================================]-- Elapsed Time Analysis --
 Wall-clock Time                      : 6 us
[===============================================]
Result of node_idx 0 in node_object 0: Multiply (ND)

-- Elapsed Time Analysis --
 Wall-clock Time                      : 10 us
 - Non I/O Handling Time (Estimated)  : 10 us
[===============================================]-- Elapsed Time Analysis --
[===============================================]-- Elapsed Time Analysis --

[===============================================]        - Write Syscall               : 0 us
[===============================================]-- Elapsed Time Analysis --
[===============================================]
Result of node_idx 5 in node_object 0: Multiply (ND)

-- Elapsed Time Analysis --

[===============================================]-- Elapsed Time Analysis --
 Wall-clock Time                      : 6 us

[===============================================]
Result of node_idx 0 in node_object 0: Fully Connected (NC, QDU8, F32, QC8W)

-- Elapsed Time Analysis --
 Wall-clock Time                      : 22 us
 - Non I/O Handling Time (Estimated)  : 22 us
 - I/O Handling Time                  : 0 us
        - Read Syscall                : 0 us
        - Write Syscall               : 0 us
        - Page Fault                  : 0 us

[===============================================]-- Elapsed Time Analysis --

[===============================================]-- Elapsed Time Analysis --
 Wall-clock Time                      : 7 us
        - Read Syscall                : 0 us
 io_uring Completion Count            : 0
[===============================================]
Result of node_idx 3 in node_object 0: Slice (ND, X32)

-- Page Faults & Bytes --
[===============================================]-- Elapsed Time Analysis --
 Wall-clock Time                      : 7 us
 - Non I/O Handling Time (Estimated)  : 7 us
[===============================================]-- Elapsed Time Analysis --

[===============================================]-- Elapsed Time Analysis --
 Wall-clock Time                      : 7 us
 Read Syscall Count                   : 0
[===============================================]-- Elapsed Time Analysis --
 Wall-clock Time                      : 11 us
 - Non I/O Handling Time (Estimated)  : 11 us
        - Page Fault                  : 0 us
[===============================================]-- Elapsed Time Analysis --
 Wall-clock Time                      : 5 us
[===============================================]-- Elapsed Time Analysis --

 Total Block I/O Time           : 0
[===============================================]-- Elapsed Time Analysis --
        - Write Syscall               : 0 us

[===============================================]
Result of node_idx 11 in node_object 0: Multiply (ND)

[===============================================]-- Elapsed Time Analysis --
 Wall-clock Time                      : 5 us
        - Read Syscall                : 0 us
[===============================================]-- Elapsed Time Analysis --

 Write Syscall Count                  : 0
[===============================================]-- Elapsed Time Analysis --
 - I/O Handling Time                  : 0 us
[===============================================]-- Elapsed Time Analysis --

-- Page Faults & Bytes --
[===============================================]-- Elapsed Time Analysis --
[===============================================]-- Elapsed Time Analysis --
[===============================================]-- Elapsed Time Analysis --
 Wall-clock Time                      : 6 us
 - Non I/O Handling Time (Estimated)  : 6 us
[===============================================]-- Elapsed Time Analysis --
 Wall-clock Time                      : 7 us

[===============================================]
Result of node_idx 19 in node_object 0: Multiply (ND)

-- Elapsed Time Analysis --
 Wall-clock Time                      : 6 us
[===============================================]-- Elapsed Time Analysis --

-- Page Faults & Bytes --
[===============================================]-- Elapsed Time Analysis --

[===============================================]-- Elapsed Time Analysis --
 Wall-clock Time                      : 5 us

[===============================================]-- Elapsed Time Analysis --
 Wall-clock Time                      : 6 us
[===============================================]-- Elapsed Time Analysis --
 Wall-clock Time                      : 6 us

[===============================================]-- Elapsed Time Analysis --
 Wall-clock Time                      : 5 us
[===============================================]-- Elapsed Time Analysis --
 Wall-clock Time                      : 6 us
[===============================================] - Non I/O Handling Time (Estimated)  : 3 us
[===============================================]
Result of node_idx 0 in node_object 0: Multiply (ND)

-- Elapsed Time Analysis --
 Wall-clock Time                      : 5 us
 - Non I/O Handling Time (Estimated)  : 5 us
 Block Read Bytes               : 0
[===============================================] Read Bytes                     : 0
[===============================================]
Result of node_idx 2 in node_object 0: Transpose (ND, X32)

-- Elapsed Time Analysis --
 Wall-clock Time                      : 33 us
 - Non I/O Handling Time (Estimated)  : 33 us
 - I/O Handling Time                  : 0 us
        - Read Syscall                : 0 us
        - Write Syscall               : 0 us
[===============================================]-- Elapsed Time Analysis --
[===============================================]-- Elapsed Time Analysis --

[===============================================]
Result of node_idx 5 in node_object 0: Batch Matrix Multiply (NC, F32)

-- Elapsed Time Analysis --
 Wall-clock Time                      : 54 us
 - Non I/O Handling Time (Estimated)  : 54 us
 - I/O Handling Time                  : 0 us
        - Read Syscall                : 0 us
        - Write Syscall               : 0 us
        - Page Fault                  : 0 us
        - io_uring                    : 0 us

-- I/O Counts --
 Read Syscall Count                   : 0
 Write Syscall Count                  : 0
 Block I/O Count                      : 0
 io_uring Completion Count            : 0

-- Total I/O Time (block device) --
 Total Block I/O Time           : 0

-- Page Faults & Bytes --
 Page Fault Count               : 0
 Read Bytes                     : 0
 Write Bytes                    : 0
[===============================================]-- Elapsed Time Analysis --

[===============================================]-- Elapsed Time Analysis --
-- I/O Counts --
[===============================================]-- Elapsed Time Analysis --
 Wall-clock Time                      : 8 us
 - Non I/O Handling Time (Estimated)  : 8 us
 Read Syscall Count                   : 0
[===============================================]
Result of node_idx 9 in node_object 0: Transpose (ND, X32)

-- Elapsed Time Analysis --
 Wall-clock Time                      : 35 us
 - Non I/O Handling Time (Estimated)  : 35 us
 - I/O Handling Time                  : 0 us
        - Read Syscall                : 0 us
        - Write Syscall               : 0 us
        - Page Fault                  : 0 us
        - io_uring                    : 0 us

-- I/O Counts --
 Read Syscall Count                   : 0
 Write Syscall Count                  : 0

[===============================================]-- Elapsed Time Analysis --

[===============================================]-- Elapsed Time Analysis --
[===============================================]
Result of node_idx 12 in node_object 0: Batch Matrix Multiply (NC, F32)

-- Elapsed Time Analysis --
 Wall-clock Time                      : 57 us
 - Non I/O Handling Time (Estimated)  : 57 us
 - I/O Handling Time                  : 0 us
        - Read Syscall                : 0 us
        - Write Syscall               : 0 us
        - Page Fault                  : 0 us
        - io_uring                    : 0 us

-- I/O Counts --
 Read Syscall Count                   : 0
 Write Syscall Count                  : 0
 Block I/O Count                      : 0
 io_uring Completion Count            : 0

-- Total I/O Time (block device) --
 Total Block I/O Time           : 0

-- Page Faults & Bytes --
 Page Fault Count               : 0
 Read Bytes                     : 0
 Write Bytes                    : 0
[===============================================]-- Elapsed Time Analysis --

[===============================================]-- Elapsed Time Analysis --
[===============================================]-- Elapsed Time Analysis --
[===============================================]-- Elapsed Time Analysis --
 Wall-clock Time                      : 11 us
 - Non I/O Handling Time (Estimated)  : 11 us
 - I/O Handling Time                  : 0 us
        - io_uring                    : 0 us
[===============================================]
Result of node_idx 17 in node_object 0: Add (ND)

-- Elapsed Time Analysis --

[===============================================]
Result of node_idx 0 in node_object 0: Multiply (ND)

-- Elapsed Time Analysis --
 Wall-clock Time                      : 10 us
        - Read Syscall                : 0 us
[===============================================]-- Elapsed Time Analysis --

[===============================================] - Non I/O Handling Time (Estimated)  : 4 us
[===============================================]-- Elapsed Time Analysis --

[===============================================] Write Syscall Count                  : 0
[===============================================]-- Elapsed Time Analysis --
 Wall-clock Time                      : 6 us
[===============================================]-- Elapsed Time Analysis --
 Wall-clock Time                      : 6 us

[===============================================]
Result of node_idx 0 in node_object 0: Fully Connected (NC, QDU8, F32, QC8W)

-- Elapsed Time Analysis --
 Wall-clock Time                      : 25 us
 - Non I/O Handling Time (Estimated)  : 25 us
 - I/O Handling Time                  : 0 us
        - Read Syscall                : 0 us
        - Write Syscall               : 0 us
        - Page Fault                  : 0 us
        - io_uring                    : 0 us

-- I/O Counts --
 Read Syscall Count                   : 0

[===============================================]-- Elapsed Time Analysis --
 Wall-clock Time                      : 5 us

[===============================================]-- Elapsed Time Analysis --
 Wall-clock Time                      : 6 us
[===============================================]
Result of node_idx 3 in node_object 0: Fully Connected (NC, QDU8, F32, QC8W)

-- Elapsed Time Analysis --
 Wall-clock Time                      : 21 us
 - Non I/O Handling Time (Estimated)  : 21 us
 - I/O Handling Time                  : 0 us
[===============================================]
Result of node_idx 4 in node_object 0: Multiply (ND)

-- Elapsed Time Analysis --

[===============================================]
Result of node_idx 5 in node_object 0: Fully Connected (NC, QDU8, F32, QC8W)

-- Elapsed Time Analysis --
 Wall-clock Time                      : 20 us
 - Non I/O Handling Time (Estimated)  : 20 us
 - I/O Handling Time                  : 0 us
 Read Bytes                     : 0
[===============================================]-- Elapsed Time Analysis --


[===============================================]
Result of node_idx 0 in node_object 0: Multiply (ND)

-- Elapsed Time Analysis --
 Wall-clock Time                      : 10 us

[===============================================]-- Elapsed Time Analysis --
 Wall-clock Time                      : 3 us
[===============================================]-- Elapsed Time Analysis --
 Wall-clock Time                      : 4 us
 - Non I/O Handling Time (Estimated)  : 4 us


[===============================================]        - Read Syscall                : 0 us
[===============================================]-- Elapsed Time Analysis --

[===============================================]-- Elapsed Time Analysis --
 Wall-clock Time                      : 6 us
 Read Bytes                     : 0
[===============================================]-- Elapsed Time Analysis --
 Wall-clock Time                      : 7 us
[===============================================]
Result of node_idx 0 in node_object 0: Fully Connected (NC, QDU8, F32, QC8W)

-- Elapsed Time Analysis --
 Wall-clock Time                      : 19 us
 - Non I/O Handling Time (Estimated)  : 19 us
 - I/O Handling Time                  : 0 us
        - Read Syscall                : 0 us
 Total Block I/O Time           : 0
[===============================================]-- Elapsed Time Analysis --

-- I/O Counts --
[===============================================]
Result of node_idx 2 in node_object 0: Slice (ND, X32)

 - Non I/O Handling Time (Estimated)  : 7 us
[===============================================]-- Elapsed Time Analysis --
 Wall-clock Time                      : 7 us

[===============================================]-- Elapsed Time Analysis --
        - Read Syscall                : 0 us
        - Write Syscall               : 0 us
[===============================================]-- Elapsed Time Analysis --

[===============================================]-- Elapsed Time Analysis --
 Wall-clock Time                      : 7 us
 - Non I/O Handling Time (Estimated)  : 7 us
[===============================================]-- Elapsed Time Analysis --
 Wall-clock Time                      : 7 us
 - Non I/O Handling Time (Estimated)  : 7 us
 Write Syscall Count                  : 0
[===============================================]-- Elapsed Time Analysis --
 Wall-clock Time                      : 6 us

[===============================================]-- Elapsed Time Analysis --
 Wall-clock Time                      : 6 us
[===============================================]
Result of node_idx 10 in node_object 0: Subtract (ND)

-- Elapsed Time Analysis --
[===============================================]-- Elapsed Time Analysis --
 Wall-clock Time                      : 5 us
        - Write Syscall               : 0 us
[===============================================]-- Elapsed Time Analysis --
 - Non I/O Handling Time (Estimated)  : 6 us

[===============================================]-- Elapsed Time Analysis --
 Wall-clock Time                      : 6 us
[===============================================]-- Elapsed Time Analysis --
 Wall-clock Time                      : 6 us

[===============================================]-- Elapsed Time Analysis --
 Wall-clock Time                      : 5 us
[===============================================]-- Elapsed Time Analysis --
[===============================================]-- Elapsed Time Analysis --

[===============================================]-- Elapsed Time Analysis --
 Wall-clock Time                      : 7 us
 - Non I/O Handling Time (Estimated)  : 7 us
 Write Syscall Count                  : 0
[===============================================]
Result of node_idx 18 in node_object 0: Slice (ND, X32)

-- Elapsed Time Analysis --
[===============================================]-- Elapsed Time Analysis --
 Wall-clock Time                      : 5 us
        - Read Syscall                : 0 us
[===============================================]-- Elapsed Time Analysis --
 Wall-clock Time                      : 9 us
 - Non I/O Handling Time (Estimated)  : 9 us
[===============================================]

[===============================================]-- Elapsed Time Analysis --
 Wall-clock Time                      : 6 us
[===============================================]-- Elapsed Time Analysis --
 Wall-clock Time                      : 5 us
[===============================================]-- Elapsed Time Analysis --
 Wall-clock Time                      : 6 us
[===============================================]-- Elapsed Time Analysis --
 Wall-clock Time                      : 5 us

[===============================================]-- Elapsed Time Analysis --

-- I/O Counts --
[===============================================]
Result of node_idx 25 in node_object 1: Copy (NC, X32)

-- Elapsed Time Analysis --
[===============================================]-- Elapsed Time Analysis --

[===============================================]
Result of node_idx 0 in node_object 0: Multiply (ND)

 - I/O Handling Time                  : 0 us
[===============================================]-- Elapsed Time Analysis --
[===============================================]
Result of node_idx 2 in node_object 0: Transpose (ND, X32)

-- Elapsed Time Analysis --
 Wall-clock Time                      : 28 us
 - Non I/O Handling Time (Estimated)  : 28 us
 - I/O Handling Time                  : 0 us
        - Read Syscall                : 0 us
        - Write Syscall               : 0 us
        - Page Fault                  : 0 us

[===============================================]-- Elapsed Time Analysis --
 Wall-clock Time                      : 3 us
[===============================================]-- Elapsed Time Analysis --
 Wall-clock Time                      : 3 us
 - Non I/O Handling Time (Estimated)  : 3 us


[===============================================]
Result of node_idx 5 in node_object 0: Batch Matrix Multiply (NC, F32)

-- Elapsed Time Analysis --
 Wall-clock Time                      : 54 us
 - Non I/O Handling Time (Estimated)  : 54 us
 - I/O Handling Time                  : 0 us
        - Read Syscall                : 0 us
        - Write Syscall               : 0 us
        - Page Fault                  : 0 us
        - io_uring                    : 0 us

-- I/O Counts --
 Read Syscall Count                   : 0
 Write Syscall Count                  : 0
 Block I/O Count                      : 0
 io_uring Completion Count            : 0

-- Total I/O Time (block device) --
 Total Block I/O Time           : 0
[===============================================]-- Elapsed Time Analysis --
 Wall-clock Time                      : 3 us
[===============================================]
Result of node_idx 7 in node_object 0: Add (ND)

-- Total I/O Time (block device) --
[===============================================]-- Elapsed Time Analysis --
 Wall-clock Time                      : 8 us
 - Non I/O Handling Time (Estimated)  : 8 us
 Block Write Bytes              : 0
[===============================================]
Result of node_idx 9 in node_object 0: Transpose (ND, X32)

-- Elapsed Time Analysis --
 Wall-clock Time                      : 35 us
 - Non I/O Handling Time (Estimated)  : 35 us
 - I/O Handling Time                  : 0 us
        - Read Syscall                : 0 us
        - Write Syscall               : 0 us
        - Page Fault                  : 0 us
        - io_uring                    : 0 us

[===============================================]-- Elapsed Time Analysis --

[===============================================]-- Elapsed Time Analysis --

[===============================================]
Result of node_idx 12 in node_object 0: Batch Matrix Multiply (NC, F32)

-- Elapsed Time Analysis --
 Wall-clock Time                      : 50 us
 - Non I/O Handling Time (Estimated)  : 50 us
 - I/O Handling Time                  : 0 us
        - Read Syscall                : 0 us
        - Write Syscall               : 0 us
        - Page Fault                  : 0 us
        - io_uring                    : 0 us

-- I/O Counts --
 Read Syscall Count                   : 0
 Write Syscall Count                  : 0
 Block I/O Count                      : 0
 io_uring Completion Count            : 0

-- Total I/O Time (block device) --
 Total Block I/O Time           : 0

-- Page Faults & Bytes --
[===============================================]

[===============================================]-- Elapsed Time Analysis --

 Page Fault Count               : 0
[===============================================] Total Block I/O Time           : 0
[===============================================]
Result of node_idx 15 in node_object 0: Static Reshape (NC)

[===============================================]
Result of node_idx 16 in node_object 0: Fully Connected (NC, QDU8, F32, QC8W)

[===============================================]-- Elapsed Time Analysis --
 Wall-clock Time                      : 6 us

[===============================================]
Result of node_idx 0 in node_object 0: Multiply (ND)

-- Elapsed Time Analysis --
 Wall-clock Time                      : 11 us
 - Non I/O Handling Time (Estimated)  : 11 us
 - I/O Handling Time                  : 0 us
[===============================================]-- Elapsed Time Analysis --
[===============================================]-- Elapsed Time Analysis --
 Wall-clock Time                      : 3 us
[===============================================][===============================================]

[===============================================]
Result of node_idx 4 in node_object 0: Reciprocal Square Root (NC)

-- Elapsed Time Analysis --

[===============================================]-- Elapsed Time Analysis --
 Wall-clock Time                      : 6 us
[===============================================]-- Elapsed Time Analysis --
 Wall-clock Time                      : 22 us
 - Non I/O Handling Time (Estimated)  : 22 us
 - I/O Handling Time                  : 0 us
 Block I/O Count                      : 0
[===============================================]
Result of node_idx 0 in node_object 0: Fully Connected (NC, QDU8, F32, QC8W)

-- Elapsed Time Analysis --
 Wall-clock Time                      : 25 us
 - Non I/O Handling Time (Estimated)  : 25 us
 - I/O Handling Time                  : 0 us
        - Read Syscall                : 0 us
        - Write Syscall               : 0 us

[===============================================]-- Elapsed Time Analysis --

[===============================================]-- Elapsed Time Analysis --
 Wall-clock Time                      : 6 us
        - Write Syscall               : 0 us
        - Page Fault                  : 0 us
        - io_uring                    : 0 us

[===============================================]
Result of node_idx 3 in node_object 0: Fully Connected (NC, QDU8, F32, QC8W)

-- Elapsed Time Analysis --
 Wall-clock Time                      : 22 us
 - Non I/O Handling Time (Estimated)  : 22 us
 - I/O Handling Time                  : 0 us
[===============================================]-- Elapsed Time Analysis --
 Wall-clock Time                      : 11 us

 Total Block I/O Time           : 0
[===============================================]
Result of node_idx 5 in node_object 0: Fully Connected (NC, QDU8, F32, QC8W)

-- Elapsed Time Analysis --
 Wall-clock Time                      : 21 us
 - Non I/O Handling Time (Estimated)  : 21 us
[===============================================]-- Elapsed Time Analysis --
 Wall-clock Time                      : 6 us
 - Non I/O Handling Time (Estimated)  : 6 us
[===============================================]
Result of node_idx 0 in node_object 0: Multiply (ND)

-- Elapsed Time Analysis --
 Wall-clock Time                      : 10 us
 - Non I/O Handling Time (Estimated)  : 10 us
 - I/O Handling Time                  : 0 us
        - Read Syscall                : 0 us
        - Write Syscall               : 0 us

[===============================================]-- Elapsed Time Analysis --
[===============================================]

[===============================================]-- Elapsed Time Analysis --
[===============================================]-- Elapsed Time Analysis --

[===============================================]-- Elapsed Time Analysis --
[===============================================]-- Elapsed Time Analysis --
 Wall-clock Time                      : 6 us
[===============================================]-- Elapsed Time Analysis --
 Wall-clock Time                      : 6 us

 Read Bytes                     : 0
[===============================================]
Result of node_idx 0 in node_object 0: Fully Connected (NC, QDU8, F32, QC8W)

-- Elapsed Time Analysis --
 Wall-clock Time                      : 18 us
 - Non I/O Handling Time (Estimated)  : 18 us
 - I/O Handling Time                  : 0 us
        - Read Syscall                : 0 us
        - Write Syscall               : 0 us
        - Page Fault                  : 0 us
        - io_uring                    : 0 us

[===============================================]-- Elapsed Time Analysis --

[===============================================]-- Elapsed Time Analysis --
 Wall-clock Time                      : 7 us
 - Non I/O Handling Time (Estimated)  : 7 us
[===============================================]-- Elapsed Time Analysis --
 Wall-clock Time                      : 7 us
 Page Fault Count               : 0
[===============================================]-- Elapsed Time Analysis --
 Wall-clock Time                      : 7 us
[===============================================]-- Elapsed Time Analysis --

[===============================================]-- Elapsed Time Analysis --
 Wall-clock Time                      : 7 us
 - Non I/O Handling Time (Estimated)  : 7 us
        - Page Fault                  : 0 us
[===============================================]
Result of node_idx 7 in node_object 0: Slice (ND, X32)

-- Elapsed Time Analysis --
[===============================================]-- Elapsed Time Analysis --
 Wall-clock Time                      : 6 us
 - Non I/O Handling Time (Estimated)  : 6 us
[===============================================]-- Elapsed Time Analysis --
 Wall-clock Time                      : 6 us

[===============================================]-- Elapsed Time Analysis --
 Wall-clock Time                      : 6 us
[===============================================]-- Elapsed Time Analysis --
 Wall-clock Time                      : 6 us

[===============================================]-- Elapsed Time Analysis --
 Wall-clock Time                      : 5 us
[===============================================]-- Elapsed Time Analysis --
 Wall-clock Time                      : 6 us
[===============================================]-- Elapsed Time Analysis --

 Write Bytes                    : 0
[===============================================]-- Elapsed Time Analysis --
 Wall-clock Time                      : 6 us
[===============================================]
Result of node_idx 15 in node_object 0: Static Reshape (NC)

[===============================================][===============================================]-- Elapsed Time Analysis --
 Wall-clock Time                      : 7 us
 - Non I/O Handling Time (Estimated)  : 7 us
 Total Block I/O Time           : 0
[===============================================]-- Elapsed Time Analysis --
 Wall-clock Time                      : 7 us
[===============================================]-- Elapsed Time Analysis --

 io_uring Completion Count            : 0
[===============================================]-- Elapsed Time Analysis --

[===============================================]-- Elapsed Time Analysis --
 Wall-clock Time                      : 8 us

[===============================================]-- Elapsed Time Analysis --
 Wall-clock Time                      : 23 us
 - Non I/O Handling Time (Estimated)  : 23 us
[===============================================]-- Elapsed Time Analysis --
 Wall-clock Time                      : 6 us
        - io_uring                    : 0 us
[===============================================]
Result of node_idx 24 in node_object 0: Add (ND)

 Total Block I/O Time           : 0
[===============================================]-- Elapsed Time Analysis --
 Wall-clock Time                      : 6 us
 Read Bytes                     : 0
[===============================================]-- Elapsed Time Analysis --

[===============================================]-- Elapsed Time Analysis --
 Page Fault Count               : 0
[===============================================]
Result of node_idx 0 in node_object 0: Multiply (ND)

-- Elapsed Time Analysis --
[===============================================]        - Read Syscall                : 0 us
[===============================================]
Result of node_idx 2 in node_object 0: Transpose (ND, X32)

-- Elapsed Time Analysis --
 Wall-clock Time                      : 28 us
 - Non I/O Handling Time (Estimated)  : 28 us
 - I/O Handling Time                  : 0 us
        - Read Syscall                : 0 us
        - Write Syscall               : 0 us
        - Page Fault                  : 0 us
        - io_uring                    : 0 us

-- I/O Counts --
 Read Syscall Count                   : 0
 Write Syscall Count                  : 0
[===============================================] Read Bytes                     : 0
 Block Read Bytes               : 0
[===============================================]
Result of node_idx 5 in node_object 0: Batch Matrix Multiply (NC, F32)

-- Elapsed Time Analysis --
 Wall-clock Time                      : 62 us
 - Non I/O Handling Time (Estimated)  : 62 us
 - I/O Handling Time                  : 0 us
        - Read Syscall                : 0 us
        - Write Syscall               : 0 us
        - Page Fault                  : 0 us
        - io_uring                    : 0 us

-- I/O Counts --
 Read Syscall Count                   : 0
 Write Syscall Count                  : 0
 Block I/O Count                      : 0
 io_uring Completion Count            : 0

-- Total I/O Time (block device) --
 Total Block I/O Time           : 0

-- Page Faults & Bytes --
 Page Fault Count               : 0
 Read Bytes                     : 0
 Write Bytes                    : 0
 Block Read Bytes               : 0
 Block Write Bytes              : 0
[===============================================]-- Elapsed Time Analysis --
[===============================================]-- Elapsed Time Analysis --
 Wall-clock Time                      : 6 us

[===============================================]-- Elapsed Time Analysis --
 Wall-clock Time                      : 8 us
 - Non I/O Handling Time (Estimated)  : 8 us
[===============================================]
Result of node_idx 9 in node_object 0: Transpose (ND, X32)

-- Elapsed Time Analysis --
 Wall-clock Time                      : 46 us
 - Non I/O Handling Time (Estimated)  : 46 us
 - I/O Handling Time                  : 0 us
        - Read Syscall                : 0 us
        - Write Syscall               : 0 us
        - Page Fault                  : 0 us
        - io_uring                    : 0 us

-- I/O Counts --
 Read Syscall Count                   : 0
 Write Syscall Count                  : 0
 Block I/O Count                      : 0
 io_uring Completion Count            : 0

-- Total I/O Time (block device) --
 Read Bytes                     : 0
[===============================================] Read Syscall Count                   : 0
[===============================================]
-- Page Faults & Bytes --
[===============================================]
Result of node_idx 12 in node_object 0: Batch Matrix Multiply (NC, F32)

-- Elapsed Time Analysis --
 Wall-clock Time                      : 53 us
 - Non I/O Handling Time (Estimated)  : 53 us
 - I/O Handling Time                  : 0 us
        - Read Syscall                : 0 us
        - Write Syscall               : 0 us
        - Page Fault                  : 0 us
        - io_uring                    : 0 us

-- I/O Counts --
 Read Syscall Count                   : 0
 Write Syscall Count                  : 0
 Block I/O Count                      : 0
 io_uring Completion Count            : 0

-- Total I/O Time (block device) --
 Total Block I/O Time           : 0

 Page Fault Count               : 0
[===============================================][===============================================]-- Elapsed Time Analysis --

[===============================================]-- Elapsed Time Analysis --
[===============================================]
Result of node_idx 16 in node_object 0: Fully Connected (NC, QDU8, F32, QC8W)

 Block Read Bytes               : 0
[===============================================]-- Elapsed Time Analysis --
 Write Bytes                    : 0
[===============================================]
Result of node_idx 0 in node_object 0: Multiply (ND)

-- Elapsed Time Analysis --
 Wall-clock Time                      : 11 us
 - Non I/O Handling Time (Estimated)  : 11 us
 - I/O Handling Time                  : 0 us
        - Read Syscall                : 0 us
        - Write Syscall               : 0 us
        - Page Fault                  : 0 us
        - io_uring                    : 0 us

-- I/O Counts --
 Read Syscall Count                   : 0
 Write Syscall Count                  : 0
 Block I/O Count                      : 0
 io_uring Completion Count            : 0

-- Total I/O Time (block device) --
 Total Block I/O Time           : 0
 Block Read Bytes               : 0
[===============================================]-- Elapsed Time Analysis --

[===============================================] Read Syscall Count                   : 0
[===============================================]-- Elapsed Time Analysis --
[===============================================]        - Write Syscall               : 0 us
[===============================================]-- Elapsed Time Analysis --
 Wall-clock Time                      : 6 us
        - Page Fault                  : 0 us
[===============================================]
Result of node_idx 6 in node_object 0: Multiply (ND)

-- Elapsed Time Analysis --

[===============================================]
Result of node_idx 0 in node_object 0: Fully Connected (NC, QDU8, F32, QC8W)

-- Elapsed Time Analysis --
 Wall-clock Time                      : 26 us
 - Non I/O Handling Time (Estimated)  : 26 us
 - I/O Handling Time                  : 0 us
        - Read Syscall                : 0 us
        - Write Syscall               : 0 us
        - Page Fault                  : 0 us
        - io_uring                    : 0 us
[===============================================]-- Elapsed Time Analysis --
 Wall-clock Time                      : 6 us
[===============================================]-- Elapsed Time Analysis --
 Wall-clock Time                      : 7 us
[===============================================]
Result of node_idx 3 in node_object 0: Fully Connected (NC, QDU8, F32, QC8W)

-- Elapsed Time Analysis --
 Wall-clock Time                      : 22 us
 - Non I/O Handling Time (Estimated)  : 22 us
 - I/O Handling Time                  : 0 us
        - Read Syscall                : 0 us
        - Write Syscall               : 0 us
        - Page Fault                  : 0 us

[===============================================]-- Elapsed Time Analysis --
 Wall-clock Time                      : 7 us

[===============================================]
Result of node_idx 5 in node_object 0: Fully Connected (NC, QDU8, F32, QC8W)

-- Elapsed Time Analysis --
 Wall-clock Time                      : 21 us
 - Non I/O Handling Time (Estimated)  : 21 us
-- Total I/O Time (block device) --
[===============================================]-- Elapsed Time Analysis --
 Wall-clock Time                      : 7 us
[===============================================]
Result of node_idx 0 in node_object 0: Multiply (ND)

-- Elapsed Time Analysis --
 Wall-clock Time                      : 12 us
 - Non I/O Handling Time (Estimated)  : 12 us
 - I/O Handling Time                  : 0 us
        - Read Syscall                : 0 us
        - Write Syscall               : 0 us
        - Page Fault                  : 0 us
[===============================================]-- Elapsed Time Analysis --
 Wall-clock Time                      : 4 us
[===============================================]-- Elapsed Time Analysis --

[===============================================]-- Elapsed Time Analysis --

[===============================================]-- Elapsed Time Analysis --
[===============================================]-- Elapsed Time Analysis --
 Wall-clock Time                      : 6 us

[===============================================]-- Elapsed Time Analysis --
 Wall-clock Time                      : 7 us
[===============================================]
Result of node_idx 0 in node_object 0: Fully Connected (NC, QDU8, F32, QC8W)

-- Elapsed Time Analysis --
 Wall-clock Time                      : 19 us
 - Non I/O Handling Time (Estimated)  : 19 us
 - I/O Handling Time                  : 0 us
        - Read Syscall                : 0 us
        - Write Syscall               : 0 us
        - Page Fault                  : 0 us
        - io_uring                    : 0 us

-- I/O Counts --

[===============================================] Total Block I/O Time           : 0
[===============================================]-- Elapsed Time Analysis --
 Wall-clock Time                      : 8 us
 - Non I/O Handling Time (Estimated)  : 8 us
[===============================================]-- Elapsed Time Analysis --
 Wall-clock Time                      : 7 us

[===============================================]-- Elapsed Time Analysis --
 Wall-clock Time                      : 8 us
 - Non I/O Handling Time (Estimated)  : 8 us
[===============================================]-- Elapsed Time Analysis --
[===============================================]-- Elapsed Time Analysis --
 Wall-clock Time                      : 8 us
 - Non I/O Handling Time (Estimated)  : 8 us
[===============================================]-- Elapsed Time Analysis --
 Wall-clock Time                      : 8 us
 - I/O Handling Time                  : 0 us

[===============================================]-- Elapsed Time Analysis --
 Wall-clock Time                      : 6 us
[===============================================]
Result of node_idx 9 in node_object 0: Multiply (ND)

-- Elapsed Time Analysis --
[===============================================]-- Elapsed Time Analysis --
 Wall-clock Time                      : 6 us
 - Non I/O Handling Time (Estimated)  : 6 us
[===============================================]-- Elapsed Time Analysis --
 Wall-clock Time                      : 6 us

[===============================================]-- Elapsed Time Analysis --
 Wall-clock Time                      : 9 us
[===============================================]-- Elapsed Time Analysis --
 Wall-clock Time                      : 6 us

[===============================================]-- Elapsed Time Analysis --
 Wall-clock Time                      : 6 us
[===============================================]-- Elapsed Time Analysis --
 Wall-clock Time                      : 5 us
[===============================================]-- Elapsed Time Analysis --

[===============================================]-- Elapsed Time Analysis --

[===============================================]
Result of node_idx 17 in node_object 0: Slice (ND, X32)

-- Elapsed Time Analysis --

 Block Write Bytes              : 0
[===============================================]-- Elapsed Time Analysis --
 Wall-clock Time                      : 8 us

-- Page Faults & Bytes --
[===============================================]-- Elapsed Time Analysis --
 Wall-clock Time                      : 6 us

[===============================================]-- Elapsed Time Analysis --
 Wall-clock Time                      : 6 us
[===============================================]-- Elapsed Time Analysis --
 Wall-clock Time                      : 6 us

[===============================================]-- Elapsed Time Analysis --
 Read Syscall Count                   : 0
[===============================================]-- Elapsed Time Analysis --
[===============================================]-- Elapsed Time Analysis --
 Wall-clock Time                      : 5 us
 Write Bytes                    : 0
[===============================================]-- Elapsed Time Analysis --
 Wall-clock Time                      : 6 us
[===============================================]
Result of node_idx 25 in node_object 1: Copy (NC, X32)

[===============================================]-- Elapsed Time Analysis --

[===============================================]
Result of node_idx 0 in node_object 0: Multiply (ND)

-- Elapsed Time Analysis --
 Wall-clock Time                      : 9 us
[===============================================]-- Elapsed Time Analysis --

[===============================================]
Result of node_idx 2 in node_object 0: Transpose (ND, X32)

-- Elapsed Time Analysis --
 Wall-clock Time                      : 29 us
 - Non I/O Handling Time (Estimated)  : 29 us
 - I/O Handling Time                  : 0 us
        - Read Syscall                : 0 us
        - Write Syscall               : 0 us

[===============================================]
Result of node_idx 3 in node_object 0: Static Reshape (NC)

[===============================================]        - Write Syscall               : 0 us
[===============================================]
Result of node_idx 5 in node_object 0: Batch Matrix Multiply (NC, F32)

-- Elapsed Time Analysis --
 Wall-clock Time                      : 59 us
 - Non I/O Handling Time (Estimated)  : 59 us
 - I/O Handling Time                  : 0 us
        - Read Syscall                : 0 us
        - Write Syscall               : 0 us
        - Page Fault                  : 0 us
        - io_uring                    : 0 us

-- I/O Counts --
 Read Syscall Count                   : 0
 Write Syscall Count                  : 0
 Block I/O Count                      : 0
 io_uring Completion Count            : 0

-- Total I/O Time (block device) --
 Total Block I/O Time           : 0

-- Page Faults & Bytes --
 Page Fault Count               : 0
 Read Bytes                     : 0
 Write Bytes                    : 0
 Block Read Bytes               : 0
[===============================================] - Non I/O Handling Time (Estimated)  : 4 us
[===============================================]-- Elapsed Time Analysis --
 Wall-clock Time                      : 11 us
 - Non I/O Handling Time (Estimated)  : 11 us
 - I/O Handling Time                  : 0 us
[===============================================]-- Elapsed Time Analysis --
 Wall-clock Time                      : 8 us
 - Non I/O Handling Time (Estimated)  : 8 us
[===============================================]
Result of node_idx 9 in node_object 0: Transpose (ND, X32)

-- Elapsed Time Analysis --
 Wall-clock Time                      : 35 us
 - Non I/O Handling Time (Estimated)  : 35 us
 - I/O Handling Time                  : 0 us
        - Read Syscall                : 0 us
        - Write Syscall               : 0 us
        - Page Fault                  : 0 us
        - io_uring                    : 0 us

-- I/O Counts --
[===============================================]-- Elapsed Time Analysis --
 Wall-clock Time                      : 4 us
 - Non I/O Handling Time (Estimated)  : 4 us
 - I/O Handling Time                  : 0 us

[===============================================] - Non I/O Handling Time (Estimated)  : 3 us
[===============================================]
Result of node_idx 12 in node_object 0: Batch Matrix Multiply (NC, F32)

-- Elapsed Time Analysis --
 Wall-clock Time                      : 50 us
 - Non I/O Handling Time (Estimated)  : 50 us
 - I/O Handling Time                  : 0 us
        - Read Syscall                : 0 us
        - Write Syscall               : 0 us
        - Page Fault                  : 0 us
        - io_uring                    : 0 us

-- I/O Counts --
 Read Syscall Count                   : 0
 Write Syscall Count                  : 0
 Block I/O Count                      : 0
 io_uring Completion Count            : 0

-- Total I/O Time (block device) --
 Total Block I/O Time           : 0

[===============================================]-- Elapsed Time Analysis --
 Wall-clock Time                      : 3 us
 - Non I/O Handling Time (Estimated)  : 3 us

[===============================================] - Non I/O Handling Time (Estimated)  : 4 us
[===============================================]
-- I/O Counts --
[===============================================]-- Elapsed Time Analysis --
 Wall-clock Time                      : 11 us
 - Non I/O Handling Time (Estimated)  : 11 us
 - I/O Handling Time                  : 0 us
[===============================================]-- Elapsed Time Analysis --
 Wall-clock Time                      : 6 us

[===============================================]
Result of node_idx 0 in node_object 0: Multiply (ND)

-- Elapsed Time Analysis --
 Wall-clock Time                      : 10 us
 - Non I/O Handling Time (Estimated)  : 10 us
 Page Fault Count               : 0
[===============================================]-- Elapsed Time Analysis --
 Page Fault Count               : 0
[===============================================]-- Elapsed Time Analysis --
[===============================================]
Result of node_idx 3 in node_object 0: Add (ND)

[===============================================]-- Elapsed Time Analysis --

[===============================================]-- Elapsed Time Analysis --
 Wall-clock Time                      : 6 us

[===============================================]-- Elapsed Time Analysis --
 Wall-clock Time                      : 6 us
 Block Write Bytes              : 0
[===============================================]
Result of node_idx 0 in node_object 0: Fully Connected (NC, QDU8, F32, QC8W)

-- Elapsed Time Analysis --
 Wall-clock Time                      : 25 us
 - Non I/O Handling Time (Estimated)  : 25 us
 - I/O Handling Time                  : 0 us
        - Read Syscall                : 0 us
        - Write Syscall               : 0 us
        - Page Fault                  : 0 us
-- Page Faults & Bytes --
[===============================================]

[===============================================]-- Elapsed Time Analysis --
 Wall-clock Time                      : 5 us
 - Non I/O Handling Time (Estimated)  : 5 us
 - I/O Handling Time                  : 0 us
        - Read Syscall                : 0 us
[===============================================]-- Elapsed Time Analysis --
 Wall-clock Time                      : 7 us
[===============================================]
Result of node_idx 3 in node_object 0: Fully Connected (NC, QDU8, F32, QC8W)

-- Elapsed Time Analysis --
 Wall-clock Time                      : 23 us
 - Non I/O Handling Time (Estimated)  : 23 us
 - I/O Handling Time                  : 0 us
        - Read Syscall                : 0 us
[===============================================]-- Elapsed Time Analysis --
 Wall-clock Time                      : 6 us

-- Total I/O Time (block device) --
[===============================================]
Result of node_idx 5 in node_object 0: Fully Connected (NC, QDU8, F32, QC8W)

-- Elapsed Time Analysis --
 Wall-clock Time                      : 22 us
 - Non I/O Handling Time (Estimated)  : 22 us
 - I/O Handling Time                  : 0 us
        - Read Syscall                : 0 us
        - Write Syscall               : 0 us
        - Page Fault                  : 0 us
 Block Write Bytes              : 0
[===============================================]-- Elapsed Time Analysis --

[===============================================]
Result of node_idx 0 in node_object 0: Multiply (ND)

-- Elapsed Time Analysis --
 Wall-clock Time                      : 10 us
 - I/O Handling Time                  : 0 us
[===============================================] - I/O Handling Time                  : 0 us
[===============================================]-- Elapsed Time Analysis --
-- I/O Counts --
[===============================================] - Non I/O Handling Time (Estimated)  : 4 us
[===============================================]-- Elapsed Time Analysis --
[===============================================]-- Elapsed Time Analysis --
 Wall-clock Time                      : 6 us

[===============================================]
Result of node_idx 6 in node_object 0: Multiply (ND)

-- Elapsed Time Analysis --
 Wall-clock Time                      : 6 us
 - Non I/O Handling Time (Estimated)  : 6 us
[===============================================]
Result of node_idx 0 in node_object 0: Fully Connected (NC, QDU8, F32, QC8W)

-- Elapsed Time Analysis --
 Wall-clock Time                      : 18 us
 - Non I/O Handling Time (Estimated)  : 18 us
 - I/O Handling Time                  : 0 us

 io_uring Completion Count            : 0
[===============================================]-- Page Faults & Bytes --
[===============================================]

[===============================================]-- Elapsed Time Analysis --
 Wall-clock Time                      : 7 us
[===============================================]-- Elapsed Time Analysis --
 Wall-clock Time                      : 7 us
 - Non I/O Handling Time (Estimated)  : 7 us
[===============================================]-- Elapsed Time Analysis --
 Wall-clock Time                      : 7 us

[===============================================]-- Elapsed Time Analysis --
 Wall-clock Time                      : 4 us
[===============================================]
Result of node_idx 6 in node_object 0: Slice (ND, X32)

-- Elapsed Time Analysis --
 Total Block I/O Time           : 0
[===============================================]-- Elapsed Time Analysis --
 Wall-clock Time                      : 8 us
 - Non I/O Handling Time (Estimated)  : 8 us
[===============================================]-- Elapsed Time Analysis --
 Wall-clock Time                      : 5 us
[===============================================]-- Elapsed Time Analysis --
 Wall-clock Time                      : 6 us

[===============================================]-- Elapsed Time Analysis --
 Wall-clock Time                      : 5 us
[===============================================]-- Elapsed Time Analysis --
 Wall-clock Time                      : 6 us
[===============================================]-- Elapsed Time Analysis --
 Wall-clock Time                      : 6 us

[===============================================]-- Elapsed Time Analysis --

 io_uring Completion Count            : 0
[===============================================]
Result of node_idx 14 in node_object 0: Copy (NC, X32)

-- Elapsed Time Analysis --
[===============================================]-- Elapsed Time Analysis --
 - Non I/O Handling Time (Estimated)  : 6 us
[===============================================]-- Elapsed Time Analysis --
 Wall-clock Time                      : 4 us
[===============================================]-- I/O Counts --

[===============================================]-- Elapsed Time Analysis --
 Wall-clock Time                      : 7 us
[===============================================]-- Elapsed Time Analysis --
 Wall-clock Time                      : 7 us
 - I/O Handling Time                  : 0 us

[===============================================]-- Elapsed Time Analysis --
 Wall-clock Time                      : 5 us
[===============================================]-- Elapsed Time Analysis --
 Wall-clock Time                      : 6 us
[===============================================]-- Elapsed Time Analysis --
 Wall-clock Time                      : 5 us

[===============================================]-- Elapsed Time Analysis --
 Wall-clock Time                      : 5 us
[===============================================]
Result of node_idx 23 in node_object 0: Multiply (ND)

-- Elapsed Time Analysis --
 Wall-clock Time                      : 11 us
 Page Fault Count               : 0
[===============================================]-- Elapsed Time Analysis --
 Wall-clock Time                      : 6 us
[===============================================]-- Elapsed Time Analysis --
 Wall-clock Time                      : 5 us
[===============================================]-- Elapsed Time Analysis --
 Wall-clock Time                      : 6 us

[===============================================]-- Elapsed Time Analysis --

[===============================================]
Result of node_idx 0 in node_object 0: Multiply (ND)

[===============================================]-- Elapsed Time Analysis --

[===============================================]
Result of node_idx 2 in node_object 0: Transpose (ND, X32)

-- Elapsed Time Analysis --
 Wall-clock Time                      : 27 us
 - Non I/O Handling Time (Estimated)  : 27 us
 - I/O Handling Time                  : 0 us
        - Read Syscall                : 0 us
        - Write Syscall               : 0 us
        - Page Fault                  : 0 us
        - io_uring                    : 0 us

-- I/O Counts --
 Block I/O Count                      : 0
[===============================================]        - io_uring                    : 0 us
[===============================================][===============================================]
Result of node_idx 5 in node_object 0: Batch Matrix Multiply (NC, F32)

-- Elapsed Time Analysis --
 Wall-clock Time                      : 61 us
 - Non I/O Handling Time (Estimated)  : 61 us
 - I/O Handling Time                  : 0 us
        - Read Syscall                : 0 us
        - Write Syscall               : 0 us
        - Page Fault                  : 0 us
        - io_uring                    : 0 us

-- I/O Counts --
 Read Syscall Count                   : 0
 Write Syscall Count                  : 0
 Block I/O Count                      : 0
 io_uring Completion Count            : 0

-- Total I/O Time (block device) --
 Total Block I/O Time           : 0

-- Page Faults & Bytes --
 Page Fault Count               : 0
 Read Bytes                     : 0
[===============================================]

[===============================================]-- Elapsed Time Analysis --
[===============================================]

[===============================================]-- Elapsed Time Analysis --
 Wall-clock Time                      : 6 us
[===============================================]-- Elapsed Time Analysis --
 Wall-clock Time                      : 8 us
 - Non I/O Handling Time (Estimated)  : 8 us
[===============================================]
Result of node_idx 9 in node_object 0: Transpose (ND, X32)

-- Elapsed Time Analysis --
 Wall-clock Time                      : 42 us
 - Non I/O Handling Time (Estimated)  : 42 us
 - I/O Handling Time                  : 0 us
        - Read Syscall                : 0 us
        - Write Syscall               : 0 us
        - Page Fault                  : 0 us
        - io_uring                    : 0 us

-- I/O Counts --
 Read Syscall Count                   : 0
 Write Syscall Count                  : 0
 Block I/O Count                      : 0
 io_uring Completion Count            : 0

-- Total I/O Time (block device) --
[===============================================]-- Elapsed Time Analysis --

 io_uring Completion Count            : 0

-- Total I/O Time (block device) --

-- Page Faults & Bytes --
[===============================================] - I/O Handling Time                  : 0 us
[===============================================]
Result of node_idx 12 in node_object 0: Batch Matrix Multiply (NC, F32)

-- Elapsed Time Analysis --
 Wall-clock Time                      : 54 us
 - Non I/O Handling Time (Estimated)  : 54 us
 - I/O Handling Time                  : 0 us
        - Read Syscall                : 0 us
        - Write Syscall               : 0 us
        - Page Fault                  : 0 us
        - io_uring                    : 0 us

-- I/O Counts --
 Read Syscall Count                   : 0
 Write Syscall Count                  : 0
 Block I/O Count                      : 0
 io_uring Completion Count            : 0

-- Total I/O Time (block device) --
 Total Block I/O Time           : 0

-- Page Faults & Bytes --
 Page Fault Count               : 0
 Read Bytes                     : 0
 Write Bytes                    : 0
[===============================================][===============================================]-- Elapsed Time Analysis --

[===============================================]

[===============================================][===============================================]
Result of node_idx 16 in node_object 0: Fully Connected (NC, QDU8, F32, QC8W)

 Wall-clock Time                      : 11 us
[===============================================]
Result of node_idx 17 in node_object 0: Add (ND)

-- Elapsed Time Analysis --
 Wall-clock Time                      : 125 us
 - Non I/O Handling Time (Estimated)  : 125 us
 - I/O Handling Time                  : 0 us
        - Read Syscall                : 0 us
        - Write Syscall               : 0 us
        - Page Fault                  : 0 us
        - io_uring                    : 0 us

-- I/O Counts --
 Read Syscall Count                   : 0
 Write Syscall Count                  : 0
 Block I/O Count                      : 0
 io_uring Completion Count            : 0

-- Total I/O Time (block device) --
 Total Block I/O Time           : 0

-- Page Faults & Bytes --
 Page Fault Count               : 0
 Read Bytes                     : 0
 Write Bytes                    : 0
 Block Read Bytes               : 0
 Block Write Bytes              : 0
[===============================================]

[===============================================]
Result of node_idx 0 in node_object 0: Multiply (ND)

-- Elapsed Time Analysis --
 Wall-clock Time                      : 10 us
 - Non I/O Handling Time (Estimated)  : 10 us
 - I/O Handling Time                  : 0 us
        - Read Syscall                : 0 us
        - Write Syscall               : 0 us
        - Page Fault                  : 0 us
        - io_uring                    : 0 us

-- I/O Counts --
 Read Syscall Count                   : 0
 Write Syscall Count                  : 0
 Block I/O Count                      : 0
 io_uring Completion Count            : 0

-- Total I/O Time (block device) --
 Total Block I/O Time           : 0

-- Page Faults & Bytes --
 Page Fault Count               : 0
 Read Bytes                     : 0
 Write Bytes                    : 0
 Block Read Bytes               : 0
 Block Write Bytes              : 0
[===============================================]

[===============================================]
Result of node_idx 1 in node_object 0: Sum (ND)

-- Elapsed Time Analysis --
 Wall-clock Time                      : 4 us
 - Non I/O Handling Time (Estimated)  : 4 us
 - I/O Handling Time                  : 0 us
        - Read Syscall                : 0 us
        - Write Syscall               : 0 us
        - Page Fault                  : 0 us

[===============================================] Read Syscall Count                   : 0
[===============================================]-- Elapsed Time Analysis --
[===============================================]-- Elapsed Time Analysis --
 Wall-clock Time                      : 4 us
[===============================================]-- Elapsed Time Analysis --
 Wall-clock Time                      : 9 us
 - Non I/O Handling Time (Estimated)  : 9 us
 Block Read Bytes               : 0
[===============================================]-- Elapsed Time Analysis --
 Wall-clock Time                      : 6 us
[===============================================]
Result of node_idx 0 in node_object 0: Fully Connected (NC, QDU8, F32, QC8W)

-- Elapsed Time Analysis --
 Wall-clock Time                      : 25 us
 - Non I/O Handling Time (Estimated)  : 25 us
 - I/O Handling Time                  : 0 us
        - Read Syscall                : 0 us
        - Write Syscall               : 0 us
        - Page Fault                  : 0 us
        - io_uring                    : 0 us

-- I/O Counts --
 Read Syscall Count                   : 0
 Write Syscall Count                  : 0
 Block I/O Count                      : 0
 Block Write Bytes              : 0
[===============================================]-- Elapsed Time Analysis --
[===============================================]-- Elapsed Time Analysis --
 Wall-clock Time                      : 7 us
 - Non I/O Handling Time (Estimated)  : 7 us
[===============================================]
Result of node_idx 3 in node_object 0: Fully Connected (NC, QDU8, F32, QC8W)

-- Elapsed Time Analysis --
 Wall-clock Time                      : 21 us
 - Non I/O Handling Time (Estimated)  : 21 us
 - I/O Handling Time                  : 0 us
[===============================================]
Result of node_idx 4 in node_object 0: Multiply (ND)

-- Elapsed Time Analysis --
[===============================================]
Result of node_idx 5 in node_object 0: Fully Connected (NC, QDU8, F32, QC8W)

-- Elapsed Time Analysis --
 Wall-clock Time                      : 21 us
 - Non I/O Handling Time (Estimated)  : 21 us
 - I/O Handling Time                  : 0 us
 Total Block I/O Time           : 0
[===============================================]-- Elapsed Time Analysis --
 - Non I/O Handling Time (Estimated)  : 7 us

[===============================================]
Result of node_idx 0 in node_object 0: Multiply (ND)

-- Elapsed Time Analysis --
 Wall-clock Time                      : 11 us
[===============================================]-- Elapsed Time Analysis --
 Wall-clock Time                      : 3 us
[===============================================][===============================================]-- Elapsed Time Analysis --

-- I/O Counts --
 Read Syscall Count                   : 0
 Write Syscall Count                  : 0
 Block I/O Count                      : 0
[===============================================] Write Syscall Count                  : 0
[===============================================]-- Elapsed Time Analysis --
        - Read Syscall                : 0 us

[===============================================]-- Elapsed Time Analysis --
        - io_uring                    : 0 us

[===============================================]
Result of node_idx 0 in node_object 0: Fully Connected (NC, QDU8, F32, QC8W)

-- Elapsed Time Analysis --
 Wall-clock Time                      : 19 us
 - Non I/O Handling Time (Estimated)  : 19 us
 - I/O Handling Time                  : 0 us

 Block Read Bytes               : 0
[===============================================] Total Block I/O Time           : 0
[===============================================]-- Elapsed Time Analysis --
 Wall-clock Time                      : 8 us
 - Non I/O Handling Time (Estimated)  : 8 us
[===============================================]
Result of node_idx 3 in node_object 0: Slice (ND, X32)

-- Elapsed Time Analysis --

[===============================================]-- Elapsed Time Analysis --
 Wall-clock Time                      : 8 us

 Total Block I/O Time           : 0
[===============================================] Read Bytes                     : 0
[===============================================]-- Elapsed Time Analysis --
 Wall-clock Time                      : 8 us
[===============================================]-- Elapsed Time Analysis --
 Wall-clock Time                      : 8 us
 - Non I/O Handling Time (Estimated)  : 8 us

[===============================================]-- Elapsed Time Analysis --
 Wall-clock Time                      : 7 us
[===============================================]-- Elapsed Time Analysis --
 Wall-clock Time                      : 6 us
[===============================================]-- Elapsed Time Analysis --
 Wall-clock Time                      : 6 us
 Block I/O Count                      : 0
[===============================================]
Result of node_idx 11 in node_object 0: Multiply (ND)

-- Elapsed Time Analysis --
[===============================================]-- Elapsed Time Analysis --
        - Write Syscall               : 0 us
[===============================================]-- Elapsed Time Analysis --
 Wall-clock Time                      : 6 us

[===============================================]-- Elapsed Time Analysis --
 Wall-clock Time                      : 6 us

[===============================================]-- Elapsed Time Analysis --

-- I/O Counts --
[===============================================]-- Total I/O Time (block device) --

[===============================================]
[===============================================]-- Elapsed Time Analysis --
 Wall-clock Time                      : 8 us
 Write Bytes                    : 0
[===============================================]-- Elapsed Time Analysis --
 Wall-clock Time                      : 8 us

[===============================================]-- Elapsed Time Analysis --
 Wall-clock Time                      : 5 us
[===============================================]
Result of node_idx 20 in node_object 0: Multiply (ND)

-- Elapsed Time Analysis --
[===============================================]-- Elapsed Time Analysis --
 Wall-clock Time                      : 6 us
 - Non I/O Handling Time (Estimated)  : 6 us
[===============================================]-- Elapsed Time Analysis --
 Wall-clock Time                      : 6 us

[===============================================]-- Elapsed Time Analysis --
 Wall-clock Time                      : 6 us
[===============================================]-- Elapsed Time Analysis --
 Wall-clock Time                      : 6 us

[===============================================]-- Elapsed Time Analysis --
 Wall-clock Time                      : 6 us
[===============================================]-- Elapsed Time Analysis --
 Wall-clock Time                      : 6 us
[===============================================]-- Elapsed Time Analysis --

[===============================================]
Result of node_idx 0 in node_object 0: Multiply (ND)

-- Elapsed Time Analysis --
 Wall-clock Time                      : 5 us
 - Non I/O Handling Time (Estimated)  : 5 us

[===============================================]-- Elapsed Time Analysis --

[===============================================]
Result of node_idx 2 in node_object 0: Transpose (ND, X32)

-- Elapsed Time Analysis --
 Wall-clock Time                      : 32 us
 - Non I/O Handling Time (Estimated)  : 32 us
 - I/O Handling Time                  : 0 us
        - Read Syscall                : 0 us
        - Write Syscall               : 0 us
        - Page Fault                  : 0 us
[===============================================]-- Elapsed Time Analysis --

[===============================================]

[===============================================][===============================================]
Result of node_idx 5 in node_object 0: Batch Matrix Multiply (NC, F32)

-- Elapsed Time Analysis --
 Wall-clock Time                      : 57 us
 - Non I/O Handling Time (Estimated)  : 57 us
 - I/O Handling Time                  : 0 us
        - Read Syscall                : 0 us
        - Write Syscall               : 0 us
        - Page Fault                  : 0 us
        - io_uring                    : 0 us

-- I/O Counts --
 Read Syscall Count                   : 0
 Write Syscall Count                  : 0
 Block I/O Count                      : 0
 io_uring Completion Count            : 0

-- Total I/O Time (block device) --
 Total Block I/O Time           : 0

-- Page Faults & Bytes --
 Page Fault Count               : 0
 Read Bytes                     : 0
 Write Bytes                    : 0
[===============================================]

[===============================================]-- Elapsed Time Analysis --
[===============================================]-- Elapsed Time Analysis --
 Wall-clock Time                      : 6 us

[===============================================]
Result of node_idx 8 in node_object 0: Softmax (NC, F32)

-- Elapsed Time Analysis --
 Wall-clock Time                      : 9 us
 - Non I/O Handling Time (Estimated)  : 9 us
[===============================================]
Result of node_idx 9 in node_object 0: Transpose (ND, X32)

-- Elapsed Time Analysis --
 Wall-clock Time                      : 39 us
 - Non I/O Handling Time (Estimated)  : 39 us
 - I/O Handling Time                  : 0 us
        - Read Syscall                : 0 us
        - Write Syscall               : 0 us
        - Page Fault                  : 0 us
        - io_uring                    : 0 us

-- I/O Counts --

[===============================================]-- Elapsed Time Analysis --
[===============================================]-- Elapsed Time Analysis --

[===============================================]
Result of node_idx 12 in node_object 0: Batch Matrix Multiply (NC, F32)

-- Elapsed Time Analysis --
 Wall-clock Time                      : 61 us
 - Non I/O Handling Time (Estimated)  : 61 us
 - I/O Handling Time                  : 0 us
        - Read Syscall                : 0 us
        - Write Syscall               : 0 us
        - Page Fault                  : 0 us
        - io_uring                    : 0 us

-- I/O Counts --
 Read Syscall Count                   : 0
 Write Syscall Count                  : 0
 Block I/O Count                      : 0
 io_uring Completion Count            : 0

-- Total I/O Time (block device) --
 Total Block I/O Time           : 0

-- Page Faults & Bytes --
 Page Fault Count               : 0
 Read Bytes                     : 0
[===============================================]-- Elapsed Time Analysis --
[===============================================]

[===============================================]-- Total I/O Time (block device) --
[===============================================]-- Elapsed Time Analysis --
 Write Bytes                    : 0
[===============================================]
Result of node_idx 16 in node_object 0: Fully Connected (NC, QDU8, F32, QC8W)

-- Elapsed Time Analysis --
 Wall-clock Time                      : 12 us
 - Non I/O Handling Time (Estimated)  : 12 us
[===============================================]

[===============================================]-- Elapsed Time Analysis --

-- Total I/O Time (block device) --
[===============================================]
Result of node_idx 0 in node_object 0: Multiply (ND)

-- Elapsed Time Analysis --
 Wall-clock Time                      : 10 us
 - Non I/O Handling Time (Estimated)  : 10 us
[===============================================]-- Elapsed Time Analysis --
 Wall-clock Time                      : 4 us
[===============================================]-- Elapsed Time Analysis --
 Block Read Bytes               : 0
[===============================================]
[===============================================]-- Total I/O Time (block device) --

[===============================================]-- Elapsed Time Analysis --

-- Total I/O Time (block device) --
[===============================================]
Result of node_idx 6 in node_object 0: Multiply (ND)

-- Elapsed Time Analysis --
 Read Syscall Count                   : 0
[===============================================]
Result of node_idx 0 in node_object 0: Fully Connected (NC, QDU8, F32, QC8W)

-- Elapsed Time Analysis --
 Wall-clock Time                      : 26 us
 - Non I/O Handling Time (Estimated)  : 26 us
 - I/O Handling Time                  : 0 us
        - Read Syscall                : 0 us
        - Write Syscall               : 0 us
        - Page Fault                  : 0 us
        - io_uring                    : 0 us

[===============================================]-- Elapsed Time Analysis --

[===============================================]-- Elapsed Time Analysis --
 Wall-clock Time                      : 6 us

[===============================================]
Result of node_idx 3 in node_object 0: Fully Connected (NC, QDU8, F32, QC8W)

-- Elapsed Time Analysis --
 Wall-clock Time                      : 24 us
 - Non I/O Handling Time (Estimated)  : 24 us
 - I/O Handling Time                  : 0 us
        - Read Syscall                : 0 us
        - Write Syscall               : 0 us
        - Page Fault                  : 0 us
        - io_uring                    : 0 us

[===============================================]-- Elapsed Time Analysis --
 Wall-clock Time                      : 6 us

[===============================================]
Result of node_idx 5 in node_object 0: Fully Connected (NC, QDU8, F32, QC8W)

-- Elapsed Time Analysis --
 Wall-clock Time                      : 22 us
 - Non I/O Handling Time (Estimated)  : 22 us
 - I/O Handling Time                  : 0 us

[===============================================]-- Elapsed Time Analysis --
 Wall-clock Time                      : 7 us

[===============================================]
Result of node_idx 0 in node_object 0: Multiply (ND)

-- Elapsed Time Analysis --
 Wall-clock Time                      : 9 us
 - Non I/O Handling Time (Estimated)  : 9 us
 - I/O Handling Time                  : 0 us
        - Read Syscall                : 0 us
        - Write Syscall               : 0 us

[===============================================]-- I/O Counts --

[===============================================] Read Syscall Count                   : 0
[===============================================]        - Write Syscall               : 0 us
[===============================================]-- I/O Counts --

[===============================================]-- Elapsed Time Analysis --
 - I/O Handling Time                  : 0 us
[===============================================]-- Elapsed Time Analysis --
 Wall-clock Time                      : 6 us
[===============================================]
Result of node_idx 0 in node_object 0: Fully Connected (NC, QDU8, F32, QC8W)

-- Elapsed Time Analysis --
 Wall-clock Time                      : 19 us
 - Non I/O Handling Time (Estimated)  : 19 us
 - I/O Handling Time                  : 0 us
        - Read Syscall                : 0 us
        - Write Syscall               : 0 us
        - Page Fault                  : 0 us
        - io_uring                    : 0 us

-- I/O Counts --
 Read Syscall Count                   : 0
[===============================================]-- Elapsed Time Analysis --
 Wall-clock Time                      : 4 us
[===============================================]-- Elapsed Time Analysis --
 Wall-clock Time                      : 6 us
 Block I/O Count                      : 0
[===============================================]-- Elapsed Time Analysis --
 Wall-clock Time                      : 7 us

[===============================================]-- Elapsed Time Analysis --
 - I/O Handling Time                  : 0 us
[===============================================] - I/O Handling Time                  : 0 us
[===============================================]-- Elapsed Time Analysis --
 Wall-clock Time                      : 7 us
[===============================================]

[===============================================]-- Elapsed Time Analysis --
 Wall-clock Time                      : 7 us
 - Non I/O Handling Time (Estimated)  : 7 us

[===============================================]
Result of node_idx 8 in node_object 0: Multiply (ND)

 Block Write Bytes              : 0
[===============================================]-- Elapsed Time Analysis --

[===============================================]-- Elapsed Time Analysis --
 Wall-clock Time                      : 5 us

[===============================================]-- Elapsed Time Analysis --
 Wall-clock Time                      : 5 us
[===============================================]-- Elapsed Time Analysis --
 Wall-clock Time                      : 5 us

[===============================================]-- Elapsed Time Analysis --
 Wall-clock Time                      : 5 us
[===============================================]-- Elapsed Time Analysis --
 Wall-clock Time                      : 5 us
[===============================================]-- Elapsed Time Analysis --
        - io_uring                    : 0 us

[===============================================]        - Write Syscall               : 0 us
[===============================================]-- Elapsed Time Analysis --
[===============================================]
Result of node_idx 17 in node_object 0: Slice (ND, X32)

-- Elapsed Time Analysis --

 Total Block I/O Time           : 0
[===============================================]-- Elapsed Time Analysis --
 Wall-clock Time                      : 7 us

[===============================================]-- Elapsed Time Analysis --
 Wall-clock Time                      : 5 us
[===============================================]-- Elapsed Time Analysis --

 Read Syscall Count                   : 0
[===============================================]-- Elapsed Time Analysis --

[===============================================]-- Elapsed Time Analysis --
 Wall-clock Time                      : 5 us
[===============================================]-- Elapsed Time Analysis --
 Wall-clock Time                      : 5 us
[===============================================]-- Elapsed Time Analysis --
 Wall-clock Time                      : 6 us

[===============================================]-- Elapsed Time Analysis --
 Wall-clock Time                      : 5 us
[===============================================]
Result of node_idx 25 in node_object 1: Copy (NC, X32)

-- Elapsed Time Analysis --
[===============================================]-- Elapsed Time Analysis --
[===============================================]
Result of node_idx 0 in node_object 0: Multiply (ND)

-- Elapsed Time Analysis --
[===============================================]-- Elapsed Time Analysis --

[===============================================]
Result of node_idx 2 in node_object 0: Transpose (ND, X32)

-- Elapsed Time Analysis --
 Wall-clock Time                      : 29 us
 - Non I/O Handling Time (Estimated)  : 29 us
 - I/O Handling Time                  : 0 us
        - Read Syscall                : 0 us
        - Write Syscall               : 0 us
        - Page Fault                  : 0 us


[===============================================]-- Elapsed Time Analysis --
 Wall-clock Time                      : 3 us
 - Non I/O Handling Time (Estimated)  : 3 us
 - I/O Handling Time                  : 0 us
[===============================================]-- Elapsed Time Analysis --
[===============================================]
Result of node_idx 5 in node_object 0: Batch Matrix Multiply (NC, F32)

-- Elapsed Time Analysis --
 Wall-clock Time                      : 51 us
 - Non I/O Handling Time (Estimated)  : 51 us
 - I/O Handling Time                  : 0 us
        - Read Syscall                : 0 us
        - Write Syscall               : 0 us
        - Page Fault                  : 0 us
        - io_uring                    : 0 us

-- I/O Counts --
 Read Syscall Count                   : 0
 Write Syscall Count                  : 0
 Block I/O Count                      : 0
 io_uring Completion Count            : 0

-- Total I/O Time (block device) --
 Total Block I/O Time           : 0
 Write Bytes                    : 0
[===============================================]
Result of node_idx 6 in node_object 0: Static Reshape (NC)

[===============================================]-- Elapsed Time Analysis --
 Block I/O Count                      : 0
[===============================================]-- Elapsed Time Analysis --
 Wall-clock Time                      : 8 us
 - Non I/O Handling Time (Estimated)  : 8 us

[===============================================]
Result of node_idx 9 in node_object 0: Transpose (ND, X32)

-- Elapsed Time Analysis --
 Wall-clock Time                      : 35 us
 - Non I/O Handling Time (Estimated)  : 35 us
 - I/O Handling Time                  : 0 us
        - Read Syscall                : 0 us
        - Write Syscall               : 0 us
        - Page Fault                  : 0 us
        - io_uring                    : 0 us

-- I/O Counts --

[===============================================]-- Elapsed Time Analysis --
 Wall-clock Time                      : 3 us
[===============================================]-- Elapsed Time Analysis --
 Wall-clock Time                      : 3 us
 - Non I/O Handling Time (Estimated)  : 3 us


[===============================================]
Result of node_idx 12 in node_object 0: Batch Matrix Multiply (NC, F32)

-- Elapsed Time Analysis --
 Wall-clock Time                      : 47 us
 - Non I/O Handling Time (Estimated)  : 47 us
 - I/O Handling Time                  : 0 us
        - Read Syscall                : 0 us
        - Write Syscall               : 0 us
        - Page Fault                  : 0 us
        - io_uring                    : 0 us

-- I/O Counts --
 Read Syscall Count                   : 0
 Write Syscall Count                  : 0
 Block I/O Count                      : 0
 io_uring Completion Count            : 0

-- Total I/O Time (block device) --
[===============================================]-- Elapsed Time Analysis --

[===============================================]-- Elapsed Time Analysis --
 Read Syscall Count                   : 0
 Write Syscall Count                  : 0
 Block I/O Count                      : 0
 io_uring Completion Count            : 0
[===============================================][===============================================]
Result of node_idx 16 in node_object 0: Fully Connected (NC, QDU8, F32, QC8W)

-- Elapsed Time Analysis --

[===============================================]-- Elapsed Time Analysis --
 Wall-clock Time                      : 6 us
 Block Read Bytes               : 0
[===============================================]
Result of node_idx 0 in node_object 0: Multiply (ND)

-- Elapsed Time Analysis --
 Wall-clock Time                      : 10 us
 Block I/O Count                      : 0
[===============================================]-- Elapsed Time Analysis --
-- I/O Counts --
[===============================================]-- Elapsed Time Analysis --
-- Total I/O Time (block device) --
[===============================================]-- Elapsed Time Analysis --
[===============================================]
Result of node_idx 4 in node_object 0: Reciprocal Square Root (NC)

[===============================================]-- Elapsed Time Analysis --
 Wall-clock Time                      : 5 us
 - Non I/O Handling Time (Estimated)  : 5 us
[===============================================]-- Elapsed Time Analysis --
 Wall-clock Time                      : 6 us

[===============================================]
Result of node_idx 0 in node_object 0: Fully Connected (NC, QDU8, F32, QC8W)

-- Elapsed Time Analysis --
 Wall-clock Time                      : 25 us
 - Non I/O Handling Time (Estimated)  : 25 us
 - I/O Handling Time                  : 0 us
        - Read Syscall                : 0 us
        - Write Syscall               : 0 us
        - Page Fault                  : 0 us
        - io_uring                    : 0 us

[===============================================]-- Elapsed Time Analysis --


-- Page Faults & Bytes --
[===============================================]-- Elapsed Time Analysis --
 Wall-clock Time                      : 6 us
 - Non I/O Handling Time (Estimated)  : 6 us
        - io_uring                    : 0 us
[===============================================]
Result of node_idx 3 in node_object 0: Fully Connected (NC, QDU8, F32, QC8W)

-- Elapsed Time Analysis --
 Wall-clock Time                      : 22 us
 - Non I/O Handling Time (Estimated)  : 22 us
 - I/O Handling Time                  : 0 us
        - Read Syscall                : 0 us
[===============================================]-- Elapsed Time Analysis --
 Wall-clock Time                      : 6 us
 - Non I/O Handling Time (Estimated)  : 6 us
[===============================================]
Result of node_idx 5 in node_object 0: Fully Connected (NC, QDU8, F32, QC8W)

-- Elapsed Time Analysis --
 Wall-clock Time                      : 21 us
 - Non I/O Handling Time (Estimated)  : 21 us
 - I/O Handling Time                  : 0 us
 Write Syscall Count                  : 0
-- Page Faults & Bytes --
[===============================================]
Result of node_idx 6 in node_object 0: Add (ND)

        - Page Fault                  : 0 us
[===============================================]
Result of node_idx 0 in node_object 0: Multiply (ND)

-- Elapsed Time Analysis --
 Wall-clock Time                      : 9 us
 - Non I/O Handling Time (Estimated)  : 9 us
[===============================================]-- Elapsed Time Analysis --

[===============================================]-- Elapsed Time Analysis --

[===============================================]-- Elapsed Time Analysis --
[===============================================]-- Elapsed Time Analysis --
[===============================================]-- Elapsed Time Analysis --
 Wall-clock Time                      : 5 us

[===============================================]-- Elapsed Time Analysis --
 Wall-clock Time                      : 5 us

[===============================================]
Result of node_idx 0 in node_object 0: Fully Connected (NC, QDU8, F32, QC8W)

-- Elapsed Time Analysis --
 Wall-clock Time                      : 18 us
 - Non I/O Handling Time (Estimated)  : 18 us
 - I/O Handling Time                  : 0 us
        - Read Syscall                : 0 us
        - Write Syscall               : 0 us
        - Page Fault                  : 0 us
        - io_uring                    : 0 us

-- I/O Counts --

[===============================================]-- Elapsed Time Analysis --

[===============================================]-- Elapsed Time Analysis --
 Wall-clock Time                      : 10 us
[===============================================]-- Elapsed Time Analysis --
 Wall-clock Time                      : 6 us
[===============================================]-- Elapsed Time Analysis --
 Wall-clock Time                      : 6 us


[===============================================]-- Elapsed Time Analysis --

[===============================================]
Result of node_idx 6 in node_object 0: Slice (ND, X32)

-- Elapsed Time Analysis --
 Wall-clock Time                      : 7 us
[===============================================]-- Elapsed Time Analysis --
 Wall-clock Time                      : 7 us

 Read Syscall Count                   : 0
[===============================================]-- Elapsed Time Analysis --

 io_uring Completion Count            : 0
[===============================================]-- Elapsed Time Analysis --
 - Non I/O Handling Time (Estimated)  : 5 us
[===============================================]-- Elapsed Time Analysis --

-- I/O Counts --
[===============================================]-- Elapsed Time Analysis --
 Wall-clock Time                      : 5 us
[===============================================]-- Elapsed Time Analysis --
 Wall-clock Time                      : 30 us
[===============================================]

[===============================================]-- Elapsed Time Analysis --
 Wall-clock Time                      : 5 us
[===============================================]-- Elapsed Time Analysis --
 Wall-clock Time                      : 5 us
        - Page Fault                  : 0 us
        - io_uring                    : 0 us

-- I/O Counts --
 Read Syscall Count                   : 0
[===============================================]-- Elapsed Time Analysis --
 Write Bytes                    : 0
[===============================================]-- Elapsed Time Analysis --
[===============================================] io_uring Completion Count            : 0
[===============================================]-- Elapsed Time Analysis --
 Wall-clock Time                      : 13 us
 - Non I/O Handling Time (Estimated)  : 13 us
-- I/O Counts --

[===============================================]-- Elapsed Time Analysis --
 Wall-clock Time                      : 7 us

[===============================================]

[===============================================]-- Elapsed Time Analysis --
 Block Read Bytes               : 0
[===============================================]-- Elapsed Time Analysis --
 Block Write Bytes              : 0
[===============================================]-- Elapsed Time Analysis --
 Wall-clock Time                      : 6 us
[===============================================]-- Elapsed Time Analysis --
 Wall-clock Time                      : 6 us
 Block I/O Count                      : 0
 io_uring Completion Count            : 0

-- Total I/O Time (block device) --

[===============================================]-- Elapsed Time Analysis --
 Write Bytes                    : 0
[===============================================]-- Elapsed Time Analysis --
 Wall-clock Time                      : 6 us
 Read Bytes                     : 0
[===============================================]-- Elapsed Time Analysis --

[===============================================]-- Elapsed Time Analysis --
 Wall-clock Time                      : 9 us
[===============================================]-- Elapsed Time Analysis --

[===============================================]
Result of node_idx 0 in node_object 0: Multiply (ND)

[===============================================]-- Elapsed Time Analysis --

[===============================================]
Result of node_idx 2 in node_object 0: Transpose (ND, X32)

-- Elapsed Time Analysis --
 Wall-clock Time                      : 37 us
 - Non I/O Handling Time (Estimated)  : 37 us
 - I/O Handling Time                  : 0 us
        - Read Syscall                : 0 us
        - Write Syscall               : 0 us
        - Page Fault                  : 0 us
        - io_uring                    : 0 us

-- I/O Counts --
 Read Syscall Count                   : 0
 Write Syscall Count                  : 0
 Block I/O Count                      : 0
 io_uring Completion Count            : 0

[===============================================]        - Write Syscall               : 0 us
[===============================================]-- Elapsed Time Analysis --

[===============================================]
Result of node_idx 5 in node_object 0: Batch Matrix Multiply (NC, F32)

-- Elapsed Time Analysis --
 Wall-clock Time                      : 54 us
 - Non I/O Handling Time (Estimated)  : 54 us
 - I/O Handling Time                  : 0 us
        - Read Syscall                : 0 us
        - Write Syscall               : 0 us
        - Page Fault                  : 0 us
        - io_uring                    : 0 us

-- I/O Counts --
 Read Syscall Count                   : 0
 Write Syscall Count                  : 0
 Block I/O Count                      : 0
 io_uring Completion Count            : 0

-- Total I/O Time (block device) --
 Total Block I/O Time           : 0

-- Page Faults & Bytes --
 Page Fault Count               : 0
 Read Bytes                     : 0
 Write Bytes                    : 0
[===============================================]-- Elapsed Time Analysis --

[===============================================]-- Elapsed Time Analysis --
 Wall-clock Time                      : 5 us
[===============================================]-- Elapsed Time Analysis --
 Wall-clock Time                      : 9 us
 - Non I/O Handling Time (Estimated)  : 9 us
[===============================================]
Result of node_idx 9 in node_object 0: Transpose (ND, X32)

-- Elapsed Time Analysis --
 Wall-clock Time                      : 38 us
 - Non I/O Handling Time (Estimated)  : 38 us
 - I/O Handling Time                  : 0 us
        - Read Syscall                : 0 us
        - Write Syscall               : 0 us
        - Page Fault                  : 0 us
        - io_uring                    : 0 us

-- I/O Counts --
 Read Syscall Count                   : 0
 Write Syscall Count                  : 0
 Block I/O Count                      : 0
 io_uring Completion Count            : 0

-- Total I/O Time (block device) --
[===============================================]-- Elapsed Time Analysis --
[===============================================] Wall-clock Time                      : 3 us
[===============================================]
Result of node_idx 12 in node_object 0: Batch Matrix Multiply (NC, F32)

-- Elapsed Time Analysis --
 Wall-clock Time                      : 45 us
 - Non I/O Handling Time (Estimated)  : 45 us
 - I/O Handling Time                  : 0 us
        - Read Syscall                : 0 us
        - Write Syscall               : 0 us
        - Page Fault                  : 0 us
        - io_uring                    : 0 us

-- I/O Counts --
 Read Syscall Count                   : 0
 Write Syscall Count                  : 0
 Block I/O Count                      : 0
 io_uring Completion Count            : 0

-- Total I/O Time (block device) --
 Total Block I/O Time           : 0

-- Page Faults & Bytes --
 Page Fault Count               : 0
[===============================================] Read Bytes                     : 0
[===============================================]-- Elapsed Time Analysis --
[===============================================]-- Elapsed Time Analysis --
 Block Write Bytes              : 0
[===============================================]-- Elapsed Time Analysis --
 Wall-clock Time                      : 11 us
 - Non I/O Handling Time (Estimated)  : 11 us
 - I/O Handling Time                  : 0 us
[===============================================]-- Elapsed Time Analysis --
 Wall-clock Time                      : 6 us

[===============================================]
Result of node_idx 0 in node_object 0: Multiply (ND)

-- Elapsed Time Analysis --
 Wall-clock Time                      : 9 us
 - Non I/O Handling Time (Estimated)  : 9 us
 - I/O Handling Time                  : 0 us
        - Read Syscall                : 0 us
        - Write Syscall               : 0 us

 Page Fault Count               : 0
[===============================================]
[===============================================]-- I/O Counts --

[===============================================] Page Fault Count               : 0
[===============================================]-- Elapsed Time Analysis --

[===============================================]-- Elapsed Time Analysis --
 - Non I/O Handling Time (Estimated)  : 6 us
[===============================================]-- Elapsed Time Analysis --
 Wall-clock Time                      : 6 us
[===============================================]
Result of node_idx 0 in node_object 0: Fully Connected (NC, QDU8, F32, QC8W)

-- Elapsed Time Analysis --
 Wall-clock Time                      : 25 us
 - Non I/O Handling Time (Estimated)  : 25 us
 - I/O Handling Time                  : 0 us
        - Read Syscall                : 0 us
        - Write Syscall               : 0 us
        - Page Fault                  : 0 us
        - io_uring                    : 0 us

-- I/O Counts --
 Read Syscall Count                   : 0
 Write Syscall Count                  : 0
 Block I/O Count                      : 0
[===============================================]-- Elapsed Time Analysis --
 Wall-clock Time                      : 5 us

[===============================================]-- Elapsed Time Analysis --
 Wall-clock Time                      : 6 us
 Total Block I/O Time           : 0
[===============================================]
Result of node_idx 3 in node_object 0: Fully Connected (NC, QDU8, F32, QC8W)

-- Elapsed Time Analysis --
 Wall-clock Time                      : 23 us
 - Non I/O Handling Time (Estimated)  : 23 us
 - I/O Handling Time                  : 0 us
        - Read Syscall                : 0 us
        - Write Syscall               : 0 us
        - Page Fault                  : 0 us
        - io_uring                    : 0 us
[===============================================]-- Elapsed Time Analysis --
 Wall-clock Time                      : 6 us

 Block Write Bytes              : 0
[===============================================]
Result of node_idx 5 in node_object 0: Fully Connected (NC, QDU8, F32, QC8W)

-- Elapsed Time Analysis --
 Wall-clock Time                      : 22 us
 - Non I/O Handling Time (Estimated)  : 22 us
 - I/O Handling Time                  : 0 us
        - Read Syscall                : 0 us
[===============================================]-- Elapsed Time Analysis --
 Wall-clock Time                      : 6 us
[===============================================]

[===============================================]
Result of node_idx 0 in node_object 0: Multiply (ND)

-- Elapsed Time Analysis --
 Wall-clock Time                      : 10 us

[===============================================]
Result of node_idx 1 in node_object 0: Sum (ND)

[===============================================]-- Elapsed Time Analysis --

[===============================================]-- Elapsed Time Analysis --

[===============================================]-- Elapsed Time Analysis --

[===============================================]-- Elapsed Time Analysis --
 Wall-clock Time                      : 5 us
[===============================================]-- Elapsed Time Analysis --
 Wall-clock Time                      : 6 us

[===============================================]
Result of node_idx 0 in node_object 0: Fully Connected (NC, QDU8, F32, QC8W)

-- Elapsed Time Analysis --
 Wall-clock Time                      : 18 us
 - Non I/O Handling Time (Estimated)  : 18 us
 - I/O Handling Time                  : 0 us
        - Read Syscall                : 0 us
        - Write Syscall               : 0 us

[===============================================]
Result of node_idx 1 in node_object 0: Static Reshape (NC)

[===============================================]-- Elapsed Time Analysis --
 Wall-clock Time                      : 6 us

 Block I/O Count                      : 0
[===============================================]-- Elapsed Time Analysis --
 Wall-clock Time                      : 7 us

[===============================================]-- Elapsed Time Analysis --
 Wall-clock Time                      : 6 us
-- I/O Counts --
[===============================================]-- Elapsed Time Analysis --
[===============================================]-- Elapsed Time Analysis --
 Wall-clock Time                      : 7 us
 - Non I/O Handling Time (Estimated)  : 7 us
[===============================================]-- Elapsed Time Analysis --
 Wall-clock Time                      : 7 us
 - Non I/O Handling Time (Estimated)  : 7 us
[===============================================]-- Elapsed Time Analysis --
 - I/O Handling Time                  : 0 us

[===============================================]
Result of node_idx 9 in node_object 0: Multiply (ND)

-- Elapsed Time Analysis --
[===============================================]-- Elapsed Time Analysis --
 Wall-clock Time                      : 5 us
[===============================================]-- Elapsed Time Analysis --
 Wall-clock Time                      : 5 us
 - Non I/O Handling Time (Estimated)  : 5 us
[===============================================]-- Elapsed Time Analysis --
 Wall-clock Time                      : 5 us
[===============================================]-- Elapsed Time Analysis --
 - Non I/O Handling Time (Estimated)  : 5 us

[===============================================]-- Elapsed Time Analysis --
 - Non I/O Handling Time (Estimated)  : 5 us
[===============================================]-- Elapsed Time Analysis --
 Wall-clock Time                      : 5 us
[===============================================]-- Elapsed Time Analysis --

[===============================================] - I/O Handling Time                  : 0 us
[===============================================]-- Elapsed Time Analysis --
 Wall-clock Time                      : 6 us
 - Non I/O Handling Time (Estimated)  : 6 us
[===============================================]
Result of node_idx 18 in node_object 0: Slice (ND, X32)

-- Elapsed Time Analysis --

 Block Read Bytes               : 0
[===============================================]-- Elapsed Time Analysis --

[===============================================]-- Elapsed Time Analysis --
 Wall-clock Time                      : 5 us

[===============================================]-- Elapsed Time Analysis --
 Wall-clock Time                      : 5 us
[===============================================]-- Elapsed Time Analysis --
 Wall-clock Time                      : 5 us

[===============================================]-- Elapsed Time Analysis --
 Wall-clock Time                      : 5 us
[===============================================]-- Elapsed Time Analysis --

[===============================================]-- Elapsed Time Analysis --
 Wall-clock Time                      : 5 us
 io_uring Completion Count            : 0
[===============================================]-- Elapsed Time Analysis --
 Wall-clock Time                      : 6 us
[===============================================]-- Elapsed Time Analysis --
 Wall-clock Time                      : 3 us
 - Non I/O Handling Time (Estimated)  : 3 us


[===============================================]
Result of node_idx 0 in node_object 0: Multiply (ND)

[===============================================]-- Elapsed Time Analysis --
 Wall-clock Time                      : 3 us
[===============================================]
Result of node_idx 2 in node_object 0: Transpose (ND, X32)

-- Elapsed Time Analysis --
 Wall-clock Time                      : 29 us
 - Non I/O Handling Time (Estimated)  : 29 us
 - I/O Handling Time                  : 0 us
        - Read Syscall                : 0 us
        - Write Syscall               : 0 us
        - Page Fault                  : 0 us

[===============================================]
-- Total I/O Time (block device) --
[===============================================]-- Elapsed Time Analysis --
[===============================================]
Result of node_idx 5 in node_object 0: Batch Matrix Multiply (NC, F32)

-- Elapsed Time Analysis --
 Wall-clock Time                      : 51 us
 - Non I/O Handling Time (Estimated)  : 51 us
 - I/O Handling Time                  : 0 us
        - Read Syscall                : 0 us
        - Write Syscall               : 0 us
        - Page Fault                  : 0 us
        - io_uring                    : 0 us

-- I/O Counts --
 Read Syscall Count                   : 0
 Write Syscall Count                  : 0
 Block I/O Count                      : 0
 io_uring Completion Count            : 0

-- Total I/O Time (block device) --
 Total Block I/O Time           : 0

-- Page Faults & Bytes --
 Page Fault Count               : 0
 Read Bytes                     : 0
[===============================================]-- Elapsed Time Analysis --
 Wall-clock Time                      : 7 us
[===============================================]
Result of node_idx 7 in node_object 0: Add (ND)

-- Elapsed Time Analysis --
[===============================================]-- Elapsed Time Analysis --
 Wall-clock Time                      : 7 us
 - Non I/O Handling Time (Estimated)  : 7 us
[===============================================]
Result of node_idx 9 in node_object 0: Transpose (ND, X32)

-- Elapsed Time Analysis --
 Wall-clock Time                      : 37 us
 - Non I/O Handling Time (Estimated)  : 37 us
 - I/O Handling Time                  : 0 us
        - Read Syscall                : 0 us
        - Write Syscall               : 0 us
        - Page Fault                  : 0 us
        - io_uring                    : 0 us

-- I/O Counts --
 Read Syscall Count                   : 0
 Write Syscall Count                  : 0

[===============================================]-- Elapsed Time Analysis --

[===============================================]-- Elapsed Time Analysis --
        - Page Fault                  : 0 us
        - io_uring                    : 0 us

-- I/O Counts --

[===============================================]
Result of node_idx 12 in node_object 0: Batch Matrix Multiply (NC, F32)

-- Elapsed Time Analysis --
 Wall-clock Time                      : 56 us
 - Non I/O Handling Time (Estimated)  : 56 us
 - I/O Handling Time                  : 0 us
        - Read Syscall                : 0 us
        - Write Syscall               : 0 us
        - Page Fault                  : 0 us
        - io_uring                    : 0 us

-- I/O Counts --
 Read Syscall Count                   : 0
 Write Syscall Count                  : 0
 Block I/O Count                      : 0
 io_uring Completion Count            : 0

-- Total I/O Time (block device) --

-- Page Faults & Bytes --
[===============================================]-- Elapsed Time Analysis --
[===============================================]

[===============================================]
Result of node_idx 14 in node_object 0: Transpose (ND, X32)

[===============================================]-- Elapsed Time Analysis --
[===============================================]-- Elapsed Time Analysis --
 Wall-clock Time                      : 12 us
 - Non I/O Handling Time (Estimated)  : 12 us
 - I/O Handling Time                  : 0 us
 io_uring Completion Count            : 0
[===============================================]-- Elapsed Time Analysis --
 Wall-clock Time                      : 7 us
[===============================================]
Result of node_idx 0 in node_object 0: Multiply (ND)

-- Elapsed Time Analysis --
 Wall-clock Time                      : 9 us
 - Non I/O Handling Time (Estimated)  : 9 us
[===============================================]-- Elapsed Time Analysis --
 Wall-clock Time                      : 3 us
[===============================================]-- Elapsed Time Analysis --

[===============================================]-- Elapsed Time Analysis --
 Wall-clock Time                      : 3 us
[===============================================]-- Elapsed Time Analysis --
 Wall-clock Time                      : 4 us
 - Non I/O Handling Time (Estimated)  : 4 us
 - I/O Handling Time                  : 0 us
[===============================================]-- Elapsed Time Analysis --
 Wall-clock Time                      : 6 us
 - Non I/O Handling Time (Estimated)  : 6 us
[===============================================]-- Elapsed Time Analysis --
 Wall-clock Time                      : 6 us

-- Total I/O Time (block device) --
[===============================================]
Result of node_idx 0 in node_object 0: Fully Connected (NC, QDU8, F32, QC8W)

-- Elapsed Time Analysis --
 Wall-clock Time                      : 34 us
 - Non I/O Handling Time (Estimated)  : 34 us
 - I/O Handling Time                  : 0 us
        - Read Syscall                : 0 us
        - Write Syscall               : 0 us
        - Page Fault                  : 0 us
        - io_uring                    : 0 us

-- I/O Counts --
 Read Syscall Count                   : 0
 Write Syscall Count                  : 0
[===============================================]
Result of node_idx 1 in node_object 0: Sigmoid (NC)

[===============================================]-- Elapsed Time Analysis --
 Wall-clock Time                      : 6 us

-- Page Faults & Bytes --
[===============================================]
Result of node_idx 3 in node_object 0: Fully Connected (NC, QDU8, F32, QC8W)

-- Elapsed Time Analysis --
 Wall-clock Time                      : 22 us
 - Non I/O Handling Time (Estimated)  : 22 us
 - I/O Handling Time                  : 0 us
 Read Syscall Count                   : 0
[===============================================]-- Elapsed Time Analysis --
 Wall-clock Time                      : 7 us
[===============================================]
Result of node_idx 5 in node_object 0: Fully Connected (NC, QDU8, F32, QC8W)

-- Elapsed Time Analysis --
 Wall-clock Time                      : 22 us
 - Non I/O Handling Time (Estimated)  : 22 us
 - I/O Handling Time                  : 0 us
        - Read Syscall                : 0 us
        - Write Syscall               : 0 us
        - Page Fault                  : 0 us
        - io_uring                    : 0 us
[===============================================]-- Elapsed Time Analysis --
 Wall-clock Time                      : 6 us
        - Write Syscall               : 0 us
[===============================================]
Result of node_idx 0 in node_object 0: Multiply (ND)

-- Elapsed Time Analysis --
 Wall-clock Time                      : 10 us
 - Non I/O Handling Time (Estimated)  : 10 us
[===============================================]-- Elapsed Time Analysis --
 Write Syscall Count                  : 0
[===============================================]
[===============================================] Write Bytes                    : 0
[===============================================]-- Elapsed Time Analysis --
[===============================================]-- Elapsed Time Analysis --
 Wall-clock Time                      : 6 us

[===============================================]
Result of node_idx 6 in node_object 0: Multiply (ND)

-- Elapsed Time Analysis --

[===============================================]
Result of node_idx 0 in node_object 0: Fully Connected (NC, QDU8, F32, QC8W)

-- Elapsed Time Analysis --
 Wall-clock Time                      : 24 us
 - Non I/O Handling Time (Estimated)  : 24 us
 - I/O Handling Time                  : 0 us
        - Read Syscall                : 0 us
        - Write Syscall               : 0 us
        - Page Fault                  : 0 us
 Read Syscall Count                   : 0
[===============================================]-- Elapsed Time Analysis --
[===============================================]-- Elapsed Time Analysis --
 Wall-clock Time                      : 7 us
        - Read Syscall                : 0 us
[===============================================]-- Elapsed Time Analysis --
 Wall-clock Time                      : 7 us

[===============================================]
Result of node_idx 4 in node_object 0: Slice (ND, X32)

-- Elapsed Time Analysis --
 Wall-clock Time                      : 7 us
[===============================================]

[===============================================][===============================================]-- Elapsed Time Analysis --
 Wall-clock Time                      : 8 us
 - Non I/O Handling Time (Estimated)  : 8 us
 - I/O Handling Time                  : 0 us
[===============================================]-- Elapsed Time Analysis --
 Wall-clock Time                      : 8 us
 - Non I/O Handling Time (Estimated)  : 8 us
[===============================================]-- Elapsed Time Analysis --

-- I/O Counts --
[===============================================]-- Elapsed Time Analysis --
 - Non I/O Handling Time (Estimated)  : 6 us
[===============================================]-- Elapsed Time Analysis --
        - Read Syscall                : 0 us
[===============================================]-- Elapsed Time Analysis --
 Wall-clock Time                      : 5 us
 Block I/O Count                      : 0
[===============================================]-- Elapsed Time Analysis --

[===============================================]

[===============================================]
Result of node_idx 13 in node_object 0: Add (ND)

-- Elapsed Time Analysis --
[===============================================]-- Elapsed Time Analysis --

 Write Syscall Count                  : 0
[===============================================]-- Elapsed Time Analysis --

-- Total I/O Time (block device) --
[===============================================]-- Elapsed Time Analysis --

[===============================================]-- I/O Counts --
[===============================================]-- Elapsed Time Analysis --
 Wall-clock Time                      : 7 us
 - Non I/O Handling Time (Estimated)  : 7 us
[===============================================]-- Elapsed Time Analysis --
 Wall-clock Time                      : 7 us
-- I/O Counts --
[===============================================]-- Elapsed Time Analysis --
 Total Block I/O Time           : 0
[===============================================]-- Elapsed Time Analysis --
 Wall-clock Time                      : 6 us
 Read Bytes                     : 0
[===============================================]
Result of node_idx 21 in node_object 0: Subtract (ND)

-- Elapsed Time Analysis --
[===============================================]-- Elapsed Time Analysis --
        - Read Syscall                : 0 us
[===============================================]-- Elapsed Time Analysis --
 Wall-clock Time                      : 6 us
-- Total I/O Time (block device) --
[===============================================]-- Elapsed Time Analysis --
 Wall-clock Time                      : 6 us
-- I/O Counts --
[===============================================]-- Elapsed Time Analysis --
        - io_uring                    : 0 us
[===============================================]-- Elapsed Time Analysis --
 Wall-clock Time                      : 6 us

[===============================================][===============================================]
Result of node_idx 0 in node_object 0: Multiply (ND)

-- Elapsed Time Analysis --
 Wall-clock Time                      : 5 us
[===============================================]-- Elapsed Time Analysis --
 Wall-clock Time                      : 4 us
[===============================================]
Result of node_idx 2 in node_object 0: Transpose (ND, X32)

-- Elapsed Time Analysis --
 Wall-clock Time                      : 39 us
 - Non I/O Handling Time (Estimated)  : 39 us
 - I/O Handling Time                  : 0 us
        - Read Syscall                : 0 us
        - Write Syscall               : 0 us
        - Page Fault                  : 0 us
        - io_uring                    : 0 us

-- I/O Counts --
 Read Syscall Count                   : 0
 Write Syscall Count                  : 0
 Block I/O Count                      : 0
 io_uring Completion Count            : 0

[===============================================]-- Elapsed Time Analysis --
[===============================================][===============================================]
Result of node_idx 5 in node_object 0: Batch Matrix Multiply (NC, F32)

-- Elapsed Time Analysis --
 Wall-clock Time                      : 58 us
 - Non I/O Handling Time (Estimated)  : 58 us
 - I/O Handling Time                  : 0 us
        - Read Syscall                : 0 us
        - Write Syscall               : 0 us
        - Page Fault                  : 0 us
        - io_uring                    : 0 us

-- I/O Counts --
 Read Syscall Count                   : 0
 Write Syscall Count                  : 0
 Block I/O Count                      : 0
 io_uring Completion Count            : 0

-- Total I/O Time (block device) --
 Total Block I/O Time           : 0

-- Page Faults & Bytes --
 Page Fault Count               : 0
 Read Bytes                     : 0
 Write Bytes                    : 0
[===============================================]

[===============================================] io_uring Completion Count            : 0
[===============================================]-- Elapsed Time Analysis --
[===============================================]-- Elapsed Time Analysis --
 Wall-clock Time                      : 8 us
 - Non I/O Handling Time (Estimated)  : 8 us
 - I/O Handling Time                  : 0 us
[===============================================]
Result of node_idx 9 in node_object 0: Transpose (ND, X32)

-- Elapsed Time Analysis --
 Wall-clock Time                      : 55 us
 - Non I/O Handling Time (Estimated)  : 55 us
 - I/O Handling Time                  : 0 us
        - Read Syscall                : 0 us
        - Write Syscall               : 0 us
        - Page Fault                  : 0 us
        - io_uring                    : 0 us

-- I/O Counts --
 Read Syscall Count                   : 0
 Write Syscall Count                  : 0
 Block I/O Count                      : 0
 io_uring Completion Count            : 0

-- Total I/O Time (block device) --
 Total Block I/O Time           : 0

-- Page Faults & Bytes --
 Page Fault Count               : 0
 Read Bytes                     : 0
[===============================================]

[===============================================]-- Elapsed Time Analysis --

[===============================================] Wall-clock Time                      : 3 us

[===============================================]
Result of node_idx 12 in node_object 0: Batch Matrix Multiply (NC, F32)

-- Elapsed Time Analysis --
 Wall-clock Time                      : 55 us
 - Non I/O Handling Time (Estimated)  : 55 us
 - I/O Handling Time                  : 0 us
        - Read Syscall                : 0 us
        - Write Syscall               : 0 us
        - Page Fault                  : 0 us
        - io_uring                    : 0 us

-- I/O Counts --
 Read Syscall Count                   : 0
 Write Syscall Count                  : 0
 Block I/O Count                      : 0
 io_uring Completion Count            : 0

-- Total I/O Time (block device) --
 Total Block I/O Time           : 0

-- Page Faults & Bytes --
 Page Fault Count               : 0
[===============================================]-- Elapsed Time Analysis --
 Wall-clock Time                      : 3 us
[===============================================]-- Elapsed Time Analysis --
-- I/O Counts --
[===============================================]-- Elapsed Time Analysis --
 Wall-clock Time                      : 3 us
 - Non I/O Handling Time (Estimated)  : 3 us
 - I/O Handling Time                  : 0 us
[===============================================]
Result of node_idx 16 in node_object 0: Fully Connected (NC, QDU8, F32, QC8W)

-- Elapsed Time Analysis --
 Block Read Bytes               : 0
[===============================================]-- Elapsed Time Analysis --

-- I/O Counts --
[===============================================]
Result of node_idx 0 in node_object 0: Multiply (ND)

-- Elapsed Time Analysis --
 Wall-clock Time                      : 12 us
 - Non I/O Handling Time (Estimated)  : 12 us
 Read Syscall Count                   : 0
[===============================================]-- Elapsed Time Analysis --
 Write Syscall Count                  : 0
[===============================================] Write Syscall Count                  : 0
 Write Bytes                    : 0
[===============================================]
Result of node_idx 4 in node_object 0: Reciprocal Square Root (NC)

[===============================================]-- Elapsed Time Analysis --
 Wall-clock Time                      : 7 us
[===============================================]-- Elapsed Time Analysis --
 Wall-clock Time                      : 7 us
 - Non I/O Handling Time (Estimated)  : 7 us
 io_uring Completion Count            : 0
[===============================================]
Result of node_idx 0 in node_object 0: Fully Connected (NC, QDU8, F32, QC8W)

-- Elapsed Time Analysis --
 Wall-clock Time                      : 44 us
 - Non I/O Handling Time (Estimated)  : 44 us
 - I/O Handling Time                  : 0 us
        - Read Syscall                : 0 us
        - Write Syscall               : 0 us
        - Page Fault                  : 0 us
        - io_uring                    : 0 us

-- I/O Counts --
[===============================================]-- Elapsed Time Analysis --
 Wall-clock Time                      : 6 us
[===============================================]
Result of node_idx 2 in node_object 0: Multiply (ND)

-- Elapsed Time Analysis --

 Read Bytes                     : 0
[===============================================]
Result of node_idx 3 in node_object 0: Fully Connected (NC, QDU8, F32, QC8W)

-- Elapsed Time Analysis --
 Wall-clock Time                      : 34 us
 - Non I/O Handling Time (Estimated)  : 34 us
 - I/O Handling Time                  : 0 us
        - Read Syscall                : 0 us
        - Write Syscall               : 0 us

[===============================================]-- Elapsed Time Analysis --
 Wall-clock Time                      : 7 us

[===============================================]
Result of node_idx 5 in node_object 0: Fully Connected (NC, QDU8, F32, QC8W)

-- Elapsed Time Analysis --
 Wall-clock Time                      : 28 us
 - Non I/O Handling Time (Estimated)  : 28 us
 - I/O Handling Time                  : 0 us
        - Read Syscall                : 0 us
        - Write Syscall               : 0 us
        - Page Fault                  : 0 us
        - io_uring                    : 0 us

-- I/O Counts --
[===============================================]-- Elapsed Time Analysis --
 Wall-clock Time                      : 6 us
 - Non I/O Handling Time (Estimated)  : 6 us
[===============================================]
Result of node_idx 0 in node_object 0: Multiply (ND)

-- Elapsed Time Analysis --
 Wall-clock Time                      : 10 us
 - Non I/O Handling Time (Estimated)  : 10 us
 Total Block I/O Time           : 0
[===============================================] - Non I/O Handling Time (Estimated)  : 4 us
[===============================================] - Non I/O Handling Time (Estimated)  : 4 us
[===============================================]-- Elapsed Time Analysis --

[===============================================]-- Elapsed Time Analysis --
-- I/O Counts --
[===============================================]

[===============================================]
Result of node_idx 5 in node_object 0: Multiply (ND)

[===============================================]-- Elapsed Time Analysis --
 Wall-clock Time                      : 6 us

-- Total I/O Time (block device) --
[===============================================]
Result of node_idx 0 in node_object 0: Fully Connected (NC, QDU8, F32, QC8W)

-- Elapsed Time Analysis --
 Wall-clock Time                      : 21 us
 - Non I/O Handling Time (Estimated)  : 21 us
 - I/O Handling Time                  : 0 us
        - Read Syscall                : 0 us
        - Write Syscall               : 0 us

[===============================================]

[===============================================] Write Syscall Count                  : 0
[===============================================]-- Elapsed Time Analysis --
 Wall-clock Time                      : 7 us

[===============================================]-- Elapsed Time Analysis --
 Wall-clock Time                      : 8 us
 - Non I/O Handling Time (Estimated)  : 8 us
 - I/O Handling Time                  : 0 us
        - Read Syscall                : 0 us
        - Write Syscall               : 0 us
[===============================================]-- Elapsed Time Analysis --
[===============================================]-- Elapsed Time Analysis --
 Write Syscall Count                  : 0
[===============================================]-- Elapsed Time Analysis --
 Wall-clock Time                      : 8 us

-- Page Faults & Bytes --
[===============================================]-- Elapsed Time Analysis --
 Wall-clock Time                      : 8 us
[===============================================]-- Elapsed Time Analysis --
 Wall-clock Time                      : 5 us
 - Non I/O Handling Time (Estimated)  : 5 us
[===============================================]-- Elapsed Time Analysis --
 Wall-clock Time                      : 13 us
 - Non I/O Handling Time (Estimated)  : 13 us

-- I/O Counts --
[===============================================]-- Elapsed Time Analysis --

[===============================================]-- Elapsed Time Analysis --
 Wall-clock Time                      : 8 us
 - Non I/O Handling Time (Estimated)  : 8 us
[===============================================]
Result of node_idx 12 in node_object 0: Multiply (ND)

        - Read Syscall                : 0 us
[===============================================]-- Elapsed Time Analysis --

-- I/O Counts --
[===============================================]-- Elapsed Time Analysis --
 Wall-clock Time                      : 6 us
        - Page Fault                  : 0 us
[===============================================]-- Elapsed Time Analysis --
 - I/O Handling Time                  : 0 us
[===============================================] - I/O Handling Time                  : 0 us
[===============================================]-- Elapsed Time Analysis --

[===============================================]-- Elapsed Time Analysis --
 Wall-clock Time                      : 8 us

[===============================================]-- Elapsed Time Analysis --
 Wall-clock Time                      : 12 us

-- Total I/O Time (block device) --
[===============================================]-- Elapsed Time Analysis --
 Wall-clock Time                      : 6 us
[===============================================]
Result of node_idx 20 in node_object 0: Multiply (ND)

-- Elapsed Time Analysis --

[===============================================]-- Elapsed Time Analysis --
 Wall-clock Time                      : 6 us

[===============================================]-- Elapsed Time Analysis --

 Write Syscall Count                  : 0
[===============================================]-- Elapsed Time Analysis --
        - Write Syscall               : 0 us
[===============================================]-- Elapsed Time Analysis --

-- Page Faults & Bytes --
[===============================================]-- Elapsed Time Analysis --
        - Read Syscall                : 0 us
[===============================================]-- Elapsed Time Analysis --
-- I/O Counts --

[===============================================] Block I/O Count                      : 0
[===============================================]
Result of node_idx 0 in node_object 0: Multiply (ND)

-- Elapsed Time Analysis --
 Wall-clock Time                      : 50 us
 - Non I/O Handling Time (Estimated)  : 50 us
 - I/O Handling Time                  : 0 us
        - Read Syscall                : 0 us
        - Write Syscall               : 0 us
        - Page Fault                  : 0 us
        - io_uring                    : 0 us

-- I/O Counts --
 Read Syscall Count                   : 0
 Write Syscall Count                  : 0
 Block I/O Count                      : 0
 io_uring Completion Count            : 0

-- Total I/O Time (block device) --
 Total Block I/O Time           : 0

-- Page Faults & Bytes --
 Page Fault Count               : 0
 Read Bytes                     : 0
 Write Bytes                    : 0
 Block Read Bytes               : 0
 Block Write Bytes              : 0
[===============================================]

[===============================================]
Result of node_idx 1 in node_object 0: Transpose (ND, X32)

-- Elapsed Time Analysis --
 Wall-clock Time                      : 5 us
 - Non I/O Handling Time (Estimated)  : 5 us
 - I/O Handling Time                  : 0 us
        - Read Syscall                : 0 us
        - Write Syscall               : 0 us
        - Page Fault                  : 0 us
        - io_uring                    : 0 us

-- I/O Counts --
 Read Syscall Count                   : 0
 Write Syscall Count                  : 0
 Block I/O Count                      : 0
[===============================================]
Result of node_idx 2 in node_object 0: Transpose (ND, X32)

-- Elapsed Time Analysis --
 Wall-clock Time                      : 34 us
 - Non I/O Handling Time (Estimated)  : 34 us
 - I/O Handling Time                  : 0 us
        - Read Syscall                : 0 us
        - Write Syscall               : 0 us
        - Page Fault                  : 0 us
 Block I/O Count                      : 0
[===============================================]-- Elapsed Time Analysis --
[===============================================]
Result of node_idx 4 in node_object 0: Static Reshape (NC)

[===============================================]
Result of node_idx 5 in node_object 0: Batch Matrix Multiply (NC, F32)

-- Elapsed Time Analysis --
 Wall-clock Time                      : 110 us
 - Non I/O Handling Time (Estimated)  : 110 us
 - I/O Handling Time                  : 0 us
        - Read Syscall                : 0 us
        - Write Syscall               : 0 us
        - Page Fault                  : 0 us
        - io_uring                    : 0 us

-- I/O Counts --
 Read Syscall Count                   : 0
 Write Syscall Count                  : 0
 Block I/O Count                      : 0
 io_uring Completion Count            : 0

-- Total I/O Time (block device) --
 Total Block I/O Time           : 0

-- Page Faults & Bytes --
 Page Fault Count               : 0
 Read Bytes                     : 0
 Write Bytes                    : 0
 Block Read Bytes               : 0
 Block Write Bytes              : 0
[===============================================]

[===============================================]
Result of node_idx 6 in node_object 0: Static Reshape (NC)

-- Elapsed Time Analysis --
 Wall-clock Time                      : 4 us
 - Non I/O Handling Time (Estimated)  : 4 us
 - I/O Handling Time                  : 0 us
        - Read Syscall                : 0 us
        - Write Syscall               : 0 us
        - Page Fault                  : 0 us
        - io_uring                    : 0 us

-- I/O Counts --
 Read Syscall Count                   : 0
 Write Syscall Count                  : 0

[===============================================]-- Elapsed Time Analysis --
 Wall-clock Time                      : 6 us

[===============================================]-- Elapsed Time Analysis --
 Wall-clock Time                      : 9 us
 - Non I/O Handling Time (Estimated)  : 9 us
 Total Block I/O Time           : 0

-- Page Faults & Bytes --
 Page Fault Count               : 0
[===============================================]

[===============================================]
Result of node_idx 9 in node_object 0: Transpose (ND, X32)

-- Elapsed Time Analysis --
 Wall-clock Time                      : 48 us
 - Non I/O Handling Time (Estimated)  : 48 us
 - I/O Handling Time                  : 0 us
        - Read Syscall                : 0 us
        - Write Syscall               : 0 us
        - Page Fault                  : 0 us
        - io_uring                    : 0 us

-- I/O Counts --
 Read Syscall Count                   : 0
 Write Syscall Count                  : 0
 Block I/O Count                      : 0
[===============================================]-- Elapsed Time Analysis --

[===============================================]
-- I/O Counts --
[===============================================]
Result of node_idx 12 in node_object 0: Batch Matrix Multiply (NC, F32)

-- Elapsed Time Analysis --
 Wall-clock Time                      : 60 us
 - Non I/O Handling Time (Estimated)  : 60 us
 - I/O Handling Time                  : 0 us
        - Read Syscall                : 0 us
        - Write Syscall               : 0 us
        - Page Fault                  : 0 us
        - io_uring                    : 0 us

-- I/O Counts --
 Read Syscall Count                   : 0
 Write Syscall Count                  : 0
 Block I/O Count                      : 0
 io_uring Completion Count            : 0

-- Total I/O Time (block device) --
 Total Block I/O Time           : 0

-- Page Faults & Bytes --
 Page Fault Count               : 0
[===============================================]-- Elapsed Time Analysis --
[===============================================]-- Elapsed Time Analysis --
        - io_uring                    : 0 us
[===============================================] Page Fault Count               : 0
[===============================================]
Result of node_idx 16 in node_object 0: Fully Connected (NC, QDU8, F32, QC8W)

-- Elapsed Time Analysis --
 Wall-clock Time                      : 12 us
 - Non I/O Handling Time (Estimated)  : 12 us
        - io_uring                    : 0 us
[===============================================]-- Elapsed Time Analysis --
 Wall-clock Time                      : 7 us

[===============================================]
Result of node_idx 0 in node_object 0: Multiply (ND)

-- Elapsed Time Analysis --
 Wall-clock Time                      : 12 us
 - Non I/O Handling Time (Estimated)  : 12 us
 - I/O Handling Time                  : 0 us
[===============================================]-- Elapsed Time Analysis --
        - Page Fault                  : 0 us
[===============================================]-- Elapsed Time Analysis --
 io_uring Completion Count            : 0
[===============================================] Total Block I/O Time           : 0
[===============================================]-- Elapsed Time Analysis --

[===============================================]

[===============================================]
Result of node_idx 5 in node_object 0: Multiply (ND)

[===============================================]-- Elapsed Time Analysis --
 Wall-clock Time                      : 6 us

[===============================================]
Result of node_idx 0 in node_object 0: Fully Connected (NC, QDU8, F32, QC8W)

-- Elapsed Time Analysis --
 Wall-clock Time                      : 28 us
 - Non I/O Handling Time (Estimated)  : 28 us
 - I/O Handling Time                  : 0 us
        - Read Syscall                : 0 us
        - Write Syscall               : 0 us
        - Page Fault                  : 0 us
        - io_uring                    : 0 us

 Block Read Bytes               : 0
[===============================================]-- Elapsed Time Analysis --

[===============================================]-- Elapsed Time Analysis --
 Wall-clock Time                      : 7 us
 - Non I/O Handling Time (Estimated)  : 7 us
[===============================================]
Result of node_idx 3 in node_object 0: Fully Connected (NC, QDU8, F32, QC8W)

-- Elapsed Time Analysis --
 Wall-clock Time                      : 29 us
 - Non I/O Handling Time (Estimated)  : 29 us
 - I/O Handling Time                  : 0 us
        - Read Syscall                : 0 us
        - Write Syscall               : 0 us
        - Page Fault                  : 0 us
[===============================================]-- Elapsed Time Analysis --
 Wall-clock Time                      : 7 us

-- I/O Counts --
[===============================================]
Result of node_idx 5 in node_object 0: Fully Connected (NC, QDU8, F32, QC8W)

-- Elapsed Time Analysis --
 Wall-clock Time                      : 29 us
 - Non I/O Handling Time (Estimated)  : 29 us
 - I/O Handling Time                  : 0 us
-- Total I/O Time (block device) --

[===============================================]-- Elapsed Time Analysis --
 Wall-clock Time                      : 7 us
[===============================================]
Result of node_idx 0 in node_object 0: Multiply (ND)

-- Elapsed Time Analysis --
 Wall-clock Time                      : 11 us
 - Non I/O Handling Time (Estimated)  : 11 us
 - I/O Handling Time                  : 0 us
        - Read Syscall                : 0 us
        - Write Syscall               : 0 us

-- Page Faults & Bytes --
[===============================================]

[===============================================]-- Elapsed Time Analysis --
        - Page Fault                  : 0 us
[===============================================]
[===============================================]-- Elapsed Time Analysis --
 Wall-clock Time                      : 6 us
[===============================================]-- Elapsed Time Analysis --
 Wall-clock Time                      : 7 us

[===============================================]
Result of node_idx 0 in node_object 0: Fully Connected (NC, QDU8, F32, QC8W)

-- Elapsed Time Analysis --
 Wall-clock Time                      : 19 us
 - Non I/O Handling Time (Estimated)  : 19 us
 - I/O Handling Time                  : 0 us
        - Read Syscall                : 0 us
        - Write Syscall               : 0 us
        - Page Fault                  : 0 us
        - io_uring                    : 0 us

-- I/O Counts --
 Read Syscall Count                   : 0
[===============================================]-- Elapsed Time Analysis --

[===============================================]-- Elapsed Time Analysis --
 Wall-clock Time                      : 8 us
        - io_uring                    : 0 us
[===============================================]-- Elapsed Time Analysis --
 Wall-clock Time                      : 7 us
[===============================================]-- Elapsed Time Analysis --
 Wall-clock Time                      : 7 us
 - Non I/O Handling Time (Estimated)  : 7 us
[===============================================]-- Elapsed Time Analysis --
 - Non I/O Handling Time (Estimated)  : 4 us
[===============================================]-- Elapsed Time Analysis --
 Wall-clock Time                      : 8 us
 - Non I/O Handling Time (Estimated)  : 8 us
[===============================================]
Result of node_idx 7 in node_object 0: Slice (ND, X32)

-- Elapsed Time Analysis --
[===============================================]-- Elapsed Time Analysis --
 Wall-clock Time                      : 6 us
 - Non I/O Handling Time (Estimated)  : 6 us
[===============================================]-- Elapsed Time Analysis --


[===============================================]-- Elapsed Time Analysis --
-- I/O Counts --

[===============================================]-- Elapsed Time Analysis --

 io_uring Completion Count            : 0
[===============================================]-- Elapsed Time Analysis --
 - I/O Handling Time                  : 0 us
[===============================================]-- Elapsed Time Analysis --
 Wall-clock Time                      : 6 us
[===============================================]-- Elapsed Time Analysis --
 Wall-clock Time                      : 6 us

[===============================================]-- Elapsed Time Analysis --
 Wall-clock Time                      : 6 us
-- Total I/O Time (block device) --
 Total Block I/O Time           : 0

-- Page Faults & Bytes --
 Page Fault Count               : 0
[===============================================] Block Read Bytes               : 0
[===============================================]
-- Page Faults & Bytes --
[===============================================]-- Elapsed Time Analysis --
 Wall-clock Time                      : 8 us

[===============================================]-- Elapsed Time Analysis --
 Wall-clock Time                      : 8 us
 - Non I/O Handling Time (Estimated)  : 8 us
[===============================================]
Result of node_idx 19 in node_object 0: Multiply (ND)

-- Elapsed Time Analysis --
 Wall-clock Time                      : 6 us

-- Total I/O Time (block device) --
[===============================================]
Result of node_idx 20 in node_object 0: Multiply (ND)

-- Elapsed Time Analysis --
[===============================================]
Result of node_idx 21 in node_object 0: Subtract (ND)

-- Elapsed Time Analysis --
[===============================================]-- Elapsed Time Analysis --
 Wall-clock Time                      : 6 us
 - Non I/O Handling Time (Estimated)  : 6 us
[===============================================]-- Elapsed Time Analysis --

 Page Fault Count               : 0
[===============================================]-- Elapsed Time Analysis --

[===============================================]-- Elapsed Time Analysis --
 Wall-clock Time                      : 6 us
[===============================================]-- Elapsed Time Analysis --
 Wall-clock Time                      : 6 us
 Read Bytes                     : 0
[===============================================]
[===============================================]
Result of node_idx 0 in node_object 0: Multiply (ND)

-- Elapsed Time Analysis --

        - Page Fault                  : 0 us
        - io_uring                    : 0 us

-- I/O Counts --
 Read Syscall Count                   : 0
[===============================================]
Result of node_idx 2 in node_object 0: Transpose (ND, X32)

-- Elapsed Time Analysis --
 Wall-clock Time                      : 42 us
 - Non I/O Handling Time (Estimated)  : 42 us
 - I/O Handling Time                  : 0 us
        - Read Syscall                : 0 us
        - Write Syscall               : 0 us
        - Page Fault                  : 0 us
        - io_uring                    : 0 us

-- I/O Counts --
 Read Syscall Count                   : 0
 Write Syscall Count                  : 0
-- Total I/O Time (block device) --
[===============================================]-- Elapsed Time Analysis --
 Read Bytes                     : 0
[===============================================][===============================================]
Result of node_idx 5 in node_object 0: Batch Matrix Multiply (NC, F32)

-- Elapsed Time Analysis --
 Wall-clock Time                      : 59 us
 - Non I/O Handling Time (Estimated)  : 59 us
 - I/O Handling Time                  : 0 us
        - Read Syscall                : 0 us
        - Write Syscall               : 0 us
        - Page Fault                  : 0 us
        - io_uring                    : 0 us

-- I/O Counts --
 Read Syscall Count                   : 0
 Write Syscall Count                  : 0
 Block I/O Count                      : 0
 io_uring Completion Count            : 0

-- Total I/O Time (block device) --
 Total Block I/O Time           : 0

-- Page Faults & Bytes --
 Page Fault Count               : 0
 Read Bytes                     : 0
 Write Bytes                    : 0
 Block Read Bytes               : 0
[===============================================][===============================================]-- Elapsed Time Analysis --
 Wall-clock Time                      : 6 us
 - Non I/O Handling Time (Estimated)  : 6 us
[===============================================]
Result of node_idx 8 in node_object 0: Softmax (NC, F32)

-- Elapsed Time Analysis --

 Write Syscall Count                  : 0
[===============================================]
Result of node_idx 9 in node_object 0: Transpose (ND, X32)

-- Elapsed Time Analysis --
 Wall-clock Time                      : 46 us
 - Non I/O Handling Time (Estimated)  : 46 us
 - I/O Handling Time                  : 0 us
        - Read Syscall                : 0 us
        - Write Syscall               : 0 us
        - Page Fault                  : 0 us
        - io_uring                    : 0 us

-- I/O Counts --
 Read Syscall Count                   : 0
 Write Syscall Count                  : 0
 Block I/O Count                      : 0
[===============================================]-- Elapsed Time Analysis --
 Wall-clock Time                      : 4 us
[===============================================]-- Elapsed Time Analysis --
 - Non I/O Handling Time (Estimated)  : 3 us
[===============================================]
Result of node_idx 12 in node_object 0: Batch Matrix Multiply (NC, F32)

-- Elapsed Time Analysis --
 Wall-clock Time                      : 54 us
 - Non I/O Handling Time (Estimated)  : 54 us
 - I/O Handling Time                  : 0 us
        - Read Syscall                : 0 us
        - Write Syscall               : 0 us
        - Page Fault                  : 0 us
        - io_uring                    : 0 us

-- I/O Counts --
 Read Syscall Count                   : 0
 Write Syscall Count                  : 0
 Block I/O Count                      : 0
 io_uring Completion Count            : 0

-- Total I/O Time (block device) --
 Total Block I/O Time           : 0

-- Page Faults & Bytes --
[===============================================]-- Elapsed Time Analysis --
 Wall-clock Time                      : 4 us
[===============================================]        - Page Fault                  : 0 us
[===============================================]-- Elapsed Time Analysis --
[===============================================]
Result of node_idx 16 in node_object 0: Fully Connected (NC, QDU8, F32, QC8W)

-- Elapsed Time Analysis --
 Wall-clock Time                      : 18 us
 - Non I/O Handling Time (Estimated)  : 18 us

 Block Read Bytes               : 0
[===============================================]-- Elapsed Time Analysis --

[===============================================]

[===============================================]
Result of node_idx 0 in node_object 0: Multiply (ND)

-- Elapsed Time Analysis --
 Wall-clock Time                      : 10 us
 - Non I/O Handling Time (Estimated)  : 10 us

[===============================================]

[===============================================]-- Page Faults & Bytes --
[===============================================]-- Elapsed Time Analysis --
 Read Bytes                     : 0
[===============================================][===============================================]-- Elapsed Time Analysis --
 Wall-clock Time                      : 3 us
[===============================================]
Result of node_idx 5 in node_object 0: Multiply (ND)

-- Elapsed Time Analysis --

[===============================================]-- Elapsed Time Analysis --
 Wall-clock Time                      : 6 us

 Block Read Bytes               : 0
[===============================================]
Result of node_idx 0 in node_object 0: Fully Connected (NC, QDU8, F32, QC8W)

-- Elapsed Time Analysis --
 Wall-clock Time                      : 29 us
 - Non I/O Handling Time (Estimated)  : 29 us
 - I/O Handling Time                  : 0 us
        - Read Syscall                : 0 us
        - Write Syscall               : 0 us
        - Page Fault                  : 0 us
        - io_uring                    : 0 us

[===============================================]-- Elapsed Time Analysis --
 Wall-clock Time                      : 6 us

[===============================================]
Result of node_idx 2 in node_object 0: Multiply (ND)

-- Elapsed Time Analysis --

[===============================================]
Result of node_idx 3 in node_object 0: Fully Connected (NC, QDU8, F32, QC8W)

-- Elapsed Time Analysis --
 Wall-clock Time                      : 29 us
 - Non I/O Handling Time (Estimated)  : 29 us
 - I/O Handling Time                  : 0 us
        - Read Syscall                : 0 us
        - Write Syscall               : 0 us
        - Page Fault                  : 0 us
 Read Bytes                     : 0
[===============================================]-- Elapsed Time Analysis --
 Wall-clock Time                      : 6 us
[===============================================]
Result of node_idx 5 in node_object 0: Fully Connected (NC, QDU8, F32, QC8W)

-- Elapsed Time Analysis --
 Wall-clock Time                      : 31 us
 - Non I/O Handling Time (Estimated)  : 31 us
 - I/O Handling Time                  : 0 us
        - Read Syscall                : 0 us
        - Write Syscall               : 0 us
        - Page Fault                  : 0 us
        - io_uring                    : 0 us

[===============================================]-- Elapsed Time Analysis --
 Wall-clock Time                      : 6 us
 - Non I/O Handling Time (Estimated)  : 6 us

[===============================================]
Result of node_idx 0 in node_object 0: Multiply (ND)

-- Elapsed Time Analysis --
 Wall-clock Time                      : 10 us
 - I/O Handling Time                  : 0 us
[===============================================]-- Elapsed Time Analysis --
[===============================================]-- Elapsed Time Analysis --

[===============================================]

[===============================================][===============================================]-- Elapsed Time Analysis --
 Wall-clock Time                      : 3 us
[===============================================]-- Elapsed Time Analysis --
 Wall-clock Time                      : 7 us
 - Non I/O Handling Time (Estimated)  : 7 us
[===============================================]
Result of node_idx 6 in node_object 0: Multiply (ND)

-- Elapsed Time Analysis --
[===============================================]
Result of node_idx 0 in node_object 0: Fully Connected (NC, QDU8, F32, QC8W)

-- Elapsed Time Analysis --
 Wall-clock Time                      : 24 us
 - Non I/O Handling Time (Estimated)  : 24 us
 - I/O Handling Time                  : 0 us
        - Read Syscall                : 0 us
        - Write Syscall               : 0 us
        - Page Fault                  : 0 us
        - io_uring                    : 0 us
[===============================================]-- Elapsed Time Analysis --
[===============================================]-- Elapsed Time Analysis --
 Wall-clock Time                      : 7 us
 - Non I/O Handling Time (Estimated)  : 7 us
[===============================================]-- Elapsed Time Analysis --
 Wall-clock Time                      : 7 us
 - Non I/O Handling Time (Estimated)  : 7 us
[===============================================]
Result of node_idx 4 in node_object 0: Slice (ND, X32)

-- Elapsed Time Analysis --


[===============================================]-- Elapsed Time Analysis --
[===============================================]-- Elapsed Time Analysis --

[===============================================]-- Elapsed Time Analysis --

[===============================================]-- Elapsed Time Analysis --
[===============================================]-- Elapsed Time Analysis --

[===============================================]-- Elapsed Time Analysis --
        - io_uring                    : 0 us

[===============================================]-- Elapsed Time Analysis --
 - I/O Handling Time                  : 0 us
[===============================================]-- Elapsed Time Analysis --
 Wall-clock Time                      : 6 us
[===============================================]-- Elapsed Time Analysis --
 Wall-clock Time                      : 7 us

[===============================================]-- Elapsed Time Analysis --
 Wall-clock Time                      : 5 us
[===============================================]
Result of node_idx 14 in node_object 1: Copy (NC, X32)

 Write Syscall Count                  : 0
[===============================================]-- Elapsed Time Analysis --

[===============================================] - I/O Handling Time                  : 0 us
[===============================================]-- Elapsed Time Analysis --
 Wall-clock Time                      : 7 us


[===============================================]-- Elapsed Time Analysis --
 Wall-clock Time                      : 8 us

[===============================================]-- Elapsed Time Analysis --
 Wall-clock Time                      : 6 us
[===============================================]-- Elapsed Time Analysis --
[===============================================]

[===============================================]-- Elapsed Time Analysis --
 Wall-clock Time                      : 7 us
 Write Bytes                    : 0
[===============================================]-- Elapsed Time Analysis --

[===============================================]
Result of node_idx 23 in node_object 0: Multiply (ND)

-- Elapsed Time Analysis --

[===============================================]-- Elapsed Time Analysis --

[===============================================]-- Elapsed Time Analysis --
 Wall-clock Time                      : 5 us

[===============================================]-- Elapsed Time Analysis --
 Wall-clock Time                      : 6 us
[===============================================]-- Elapsed Time Analysis --

[===============================================]
Result of node_idx 0 in node_object 0: Multiply (ND)

-- Elapsed Time Analysis --

[===============================================]        - Read Syscall                : 0 us
[===============================================]
Result of node_idx 2 in node_object 0: Transpose (ND, X32)

-- Elapsed Time Analysis --
 Wall-clock Time                      : 35 us
 - Non I/O Handling Time (Estimated)  : 35 us
 - I/O Handling Time                  : 0 us
        - Read Syscall                : 0 us
        - Write Syscall               : 0 us
        - Page Fault                  : 0 us
        - io_uring                    : 0 us

-- I/O Counts --
 Read Syscall Count                   : 0
 Write Syscall Count                  : 0
 Block I/O Count                      : 0
 io_uring Completion Count            : 0
[===============================================]-- Elapsed Time Analysis --
[===============================================]-- Elapsed Time Analysis --
 Block I/O Count                      : 0
[===============================================]
Result of node_idx 5 in node_object 0: Batch Matrix Multiply (NC, F32)

-- Elapsed Time Analysis --
 Wall-clock Time                      : 57 us
 - Non I/O Handling Time (Estimated)  : 57 us
 - I/O Handling Time                  : 0 us
        - Read Syscall                : 0 us
        - Write Syscall               : 0 us
        - Page Fault                  : 0 us
        - io_uring                    : 0 us

-- I/O Counts --
 Read Syscall Count                   : 0
 Write Syscall Count                  : 0
 Block I/O Count                      : 0
 io_uring Completion Count            : 0

-- Total I/O Time (block device) --
 Total Block I/O Time           : 0

-- Page Faults & Bytes --
 Page Fault Count               : 0
 Read Bytes                     : 0
[===============================================]

[===============================================]-- Elapsed Time Analysis --

[===============================================]-- Elapsed Time Analysis --
 Wall-clock Time                      : 10 us
[===============================================]-- Elapsed Time Analysis --
 Wall-clock Time                      : 8 us
 - Non I/O Handling Time (Estimated)  : 8 us
[===============================================]
Result of node_idx 9 in node_object 0: Transpose (ND, X32)

-- Elapsed Time Analysis --
 Wall-clock Time                      : 38 us
 - Non I/O Handling Time (Estimated)  : 38 us
 - I/O Handling Time                  : 0 us
        - Read Syscall                : 0 us
        - Write Syscall               : 0 us
        - Page Fault                  : 0 us
        - io_uring                    : 0 us

-- I/O Counts --
 Read Syscall Count                   : 0
 Write Syscall Count                  : 0
 Block I/O Count                      : 0
 io_uring Completion Count            : 0

-- Total I/O Time (block device) --
[===============================================]-- Elapsed Time Analysis --
 Wall-clock Time                      : 3 us
[===============================================]
-- Page Faults & Bytes --
[===============================================]
Result of node_idx 12 in node_object 0: Batch Matrix Multiply (NC, F32)

-- Elapsed Time Analysis --
 Wall-clock Time                      : 49 us
 - Non I/O Handling Time (Estimated)  : 49 us
 - I/O Handling Time                  : 0 us
        - Read Syscall                : 0 us
        - Write Syscall               : 0 us
        - Page Fault                  : 0 us
        - io_uring                    : 0 us

-- I/O Counts --
 Read Syscall Count                   : 0
 Write Syscall Count                  : 0
 Block I/O Count                      : 0
 io_uring Completion Count            : 0

-- Total I/O Time (block device) --
 Total Block I/O Time           : 0

-- Page Faults & Bytes --
 Page Fault Count               : 0
[===============================================]

[===============================================][===============================================]-- Elapsed Time Analysis --
 Wall-clock Time                      : 3 us
 io_uring Completion Count            : 0

[===============================================]-- Elapsed Time Analysis --
[===============================================]
Result of node_idx 16 in node_object 0: Fully Connected (NC, QDU8, F32, QC8W)

-- Page Faults & Bytes --
[===============================================]-- Elapsed Time Analysis --
 Wall-clock Time                      : 6 us
[===============================================]
Result of node_idx 0 in node_object 0: Multiply (ND)

-- Elapsed Time Analysis --
 Wall-clock Time                      : 10 us
 - Non I/O Handling Time (Estimated)  : 10 us
 - I/O Handling Time                  : 0 us
        - Read Syscall                : 0 us
        - Write Syscall               : 0 us
        - Page Fault                  : 0 us


[===============================================] - Non I/O Handling Time (Estimated)  : 3 us
[===============================================]
-- I/O Counts --
[===============================================] - Non I/O Handling Time (Estimated)  : 3 us
[===============================================] - Non I/O Handling Time (Estimated)  : 4 us
[===============================================]-- Elapsed Time Analysis --
 Wall-clock Time                      : 5 us
[===============================================]-- Elapsed Time Analysis --
 Wall-clock Time                      : 6 us

[===============================================]
Result of node_idx 0 in node_object 0: Fully Connected (NC, QDU8, F32, QC8W)

-- Elapsed Time Analysis --
 Wall-clock Time                      : 33 us
 - Non I/O Handling Time (Estimated)  : 33 us
 - I/O Handling Time                  : 0 us
        - Read Syscall                : 0 us
        - Write Syscall               : 0 us
        - Page Fault                  : 0 us
        - io_uring                    : 0 us

-- I/O Counts --
 Read Syscall Count                   : 0
 Write Syscall Count                  : 0
 Block I/O Count                      : 0
 io_uring Completion Count            : 0

-- Total I/O Time (block device) --
[===============================================]-- Elapsed Time Analysis --
        - Write Syscall               : 0 us
[===============================================]-- Elapsed Time Analysis --
 Wall-clock Time                      : 7 us
[===============================================]
Result of node_idx 3 in node_object 0: Fully Connected (NC, QDU8, F32, QC8W)

-- Elapsed Time Analysis --
 Wall-clock Time                      : 30 us
 - Non I/O Handling Time (Estimated)  : 30 us
 - I/O Handling Time                  : 0 us
        - Read Syscall                : 0 us
        - Write Syscall               : 0 us
        - Page Fault                  : 0 us
        - io_uring                    : 0 us

-- I/O Counts --
 Read Syscall Count                   : 0
 Write Syscall Count                  : 0

 Read Bytes                     : 0
[===============================================]-- Elapsed Time Analysis --
 Write Syscall Count                  : 0
[===============================================]
Result of node_idx 5 in node_object 0: Fully Connected (NC, QDU8, F32, QC8W)

-- Elapsed Time Analysis --
 Wall-clock Time                      : 30 us
 - Non I/O Handling Time (Estimated)  : 30 us
 - I/O Handling Time                  : 0 us
        - Read Syscall                : 0 us
        - Write Syscall               : 0 us
        - Page Fault                  : 0 us
-- I/O Counts --
-- Page Faults & Bytes --
[===============================================]
Result of node_idx 6 in node_object 0: Add (ND)

[===============================================]
Result of node_idx 0 in node_object 0: Multiply (ND)

-- Elapsed Time Analysis --
 Wall-clock Time                      : 10 us
 - Non I/O Handling Time (Estimated)  : 10 us
 - I/O Handling Time                  : 0 us

-- I/O Counts --
[===============================================]        - Write Syscall               : 0 us
[===============================================]-- Elapsed Time Analysis --
-- I/O Counts --
[===============================================]        - Page Fault                  : 0 us
[===============================================]-- Elapsed Time Analysis --
[===============================================]-- Elapsed Time Analysis --
        - io_uring                    : 0 us

[===============================================]-- Elapsed Time Analysis --
 Wall-clock Time                      : 6 us

[===============================================]
Result of node_idx 0 in node_object 0: Fully Connected (NC, QDU8, F32, QC8W)

-- Elapsed Time Analysis --
 Wall-clock Time                      : 23 us
 - Non I/O Handling Time (Estimated)  : 23 us
 - I/O Handling Time                  : 0 us
        - Read Syscall                : 0 us
        - Write Syscall               : 0 us
        - Page Fault                  : 0 us
        - io_uring                    : 0 us

-- I/O Counts --
 Read Syscall Count                   : 0

 Read Bytes                     : 0
[===============================================]        - Page Fault                  : 0 us
[===============================================]-- Elapsed Time Analysis --
 Wall-clock Time                      : 7 us
[===============================================]

[===============================================]-- Elapsed Time Analysis --
        - io_uring                    : 0 us

[===============================================]-- Elapsed Time Analysis --
 Wall-clock Time                      : 8 us
 - Non I/O Handling Time (Estimated)  : 8 us
[===============================================]
Result of node_idx 5 in node_object 0: Static Reshape (NC)

[===============================================]-- Elapsed Time Analysis --

 Block Write Bytes              : 0
[===============================================]-- Elapsed Time Analysis --
 Wall-clock Time                      : 7 us

[===============================================]-- Elapsed Time Analysis --
 Wall-clock Time                      : 6 us
[===============================================]-- Elapsed Time Analysis --

 io_uring Completion Count            : 0
[===============================================]-- Elapsed Time Analysis --
-- Total I/O Time (block device) --
[===============================================]-- Elapsed Time Analysis --


[===============================================]-- Elapsed Time Analysis --

[===============================================]-- Elapsed Time Analysis --
 Wall-clock Time                      : 5 us

[===============================================]-- Elapsed Time Analysis --
 - Non I/O Handling Time (Estimated)  : 6 us
 - I/O Handling Time                  : 0 us
        - Read Syscall                : 0 us
        - Write Syscall               : 0 us
[===============================================]-- Elapsed Time Analysis --
 - Non I/O Handling Time (Estimated)  : 6 us
[===============================================]-- Elapsed Time Analysis --
 - Non I/O Handling Time (Estimated)  : 4 us
[===============================================] io_uring Completion Count            : 0
[===============================================]-- Elapsed Time Analysis --
 Wall-clock Time                      : 7 us
[===============================================]-- Elapsed Time Analysis --
 Wall-clock Time                      : 6 us
 - Non I/O Handling Time (Estimated)  : 6 us
 - I/O Handling Time                  : 0 us
[===============================================]-- Elapsed Time Analysis --
 Wall-clock Time                      : 5 us
[===============================================]-- Elapsed Time Analysis --
 Wall-clock Time                      : 5 us
[===============================================]-- Elapsed Time Analysis --
 Wall-clock Time                      : 5 us

[===============================================]-- Elapsed Time Analysis --
 Wall-clock Time                      : 5 us
[===============================================]
Result of node_idx 23 in node_object 0: Multiply (ND)

-- Elapsed Time Analysis --
[===============================================]-- Elapsed Time Analysis --
 Wall-clock Time                      : 5 us
 - Non I/O Handling Time (Estimated)  : 5 us
[===============================================]-- Elapsed Time Analysis --

[===============================================]-- Elapsed Time Analysis --
 Wall-clock Time                      : 5 us
[===============================================]-- Elapsed Time Analysis --

[===============================================]
Result of node_idx 0 in node_object 0: Multiply (ND)

        - Page Fault                  : 0 us
[===============================================] io_uring Completion Count            : 0
[===============================================]
Result of node_idx 2 in node_object 0: Transpose (ND, X32)

-- Elapsed Time Analysis --
 Wall-clock Time                      : 44 us
 - Non I/O Handling Time (Estimated)  : 44 us
 - I/O Handling Time                  : 0 us
        - Read Syscall                : 0 us
        - Write Syscall               : 0 us
        - Page Fault                  : 0 us
        - io_uring                    : 0 us

-- I/O Counts --
 Read Syscall Count                   : 0
 Write Syscall Count                  : 0
 Block I/O Count                      : 0
 io_uring Completion Count            : 0

-- Total I/O Time (block device) --
 Total Block I/O Time           : 0

-- Page Faults & Bytes --
 Page Fault Count               : 0
[===============================================]-- Elapsed Time Analysis --
[===============================================]-- Elapsed Time Analysis --
[===============================================]
Result of node_idx 5 in node_object 0: Batch Matrix Multiply (NC, F32)

-- Elapsed Time Analysis --
 Wall-clock Time                      : 68 us
 - Non I/O Handling Time (Estimated)  : 68 us
 - I/O Handling Time                  : 0 us
        - Read Syscall                : 0 us
        - Write Syscall               : 0 us
        - Page Fault                  : 0 us
        - io_uring                    : 0 us

-- I/O Counts --
 Read Syscall Count                   : 0
 Write Syscall Count                  : 0
 Block I/O Count                      : 0
 io_uring Completion Count            : 0

-- Total I/O Time (block device) --
 Total Block I/O Time           : 0

-- Page Faults & Bytes --
 Page Fault Count               : 0
 Read Bytes                     : 0
 Write Bytes                    : 0
 Block Read Bytes               : 0
 Block Write Bytes              : 0
[===============================================]

[===============================================]-- Elapsed Time Analysis --
 Wall-clock Time                      : 3 us
 - Non I/O Handling Time (Estimated)  : 3 us
 - I/O Handling Time                  : 0 us
[===============================================]-- Elapsed Time Analysis --
 Wall-clock Time                      : 5 us
 Write Syscall Count                  : 0
 Block I/O Count                      : 0
 io_uring Completion Count            : 0

[===============================================]-- Elapsed Time Analysis --
 Wall-clock Time                      : 8 us
        - Read Syscall                : 0 us

[===============================================]
Result of node_idx 9 in node_object 0: Transpose (ND, X32)

-- Elapsed Time Analysis --
 Wall-clock Time                      : 45 us
 - Non I/O Handling Time (Estimated)  : 45 us
 - I/O Handling Time                  : 0 us
        - Read Syscall                : 0 us
        - Write Syscall               : 0 us
        - Page Fault                  : 0 us
        - io_uring                    : 0 us

-- I/O Counts --
 Read Syscall Count                   : 0
 Write Syscall Count                  : 0
 Block I/O Count                      : 0
 io_uring Completion Count            : 0

-- Total I/O Time (block device) --
[===============================================]-- Elapsed Time Analysis --
 Wall-clock Time                      : 3 us
 - Non I/O Handling Time (Estimated)  : 3 us
 - I/O Handling Time                  : 0 us

[===============================================]        - Write Syscall               : 0 us
[===============================================]
Result of node_idx 12 in node_object 0: Batch Matrix Multiply (NC, F32)

-- Elapsed Time Analysis --
 Wall-clock Time                      : 52 us
 - Non I/O Handling Time (Estimated)  : 52 us
 - I/O Handling Time                  : 0 us
        - Read Syscall                : 0 us
        - Write Syscall               : 0 us
        - Page Fault                  : 0 us
        - io_uring                    : 0 us

-- I/O Counts --
 Read Syscall Count                   : 0
 Write Syscall Count                  : 0
 Block I/O Count                      : 0
 io_uring Completion Count            : 0

-- Total I/O Time (block device) --
 Total Block I/O Time           : 0

[===============================================]
Result of node_idx 13 in node_object 0: Static Reshape (NC)

[===============================================]-- Elapsed Time Analysis --

[===============================================]-- Elapsed Time Analysis --

[===============================================]-- Elapsed Time Analysis --
 Wall-clock Time                      : 12 us
 - Non I/O Handling Time (Estimated)  : 12 us
 - I/O Handling Time                  : 0 us
[===============================================]-- Elapsed Time Analysis --
 Wall-clock Time                      : 9 us
 - Non I/O Handling Time (Estimated)  : 9 us

[===============================================]
Result of node_idx 0 in node_object 0: Multiply (ND)

-- Elapsed Time Analysis --
 Wall-clock Time                      : 11 us
 - Non I/O Handling Time (Estimated)  : 11 us

-- Page Faults & Bytes --
[===============================================]-- Elapsed Time Analysis --
[===============================================]
Result of node_idx 2 in node_object 0: Multiply (ND)

[===============================================]-- Elapsed Time Analysis --

[===============================================]-- Elapsed Time Analysis --

[===============================================]-- Elapsed Time Analysis --
 Wall-clock Time                      : 6 us

[===============================================]-- Elapsed Time Analysis --
 Wall-clock Time                      : 9 us
[===============================================]
Result of node_idx 0 in node_object 0: Fully Connected (NC, QDU8, F32, QC8W)

-- Elapsed Time Analysis --
 Wall-clock Time                      : 24 us
 - Non I/O Handling Time (Estimated)  : 24 us
 - I/O Handling Time                  : 0 us
        - Read Syscall                : 0 us
        - Write Syscall               : 0 us
        - Page Fault                  : 0 us
[===============================================]
Result of node_idx 1 in node_object 0: Sigmoid (NC)

-- Elapsed Time Analysis --
[===============================================]-- Elapsed Time Analysis --
 Wall-clock Time                      : 6 us

[===============================================]
Result of node_idx 3 in node_object 0: Fully Connected (NC, QDU8, F32, QC8W)

-- Elapsed Time Analysis --
 Wall-clock Time                      : 20 us
 - Non I/O Handling Time (Estimated)  : 20 us
 - I/O Handling Time                  : 0 us
        - Read Syscall                : 0 us
[===============================================]-- Elapsed Time Analysis --
 Wall-clock Time                      : 6 us
[===============================================]
Result of node_idx 5 in node_object 0: Fully Connected (NC, QDU8, F32, QC8W)

-- Elapsed Time Analysis --
 Wall-clock Time                      : 20 us
 - Non I/O Handling Time (Estimated)  : 20 us
 - I/O Handling Time                  : 0 us
[===============================================]
Result of node_idx 6 in node_object 0: Add (ND)

-- Elapsed Time Analysis --
 Wall-clock Time                      : 8 us

[===============================================]
Result of node_idx 0 in node_object 0: Multiply (ND)

-- Elapsed Time Analysis --
 Wall-clock Time                      : 10 us
 - Non I/O Handling Time (Estimated)  : 10 us
 - I/O Handling Time                  : 0 us
        - Read Syscall                : 0 us
[===============================================]-- Elapsed Time Analysis --
[===============================================]-- Elapsed Time Analysis --

[===============================================]

[===============================================]-- Page Faults & Bytes --
[===============================================]-- Elapsed Time Analysis --
 Wall-clock Time                      : 3 us
[===============================================]-- Elapsed Time Analysis --
 Wall-clock Time                      : 6 us
 - Non I/O Handling Time (Estimated)  : 6 us
[===============================================]
Result of node_idx 6 in node_object 0: Multiply (ND)

-- Elapsed Time Analysis --
[===============================================]
Result of node_idx 0 in node_object 0: Fully Connected (NC, QDU8, F32, QC8W)

-- Elapsed Time Analysis --
 Wall-clock Time                      : 18 us
 - Non I/O Handling Time (Estimated)  : 18 us
 - I/O Handling Time                  : 0 us
        - Read Syscall                : 0 us
        - Write Syscall               : 0 us
        - Page Fault                  : 0 us
        - io_uring                    : 0 us
[===============================================]-- Elapsed Time Analysis --
 Total Block I/O Time           : 0
[===============================================]-- Elapsed Time Analysis --
 Wall-clock Time                      : 6 us
[===============================================]
Result of node_idx 3 in node_object 0: Slice (ND, X32)

[===============================================]
Result of node_idx 4 in node_object 0: Slice (ND, X32)

-- Elapsed Time Analysis --
[===============================================]-- Elapsed Time Analysis --
 Wall-clock Time                      : 3 us
[===============================================]-- Elapsed Time Analysis --
 Wall-clock Time                      : 11 us
 - Non I/O Handling Time (Estimated)  : 11 us

[===============================================]

[===============================================]-- Elapsed Time Analysis --
 Wall-clock Time                      : 7 us
[===============================================]-- Elapsed Time Analysis --
 Wall-clock Time                      : 5 us

[===============================================]-- Elapsed Time Analysis --
 - Non I/O Handling Time (Estimated)  : 5 us
[===============================================]-- Elapsed Time Analysis --
 - I/O Handling Time                  : 0 us
[===============================================]-- Elapsed Time Analysis --
 Wall-clock Time                      : 5 us
 Block Write Bytes              : 0
[===============================================]-- Elapsed Time Analysis --
[===============================================]
Result of node_idx 13 in node_object 0: Add (ND)

-- Elapsed Time Analysis --
[===============================================]-- Elapsed Time Analysis --
 Wall-clock Time                      : 6 us
 - Non I/O Handling Time (Estimated)  : 6 us
[===============================================]-- Elapsed Time Analysis --
 - Non I/O Handling Time (Estimated)  : 5 us

[===============================================]-- Elapsed Time Analysis --
[===============================================]-- Elapsed Time Analysis --

[===============================================]-- Elapsed Time Analysis --
 Wall-clock Time                      : 7 us
[===============================================]-- Elapsed Time Analysis --
 Wall-clock Time                      : 7 us
 - Non I/O Handling Time (Estimated)  : 7 us
[===============================================]-- Elapsed Time Analysis --
        - Page Fault                  : 0 us

[===============================================]-- Elapsed Time Analysis --


[===============================================]

[===============================================]
Result of node_idx 21 in node_object 0: Subtract (ND)

[===============================================]-- Elapsed Time Analysis --
 Wall-clock Time                      : 5 us

[===============================================]-- Elapsed Time Analysis --
 Wall-clock Time                      : 5 us

[===============================================]-- Elapsed Time Analysis --
 Wall-clock Time                      : 6 us
[===============================================]-- Elapsed Time Analysis --


[===============================================]-- Elapsed Time Analysis --


[===============================================]
[===============================================]
Result of node_idx 0 in node_object 0: Multiply (ND)

 Wall-clock Time                      : 4 us
[===============================================]-- Elapsed Time Analysis --
 Block Write Bytes              : 0
[===============================================]

[===============================================]
Result of node_idx 2 in node_object 0: Transpose (ND, X32)

-- Elapsed Time Analysis --
 Wall-clock Time                      : 41 us
 - Non I/O Handling Time (Estimated)  : 41 us
 - I/O Handling Time                  : 0 us
        - Read Syscall                : 0 us
        - Write Syscall               : 0 us
        - Page Fault                  : 0 us
        - io_uring                    : 0 us

-- I/O Counts --
 Read Syscall Count                   : 0
 Write Syscall Count                  : 0
 Block I/O Count                      : 0
 io_uring Completion Count            : 0
[===============================================]-- Elapsed Time Analysis --
[===============================================]-- Elapsed Time Analysis --
 Wall-clock Time                      : 3 us
[===============================================]
Result of node_idx 5 in node_object 0: Batch Matrix Multiply (NC, F32)

-- Elapsed Time Analysis --
 Wall-clock Time                      : 55 us
 - Non I/O Handling Time (Estimated)  : 55 us
 - I/O Handling Time                  : 0 us
        - Read Syscall                : 0 us
        - Write Syscall               : 0 us
        - Page Fault                  : 0 us
        - io_uring                    : 0 us

-- I/O Counts --
 Read Syscall Count                   : 0
 Write Syscall Count                  : 0
 Block I/O Count                      : 0
 io_uring Completion Count            : 0

-- Total I/O Time (block device) --
 Total Block I/O Time           : 0

-- Page Faults & Bytes --
 Page Fault Count               : 0
 Read Bytes                     : 0
 Write Bytes                    : 0
[===============================================]

[===============================================][===============================================]-- Elapsed Time Analysis --
 Wall-clock Time                      : 5 us
 - Non I/O Handling Time (Estimated)  : 5 us
[===============================================]
Result of node_idx 8 in node_object 0: Softmax (NC, F32)

-- Elapsed Time Analysis --
 Wall-clock Time                      : 7 us
-- Page Faults & Bytes --
[===============================================]
Result of node_idx 9 in node_object 0: Transpose (ND, X32)

-- Elapsed Time Analysis --
 Wall-clock Time                      : 50 us
 - Non I/O Handling Time (Estimated)  : 50 us
 - I/O Handling Time                  : 0 us
        - Read Syscall                : 0 us
        - Write Syscall               : 0 us
        - Page Fault                  : 0 us
        - io_uring                    : 0 us

-- I/O Counts --
 Read Syscall Count                   : 0
 Write Syscall Count                  : 0
 Block I/O Count                      : 0
 io_uring Completion Count            : 0

-- Total I/O Time (block device) --
 Total Block I/O Time           : 0

[===============================================]-- Elapsed Time Analysis --
 io_uring Completion Count            : 0

-- Total I/O Time (block device) --
 Total Block I/O Time           : 0

[===============================================]
-- Total I/O Time (block device) --
[===============================================]
Result of node_idx 12 in node_object 0: Batch Matrix Multiply (NC, F32)

-- Elapsed Time Analysis --
 Wall-clock Time                      : 46 us
 - Non I/O Handling Time (Estimated)  : 46 us
 - I/O Handling Time                  : 0 us
        - Read Syscall                : 0 us
        - Write Syscall               : 0 us
        - Page Fault                  : 0 us
        - io_uring                    : 0 us

-- I/O Counts --
 Read Syscall Count                   : 0
 Write Syscall Count                  : 0
 Block I/O Count                      : 0
 io_uring Completion Count            : 0

-- Total I/O Time (block device) --
[===============================================]
 Page Fault Count               : 0
[===============================================]-- Elapsed Time Analysis --
 Wall-clock Time                      : 3 us
 - Non I/O Handling Time (Estimated)  : 3 us

[===============================================]

[===============================================][===============================================]
Result of node_idx 16 in node_object 0: Fully Connected (NC, QDU8, F32, QC8W)

-- Elapsed Time Analysis --
 Wall-clock Time                      : 13 us

[===============================================]-- Elapsed Time Analysis --
 Wall-clock Time                      : 6 us
[===============================================]
Result of node_idx 0 in node_object 0: Multiply (ND)

-- Elapsed Time Analysis --
 Wall-clock Time                      : 10 us
 - Non I/O Handling Time (Estimated)  : 10 us

 Write Syscall Count                  : 0
[===============================================] Wall-clock Time                      : 3 us
[===============================================]-- Elapsed Time Analysis --
[===============================================]
Result of node_idx 3 in node_object 0: Add (ND)

[===============================================]-- Elapsed Time Analysis --
 Wall-clock Time                      : 3 us
[===============================================]-- Elapsed Time Analysis --
 Wall-clock Time                      : 5 us

[===============================================]-- Elapsed Time Analysis --
 Wall-clock Time                      : 6 us
 Write Bytes                    : 0
[===============================================]
Result of node_idx 0 in node_object 0: Fully Connected (NC, QDU8, F32, QC8W)

-- Elapsed Time Analysis --
 Wall-clock Time                      : 36 us
 - Non I/O Handling Time (Estimated)  : 36 us
 - I/O Handling Time                  : 0 us
        - Read Syscall                : 0 us
        - Write Syscall               : 0 us
        - Page Fault                  : 0 us
        - io_uring                    : 0 us

-- I/O Counts --
 Read Syscall Count                   : 0
 Write Syscall Count                  : 0
 Block I/O Count                      : 0
 io_uring Completion Count            : 0
 Block Write Bytes              : 0
[===============================================]-- Elapsed Time Analysis --

[===============================================]-- Elapsed Time Analysis --
 Wall-clock Time                      : 6 us

[===============================================]
Result of node_idx 3 in node_object 0: Fully Connected (NC, QDU8, F32, QC8W)

-- Elapsed Time Analysis --
 Wall-clock Time                      : 27 us
 - Non I/O Handling Time (Estimated)  : 27 us
 - I/O Handling Time                  : 0 us
        - Read Syscall                : 0 us
        - Write Syscall               : 0 us

[===============================================]-- Elapsed Time Analysis --
 - Non I/O Handling Time (Estimated)  : 6 us

[===============================================]
Result of node_idx 5 in node_object 0: Fully Connected (NC, QDU8, F32, QC8W)

-- Elapsed Time Analysis --
 Wall-clock Time                      : 56 us
 - Non I/O Handling Time (Estimated)  : 56 us
 - I/O Handling Time                  : 0 us
        - Read Syscall                : 0 us
        - Write Syscall               : 0 us
        - Page Fault                  : 0 us
        - io_uring                    : 0 us

-- I/O Counts --
 Read Syscall Count                   : 0
 Write Syscall Count                  : 0
[===============================================]-- Elapsed Time Analysis --
 - Non I/O Handling Time (Estimated)  : 6 us
[===============================================]
Result of node_idx 0 in node_object 0: Multiply (ND)

-- Elapsed Time Analysis --
 Wall-clock Time                      : 11 us
 - Non I/O Handling Time (Estimated)  : 11 us

[===============================================]-- Elapsed Time Analysis --

[===============================================]-- Elapsed Time Analysis --
 - I/O Handling Time                  : 0 us
[===============================================]-- Elapsed Time Analysis --
 Wall-clock Time                      : 3 us
 - Non I/O Handling Time (Estimated)  : 3 us


[===============================================][===============================================]-- Elapsed Time Analysis --
 Wall-clock Time                      : 6 us
 - Non I/O Handling Time (Estimated)  : 6 us
[===============================================]-- Elapsed Time Analysis --
 Wall-clock Time                      : 7 us


[===============================================]
Result of node_idx 0 in node_object 0: Fully Connected (NC, QDU8, F32, QC8W)

-- Elapsed Time Analysis --
 Wall-clock Time                      : 28 us
 - Non I/O Handling Time (Estimated)  : 28 us
 - I/O Handling Time                  : 0 us
        - Read Syscall                : 0 us
        - Write Syscall               : 0 us
        - Page Fault                  : 0 us
        - io_uring                    : 0 us
[===============================================]-- Elapsed Time Analysis --
 Wall-clock Time                      : 5 us
[===============================================]
Result of node_idx 2 in node_object 0: Slice (ND, X32)

-- Elapsed Time Analysis --
[===============================================]-- Elapsed Time Analysis --
 Wall-clock Time                      : 8 us
 - Non I/O Handling Time (Estimated)  : 8 us
 Write Bytes                    : 0
[===============================================]-- Elapsed Time Analysis --
 Wall-clock Time                      : 12 us
 Read Syscall Count                   : 0
[===============================================]        - Page Fault                  : 0 us
[===============================================]-- Elapsed Time Analysis --
 Wall-clock Time                      : 8 us

[===============================================]

[===============================================]-- Elapsed Time Analysis --
 Wall-clock Time                      : 8 us
[===============================================]-- Elapsed Time Analysis --
 Wall-clock Time                      : 6 us

[===============================================]-- Elapsed Time Analysis --
 Wall-clock Time                      : 6 us
 - Non I/O Handling Time (Estimated)  : 6 us
[===============================================]
Result of node_idx 10 in node_object 0: Subtract (ND)

[===============================================]-- Elapsed Time Analysis --
 Wall-clock Time                      : 6 us

[===============================================]-- Elapsed Time Analysis --
 Wall-clock Time                      : 6 us

[===============================================]-- Elapsed Time Analysis --
 Wall-clock Time                      : 5 us
[===============================================]-- Elapsed Time Analysis --
 - Non I/O Handling Time (Estimated)  : 6 us

[===============================================]-- Elapsed Time Analysis --
[===============================================]-- Elapsed Time Analysis --

[===============================================]-- Elapsed Time Analysis --
[===============================================]-- Elapsed Time Analysis --
 Wall-clock Time                      : 8 us
 - Non I/O Handling Time (Estimated)  : 8 us

[===============================================]
Result of node_idx 18 in node_object 0: Slice (ND, X32)

-- Elapsed Time Analysis --
 Wall-clock Time                      : 8 us
[===============================================]-- Elapsed Time Analysis --
 Wall-clock Time                      : 10 us
[===============================================]-- Elapsed Time Analysis --
 Wall-clock Time                      : 6 us
 - Non I/O Handling Time (Estimated)  : 6 us
 - I/O Handling Time                  : 0 us
        - Read Syscall                : 0 us
[===============================================]-- Elapsed Time Analysis --
        - Write Syscall               : 0 us
[===============================================]-- Elapsed Time Analysis --

 Write Syscall Count                  : 0
[===============================================]-- Elapsed Time Analysis --
 Write Bytes                    : 0
[===============================================]-- Elapsed Time Analysis --
        - Page Fault                  : 0 us
[===============================================]-- Elapsed Time Analysis --

[===============================================]-- Elapsed Time Analysis --
 Wall-clock Time                      : 6 us
 - Non I/O Handling Time (Estimated)  : 6 us
[===============================================]-- Elapsed Time Analysis --
 Wall-clock Time                      : 4 us
 - Non I/O Handling Time (Estimated)  : 4 us
        - io_uring                    : 0 us
[===============================================]
Result of node_idx 0 in node_object 0: Multiply (ND)

-- Elapsed Time Analysis --

[===============================================]-- Elapsed Time Analysis --

[===============================================]
Result of node_idx 2 in node_object 0: Transpose (ND, X32)

-- Elapsed Time Analysis --
 Wall-clock Time                      : 30 us
 - Non I/O Handling Time (Estimated)  : 30 us
 - I/O Handling Time                  : 0 us
        - Read Syscall                : 0 us
        - Write Syscall               : 0 us
        - Page Fault                  : 0 us
[===============================================] Block Write Bytes              : 0
[===============================================]-- Elapsed Time Analysis --
[===============================================]
Result of node_idx 5 in node_object 0: Batch Matrix Multiply (NC, F32)

-- Elapsed Time Analysis --
 Wall-clock Time                      : 56 us
 - Non I/O Handling Time (Estimated)  : 56 us
 - I/O Handling Time                  : 0 us
        - Read Syscall                : 0 us
        - Write Syscall               : 0 us
        - Page Fault                  : 0 us
        - io_uring                    : 0 us

-- I/O Counts --
 Read Syscall Count                   : 0
 Write Syscall Count                  : 0
 Block I/O Count                      : 0
 io_uring Completion Count            : 0

-- Total I/O Time (block device) --
 Total Block I/O Time           : 0

-- Page Faults & Bytes --
 Page Fault Count               : 0
 Read Bytes                     : 0
 Write Bytes                    : 0
[===============================================]

[===============================================]-- Elapsed Time Analysis --
 Wall-clock Time                      : 4 us
[===============================================]
Result of node_idx 7 in node_object 0: Add (ND)

 Write Bytes                    : 0
[===============================================]-- Elapsed Time Analysis --
 Wall-clock Time                      : 8 us

[===============================================]
Result of node_idx 9 in node_object 0: Transpose (ND, X32)

-- Elapsed Time Analysis --
 Wall-clock Time                      : 41 us
 - Non I/O Handling Time (Estimated)  : 41 us
 - I/O Handling Time                  : 0 us
        - Read Syscall                : 0 us
        - Write Syscall               : 0 us
        - Page Fault                  : 0 us
        - io_uring                    : 0 us

-- I/O Counts --
 Read Syscall Count                   : 0
[===============================================]-- Elapsed Time Analysis --

[===============================================]-- Elapsed Time Analysis --
[===============================================]
Result of node_idx 12 in node_object 0: Batch Matrix Multiply (NC, F32)

-- Elapsed Time Analysis --
 Wall-clock Time                      : 53 us
 - Non I/O Handling Time (Estimated)  : 53 us
 - I/O Handling Time                  : 0 us
        - Read Syscall                : 0 us
        - Write Syscall               : 0 us
        - Page Fault                  : 0 us
        - io_uring                    : 0 us

-- I/O Counts --
 Read Syscall Count                   : 0
 Write Syscall Count                  : 0
 Block I/O Count                      : 0
 io_uring Completion Count            : 0

-- Total I/O Time (block device) --
 Total Block I/O Time           : 0

-- Page Faults & Bytes --
 Page Fault Count               : 0
 Read Bytes                     : 0
[===============================================]

[===============================================] Write Bytes                    : 0
[===============================================]-- Elapsed Time Analysis --
[===============================================]
Result of node_idx 15 in node_object 0: Static Reshape (NC)

[===============================================]
Result of node_idx 16 in node_object 0: Fully Connected (NC, QDU8, F32, QC8W)

-- Elapsed Time Analysis --
[===============================================]-- Elapsed Time Analysis --
 Wall-clock Time                      : 6 us
 Write Bytes                    : 0
[===============================================]
Result of node_idx 0 in node_object 0: Multiply (ND)

-- Elapsed Time Analysis --
 Wall-clock Time                      : 11 us


[===============================================] Page Fault Count               : 0
[===============================================]-- Elapsed Time Analysis --
 Total Block I/O Time           : 0
[===============================================]-- Total I/O Time (block device) --
[===============================================]

[===============================================]-- Elapsed Time Analysis --
 Wall-clock Time                      : 4 us
 - Non I/O Handling Time (Estimated)  : 4 us
 - I/O Handling Time                  : 0 us
[===============================================]-- Elapsed Time Analysis --
 Wall-clock Time                      : 6 us
[===============================================]-- Elapsed Time Analysis --
 Wall-clock Time                      : 6 us
 - Non I/O Handling Time (Estimated)  : 6 us
[===============================================]
Result of node_idx 0 in node_object 0: Fully Connected (NC, QDU8, F32, QC8W)

-- Elapsed Time Analysis --
 Wall-clock Time                      : 26 us
 - Non I/O Handling Time (Estimated)  : 26 us
 - I/O Handling Time                  : 0 us
        - Read Syscall                : 0 us
        - Write Syscall               : 0 us
        - Page Fault                  : 0 us

 Block Read Bytes               : 0
[===============================================]-- Elapsed Time Analysis --

[===============================================]
Result of node_idx 2 in node_object 0: Multiply (ND)

-- Elapsed Time Analysis --
 Wall-clock Time                      : 7 us
[===============================================]
Result of node_idx 3 in node_object 0: Fully Connected (NC, QDU8, F32, QC8W)

-- Elapsed Time Analysis --
 Wall-clock Time                      : 23 us
 - Non I/O Handling Time (Estimated)  : 23 us
 - I/O Handling Time                  : 0 us

[===============================================]-- Elapsed Time Analysis --
 Wall-clock Time                      : 7 us

[===============================================]
Result of node_idx 5 in node_object 0: Fully Connected (NC, QDU8, F32, QC8W)

-- Elapsed Time Analysis --
 Wall-clock Time                      : 22 us
 - Non I/O Handling Time (Estimated)  : 22 us
 - I/O Handling Time                  : 0 us
[===============================================]-- Elapsed Time Analysis --
 Wall-clock Time                      : 7 us
[===============================================]
Result of node_idx 0 in node_object 0: Multiply (ND)

-- Elapsed Time Analysis --
 Wall-clock Time                      : 10 us
 - Non I/O Handling Time (Estimated)  : 10 us
 - I/O Handling Time                  : 0 us
        - Read Syscall                : 0 us
        - Write Syscall               : 0 us


[===============================================]        - Read Syscall                : 0 us
[===============================================]
-- Total I/O Time (block device) --
[===============================================][===============================================]-- Elapsed Time Analysis --
[===============================================]

[===============================================]-- Elapsed Time Analysis --
 Wall-clock Time                      : 7 us
[===============================================]-- Elapsed Time Analysis --
 Wall-clock Time                      : 7 us
[===============================================]
Result of node_idx 0 in node_object 0: Fully Connected (NC, QDU8, F32, QC8W)

-- Elapsed Time Analysis --
 Wall-clock Time                      : 20 us
 - Non I/O Handling Time (Estimated)  : 20 us
 - I/O Handling Time                  : 0 us
        - Read Syscall                : 0 us
        - Write Syscall               : 0 us
        - Page Fault                  : 0 us
        - io_uring                    : 0 us

-- I/O Counts --

[===============================================]-- Elapsed Time Analysis --

[===============================================]-- Elapsed Time Analysis --
 Wall-clock Time                      : 8 us
 - I/O Handling Time                  : 0 us
[===============================================]-- Elapsed Time Analysis --
 Wall-clock Time                      : 8 us
[===============================================]-- Elapsed Time Analysis --
 Wall-clock Time                      : 8 us
 - Non I/O Handling Time (Estimated)  : 8 us
[===============================================][===============================================]
Result of node_idx 6 in node_object 0: Slice (ND, X32)

 Wall-clock Time                      : 12 us
[===============================================]
Result of node_idx 7 in node_object 0: Slice (ND, X32)

-- Elapsed Time Analysis --
[===============================================]-- Elapsed Time Analysis --
 Wall-clock Time                      : 6 us
 - Non I/O Handling Time (Estimated)  : 6 us
[===============================================]-- Elapsed Time Analysis --
 Wall-clock Time                      : 6 us

[===============================================]-- Elapsed Time Analysis --
 Wall-clock Time                      : 6 us
[===============================================]-- Elapsed Time Analysis --

 Write Syscall Count                  : 0
[===============================================]-- Elapsed Time Analysis --

[===============================================]-- Elapsed Time Analysis --
        - Page Fault                  : 0 us
[===============================================]-- Elapsed Time Analysis --
 Wall-clock Time                      : 6 us

[===============================================]-- Elapsed Time Analysis --
 Wall-clock Time                      : 6 us
[===============================================]
Result of node_idx 15 in node_object 0: Static Reshape (NC)

[===============================================]-- Elapsed Time Analysis --
 Wall-clock Time                      : 4 us
[===============================================]-- Elapsed Time Analysis --
 Wall-clock Time                      : 10 us


[===============================================]-- Elapsed Time Analysis --
 Wall-clock Time                      : 9 us
[===============================================]-- Elapsed Time Analysis --
 Wall-clock Time                      : 6 us
 - Non I/O Handling Time (Estimated)  : 6 us
[===============================================]-- Elapsed Time Analysis --
[===============================================]-- Elapsed Time Analysis --
 Wall-clock Time                      : 6 us
[===============================================]-- Elapsed Time Analysis --

-- Total I/O Time (block device) --
[===============================================]-- Elapsed Time Analysis --
 Wall-clock Time                      : 6 us
[===============================================]-- Elapsed Time Analysis --
 Wall-clock Time                      : 6 us

-- Total I/O Time (block device) --
 Total Block I/O Time           : 0

-- Page Faults & Bytes --
[===============================================]-- Elapsed Time Analysis --

 Block Read Bytes               : 0
[===============================================]-- Elapsed Time Analysis --

[===============================================]-- Total I/O Time (block device) --

[===============================================]-- Elapsed Time Analysis --
 Wall-clock Time                      : 5 us
 - Non I/O Handling Time (Estimated)  : 5 us
 - I/O Handling Time                  : 0 us
 Block I/O Count                      : 0
[===============================================]        - io_uring                    : 0 us
[===============================================]
Result of node_idx 2 in node_object 0: Transpose (ND, X32)

-- Elapsed Time Analysis --
 Wall-clock Time                      : 41 us
 - Non I/O Handling Time (Estimated)  : 41 us
 - I/O Handling Time                  : 0 us
        - Read Syscall                : 0 us
        - Write Syscall               : 0 us
        - Page Fault                  : 0 us
        - io_uring                    : 0 us

-- I/O Counts --
 Read Syscall Count                   : 0
 Write Syscall Count                  : 0

-- Page Faults & Bytes --
[===============================================][===============================================]-- Elapsed Time Analysis --
 Wall-clock Time                      : 3 us
[===============================================]
Result of node_idx 5 in node_object 0: Batch Matrix Multiply (NC, F32)

-- Elapsed Time Analysis --
 Wall-clock Time                      : 62 us
 - Non I/O Handling Time (Estimated)  : 62 us
 - I/O Handling Time                  : 0 us
        - Read Syscall                : 0 us
        - Write Syscall               : 0 us
        - Page Fault                  : 0 us
        - io_uring                    : 0 us

-- I/O Counts --
 Read Syscall Count                   : 0
 Write Syscall Count                  : 0
 Block I/O Count                      : 0
 io_uring Completion Count            : 0

-- Total I/O Time (block device) --
 Total Block I/O Time           : 0

-- Page Faults & Bytes --
 Page Fault Count               : 0
 Read Bytes                     : 0
 Write Bytes                    : 0
 Block Read Bytes               : 0
 Block Write Bytes              : 0
[===============================================]

[===============================================]-- Elapsed Time Analysis --
[===============================================]-- Elapsed Time Analysis --
        - Write Syscall               : 0 us

[===============================================]-- Elapsed Time Analysis --
 Wall-clock Time                      : 8 us
 io_uring Completion Count            : 0
[===============================================]
Result of node_idx 9 in node_object 0: Transpose (ND, X32)

-- Elapsed Time Analysis --
 Wall-clock Time                      : 37 us
 - Non I/O Handling Time (Estimated)  : 37 us
 - I/O Handling Time                  : 0 us
        - Read Syscall                : 0 us
        - Write Syscall               : 0 us
        - Page Fault                  : 0 us
        - io_uring                    : 0 us

-- I/O Counts --
 Read Syscall Count                   : 0
 Write Syscall Count                  : 0

[===============================================]-- Elapsed Time Analysis --

[===============================================]-- Elapsed Time Analysis --

[===============================================]
Result of node_idx 12 in node_object 0: Batch Matrix Multiply (NC, F32)

-- Elapsed Time Analysis --
 Wall-clock Time                      : 53 us
 - Non I/O Handling Time (Estimated)  : 53 us
 - I/O Handling Time                  : 0 us
        - Read Syscall                : 0 us
        - Write Syscall               : 0 us
        - Page Fault                  : 0 us
        - io_uring                    : 0 us

-- I/O Counts --
 Read Syscall Count                   : 0
 Write Syscall Count                  : 0
 Block I/O Count                      : 0
 io_uring Completion Count            : 0

-- Total I/O Time (block device) --
 Total Block I/O Time           : 0

-- Page Faults & Bytes --
 Page Fault Count               : 0
[===============================================]

[===============================================]        - io_uring                    : 0 us
[===============================================]-- Elapsed Time Analysis --
        - Page Fault                  : 0 us
[===============================================]
[===============================================]
Result of node_idx 16 in node_object 0: Fully Connected (NC, QDU8, F32, QC8W)


[===============================================]-- Elapsed Time Analysis --
 Wall-clock Time                      : 7 us
[===============================================]
Result of node_idx 0 in node_object 0: Multiply (ND)

-- Elapsed Time Analysis --
 Wall-clock Time                      : 11 us
 - Non I/O Handling Time (Estimated)  : 11 us
 - I/O Handling Time                  : 0 us
        - Read Syscall                : 0 us
        - Write Syscall               : 0 us
        - Page Fault                  : 0 us

[===============================================]-- Elapsed Time Analysis --

[===============================================]        - io_uring                    : 0 us
[===============================================]-- Elapsed Time Analysis --
-- I/O Counts --
[===============================================]
[===============================================]-- Elapsed Time Analysis --
 Wall-clock Time                      : 6 us
 - Non I/O Handling Time (Estimated)  : 6 us
[===============================================]-- Elapsed Time Analysis --
 Wall-clock Time                      : 7 us
[===============================================]
Result of node_idx 0 in node_object 0: Fully Connected (NC, QDU8, F32, QC8W)

-- Elapsed Time Analysis --
 Wall-clock Time                      : 36 us
 - Non I/O Handling Time (Estimated)  : 36 us
 - I/O Handling Time                  : 0 us
        - Read Syscall                : 0 us
        - Write Syscall               : 0 us
        - Page Fault                  : 0 us
        - io_uring                    : 0 us

-- I/O Counts --
 Read Syscall Count                   : 0
 Write Syscall Count                  : 0
 Block I/O Count                      : 0
 io_uring Completion Count            : 0

-- Total I/O Time (block device) --
 Total Block I/O Time           : 0
[===============================================]-- Elapsed Time Analysis --
 Wall-clock Time                      : 6 us
[===============================================]-- Elapsed Time Analysis --
 Wall-clock Time                      : 7 us
 - Non I/O Handling Time (Estimated)  : 7 us
[===============================================]
Result of node_idx 3 in node_object 0: Fully Connected (NC, QDU8, F32, QC8W)

-- Elapsed Time Analysis --
 Wall-clock Time                      : 34 us
 - Non I/O Handling Time (Estimated)  : 34 us
 - I/O Handling Time                  : 0 us
        - Read Syscall                : 0 us
        - Write Syscall               : 0 us
        - Page Fault                  : 0 us
        - io_uring                    : 0 us

-- I/O Counts --
 Read Syscall Count                   : 0
 Write Syscall Count                  : 0
 Block Read Bytes               : 0
[===============================================]-- Elapsed Time Analysis --

 Read Syscall Count                   : 0
[===============================================]
Result of node_idx 5 in node_object 0: Fully Connected (NC, QDU8, F32, QC8W)

-- Elapsed Time Analysis --
 Wall-clock Time                      : 30 us
 - Non I/O Handling Time (Estimated)  : 30 us
 - I/O Handling Time                  : 0 us
        - Read Syscall                : 0 us
        - Write Syscall               : 0 us

[===============================================]

[===============================================]-- Elapsed Time Analysis --
 Wall-clock Time                      : 7 us

[===============================================]
Result of node_idx 0 in node_object 0: Multiply (ND)

-- Elapsed Time Analysis --
 Wall-clock Time                      : 11 us
 - Non I/O Handling Time (Estimated)  : 11 us
 - I/O Handling Time                  : 0 us
        - Read Syscall                : 0 us
        - Write Syscall               : 0 us
        - Page Fault                  : 0 us
[===============================================]-- Elapsed Time Analysis --

[===============================================]
[===============================================] Read Syscall Count                   : 0
[===============================================]-- Elapsed Time Analysis --
-- Total I/O Time (block device) --
[===============================================]-- Elapsed Time Analysis --
 Wall-clock Time                      : 6 us
[===============================================]-- Elapsed Time Analysis --
 Wall-clock Time                      : 7 us
[===============================================]
Result of node_idx 0 in node_object 0: Fully Connected (NC, QDU8, F32, QC8W)

-- Elapsed Time Analysis --
 Wall-clock Time                      : 37 us
 - Non I/O Handling Time (Estimated)  : 37 us
 - I/O Handling Time                  : 0 us
        - Read Syscall                : 0 us
        - Write Syscall               : 0 us
        - Page Fault                  : 0 us
        - io_uring                    : 0 us

-- I/O Counts --
 Read Syscall Count                   : 0
 Write Syscall Count                  : 0
 Block I/O Count                      : 0
 io_uring Completion Count            : 0

-- Total I/O Time (block device) --
[===============================================]

[===============================================] Total Block I/O Time           : 0
[===============================================]-- Elapsed Time Analysis --
 Wall-clock Time                      : 7 us

[===============================================]-- Elapsed Time Analysis --
 Wall-clock Time                      : 7 us

[===============================================]-- Elapsed Time Analysis --
 Wall-clock Time                      : 8 us


[===============================================]-- Elapsed Time Analysis --

-- Total I/O Time (block device) --
[===============================================]
Result of node_idx 6 in node_object 0: Slice (ND, X32)

-- Elapsed Time Analysis --
[===============================================]-- Elapsed Time Analysis --
 Wall-clock Time                      : 7 us
 - Non I/O Handling Time (Estimated)  : 7 us
-- Total I/O Time (block device) --
[===============================================]-- Elapsed Time Analysis --
 Wall-clock Time                      : 6 us
-- Page Faults & Bytes --
[===============================================]-- Elapsed Time Analysis --
 Read Bytes                     : 0
[===============================================]-- Elapsed Time Analysis --
 Wall-clock Time                      : 6 us
[===============================================]-- Elapsed Time Analysis --
 Wall-clock Time                      : 5 us
[===============================================]-- Elapsed Time Analysis --
 Wall-clock Time                      : 6 us
[===============================================]-- Elapsed Time Analysis --
 Wall-clock Time                      : 9 us

[===============================================]-- Elapsed Time Analysis --
 Wall-clock Time                      : 5 us
-- Page Faults & Bytes --
 Page Fault Count               : 0
 Read Bytes                     : 0
 Write Bytes                    : 0
[===============================================]-- Elapsed Time Analysis --

 Write Bytes                    : 0
[===============================================] Block Read Bytes               : 0
[===============================================]-- Elapsed Time Analysis --
-- Page Faults & Bytes --
[===============================================]-- Elapsed Time Analysis --
 Wall-clock Time                      : 7 us
[===============================================]-- Elapsed Time Analysis --
 Wall-clock Time                      : 6 us
 - Non I/O Handling Time (Estimated)  : 6 us
[===============================================]-- Elapsed Time Analysis --
 Wall-clock Time                      : 5 us
[===============================================]-- Elapsed Time Analysis --
 Wall-clock Time                      : 5 us
[===============================================]-- Elapsed Time Analysis --
 Wall-clock Time                      : 5 us

[===============================================]-- Elapsed Time Analysis --
 - I/O Handling Time                  : 0 us
 io_uring Completion Count            : 0
[===============================================]
Result of node_idx 23 in node_object 0: Multiply (ND)

[===============================================]-- Elapsed Time Analysis --
 Wall-clock Time                      : 5 us

[===============================================]-- Elapsed Time Analysis --
 Wall-clock Time                      : 8 us

[===============================================]-- Elapsed Time Analysis --
 Wall-clock Time                      : 6 us
 Page Fault Count               : 0
[===============================================][===============================================]

[===============================================]
Result of node_idx 0 in node_object 0: Multiply (ND)

-- Elapsed Time Analysis --
 Wall-clock Time                      : 36 us
 - Non I/O Handling Time (Estimated)  : 36 us
 - I/O Handling Time                  : 0 us
        - Read Syscall                : 0 us
        - Write Syscall               : 0 us
        - Page Fault                  : 0 us
        - io_uring                    : 0 us

-- I/O Counts --
 Read Syscall Count                   : 0
 Write Syscall Count                  : 0
[===============================================]-- Elapsed Time Analysis --
[===============================================]
Result of node_idx 2 in node_object 0: Transpose (ND, X32)

-- Elapsed Time Analysis --
 Wall-clock Time                      : 30 us
 - Non I/O Handling Time (Estimated)  : 30 us
 - I/O Handling Time                  : 0 us
        - Read Syscall                : 0 us
        - Write Syscall               : 0 us
        - Page Fault                  : 0 us
        - io_uring                    : 0 us

 Page Fault Count               : 0
[===============================================]
[===============================================]-- Total I/O Time (block device) --

[===============================================]
Result of node_idx 5 in node_object 0: Batch Matrix Multiply (NC, F32)

-- Elapsed Time Analysis --
 Wall-clock Time                      : 57 us
 - Non I/O Handling Time (Estimated)  : 57 us
 - I/O Handling Time                  : 0 us
        - Read Syscall                : 0 us
        - Write Syscall               : 0 us
        - Page Fault                  : 0 us
        - io_uring                    : 0 us

-- I/O Counts --
 Read Syscall Count                   : 0
 Write Syscall Count                  : 0
 Block I/O Count                      : 0
 io_uring Completion Count            : 0

-- Total I/O Time (block device) --
 Total Block I/O Time           : 0

-- Page Faults & Bytes --
 Page Fault Count               : 0
 Read Bytes                     : 0
 Write Bytes                    : 0
[===============================================]

[===============================================][===============================================]-- Elapsed Time Analysis --
 Wall-clock Time                      : 6 us
 - Non I/O Handling Time (Estimated)  : 6 us
[===============================================]
Result of node_idx 8 in node_object 0: Softmax (NC, F32)

-- Elapsed Time Analysis --
 Wall-clock Time                      : 8 us
[===============================================]
Result of node_idx 9 in node_object 0: Transpose (ND, X32)

-- Elapsed Time Analysis --
 Wall-clock Time                      : 48 us
 - Non I/O Handling Time (Estimated)  : 48 us
 - I/O Handling Time                  : 0 us
        - Read Syscall                : 0 us
        - Write Syscall               : 0 us
        - Page Fault                  : 0 us
        - io_uring                    : 0 us

-- I/O Counts --
 Read Syscall Count                   : 0
 Write Syscall Count                  : 0
 Block I/O Count                      : 0
 io_uring Completion Count            : 0

[===============================================]-- Elapsed Time Analysis --
 Block I/O Count                      : 0
[===============================================]        - io_uring                    : 0 us

[===============================================]
Result of node_idx 12 in node_object 0: Batch Matrix Multiply (NC, F32)

-- Elapsed Time Analysis --
 Wall-clock Time                      : 54 us
 - Non I/O Handling Time (Estimated)  : 54 us
 - I/O Handling Time                  : 0 us
        - Read Syscall                : 0 us
        - Write Syscall               : 0 us
        - Page Fault                  : 0 us
        - io_uring                    : 0 us

-- I/O Counts --
 Read Syscall Count                   : 0
 Write Syscall Count                  : 0
 Block I/O Count                      : 0
 io_uring Completion Count            : 0

-- Total I/O Time (block device) --
 Total Block I/O Time           : 0

-- Page Faults & Bytes --
[===============================================]-- Elapsed Time Analysis --
 Wall-clock Time                      : 3 us
[===============================================]        - Read Syscall                : 0 us
[===============================================]-- Elapsed Time Analysis --
[===============================================]
Result of node_idx 16 in node_object 0: Fully Connected (NC, QDU8, F32, QC8W)

-- Elapsed Time Analysis --
 Wall-clock Time                      : 14 us
 - Non I/O Handling Time (Estimated)  : 14 us


[===============================================]-- Elapsed Time Analysis --
 Wall-clock Time                      : 6 us
        - Write Syscall               : 0 us
[===============================================]
Result of node_idx 0 in node_object 0: Multiply (ND)

-- Elapsed Time Analysis --
 Wall-clock Time                      : 10 us
 - Non I/O Handling Time (Estimated)  : 10 us
-- I/O Counts --
        - Write Syscall               : 0 us
[===============================================] Write Syscall Count                  : 0
[===============================================]-- Elapsed Time Analysis --
 Read Syscall Count                   : 0
[===============================================] - I/O Handling Time                  : 0 us

[===============================================]
Result of node_idx 5 in node_object 0: Multiply (ND)

[===============================================]

[===============================================]-- Elapsed Time Analysis --
 Wall-clock Time                      : 7 us
        - io_uring                    : 0 us
[===============================================]
Result of node_idx 0 in node_object 0: Fully Connected (NC, QDU8, F32, QC8W)

-- Elapsed Time Analysis --
 Wall-clock Time                      : 32 us
 - Non I/O Handling Time (Estimated)  : 32 us
 - I/O Handling Time                  : 0 us
        - Read Syscall                : 0 us
        - Write Syscall               : 0 us
        - Page Fault                  : 0 us
        - io_uring                    : 0 us

-- I/O Counts --
[===============================================]-- Elapsed Time Analysis --
 Wall-clock Time                      : 10 us
 - Non I/O Handling Time (Estimated)  : 10 us
[===============================================]
Result of node_idx 2 in node_object 0: Multiply (ND)

-- Elapsed Time Analysis --

[===============================================]
Result of node_idx 3 in node_object 0: Fully Connected (NC, QDU8, F32, QC8W)

-- Elapsed Time Analysis --
 Wall-clock Time                      : 30 us
 - Non I/O Handling Time (Estimated)  : 30 us
 - I/O Handling Time                  : 0 us
        - Read Syscall                : 0 us
        - Write Syscall               : 0 us
        - Page Fault                  : 0 us
        - io_uring                    : 0 us
[===============================================]-- Elapsed Time Analysis --
 Wall-clock Time                      : 6 us
-- Page Faults & Bytes --
[===============================================]
Result of node_idx 5 in node_object 0: Fully Connected (NC, QDU8, F32, QC8W)

-- Elapsed Time Analysis --
 Wall-clock Time                      : 26 us
 - Non I/O Handling Time (Estimated)  : 26 us
 - I/O Handling Time                  : 0 us
        - Read Syscall                : 0 us
        - Write Syscall               : 0 us
        - Page Fault                  : 0 us
        - io_uring                    : 0 us

-- I/O Counts --
[===============================================]-- Elapsed Time Analysis --
 Wall-clock Time                      : 6 us

[===============================================]
Result of node_idx 0 in node_object 0: Multiply (ND)

-- Elapsed Time Analysis --
 Wall-clock Time                      : 10 us
 - Non I/O Handling Time (Estimated)  : 10 us

[===============================================]-- Elapsed Time Analysis --
 Block Read Bytes               : 0
-- Total I/O Time (block device) --
[===============================================][===============================================]-- Elapsed Time Analysis --
 Wall-clock Time                      : 3 us
[===============================================]-- Elapsed Time Analysis --
 Wall-clock Time                      : 6 us
        - Write Syscall               : 0 us
[===============================================]
Result of node_idx 6 in node_object 0: Multiply (ND)

 Read Syscall Count                   : 0
[===============================================]
Result of node_idx 0 in node_object 0: Fully Connected (NC, QDU8, F32, QC8W)

-- Elapsed Time Analysis --
 Wall-clock Time                      : 22 us
 - Non I/O Handling Time (Estimated)  : 22 us
 - I/O Handling Time                  : 0 us
        - Read Syscall                : 0 us
        - Write Syscall               : 0 us
        - Page Fault                  : 0 us
[===============================================]

[===============================================]-- Page Faults & Bytes --
[===============================================]-- Elapsed Time Analysis --
 Wall-clock Time                      : 7 us
 Read Bytes                     : 0
[===============================================]-- Elapsed Time Analysis --
 Wall-clock Time                      : 7 us
 - Non I/O Handling Time (Estimated)  : 7 us
[===============================================]
Result of node_idx 4 in node_object 0: Slice (ND, X32)

-- Elapsed Time Analysis --

[===============================================]-- Elapsed Time Analysis --

[===============================================]-- Elapsed Time Analysis --
 Wall-clock Time                      : 6 us

[===============================================]-- Elapsed Time Analysis --
 Wall-clock Time                      : 7 us
 - Non I/O Handling Time (Estimated)  : 7 us
[===============================================]-- Elapsed Time Analysis --
        - Read Syscall                : 0 us

[===============================================] Page Fault Count               : 0
[===============================================]-- Elapsed Time Analysis --
 Write Syscall Count                  : 0
[===============================================]-- Elapsed Time Analysis --
-- Page Faults & Bytes --
[===============================================]

[===============================================]-- Elapsed Time Analysis --

 Block Read Bytes               : 0
[===============================================]-- Elapsed Time Analysis --
        - io_uring                    : 0 us

-- I/O Counts --
 Read Syscall Count                   : 0

[===============================================]-- Elapsed Time Analysis --
 Wall-clock Time                      : 6 us
[===============================================]-- Elapsed Time Analysis --
 Wall-clock Time                      : 6 us
[===============================================]

[===============================================]-- Elapsed Time Analysis --
 Write Bytes                    : 0
[===============================================]
[===============================================]-- Elapsed Time Analysis --
 Wall-clock Time                      : 11 us

[===============================================]-- Elapsed Time Analysis --
 Wall-clock Time                      : 7 us
 - Non I/O Handling Time (Estimated)  : 7 us
[===============================================]-- Elapsed Time Analysis --
 Wall-clock Time                      : 5 us
[===============================================]-- Elapsed Time Analysis --


[===============================================]-- Elapsed Time Analysis --
 Wall-clock Time                      : 6 us
[===============================================]
Result of node_idx 22 in node_object 0: Multiply (ND)

 - Non I/O Handling Time (Estimated)  : 6 us
[===============================================]-- Elapsed Time Analysis --
 Wall-clock Time                      : 6 us
 - Non I/O Handling Time (Estimated)  : 6 us
[===============================================]-- Elapsed Time Analysis --

-- Page Faults & Bytes --
[===============================================]-- Elapsed Time Analysis --
 Wall-clock Time                      : 8 us
[===============================================]-- Elapsed Time Analysis --
 Wall-clock Time                      : 6 us
        - Page Fault                  : 0 us
[===============================================]-- Elapsed Time Analysis --
[===============================================]
Result of node_idx 0 in node_object 0: Multiply (ND)

-- Elapsed Time Analysis --
 io_uring Completion Count            : 0
[===============================================]        - io_uring                    : 0 us

[===============================================]
Result of node_idx 2 in node_object 0: Transpose (ND, X32)

-- Elapsed Time Analysis --
 Wall-clock Time                      : 39 us
 - Non I/O Handling Time (Estimated)  : 39 us
 - I/O Handling Time                  : 0 us
        - Read Syscall                : 0 us
        - Write Syscall               : 0 us
        - Page Fault                  : 0 us
        - io_uring                    : 0 us

-- I/O Counts --
 Read Syscall Count                   : 0
 Write Syscall Count                  : 0
 Block I/O Count                      : 0

 - Non I/O Handling Time (Estimated)  : 4 us
[===============================================]        - Write Syscall               : 0 us
[===============================================]
Result of node_idx 5 in node_object 0: Batch Matrix Multiply (NC, F32)

-- Elapsed Time Analysis --
 Wall-clock Time                      : 59 us
 - Non I/O Handling Time (Estimated)  : 59 us
 - I/O Handling Time                  : 0 us
        - Read Syscall                : 0 us
        - Write Syscall               : 0 us
        - Page Fault                  : 0 us
        - io_uring                    : 0 us

-- I/O Counts --
 Read Syscall Count                   : 0
 Write Syscall Count                  : 0
 Block I/O Count                      : 0
 io_uring Completion Count            : 0

-- Total I/O Time (block device) --
 Total Block I/O Time           : 0

-- Page Faults & Bytes --
 Page Fault Count               : 0
 Read Bytes                     : 0
 Write Bytes                    : 0
[===============================================]-- Elapsed Time Analysis --

[===============================================]-- Elapsed Time Analysis --
 Wall-clock Time                      : 6 us
[===============================================]-- Elapsed Time Analysis --
 Wall-clock Time                      : 8 us
 - Non I/O Handling Time (Estimated)  : 8 us

[===============================================]
Result of node_idx 9 in node_object 0: Transpose (ND, X32)

-- Elapsed Time Analysis --
 Wall-clock Time                      : 50 us
 - Non I/O Handling Time (Estimated)  : 50 us
 - I/O Handling Time                  : 0 us
        - Read Syscall                : 0 us
        - Write Syscall               : 0 us
        - Page Fault                  : 0 us
        - io_uring                    : 0 us

-- I/O Counts --
 Read Syscall Count                   : 0
 Write Syscall Count                  : 0
 Block I/O Count                      : 0
 io_uring Completion Count            : 0

-- Total I/O Time (block device) --
 Total Block I/O Time           : 0

-- Page Faults & Bytes --
[===============================================]

[===============================================]-- Elapsed Time Analysis --

[===============================================]-- Elapsed Time Analysis --

[===============================================]
Result of node_idx 12 in node_object 0: Batch Matrix Multiply (NC, F32)

-- Elapsed Time Analysis --
 Wall-clock Time                      : 66 us
 - Non I/O Handling Time (Estimated)  : 66 us
 - I/O Handling Time                  : 0 us
        - Read Syscall                : 0 us
        - Write Syscall               : 0 us
        - Page Fault                  : 0 us
        - io_uring                    : 0 us

-- I/O Counts --
 Read Syscall Count                   : 0
 Write Syscall Count                  : 0
 Block I/O Count                      : 0
 io_uring Completion Count            : 0

-- Total I/O Time (block device) --
 Total Block I/O Time           : 0

-- Page Faults & Bytes --
 Page Fault Count               : 0
 Read Bytes                     : 0
 Write Bytes                    : 0
 Block Read Bytes               : 0
 Block Write Bytes              : 0
[===============================================]

[===============================================] - I/O Handling Time                  : 0 us

[===============================================]-- Elapsed Time Analysis --
 Wall-clock Time                      : 7 us
 - Non I/O Handling Time (Estimated)  : 7 us

-- I/O Counts --
[===============================================] Page Fault Count               : 0
[===============================================]
Result of node_idx 16 in node_object 0: Fully Connected (NC, QDU8, F32, QC8W)

-- Elapsed Time Analysis --
 Wall-clock Time                      : 466 us
 - Non I/O Handling Time (Estimated)  : 24 us
 - I/O Handling Time                  : 442 us
        - Read Syscall                : 0 us
        - Write Syscall               : 0 us
        - Page Fault                  : 442 us
        - io_uring                    : 0 us

-- I/O Counts --
 Read Syscall Count                   : 0
 Write Syscall Count                  : 0
 Block I/O Count                      : 1
 io_uring Completion Count            : 0

-- Total I/O Time (block device) --
 Total Block I/O Time           : 161

-- Page Faults & Bytes --
 Page Fault Count               : 4
 Read Bytes                     : 0
 Write Bytes                    : 0
 Block Read Bytes               : 8192
 Block Write Bytes              : 0
[===============================================]

[===============================================]
Result of node_idx 17 in node_object 0: Add (ND)

-- Elapsed Time Analysis --
 Wall-clock Time                      : 8 us
 - Non I/O Handling Time (Estimated)  : 8 us
 - I/O Handling Time                  : 0 us
        - Read Syscall                : 0 us
        - Write Syscall               : 0 us
        - Page Fault                  : 0 us
        - io_uring                    : 0 us

-- I/O Counts --
 Read Syscall Count                   : 0
 Write Syscall Count                  : 0
 Block I/O Count                      : 0
 io_uring Completion Count            : 0

-- Total I/O Time (block device) --
 Total Block I/O Time           : 0

-- Page Faults & Bytes --
 Page Fault Count               : 0
 Read Bytes                     : 0
 Write Bytes                    : 0
 Block Read Bytes               : 0
 Block Write Bytes              : 0
[===============================================]

[===============================================]
Result of node_idx 0 in node_object 0: Multiply (ND)

-- Elapsed Time Analysis --
 Wall-clock Time                      : 11 us
 - Non I/O Handling Time (Estimated)  : 11 us
 - I/O Handling Time                  : 0 us
        - Read Syscall                : 0 us
        - Write Syscall               : 0 us
        - Page Fault                  : 0 us
        - io_uring                    : 0 us

-- I/O Counts --
 Read Syscall Count                   : 0
 Write Syscall Count                  : 0
 Block I/O Count                      : 0
 io_uring Completion Count            : 0

-- Total I/O Time (block device) --
 Total Block I/O Time           : 0

-- Page Faults & Bytes --
 Page Fault Count               : 0
 Read Bytes                     : 0
 Write Bytes                    : 0
 Block Read Bytes               : 0
 Block Write Bytes              : 0
[===============================================]

[===============================================]
Result of node_idx 1 in node_object 0: Sum (ND)

-- Elapsed Time Analysis --
 Wall-clock Time                      : 4 us
 - Non I/O Handling Time (Estimated)  : 4 us
 - I/O Handling Time                  : 0 us
        - Read Syscall                : 0 us
        - Write Syscall               : 0 us
        - Page Fault                  : 0 us
        - io_uring                    : 0 us

-- I/O Counts --
 Read Syscall Count                   : 0
 Write Syscall Count                  : 0
 Block I/O Count                      : 0
 io_uring Completion Count            : 0

-- Total I/O Time (block device) --
 Total Block I/O Time           : 0

-- Page Faults & Bytes --
 Page Fault Count               : 0
 Read Bytes                     : 0
 Write Bytes                    : 0
 Block Read Bytes               : 0
 Block Write Bytes              : 0
[===============================================]

[===============================================]
Result of node_idx 2 in node_object 0: Multiply (ND)

-- Elapsed Time Analysis --
 Wall-clock Time                      : 3 us
 - Non I/O Handling Time (Estimated)  : 3 us
 - I/O Handling Time                  : 0 us
        - Read Syscall                : 0 us
        - Write Syscall               : 0 us
        - Page Fault                  : 0 us
        - io_uring                    : 0 us

-- I/O Counts --
 Read Syscall Count                   : 0
 Write Syscall Count                  : 0
 Block I/O Count                      : 0
 io_uring Completion Count            : 0

-- Total I/O Time (block device) --
 Total Block I/O Time           : 0

-- Page Faults & Bytes --
 Page Fault Count               : 0
 Read Bytes                     : 0
 Write Bytes                    : 0
 Block Read Bytes               : 0
 Block Write Bytes              : 0
[===============================================]

[===============================================]
Result of node_idx 3 in node_object 0: Add (ND)

-- Elapsed Time Analysis --
 Wall-clock Time                      : 4 us
 - Non I/O Handling Time (Estimated)  : 4 us
 - I/O Handling Time                  : 0 us
        - Read Syscall                : 0 us
        - Write Syscall               : 0 us
        - Page Fault                  : 0 us
        - io_uring                    : 0 us

-- I/O Counts --
 Read Syscall Count                   : 0
 Write Syscall Count                  : 0
 Block I/O Count                      : 0
 io_uring Completion Count            : 0

-- Total I/O Time (block device) --
 Total Block I/O Time           : 0

-- Page Faults & Bytes --
 Page Fault Count               : 0
 Read Bytes                     : 0
 Write Bytes                    : 0
 Block Read Bytes               : 0
 Block Write Bytes              : 0
[===============================================]

[===============================================]
Result of node_idx 4 in node_object 0: Reciprocal Square Root (NC)

-- Elapsed Time Analysis --
 Wall-clock Time                      : 3 us
 - Non I/O Handling Time (Estimated)  : 3 us
 - I/O Handling Time                  : 0 us
        - Read Syscall                : 0 us
        - Write Syscall               : 0 us
        - Page Fault                  : 0 us
        - io_uring                    : 0 us

-- I/O Counts --
 Read Syscall Count                   : 0
 Write Syscall Count                  : 0
 Block I/O Count                      : 0
 io_uring Completion Count            : 0

-- Total I/O Time (block device) --
 Total Block I/O Time           : 0

-- Page Faults & Bytes --
 Page Fault Count               : 0
 Read Bytes                     : 0
 Write Bytes                    : 0
 Block Read Bytes               : 0
 Block Write Bytes              : 0
[===============================================]

[===============================================]
Result of node_idx 5 in node_object 0: Multiply (ND)

-- Elapsed Time Analysis --
 Wall-clock Time                      : 6 us
 - Non I/O Handling Time (Estimated)  : 6 us
 - I/O Handling Time                  : 0 us
        - Read Syscall                : 0 us
        - Write Syscall               : 0 us
        - Page Fault                  : 0 us
        - io_uring                    : 0 us

-- I/O Counts --
 Read Syscall Count                   : 0
 Write Syscall Count                  : 0
 Block I/O Count                      : 0
 io_uring Completion Count            : 0

-- Total I/O Time (block device) --
 Total Block I/O Time           : 0

-- Page Faults & Bytes --
 Page Fault Count               : 0
 Read Bytes                     : 0
 Write Bytes                    : 0
 Block Read Bytes               : 0
 Block Write Bytes              : 0
[===============================================]

[===============================================]
Result of node_idx 6 in node_object 0: Multiply (ND)

-- Elapsed Time Analysis --
 Wall-clock Time                      : 6 us
 - Non I/O Handling Time (Estimated)  : 6 us
 - I/O Handling Time                  : 0 us
        - Read Syscall                : 0 us
        - Write Syscall               : 0 us
        - Page Fault                  : 0 us
        - io_uring                    : 0 us

-- I/O Counts --
 Read Syscall Count                   : 0
 Write Syscall Count                  : 0
 Block I/O Count                      : 0
 io_uring Completion Count            : 0

-- Total I/O Time (block device) --
 Total Block I/O Time           : 0

-- Page Faults & Bytes --
 Page Fault Count               : 0
 Read Bytes                     : 0
 Write Bytes                    : 0
 Block Read Bytes               : 0
 Block Write Bytes              : 0
[===============================================]

[===============================================]
Result of node_idx 0 in node_object 0: Fully Connected (NC, QDU8, F32, QC8W)

-- Elapsed Time Analysis --
 Wall-clock Time                      : 930 us
 - Non I/O Handling Time (Estimated)  : 29 us
 - I/O Handling Time                  : 901 us
        - Read Syscall                : 0 us
        - Write Syscall               : 0 us
        - Page Fault                  : 901 us
        - io_uring                    : 0 us

-- I/O Counts --
 Read Syscall Count                   : 0
 Write Syscall Count                  : 0
 Block I/O Count                      : 2
 io_uring Completion Count            : 0

-- Total I/O Time (block device) --
 Total Block I/O Time           : 377

-- Page Faults & Bytes --
 Page Fault Count               : 9
 Read Bytes                     : 0
 Write Bytes                    : 0
 Block Read Bytes               : 73728
 Block Write Bytes              : 0
[===============================================]

[===============================================]
Result of node_idx 1 in node_object 0: Sigmoid (NC)

-- Elapsed Time Analysis --
 Wall-clock Time                      : 104 us
 - Non I/O Handling Time (Estimated)  : 104 us
 - I/O Handling Time                  : 0 us
        - Read Syscall                : 0 us
        - Write Syscall               : 0 us
        - Page Fault                  : 0 us
        - io_uring                    : 0 us

-- I/O Counts --
 Read Syscall Count                   : 0
 Write Syscall Count                  : 0
 Block I/O Count                      : 0
 io_uring Completion Count            : 0

-- Total I/O Time (block device) --
 Total Block I/O Time           : 0

-- Page Faults & Bytes --
 Page Fault Count               : 0
 Read Bytes                     : 0
 Write Bytes                    : 0
 Block Read Bytes               : 0
 Block Write Bytes              : 0
[===============================================]

[===============================================]
Result of node_idx 2 in node_object 0: Multiply (ND)

-- Elapsed Time Analysis --
 Wall-clock Time                      : 96 us
 - Non I/O Handling Time (Estimated)  : 96 us
 - I/O Handling Time                  : 0 us
        - Read Syscall                : 0 us
        - Write Syscall               : 0 us
        - Page Fault                  : 0 us
        - io_uring                    : 0 us

-- I/O Counts --
 Read Syscall Count                   : 0
 Write Syscall Count                  : 0
 Block I/O Count                      : 0
 io_uring Completion Count            : 0

-- Total I/O Time (block device) --
 Total Block I/O Time           : 0

-- Page Faults & Bytes --
 Page Fault Count               : 0
 Read Bytes                     : 0
 Write Bytes                    : 0
 Block Read Bytes               : 0
 Block Write Bytes              : 0
[===============================================]

[===============================================]
Result of node_idx 3 in node_object 0: Fully Connected (NC, QDU8, F32, QC8W)

-- Elapsed Time Analysis --
 Wall-clock Time                      : 883 us
 - Non I/O Handling Time (Estimated)  : 150 us
 - I/O Handling Time                  : 733 us
        - Read Syscall                : 0 us
        - Write Syscall               : 0 us
        - Page Fault                  : 733 us
        - io_uring                    : 0 us

-- I/O Counts --
 Read Syscall Count                   : 0
 Write Syscall Count                  : 0
 Block I/O Count                      : 1
 io_uring Completion Count            : 0

-- Total I/O Time (block device) --
 Total Block I/O Time           : 458

-- Page Faults & Bytes --
 Page Fault Count               : 7
 Read Bytes                     : 0
 Write Bytes                    : 0
 Block Read Bytes               : 106496
 Block Write Bytes              : 0
[===============================================]

[===============================================]
Result of node_idx 4 in node_object 0: Multiply (ND)

-- Elapsed Time Analysis --
 Wall-clock Time                      : 84 us
 - Non I/O Handling Time (Estimated)  : 84 us
 - I/O Handling Time                  : 0 us
        - Read Syscall                : 0 us
        - Write Syscall               : 0 us
        - Page Fault                  : 0 us
        - io_uring                    : 0 us

-- I/O Counts --
 Read Syscall Count                   : 0
 Write Syscall Count                  : 0
 Block I/O Count                      : 0
 io_uring Completion Count            : 0

-- Total I/O Time (block device) --
 Total Block I/O Time           : 0

-- Page Faults & Bytes --
 Page Fault Count               : 0
 Read Bytes                     : 0
 Write Bytes                    : 0
 Block Read Bytes               : 0
 Block Write Bytes              : 0
[===============================================]

[===============================================]
Result of node_idx 5 in node_object 0: Fully Connected (NC, QDU8, F32, QC8W)

-- Elapsed Time Analysis --
 Wall-clock Time                      : 1258 us
 - Non I/O Handling Time (Estimated)  : 42 us
 - I/O Handling Time                  : 1216 us
        - Read Syscall                : 0 us
        - Write Syscall               : 0 us
        - Page Fault                  : 1216 us
        - io_uring                    : 0 us

-- I/O Counts --
 Read Syscall Count                   : 0
 Write Syscall Count                  : 0
 Block I/O Count                      : 4
 io_uring Completion Count            : 0

-- Total I/O Time (block device) --
 Total Block I/O Time           : 1466

-- Page Faults & Bytes --
 Page Fault Count               : 9
 Read Bytes                     : 0
 Write Bytes                    : 0
 Block Read Bytes               : 65536
 Block Write Bytes              : 0
[===============================================]

[===============================================]
Result of node_idx 6 in node_object 0: Add (ND)

-- Elapsed Time Analysis --
 Wall-clock Time                      : 32 us
 - Non I/O Handling Time (Estimated)  : 32 us
 - I/O Handling Time                  : 0 us
        - Read Syscall                : 0 us
        - Write Syscall               : 0 us
        - Page Fault                  : 0 us
        - io_uring                    : 0 us

-- I/O Counts --
 Read Syscall Count                   : 0
 Write Syscall Count                  : 0
 Block I/O Count                      : 0
 io_uring Completion Count            : 0

-- Total I/O Time (block device) --
 Total Block I/O Time           : 0

-- Page Faults & Bytes --
 Page Fault Count               : 0
 Read Bytes                     : 0
 Write Bytes                    : 0
 Block Read Bytes               : 0
 Block Write Bytes              : 0
[===============================================]

[===============================================]
Result of node_idx 0 in node_object 0: Multiply (ND)

-- Elapsed Time Analysis --
 Wall-clock Time                      : 85 us
 - Non I/O Handling Time (Estimated)  : 85 us
 - I/O Handling Time                  : 0 us
        - Read Syscall                : 0 us
        - Write Syscall               : 0 us
        - Page Fault                  : 0 us
        - io_uring                    : 0 us

-- I/O Counts --
 Read Syscall Count                   : 0
 Write Syscall Count                  : 0
 Block I/O Count                      : 0
 io_uring Completion Count            : 0

-- Total I/O Time (block device) --
 Total Block I/O Time           : 0

-- Page Faults & Bytes --
 Page Fault Count               : 0
 Read Bytes                     : 0
 Write Bytes                    : 0
 Block Read Bytes               : 0
 Block Write Bytes              : 0
[===============================================]

[===============================================]
Result of node_idx 1 in node_object 0: Sum (ND)

-- Elapsed Time Analysis --
 Wall-clock Time                      : 6 us
 - Non I/O Handling Time (Estimated)  : 6 us
 - I/O Handling Time                  : 0 us
        - Read Syscall                : 0 us
        - Write Syscall               : 0 us
        - Page Fault                  : 0 us
        - io_uring                    : 0 us

-- I/O Counts --
 Read Syscall Count                   : 0
 Write Syscall Count                  : 0
 Block I/O Count                      : 0
 io_uring Completion Count            : 0

-- Total I/O Time (block device) --
 Total Block I/O Time           : 0

-- Page Faults & Bytes --
 Page Fault Count               : 0
 Read Bytes                     : 0
 Write Bytes                    : 0
 Block Read Bytes               : 0
 Block Write Bytes              : 0
[===============================================]

[===============================================]
Result of node_idx 2 in node_object 0: Multiply (ND)

-- Elapsed Time Analysis --
 Wall-clock Time                      : 4 us
 - Non I/O Handling Time (Estimated)  : 4 us
 - I/O Handling Time                  : 0 us
        - Read Syscall                : 0 us
        - Write Syscall               : 0 us
        - Page Fault                  : 0 us
        - io_uring                    : 0 us

-- I/O Counts --
 Read Syscall Count                   : 0
 Write Syscall Count                  : 0
 Block I/O Count                      : 0
 io_uring Completion Count            : 0

-- Total I/O Time (block device) --
 Total Block I/O Time           : 0

-- Page Faults & Bytes --
 Page Fault Count               : 0
 Read Bytes                     : 0
 Write Bytes                    : 0
 Block Read Bytes               : 0
 Block Write Bytes              : 0
[===============================================]

[===============================================]
Result of node_idx 3 in node_object 0: Add (ND)

-- Elapsed Time Analysis --
 Wall-clock Time                      : 4 us
 - Non I/O Handling Time (Estimated)  : 4 us
 - I/O Handling Time                  : 0 us
        - Read Syscall                : 0 us
        - Write Syscall               : 0 us
        - Page Fault                  : 0 us
        - io_uring                    : 0 us

-- I/O Counts --
 Read Syscall Count                   : 0
 Write Syscall Count                  : 0
 Block I/O Count                      : 0
 io_uring Completion Count            : 0

-- Total I/O Time (block device) --
 Total Block I/O Time           : 0

-- Page Faults & Bytes --
 Page Fault Count               : 0
 Read Bytes                     : 0
 Write Bytes                    : 0
 Block Read Bytes               : 0
 Block Write Bytes              : 0
[===============================================]

[===============================================]
Result of node_idx 4 in node_object 0: Reciprocal Square Root (NC)

-- Elapsed Time Analysis --
 Wall-clock Time                      : 4 us
 - Non I/O Handling Time (Estimated)  : 4 us
 - I/O Handling Time                  : 0 us
        - Read Syscall                : 0 us
        - Write Syscall               : 0 us
        - Page Fault                  : 0 us
        - io_uring                    : 0 us

-- I/O Counts --
 Read Syscall Count                   : 0
 Write Syscall Count                  : 0
 Block I/O Count                      : 0
 io_uring Completion Count            : 0

-- Total I/O Time (block device) --
 Total Block I/O Time           : 0

-- Page Faults & Bytes --
 Page Fault Count               : 0
 Read Bytes                     : 0
 Write Bytes                    : 0
 Block Read Bytes               : 0
 Block Write Bytes              : 0
[===============================================]

[===============================================]
Result of node_idx 5 in node_object 0: Multiply (ND)

-- Elapsed Time Analysis --
 Wall-clock Time                      : 100 us
 - Non I/O Handling Time (Estimated)  : 100 us
 - I/O Handling Time                  : 0 us
        - Read Syscall                : 0 us
        - Write Syscall               : 0 us
        - Page Fault                  : 0 us
        - io_uring                    : 0 us

-- I/O Counts --
 Read Syscall Count                   : 0
 Write Syscall Count                  : 0
 Block I/O Count                      : 0
 io_uring Completion Count            : 0

-- Total I/O Time (block device) --
 Total Block I/O Time           : 0

-- Page Faults & Bytes --
 Page Fault Count               : 0
 Read Bytes                     : 0
 Write Bytes                    : 0
 Block Read Bytes               : 0
 Block Write Bytes              : 0
[===============================================]

[===============================================]
Result of node_idx 6 in node_object 0: Multiply (ND)

-- Elapsed Time Analysis --
 Wall-clock Time                      : 23 us
 - Non I/O Handling Time (Estimated)  : 23 us
 - I/O Handling Time                  : 0 us
        - Read Syscall                : 0 us
        - Write Syscall               : 0 us
        - Page Fault                  : 0 us
        - io_uring                    : 0 us

-- I/O Counts --
 Read Syscall Count                   : 0
 Write Syscall Count                  : 0
 Block I/O Count                      : 0
 io_uring Completion Count            : 0

-- Total I/O Time (block device) --
 Total Block I/O Time           : 0

-- Page Faults & Bytes --
 Page Fault Count               : 0
 Read Bytes                     : 0
 Write Bytes                    : 0
 Block Read Bytes               : 0
 Block Write Bytes              : 0
[===============================================]

[===============================================]
Result of node_idx 0 in node_object 0: Fully Connected (NC, QDU8, F32, QC8W)

-- Elapsed Time Analysis --
 Wall-clock Time                      : 19518 us
 - Non I/O Handling Time (Estimated)  : 711 us
 - I/O Handling Time                  : 18807 us
        - Read Syscall                : 0 us
        - Write Syscall               : 0 us
        - Page Fault                  : 18807 us
        - io_uring                    : 0 us

-- I/O Counts --
 Read Syscall Count                   : 0
 Write Syscall Count                  : 0
 Block I/O Count                      : 20
 io_uring Completion Count            : 0

-- Total I/O Time (block device) --
 Total Block I/O Time           : 33382

-- Page Faults & Bytes --
 Page Fault Count               : 88
 Read Bytes                     : 0
 Write Bytes                    : 0
 Block Read Bytes               : 2506752
 Block Write Bytes              : 0
[===============================================]

Lost 33900 events
Cleaning up all maps...
Done.



@block_read_bytes_start[365537]: 66879488




@block_write_bytes_start[365537]: 0



@enter_read[1478]: 21023171190814
@enter_read[194095]: 21025967746240
@enter_read[3036]: 21028158236741

@fault_start[347339]: 21028213185524
@fault_start[193106]: 21028219386717
@fault_start[193102]: 21028252019179
















@rq_bytes[45088784, 0]: 0
@rq_bytes[271581184, 0]: 0
@rq_bytes[271581184, 844378752]: 4096
@rq_bytes[271581184, 844185472]: 12288
@rq_bytes[271581184, 844178760]: 16384
@rq_bytes[271581184, 844176192]: 16384
@rq_bytes[271581184, 1917382912]: 24576
@rq_bytes[271581184, 844263680]: 24576
@rq_bytes[271581184, 1690884616]: 28672
@rq_bytes[271581184, 844213040]: 32768
@rq_bytes[271581184, 844263488]: 32768
@rq_bytes[271581184, 844220920]: 36864
@rq_bytes[271581184, 844203296]: 57344
@rq_bytes[271581184, 844162512]: 57344
@rq_bytes[271581184, 844278624]: 57344
@rq_bytes[271581184, 844260224]: 65536
@rq_bytes[271581184, 844330032]: 69632
@rq_bytes[271581184, 844191504]: 73728
@rq_bytes[271581184, 844254224]: 77824
@rq_bytes[271581184, 844259792]: 81920
@rq_bytes[271581184, 844206600]: 94208
@rq_bytes[271581184, 844373776]: 131072
@rq_bytes[271581184, 844369552]: 131072
@rq_bytes[271581184, 844230672]: 131072
@rq_bytes[271581184, 844370576]: 131072
@rq_bytes[271581184, 844337456]: 131072
@rq_bytes[271581184, 844247920]: 131072
@rq_bytes[271581184, 844311480]: 131072
@rq_bytes[271581184, 844235320]: 131072
@rq_bytes[271581184, 844262304]: 131072
@rq_bytes[271581184, 844361912]: 131072
@rq_bytes[271581184, 844330168]: 131072
@rq_start_nsecs[271581184, 1917382912]: 21013893213470
@rq_start_nsecs[271581184, 1690884616]: 21014813248540
@rq_start_nsecs[271581184, 844162512]: 21016461766008
@rq_start_nsecs[271581184, 844176192]: 21016472691440
@rq_start_nsecs[271581184, 844178760]: 21016474904009
@rq_start_nsecs[271581184, 844185472]: 21016480865085
@rq_start_nsecs[271581184, 844191504]: 21016485491067
@rq_start_nsecs[271581184, 844203296]: 21016497827508
@rq_start_nsecs[271581184, 844206600]: 21016500236235
@rq_start_nsecs[271581184, 844213040]: 21016508068459
@rq_start_nsecs[271581184, 844220920]: 21016517386958
@rq_start_nsecs[271581184, 844230672]: 21016526409678
@rq_start_nsecs[271581184, 844235320]: 21016530137193
@rq_start_nsecs[271581184, 844247920]: 21016542430754
@rq_start_nsecs[271581184, 844254224]: 21016551282112
@rq_start_nsecs[271581184, 844260224]: 21016559034919
@rq_start_nsecs[271581184, 844259792]: 21016559203416
@rq_start_nsecs[271581184, 844262304]: 21016560100751
@rq_start_nsecs[271581184, 844263488]: 21016562354874
@rq_start_nsecs[271581184, 844263680]: 21016562434709
@rq_start_nsecs[271581184, 844278624]: 21016577976168
@rq_start_nsecs[271581184, 844311480]: 21016606243212
@rq_start_nsecs[271581184, 844330168]: 21016644730788
@rq_start_nsecs[271581184, 844373776]: 21016647296965
@rq_start_nsecs[271581184, 844369552]: 21016648711859
@rq_start_nsecs[271581184, 844378752]: 21016650634703
@rq_start_nsecs[271581184, 844370576]: 21016654510988
@rq_start_nsecs[271581184, 844337456]: 21016655274011
@rq_start_nsecs[271581184, 844330032]: 21016659735867
@rq_start_nsecs[271581184, 844361912]: 21016660757131
@rq_start_nsecs[45088784, 0]: 21022273903140
@rq_start_nsecs[271581184, 0]: 21026977399337
@rq_tid[45088784, 0]: 290513
@rq_tid[271581184, 0]: 290591
@rq_tid[271581184, 844191504]: 362530
@rq_tid[271581184, 844185472]: 362530
@rq_tid[271581184, 844176192]: 362531
@rq_tid[271581184, 844220920]: 362531
@rq_tid[271581184, 844378752]: 362531
@rq_tid[271581184, 844337456]: 364874
@rq_tid[271581184, 844262304]: 364875
@rq_tid[271581184, 844311480]: 364875
@rq_tid[271581184, 844259792]: 364875
@rq_tid[271581184, 844235320]: 364934
@rq_tid[271581184, 844206600]: 364978
@rq_tid[271581184, 844162512]: 364978
@rq_tid[271581184, 844203296]: 364979
@rq_tid[271581184, 844213040]: 364979
@rq_tid[271581184, 844369552]: 364979
@rq_tid[271581184, 844330168]: 364980
@rq_tid[271581184, 844263488]: 364986
@rq_tid[271581184, 844278624]: 364986
@rq_tid[271581184, 844178760]: 364986
@rq_tid[271581184, 844263680]: 364986
@rq_tid[271581184, 844254224]: 364987
@rq_tid[271581184, 844260224]: 364987
@rq_tid[271581184, 844247920]: 364987
@rq_tid[271581184, 844370576]: 364997
@rq_tid[271581184, 844373776]: 364997
@rq_tid[271581184, 844330032]: 364998
@rq_tid[271581184, 844361912]: 364998
@rq_tid[271581184, 844230672]: 364998
@rq_tid[271581184, 1917382912]: 365367
@rq_tid[271581184, 1690884616]: 365463






